============================================================
  Generated by:           Genus(TM) Synthesis Solution 23.12-s086_1
  Generated on:           Aug 12 2026  08:42:19 pm
  Module:                 pipelined_cpu_core
  Technology libraries:   NangateOpenCellLibrary_slow revision 1.0
                          physical_cells 
  Operating conditions:   slow 
  Interconnect mode:      global
  Area mode:              physical library
============================================================

                                
   Gate    Instances    Area                Library            
---------------------------------------------------------------
AND2_X1          131    139.384    NangateOpenCellLibrary_slow 
AND2_X2           18     23.940    NangateOpenCellLibrary_slow 
AND2_X4            7     16.758    NangateOpenCellLibrary_slow 
AND3_X1           33     43.890    NangateOpenCellLibrary_slow 
AND3_X2            3      4.788    NangateOpenCellLibrary_slow 
AND3_X4            1      2.926    NangateOpenCellLibrary_slow 
AND4_X1          106    169.176    NangateOpenCellLibrary_slow 
AND4_X2            1      1.862    NangateOpenCellLibrary_slow 
AOI211_X1          3      3.990    NangateOpenCellLibrary_slow 
AOI211_X2          1      2.394    NangateOpenCellLibrary_slow 
AOI21_X1          11     11.704    NangateOpenCellLibrary_slow 
AOI21_X2           4      7.448    NangateOpenCellLibrary_slow 
AOI221_X1          4      6.384    NangateOpenCellLibrary_slow 
AOI222_X1        111    236.208    NangateOpenCellLibrary_slow 
AOI22_X1        1061   1411.130    NangateOpenCellLibrary_slow 
AOI22_X2           1      2.394    NangateOpenCellLibrary_slow 
AOI22_X4           1      4.522    NangateOpenCellLibrary_slow 
BUF_X1            21     16.758    NangateOpenCellLibrary_slow 
BUF_X2             1      1.064    NangateOpenCellLibrary_slow 
CLKBUF_X1          1      0.798    NangateOpenCellLibrary_slow 
DFFRS_X1           2     12.768    NangateOpenCellLibrary_slow 
DFFR_X1          323   1718.360    NangateOpenCellLibrary_slow 
DFFR_X2            1      5.852    NangateOpenCellLibrary_slow 
DFFS_X1            4     21.280    NangateOpenCellLibrary_slow 
HA_X1             77    204.820    NangateOpenCellLibrary_slow 
INV_X1           689    366.548    NangateOpenCellLibrary_slow 
INV_X2            33     26.334    NangateOpenCellLibrary_slow 
INV_X4             8     10.640    NangateOpenCellLibrary_slow 
MUX2_X1           85    158.270    NangateOpenCellLibrary_slow 
NAND2_X1         233    185.934    NangateOpenCellLibrary_slow 
NAND2_X2          72     95.760    NangateOpenCellLibrary_slow 
NAND2_X4          72    172.368    NangateOpenCellLibrary_slow 
NAND3_X1          57     60.648    NangateOpenCellLibrary_slow 
NAND3_X2           1      1.862    NangateOpenCellLibrary_slow 
NAND3_X4           3     10.374    NangateOpenCellLibrary_slow 
NAND4_X1         149    198.170    NangateOpenCellLibrary_slow 
NAND4_X2           2      4.788    NangateOpenCellLibrary_slow 
NAND4_X4           2      9.576    NangateOpenCellLibrary_slow 
NOR2_X1          123     98.154    NangateOpenCellLibrary_slow 
NOR2_X2           37     49.210    NangateOpenCellLibrary_slow 
NOR2_X4            9     21.546    NangateOpenCellLibrary_slow 
NOR3_X1            7      7.448    NangateOpenCellLibrary_slow 
NOR3_X2            1      1.862    NangateOpenCellLibrary_slow 
NOR4_X1            6      7.980    NangateOpenCellLibrary_slow 
OAI211_X1          9     11.970    NangateOpenCellLibrary_slow 
OAI211_X2          1      2.394    NangateOpenCellLibrary_slow 
OAI211_X4          1      4.522    NangateOpenCellLibrary_slow 
OAI21_X1          74     78.736    NangateOpenCellLibrary_slow 
OAI21_X2           7     13.034    NangateOpenCellLibrary_slow 
OAI21_X4           1      3.458    NangateOpenCellLibrary_slow 
OAI221_X1         37     59.052    NangateOpenCellLibrary_slow 
OAI221_X4          1      3.458    NangateOpenCellLibrary_slow 
OAI222_X1         35     74.480    NangateOpenCellLibrary_slow 
OAI222_X2          2      7.448    NangateOpenCellLibrary_slow 
OAI222_X4          1      3.724    NangateOpenCellLibrary_slow 
OAI22_X1          11     14.630    NangateOpenCellLibrary_slow 
OAI22_X4           1      4.522    NangateOpenCellLibrary_slow 
OAI33_X1           3      5.586    NangateOpenCellLibrary_slow 
OR2_X1           103    109.592    NangateOpenCellLibrary_slow 
OR2_X2            12     15.960    NangateOpenCellLibrary_slow 
OR3_X1            16     21.280    NangateOpenCellLibrary_slow 
OR4_X1            25     39.900    NangateOpenCellLibrary_slow 
SDFFRS_X1          1      7.714    NangateOpenCellLibrary_slow 
SDFFR_X1        1019   6776.350    NangateOpenCellLibrary_slow 
XNOR2_X1          86    137.256    NangateOpenCellLibrary_slow 
XNOR2_X2           4     10.640    NangateOpenCellLibrary_slow 
XOR2_X1           91    145.236    NangateOpenCellLibrary_slow 
---------------------------------------------------------------
total           5057  13109.012                                


                                          
     Type      Instances    Area   Area % 
------------------------------------------
sequential          1350  8542.324   65.2 
inverter             730   403.522    3.1 
buffer                23    18.620    0.1 
logic               2954  4144.546   31.6 
physical_cells         0     0.000    0.0 
------------------------------------------
total               5057 13109.012  100.0 

