###############################################################
#  Generated by:      Cadence Innovus 23.12-s091_1
#  OS:                Linux x86_64(Host ID nanohub-2908156-5)
#  Generated on:      Wed Aug 12 20:48:34 2026
#  Design:            pipelined_cpu_core
#  Command:           report_timing -late > reports/10_place_timing.rpt
###############################################################
Path 1: MET Setup Check with Pin datapath/EXMEM_aluResult_reg[0]/CK 
Endpoint:   datapath/EXMEM_aluResult_reg[0]/D (^) checked with  leading edge of 
'clk'
Beginpoint: datapath/IDEX_rs2_reg[2]/QN       (v) triggered by  leading edge of 
'clk'
Path Groups: {clk}
Analysis View: WC_VIEW
Other End Arrival Time          0.000
- Setup                         0.067
+ Phase Shift                   4.250
+ CPPR Adjustment               0.000
- Uncertainty                   0.100
= Required Time                 4.083
- Arrival Time                  4.026
= Slack Time                    0.056
     Clock Rise Edge                 0.000
     + Clock Network Latency (Ideal) -0.283
     = Beginpoint Arrival Time       -0.283
     +-----------------------------------------------------------------------------------------------------------+ 
     |                      Instance                      |     Arc      |   Cell   | Delay | Arrival | Required | 
     |                                                    |              |          |       |  Time   |   Time   | 
     |----------------------------------------------------+--------------+----------+-------+---------+----------| 
     | datapath/IDEX_rs2_reg[2]                           | CK ^         |          |       |  -0.283 |   -0.227 | 
     | datapath/IDEX_rs2_reg[2]                           | CK ^ -> QN v | DFFR_X1  | 0.298 |   0.015 |    0.071 | 
     | ALU_forward/FE_OFC618_IDEX_rs2_2                   | A v -> ZN ^  | INV_X1   | 0.084 |   0.099 |    0.155 | 
     | ALU_forward/g3125__5526                            | A1 ^ -> ZN v | NAND2_X1 | 0.044 |   0.143 |    0.199 | 
     | ALU_forward/g3084__6417                            | A1 v -> ZN ^ | NAND2_X1 | 0.053 |   0.196 |    0.252 | 
     | ALU_forward/FE_RC_553_0                            | A2 ^ -> ZN ^ | AND2_X2  | 0.089 |   0.285 |    0.341 | 
     | ALU_forward/FE_RC_552_0                            | A1 ^ -> ZN v | NAND3_X1 | 0.046 |   0.331 |    0.388 | 
     | ALU_forward/FE_RC_504_0                            | A v -> ZN ^  | INV_X1   | 0.044 |   0.375 |    0.432 | 
     | ALU_forward/FE_RC_667_0                            | A2 ^ -> ZN v | NAND3_X1 | 0.066 |   0.441 |    0.498 | 
     | ALU_forward/FE_RC_98_0                             | A v -> ZN ^  | INV_X2   | 0.067 |   0.508 |    0.565 | 
     | ALU_forward/FE_RC_96_0                             | A1 ^ -> ZN v | NAND3_X4 | 0.065 |   0.573 |    0.630 | 
     | ALU_forward/FE_RC_97_0                             | A v -> ZN ^  | INV_X8   | 0.067 |   0.640 |    0.696 | 
     | FE_OCPC428_IDEX_forwardB_0                         | A ^ -> Z ^   | BUF_X4   | 0.076 |   0.716 |    0.772 | 
     | datapath/FE_RC_443_0                               | A1 ^ -> ZN v | NAND2_X2 | 0.065 |   0.781 |    0.837 | 
     | datapath/FE_OFC533_n_607                           | A v -> ZN ^  | INV_X2   | 0.083 |   0.864 |    0.921 | 
     | datapath/FE_RC_47_0                                | A1 ^ -> ZN v | NAND2_X1 | 0.062 |   0.926 |    0.983 | 
     | datapath/FE_RC_467_0                               | A3 v -> ZN ^ | NAND3_X1 | 0.093 |   1.020 |    1.076 | 
     | datapath/FE_RC_416_0                               | A2 ^ -> ZN v | NAND2_X1 | 0.054 |   1.074 |    1.130 | 
     | datapath/FE_RC_634_0                               | A1 v -> ZN ^ | NAND3_X1 | 0.108 |   1.181 |    1.238 | 
     | datapath/ALU_ALU_GEN[5].slice_i_bitAdder/FE_RC_369 | A ^ -> ZN v  | INV_X1   | 0.053 |   1.234 |    1.291 | 
     | _0                                                 |              |          |       |         |          | 
     | datapath/ALU_ALU_GEN[5].slice_i_bitAdder/FE_RC_498 | A2 v -> ZN ^ | NAND2_X2 | 0.076 |   1.311 |    1.367 | 
     | _0                                                 |              |          |       |         |          | 
     | datapath/ALU_ALU_GEN[5].slice_i_bitAdder/g158__748 | A2 ^ -> ZN v | NAND2_X4 | 0.047 |   1.358 |    1.414 | 
     | 2                                                  |              |          |       |         |          | 
     | datapath/ALU_ALU_GEN[5].slice_i_bitAdder/g156__188 | A1 v -> ZN ^ | NAND2_X4 | 0.045 |   1.403 |    1.459 | 
     | 1                                                  |              |          |       |         |          | 
     | datapath/ALU_ALU_GEN[6].slice_i_bitAdder/FE_RC_491 | A1 ^ -> ZN v | NAND2_X4 | 0.038 |   1.441 |    1.497 | 
     | _0                                                 |              |          |       |         |          | 
     | datapath/ALU_ALU_GEN[6].slice_i_bitAdder/FE_RC_490 | A1 v -> ZN ^ | NAND2_X4 | 0.047 |   1.488 |    1.544 | 
     | _0                                                 |              |          |       |         |          | 
     | datapath/ALU_ALU_GEN[7].slice_i_bitAdder/FE_RC_119 | A1 ^ -> ZN v | NAND2_X4 | 0.037 |   1.525 |    1.581 | 
     | _0                                                 |              |          |       |         |          | 
     | datapath/ALU_ALU_GEN[7].slice_i_bitAdder/FE_RC_118 | A1 v -> ZN ^ | NAND2_X4 | 0.047 |   1.571 |    1.628 | 
     | _0                                                 |              |          |       |         |          | 
     | datapath/ALU_ALU_GEN[8].slice_i_bitAdder/g158__188 | A1 ^ -> ZN v | NAND2_X4 | 0.038 |   1.609 |    1.666 | 
     | 1                                                  |              |          |       |         |          | 
     | datapath/ALU_ALU_GEN[8].slice_i_bitAdder/g156__709 | A1 v -> ZN ^ | NAND2_X4 | 0.046 |   1.655 |    1.711 | 
     | 8                                                  |              |          |       |         |          | 
     | datapath/ALU_ALU_GEN[9].slice_i_bitAdder/FE_RC_294 | A1 ^ -> ZN v | NAND2_X4 | 0.037 |   1.692 |    1.749 | 
     | _0                                                 |              |          |       |         |          | 
     | datapath/ALU_ALU_GEN[9].slice_i_bitAdder/FE_RC_293 | A1 v -> ZN ^ | NAND2_X4 | 0.047 |   1.739 |    1.795 | 
     | _0                                                 |              |          |       |         |          | 
     | datapath/ALU_ALU_GEN[10].slice_i_bitAdder/g146__43 | A1 ^ -> ZN v | NAND2_X4 | 0.037 |   1.776 |    1.833 | 
     | 19                                                 |              |          |       |         |          | 
     | datapath/ALU_ALU_GEN[10].slice_i_bitAdder/g144__51 | A1 v -> ZN ^ | NAND2_X4 | 0.047 |   1.823 |    1.879 | 
     | 07                                                 |              |          |       |         |          | 
     | datapath/ALU_ALU_GEN[11].slice_i_bitAdder/FE_RC_20 | A1 ^ -> ZN v | NAND2_X4 | 0.037 |   1.860 |    1.917 | 
     | 3_0                                                |              |          |       |         |          | 
     | datapath/ALU_ALU_GEN[11].slice_i_bitAdder/FE_RC_20 | A1 v -> ZN ^ | NAND2_X4 | 0.049 |   1.909 |    1.966 | 
     | 2_0                                                |              |          |       |         |          | 
     | datapath/ALU_ALU_GEN[12].slice_i_bitAdder/FE_RC_10 | A1 ^ -> ZN v | NAND2_X4 | 0.038 |   1.947 |    2.004 | 
     | 7_0                                                |              |          |       |         |          | 
     | datapath/ALU_ALU_GEN[12].slice_i_bitAdder/FE_RC_10 | A1 v -> ZN ^ | NAND2_X4 | 0.046 |   1.993 |    2.050 | 
     | 6_0                                                |              |          |       |         |          | 
     | datapath/ALU_ALU_GEN[13].slice_i_bitAdder/FE_RC_28 | A1 ^ -> ZN v | NAND2_X4 | 0.037 |   2.030 |    2.087 | 
     | 8_0                                                |              |          |       |         |          | 
     | datapath/ALU_ALU_GEN[13].slice_i_bitAdder/FE_RC_28 | A1 v -> ZN ^ | NAND2_X4 | 0.047 |   2.077 |    2.134 | 
     | 7_0                                                |              |          |       |         |          | 
     | datapath/ALU_ALU_GEN[14].slice_i_bitAdder/g155__36 | A1 ^ -> ZN v | NAND2_X4 | 0.037 |   2.114 |    2.171 | 
     | 80                                                 |              |          |       |         |          | 
     | datapath/ALU_ALU_GEN[14].slice_i_bitAdder/g153__55 | A1 v -> ZN ^ | NAND2_X4 | 0.047 |   2.162 |    2.218 | 
     | 26                                                 |              |          |       |         |          | 
     | datapath/ALU_ALU_GEN[15].slice_i_bitAdder/g158__18 | A1 ^ -> ZN v | NAND2_X4 | 0.037 |   2.199 |    2.255 | 
     | 81                                                 |              |          |       |         |          | 
     | datapath/ALU_ALU_GEN[15].slice_i_bitAdder/g156__70 | A1 v -> ZN ^ | NAND2_X4 | 0.047 |   2.246 |    2.302 | 
     | 98                                                 |              |          |       |         |          | 
     | datapath/ALU_ALU_GEN[16].slice_i_bitAdder/g155__23 | A1 ^ -> ZN v | NAND2_X4 | 0.037 |   2.283 |    2.339 | 
     | 46                                                 |              |          |       |         |          | 
     | datapath/ALU_ALU_GEN[16].slice_i_bitAdder/g153__99 | A1 v -> ZN ^ | NAND2_X4 | 0.047 |   2.330 |    2.387 | 
     | 45                                                 |              |          |       |         |          | 
     | datapath/ALU_ALU_GEN[17].slice_i_bitAdder/g155__43 | A1 ^ -> ZN v | NAND2_X4 | 0.037 |   2.367 |    2.424 | 
     | 19                                                 |              |          |       |         |          | 
     | datapath/ALU_ALU_GEN[17].slice_i_bitAdder/g153__51 | A1 v -> ZN ^ | NAND2_X4 | 0.047 |   2.414 |    2.471 | 
     | 07                                                 |              |          |       |         |          | 
     | datapath/ALU_ALU_GEN[18].slice_i_bitAdder/g155__51 | A1 ^ -> ZN v | NAND2_X4 | 0.037 |   2.451 |    2.508 | 
     | 22                                                 |              |          |       |         |          | 
     | datapath/ALU_ALU_GEN[18].slice_i_bitAdder/g153__28 | A1 v -> ZN ^ | NAND2_X4 | 0.046 |   2.498 |    2.554 | 
     | 02                                                 |              |          |       |         |          | 
     | datapath/ALU_ALU_GEN[19].slice_i_bitAdder/g155__61 | A1 ^ -> ZN v | NAND2_X4 | 0.037 |   2.534 |    2.591 | 
     | 61                                                 |              |          |       |         |          | 
     | datapath/ALU_ALU_GEN[19].slice_i_bitAdder/g153__74 | A1 v -> ZN ^ | NAND2_X4 | 0.051 |   2.586 |    2.642 | 
     | 82                                                 |              |          |       |         |          | 
     | datapath/ALU_ALU_GEN[20].slice_i_bitAdder/g158__54 | A1 ^ -> ZN v | NAND2_X4 | 0.039 |   2.625 |    2.681 | 
     | 77                                                 |              |          |       |         |          | 
     | datapath/ALU_ALU_GEN[20].slice_i_bitAdder/g156__74 | A1 v -> ZN ^ | NAND2_X4 | 0.047 |   2.672 |    2.728 | 
     | 10                                                 |              |          |       |         |          | 
     | datapath/ALU_ALU_GEN[21].slice_i_bitAdder/g158__36 | A1 ^ -> ZN v | NAND2_X4 | 0.037 |   2.709 |    2.766 | 
     | 80                                                 |              |          |       |         |          | 
     | datapath/ALU_ALU_GEN[21].slice_i_bitAdder/g156__55 | A1 v -> ZN ^ | NAND2_X4 | 0.047 |   2.756 |    2.812 | 
     | 26                                                 |              |          |       |         |          | 
     | datapath/ALU_ALU_GEN[22].slice_i_bitAdder/g155__61 | A1 ^ -> ZN v | NAND2_X4 | 0.037 |   2.793 |    2.849 | 
     | 31                                                 |              |          |       |         |          | 
     | datapath/ALU_ALU_GEN[22].slice_i_bitAdder/g153__70 | A1 v -> ZN ^ | NAND2_X4 | 0.047 |   2.840 |    2.896 | 
     | 98                                                 |              |          |       |         |          | 
     | datapath/ALU_ALU_GEN[23].slice_i_bitAdder/g158__23 | A1 ^ -> ZN v | NAND2_X4 | 0.037 |   2.877 |    2.933 | 
     | 46                                                 |              |          |       |         |          | 
     | datapath/ALU_ALU_GEN[23].slice_i_bitAdder/g156__28 | A1 v -> ZN ^ | NAND2_X4 | 0.047 |   2.924 |    2.980 | 
     | 83                                                 |              |          |       |         |          | 
     | datapath/ALU_ALU_GEN[24].slice_i_bitAdder/g158__84 | A1 ^ -> ZN v | NAND2_X4 | 0.037 |   2.961 |    3.017 | 
     | 28                                                 |              |          |       |         |          | 
     | datapath/ALU_ALU_GEN[24].slice_i_bitAdder/g156__43 | A1 v -> ZN ^ | NAND2_X4 | 0.051 |   3.012 |    3.068 | 
     | 19                                                 |              |          |       |         |          | 
     | datapath/ALU_ALU_GEN[25].slice_i_bitAdder/g158__70 | A1 ^ -> ZN v | NAND2_X4 | 0.039 |   3.051 |    3.107 | 
     | 98                                                 |              |          |       |         |          | 
     | datapath/ALU_ALU_GEN[25].slice_i_bitAdder/g156__82 | A1 v -> ZN ^ | NAND2_X4 | 0.051 |   3.102 |    3.159 | 
     | 46                                                 |              |          |       |         |          | 
     | datapath/ALU_ALU_GEN[26].slice_i_bitAdder/g158__28 | A1 ^ -> ZN v | NAND2_X4 | 0.039 |   3.141 |    3.198 | 
     | 83                                                 |              |          |       |         |          | 
     | datapath/ALU_ALU_GEN[26].slice_i_bitAdder/g156__99 | A1 v -> ZN ^ | NAND2_X4 | 0.051 |   3.192 |    3.248 | 
     | 45                                                 |              |          |       |         |          | 
     | datapath/ALU_ALU_GEN[27].slice_i_bitAdder/g158__43 | A1 ^ -> ZN v | NAND2_X4 | 0.039 |   3.230 |    3.287 | 
     | 19                                                 |              |          |       |         |          | 
     | datapath/ALU_ALU_GEN[27].slice_i_bitAdder/g156__62 | A1 v -> ZN ^ | NAND2_X4 | 0.051 |   3.281 |    3.338 | 
     | 60                                                 |              |          |       |         |          | 
     | datapath/ALU_ALU_GEN[28].slice_i_bitAdder/g158__70 | A1 ^ -> ZN v | NAND2_X4 | 0.039 |   3.320 |    3.377 | 
     | 98                                                 |              |          |       |         |          | 
     | datapath/ALU_ALU_GEN[28].slice_i_bitAdder/g156__51 | A1 v -> ZN ^ | NAND2_X4 | 0.050 |   3.370 |    3.427 | 
     | 22                                                 |              |          |       |         |          | 
     | datapath/ALU_ALU_GEN[29].slice_i_bitAdder/g158__28 | A1 ^ -> ZN v | NAND2_X4 | 0.039 |   3.409 |    3.466 | 
     | 83                                                 |              |          |       |         |          | 
     | datapath/ALU_ALU_GEN[29].slice_i_bitAdder/g156__93 | A1 v -> ZN ^ | NAND2_X4 | 0.050 |   3.460 |    3.516 | 
     | 15                                                 |              |          |       |         |          | 
     | datapath/ALU_ALU_GEN[30].slice_i_bitAdder/g158__62 | A1 ^ -> ZN v | NAND2_X4 | 0.039 |   3.498 |    3.555 | 
     | 60                                                 |              |          |       |         |          | 
     | datapath/ALU_ALU_GEN[30].slice_i_bitAdder/g156__23 | A1 v -> ZN ^ | NAND2_X4 | 0.061 |   3.560 |    3.616 | 
     | 98                                                 |              |          |       |         |          | 
     | datapath/ALU_msb_bitAdder/g119__8246               | A1 ^ -> ZN v | NAND2_X4 | 0.043 |   3.603 |    3.660 | 
     | datapath/ALU_msb_bitAdder/g117__1705               | A1 v -> ZN ^ | NAND2_X4 | 0.041 |   3.644 |    3.700 | 
     | datapath/g16080                                    | A ^ -> ZN ^  | XNOR2_X2 | 0.117 |   3.761 |    3.817 | 
     | datapath/g16078                                    | A ^ -> ZN ^  | XNOR2_X2 | 0.149 |   3.910 |    3.966 | 
     | datapath/ALU_ALU_GEN[0].slice_i_resultMux/FE_RC_95 | A1 ^ -> ZN v | NAND2_X4 | 0.066 |   3.976 |    4.032 | 
     | _0                                                 |              |          |       |         |          | 
     | datapath/ALU_ALU_GEN[0].slice_i_resultMux/g185__43 | A1 v -> ZN ^ | NAND2_X2 | 0.050 |   4.026 |    4.082 | 
     | 19                                                 |              |          |       |         |          | 
     | datapath/EXMEM_aluResult_reg[0]                    | D ^          | DFFR_X1  | 0.000 |   4.026 |    4.083 | 
     +-----------------------------------------------------------------------------------------------------------+ 

