###############################################################
#  Generated by:      Cadence Innovus 23.12-s091_1
#  OS:                Linux x86_64(Host ID nanohub-2908156-5)
#  Generated on:      Wed Aug 12 20:51:38 2026
#  Design:            pipelined_cpu_core
#  Command:           report_timing -late  > reports/20_cts_setup.rpt
###############################################################
Path 1: MET Setup Check with Pin datapath/EXMEM_aluResult_reg[0]/CK 
Endpoint:   datapath/EXMEM_aluResult_reg[0]/D (^) checked with  leading edge of 
'clk'
Beginpoint: datapath/MEMWB_rd_reg[0]/Q        (^) triggered by  leading edge of 
'clk'
Path Groups: {clk}
Analysis View: WC_VIEW
Other End Arrival Time         -0.014
- Setup                         0.068
+ Phase Shift                   4.250
+ CPPR Adjustment               0.009
- Uncertainty                   0.100
= Required Time                 4.076
- Arrival Time                  4.050
= Slack Time                    0.026
     Clock Rise Edge                 0.000
     + Clock Network Latency (Prop)  -0.251
     = Beginpoint Arrival Time       -0.251
     +-----------------------------------------------------------------------------------------------------------+ 
     |                      Instance                      |     Arc      |   Cell   | Delay | Arrival | Required | 
     |                                                    |              |          |       |  Time   |   Time   | 
     |----------------------------------------------------+--------------+----------+-------+---------+----------| 
     | datapath/MEMWB_rd_reg[0]                           | CK ^         |          |       |  -0.251 |   -0.225 | 
     | datapath/MEMWB_rd_reg[0]                           | CK ^ -> Q ^  | DFFR_X2  | 0.583 |   0.331 |    0.357 | 
     | ALU_forward/FE_RC_709_0                            | A1 ^ -> ZN v | NOR2_X1  | 0.046 |   0.377 |    0.403 | 
     | ALU_forward/FE_OFC769_FE_RN_398_0                  | A v -> ZN ^  | INV_X1   | 0.048 |   0.425 |    0.451 | 
     | ALU_forward/FE_RC_751_0                            | A1 ^ -> ZN v | NAND3_X1 | 0.058 |   0.483 |    0.509 | 
     | ALU_forward/FE_RC_702_0                            | A v -> ZN ^  | INV_X2   | 0.066 |   0.549 |    0.575 | 
     | ALU_forward/FE_RC_700_0                            | A1 ^ -> ZN v | NAND3_X4 | 0.064 |   0.613 |    0.639 | 
     | ALU_forward/FE_RC_701_0                            | A v -> ZN ^  | INV_X8   | 0.070 |   0.683 |    0.709 | 
     | datapath/fopt36932                                 | A ^ -> ZN v  | INV_X4   | 0.045 |   0.728 |    0.754 | 
     | datapath/FE_RC_309_0                               | A1 v -> ZN ^ | NAND2_X4 | 0.048 |   0.776 |    0.802 | 
     | datapath/FE_RC_286_0                               | A1 ^ -> ZN v | NAND3_X4 | 0.054 |   0.830 |    0.856 | 
     | datapath/FE_RC_135_0                               | A1 v -> ZN ^ | NAND3_X4 | 0.060 |   0.890 |    0.916 | 
     | datapath/ALU_ALU_GEN[0].slice_i_bitAdder/FE_RC_198 | A1 ^ -> ZN v | NAND2_X4 | 0.041 |   0.931 |    0.957 | 
     | _0                                                 |              |          |       |         |          | 
     | datapath/ALU_ALU_GEN[0].slice_i_bitAdder/g217__741 | A1 v -> ZN ^ | NAND2_X4 | 0.048 |   0.979 |    1.005 | 
     | 0                                                  |              |          |       |         |          | 
     | datapath/ALU_ALU_GEN[1].slice_i_bitAdder/g244__512 | A ^ -> ZN v  | OAI21_X4 | 0.051 |   1.030 |    1.056 | 
     | 2                                                  |              |          |       |         |          | 
     | datapath/ALU_ALU_GEN[1].slice_i_bitAdder/g242__280 | A1 v -> ZN ^ | NAND2_X4 | 0.058 |   1.088 |    1.114 | 
     | 2                                                  |              |          |       |         |          | 
     | datapath/ALU_ALU_GEN[2].slice_i_bitAdder/FE_RC_361 | A1 ^ -> ZN v | NAND2_X4 | 0.037 |   1.125 |    1.151 | 
     | _0                                                 |              |          |       |         |          | 
     | datapath/ALU_ALU_GEN[2].slice_i_bitAdder/FE_RC_360 | A1 v -> ZN ^ | NAND2_X4 | 0.049 |   1.174 |    1.200 | 
     | _0                                                 |              |          |       |         |          | 
     | datapath/ALU_ALU_GEN[3].slice_i_bitAdder/g158__547 | A1 ^ -> ZN v | NAND2_X4 | 0.038 |   1.212 |    1.238 | 
     | 7                                                  |              |          |       |         |          | 
     | datapath/ALU_ALU_GEN[3].slice_i_bitAdder/g156__741 | A1 v -> ZN ^ | NAND2_X4 | 0.046 |   1.259 |    1.285 | 
     | 0                                                  |              |          |       |         |          | 
     | datapath/ALU_ALU_GEN[4].slice_i_bitAdder/FE_RC_283 | A1 ^ -> ZN v | NAND2_X4 | 0.037 |   1.296 |    1.322 | 
     | _0                                                 |              |          |       |         |          | 
     | datapath/ALU_ALU_GEN[4].slice_i_bitAdder/FE_RC_282 | A1 v -> ZN ^ | NAND2_X4 | 0.046 |   1.342 |    1.368 | 
     | _0                                                 |              |          |       |         |          | 
     | datapath/ALU_ALU_GEN[5].slice_i_bitAdder/g158__748 | A1 ^ -> ZN v | NAND2_X4 | 0.037 |   1.379 |    1.405 | 
     | 2                                                  |              |          |       |         |          | 
     | datapath/ALU_ALU_GEN[5].slice_i_bitAdder/g156__188 | A1 v -> ZN ^ | NAND2_X4 | 0.047 |   1.425 |    1.451 | 
     | 1                                                  |              |          |       |         |          | 
     | datapath/ALU_ALU_GEN[6].slice_i_bitAdder/FE_RC_491 | A1 ^ -> ZN v | NAND2_X4 | 0.038 |   1.463 |    1.489 | 
     | _0                                                 |              |          |       |         |          | 
     | datapath/ALU_ALU_GEN[6].slice_i_bitAdder/FE_RC_490 | A1 v -> ZN ^ | NAND2_X4 | 0.048 |   1.511 |    1.537 | 
     | _0                                                 |              |          |       |         |          | 
     | datapath/ALU_ALU_GEN[7].slice_i_bitAdder/FE_RC_119 | A1 ^ -> ZN v | NAND2_X4 | 0.037 |   1.548 |    1.574 | 
     | _0                                                 |              |          |       |         |          | 
     | datapath/ALU_ALU_GEN[7].slice_i_bitAdder/FE_RC_118 | A1 v -> ZN ^ | NAND2_X4 | 0.046 |   1.595 |    1.621 | 
     | _0                                                 |              |          |       |         |          | 
     | datapath/ALU_ALU_GEN[8].slice_i_bitAdder/g158__188 | A1 ^ -> ZN v | NAND2_X4 | 0.037 |   1.632 |    1.658 | 
     | 1                                                  |              |          |       |         |          | 
     | datapath/ALU_ALU_GEN[8].slice_i_bitAdder/g156__709 | A1 v -> ZN ^ | NAND2_X4 | 0.046 |   1.678 |    1.704 | 
     | 8                                                  |              |          |       |         |          | 
     | datapath/ALU_ALU_GEN[9].slice_i_bitAdder/FE_RC_294 | A1 ^ -> ZN v | NAND2_X4 | 0.037 |   1.715 |    1.741 | 
     | _0                                                 |              |          |       |         |          | 
     | datapath/ALU_ALU_GEN[9].slice_i_bitAdder/FE_RC_293 | A1 v -> ZN ^ | NAND2_X4 | 0.047 |   1.762 |    1.788 | 
     | _0                                                 |              |          |       |         |          | 
     | datapath/ALU_ALU_GEN[10].slice_i_bitAdder/g146__43 | A1 ^ -> ZN v | NAND2_X4 | 0.037 |   1.799 |    1.825 | 
     | 19                                                 |              |          |       |         |          | 
     | datapath/ALU_ALU_GEN[10].slice_i_bitAdder/g144__51 | A1 v -> ZN ^ | NAND2_X4 | 0.048 |   1.847 |    1.873 | 
     | 07                                                 |              |          |       |         |          | 
     | datapath/ALU_ALU_GEN[11].slice_i_bitAdder/FE_RC_20 | A1 ^ -> ZN v | NAND2_X4 | 0.037 |   1.884 |    1.910 | 
     | 3_0                                                |              |          |       |         |          | 
     | datapath/ALU_ALU_GEN[11].slice_i_bitAdder/FE_RC_20 | A1 v -> ZN ^ | NAND2_X4 | 0.049 |   1.933 |    1.959 | 
     | 2_0                                                |              |          |       |         |          | 
     | datapath/ALU_ALU_GEN[12].slice_i_bitAdder/FE_RC_10 | A1 ^ -> ZN v | NAND2_X4 | 0.038 |   1.971 |    1.998 | 
     | 7_0                                                |              |          |       |         |          | 
     | datapath/ALU_ALU_GEN[12].slice_i_bitAdder/FE_RC_10 | A1 v -> ZN ^ | NAND2_X4 | 0.048 |   2.019 |    2.045 | 
     | 6_0                                                |              |          |       |         |          | 
     | datapath/ALU_ALU_GEN[13].slice_i_bitAdder/FE_RC_28 | A1 ^ -> ZN v | NAND2_X4 | 0.037 |   2.057 |    2.083 | 
     | 8_0                                                |              |          |       |         |          | 
     | datapath/ALU_ALU_GEN[13].slice_i_bitAdder/FE_RC_28 | A1 v -> ZN ^ | NAND2_X4 | 0.048 |   2.105 |    2.131 | 
     | 7_0                                                |              |          |       |         |          | 
     | datapath/ALU_ALU_GEN[14].slice_i_bitAdder/FE_RC_69 | A1 ^ -> ZN v | NAND2_X4 | 0.038 |   2.143 |    2.169 | 
     | 0_0                                                |              |          |       |         |          | 
     | datapath/ALU_ALU_GEN[14].slice_i_bitAdder/g153__55 | A1 v -> ZN ^ | NAND2_X4 | 0.048 |   2.191 |    2.217 | 
     | 26                                                 |              |          |       |         |          | 
     | datapath/ALU_ALU_GEN[15].slice_i_bitAdder/g158__18 | A1 ^ -> ZN v | NAND2_X4 | 0.037 |   2.228 |    2.254 | 
     | 81                                                 |              |          |       |         |          | 
     | datapath/ALU_ALU_GEN[15].slice_i_bitAdder/g156__70 | A1 v -> ZN ^ | NAND2_X4 | 0.048 |   2.276 |    2.302 | 
     | 98                                                 |              |          |       |         |          | 
     | datapath/ALU_ALU_GEN[16].slice_i_bitAdder/g155__23 | A1 ^ -> ZN v | NAND2_X4 | 0.037 |   2.313 |    2.339 | 
     | 46                                                 |              |          |       |         |          | 
     | datapath/ALU_ALU_GEN[16].slice_i_bitAdder/g153__99 | A1 v -> ZN ^ | NAND2_X4 | 0.049 |   2.362 |    2.388 | 
     | 45                                                 |              |          |       |         |          | 
     | datapath/ALU_ALU_GEN[17].slice_i_bitAdder/FE_RC_69 | A1 ^ -> ZN v | NAND2_X4 | 0.037 |   2.399 |    2.425 | 
     | 1_0                                                |              |          |       |         |          | 
     | datapath/ALU_ALU_GEN[17].slice_i_bitAdder/g153__51 | A1 v -> ZN ^ | NAND2_X4 | 0.048 |   2.447 |    2.473 | 
     | 07                                                 |              |          |       |         |          | 
     | datapath/ALU_ALU_GEN[18].slice_i_bitAdder/g155__51 | A1 ^ -> ZN v | NAND2_X4 | 0.037 |   2.484 |    2.510 | 
     | 22                                                 |              |          |       |         |          | 
     | datapath/ALU_ALU_GEN[18].slice_i_bitAdder/g153__28 | A1 v -> ZN ^ | NAND2_X4 | 0.048 |   2.532 |    2.558 | 
     | 02                                                 |              |          |       |         |          | 
     | datapath/ALU_ALU_GEN[19].slice_i_bitAdder/g155__61 | A1 ^ -> ZN v | NAND2_X4 | 0.037 |   2.569 |    2.595 | 
     | 61                                                 |              |          |       |         |          | 
     | datapath/ALU_ALU_GEN[19].slice_i_bitAdder/g153__74 | A1 v -> ZN ^ | NAND2_X4 | 0.051 |   2.620 |    2.646 | 
     | 82                                                 |              |          |       |         |          | 
     | datapath/ALU_ALU_GEN[20].slice_i_bitAdder/g158__54 | A1 ^ -> ZN v | NAND2_X4 | 0.039 |   2.659 |    2.685 | 
     | 77                                                 |              |          |       |         |          | 
     | datapath/ALU_ALU_GEN[20].slice_i_bitAdder/g156__74 | A1 v -> ZN ^ | NAND2_X4 | 0.048 |   2.707 |    2.733 | 
     | 10                                                 |              |          |       |         |          | 
     | datapath/ALU_ALU_GEN[21].slice_i_bitAdder/g158__36 | A1 ^ -> ZN v | NAND2_X4 | 0.037 |   2.745 |    2.771 | 
     | 80                                                 |              |          |       |         |          | 
     | datapath/ALU_ALU_GEN[21].slice_i_bitAdder/g156__55 | A1 v -> ZN ^ | NAND2_X4 | 0.047 |   2.792 |    2.818 | 
     | 26                                                 |              |          |       |         |          | 
     | datapath/ALU_ALU_GEN[22].slice_i_bitAdder/g155__61 | A1 ^ -> ZN v | NAND2_X4 | 0.037 |   2.829 |    2.855 | 
     | 31                                                 |              |          |       |         |          | 
     | datapath/ALU_ALU_GEN[22].slice_i_bitAdder/g153__70 | A1 v -> ZN ^ | NAND2_X4 | 0.048 |   2.877 |    2.903 | 
     | 98                                                 |              |          |       |         |          | 
     | datapath/ALU_ALU_GEN[23].slice_i_bitAdder/g158__23 | A1 ^ -> ZN v | NAND2_X4 | 0.037 |   2.914 |    2.940 | 
     | 46                                                 |              |          |       |         |          | 
     | datapath/ALU_ALU_GEN[23].slice_i_bitAdder/g156__28 | A1 v -> ZN ^ | NAND2_X4 | 0.048 |   2.962 |    2.988 | 
     | 83                                                 |              |          |       |         |          | 
     | datapath/ALU_ALU_GEN[24].slice_i_bitAdder/g158__84 | A1 ^ -> ZN v | NAND2_X4 | 0.037 |   2.999 |    3.025 | 
     | 28                                                 |              |          |       |         |          | 
     | datapath/ALU_ALU_GEN[24].slice_i_bitAdder/g156__43 | A1 v -> ZN ^ | NAND2_X4 | 0.048 |   3.047 |    3.073 | 
     | 19                                                 |              |          |       |         |          | 
     | datapath/ALU_ALU_GEN[25].slice_i_bitAdder/g158__70 | A1 ^ -> ZN v | NAND2_X4 | 0.037 |   3.084 |    3.110 | 
     | 98                                                 |              |          |       |         |          | 
     | datapath/ALU_ALU_GEN[25].slice_i_bitAdder/g156__82 | A1 v -> ZN ^ | NAND2_X4 | 0.050 |   3.134 |    3.160 | 
     | 46                                                 |              |          |       |         |          | 
     | datapath/ALU_ALU_GEN[26].slice_i_bitAdder/g158__28 | A1 ^ -> ZN v | NAND2_X4 | 0.038 |   3.173 |    3.199 | 
     | 83                                                 |              |          |       |         |          | 
     | datapath/ALU_ALU_GEN[26].slice_i_bitAdder/g156__99 | A1 v -> ZN ^ | NAND2_X4 | 0.049 |   3.222 |    3.248 | 
     | 45                                                 |              |          |       |         |          | 
     | datapath/ALU_ALU_GEN[27].slice_i_bitAdder/g158__43 | A1 ^ -> ZN v | NAND2_X4 | 0.037 |   3.259 |    3.285 | 
     | 19                                                 |              |          |       |         |          | 
     | datapath/ALU_ALU_GEN[27].slice_i_bitAdder/g156__62 | A1 v -> ZN ^ | NAND2_X4 | 0.047 |   3.306 |    3.332 | 
     | 60                                                 |              |          |       |         |          | 
     | datapath/ALU_ALU_GEN[28].slice_i_bitAdder/g158__70 | A1 ^ -> ZN v | NAND2_X4 | 0.037 |   3.344 |    3.370 | 
     | 98                                                 |              |          |       |         |          | 
     | datapath/ALU_ALU_GEN[28].slice_i_bitAdder/g156__51 | A1 v -> ZN ^ | NAND2_X4 | 0.048 |   3.392 |    3.418 | 
     | 22                                                 |              |          |       |         |          | 
     | datapath/ALU_ALU_GEN[29].slice_i_bitAdder/g158__28 | A1 ^ -> ZN v | NAND2_X4 | 0.037 |   3.428 |    3.454 | 
     | 83                                                 |              |          |       |         |          | 
     | datapath/ALU_ALU_GEN[29].slice_i_bitAdder/g156__93 | A1 v -> ZN ^ | NAND2_X4 | 0.047 |   3.476 |    3.502 | 
     | 15                                                 |              |          |       |         |          | 
     | datapath/ALU_ALU_GEN[30].slice_i_bitAdder/g158__62 | A1 ^ -> ZN v | NAND2_X4 | 0.037 |   3.513 |    3.539 | 
     | 60                                                 |              |          |       |         |          | 
     | datapath/ALU_ALU_GEN[30].slice_i_bitAdder/g156__23 | A1 v -> ZN ^ | NAND2_X4 | 0.062 |   3.575 |    3.601 | 
     | 98                                                 |              |          |       |         |          | 
     | datapath/ALU_msb_bitAdder/FE_RC_748_0              | A1 ^ -> ZN v | NAND2_X4 | 0.043 |   3.618 |    3.644 | 
     | datapath/ALU_msb_bitAdder/g117__1705               | A1 v -> ZN ^ | NAND2_X4 | 0.041 |   3.659 |    3.685 | 
     | datapath/g16080                                    | A ^ -> ZN ^  | XNOR2_X2 | 0.119 |   3.778 |    3.804 | 
     | datapath/g16078                                    | A ^ -> ZN ^  | XNOR2_X2 | 0.152 |   3.930 |    3.956 | 
     | datapath/ALU_ALU_GEN[0].slice_i_resultMux/FE_RC_95 | A1 ^ -> ZN v | NAND2_X4 | 0.068 |   3.997 |    4.023 | 
     | _0                                                 |              |          |       |         |          | 
     | datapath/ALU_ALU_GEN[0].slice_i_resultMux/g185__43 | A1 v -> ZN ^ | NAND2_X2 | 0.053 |   4.050 |    4.076 | 
     | 19                                                 |              |          |       |         |          | 
     | datapath/EXMEM_aluResult_reg[0]                    | D ^          | DFFR_X1  | 0.000 |   4.050 |    4.076 | 
     +-----------------------------------------------------------------------------------------------------------+ 

