###############################################################
#  Generated by:      Cadence Innovus 23.12-s091_1
#  OS:                Linux x86_64(Host ID nanohub-2908156-5)
#  Generated on:      Wed Aug 12 20:55:37 2026
#  Design:            pipelined_cpu_core
#  Command:           report_timing -early -view RPT_SLOW -max_paths 50 -nworst 1 > reports/41_hold_slow.rpt
###############################################################
Path 1: MET Hold Check with Pin datapath/MEMWB_regWrite_reg/CK 
Endpoint:   datapath/MEMWB_regWrite_reg/D (v) checked with  leading edge of 
'clk'
Beginpoint: datapath/EXMEM_regWrite_reg/Q (v) triggered by  leading edge of 
'clk'
Path Groups: {reg2reg}
Analysis View: RPT_SLOW
Other End Arrival Time          0.500
+ Hold                          0.025
+ Phase Shift                   0.000
- CPPR Adjustment               0.000
+ Uncertainty                   0.020
= Required Time                 0.545
  Arrival Time                  0.707
  Slack Time                    0.162
     Clock Rise Edge                 0.000
     + Clock Network Latency (Prop)  0.294
     = Beginpoint Arrival Time       0.294
     +------------------------------------------------------------------------------------+ 
     |          Instance           |     Arc     |   Cell    | Delay | Arrival | Required | 
     |                             |             |           |       |  Time   |   Time   | 
     |-----------------------------+-------------+-----------+-------+---------+----------| 
     | datapath/EXMEM_regWrite_reg | CK ^        |           |       |   0.294 |    0.132 | 
     | datapath/EXMEM_regWrite_reg | CK ^ -> Q v | DFFR_X1   | 0.302 |   0.596 |    0.434 | 
     | FE_OCPC713_EXMEM_regWrite   | A v -> Z v  | CLKBUF_X1 | 0.111 |   0.707 |    0.545 | 
     | datapath/MEMWB_regWrite_reg | D v         | DFFR_X1   | 0.000 |   0.707 |    0.545 | 
     +------------------------------------------------------------------------------------+ 
Path 2: MET Hold Check with Pin datapath/IDEX_rd_reg[3]/CK 
Endpoint:   datapath/IDEX_rd_reg[3]/D      (v) checked with  leading edge of 
'clk'
Beginpoint: datapath/IFID_instr_reg[10]/QN (^) triggered by  leading edge of 
'clk'
Path Groups: {reg2reg}
Analysis View: RPT_SLOW
Other End Arrival Time          0.441
+ Hold                          0.024
+ Phase Shift                   0.000
- CPPR Adjustment               0.000
+ Uncertainty                   0.020
= Required Time                 0.484
  Arrival Time                  0.696
  Slack Time                    0.212
     Clock Rise Edge                 0.000
     + Clock Network Latency (Prop)  0.440
     = Beginpoint Arrival Time       0.440
     +-----------------------------------------------------------------------------------+ 
     |          Instance           |     Arc      |  Cell   | Delay | Arrival | Required | 
     |                             |              |         |       |  Time   |   Time   | 
     |-----------------------------+--------------+---------+-------+---------+----------| 
     | datapath/IFID_instr_reg[10] | CK ^         |         |       |   0.440 |    0.228 | 
     | datapath/IFID_instr_reg[10] | CK ^ -> QN ^ | DFFR_X1 | 0.227 |   0.668 |    0.456 | 
     | datapath/g35761             | A2 ^ -> ZN v | NOR2_X1 | 0.029 |   0.696 |    0.484 | 
     | datapath/IDEX_rd_reg[3]     | D v          | DFFR_X1 | 0.000 |   0.696 |    0.484 | 
     +-----------------------------------------------------------------------------------+ 
Path 3: MET Hold Check with Pin datapath/EXMEM_storeData_reg[11]/CK 
Endpoint:   datapath/EXMEM_storeData_reg[11]/D (v) checked with  leading edge 
of 'clk'
Beginpoint: datapath/IDEX_readData2_reg[11]/QN (^) triggered by  leading edge 
of 'clk'
Path Groups: {reg2reg}
Analysis View: RPT_SLOW
Other End Arrival Time          0.567
+ Hold                          0.026
+ Phase Shift                   0.000
- CPPR Adjustment               0.000
+ Uncertainty                   0.020
= Required Time                 0.613
  Arrival Time                  0.830
  Slack Time                    0.216
     Clock Rise Edge                 0.000
     + Clock Network Latency (Prop)  0.539
     = Beginpoint Arrival Time       0.539
     +------------------------------------------------------------------------------------------+ 
     |             Instance             |     Arc      |   Cell    | Delay | Arrival | Required | 
     |                                  |              |           |       |  Time   |   Time   | 
     |----------------------------------+--------------+-----------+-------+---------+----------| 
     | datapath/IDEX_readData2_reg[11]  | CK ^         |           |       |   0.539 |    0.323 | 
     | datapath/IDEX_readData2_reg[11]  | CK ^ -> QN ^ | DFFR_X1   | 0.232 |   0.771 |    0.555 | 
     | datapath/g26453                  | A2 ^ -> ZN v | OAI222_X1 | 0.058 |   0.830 |    0.613 | 
     | datapath/EXMEM_storeData_reg[11] | D v          | DFFR_X1   | 0.000 |   0.830 |    0.613 | 
     +------------------------------------------------------------------------------------------+ 
Path 4: MET Hold Check with Pin datapath/EXMEM_storeData_reg[9]/CK 
Endpoint:   datapath/EXMEM_storeData_reg[9]/D (v) checked with  leading edge of 
'clk'
Beginpoint: datapath/IDEX_readData2_reg[9]/QN (^) triggered by  leading edge of 
'clk'
Path Groups: {reg2reg}
Analysis View: RPT_SLOW
Other End Arrival Time          0.569
+ Hold                          0.026
+ Phase Shift                   0.000
- CPPR Adjustment               0.000
+ Uncertainty                   0.020
= Required Time                 0.615
  Arrival Time                  0.834
  Slack Time                    0.219
     Clock Rise Edge                 0.000
     + Clock Network Latency (Prop)  0.539
     = Beginpoint Arrival Time       0.539
     +-----------------------------------------------------------------------------------------+ 
     |            Instance             |     Arc      |   Cell    | Delay | Arrival | Required | 
     |                                 |              |           |       |  Time   |   Time   | 
     |---------------------------------+--------------+-----------+-------+---------+----------| 
     | datapath/IDEX_readData2_reg[9]  | CK ^         |           |       |   0.539 |    0.320 | 
     | datapath/IDEX_readData2_reg[9]  | CK ^ -> QN ^ | DFFR_X1   | 0.233 |   0.772 |    0.554 | 
     | datapath/g26451                 | A2 ^ -> ZN v | OAI222_X1 | 0.062 |   0.834 |    0.615 | 
     | datapath/EXMEM_storeData_reg[9] | D v          | DFFR_X1   | 0.000 |   0.834 |    0.615 | 
     +-----------------------------------------------------------------------------------------+ 
Path 5: MET Hold Check with Pin datapath/EXMEM_storeData_reg[23]/CK 
Endpoint:   datapath/EXMEM_storeData_reg[23]/D (v) checked with  leading edge 
of 'clk'
Beginpoint: datapath/IDEX_readData2_reg[23]/QN (^) triggered by  leading edge 
of 'clk'
Path Groups: {reg2reg}
Analysis View: RPT_SLOW
Other End Arrival Time          0.568
+ Hold                          0.027
+ Phase Shift                   0.000
- CPPR Adjustment               0.000
+ Uncertainty                   0.020
= Required Time                 0.614
  Arrival Time                  0.839
  Slack Time                    0.224
     Clock Rise Edge                 0.000
     + Clock Network Latency (Prop)  0.553
     = Beginpoint Arrival Time       0.553
     +------------------------------------------------------------------------------------------+ 
     |             Instance             |     Arc      |   Cell    | Delay | Arrival | Required | 
     |                                  |              |           |       |  Time   |   Time   | 
     |----------------------------------+--------------+-----------+-------+---------+----------| 
     | datapath/IDEX_readData2_reg[23]  | CK ^         |           |       |   0.553 |    0.328 | 
     | datapath/IDEX_readData2_reg[23]  | CK ^ -> QN ^ | DFFR_X1   | 0.230 |   0.783 |    0.558 | 
     | datapath/g26447                  | A2 ^ -> ZN v | OAI222_X1 | 0.056 |   0.839 |    0.614 | 
     | datapath/EXMEM_storeData_reg[23] | D v          | DFFR_X1   | 0.000 |   0.839 |    0.614 | 
     +------------------------------------------------------------------------------------------+ 
Path 6: MET Hold Check with Pin datapath/EXMEM_storeData_reg[14]/CK 
Endpoint:   datapath/EXMEM_storeData_reg[14]/D (v) checked with  leading edge 
of 'clk'
Beginpoint: datapath/IDEX_readData2_reg[14]/QN (^) triggered by  leading edge 
of 'clk'
Path Groups: {reg2reg}
Analysis View: RPT_SLOW
Other End Arrival Time          0.568
+ Hold                          0.025
+ Phase Shift                   0.000
- CPPR Adjustment               0.000
+ Uncertainty                   0.020
= Required Time                 0.613
  Arrival Time                  0.838
  Slack Time                    0.224
     Clock Rise Edge                 0.000
     + Clock Network Latency (Prop)  0.553
     = Beginpoint Arrival Time       0.553
     +-----------------------------------------------------------------------------------------+ 
     |             Instance             |     Arc      |   Cell   | Delay | Arrival | Required | 
     |                                  |              |          |       |  Time   |   Time   | 
     |----------------------------------+--------------+----------+-------+---------+----------| 
     | datapath/IDEX_readData2_reg[14]  | CK ^         |          |       |   0.553 |    0.328 | 
     | datapath/IDEX_readData2_reg[14]  | CK ^ -> QN ^ | DFFR_X1  | 0.229 |   0.782 |    0.558 | 
     | datapath/g26523                  | B2 ^ -> ZN v | OAI21_X1 | 0.055 |   0.838 |    0.613 | 
     | datapath/EXMEM_storeData_reg[14] | D v          | DFFR_X1  | 0.000 |   0.838 |    0.613 | 
     +-----------------------------------------------------------------------------------------+ 
Path 7: MET Hold Check with Pin datapath/EXMEM_storeData_reg[22]/CK 
Endpoint:   datapath/EXMEM_storeData_reg[22]/D (v) checked with  leading edge 
of 'clk'
Beginpoint: datapath/IDEX_readData2_reg[22]/QN (^) triggered by  leading edge 
of 'clk'
Path Groups: {reg2reg}
Analysis View: RPT_SLOW
Other End Arrival Time          0.568
+ Hold                          0.026
+ Phase Shift                   0.000
- CPPR Adjustment               0.000
+ Uncertainty                   0.020
= Required Time                 0.614
  Arrival Time                  0.841
  Slack Time                    0.227
     Clock Rise Edge                 0.000
     + Clock Network Latency (Prop)  0.553
     = Beginpoint Arrival Time       0.553
     +------------------------------------------------------------------------------------------+ 
     |             Instance             |     Arc      |   Cell    | Delay | Arrival | Required | 
     |                                  |              |           |       |  Time   |   Time   | 
     |----------------------------------+--------------+-----------+-------+---------+----------| 
     | datapath/IDEX_readData2_reg[22]  | CK ^         |           |       |   0.553 |    0.326 | 
     | datapath/IDEX_readData2_reg[22]  | CK ^ -> QN ^ | DFFR_X1   | 0.232 |   0.785 |    0.557 | 
     | datapath/g26446                  | A2 ^ -> ZN v | OAI222_X1 | 0.057 |   0.841 |    0.614 | 
     | datapath/EXMEM_storeData_reg[22] | D v          | DFFR_X1   | 0.000 |   0.841 |    0.614 | 
     +------------------------------------------------------------------------------------------+ 
Path 8: MET Hold Check with Pin datapath/EXMEM_storeData_reg[18]/CK 
Endpoint:   datapath/EXMEM_storeData_reg[18]/D (v) checked with  leading edge 
of 'clk'
Beginpoint: datapath/IDEX_readData2_reg[18]/QN (^) triggered by  leading edge 
of 'clk'
Path Groups: {reg2reg}
Analysis View: RPT_SLOW
Other End Arrival Time          0.567
+ Hold                          0.027
+ Phase Shift                   0.000
- CPPR Adjustment               0.000
+ Uncertainty                   0.020
= Required Time                 0.614
  Arrival Time                  0.841
  Slack Time                    0.227
     Clock Rise Edge                 0.000
     + Clock Network Latency (Prop)  0.539
     = Beginpoint Arrival Time       0.539
     +------------------------------------------------------------------------------------------+ 
     |             Instance             |     Arc      |   Cell    | Delay | Arrival | Required | 
     |                                  |              |           |       |  Time   |   Time   | 
     |----------------------------------+--------------+-----------+-------+---------+----------| 
     | datapath/IDEX_readData2_reg[18]  | CK ^         |           |       |   0.539 |    0.312 | 
     | datapath/IDEX_readData2_reg[18]  | CK ^ -> QN ^ | DFFR_X1   | 0.231 |   0.770 |    0.542 | 
     | datapath/g26521                  | B2 ^ -> ZN v | OAI222_X1 | 0.071 |   0.841 |    0.614 | 
     | datapath/EXMEM_storeData_reg[18] | D v          | DFFR_X1   | 0.000 |   0.841 |    0.614 | 
     +------------------------------------------------------------------------------------------+ 
Path 9: MET Hold Check with Pin datapath/EXMEM_storeData_reg[21]/CK 
Endpoint:   datapath/EXMEM_storeData_reg[21]/D (v) checked with  leading edge 
of 'clk'
Beginpoint: datapath/IDEX_readData2_reg[21]/QN (^) triggered by  leading edge 
of 'clk'
Path Groups: {reg2reg}
Analysis View: RPT_SLOW
Other End Arrival Time          0.568
+ Hold                          0.027
+ Phase Shift                   0.000
- CPPR Adjustment               0.000
+ Uncertainty                   0.020
= Required Time                 0.614
  Arrival Time                  0.844
  Slack Time                    0.230
     Clock Rise Edge                 0.000
     + Clock Network Latency (Prop)  0.553
     = Beginpoint Arrival Time       0.553
     +------------------------------------------------------------------------------------------+ 
     |             Instance             |     Arc      |   Cell    | Delay | Arrival | Required | 
     |                                  |              |           |       |  Time   |   Time   | 
     |----------------------------------+--------------+-----------+-------+---------+----------| 
     | datapath/IDEX_readData2_reg[21]  | CK ^         |           |       |   0.553 |    0.323 | 
     | datapath/IDEX_readData2_reg[21]  | CK ^ -> QN ^ | DFFR_X1   | 0.234 |   0.786 |    0.557 | 
     | datapath/g26445                  | A2 ^ -> ZN v | OAI222_X1 | 0.058 |   0.844 |    0.614 | 
     | datapath/EXMEM_storeData_reg[21] | D v          | DFFR_X1   | 0.000 |   0.844 |    0.614 | 
     +------------------------------------------------------------------------------------------+ 
Path 10: MET Hold Check with Pin u_reset_sync/stage2_reg/CK 
Endpoint:   u_reset_sync/stage2_reg/D (v) checked with  leading edge of 'clk'
Beginpoint: u_reset_sync/stage1_reg/Q (v) triggered by  leading edge of 'clk'
Path Groups: {reg2reg}
Analysis View: RPT_SLOW
Other End Arrival Time          0.561
+ Hold                          0.025
+ Phase Shift                   0.000
- CPPR Adjustment               0.000
+ Uncertainty                   0.020
= Required Time                 0.606
  Arrival Time                  0.836
  Slack Time                    0.230
     Clock Rise Edge                 0.000
     + Clock Network Latency (Prop)  0.560
     = Beginpoint Arrival Time       0.560
     +------------------------------------------------------------------------------+ 
     |        Instance         |     Arc     |  Cell   | Delay | Arrival | Required | 
     |                         |             |         |       |  Time   |   Time   | 
     |-------------------------+-------------+---------+-------+---------+----------| 
     | u_reset_sync/stage1_reg | CK ^        |         |       |   0.560 |    0.330 | 
     | u_reset_sync/stage1_reg | CK ^ -> Q v | DFFS_X1 | 0.276 |   0.836 |    0.606 | 
     | u_reset_sync/stage2_reg | D v         | DFFS_X1 | 0.000 |   0.836 |    0.606 | 
     +------------------------------------------------------------------------------+ 
Path 11: MET Hold Check with Pin datapath/EXMEM_storeData_reg[19]/CK 
Endpoint:   datapath/EXMEM_storeData_reg[19]/D (v) checked with  leading edge 
of 'clk'
Beginpoint: datapath/IDEX_readData2_reg[19]/QN (^) triggered by  leading edge 
of 'clk'
Path Groups: {reg2reg}
Analysis View: RPT_SLOW
Other End Arrival Time          0.567
+ Hold                          0.027
+ Phase Shift                   0.000
- CPPR Adjustment               0.000
+ Uncertainty                   0.020
= Required Time                 0.614
  Arrival Time                  0.845
  Slack Time                    0.231
     Clock Rise Edge                 0.000
     + Clock Network Latency (Prop)  0.539
     = Beginpoint Arrival Time       0.539
     +------------------------------------------------------------------------------------------+ 
     |             Instance             |     Arc      |   Cell    | Delay | Arrival | Required | 
     |                                  |              |           |       |  Time   |   Time   | 
     |----------------------------------+--------------+-----------+-------+---------+----------| 
     | datapath/IDEX_readData2_reg[19]  | CK ^         |           |       |   0.539 |    0.308 | 
     | datapath/IDEX_readData2_reg[19]  | CK ^ -> QN ^ | DFFR_X1   | 0.233 |   0.772 |    0.541 | 
     | datapath/g26525                  | B2 ^ -> ZN v | OAI222_X1 | 0.073 |   0.845 |    0.614 | 
     | datapath/EXMEM_storeData_reg[19] | D v          | DFFR_X1   | 0.000 |   0.845 |    0.614 | 
     +------------------------------------------------------------------------------------------+ 
Path 12: MET Hold Check with Pin datapath/EXMEM_storeData_reg[20]/CK 
Endpoint:   datapath/EXMEM_storeData_reg[20]/D (v) checked with  leading edge 
of 'clk'
Beginpoint: datapath/IDEX_readData2_reg[20]/QN (^) triggered by  leading edge 
of 'clk'
Path Groups: {reg2reg}
Analysis View: RPT_SLOW
Other End Arrival Time          0.568
+ Hold                          0.027
+ Phase Shift                   0.000
- CPPR Adjustment               0.000
+ Uncertainty                   0.020
= Required Time                 0.615
  Arrival Time                  0.853
  Slack Time                    0.238
     Clock Rise Edge                 0.000
     + Clock Network Latency (Prop)  0.553
     = Beginpoint Arrival Time       0.553
     +------------------------------------------------------------------------------------------+ 
     |             Instance             |     Arc      |   Cell    | Delay | Arrival | Required | 
     |                                  |              |           |       |  Time   |   Time   | 
     |----------------------------------+--------------+-----------+-------+---------+----------| 
     | datapath/IDEX_readData2_reg[20]  | CK ^         |           |       |   0.553 |    0.315 | 
     | datapath/IDEX_readData2_reg[20]  | CK ^ -> QN ^ | DFFR_X1   | 0.231 |   0.784 |    0.546 | 
     | datapath/g26524                  | B2 ^ -> ZN v | OAI222_X1 | 0.069 |   0.853 |    0.615 | 
     | datapath/EXMEM_storeData_reg[20] | D v          | DFFR_X1   | 0.000 |   0.853 |    0.615 | 
     +------------------------------------------------------------------------------------------+ 
Path 13: MET Hold Check with Pin datapath/EXMEM_storeData_reg[13]/CK 
Endpoint:   datapath/EXMEM_storeData_reg[13]/D (v) checked with  leading edge 
of 'clk'
Beginpoint: datapath/IDEX_readData2_reg[13]/QN (^) triggered by  leading edge 
of 'clk'
Path Groups: {reg2reg}
Analysis View: RPT_SLOW
Other End Arrival Time          0.572
+ Hold                          0.028
+ Phase Shift                   0.000
- CPPR Adjustment               0.000
+ Uncertainty                   0.020
= Required Time                 0.620
  Arrival Time                  0.859
  Slack Time                    0.239
     Clock Rise Edge                 0.000
     + Clock Network Latency (Prop)  0.568
     = Beginpoint Arrival Time       0.568
     +------------------------------------------------------------------------------------------+ 
     |             Instance             |     Arc      |   Cell    | Delay | Arrival | Required | 
     |                                  |              |           |       |  Time   |   Time   | 
     |----------------------------------+--------------+-----------+-------+---------+----------| 
     | datapath/IDEX_readData2_reg[13]  | CK ^         |           |       |   0.568 |    0.329 | 
     | datapath/IDEX_readData2_reg[13]  | CK ^ -> QN ^ | DFFR_X1   | 0.230 |   0.798 |    0.559 | 
     | datapath/g26455                  | A2 ^ -> ZN v | OAI222_X1 | 0.061 |   0.859 |    0.619 | 
     | datapath/EXMEM_storeData_reg[13] | D v          | DFFR_X1   | 0.000 |   0.859 |    0.620 | 
     +------------------------------------------------------------------------------------------+ 
Path 14: MET Hold Check with Pin datapath/EXMEM_storeData_reg[16]/CK 
Endpoint:   datapath/EXMEM_storeData_reg[16]/D (v) checked with  leading edge 
of 'clk'
Beginpoint: datapath/IDEX_readData2_reg[16]/QN (^) triggered by  leading edge 
of 'clk'
Path Groups: {reg2reg}
Analysis View: RPT_SLOW
Other End Arrival Time          0.567
+ Hold                          0.027
+ Phase Shift                   0.000
- CPPR Adjustment               0.000
+ Uncertainty                   0.020
= Required Time                 0.614
  Arrival Time                  0.855
  Slack Time                    0.242
     Clock Rise Edge                 0.000
     + Clock Network Latency (Prop)  0.568
     = Beginpoint Arrival Time       0.568
     +------------------------------------------------------------------------------------------+ 
     |             Instance             |     Arc      |   Cell    | Delay | Arrival | Required | 
     |                                  |              |           |       |  Time   |   Time   | 
     |----------------------------------+--------------+-----------+-------+---------+----------| 
     | datapath/IDEX_readData2_reg[16]  | CK ^         |           |       |   0.568 |    0.327 | 
     | datapath/IDEX_readData2_reg[16]  | CK ^ -> QN ^ | DFFR_X1   | 0.230 |   0.798 |    0.557 | 
     | datapath/g26443                  | A2 ^ -> ZN v | OAI222_X1 | 0.057 |   0.855 |    0.614 | 
     | datapath/EXMEM_storeData_reg[16] | D v          | DFFR_X1   | 0.000 |   0.855 |    0.614 | 
     +------------------------------------------------------------------------------------------+ 
Path 15: MET Hold Check with Pin datapath/EXMEM_storeData_reg[15]/CK 
Endpoint:   datapath/EXMEM_storeData_reg[15]/D (v) checked with  leading edge 
of 'clk'
Beginpoint: datapath/IDEX_readData2_reg[15]/QN (^) triggered by  leading edge 
of 'clk'
Path Groups: {reg2reg}
Analysis View: RPT_SLOW
Other End Arrival Time          0.568
+ Hold                          0.025
+ Phase Shift                   0.000
- CPPR Adjustment               0.000
+ Uncertainty                   0.020
= Required Time                 0.613
  Arrival Time                  0.855
  Slack Time                    0.242
     Clock Rise Edge                 0.000
     + Clock Network Latency (Prop)  0.568
     = Beginpoint Arrival Time       0.568
     +-----------------------------------------------------------------------------------------+ 
     |             Instance             |     Arc      |   Cell   | Delay | Arrival | Required | 
     |                                  |              |          |       |  Time   |   Time   | 
     |----------------------------------+--------------+----------+-------+---------+----------| 
     | datapath/IDEX_readData2_reg[15]  | CK ^         |          |       |   0.568 |    0.326 | 
     | datapath/IDEX_readData2_reg[15]  | CK ^ -> QN ^ | DFFR_X1  | 0.230 |   0.798 |    0.556 | 
     | datapath/g26522                  | B2 ^ -> ZN v | OAI21_X1 | 0.057 |   0.855 |    0.613 | 
     | datapath/EXMEM_storeData_reg[15] | D v          | DFFR_X1  | 0.000 |   0.855 |    0.613 | 
     +-----------------------------------------------------------------------------------------+ 
Path 16: MET Hold Check with Pin datapath/EXMEM_storeData_reg[17]/CK 
Endpoint:   datapath/EXMEM_storeData_reg[17]/D (v) checked with  leading edge 
of 'clk'
Beginpoint: datapath/IDEX_readData2_reg[17]/QN (^) triggered by  leading edge 
of 'clk'
Path Groups: {reg2reg}
Analysis View: RPT_SLOW
Other End Arrival Time          0.567
+ Hold                          0.027
+ Phase Shift                   0.000
- CPPR Adjustment               0.000
+ Uncertainty                   0.020
= Required Time                 0.614
  Arrival Time                  0.857
  Slack Time                    0.243
     Clock Rise Edge                 0.000
     + Clock Network Latency (Prop)  0.568
     = Beginpoint Arrival Time       0.568
     +------------------------------------------------------------------------------------------+ 
     |             Instance             |     Arc      |   Cell    | Delay | Arrival | Required | 
     |                                  |              |           |       |  Time   |   Time   | 
     |----------------------------------+--------------+-----------+-------+---------+----------| 
     | datapath/IDEX_readData2_reg[17]  | CK ^         |           |       |   0.568 |    0.325 | 
     | datapath/IDEX_readData2_reg[17]  | CK ^ -> QN ^ | DFFR_X1   | 0.231 |   0.799 |    0.556 | 
     | datapath/g26444                  | A2 ^ -> ZN v | OAI222_X1 | 0.058 |   0.857 |    0.614 | 
     | datapath/EXMEM_storeData_reg[17] | D v          | DFFR_X1   | 0.000 |   0.857 |    0.614 | 
     +------------------------------------------------------------------------------------------+ 
Path 17: MET Hold Check with Pin datapath/EXMEM_memWrite_reg/CK 
Endpoint:   datapath/EXMEM_memWrite_reg/D (v) checked with  leading edge of 
'clk'
Beginpoint: datapath/IDEX_memWrite_reg/Q  (v) triggered by  leading edge of 
'clk'
Path Groups: {reg2reg}
Analysis View: RPT_SLOW
Other End Arrival Time          0.570
+ Hold                          0.025
+ Phase Shift                   0.000
- CPPR Adjustment               0.000
+ Uncertainty                   0.020
= Required Time                 0.614
  Arrival Time                  0.858
  Slack Time                    0.244
     Clock Rise Edge                 0.000
     + Clock Network Latency (Prop)  0.570
     = Beginpoint Arrival Time       0.570
     +----------------------------------------------------------------------------------+ 
     |          Instance           |     Arc     |  Cell   | Delay | Arrival | Required | 
     |                             |             |         |       |  Time   |   Time   | 
     |-----------------------------+-------------+---------+-------+---------+----------| 
     | datapath/IDEX_memWrite_reg  | CK ^        |         |       |   0.570 |    0.326 | 
     | datapath/IDEX_memWrite_reg  | CK ^ -> Q v | DFFR_X1 | 0.289 |   0.858 |    0.614 | 
     | datapath/EXMEM_memWrite_reg | D v         | DFFR_X1 | 0.000 |   0.858 |    0.614 | 
     +----------------------------------------------------------------------------------+ 
Path 18: MET Hold Check with Pin datapath/EXMEM_storeData_reg[12]/CK 
Endpoint:   datapath/EXMEM_storeData_reg[12]/D (v) checked with  leading edge 
of 'clk'
Beginpoint: datapath/IDEX_readData2_reg[12]/QN (^) triggered by  leading edge 
of 'clk'
Path Groups: {reg2reg}
Analysis View: RPT_SLOW
Other End Arrival Time          0.568
+ Hold                          0.027
+ Phase Shift                   0.000
- CPPR Adjustment               0.000
+ Uncertainty                   0.020
= Required Time                 0.614
  Arrival Time                  0.859
  Slack Time                    0.245
     Clock Rise Edge                 0.000
     + Clock Network Latency (Prop)  0.568
     = Beginpoint Arrival Time       0.568
     +------------------------------------------------------------------------------------------+ 
     |             Instance             |     Arc      |   Cell    | Delay | Arrival | Required | 
     |                                  |              |           |       |  Time   |   Time   | 
     |----------------------------------+--------------+-----------+-------+---------+----------| 
     | datapath/IDEX_readData2_reg[12]  | CK ^         |           |       |   0.568 |    0.324 | 
     | datapath/IDEX_readData2_reg[12]  | CK ^ -> QN ^ | DFFR_X1   | 0.232 |   0.800 |    0.556 | 
     | datapath/g26454                  | A2 ^ -> ZN v | OAI222_X1 | 0.059 |   0.859 |    0.614 | 
     | datapath/EXMEM_storeData_reg[12] | D v          | DFFR_X1   | 0.000 |   0.859 |    0.614 | 
     +------------------------------------------------------------------------------------------+ 
Path 19: MET Hold Check with Pin datapath/MEMWB_aluResult_reg[13]/CK 
Endpoint:   datapath/MEMWB_aluResult_reg[13]/D (v) checked with  leading edge 
of 'clk'
Beginpoint: datapath/EXMEM_aluResult_reg[13]/Q (v) triggered by  leading edge 
of 'clk'
Path Groups: {reg2reg}
Analysis View: RPT_SLOW
Other End Arrival Time          0.569
+ Hold                          0.027
+ Phase Shift                   0.000
- CPPR Adjustment               0.000
+ Uncertainty                   0.020
= Required Time                 0.615
  Arrival Time                  0.861
  Slack Time                    0.246
     Clock Rise Edge                 0.000
     + Clock Network Latency (Prop)  0.557
     = Beginpoint Arrival Time       0.557
     +---------------------------------------------------------------------------------------+ 
     |             Instance             |     Arc     |  Cell   | Delay | Arrival | Required | 
     |                                  |             |         |       |  Time   |   Time   | 
     |----------------------------------+-------------+---------+-------+---------+----------| 
     | datapath/EXMEM_aluResult_reg[13] | CK ^        |         |       |   0.557 |    0.311 | 
     | datapath/EXMEM_aluResult_reg[13] | CK ^ -> Q v | DFFR_X1 | 0.305 |   0.861 |    0.615 | 
     | datapath/MEMWB_aluResult_reg[13] | D v         | DFFR_X1 | 0.000 |   0.861 |    0.615 | 
     +---------------------------------------------------------------------------------------+ 
Path 20: MET Hold Check with Pin datapath/IF_pc_reg[1]/CK 
Endpoint:   datapath/IF_pc_reg[1]/SI (^) checked with  leading edge of 'clk'
Beginpoint: datapath/IF_pc_reg[1]/Q  (^) triggered by  leading edge of 'clk'
Path Groups: {reg2reg}
Analysis View: RPT_SLOW
Other End Arrival Time          0.570
+ Hold                         -0.007
+ Phase Shift                   0.000
- CPPR Adjustment               0.000
+ Uncertainty                   0.020
= Required Time                 0.583
  Arrival Time                  0.833
  Slack Time                    0.250
     Clock Rise Edge                 0.000
     + Clock Network Latency (Prop)  0.569
     = Beginpoint Arrival Time       0.569
     +-----------------------------------------------------------------------------+ 
     |       Instance        |     Arc     |   Cell   | Delay | Arrival | Required | 
     |                       |             |          |       |  Time   |   Time   | 
     |-----------------------+-------------+----------+-------+---------+----------| 
     | datapath/IF_pc_reg[1] | CK ^        |          |       |   0.569 |    0.320 | 
     | datapath/IF_pc_reg[1] | CK ^ -> Q ^ | SDFFR_X1 | 0.263 |   0.833 |    0.583 | 
     | datapath/IF_pc_reg[1] | SI ^        | SDFFR_X1 | 0.000 |   0.833 |    0.583 | 
     +-----------------------------------------------------------------------------+ 
Path 21: MET Hold Check with Pin datapath/MEMWB_aluResult_reg[8]/CK 
Endpoint:   datapath/MEMWB_aluResult_reg[8]/D (v) checked with  leading edge of 
'clk'
Beginpoint: datapath/EXMEM_aluResult_reg[8]/Q (v) triggered by  leading edge of 
'clk'
Path Groups: {reg2reg}
Analysis View: RPT_SLOW
Other End Arrival Time          0.569
+ Hold                          0.025
+ Phase Shift                   0.000
- CPPR Adjustment               0.000
+ Uncertainty                   0.020
= Required Time                 0.614
  Arrival Time                  0.866
  Slack Time                    0.252
     Clock Rise Edge                 0.000
     + Clock Network Latency (Prop)  0.569
     = Beginpoint Arrival Time       0.569
     +--------------------------------------------------------------------------------------+ 
     |            Instance             |     Arc     |  Cell   | Delay | Arrival | Required | 
     |                                 |             |         |       |  Time   |   Time   | 
     |---------------------------------+-------------+---------+-------+---------+----------| 
     | datapath/EXMEM_aluResult_reg[8] | CK ^        |         |       |   0.569 |    0.317 | 
     | datapath/EXMEM_aluResult_reg[8] | CK ^ -> Q v | DFFR_X1 | 0.297 |   0.866 |    0.614 | 
     | datapath/MEMWB_aluResult_reg[8] | D v         | DFFR_X1 | 0.000 |   0.866 |    0.614 | 
     +--------------------------------------------------------------------------------------+ 
Path 22: MET Hold Check with Pin datapath/MEMWB_aluResult_reg[6]/CK 
Endpoint:   datapath/MEMWB_aluResult_reg[6]/D (v) checked with  leading edge of 
'clk'
Beginpoint: datapath/EXMEM_aluResult_reg[6]/Q (v) triggered by  leading edge of 
'clk'
Path Groups: {reg2reg}
Analysis View: RPT_SLOW
Other End Arrival Time          0.569
+ Hold                          0.025
+ Phase Shift                   0.000
- CPPR Adjustment               0.000
+ Uncertainty                   0.020
= Required Time                 0.614
  Arrival Time                  0.867
  Slack Time                    0.252
     Clock Rise Edge                 0.000
     + Clock Network Latency (Prop)  0.569
     = Beginpoint Arrival Time       0.569
     +--------------------------------------------------------------------------------------+ 
     |            Instance             |     Arc     |  Cell   | Delay | Arrival | Required | 
     |                                 |             |         |       |  Time   |   Time   | 
     |---------------------------------+-------------+---------+-------+---------+----------| 
     | datapath/EXMEM_aluResult_reg[6] | CK ^        |         |       |   0.569 |    0.317 | 
     | datapath/EXMEM_aluResult_reg[6] | CK ^ -> Q v | DFFR_X1 | 0.298 |   0.867 |    0.614 | 
     | datapath/MEMWB_aluResult_reg[6] | D v         | DFFR_X1 | 0.000 |   0.867 |    0.614 | 
     +--------------------------------------------------------------------------------------+ 
Path 23: MET Hold Check with Pin datapath/MEMWB_aluResult_reg[9]/CK 
Endpoint:   datapath/MEMWB_aluResult_reg[9]/D (v) checked with  leading edge of 
'clk'
Beginpoint: datapath/EXMEM_aluResult_reg[9]/Q (v) triggered by  leading edge of 
'clk'
Path Groups: {reg2reg}
Analysis View: RPT_SLOW
Other End Arrival Time          0.538
+ Hold                          0.027
+ Phase Shift                   0.000
- CPPR Adjustment               0.000
+ Uncertainty                   0.020
= Required Time                 0.585
  Arrival Time                  0.837
  Slack Time                    0.252
     Clock Rise Edge                 0.000
     + Clock Network Latency (Prop)  0.538
     = Beginpoint Arrival Time       0.538
     +--------------------------------------------------------------------------------------+ 
     |            Instance             |     Arc     |  Cell   | Delay | Arrival | Required | 
     |                                 |             |         |       |  Time   |   Time   | 
     |---------------------------------+-------------+---------+-------+---------+----------| 
     | datapath/EXMEM_aluResult_reg[9] | CK ^        |         |       |   0.538 |    0.285 | 
     | datapath/EXMEM_aluResult_reg[9] | CK ^ -> Q v | DFFR_X1 | 0.300 |   0.837 |    0.585 | 
     | datapath/MEMWB_aluResult_reg[9] | D v         | DFFR_X1 | 0.000 |   0.837 |    0.585 | 
     +--------------------------------------------------------------------------------------+ 
Path 24: MET Hold Check with Pin datapath/MEMWB_aluResult_reg[29]/CK 
Endpoint:   datapath/MEMWB_aluResult_reg[29]/D (v) checked with  leading edge 
of 'clk'
Beginpoint: datapath/EXMEM_aluResult_reg[29]/Q (v) triggered by  leading edge 
of 'clk'
Path Groups: {reg2reg}
Analysis View: RPT_SLOW
Other End Arrival Time          0.575
+ Hold                          0.027
+ Phase Shift                   0.000
- CPPR Adjustment               0.000
+ Uncertainty                   0.020
= Required Time                 0.622
  Arrival Time                  0.874
  Slack Time                    0.252
     Clock Rise Edge                 0.000
     + Clock Network Latency (Prop)  0.549
     = Beginpoint Arrival Time       0.549
     +---------------------------------------------------------------------------------------+ 
     |             Instance             |     Arc     |  Cell   | Delay | Arrival | Required | 
     |                                  |             |         |       |  Time   |   Time   | 
     |----------------------------------+-------------+---------+-------+---------+----------| 
     | datapath/EXMEM_aluResult_reg[29] | CK ^        |         |       |   0.549 |    0.297 | 
     | datapath/EXMEM_aluResult_reg[29] | CK ^ -> Q v | DFFR_X1 | 0.325 |   0.874 |    0.621 | 
     | datapath/MEMWB_aluResult_reg[29] | D v         | DFFR_X1 | 0.001 |   0.874 |    0.622 | 
     +---------------------------------------------------------------------------------------+ 
Path 25: MET Hold Check with Pin datapath/registers_RF_reg[12][27]/CK 
Endpoint:   datapath/registers_RF_reg[12][27]/SI (^) checked with  leading edge 
of 'clk'
Beginpoint: datapath/registers_RF_reg[12][27]/Q  (^) triggered by  leading edge 
of 'clk'
Path Groups: {reg2reg}
Analysis View: RPT_SLOW
Other End Arrival Time          0.559
+ Hold                         -0.008
+ Phase Shift                   0.000
- CPPR Adjustment               0.000
+ Uncertainty                   0.020
= Required Time                 0.571
  Arrival Time                  0.824
  Slack Time                    0.253
     Clock Rise Edge                 0.000
     + Clock Network Latency (Prop)  0.558
     = Beginpoint Arrival Time       0.558
     +-----------------------------------------------------------------------------------------+ 
     |             Instance              |     Arc     |   Cell   | Delay | Arrival | Required | 
     |                                   |             |          |       |  Time   |   Time   | 
     |-----------------------------------+-------------+----------+-------+---------+----------| 
     | datapath/registers_RF_reg[12][27] | CK ^        |          |       |   0.558 |    0.305 | 
     | datapath/registers_RF_reg[12][27] | CK ^ -> Q ^ | SDFFR_X1 | 0.266 |   0.824 |    0.571 | 
     | datapath/registers_RF_reg[12][27] | SI ^        | SDFFR_X1 | 0.000 |   0.824 |    0.571 | 
     +-----------------------------------------------------------------------------------------+ 
Path 26: MET Hold Check with Pin datapath/MEMWB_aluResult_reg[18]/CK 
Endpoint:   datapath/MEMWB_aluResult_reg[18]/D (v) checked with  leading edge 
of 'clk'
Beginpoint: datapath/EXMEM_aluResult_reg[18]/Q (v) triggered by  leading edge 
of 'clk'
Path Groups: {reg2reg}
Analysis View: RPT_SLOW
Other End Arrival Time          0.538
+ Hold                          0.027
+ Phase Shift                   0.000
- CPPR Adjustment               0.000
+ Uncertainty                   0.020
= Required Time                 0.585
  Arrival Time                  0.838
  Slack Time                    0.253
     Clock Rise Edge                 0.000
     + Clock Network Latency (Prop)  0.538
     = Beginpoint Arrival Time       0.538
     +---------------------------------------------------------------------------------------+ 
     |             Instance             |     Arc     |  Cell   | Delay | Arrival | Required | 
     |                                  |             |         |       |  Time   |   Time   | 
     |----------------------------------+-------------+---------+-------+---------+----------| 
     | datapath/EXMEM_aluResult_reg[18] | CK ^        |         |       |   0.538 |    0.285 | 
     | datapath/EXMEM_aluResult_reg[18] | CK ^ -> Q v | DFFR_X1 | 0.300 |   0.838 |    0.585 | 
     | datapath/MEMWB_aluResult_reg[18] | D v         | DFFR_X1 | 0.000 |   0.838 |    0.585 | 
     +---------------------------------------------------------------------------------------+ 
Path 27: MET Hold Check with Pin datapath/registers_RF_reg[11][14]/CK 
Endpoint:   datapath/registers_RF_reg[11][14]/SI (^) checked with  leading edge 
of 'clk'
Beginpoint: datapath/registers_RF_reg[11][14]/Q  (^) triggered by  leading edge 
of 'clk'
Path Groups: {reg2reg}
Analysis View: RPT_SLOW
Other End Arrival Time          0.559
+ Hold                         -0.008
+ Phase Shift                   0.000
- CPPR Adjustment               0.000
+ Uncertainty                   0.020
= Required Time                 0.571
  Arrival Time                  0.824
  Slack Time                    0.253
     Clock Rise Edge                 0.000
     + Clock Network Latency (Prop)  0.558
     = Beginpoint Arrival Time       0.558
     +-----------------------------------------------------------------------------------------+ 
     |             Instance              |     Arc     |   Cell   | Delay | Arrival | Required | 
     |                                   |             |          |       |  Time   |   Time   | 
     |-----------------------------------+-------------+----------+-------+---------+----------| 
     | datapath/registers_RF_reg[11][14] | CK ^        |          |       |   0.558 |    0.305 | 
     | datapath/registers_RF_reg[11][14] | CK ^ -> Q ^ | SDFFR_X1 | 0.266 |   0.824 |    0.571 | 
     | datapath/registers_RF_reg[11][14] | SI ^        | SDFFR_X1 | 0.000 |   0.824 |    0.571 | 
     +-----------------------------------------------------------------------------------------+ 
Path 28: MET Hold Check with Pin datapath/registers_RF_reg[14][24]/CK 
Endpoint:   datapath/registers_RF_reg[14][24]/SI (^) checked with  leading edge 
of 'clk'
Beginpoint: datapath/registers_RF_reg[14][24]/Q  (^) triggered by  leading edge 
of 'clk'
Path Groups: {reg2reg}
Analysis View: RPT_SLOW
Other End Arrival Time          0.562
+ Hold                         -0.007
+ Phase Shift                   0.000
- CPPR Adjustment               0.000
+ Uncertainty                   0.020
= Required Time                 0.576
  Arrival Time                  0.829
  Slack Time                    0.253
     Clock Rise Edge                 0.000
     + Clock Network Latency (Prop)  0.562
     = Beginpoint Arrival Time       0.562
     +-----------------------------------------------------------------------------------------+ 
     |             Instance              |     Arc     |   Cell   | Delay | Arrival | Required | 
     |                                   |             |          |       |  Time   |   Time   | 
     |-----------------------------------+-------------+----------+-------+---------+----------| 
     | datapath/registers_RF_reg[14][24] | CK ^        |          |       |   0.562 |    0.309 | 
     | datapath/registers_RF_reg[14][24] | CK ^ -> Q ^ | SDFFR_X1 | 0.267 |   0.829 |    0.576 | 
     | datapath/registers_RF_reg[14][24] | SI ^        | SDFFR_X1 | 0.000 |   0.829 |    0.576 | 
     +-----------------------------------------------------------------------------------------+ 
Path 29: MET Hold Check with Pin datapath/registers_RF_reg[12][10]/CK 
Endpoint:   datapath/registers_RF_reg[12][10]/SI (^) checked with  leading edge 
of 'clk'
Beginpoint: datapath/registers_RF_reg[12][10]/Q  (^) triggered by  leading edge 
of 'clk'
Path Groups: {reg2reg}
Analysis View: RPT_SLOW
Other End Arrival Time          0.530
+ Hold                         -0.011
+ Phase Shift                   0.000
- CPPR Adjustment               0.000
+ Uncertainty                   0.020
= Required Time                 0.540
  Arrival Time                  0.793
  Slack Time                    0.253
     Clock Rise Edge                 0.000
     + Clock Network Latency (Prop)  0.530
     = Beginpoint Arrival Time       0.530
     +-----------------------------------------------------------------------------------------+ 
     |             Instance              |     Arc     |   Cell   | Delay | Arrival | Required | 
     |                                   |             |          |       |  Time   |   Time   | 
     |-----------------------------------+-------------+----------+-------+---------+----------| 
     | datapath/registers_RF_reg[12][10] | CK ^        |          |       |   0.530 |    0.277 | 
     | datapath/registers_RF_reg[12][10] | CK ^ -> Q ^ | SDFFR_X1 | 0.263 |   0.793 |    0.540 | 
     | datapath/registers_RF_reg[12][10] | SI ^        | SDFFR_X1 | 0.000 |   0.793 |    0.540 | 
     +-----------------------------------------------------------------------------------------+ 
Path 30: MET Hold Check with Pin datapath/registers_RF_reg[10][0]/CK 
Endpoint:   datapath/registers_RF_reg[10][0]/SI (^) checked with  leading edge 
of 'clk'
Beginpoint: datapath/registers_RF_reg[10][0]/Q  (^) triggered by  leading edge 
of 'clk'
Path Groups: {reg2reg}
Analysis View: RPT_SLOW
Other End Arrival Time          0.560
+ Hold                         -0.007
+ Phase Shift                   0.000
- CPPR Adjustment               0.000
+ Uncertainty                   0.020
= Required Time                 0.573
  Arrival Time                  0.826
  Slack Time                    0.253
     Clock Rise Edge                 0.000
     + Clock Network Latency (Prop)  0.559
     = Beginpoint Arrival Time       0.559
     +----------------------------------------------------------------------------------------+ 
     |             Instance             |     Arc     |   Cell   | Delay | Arrival | Required | 
     |                                  |             |          |       |  Time   |   Time   | 
     |----------------------------------+-------------+----------+-------+---------+----------| 
     | datapath/registers_RF_reg[10][0] | CK ^        |          |       |   0.559 |    0.306 | 
     | datapath/registers_RF_reg[10][0] | CK ^ -> Q ^ | SDFFR_X1 | 0.267 |   0.826 |    0.573 | 
     | datapath/registers_RF_reg[10][0] | SI ^        | SDFFR_X1 | 0.000 |   0.826 |    0.573 | 
     +----------------------------------------------------------------------------------------+ 
Path 31: MET Hold Check with Pin datapath/registers_RF_reg[10][25]/CK 
Endpoint:   datapath/registers_RF_reg[10][25]/SI (^) checked with  leading edge 
of 'clk'
Beginpoint: datapath/registers_RF_reg[10][25]/Q  (^) triggered by  leading edge 
of 'clk'
Path Groups: {reg2reg}
Analysis View: RPT_SLOW
Other End Arrival Time          0.563
+ Hold                         -0.007
+ Phase Shift                   0.000
- CPPR Adjustment               0.000
+ Uncertainty                   0.020
= Required Time                 0.577
  Arrival Time                  0.830
  Slack Time                    0.253
     Clock Rise Edge                 0.000
     + Clock Network Latency (Prop)  0.562
     = Beginpoint Arrival Time       0.562
     +-----------------------------------------------------------------------------------------+ 
     |             Instance              |     Arc     |   Cell   | Delay | Arrival | Required | 
     |                                   |             |          |       |  Time   |   Time   | 
     |-----------------------------------+-------------+----------+-------+---------+----------| 
     | datapath/registers_RF_reg[10][25] | CK ^        |          |       |   0.562 |    0.309 | 
     | datapath/registers_RF_reg[10][25] | CK ^ -> Q ^ | SDFFR_X1 | 0.268 |   0.830 |    0.577 | 
     | datapath/registers_RF_reg[10][25] | SI ^        | SDFFR_X1 | 0.000 |   0.830 |    0.577 | 
     +-----------------------------------------------------------------------------------------+ 
Path 32: MET Hold Check with Pin datapath/MEMWB_aluResult_reg[19]/CK 
Endpoint:   datapath/MEMWB_aluResult_reg[19]/D (v) checked with  leading edge 
of 'clk'
Beginpoint: datapath/EXMEM_aluResult_reg[19]/Q (v) triggered by  leading edge 
of 'clk'
Path Groups: {reg2reg}
Analysis View: RPT_SLOW
Other End Arrival Time          0.538
+ Hold                          0.027
+ Phase Shift                   0.000
- CPPR Adjustment               0.000
+ Uncertainty                   0.020
= Required Time                 0.585
  Arrival Time                  0.839
  Slack Time                    0.253
     Clock Rise Edge                 0.000
     + Clock Network Latency (Prop)  0.538
     = Beginpoint Arrival Time       0.538
     +---------------------------------------------------------------------------------------+ 
     |             Instance             |     Arc     |  Cell   | Delay | Arrival | Required | 
     |                                  |             |         |       |  Time   |   Time   | 
     |----------------------------------+-------------+---------+-------+---------+----------| 
     | datapath/EXMEM_aluResult_reg[19] | CK ^        |         |       |   0.538 |    0.284 | 
     | datapath/EXMEM_aluResult_reg[19] | CK ^ -> Q v | DFFR_X1 | 0.301 |   0.839 |    0.585 | 
     | datapath/MEMWB_aluResult_reg[19] | D v         | DFFR_X1 | 0.000 |   0.839 |    0.585 | 
     +---------------------------------------------------------------------------------------+ 
Path 33: MET Hold Check with Pin datapath/MEMWB_aluResult_reg[11]/CK 
Endpoint:   datapath/MEMWB_aluResult_reg[11]/D (v) checked with  leading edge 
of 'clk'
Beginpoint: datapath/EXMEM_aluResult_reg[11]/Q (v) triggered by  leading edge 
of 'clk'
Path Groups: {reg2reg}
Analysis View: RPT_SLOW
Other End Arrival Time          0.539
+ Hold                          0.027
+ Phase Shift                   0.000
- CPPR Adjustment               0.000
+ Uncertainty                   0.020
= Required Time                 0.585
  Arrival Time                  0.839
  Slack Time                    0.254
     Clock Rise Edge                 0.000
     + Clock Network Latency (Prop)  0.538
     = Beginpoint Arrival Time       0.538
     +---------------------------------------------------------------------------------------+ 
     |             Instance             |     Arc     |  Cell   | Delay | Arrival | Required | 
     |                                  |             |         |       |  Time   |   Time   | 
     |----------------------------------+-------------+---------+-------+---------+----------| 
     | datapath/EXMEM_aluResult_reg[11] | CK ^        |         |       |   0.538 |    0.284 | 
     | datapath/EXMEM_aluResult_reg[11] | CK ^ -> Q v | DFFR_X1 | 0.301 |   0.839 |    0.585 | 
     | datapath/MEMWB_aluResult_reg[11] | D v         | DFFR_X1 | 0.000 |   0.839 |    0.585 | 
     +---------------------------------------------------------------------------------------+ 
Path 34: MET Hold Check with Pin datapath/registers_RF_reg[13][5]/CK 
Endpoint:   datapath/registers_RF_reg[13][5]/SI (^) checked with  leading edge 
of 'clk'
Beginpoint: datapath/registers_RF_reg[13][5]/Q  (^) triggered by  leading edge 
of 'clk'
Path Groups: {reg2reg}
Analysis View: RPT_SLOW
Other End Arrival Time          0.561
+ Hold                         -0.007
+ Phase Shift                   0.000
- CPPR Adjustment               0.000
+ Uncertainty                   0.020
= Required Time                 0.573
  Arrival Time                  0.827
  Slack Time                    0.254
     Clock Rise Edge                 0.000
     + Clock Network Latency (Prop)  0.560
     = Beginpoint Arrival Time       0.560
     +----------------------------------------------------------------------------------------+ 
     |             Instance             |     Arc     |   Cell   | Delay | Arrival | Required | 
     |                                  |             |          |       |  Time   |   Time   | 
     |----------------------------------+-------------+----------+-------+---------+----------| 
     | datapath/registers_RF_reg[13][5] | CK ^        |          |       |   0.560 |    0.306 | 
     | datapath/registers_RF_reg[13][5] | CK ^ -> Q ^ | SDFFR_X1 | 0.267 |   0.827 |    0.573 | 
     | datapath/registers_RF_reg[13][5] | SI ^        | SDFFR_X1 | 0.000 |   0.827 |    0.573 | 
     +----------------------------------------------------------------------------------------+ 
Path 35: MET Hold Check with Pin datapath/registers_RF_reg[12][18]/CK 
Endpoint:   datapath/registers_RF_reg[12][18]/SI (^) checked with  leading edge 
of 'clk'
Beginpoint: datapath/registers_RF_reg[12][18]/Q  (^) triggered by  leading edge 
of 'clk'
Path Groups: {reg2reg}
Analysis View: RPT_SLOW
Other End Arrival Time          0.561
+ Hold                         -0.005
+ Phase Shift                   0.000
- CPPR Adjustment               0.000
+ Uncertainty                   0.020
= Required Time                 0.576
  Arrival Time                  0.830
  Slack Time                    0.254
     Clock Rise Edge                 0.000
     + Clock Network Latency (Prop)  0.560
     = Beginpoint Arrival Time       0.560
     +-----------------------------------------------------------------------------------------+ 
     |             Instance              |     Arc     |   Cell   | Delay | Arrival | Required | 
     |                                   |             |          |       |  Time   |   Time   | 
     |-----------------------------------+-------------+----------+-------+---------+----------| 
     | datapath/registers_RF_reg[12][18] | CK ^        |          |       |   0.560 |    0.306 | 
     | datapath/registers_RF_reg[12][18] | CK ^ -> Q ^ | SDFFR_X1 | 0.269 |   0.830 |    0.576 | 
     | datapath/registers_RF_reg[12][18] | SI ^        | SDFFR_X1 | 0.000 |   0.830 |    0.576 | 
     +-----------------------------------------------------------------------------------------+ 
Path 36: MET Hold Check with Pin datapath/registers_RF_reg[8][13]/CK 
Endpoint:   datapath/registers_RF_reg[8][13]/SI (^) checked with  leading edge 
of 'clk'
Beginpoint: datapath/registers_RF_reg[8][13]/Q  (^) triggered by  leading edge 
of 'clk'
Path Groups: {reg2reg}
Analysis View: RPT_SLOW
Other End Arrival Time          0.560
+ Hold                         -0.005
+ Phase Shift                   0.000
- CPPR Adjustment               0.000
+ Uncertainty                   0.020
= Required Time                 0.575
  Arrival Time                  0.829
  Slack Time                    0.254
     Clock Rise Edge                 0.000
     + Clock Network Latency (Prop)  0.559
     = Beginpoint Arrival Time       0.559
     +----------------------------------------------------------------------------------------+ 
     |             Instance             |     Arc     |   Cell   | Delay | Arrival | Required | 
     |                                  |             |          |       |  Time   |   Time   | 
     |----------------------------------+-------------+----------+-------+---------+----------| 
     | datapath/registers_RF_reg[8][13] | CK ^        |          |       |   0.559 |    0.305 | 
     | datapath/registers_RF_reg[8][13] | CK ^ -> Q ^ | SDFFR_X1 | 0.269 |   0.829 |    0.575 | 
     | datapath/registers_RF_reg[8][13] | SI ^        | SDFFR_X1 | 0.000 |   0.829 |    0.575 | 
     +----------------------------------------------------------------------------------------+ 
Path 37: MET Hold Check with Pin datapath/registers_RF_reg[14][12]/CK 
Endpoint:   datapath/registers_RF_reg[14][12]/SI (^) checked with  leading edge 
of 'clk'
Beginpoint: datapath/registers_RF_reg[14][12]/Q  (^) triggered by  leading edge 
of 'clk'
Path Groups: {reg2reg}
Analysis View: RPT_SLOW
Other End Arrival Time          0.560
+ Hold                         -0.005
+ Phase Shift                   0.000
- CPPR Adjustment               0.000
+ Uncertainty                   0.020
= Required Time                 0.575
  Arrival Time                  0.829
  Slack Time                    0.254
     Clock Rise Edge                 0.000
     + Clock Network Latency (Prop)  0.559
     = Beginpoint Arrival Time       0.559
     +-----------------------------------------------------------------------------------------+ 
     |             Instance              |     Arc     |   Cell   | Delay | Arrival | Required | 
     |                                   |             |          |       |  Time   |   Time   | 
     |-----------------------------------+-------------+----------+-------+---------+----------| 
     | datapath/registers_RF_reg[14][12] | CK ^        |          |       |   0.559 |    0.305 | 
     | datapath/registers_RF_reg[14][12] | CK ^ -> Q ^ | SDFFR_X1 | 0.269 |   0.829 |    0.575 | 
     | datapath/registers_RF_reg[14][12] | SI ^        | SDFFR_X1 | 0.000 |   0.829 |    0.575 | 
     +-----------------------------------------------------------------------------------------+ 
Path 38: MET Hold Check with Pin datapath/registers_RF_reg[4][11]/CK 
Endpoint:   datapath/registers_RF_reg[4][11]/SI (^) checked with  leading edge 
of 'clk'
Beginpoint: datapath/registers_RF_reg[4][11]/Q  (^) triggered by  leading edge 
of 'clk'
Path Groups: {reg2reg}
Analysis View: RPT_SLOW
Other End Arrival Time          0.562
+ Hold                         -0.004
+ Phase Shift                   0.000
- CPPR Adjustment               0.000
+ Uncertainty                   0.020
= Required Time                 0.578
  Arrival Time                  0.832
  Slack Time                    0.254
     Clock Rise Edge                 0.000
     + Clock Network Latency (Prop)  0.562
     = Beginpoint Arrival Time       0.562
     +----------------------------------------------------------------------------------------+ 
     |             Instance             |     Arc     |   Cell   | Delay | Arrival | Required | 
     |                                  |             |          |       |  Time   |   Time   | 
     |----------------------------------+-------------+----------+-------+---------+----------| 
     | datapath/registers_RF_reg[4][11] | CK ^        |          |       |   0.562 |    0.308 | 
     | datapath/registers_RF_reg[4][11] | CK ^ -> Q ^ | SDFFR_X1 | 0.270 |   0.832 |    0.578 | 
     | datapath/registers_RF_reg[4][11] | SI ^        | SDFFR_X1 | 0.000 |   0.832 |    0.578 | 
     +----------------------------------------------------------------------------------------+ 
Path 39: MET Hold Check with Pin datapath/MEMWB_memToReg_reg/CK 
Endpoint:   datapath/MEMWB_memToReg_reg/D (v) checked with  leading edge of 
'clk'
Beginpoint: datapath/EXMEM_memRead_reg/Q  (v) triggered by  leading edge of 
'clk'
Path Groups: {reg2reg}
Analysis View: RPT_SLOW
Other End Arrival Time          0.444
+ Hold                          0.027
+ Phase Shift                   0.000
- CPPR Adjustment               0.000
+ Uncertainty                   0.020
= Required Time                 0.491
  Arrival Time                  0.745
  Slack Time                    0.254
     Clock Rise Edge                 0.000
     + Clock Network Latency (Prop)  0.444
     = Beginpoint Arrival Time       0.444
     +----------------------------------------------------------------------------------+ 
     |          Instance           |     Arc     |  Cell   | Delay | Arrival | Required | 
     |                             |             |         |       |  Time   |   Time   | 
     |-----------------------------+-------------+---------+-------+---------+----------| 
     | datapath/EXMEM_memRead_reg  | CK ^        |         |       |   0.444 |    0.190 | 
     | datapath/EXMEM_memRead_reg  | CK ^ -> Q v | DFFR_X1 | 0.301 |   0.745 |    0.491 | 
     | datapath/MEMWB_memToReg_reg | D v         | DFFR_X1 | 0.000 |   0.745 |    0.491 | 
     +----------------------------------------------------------------------------------+ 
Path 40: MET Hold Check with Pin datapath/registers_RF_reg[4][24]/CK 
Endpoint:   datapath/registers_RF_reg[4][24]/SI (^) checked with  leading edge 
of 'clk'
Beginpoint: datapath/registers_RF_reg[4][24]/Q  (^) triggered by  leading edge 
of 'clk'
Path Groups: {reg2reg}
Analysis View: RPT_SLOW
Other End Arrival Time          0.551
+ Hold                         -0.007
+ Phase Shift                   0.000
- CPPR Adjustment               0.000
+ Uncertainty                   0.020
= Required Time                 0.564
  Arrival Time                  0.818
  Slack Time                    0.254
     Clock Rise Edge                 0.000
     + Clock Network Latency (Prop)  0.550
     = Beginpoint Arrival Time       0.550
     +----------------------------------------------------------------------------------------+ 
     |             Instance             |     Arc     |   Cell   | Delay | Arrival | Required | 
     |                                  |             |          |       |  Time   |   Time   | 
     |----------------------------------+-------------+----------+-------+---------+----------| 
     | datapath/registers_RF_reg[4][24] | CK ^        |          |       |   0.550 |    0.296 | 
     | datapath/registers_RF_reg[4][24] | CK ^ -> Q ^ | SDFFR_X1 | 0.268 |   0.818 |    0.564 | 
     | datapath/registers_RF_reg[4][24] | SI ^        | SDFFR_X1 | 0.000 |   0.818 |    0.564 | 
     +----------------------------------------------------------------------------------------+ 
Path 41: MET Hold Check with Pin datapath/registers_RF_reg[2][2]/CK 
Endpoint:   datapath/registers_RF_reg[2][2]/SI (^) checked with  leading edge 
of 'clk'
Beginpoint: datapath/registers_RF_reg[2][2]/Q  (^) triggered by  leading edge 
of 'clk'
Path Groups: {reg2reg}
Analysis View: RPT_SLOW
Other End Arrival Time          0.564
+ Hold                         -0.006
+ Phase Shift                   0.000
- CPPR Adjustment               0.000
+ Uncertainty                   0.020
= Required Time                 0.578
  Arrival Time                  0.832
  Slack Time                    0.254
     Clock Rise Edge                 0.000
     + Clock Network Latency (Prop)  0.563
     = Beginpoint Arrival Time       0.563
     +---------------------------------------------------------------------------------------+ 
     |            Instance             |     Arc     |   Cell   | Delay | Arrival | Required | 
     |                                 |             |          |       |  Time   |   Time   | 
     |---------------------------------+-------------+----------+-------+---------+----------| 
     | datapath/registers_RF_reg[2][2] | CK ^        |          |       |   0.563 |    0.309 | 
     | datapath/registers_RF_reg[2][2] | CK ^ -> Q ^ | SDFFR_X1 | 0.269 |   0.832 |    0.578 | 
     | datapath/registers_RF_reg[2][2] | SI ^        | SDFFR_X1 | 0.000 |   0.832 |    0.578 | 
     +---------------------------------------------------------------------------------------+ 
Path 42: MET Hold Check with Pin datapath/registers_RF_reg[5][20]/CK 
Endpoint:   datapath/registers_RF_reg[5][20]/SI (^) checked with  leading edge 
of 'clk'
Beginpoint: datapath/registers_RF_reg[5][20]/Q  (^) triggered by  leading edge 
of 'clk'
Path Groups: {reg2reg}
Analysis View: RPT_SLOW
Other End Arrival Time          0.538
+ Hold                         -0.006
+ Phase Shift                   0.000
- CPPR Adjustment               0.000
+ Uncertainty                   0.020
= Required Time                 0.553
  Arrival Time                  0.806
  Slack Time                    0.254
     Clock Rise Edge                 0.000
     + Clock Network Latency (Prop)  0.538
     = Beginpoint Arrival Time       0.538
     +----------------------------------------------------------------------------------------+ 
     |             Instance             |     Arc     |   Cell   | Delay | Arrival | Required | 
     |                                  |             |          |       |  Time   |   Time   | 
     |----------------------------------+-------------+----------+-------+---------+----------| 
     | datapath/registers_RF_reg[5][20] | CK ^        |          |       |   0.538 |    0.284 | 
     | datapath/registers_RF_reg[5][20] | CK ^ -> Q ^ | SDFFR_X1 | 0.269 |   0.806 |    0.553 | 
     | datapath/registers_RF_reg[5][20] | SI ^        | SDFFR_X1 | 0.000 |   0.806 |    0.553 | 
     +----------------------------------------------------------------------------------------+ 
Path 43: MET Hold Check with Pin datapath/registers_RF_reg[1][16]/CK 
Endpoint:   datapath/registers_RF_reg[1][16]/SI (^) checked with  leading edge 
of 'clk'
Beginpoint: datapath/registers_RF_reg[1][16]/Q  (^) triggered by  leading edge 
of 'clk'
Path Groups: {reg2reg}
Analysis View: RPT_SLOW
Other End Arrival Time          0.546
+ Hold                         -0.005
+ Phase Shift                   0.000
- CPPR Adjustment               0.000
+ Uncertainty                   0.020
= Required Time                 0.561
  Arrival Time                  0.814
  Slack Time                    0.254
     Clock Rise Edge                 0.000
     + Clock Network Latency (Prop)  0.545
     = Beginpoint Arrival Time       0.545
     +----------------------------------------------------------------------------------------+ 
     |             Instance             |     Arc     |   Cell   | Delay | Arrival | Required | 
     |                                  |             |          |       |  Time   |   Time   | 
     |----------------------------------+-------------+----------+-------+---------+----------| 
     | datapath/registers_RF_reg[1][16] | CK ^        |          |       |   0.545 |    0.291 | 
     | datapath/registers_RF_reg[1][16] | CK ^ -> Q ^ | SDFFR_X1 | 0.269 |   0.814 |    0.561 | 
     | datapath/registers_RF_reg[1][16] | SI ^        | SDFFR_X1 | 0.000 |   0.814 |    0.561 | 
     +----------------------------------------------------------------------------------------+ 
Path 44: MET Hold Check with Pin datapath/registers_RF_reg[12][1]/CK 
Endpoint:   datapath/registers_RF_reg[12][1]/SI (^) checked with  leading edge 
of 'clk'
Beginpoint: datapath/registers_RF_reg[12][1]/Q  (^) triggered by  leading edge 
of 'clk'
Path Groups: {reg2reg}
Analysis View: RPT_SLOW
Other End Arrival Time          0.559
+ Hold                         -0.008
+ Phase Shift                   0.000
- CPPR Adjustment               0.000
+ Uncertainty                   0.020
= Required Time                 0.571
  Arrival Time                  0.825
  Slack Time                    0.254
     Clock Rise Edge                 0.000
     + Clock Network Latency (Prop)  0.558
     = Beginpoint Arrival Time       0.558
     +----------------------------------------------------------------------------------------+ 
     |             Instance             |     Arc     |   Cell   | Delay | Arrival | Required | 
     |                                  |             |          |       |  Time   |   Time   | 
     |----------------------------------+-------------+----------+-------+---------+----------| 
     | datapath/registers_RF_reg[12][1] | CK ^        |          |       |   0.558 |    0.304 | 
     | datapath/registers_RF_reg[12][1] | CK ^ -> Q ^ | SDFFR_X1 | 0.267 |   0.825 |    0.571 | 
     | datapath/registers_RF_reg[12][1] | SI ^        | SDFFR_X1 | 0.000 |   0.825 |    0.571 | 
     +----------------------------------------------------------------------------------------+ 
Path 45: MET Hold Check with Pin datapath/registers_RF_reg[24][22]/CK 
Endpoint:   datapath/registers_RF_reg[24][22]/SI (^) checked with  leading edge 
of 'clk'
Beginpoint: datapath/registers_RF_reg[24][22]/Q  (^) triggered by  leading edge 
of 'clk'
Path Groups: {reg2reg}
Analysis View: RPT_SLOW
Other End Arrival Time          0.542
+ Hold                         -0.007
+ Phase Shift                   0.000
- CPPR Adjustment               0.000
+ Uncertainty                   0.020
= Required Time                 0.555
  Arrival Time                  0.809
  Slack Time                    0.254
     Clock Rise Edge                 0.000
     + Clock Network Latency (Prop)  0.542
     = Beginpoint Arrival Time       0.542
     +-----------------------------------------------------------------------------------------+ 
     |             Instance              |     Arc     |   Cell   | Delay | Arrival | Required | 
     |                                   |             |          |       |  Time   |   Time   | 
     |-----------------------------------+-------------+----------+-------+---------+----------| 
     | datapath/registers_RF_reg[24][22] | CK ^        |          |       |   0.542 |    0.288 | 
     | datapath/registers_RF_reg[24][22] | CK ^ -> Q ^ | SDFFR_X1 | 0.268 |   0.809 |    0.555 | 
     | datapath/registers_RF_reg[24][22] | SI ^        | SDFFR_X1 | 0.000 |   0.809 |    0.555 | 
     +-----------------------------------------------------------------------------------------+ 
Path 46: MET Hold Check with Pin datapath/registers_RF_reg[8][25]/CK 
Endpoint:   datapath/registers_RF_reg[8][25]/SI (^) checked with  leading edge 
of 'clk'
Beginpoint: datapath/registers_RF_reg[8][25]/Q  (^) triggered by  leading edge 
of 'clk'
Path Groups: {reg2reg}
Analysis View: RPT_SLOW
Other End Arrival Time          0.559
+ Hold                         -0.008
+ Phase Shift                   0.000
- CPPR Adjustment               0.000
+ Uncertainty                   0.020
= Required Time                 0.571
  Arrival Time                  0.825
  Slack Time                    0.254
     Clock Rise Edge                 0.000
     + Clock Network Latency (Prop)  0.558
     = Beginpoint Arrival Time       0.558
     +----------------------------------------------------------------------------------------+ 
     |             Instance             |     Arc     |   Cell   | Delay | Arrival | Required | 
     |                                  |             |          |       |  Time   |   Time   | 
     |----------------------------------+-------------+----------+-------+---------+----------| 
     | datapath/registers_RF_reg[8][25] | CK ^        |          |       |   0.558 |    0.304 | 
     | datapath/registers_RF_reg[8][25] | CK ^ -> Q ^ | SDFFR_X1 | 0.267 |   0.825 |    0.571 | 
     | datapath/registers_RF_reg[8][25] | SI ^        | SDFFR_X1 | 0.000 |   0.825 |    0.571 | 
     +----------------------------------------------------------------------------------------+ 
Path 47: MET Hold Check with Pin datapath/registers_RF_reg[10][13]/CK 
Endpoint:   datapath/registers_RF_reg[10][13]/SI (^) checked with  leading edge 
of 'clk'
Beginpoint: datapath/registers_RF_reg[10][13]/Q  (^) triggered by  leading edge 
of 'clk'
Path Groups: {reg2reg}
Analysis View: RPT_SLOW
Other End Arrival Time          0.562
+ Hold                         -0.005
+ Phase Shift                   0.000
- CPPR Adjustment               0.000
+ Uncertainty                   0.020
= Required Time                 0.577
  Arrival Time                  0.831
  Slack Time                    0.254
     Clock Rise Edge                 0.000
     + Clock Network Latency (Prop)  0.562
     = Beginpoint Arrival Time       0.562
     +-----------------------------------------------------------------------------------------+ 
     |             Instance              |     Arc     |   Cell   | Delay | Arrival | Required | 
     |                                   |             |          |       |  Time   |   Time   | 
     |-----------------------------------+-------------+----------+-------+---------+----------| 
     | datapath/registers_RF_reg[10][13] | CK ^        |          |       |   0.562 |    0.308 | 
     | datapath/registers_RF_reg[10][13] | CK ^ -> Q ^ | SDFFR_X1 | 0.269 |   0.831 |    0.577 | 
     | datapath/registers_RF_reg[10][13] | SI ^        | SDFFR_X1 | 0.000 |   0.831 |    0.577 | 
     +-----------------------------------------------------------------------------------------+ 
Path 48: MET Hold Check with Pin datapath/registers_RF_reg[17][21]/CK 
Endpoint:   datapath/registers_RF_reg[17][21]/SI (^) checked with  leading edge 
of 'clk'
Beginpoint: datapath/registers_RF_reg[17][21]/Q  (^) triggered by  leading edge 
of 'clk'
Path Groups: {reg2reg}
Analysis View: RPT_SLOW
Other End Arrival Time          0.557
+ Hold                         -0.007
+ Phase Shift                   0.000
- CPPR Adjustment               0.000
+ Uncertainty                   0.020
= Required Time                 0.570
  Arrival Time                  0.824
  Slack Time                    0.254
     Clock Rise Edge                 0.000
     + Clock Network Latency (Prop)  0.556
     = Beginpoint Arrival Time       0.556
     +-----------------------------------------------------------------------------------------+ 
     |             Instance              |     Arc     |   Cell   | Delay | Arrival | Required | 
     |                                   |             |          |       |  Time   |   Time   | 
     |-----------------------------------+-------------+----------+-------+---------+----------| 
     | datapath/registers_RF_reg[17][21] | CK ^        |          |       |   0.556 |    0.302 | 
     | datapath/registers_RF_reg[17][21] | CK ^ -> Q ^ | SDFFR_X1 | 0.268 |   0.824 |    0.570 | 
     | datapath/registers_RF_reg[17][21] | SI ^        | SDFFR_X1 | 0.000 |   0.824 |    0.570 | 
     +-----------------------------------------------------------------------------------------+ 
Path 49: MET Hold Check with Pin datapath/registers_RF_reg[16][6]/CK 
Endpoint:   datapath/registers_RF_reg[16][6]/SI (^) checked with  leading edge 
of 'clk'
Beginpoint: datapath/registers_RF_reg[16][6]/Q  (^) triggered by  leading edge 
of 'clk'
Path Groups: {reg2reg}
Analysis View: RPT_SLOW
Other End Arrival Time          0.554
+ Hold                         -0.006
+ Phase Shift                   0.000
- CPPR Adjustment               0.000
+ Uncertainty                   0.020
= Required Time                 0.568
  Arrival Time                  0.822
  Slack Time                    0.254
     Clock Rise Edge                 0.000
     + Clock Network Latency (Prop)  0.553
     = Beginpoint Arrival Time       0.553
     +----------------------------------------------------------------------------------------+ 
     |             Instance             |     Arc     |   Cell   | Delay | Arrival | Required | 
     |                                  |             |          |       |  Time   |   Time   | 
     |----------------------------------+-------------+----------+-------+---------+----------| 
     | datapath/registers_RF_reg[16][6] | CK ^        |          |       |   0.553 |    0.299 | 
     | datapath/registers_RF_reg[16][6] | CK ^ -> Q ^ | SDFFR_X1 | 0.268 |   0.822 |    0.568 | 
     | datapath/registers_RF_reg[16][6] | SI ^        | SDFFR_X1 | 0.000 |   0.822 |    0.568 | 
     +----------------------------------------------------------------------------------------+ 
Path 50: MET Hold Check with Pin datapath/registers_RF_reg[4][1]/CK 
Endpoint:   datapath/registers_RF_reg[4][1]/SI (^) checked with  leading edge 
of 'clk'
Beginpoint: datapath/registers_RF_reg[4][1]/Q  (^) triggered by  leading edge 
of 'clk'
Path Groups: {reg2reg}
Analysis View: RPT_SLOW
Other End Arrival Time          0.564
+ Hold                         -0.006
+ Phase Shift                   0.000
- CPPR Adjustment               0.000
+ Uncertainty                   0.020
= Required Time                 0.578
  Arrival Time                  0.832
  Slack Time                    0.254
     Clock Rise Edge                 0.000
     + Clock Network Latency (Prop)  0.563
     = Beginpoint Arrival Time       0.563
     +---------------------------------------------------------------------------------------+ 
     |            Instance             |     Arc     |   Cell   | Delay | Arrival | Required | 
     |                                 |             |          |       |  Time   |   Time   | 
     |---------------------------------+-------------+----------+-------+---------+----------| 
     | datapath/registers_RF_reg[4][1] | CK ^        |          |       |   0.563 |    0.309 | 
     | datapath/registers_RF_reg[4][1] | CK ^ -> Q ^ | SDFFR_X1 | 0.269 |   0.832 |    0.578 | 
     | datapath/registers_RF_reg[4][1] | SI ^        | SDFFR_X1 | 0.000 |   0.832 |    0.578 | 
     +---------------------------------------------------------------------------------------+ 

