###############################################################
#  Generated by:      Cadence Innovus 23.12-s091_1
#  OS:                Linux x86_64(Host ID nanohub-2908156-5)
#  Generated on:      Wed Aug 12 14:56:20 2026
#  Design:            pipelined_cpu_core
#  Command:           report_timing -late  > reports/20_cts_setup.rpt
###############################################################
Path 1: MET Setup Check with Pin datapath/IFID_instr_reg[16]/CK 
Endpoint:   datapath/IFID_instr_reg[16]/D (^) checked with  leading edge of 
'clk'
Beginpoint: datapath/IFID_instr_reg[20]/Q (^) triggered by  leading edge of 
'clk'
Path Groups: {clk}
Analysis View: WC_VIEW
Other End Arrival Time         -0.021
- Setup                         0.083
+ Phase Shift                   4.100
+ CPPR Adjustment               0.000
- Uncertainty                   0.100
= Required Time                 3.897
- Arrival Time                  3.866
= Slack Time                    0.030
     Clock Rise Edge                 0.000
     + Clock Network Latency (Prop)  -0.014
     = Beginpoint Arrival Time       -0.014
     +--------------------------------------------------------------------------------------------+ 
     |              Instance              |     Arc      |   Cell    | Delay | Arrival | Required | 
     |                                    |              |           |       |  Time   |   Time   | 
     |------------------------------------+--------------+-----------+-------+---------+----------| 
     | datapath/IFID_instr_reg[20]        | CK ^         |           |       |  -0.014 |    0.017 | 
     | datapath/IFID_instr_reg[20]        | CK ^ -> Q ^  | DFFR_X1   | 0.420 |   0.406 |    0.437 | 
     | datapath/FE_OFC254_IFID_rs2_0      | A ^ -> Z ^   | CLKBUF_X1 | 0.328 |   0.735 |    0.765 | 
     | branch_forward/g1277__1705         | A ^ -> ZN ^  | XNOR2_X1  | 0.179 |   0.914 |    0.944 | 
     | branch_forward/g1259__2883         | A1 ^ -> ZN ^ | AND3_X1   | 0.197 |   1.111 |    1.141 | 
     | branch_forward/g1255__4733         | A1 ^ -> ZN v | NOR2_X1   | 0.054 |   1.164 |    1.195 | 
     | datapath/g26699                    | A1 v -> ZN ^ | NOR2_X1   | 0.077 |   1.241 |    1.271 | 
     | datapath/g26648                    | A1 ^ -> ZN ^ | OR2_X1    | 0.213 |   1.454 |    1.485 | 
     | datapath/FE_OFC225_n_780           | A ^ -> ZN v  | INV_X2    | 0.087 |   1.541 |    1.572 | 
     | datapath/FE_OFC226_n_780           | A v -> ZN ^  | INV_X1    | 0.238 |   1.780 |    1.810 | 
     | datapath/g26375                    | B1 ^ -> ZN v | OAI221_X1 | 0.118 |   1.898 |    1.928 | 
     | datapath/FE_OFC180_n_1079          | A v -> Z v   | CLKBUF_X1 | 0.153 |   2.050 |    2.081 | 
     | datapath/LT_TC_OP_g1804            | A2 v -> ZN v | AND2_X1   | 0.129 |   2.180 |    2.210 | 
     | datapath/LT_TC_OP_g1781            | A v -> ZN ^  | AOI21_X1  | 0.180 |   2.359 |    2.390 | 
     | datapath/LT_TC_OP_g1776            | A ^ -> ZN v  | INV_X1    | 0.040 |   2.399 |    2.429 | 
     | datapath/LT_TC_OP_g1765            | B v -> ZN ^  | AOI211_X1 | 0.255 |   2.654 |    2.684 | 
     | datapath/LT_TC_OP_g1747            | C2 ^ -> ZN v | AOI221_X4 | 0.190 |   2.844 |    2.874 | 
     | datapath/FE_RC_17_0                | C1 v -> ZN ^ | OAI221_X1 | 0.115 |   2.959 |    2.989 | 
     | datapath/LT_TC_OP_g1745            | C1 ^ -> ZN v | AOI221_X1 | 0.072 |   3.031 |    3.062 | 
     | datapath/FE_OFC491_IFID_lessThan   | A v -> Z v   | BUF_X2    | 0.111 |   3.143 |    3.173 | 
     | datapath/g16081                    | A1 v -> ZN v | AND2_X4   | 0.084 |   3.227 |    3.257 | 
     | datapath/g16079                    | A1 v -> ZN v | OR2_X4    | 0.155 |   3.382 |    3.412 | 
     | datapath/FE_OFC681_IFID_takeBranch | A v -> Z v   | BUF_X2    | 0.107 |   3.489 |    3.519 | 
     | g1059                              | A1 v -> ZN v | AND2_X1   | 0.110 |   3.599 |    3.629 | 
     | datapath/FE_OFC720_IFID_flush      | A v -> ZN ^  | INV_X1    | 0.097 |   3.696 |    3.727 | 
     | datapath/FE_OFC721_IFID_flush      | A ^ -> ZN v  | INV_X4    | 0.071 |   3.767 |    3.797 | 
     | datapath/g35457                    | A1 v -> ZN ^ | NOR2_X1   | 0.100 |   3.866 |    3.897 | 
     | datapath/IFID_instr_reg[16]        | D ^          | DFFR_X1   | 0.000 |   3.866 |    3.897 | 
     +--------------------------------------------------------------------------------------------+ 

