###############################################################
#  Generated by:      Cadence Innovus 23.12-s091_1
#  OS:                Linux x86_64(Host ID nanohub-2907946-1)
#  Generated on:      Tue Aug 11 17:42:32 2026
#  Design:            pipelined_cpu_core
#  Command:           report_timing -late  -view RPT_FAST -max_paths 50 -nworst 1 > reports/40_setup_fast.rpt
###############################################################
Path 1: MET Late External Delay Assertion 
Endpoint:   dbg_wb_data[28]               (v) checked with  leading edge of 
'clk'
Beginpoint: datapath/MEMWB_memToReg_reg/Q (^) triggered by  leading edge of 
'clk'
Path Groups: {clk}
Analysis View: RPT_FAST
Other End Arrival Time          0.000
- External Delay                1.230
+ Phase Shift                   4.100
+ CPPR Adjustment               0.000
- Uncertainty                   0.100
= Required Time                 2.770
- Arrival Time                  0.416
= Slack Time                    2.354
     Clock Rise Edge                 0.000
     + Clock Network Latency (Prop)  0.141
     = Beginpoint Arrival Time       0.141
     +----------------------------------------------------------------------------------------------------+ 
     |               Instance                |        Arc        |   Cell    | Delay | Arrival | Required | 
     |                                       |                   |           |       |  Time   |   Time   | 
     |---------------------------------------+-------------------+-----------+-------+---------+----------| 
     | datapath/MEMWB_memToReg_reg           | CK ^              |           |       |   0.141 |    2.495 | 
     | datapath/MEMWB_memToReg_reg           | CK ^ -> Q ^       | DFFR_X1   | 0.066 |   0.207 |    2.561 | 
     | datapath/FE_OFC313_n_1340             | A ^ -> ZN v       | INV_X4    | 0.011 |   0.218 |    2.572 | 
     | datapath/FE_OCPC473_n_1305            | A v -> Z v        | CLKBUF_X1 | 0.065 |   0.284 |    2.638 | 
     | datapath/FE_OFC598_FE_OCPN1315_n_1305 | A v -> ZN ^       | INV_X1    | 0.055 |   0.338 |    2.692 | 
     | datapath/g26763                       | S ^ -> Z v        | MUX2_X2   | 0.078 |   0.416 |    2.770 | 
     |                                       | dbg_wb_data[28] v |           | 0.000 |   0.416 |    2.770 | 
     +----------------------------------------------------------------------------------------------------+ 
Path 2: MET Late External Delay Assertion 
Endpoint:   dbg_wb_data[31]               (v) checked with  leading edge of 
'clk'
Beginpoint: datapath/MEMWB_memToReg_reg/Q (^) triggered by  leading edge of 
'clk'
Path Groups: {clk}
Analysis View: RPT_FAST
Other End Arrival Time          0.000
- External Delay                1.230
+ Phase Shift                   4.100
+ CPPR Adjustment               0.000
- Uncertainty                   0.100
= Required Time                 2.770
- Arrival Time                  0.414
= Slack Time                    2.356
     Clock Rise Edge                 0.000
     + Clock Network Latency (Prop)  0.141
     = Beginpoint Arrival Time       0.141
     +----------------------------------------------------------------------------------------------------+ 
     |               Instance                |        Arc        |   Cell    | Delay | Arrival | Required | 
     |                                       |                   |           |       |  Time   |   Time   | 
     |---------------------------------------+-------------------+-----------+-------+---------+----------| 
     | datapath/MEMWB_memToReg_reg           | CK ^              |           |       |   0.141 |    2.497 | 
     | datapath/MEMWB_memToReg_reg           | CK ^ -> Q ^       | DFFR_X1   | 0.066 |   0.207 |    2.564 | 
     | datapath/FE_OFC313_n_1340             | A ^ -> ZN v       | INV_X4    | 0.011 |   0.219 |    2.575 | 
     | datapath/FE_OCPC473_n_1305            | A v -> Z v        | CLKBUF_X1 | 0.065 |   0.284 |    2.640 | 
     | datapath/FE_OFC598_FE_OCPN1315_n_1305 | A v -> ZN ^       | INV_X1    | 0.055 |   0.338 |    2.695 | 
     | datapath/g26764                       | S ^ -> Z v        | MUX2_X2   | 0.075 |   0.414 |    2.770 | 
     |                                       | dbg_wb_data[31] v |           | 0.000 |   0.414 |    2.770 | 
     +----------------------------------------------------------------------------------------------------+ 
Path 3: MET Late External Delay Assertion 
Endpoint:   dbg_wb_data[30]               (v) checked with  leading edge of 
'clk'
Beginpoint: datapath/MEMWB_memToReg_reg/Q (^) triggered by  leading edge of 
'clk'
Path Groups: {clk}
Analysis View: RPT_FAST
Other End Arrival Time          0.000
- External Delay                1.230
+ Phase Shift                   4.100
+ CPPR Adjustment               0.000
- Uncertainty                   0.100
= Required Time                 2.770
- Arrival Time                  0.413
= Slack Time                    2.357
     Clock Rise Edge                 0.000
     + Clock Network Latency (Prop)  0.141
     = Beginpoint Arrival Time       0.141
     +----------------------------------------------------------------------------------------------------+ 
     |               Instance                |        Arc        |   Cell    | Delay | Arrival | Required | 
     |                                       |                   |           |       |  Time   |   Time   | 
     |---------------------------------------+-------------------+-----------+-------+---------+----------| 
     | datapath/MEMWB_memToReg_reg           | CK ^              |           |       |   0.141 |    2.498 | 
     | datapath/MEMWB_memToReg_reg           | CK ^ -> Q ^       | DFFR_X1   | 0.066 |   0.207 |    2.564 | 
     | datapath/FE_OFC313_n_1340             | A ^ -> ZN v       | INV_X4    | 0.011 |   0.218 |    2.576 | 
     | datapath/FE_OCPC473_n_1305            | A v -> Z v        | CLKBUF_X1 | 0.065 |   0.284 |    2.641 | 
     | datapath/FE_OFC598_FE_OCPN1315_n_1305 | A v -> ZN ^       | INV_X1    | 0.055 |   0.338 |    2.695 | 
     | datapath/g26765                       | S ^ -> Z v        | MUX2_X2   | 0.074 |   0.413 |    2.770 | 
     |                                       | dbg_wb_data[30] v |           | 0.000 |   0.413 |    2.770 | 
     +----------------------------------------------------------------------------------------------------+ 
Path 4: MET Late External Delay Assertion 
Endpoint:   dbg_wb_data[25]               (v) checked with  leading edge of 
'clk'
Beginpoint: datapath/MEMWB_memToReg_reg/Q (^) triggered by  leading edge of 
'clk'
Path Groups: {clk}
Analysis View: RPT_FAST
Other End Arrival Time          0.000
- External Delay                1.230
+ Phase Shift                   4.100
+ CPPR Adjustment               0.000
- Uncertainty                   0.100
= Required Time                 2.770
- Arrival Time                  0.412
= Slack Time                    2.358
     Clock Rise Edge                 0.000
     + Clock Network Latency (Prop)  0.141
     = Beginpoint Arrival Time       0.141
     +----------------------------------------------------------------------------------------------------+ 
     |               Instance                |        Arc        |   Cell    | Delay | Arrival | Required | 
     |                                       |                   |           |       |  Time   |   Time   | 
     |---------------------------------------+-------------------+-----------+-------+---------+----------| 
     | datapath/MEMWB_memToReg_reg           | CK ^              |           |       |   0.141 |    2.499 | 
     | datapath/MEMWB_memToReg_reg           | CK ^ -> Q ^       | DFFR_X1   | 0.066 |   0.207 |    2.566 | 
     | datapath/FE_OFC313_n_1340             | A ^ -> ZN v       | INV_X4    | 0.011 |   0.218 |    2.577 | 
     | datapath/FE_OCPC473_n_1305            | A v -> Z v        | CLKBUF_X1 | 0.065 |   0.284 |    2.642 | 
     | datapath/FE_OFC598_FE_OCPN1315_n_1305 | A v -> ZN ^       | INV_X1    | 0.055 |   0.338 |    2.697 | 
     | datapath/g26761                       | S ^ -> Z v        | MUX2_X2   | 0.073 |   0.412 |    2.770 | 
     |                                       | dbg_wb_data[25] v |           | 0.000 |   0.412 |    2.770 | 
     +----------------------------------------------------------------------------------------------------+ 
Path 5: MET Late External Delay Assertion 
Endpoint:   dbg_wb_data[26]               (v) checked with  leading edge of 
'clk'
Beginpoint: datapath/MEMWB_memToReg_reg/Q (^) triggered by  leading edge of 
'clk'
Path Groups: {clk}
Analysis View: RPT_FAST
Other End Arrival Time          0.000
- External Delay                1.230
+ Phase Shift                   4.100
+ CPPR Adjustment               0.000
- Uncertainty                   0.100
= Required Time                 2.770
- Arrival Time                  0.411
= Slack Time                    2.359
     Clock Rise Edge                 0.000
     + Clock Network Latency (Prop)  0.141
     = Beginpoint Arrival Time       0.141
     +----------------------------------------------------------------------------------------------------+ 
     |               Instance                |        Arc        |   Cell    | Delay | Arrival | Required | 
     |                                       |                   |           |       |  Time   |   Time   | 
     |---------------------------------------+-------------------+-----------+-------+---------+----------| 
     | datapath/MEMWB_memToReg_reg           | CK ^              |           |       |   0.141 |    2.500 | 
     | datapath/MEMWB_memToReg_reg           | CK ^ -> Q ^       | DFFR_X1   | 0.066 |   0.207 |    2.566 | 
     | datapath/FE_OFC313_n_1340             | A ^ -> ZN v       | INV_X4    | 0.011 |   0.218 |    2.577 | 
     | datapath/FE_OCPC473_n_1305            | A v -> Z v        | CLKBUF_X1 | 0.065 |   0.284 |    2.643 | 
     | datapath/FE_OFC598_FE_OCPN1315_n_1305 | A v -> ZN ^       | INV_X1    | 0.055 |   0.338 |    2.697 | 
     | datapath/g26766                       | S ^ -> Z v        | MUX2_X2   | 0.073 |   0.411 |    2.770 | 
     |                                       | dbg_wb_data[26] v |           | 0.000 |   0.411 |    2.770 | 
     +----------------------------------------------------------------------------------------------------+ 
Path 6: MET Late External Delay Assertion 
Endpoint:   dbg_wb_data[29]               (v) checked with  leading edge of 
'clk'
Beginpoint: datapath/MEMWB_memToReg_reg/Q (^) triggered by  leading edge of 
'clk'
Path Groups: {clk}
Analysis View: RPT_FAST
Other End Arrival Time          0.000
- External Delay                1.230
+ Phase Shift                   4.100
+ CPPR Adjustment               0.000
- Uncertainty                   0.100
= Required Time                 2.770
- Arrival Time                  0.410
= Slack Time                    2.360
     Clock Rise Edge                 0.000
     + Clock Network Latency (Prop)  0.141
     = Beginpoint Arrival Time       0.141
     +----------------------------------------------------------------------------------------------------+ 
     |               Instance                |        Arc        |   Cell    | Delay | Arrival | Required | 
     |                                       |                   |           |       |  Time   |   Time   | 
     |---------------------------------------+-------------------+-----------+-------+---------+----------| 
     | datapath/MEMWB_memToReg_reg           | CK ^              |           |       |   0.141 |    2.501 | 
     | datapath/MEMWB_memToReg_reg           | CK ^ -> Q ^       | DFFR_X1   | 0.066 |   0.207 |    2.567 | 
     | datapath/FE_OFC313_n_1340             | A ^ -> ZN v       | INV_X4    | 0.011 |   0.219 |    2.579 | 
     | datapath/FE_OCPC473_n_1305            | A v -> Z v        | CLKBUF_X1 | 0.065 |   0.284 |    2.644 | 
     | datapath/FE_OFC598_FE_OCPN1315_n_1305 | A v -> ZN ^       | INV_X1    | 0.055 |   0.338 |    2.698 | 
     | datapath/g26762                       | S ^ -> Z v        | MUX2_X2   | 0.072 |   0.410 |    2.770 | 
     |                                       | dbg_wb_data[29] v |           | 0.000 |   0.410 |    2.770 | 
     +----------------------------------------------------------------------------------------------------+ 
Path 7: MET Late External Delay Assertion 
Endpoint:   dbg_wb_data[22]               (^) checked with  leading edge of 
'clk'
Beginpoint: datapath/MEMWB_memToReg_reg/Q (^) triggered by  leading edge of 
'clk'
Path Groups: {clk}
Analysis View: RPT_FAST
Other End Arrival Time          0.000
- External Delay                1.230
+ Phase Shift                   4.100
+ CPPR Adjustment               0.000
- Uncertainty                   0.100
= Required Time                 2.770
- Arrival Time                  0.377
= Slack Time                    2.393
     Clock Rise Edge                 0.000
     + Clock Network Latency (Prop)  0.141
     = Beginpoint Arrival Time       0.141
     +------------------------------------------------------------------------------------------+ 
     |          Instance           |        Arc        |   Cell    | Delay | Arrival | Required | 
     |                             |                   |           |       |  Time   |   Time   | 
     |-----------------------------+-------------------+-----------+-------+---------+----------| 
     | datapath/MEMWB_memToReg_reg | CK ^              |           |       |   0.141 |    2.534 | 
     | datapath/MEMWB_memToReg_reg | CK ^ -> Q ^       | DFFR_X1   | 0.066 |   0.207 |    2.600 | 
     | datapath/FE_OFC313_n_1340   | A ^ -> ZN v       | INV_X4    | 0.011 |   0.218 |    2.611 | 
     | datapath/FE_OCPC473_n_1305  | A v -> Z v        | CLKBUF_X1 | 0.065 |   0.284 |    2.676 | 
     | datapath/g26801             | S v -> Z v        | MUX2_X1   | 0.051 |   0.335 |    2.728 | 
     | datapath/FE_DBTC22_n_100    | A v -> ZN ^       | INV_X2    | 0.042 |   0.377 |    2.770 | 
     |                             | dbg_wb_data[22] ^ |           | 0.000 |   0.377 |    2.770 | 
     +------------------------------------------------------------------------------------------+ 
Path 8: MET Late External Delay Assertion 
Endpoint:   dbg_wb_data[11]               (^) checked with  leading edge of 
'clk'
Beginpoint: datapath/MEMWB_memToReg_reg/Q (^) triggered by  leading edge of 
'clk'
Path Groups: {clk}
Analysis View: RPT_FAST
Other End Arrival Time          0.000
- External Delay                1.230
+ Phase Shift                   4.100
+ CPPR Adjustment               0.000
- Uncertainty                   0.100
= Required Time                 2.770
- Arrival Time                  0.376
= Slack Time                    2.394
     Clock Rise Edge                 0.000
     + Clock Network Latency (Prop)  0.141
     = Beginpoint Arrival Time       0.141
     +------------------------------------------------------------------------------------------+ 
     |          Instance           |        Arc        |   Cell    | Delay | Arrival | Required | 
     |                             |                   |           |       |  Time   |   Time   | 
     |-----------------------------+-------------------+-----------+-------+---------+----------| 
     | datapath/MEMWB_memToReg_reg | CK ^              |           |       |   0.141 |    2.535 | 
     | datapath/MEMWB_memToReg_reg | CK ^ -> Q ^       | DFFR_X1   | 0.066 |   0.207 |    2.601 | 
     | datapath/FE_OFC313_n_1340   | A ^ -> ZN v       | INV_X4    | 0.011 |   0.218 |    2.612 | 
     | datapath/FE_OCPC473_n_1305  | A v -> Z v        | CLKBUF_X1 | 0.065 |   0.284 |    2.678 | 
     | datapath/g26803             | S v -> Z v        | MUX2_X1   | 0.052 |   0.336 |    2.730 | 
     | datapath/FE_DBTC14_n_79     | A v -> ZN ^       | INV_X2    | 0.040 |   0.376 |    2.770 | 
     |                             | dbg_wb_data[11] ^ |           | 0.000 |   0.376 |    2.770 | 
     +------------------------------------------------------------------------------------------+ 
Path 9: MET Late External Delay Assertion 
Endpoint:   dbg_wb_data[12]               (^) checked with  leading edge of 
'clk'
Beginpoint: datapath/MEMWB_memToReg_reg/Q (^) triggered by  leading edge of 
'clk'
Path Groups: {clk}
Analysis View: RPT_FAST
Other End Arrival Time          0.000
- External Delay                1.230
+ Phase Shift                   4.100
+ CPPR Adjustment               0.000
- Uncertainty                   0.100
= Required Time                 2.770
- Arrival Time                  0.375
= Slack Time                    2.395
     Clock Rise Edge                 0.000
     + Clock Network Latency (Prop)  0.141
     = Beginpoint Arrival Time       0.141
     +------------------------------------------------------------------------------------------+ 
     |          Instance           |        Arc        |   Cell    | Delay | Arrival | Required | 
     |                             |                   |           |       |  Time   |   Time   | 
     |-----------------------------+-------------------+-----------+-------+---------+----------| 
     | datapath/MEMWB_memToReg_reg | CK ^              |           |       |   0.141 |    2.536 | 
     | datapath/MEMWB_memToReg_reg | CK ^ -> Q ^       | DFFR_X1   | 0.066 |   0.207 |    2.602 | 
     | datapath/FE_OFC313_n_1340   | A ^ -> ZN v       | INV_X4    | 0.011 |   0.218 |    2.613 | 
     | datapath/FE_OCPC473_n_1305  | A v -> Z v        | CLKBUF_X1 | 0.065 |   0.284 |    2.679 | 
     | datapath/g26802             | S v -> Z v        | MUX2_X1   | 0.051 |   0.335 |    2.730 | 
     | datapath/FE_DBTC15_n_94     | A v -> ZN ^       | INV_X2    | 0.040 |   0.375 |    2.770 | 
     |                             | dbg_wb_data[12] ^ |           | 0.000 |   0.375 |    2.770 | 
     +------------------------------------------------------------------------------------------+ 
Path 10: MET Late External Delay Assertion 
Endpoint:   dbg_wb_data[24]               (^) checked with  leading edge of 
'clk'
Beginpoint: datapath/MEMWB_memToReg_reg/Q (^) triggered by  leading edge of 
'clk'
Path Groups: {clk}
Analysis View: RPT_FAST
Other End Arrival Time          0.000
- External Delay                1.230
+ Phase Shift                   4.100
+ CPPR Adjustment               0.000
- Uncertainty                   0.100
= Required Time                 2.770
- Arrival Time                  0.374
= Slack Time                    2.396
     Clock Rise Edge                 0.000
     + Clock Network Latency (Prop)  0.141
     = Beginpoint Arrival Time       0.141
     +------------------------------------------------------------------------------------------+ 
     |          Instance           |        Arc        |   Cell    | Delay | Arrival | Required | 
     |                             |                   |           |       |  Time   |   Time   | 
     |-----------------------------+-------------------+-----------+-------+---------+----------| 
     | datapath/MEMWB_memToReg_reg | CK ^              |           |       |   0.141 |    2.537 | 
     | datapath/MEMWB_memToReg_reg | CK ^ -> Q ^       | DFFR_X1   | 0.066 |   0.207 |    2.603 | 
     | datapath/FE_OFC313_n_1340   | A ^ -> ZN v       | INV_X4    | 0.011 |   0.219 |    2.614 | 
     | datapath/FE_OCPC473_n_1305  | A v -> Z v        | CLKBUF_X1 | 0.065 |   0.284 |    2.680 | 
     | datapath/g26793             | S v -> Z v        | MUX2_X1   | 0.050 |   0.334 |    2.730 | 
     | datapath/FE_DBTC23_n_28     | A v -> ZN ^       | INV_X2    | 0.040 |   0.374 |    2.770 | 
     |                             | dbg_wb_data[24] ^ |           | 0.000 |   0.374 |    2.770 | 
     +------------------------------------------------------------------------------------------+ 
Path 11: MET Late External Delay Assertion 
Endpoint:   dbg_wb_data[13]               (^) checked with  leading edge of 
'clk'
Beginpoint: datapath/MEMWB_memToReg_reg/Q (^) triggered by  leading edge of 
'clk'
Path Groups: {clk}
Analysis View: RPT_FAST
Other End Arrival Time          0.000
- External Delay                1.230
+ Phase Shift                   4.100
+ CPPR Adjustment               0.000
- Uncertainty                   0.100
= Required Time                 2.770
- Arrival Time                  0.372
= Slack Time                    2.398
     Clock Rise Edge                 0.000
     + Clock Network Latency (Prop)  0.141
     = Beginpoint Arrival Time       0.141
     +------------------------------------------------------------------------------------------+ 
     |          Instance           |        Arc        |   Cell    | Delay | Arrival | Required | 
     |                             |                   |           |       |  Time   |   Time   | 
     |-----------------------------+-------------------+-----------+-------+---------+----------| 
     | datapath/MEMWB_memToReg_reg | CK ^              |           |       |   0.141 |    2.539 | 
     | datapath/MEMWB_memToReg_reg | CK ^ -> Q ^       | DFFR_X1   | 0.066 |   0.207 |    2.605 | 
     | datapath/FE_OFC313_n_1340   | A ^ -> ZN v       | INV_X4    | 0.011 |   0.218 |    2.616 | 
     | datapath/FE_OCPC473_n_1305  | A v -> Z v        | CLKBUF_X1 | 0.065 |   0.284 |    2.682 | 
     | datapath/g26800             | S v -> Z v        | MUX2_X1   | 0.051 |   0.335 |    2.732 | 
     | datapath/FE_DBTC16_n_31     | A v -> ZN ^       | INV_X2    | 0.037 |   0.372 |    2.770 | 
     |                             | dbg_wb_data[13] ^ |           | 0.000 |   0.372 |    2.770 | 
     +------------------------------------------------------------------------------------------+ 
Path 12: MET Late External Delay Assertion 
Endpoint:   dbg_wb_data[17]               (^) checked with  leading edge of 
'clk'
Beginpoint: datapath/MEMWB_memToReg_reg/Q (^) triggered by  leading edge of 
'clk'
Path Groups: {clk}
Analysis View: RPT_FAST
Other End Arrival Time          0.000
- External Delay                1.230
+ Phase Shift                   4.100
+ CPPR Adjustment               0.000
- Uncertainty                   0.100
= Required Time                 2.770
- Arrival Time                  0.366
= Slack Time                    2.404
     Clock Rise Edge                 0.000
     + Clock Network Latency (Prop)  0.141
     = Beginpoint Arrival Time       0.141
     +------------------------------------------------------------------------------------------+ 
     |          Instance           |        Arc        |   Cell    | Delay | Arrival | Required | 
     |                             |                   |           |       |  Time   |   Time   | 
     |-----------------------------+-------------------+-----------+-------+---------+----------| 
     | datapath/MEMWB_memToReg_reg | CK ^              |           |       |   0.141 |    2.545 | 
     | datapath/MEMWB_memToReg_reg | CK ^ -> Q ^       | DFFR_X1   | 0.066 |   0.207 |    2.612 | 
     | datapath/FE_OFC313_n_1340   | A ^ -> ZN v       | INV_X4    | 0.011 |   0.218 |    2.623 | 
     | datapath/FE_OCPC473_n_1305  | A v -> Z v        | CLKBUF_X1 | 0.065 |   0.284 |    2.688 | 
     | datapath/g26794             | S v -> Z ^        | MUX2_X2   | 0.082 |   0.366 |    2.770 | 
     |                             | dbg_wb_data[17] ^ |           | 0.000 |   0.366 |    2.770 | 
     +------------------------------------------------------------------------------------------+ 
Path 13: MET Late External Delay Assertion 
Endpoint:   dbg_wb_data[19]               (^) checked with  leading edge of 
'clk'
Beginpoint: datapath/MEMWB_memToReg_reg/Q (^) triggered by  leading edge of 
'clk'
Path Groups: {clk}
Analysis View: RPT_FAST
Other End Arrival Time          0.000
- External Delay                1.230
+ Phase Shift                   4.100
+ CPPR Adjustment               0.000
- Uncertainty                   0.100
= Required Time                 2.770
- Arrival Time                  0.364
= Slack Time                    2.406
     Clock Rise Edge                 0.000
     + Clock Network Latency (Prop)  0.141
     = Beginpoint Arrival Time       0.141
     +------------------------------------------------------------------------------------------+ 
     |          Instance           |        Arc        |   Cell    | Delay | Arrival | Required | 
     |                             |                   |           |       |  Time   |   Time   | 
     |-----------------------------+-------------------+-----------+-------+---------+----------| 
     | datapath/MEMWB_memToReg_reg | CK ^              |           |       |   0.141 |    2.547 | 
     | datapath/MEMWB_memToReg_reg | CK ^ -> Q ^       | DFFR_X1   | 0.066 |   0.207 |    2.613 | 
     | datapath/FE_OFC313_n_1340   | A ^ -> ZN v       | INV_X4    | 0.011 |   0.218 |    2.624 | 
     | datapath/FE_OCPC473_n_1305  | A v -> Z v        | CLKBUF_X1 | 0.065 |   0.284 |    2.689 | 
     | datapath/g26808             | S v -> Z v        | MUX2_X1   | 0.057 |   0.341 |    2.747 | 
     | datapath/FE_DBTC20_n_34     | A v -> ZN ^       | INV_X4    | 0.023 |   0.364 |    2.770 | 
     |                             | dbg_wb_data[19] ^ |           | 0.000 |   0.364 |    2.770 | 
     +------------------------------------------------------------------------------------------+ 
Path 14: MET Late External Delay Assertion 
Endpoint:   dbg_wb_data[10]               (^) checked with  leading edge of 
'clk'
Beginpoint: datapath/MEMWB_memToReg_reg/Q (v) triggered by  leading edge of 
'clk'
Path Groups: {clk}
Analysis View: RPT_FAST
Other End Arrival Time          0.000
- External Delay                1.230
+ Phase Shift                   4.100
+ CPPR Adjustment               0.000
- Uncertainty                   0.100
= Required Time                 2.770
- Arrival Time                  0.359
= Slack Time                    2.411
     Clock Rise Edge                 0.000
     + Clock Network Latency (Prop)  0.141
     = Beginpoint Arrival Time       0.141
     +----------------------------------------------------------------------------------------+ 
     |          Instance           |        Arc        |  Cell   | Delay | Arrival | Required | 
     |                             |                   |         |       |  Time   |   Time   | 
     |-----------------------------+-------------------+---------+-------+---------+----------| 
     | datapath/MEMWB_memToReg_reg | CK ^              |         |       |   0.141 |    2.552 | 
     | datapath/MEMWB_memToReg_reg | CK ^ -> Q v       | DFFR_X1 | 0.060 |   0.201 |    2.612 | 
     | datapath/FE_OFC313_n_1340   | A v -> ZN ^       | INV_X4  | 0.014 |   0.215 |    2.627 | 
     | datapath/FE_OFC316_n_1340   | A ^ -> Z ^        | BUF_X1  | 0.049 |   0.264 |    2.676 | 
     | datapath/g26807             | S ^ -> Z v        | MUX2_X1 | 0.051 |   0.316 |    2.727 | 
     | datapath/FE_DBTC13_n_37     | A v -> ZN ^       | INV_X2  | 0.043 |   0.359 |    2.770 | 
     |                             | dbg_wb_data[10] ^ |         | 0.000 |   0.359 |    2.770 | 
     +----------------------------------------------------------------------------------------+ 
Path 15: MET Late External Delay Assertion 
Endpoint:   dbg_wb_data[21]               (^) checked with  leading edge of 
'clk'
Beginpoint: datapath/MEMWB_memToReg_reg/Q (v) triggered by  leading edge of 
'clk'
Path Groups: {clk}
Analysis View: RPT_FAST
Other End Arrival Time          0.000
- External Delay                1.230
+ Phase Shift                   4.100
+ CPPR Adjustment               0.000
- Uncertainty                   0.100
= Required Time                 2.770
- Arrival Time                  0.357
= Slack Time                    2.413
     Clock Rise Edge                 0.000
     + Clock Network Latency (Prop)  0.141
     = Beginpoint Arrival Time       0.141
     +----------------------------------------------------------------------------------------+ 
     |          Instance           |        Arc        |  Cell   | Delay | Arrival | Required | 
     |                             |                   |         |       |  Time   |   Time   | 
     |-----------------------------+-------------------+---------+-------+---------+----------| 
     | datapath/MEMWB_memToReg_reg | CK ^              |         |       |   0.141 |    2.554 | 
     | datapath/MEMWB_memToReg_reg | CK ^ -> Q v       | DFFR_X1 | 0.060 |   0.201 |    2.614 | 
     | datapath/FE_OFC313_n_1340   | A v -> ZN ^       | INV_X4  | 0.014 |   0.215 |    2.629 | 
     | datapath/FE_OFC316_n_1340   | A ^ -> Z ^        | BUF_X1  | 0.049 |   0.264 |    2.678 | 
     | datapath/g26769             | S ^ -> Z v        | MUX2_X1 | 0.050 |   0.315 |    2.728 | 
     | datapath/FE_DBTC21_n_46     | A v -> ZN ^       | INV_X2  | 0.042 |   0.357 |    2.770 | 
     |                             | dbg_wb_data[21] ^ |         | 0.000 |   0.357 |    2.770 | 
     +----------------------------------------------------------------------------------------+ 
Path 16: MET Late External Delay Assertion 
Endpoint:   dbg_wb_data[9]                (^) checked with  leading edge of 
'clk'
Beginpoint: datapath/MEMWB_memToReg_reg/Q (v) triggered by  leading edge of 
'clk'
Path Groups: {clk}
Analysis View: RPT_FAST
Other End Arrival Time          0.000
- External Delay                1.230
+ Phase Shift                   4.100
+ CPPR Adjustment               0.000
- Uncertainty                   0.100
= Required Time                 2.770
- Arrival Time                  0.357
= Slack Time                    2.413
     Clock Rise Edge                 0.000
     + Clock Network Latency (Prop)  0.141
     = Beginpoint Arrival Time       0.141
     +---------------------------------------------------------------------------------------+ 
     |          Instance           |       Arc        |  Cell   | Delay | Arrival | Required | 
     |                             |                  |         |       |  Time   |   Time   | 
     |-----------------------------+------------------+---------+-------+---------+----------| 
     | datapath/MEMWB_memToReg_reg | CK ^             |         |       |   0.141 |    2.554 | 
     | datapath/MEMWB_memToReg_reg | CK ^ -> Q v      | DFFR_X1 | 0.060 |   0.201 |    2.615 | 
     | datapath/FE_OFC313_n_1340   | A v -> ZN ^      | INV_X4  | 0.014 |   0.215 |    2.629 | 
     | datapath/FE_OFC316_n_1340   | A ^ -> Z ^       | BUF_X1  | 0.049 |   0.264 |    2.678 | 
     | datapath/g26805             | S ^ -> Z v       | MUX2_X1 | 0.051 |   0.315 |    2.729 | 
     | datapath/FE_DBTC12_n_82     | A v -> ZN ^      | INV_X2  | 0.041 |   0.357 |    2.770 | 
     |                             | dbg_wb_data[9] ^ |         | 0.000 |   0.357 |    2.770 | 
     +---------------------------------------------------------------------------------------+ 
Path 17: MET Late External Delay Assertion 
Endpoint:   dbg_wb_data[18]               (^) checked with  leading edge of 
'clk'
Beginpoint: datapath/MEMWB_memToReg_reg/Q (v) triggered by  leading edge of 
'clk'
Path Groups: {clk}
Analysis View: RPT_FAST
Other End Arrival Time          0.000
- External Delay                1.230
+ Phase Shift                   4.100
+ CPPR Adjustment               0.000
- Uncertainty                   0.100
= Required Time                 2.770
- Arrival Time                  0.355
= Slack Time                    2.415
     Clock Rise Edge                 0.000
     + Clock Network Latency (Prop)  0.141
     = Beginpoint Arrival Time       0.141
     +----------------------------------------------------------------------------------------+ 
     |          Instance           |        Arc        |  Cell   | Delay | Arrival | Required | 
     |                             |                   |         |       |  Time   |   Time   | 
     |-----------------------------+-------------------+---------+-------+---------+----------| 
     | datapath/MEMWB_memToReg_reg | CK ^              |         |       |   0.141 |    2.556 | 
     | datapath/MEMWB_memToReg_reg | CK ^ -> Q v       | DFFR_X1 | 0.060 |   0.201 |    2.616 | 
     | datapath/FE_OFC313_n_1340   | A v -> ZN ^       | INV_X4  | 0.014 |   0.215 |    2.630 | 
     | datapath/FE_OFC316_n_1340   | A ^ -> Z ^        | BUF_X1  | 0.049 |   0.264 |    2.679 | 
     | datapath/g26768             | S ^ -> Z v        | MUX2_X1 | 0.048 |   0.312 |    2.727 | 
     | datapath/FE_DBTC19_n_58     | A v -> ZN ^       | INV_X2  | 0.043 |   0.355 |    2.770 | 
     |                             | dbg_wb_data[18] ^ |         | 0.000 |   0.355 |    2.770 | 
     +----------------------------------------------------------------------------------------+ 
Path 18: MET Late External Delay Assertion 
Endpoint:   dbg_wb_data[15]               (^) checked with  leading edge of 
'clk'
Beginpoint: datapath/MEMWB_memToReg_reg/Q (v) triggered by  leading edge of 
'clk'
Path Groups: {clk}
Analysis View: RPT_FAST
Other End Arrival Time          0.000
- External Delay                1.230
+ Phase Shift                   4.100
+ CPPR Adjustment               0.000
- Uncertainty                   0.100
= Required Time                 2.770
- Arrival Time                  0.354
= Slack Time                    2.416
     Clock Rise Edge                 0.000
     + Clock Network Latency (Prop)  0.141
     = Beginpoint Arrival Time       0.141
     +----------------------------------------------------------------------------------------+ 
     |          Instance           |        Arc        |  Cell   | Delay | Arrival | Required | 
     |                             |                   |         |       |  Time   |   Time   | 
     |-----------------------------+-------------------+---------+-------+---------+----------| 
     | datapath/MEMWB_memToReg_reg | CK ^              |         |       |   0.141 |    2.557 | 
     | datapath/MEMWB_memToReg_reg | CK ^ -> Q v       | DFFR_X1 | 0.060 |   0.201 |    2.617 | 
     | datapath/FE_OFC313_n_1340   | A v -> ZN ^       | INV_X4  | 0.014 |   0.216 |    2.631 | 
     | datapath/FE_OFC316_n_1340   | A ^ -> Z ^        | BUF_X1  | 0.049 |   0.265 |    2.680 | 
     | datapath/g26798             | S ^ -> Z v        | MUX2_X1 | 0.048 |   0.312 |    2.728 | 
     | datapath/FE_DBTC18_n_121    | A v -> ZN ^       | INV_X2  | 0.042 |   0.354 |    2.770 | 
     |                             | dbg_wb_data[15] ^ |         | 0.000 |   0.354 |    2.770 | 
     +----------------------------------------------------------------------------------------+ 
Path 19: MET Late External Delay Assertion 
Endpoint:   dbg_wb_data[14]               (^) checked with  leading edge of 
'clk'
Beginpoint: datapath/MEMWB_memToReg_reg/Q (v) triggered by  leading edge of 
'clk'
Path Groups: {clk}
Analysis View: RPT_FAST
Other End Arrival Time          0.000
- External Delay                1.230
+ Phase Shift                   4.100
+ CPPR Adjustment               0.000
- Uncertainty                   0.100
= Required Time                 2.770
- Arrival Time                  0.349
= Slack Time                    2.421
     Clock Rise Edge                 0.000
     + Clock Network Latency (Prop)  0.141
     = Beginpoint Arrival Time       0.141
     +----------------------------------------------------------------------------------------+ 
     |          Instance           |        Arc        |  Cell   | Delay | Arrival | Required | 
     |                             |                   |         |       |  Time   |   Time   | 
     |-----------------------------+-------------------+---------+-------+---------+----------| 
     | datapath/MEMWB_memToReg_reg | CK ^              |         |       |   0.141 |    2.562 | 
     | datapath/MEMWB_memToReg_reg | CK ^ -> Q v       | DFFR_X1 | 0.060 |   0.201 |    2.622 | 
     | datapath/FE_OFC313_n_1340   | A v -> ZN ^       | INV_X4  | 0.014 |   0.216 |    2.636 | 
     | datapath/FE_OFC316_n_1340   | A ^ -> Z ^        | BUF_X1  | 0.049 |   0.265 |    2.685 | 
     | datapath/g26799             | S ^ -> Z v        | MUX2_X1 | 0.046 |   0.310 |    2.731 | 
     | datapath/FE_DBTC17_n_70     | A v -> ZN ^       | INV_X2  | 0.039 |   0.349 |    2.770 | 
     |                             | dbg_wb_data[14] ^ |         | 0.000 |   0.349 |    2.770 | 
     +----------------------------------------------------------------------------------------+ 
Path 20: MET Late External Delay Assertion 
Endpoint:   dbg_wb_data[20]               (^) checked with  leading edge of 
'clk'
Beginpoint: datapath/MEMWB_memToReg_reg/Q (^) triggered by  leading edge of 
'clk'
Path Groups: {clk}
Analysis View: RPT_FAST
Other End Arrival Time          0.000
- External Delay                1.230
+ Phase Shift                   4.100
+ CPPR Adjustment               0.000
- Uncertainty                   0.100
= Required Time                 2.770
- Arrival Time                  0.340
= Slack Time                    2.430
     Clock Rise Edge                 0.000
     + Clock Network Latency (Prop)  0.141
     = Beginpoint Arrival Time       0.141
     +----------------------------------------------------------------------------------------+ 
     |          Instance           |        Arc        |  Cell   | Delay | Arrival | Required | 
     |                             |                   |         |       |  Time   |   Time   | 
     |-----------------------------+-------------------+---------+-------+---------+----------| 
     | datapath/MEMWB_memToReg_reg | CK ^              |         |       |   0.141 |    2.571 | 
     | datapath/MEMWB_memToReg_reg | CK ^ -> Q ^       | DFFR_X1 | 0.066 |   0.207 |    2.637 | 
     | datapath/FE_OFC313_n_1340   | A ^ -> ZN v       | INV_X4  | 0.011 |   0.219 |    2.648 | 
     | datapath/FE_OFC316_n_1340   | A v -> Z v        | BUF_X1  | 0.043 |   0.261 |    2.691 | 
     | datapath/g26804             | S v -> Z ^        | MUX2_X2 | 0.079 |   0.340 |    2.770 | 
     |                             | dbg_wb_data[20] ^ |         | 0.000 |   0.340 |    2.770 | 
     +----------------------------------------------------------------------------------------+ 
Path 21: MET Late External Delay Assertion 
Endpoint:   dbg_wb_data[16]               (^) checked with  leading edge of 
'clk'
Beginpoint: datapath/MEMWB_memToReg_reg/Q (^) triggered by  leading edge of 
'clk'
Path Groups: {clk}
Analysis View: RPT_FAST
Other End Arrival Time          0.000
- External Delay                1.230
+ Phase Shift                   4.100
+ CPPR Adjustment               0.000
- Uncertainty                   0.100
= Required Time                 2.770
- Arrival Time                  0.336
= Slack Time                    2.434
     Clock Rise Edge                 0.000
     + Clock Network Latency (Prop)  0.141
     = Beginpoint Arrival Time       0.141
     +----------------------------------------------------------------------------------------+ 
     |          Instance           |        Arc        |  Cell   | Delay | Arrival | Required | 
     |                             |                   |         |       |  Time   |   Time   | 
     |-----------------------------+-------------------+---------+-------+---------+----------| 
     | datapath/MEMWB_memToReg_reg | CK ^              |         |       |   0.141 |    2.575 | 
     | datapath/MEMWB_memToReg_reg | CK ^ -> Q ^       | DFFR_X1 | 0.066 |   0.207 |    2.642 | 
     | datapath/FE_OFC313_n_1340   | A ^ -> ZN v       | INV_X4  | 0.011 |   0.218 |    2.653 | 
     | datapath/FE_OFC316_n_1340   | A v -> Z v        | BUF_X1  | 0.043 |   0.261 |    2.695 | 
     | datapath/g26796             | S v -> Z ^        | MUX2_X2 | 0.074 |   0.336 |    2.770 | 
     |                             | dbg_wb_data[16] ^ |         | 0.000 |   0.336 |    2.770 | 
     +----------------------------------------------------------------------------------------+ 
Path 22: MET Late External Delay Assertion 
Endpoint:   dbg_wb_data[23]               (^) checked with  leading edge of 
'clk'
Beginpoint: datapath/MEMWB_memToReg_reg/Q (^) triggered by  leading edge of 
'clk'
Path Groups: {clk}
Analysis View: RPT_FAST
Other End Arrival Time          0.000
- External Delay                1.230
+ Phase Shift                   4.100
+ CPPR Adjustment               0.000
- Uncertainty                   0.100
= Required Time                 2.770
- Arrival Time                  0.335
= Slack Time                    2.435
     Clock Rise Edge                 0.000
     + Clock Network Latency (Prop)  0.141
     = Beginpoint Arrival Time       0.141
     +----------------------------------------------------------------------------------------+ 
     |          Instance           |        Arc        |  Cell   | Delay | Arrival | Required | 
     |                             |                   |         |       |  Time   |   Time   | 
     |-----------------------------+-------------------+---------+-------+---------+----------| 
     | datapath/MEMWB_memToReg_reg | CK ^              |         |       |   0.141 |    2.576 | 
     | datapath/MEMWB_memToReg_reg | CK ^ -> Q ^       | DFFR_X1 | 0.066 |   0.207 |    2.643 | 
     | datapath/FE_OFC313_n_1340   | A ^ -> ZN v       | INV_X4  | 0.011 |   0.219 |    2.654 | 
     | datapath/FE_OFC316_n_1340   | A v -> Z v        | BUF_X1  | 0.043 |   0.261 |    2.697 | 
     | datapath/g26771             | S v -> Z ^        | MUX2_X2 | 0.073 |   0.335 |    2.770 | 
     |                             | dbg_wb_data[23] ^ |         | 0.000 |   0.335 |    2.770 | 
     +----------------------------------------------------------------------------------------+ 
Path 23: MET Late External Delay Assertion 
Endpoint:   dbg_wb_data[3]                (v) checked with  leading edge of 
'clk'
Beginpoint: datapath/MEMWB_memToReg_reg/Q (v) triggered by  leading edge of 
'clk'
Path Groups: {clk}
Analysis View: RPT_FAST
Other End Arrival Time          0.000
- External Delay                1.230
+ Phase Shift                   4.100
+ CPPR Adjustment               0.000
- Uncertainty                   0.100
= Required Time                 2.770
- Arrival Time                  0.320
= Slack Time                    2.450
     Clock Rise Edge                 0.000
     + Clock Network Latency (Prop)  0.141
     = Beginpoint Arrival Time       0.141
     +-------------------------------------------------------------------------------------------+ 
     |           Instance            |       Arc        |   Cell    | Delay | Arrival | Required | 
     |                               |                  |           |       |  Time   |   Time   | 
     |-------------------------------+------------------+-----------+-------+---------+----------| 
     | datapath/MEMWB_memToReg_reg   | CK ^             |           |       |   0.141 |    2.591 | 
     | datapath/MEMWB_memToReg_reg   | CK ^ -> Q v      | DFFR_X1   | 0.060 |   0.201 |    2.651 | 
     | datapath/FE_OFC313_n_1340     | A v -> ZN ^      | INV_X4    | 0.014 |   0.215 |    2.666 | 
     | datapath/FE_RC_97_0           | A1 ^ -> ZN v     | NOR2_X1   | 0.009 |   0.224 |    2.675 | 
     | datapath/FE_RC_95_0           | A v -> ZN ^      | AOI21_X1  | 0.026 |   0.251 |    2.701 | 
     | datapath/FE_OFC551_FE_RN_60_0 | A ^ -> ZN v      | INV_X1    | 0.016 |   0.267 |    2.717 | 
     | datapath/FE_OFC552_FE_RN_60_0 | A v -> Z v       | CLKBUF_X3 | 0.053 |   0.320 |    2.770 | 
     |                               | dbg_wb_data[3] v |           | 0.000 |   0.320 |    2.770 | 
     +-------------------------------------------------------------------------------------------+ 
Path 24: MET Late External Delay Assertion 
Endpoint:   dbg_wb_data[4]                (^) checked with  leading edge of 
'clk'
Beginpoint: datapath/MEMWB_memToReg_reg/Q (v) triggered by  leading edge of 
'clk'
Path Groups: {clk}
Analysis View: RPT_FAST
Other End Arrival Time          0.000
- External Delay                1.230
+ Phase Shift                   4.100
+ CPPR Adjustment               0.000
- Uncertainty                   0.100
= Required Time                 2.770
- Arrival Time                  0.309
= Slack Time                    2.461
     Clock Rise Edge                 0.000
     + Clock Network Latency (Prop)  0.141
     = Beginpoint Arrival Time       0.141
     +---------------------------------------------------------------------------------------+ 
     |          Instance           |       Arc        |  Cell   | Delay | Arrival | Required | 
     |                             |                  |         |       |  Time   |   Time   | 
     |-----------------------------+------------------+---------+-------+---------+----------| 
     | datapath/MEMWB_memToReg_reg | CK ^             |         |       |   0.141 |    2.601 | 
     | datapath/MEMWB_memToReg_reg | CK ^ -> Q v      | DFFR_X1 | 0.060 |   0.201 |    2.662 | 
     | datapath/FE_OFC313_n_1340   | A v -> ZN ^      | INV_X4  | 0.014 |   0.215 |    2.676 | 
     | datapath/g26770             | S ^ -> Z v       | MUX2_X1 | 0.053 |   0.269 |    2.729 | 
     | datapath/g26751             | A v -> ZN ^      | INV_X2  | 0.041 |   0.309 |    2.770 | 
     |                             | dbg_wb_data[4] ^ |         | 0.000 |   0.309 |    2.770 | 
     +---------------------------------------------------------------------------------------+ 
Path 25: MET Late External Delay Assertion 
Endpoint:   dbg_wb_data[7]                (^) checked with  leading edge of 
'clk'
Beginpoint: datapath/MEMWB_memToReg_reg/Q (v) triggered by  leading edge of 
'clk'
Path Groups: {clk}
Analysis View: RPT_FAST
Other End Arrival Time          0.000
- External Delay                1.230
+ Phase Shift                   4.100
+ CPPR Adjustment               0.000
- Uncertainty                   0.100
= Required Time                 2.770
- Arrival Time                  0.308
= Slack Time                    2.462
     Clock Rise Edge                 0.000
     + Clock Network Latency (Prop)  0.141
     = Beginpoint Arrival Time       0.141
     +---------------------------------------------------------------------------------------+ 
     |          Instance           |       Arc        |  Cell   | Delay | Arrival | Required | 
     |                             |                  |         |       |  Time   |   Time   | 
     |-----------------------------+------------------+---------+-------+---------+----------| 
     | datapath/MEMWB_memToReg_reg | CK ^             |         |       |   0.141 |    2.603 | 
     | datapath/MEMWB_memToReg_reg | CK ^ -> Q v      | DFFR_X1 | 0.060 |   0.201 |    2.663 | 
     | datapath/FE_OFC313_n_1340   | A v -> ZN ^      | INV_X4  | 0.014 |   0.216 |    2.677 | 
     | datapath/g26809             | S ^ -> Z v       | MUX2_X1 | 0.050 |   0.266 |    2.727 | 
     | datapath/FE_DBTC10_n_76     | A v -> ZN ^      | INV_X2  | 0.043 |   0.308 |    2.770 | 
     |                             | dbg_wb_data[7] ^ |         | 0.000 |   0.308 |    2.770 | 
     +---------------------------------------------------------------------------------------+ 
Path 26: MET Late External Delay Assertion 
Endpoint:   dbg_wb_data[6]                (^) checked with  leading edge of 
'clk'
Beginpoint: datapath/MEMWB_memToReg_reg/Q (v) triggered by  leading edge of 
'clk'
Path Groups: {clk}
Analysis View: RPT_FAST
Other End Arrival Time          0.000
- External Delay                1.230
+ Phase Shift                   4.100
+ CPPR Adjustment               0.000
- Uncertainty                   0.100
= Required Time                 2.770
- Arrival Time                  0.301
= Slack Time                    2.469
     Clock Rise Edge                 0.000
     + Clock Network Latency (Prop)  0.141
     = Beginpoint Arrival Time       0.141
     +---------------------------------------------------------------------------------------+ 
     |          Instance           |       Arc        |  Cell   | Delay | Arrival | Required | 
     |                             |                  |         |       |  Time   |   Time   | 
     |-----------------------------+------------------+---------+-------+---------+----------| 
     | datapath/MEMWB_memToReg_reg | CK ^             |         |       |   0.141 |    2.610 | 
     | datapath/MEMWB_memToReg_reg | CK ^ -> Q v      | DFFR_X1 | 0.060 |   0.201 |    2.670 | 
     | datapath/FE_OFC313_n_1340   | A v -> ZN ^      | INV_X4  | 0.014 |   0.216 |    2.685 | 
     | datapath/g26810             | S ^ -> Z v       | MUX2_X1 | 0.047 |   0.262 |    2.732 | 
     | datapath/FE_DBTC9_n_97      | A v -> ZN ^      | INV_X2  | 0.038 |   0.301 |    2.770 | 
     |                             | dbg_wb_data[6] ^ |         | 0.000 |   0.301 |    2.770 | 
     +---------------------------------------------------------------------------------------+ 
Path 27: MET Late External Delay Assertion 
Endpoint:   dbg_wb_data[0]                 (v) checked with  leading edge of 
'clk'
Beginpoint: datapath/MEMWB_memToReg_reg/QN (^) triggered by  leading edge of 
'clk'
Path Groups: {clk}
Analysis View: RPT_FAST
Other End Arrival Time          0.000
- External Delay                1.230
+ Phase Shift                   4.100
+ CPPR Adjustment               0.000
- Uncertainty                   0.100
= Required Time                 2.770
- Arrival Time                  0.299
= Slack Time                    2.471
     Clock Rise Edge                 0.000
     + Clock Network Latency (Prop)  0.141
     = Beginpoint Arrival Time       0.141
     +-----------------------------------------------------------------------------------------------+ 
     |             Instance              |       Arc        |   Cell    | Delay | Arrival | Required | 
     |                                   |                  |           |       |  Time   |   Time   | 
     |-----------------------------------+------------------+-----------+-------+---------+----------| 
     | datapath/MEMWB_memToReg_reg       | CK ^             |           |       |   0.141 |    2.612 | 
     | datapath/MEMWB_memToReg_reg       | CK ^ -> QN ^     | DFFR_X1   | 0.062 |   0.203 |    2.674 | 
     | datapath/FE_OFC757_MEMWB_memToReg | A ^ -> ZN v      | INV_X2    | 0.005 |   0.209 |    2.679 | 
     | datapath/FE_RC_445_0              | A1 v -> ZN ^     | NAND2_X1  | 0.010 |   0.218 |    2.689 | 
     | datapath/FE_RC_444_0              | A1 ^ -> ZN ^     | AND2_X1   | 0.020 |   0.238 |    2.709 | 
     | datapath/FE_OFC741_FE_RN_248_0    | A ^ -> ZN v      | INV_X1    | 0.012 |   0.250 |    2.721 | 
     | datapath/FE_OFC742_FE_RN_248_0    | A v -> Z v       | CLKBUF_X3 | 0.049 |   0.299 |    2.770 | 
     |                                   | dbg_wb_data[0] v |           | 0.000 |   0.299 |    2.770 | 
     +-----------------------------------------------------------------------------------------------+ 
Path 28: MET Late External Delay Assertion 
Endpoint:   dbg_wb_data[27]               (v) checked with  leading edge of 
'clk'
Beginpoint: datapath/MEMWB_memToReg_reg/Q (^) triggered by  leading edge of 
'clk'
Path Groups: {clk}
Analysis View: RPT_FAST
Other End Arrival Time          0.000
- External Delay                1.230
+ Phase Shift                   4.100
+ CPPR Adjustment               0.000
- Uncertainty                   0.100
= Required Time                 2.770
- Arrival Time                  0.294
= Slack Time                    2.476
     Clock Rise Edge                 0.000
     + Clock Network Latency (Prop)  0.141
     = Beginpoint Arrival Time       0.141
     +----------------------------------------------------------------------------------------+ 
     |          Instance           |        Arc        |  Cell   | Delay | Arrival | Required | 
     |                             |                   |         |       |  Time   |   Time   | 
     |-----------------------------+-------------------+---------+-------+---------+----------| 
     | datapath/MEMWB_memToReg_reg | CK ^              |         |       |   0.141 |    2.617 | 
     | datapath/MEMWB_memToReg_reg | CK ^ -> Q ^       | DFFR_X1 | 0.066 |   0.207 |    2.683 | 
     | datapath/FE_OFC313_n_1340   | A ^ -> ZN v       | INV_X4  | 0.011 |   0.219 |    2.694 | 
     | datapath/FE_OFC315_n_1340   | A v -> ZN ^       | INV_X1  | 0.010 |   0.229 |    2.704 | 
     | datapath/g26760             | S ^ -> Z v        | MUX2_X2 | 0.066 |   0.294 |    2.770 | 
     |                             | dbg_wb_data[27] v |         | 0.000 |   0.294 |    2.770 | 
     +----------------------------------------------------------------------------------------+ 
Path 29: MET Late External Delay Assertion 
Endpoint:   dbg_wb_data[8]                (^) checked with  leading edge of 
'clk'
Beginpoint: datapath/MEMWB_memToReg_reg/Q (v) triggered by  leading edge of 
'clk'
Path Groups: {clk}
Analysis View: RPT_FAST
Other End Arrival Time          0.000
- External Delay                1.230
+ Phase Shift                   4.100
+ CPPR Adjustment               0.000
- Uncertainty                   0.100
= Required Time                 2.770
- Arrival Time                  0.293
= Slack Time                    2.477
     Clock Rise Edge                 0.000
     + Clock Network Latency (Prop)  0.141
     = Beginpoint Arrival Time       0.141
     +---------------------------------------------------------------------------------------+ 
     |          Instance           |       Arc        |  Cell   | Delay | Arrival | Required | 
     |                             |                  |         |       |  Time   |   Time   | 
     |-----------------------------+------------------+---------+-------+---------+----------| 
     | datapath/MEMWB_memToReg_reg | CK ^             |         |       |   0.141 |    2.618 | 
     | datapath/MEMWB_memToReg_reg | CK ^ -> Q v      | DFFR_X1 | 0.060 |   0.201 |    2.678 | 
     | datapath/FE_OFC313_n_1340   | A v -> ZN ^      | INV_X4  | 0.014 |   0.216 |    2.692 | 
     | datapath/g26806             | S ^ -> Z v       | MUX2_X1 | 0.054 |   0.269 |    2.746 | 
     | datapath/FE_OFC596_n_88     | A v -> ZN ^      | INV_X4  | 0.024 |   0.293 |    2.770 | 
     |                             | dbg_wb_data[8] ^ |         | 0.000 |   0.293 |    2.770 | 
     +---------------------------------------------------------------------------------------+ 
Path 30: MET Late External Delay Assertion 
Endpoint:   dbg_wb_data[5]                (^) checked with  leading edge of 
'clk'
Beginpoint: datapath/MEMWB_memToReg_reg/Q (v) triggered by  leading edge of 
'clk'
Path Groups: {clk}
Analysis View: RPT_FAST
Other End Arrival Time          0.000
- External Delay                1.230
+ Phase Shift                   4.100
+ CPPR Adjustment               0.000
- Uncertainty                   0.100
= Required Time                 2.770
- Arrival Time                  0.287
= Slack Time                    2.483
     Clock Rise Edge                 0.000
     + Clock Network Latency (Prop)  0.141
     = Beginpoint Arrival Time       0.141
     +---------------------------------------------------------------------------------------+ 
     |          Instance           |       Arc        |  Cell   | Delay | Arrival | Required | 
     |                             |                  |         |       |  Time   |   Time   | 
     |-----------------------------+------------------+---------+-------+---------+----------| 
     | datapath/MEMWB_memToReg_reg | CK ^             |         |       |   0.141 |    2.624 | 
     | datapath/MEMWB_memToReg_reg | CK ^ -> Q v      | DFFR_X1 | 0.060 |   0.201 |    2.684 | 
     | datapath/FE_OFC313_n_1340   | A v -> ZN ^      | INV_X4  | 0.014 |   0.216 |    2.699 | 
     | datapath/g26767             | S ^ -> Z v       | MUX2_X1 | 0.048 |   0.264 |    2.747 | 
     | datapath/FE_DBTC8_n_40      | A v -> ZN ^      | INV_X4  | 0.023 |   0.287 |    2.770 | 
     |                             | dbg_wb_data[5] ^ |         | 0.000 |   0.287 |    2.770 | 
     +---------------------------------------------------------------------------------------+ 
Path 31: MET Late External Delay Assertion 
Endpoint:   dbg_wb_data[2]                 (^) checked with  leading edge of 
'clk'
Beginpoint: datapath/MEMWB_memToReg_reg/QN (^) triggered by  leading edge of 
'clk'
Path Groups: {clk}
Analysis View: RPT_FAST
Other End Arrival Time          0.000
- External Delay                1.230
+ Phase Shift                   4.100
+ CPPR Adjustment               0.000
- Uncertainty                   0.100
= Required Time                 2.770
- Arrival Time                  0.266
= Slack Time                    2.504
     Clock Rise Edge                 0.000
     + Clock Network Latency (Prop)  0.141
     = Beginpoint Arrival Time       0.141
     +----------------------------------------------------------------------------------------------+ 
     |             Instance              |       Arc        |   Cell   | Delay | Arrival | Required | 
     |                                   |                  |          |       |  Time   |   Time   | 
     |-----------------------------------+------------------+----------+-------+---------+----------| 
     | datapath/MEMWB_memToReg_reg       | CK ^             |          |       |   0.141 |    2.645 | 
     | datapath/MEMWB_memToReg_reg       | CK ^ -> QN ^     | DFFR_X1  | 0.062 |   0.203 |    2.707 | 
     | datapath/FE_OFC758_MEMWB_memToReg | A ^ -> ZN v      | INV_X1   | 0.011 |   0.214 |    2.718 | 
     | datapath/FE_RC_282_0              | A1 v -> ZN ^     | NAND2_X1 | 0.009 |   0.223 |    2.727 | 
     | datapath/FE_RC_281_0              | A1 ^ -> ZN v     | NAND2_X1 | 0.019 |   0.242 |    2.747 | 
     | datapath/FE_DBTC7_n_106           | A v -> ZN ^      | INV_X4   | 0.024 |   0.266 |    2.770 | 
     |                                   | dbg_wb_data[2] ^ |          | 0.000 |   0.266 |    2.770 | 
     +----------------------------------------------------------------------------------------------+ 
Path 32: MET Late External Delay Assertion 
Endpoint:   dbg_wb_data[1]                 (v) checked with  leading edge of 
'clk'
Beginpoint: datapath/MEMWB_memToReg_reg/QN (^) triggered by  leading edge of 
'clk'
Path Groups: {clk}
Analysis View: RPT_FAST
Other End Arrival Time          0.000
- External Delay                1.230
+ Phase Shift                   4.100
+ CPPR Adjustment               0.000
- Uncertainty                   0.100
= Required Time                 2.770
- Arrival Time                  0.259
= Slack Time                    2.511
     Clock Rise Edge                 0.000
     + Clock Network Latency (Prop)  0.141
     = Beginpoint Arrival Time       0.141
     +----------------------------------------------------------------------------------------------+ 
     |             Instance              |       Arc        |   Cell   | Delay | Arrival | Required | 
     |                                   |                  |          |       |  Time   |   Time   | 
     |-----------------------------------+------------------+----------+-------+---------+----------| 
     | datapath/MEMWB_memToReg_reg       | CK ^             |          |       |   0.141 |    2.652 | 
     | datapath/MEMWB_memToReg_reg       | CK ^ -> QN ^     | DFFR_X1  | 0.062 |   0.203 |    2.715 | 
     | datapath/FE_OFC758_MEMWB_memToReg | A ^ -> ZN v      | INV_X1   | 0.011 |   0.214 |    2.725 | 
     | datapath/FE_RC_278_0              | A2 v -> ZN ^     | NAND2_X1 | 0.019 |   0.233 |    2.745 | 
     | datapath/FE_RC_338_0              | A1 ^ -> ZN v     | NAND2_X4 | 0.025 |   0.259 |    2.770 | 
     |                                   | dbg_wb_data[1] v |          | 0.000 |   0.259 |    2.770 | 
     +----------------------------------------------------------------------------------------------+ 
Path 33: MET Late External Delay Assertion 
Endpoint:   dmem_addr[1]                      (^) checked with  leading edge of 
'clk'
Beginpoint: datapath/EXMEM_aluResult_reg[1]/Q (^) triggered by  leading edge of 
'clk'
Path Groups: {clk}
Analysis View: RPT_FAST
Other End Arrival Time          0.000
- External Delay                1.230
+ Phase Shift                   4.100
+ CPPR Adjustment               0.000
- Uncertainty                   0.100
= Required Time                 2.770
- Arrival Time                  0.224
= Slack Time                    2.546
     Clock Rise Edge                 0.000
     + Clock Network Latency (Prop)  0.145
     = Beginpoint Arrival Time       0.145
     +-----------------------------------------------------------------------------------------+ 
     |            Instance             |      Arc       |  Cell   | Delay | Arrival | Required | 
     |                                 |                |         |       |  Time   |   Time   | 
     |---------------------------------+----------------+---------+-------+---------+----------| 
     | datapath/EXMEM_aluResult_reg[1] | CK ^           |         |       |   0.145 |    2.690 | 
     | datapath/EXMEM_aluResult_reg[1] | CK ^ -> Q ^    | DFFR_X1 | 0.080 |   0.224 |    2.770 | 
     |                                 | dmem_addr[1] ^ |         | 0.000 |   0.224 |    2.770 | 
     +-----------------------------------------------------------------------------------------+ 
Path 34: MET Late External Delay Assertion 
Endpoint:   dmem_addr[0]                      (^) checked with  leading edge of 
'clk'
Beginpoint: datapath/EXMEM_aluResult_reg[0]/Q (^) triggered by  leading edge of 
'clk'
Path Groups: {clk}
Analysis View: RPT_FAST
Other End Arrival Time          0.000
- External Delay                1.230
+ Phase Shift                   4.100
+ CPPR Adjustment               0.000
- Uncertainty                   0.100
= Required Time                 2.770
- Arrival Time                  0.224
= Slack Time                    2.546
     Clock Rise Edge                 0.000
     + Clock Network Latency (Prop)  0.145
     = Beginpoint Arrival Time       0.145
     +-----------------------------------------------------------------------------------------+ 
     |            Instance             |      Arc       |  Cell   | Delay | Arrival | Required | 
     |                                 |                |         |       |  Time   |   Time   | 
     |---------------------------------+----------------+---------+-------+---------+----------| 
     | datapath/EXMEM_aluResult_reg[0] | CK ^           |         |       |   0.145 |    2.691 | 
     | datapath/EXMEM_aluResult_reg[0] | CK ^ -> Q ^    | DFFR_X2 | 0.079 |   0.223 |    2.770 | 
     |                                 | dmem_addr[0] ^ |         | 0.000 |   0.224 |    2.770 | 
     +-----------------------------------------------------------------------------------------+ 
Path 35: MET Late External Delay Assertion 
Endpoint:   dbg_pc[26]               (^) checked with  leading edge of 'clk'
Beginpoint: datapath/IF_pc_reg[26]/Q (^) triggered by  leading edge of 'clk'
Path Groups: {clk}
Analysis View: RPT_FAST
Other End Arrival Time          0.000
- External Delay                1.230
+ Phase Shift                   4.100
+ CPPR Adjustment               0.000
- Uncertainty                   0.100
= Required Time                 2.770
- Arrival Time                  0.221
= Slack Time                    2.549
     Clock Rise Edge                 0.000
     + Clock Network Latency (Prop)  0.143
     = Beginpoint Arrival Time       0.143
     +--------------------------------------------------------------------------------+ 
     |        Instance        |     Arc      |   Cell    | Delay | Arrival | Required | 
     |                        |              |           |       |  Time   |   Time   | 
     |------------------------+--------------+-----------+-------+---------+----------| 
     | datapath/IF_pc_reg[26] | CK ^         |           |       |   0.143 |    2.692 | 
     | datapath/IF_pc_reg[26] | CK ^ -> Q ^  | SDFFRS_X1 | 0.078 |   0.221 |    2.770 | 
     |                        | dbg_pc[26] ^ |           | 0.000 |   0.221 |    2.770 | 
     +--------------------------------------------------------------------------------+ 
Path 36: MET Late External Delay Assertion 
Endpoint:   imem_addr[26]            (^) checked with  leading edge of 'clk'
Beginpoint: datapath/IF_pc_reg[26]/Q (^) triggered by  leading edge of 'clk'
Path Groups: {clk}
Analysis View: RPT_FAST
Other End Arrival Time          0.000
- External Delay                1.230
+ Phase Shift                   4.100
+ CPPR Adjustment               0.000
- Uncertainty                   0.100
= Required Time                 2.770
- Arrival Time                  0.221
= Slack Time                    2.549
     Clock Rise Edge                 0.000
     + Clock Network Latency (Prop)  0.143
     = Beginpoint Arrival Time       0.143
     +-----------------------------------------------------------------------------------+ 
     |        Instance        |       Arc       |   Cell    | Delay | Arrival | Required | 
     |                        |                 |           |       |  Time   |   Time   | 
     |------------------------+-----------------+-----------+-------+---------+----------| 
     | datapath/IF_pc_reg[26] | CK ^            |           |       |   0.143 |    2.692 | 
     | datapath/IF_pc_reg[26] | CK ^ -> Q ^     | SDFFRS_X1 | 0.078 |   0.221 |    2.770 | 
     |                        | imem_addr[26] ^ |           | 0.000 |   0.221 |    2.770 | 
     +-----------------------------------------------------------------------------------+ 
Path 37: MET Late External Delay Assertion 
Endpoint:   dmem_addr[2]                      (^) checked with  leading edge of 
'clk'
Beginpoint: datapath/EXMEM_aluResult_reg[2]/Q (^) triggered by  leading edge of 
'clk'
Path Groups: {clk}
Analysis View: RPT_FAST
Other End Arrival Time          0.000
- External Delay                1.230
+ Phase Shift                   4.100
+ CPPR Adjustment               0.000
- Uncertainty                   0.100
= Required Time                 2.770
- Arrival Time                  0.219
= Slack Time                    2.551
     Clock Rise Edge                 0.000
     + Clock Network Latency (Prop)  0.145
     = Beginpoint Arrival Time       0.145
     +-----------------------------------------------------------------------------------------+ 
     |            Instance             |      Arc       |  Cell   | Delay | Arrival | Required | 
     |                                 |                |         |       |  Time   |   Time   | 
     |---------------------------------+----------------+---------+-------+---------+----------| 
     | datapath/EXMEM_aluResult_reg[2] | CK ^           |         |       |   0.145 |    2.695 | 
     | datapath/EXMEM_aluResult_reg[2] | CK ^ -> Q ^    | DFFR_X1 | 0.075 |   0.219 |    2.770 | 
     |                                 | dmem_addr[2] ^ |         | 0.000 |   0.219 |    2.770 | 
     +-----------------------------------------------------------------------------------------+ 
Path 38: MET Late External Delay Assertion 
Endpoint:   dmem_addr[3]                      (^) checked with  leading edge of 
'clk'
Beginpoint: datapath/EXMEM_aluResult_reg[3]/Q (^) triggered by  leading edge of 
'clk'
Path Groups: {clk}
Analysis View: RPT_FAST
Other End Arrival Time          0.000
- External Delay                1.230
+ Phase Shift                   4.100
+ CPPR Adjustment               0.000
- Uncertainty                   0.100
= Required Time                 2.770
- Arrival Time                  0.219
= Slack Time                    2.551
     Clock Rise Edge                 0.000
     + Clock Network Latency (Prop)  0.145
     = Beginpoint Arrival Time       0.145
     +-----------------------------------------------------------------------------------------+ 
     |            Instance             |      Arc       |  Cell   | Delay | Arrival | Required | 
     |                                 |                |         |       |  Time   |   Time   | 
     |---------------------------------+----------------+---------+-------+---------+----------| 
     | datapath/EXMEM_aluResult_reg[3] | CK ^           |         |       |   0.145 |    2.696 | 
     | datapath/EXMEM_aluResult_reg[3] | CK ^ -> Q ^    | DFFR_X1 | 0.074 |   0.219 |    2.770 | 
     |                                 | dmem_addr[3] ^ |         | 0.000 |   0.219 |    2.770 | 
     +-----------------------------------------------------------------------------------------+ 
Path 39: MET Late External Delay Assertion 
Endpoint:   dmem_addr[31]                      (^) checked with  leading edge 
of 'clk'
Beginpoint: datapath/EXMEM_aluResult_reg[31]/Q (^) triggered by  leading edge 
of 'clk'
Path Groups: {clk}
Analysis View: RPT_FAST
Other End Arrival Time          0.000
- External Delay                1.230
+ Phase Shift                   4.100
+ CPPR Adjustment               0.000
- Uncertainty                   0.100
= Required Time                 2.770
- Arrival Time                  0.218
= Slack Time                    2.552
     Clock Rise Edge                 0.000
     + Clock Network Latency (Prop)  0.145
     = Beginpoint Arrival Time       0.145
     +-------------------------------------------------------------------------------------------+ 
     |             Instance             |       Arc       |  Cell   | Delay | Arrival | Required | 
     |                                  |                 |         |       |  Time   |   Time   | 
     |----------------------------------+-----------------+---------+-------+---------+----------| 
     | datapath/EXMEM_aluResult_reg[31] | CK ^            |         |       |   0.145 |    2.697 | 
     | datapath/EXMEM_aluResult_reg[31] | CK ^ -> Q ^     | DFFR_X1 | 0.073 |   0.218 |    2.770 | 
     |                                  | dmem_addr[31] ^ |         | 0.000 |   0.218 |    2.770 | 
     +-------------------------------------------------------------------------------------------+ 
Path 40: MET Late External Delay Assertion 
Endpoint:   dmem_addr[30]                      (^) checked with  leading edge 
of 'clk'
Beginpoint: datapath/EXMEM_aluResult_reg[30]/Q (^) triggered by  leading edge 
of 'clk'
Path Groups: {clk}
Analysis View: RPT_FAST
Other End Arrival Time          0.000
- External Delay                1.230
+ Phase Shift                   4.100
+ CPPR Adjustment               0.000
- Uncertainty                   0.100
= Required Time                 2.770
- Arrival Time                  0.218
= Slack Time                    2.552
     Clock Rise Edge                 0.000
     + Clock Network Latency (Prop)  0.145
     = Beginpoint Arrival Time       0.145
     +-------------------------------------------------------------------------------------------+ 
     |             Instance             |       Arc       |  Cell   | Delay | Arrival | Required | 
     |                                  |                 |         |       |  Time   |   Time   | 
     |----------------------------------+-----------------+---------+-------+---------+----------| 
     | datapath/EXMEM_aluResult_reg[30] | CK ^            |         |       |   0.145 |    2.697 | 
     | datapath/EXMEM_aluResult_reg[30] | CK ^ -> Q ^     | DFFR_X1 | 0.073 |   0.218 |    2.770 | 
     |                                  | dmem_addr[30] ^ |         | 0.000 |   0.218 |    2.770 | 
     +-------------------------------------------------------------------------------------------+ 
Path 41: MET Late External Delay Assertion 
Endpoint:   dmem_addr[28]                      (^) checked with  leading edge 
of 'clk'
Beginpoint: datapath/EXMEM_aluResult_reg[28]/Q (^) triggered by  leading edge 
of 'clk'
Path Groups: {clk}
Analysis View: RPT_FAST
Other End Arrival Time          0.000
- External Delay                1.230
+ Phase Shift                   4.100
+ CPPR Adjustment               0.000
- Uncertainty                   0.100
= Required Time                 2.770
- Arrival Time                  0.217
= Slack Time                    2.553
     Clock Rise Edge                 0.000
     + Clock Network Latency (Prop)  0.145
     = Beginpoint Arrival Time       0.145
     +-------------------------------------------------------------------------------------------+ 
     |             Instance             |       Arc       |  Cell   | Delay | Arrival | Required | 
     |                                  |                 |         |       |  Time   |   Time   | 
     |----------------------------------+-----------------+---------+-------+---------+----------| 
     | datapath/EXMEM_aluResult_reg[28] | CK ^            |         |       |   0.145 |    2.698 | 
     | datapath/EXMEM_aluResult_reg[28] | CK ^ -> Q ^     | DFFR_X1 | 0.072 |   0.217 |    2.770 | 
     |                                  | dmem_addr[28] ^ |         | 0.000 |   0.217 |    2.770 | 
     +-------------------------------------------------------------------------------------------+ 
Path 42: MET Late External Delay Assertion 
Endpoint:   dmem_addr[29]                      (^) checked with  leading edge 
of 'clk'
Beginpoint: datapath/EXMEM_aluResult_reg[29]/Q (^) triggered by  leading edge 
of 'clk'
Path Groups: {clk}
Analysis View: RPT_FAST
Other End Arrival Time          0.000
- External Delay                1.230
+ Phase Shift                   4.100
+ CPPR Adjustment               0.000
- Uncertainty                   0.100
= Required Time                 2.770
- Arrival Time                  0.217
= Slack Time                    2.553
     Clock Rise Edge                 0.000
     + Clock Network Latency (Prop)  0.145
     = Beginpoint Arrival Time       0.145
     +-------------------------------------------------------------------------------------------+ 
     |             Instance             |       Arc       |  Cell   | Delay | Arrival | Required | 
     |                                  |                 |         |       |  Time   |   Time   | 
     |----------------------------------+-----------------+---------+-------+---------+----------| 
     | datapath/EXMEM_aluResult_reg[29] | CK ^            |         |       |   0.145 |    2.698 | 
     | datapath/EXMEM_aluResult_reg[29] | CK ^ -> Q ^     | DFFR_X1 | 0.072 |   0.217 |    2.770 | 
     |                                  | dmem_addr[29] ^ |         | 0.000 |   0.217 |    2.770 | 
     +-------------------------------------------------------------------------------------------+ 
Path 43: MET Late External Delay Assertion 
Endpoint:   dbg_pc[29]               (^) checked with  leading edge of 'clk'
Beginpoint: datapath/IF_pc_reg[29]/Q (^) triggered by  leading edge of 'clk'
Path Groups: {clk}
Analysis View: RPT_FAST
Other End Arrival Time          0.000
- External Delay                1.230
+ Phase Shift                   4.100
+ CPPR Adjustment               0.000
- Uncertainty                   0.100
= Required Time                 2.770
- Arrival Time                  0.213
= Slack Time                    2.557
     Clock Rise Edge                 0.000
     + Clock Network Latency (Prop)  0.144
     = Beginpoint Arrival Time       0.144
     +------------------------------------------------------------------------------+ 
     |        Instance        |     Arc      |  Cell   | Delay | Arrival | Required | 
     |                        |              |         |       |  Time   |   Time   | 
     |------------------------+--------------+---------+-------+---------+----------| 
     | datapath/IF_pc_reg[29] | CK ^         |         |       |   0.144 |    2.701 | 
     | datapath/IF_pc_reg[29] | CK ^ -> Q ^  | DFFR_X1 | 0.069 |   0.213 |    2.770 | 
     |                        | dbg_pc[29] ^ |         | 0.000 |   0.213 |    2.770 | 
     +------------------------------------------------------------------------------+ 
Path 44: MET Late External Delay Assertion 
Endpoint:   imem_addr[29]            (^) checked with  leading edge of 'clk'
Beginpoint: datapath/IF_pc_reg[29]/Q (^) triggered by  leading edge of 'clk'
Path Groups: {clk}
Analysis View: RPT_FAST
Other End Arrival Time          0.000
- External Delay                1.230
+ Phase Shift                   4.100
+ CPPR Adjustment               0.000
- Uncertainty                   0.100
= Required Time                 2.770
- Arrival Time                  0.213
= Slack Time                    2.557
     Clock Rise Edge                 0.000
     + Clock Network Latency (Prop)  0.144
     = Beginpoint Arrival Time       0.144
     +---------------------------------------------------------------------------------+ 
     |        Instance        |       Arc       |  Cell   | Delay | Arrival | Required | 
     |                        |                 |         |       |  Time   |   Time   | 
     |------------------------+-----------------+---------+-------+---------+----------| 
     | datapath/IF_pc_reg[29] | CK ^            |         |       |   0.144 |    2.701 | 
     | datapath/IF_pc_reg[29] | CK ^ -> Q ^     | DFFR_X1 | 0.069 |   0.213 |    2.770 | 
     |                        | imem_addr[29] ^ |         | 0.000 |   0.213 |    2.770 | 
     +---------------------------------------------------------------------------------+ 
Path 45: MET Late External Delay Assertion 
Endpoint:   dbg_pc[28]               (^) checked with  leading edge of 'clk'
Beginpoint: datapath/IF_pc_reg[28]/Q (^) triggered by  leading edge of 'clk'
Path Groups: {clk}
Analysis View: RPT_FAST
Other End Arrival Time          0.000
- External Delay                1.230
+ Phase Shift                   4.100
+ CPPR Adjustment               0.000
- Uncertainty                   0.100
= Required Time                 2.770
- Arrival Time                  0.213
= Slack Time                    2.557
     Clock Rise Edge                 0.000
     + Clock Network Latency (Prop)  0.144
     = Beginpoint Arrival Time       0.144
     +------------------------------------------------------------------------------+ 
     |        Instance        |     Arc      |  Cell   | Delay | Arrival | Required | 
     |                        |              |         |       |  Time   |   Time   | 
     |------------------------+--------------+---------+-------+---------+----------| 
     | datapath/IF_pc_reg[28] | CK ^         |         |       |   0.144 |    2.701 | 
     | datapath/IF_pc_reg[28] | CK ^ -> Q ^  | DFFR_X1 | 0.069 |   0.212 |    2.770 | 
     |                        | dbg_pc[28] ^ |         | 0.000 |   0.213 |    2.770 | 
     +------------------------------------------------------------------------------+ 
Path 46: MET Late External Delay Assertion 
Endpoint:   imem_addr[28]            (^) checked with  leading edge of 'clk'
Beginpoint: datapath/IF_pc_reg[28]/Q (^) triggered by  leading edge of 'clk'
Path Groups: {clk}
Analysis View: RPT_FAST
Other End Arrival Time          0.000
- External Delay                1.230
+ Phase Shift                   4.100
+ CPPR Adjustment               0.000
- Uncertainty                   0.100
= Required Time                 2.770
- Arrival Time                  0.213
= Slack Time                    2.557
     Clock Rise Edge                 0.000
     + Clock Network Latency (Prop)  0.144
     = Beginpoint Arrival Time       0.144
     +---------------------------------------------------------------------------------+ 
     |        Instance        |       Arc       |  Cell   | Delay | Arrival | Required | 
     |                        |                 |         |       |  Time   |   Time   | 
     |------------------------+-----------------+---------+-------+---------+----------| 
     | datapath/IF_pc_reg[28] | CK ^            |         |       |   0.144 |    2.701 | 
     | datapath/IF_pc_reg[28] | CK ^ -> Q ^     | DFFR_X1 | 0.069 |   0.212 |    2.770 | 
     |                        | imem_addr[28] ^ |         | 0.000 |   0.213 |    2.770 | 
     +---------------------------------------------------------------------------------+ 
Path 47: MET Late External Delay Assertion 
Endpoint:   dmem_addr[27]                      (^) checked with  leading edge 
of 'clk'
Beginpoint: datapath/EXMEM_aluResult_reg[27]/Q (^) triggered by  leading edge 
of 'clk'
Path Groups: {clk}
Analysis View: RPT_FAST
Other End Arrival Time          0.000
- External Delay                1.230
+ Phase Shift                   4.100
+ CPPR Adjustment               0.000
- Uncertainty                   0.100
= Required Time                 2.770
- Arrival Time                  0.212
= Slack Time                    2.558
     Clock Rise Edge                 0.000
     + Clock Network Latency (Prop)  0.139
     = Beginpoint Arrival Time       0.139
     +-------------------------------------------------------------------------------------------+ 
     |             Instance             |       Arc       |  Cell   | Delay | Arrival | Required | 
     |                                  |                 |         |       |  Time   |   Time   | 
     |----------------------------------+-----------------+---------+-------+---------+----------| 
     | datapath/EXMEM_aluResult_reg[27] | CK ^            |         |       |   0.139 |    2.697 | 
     | datapath/EXMEM_aluResult_reg[27] | CK ^ -> Q ^     | DFFR_X1 | 0.073 |   0.212 |    2.770 | 
     |                                  | dmem_addr[27] ^ |         | 0.000 |   0.212 |    2.770 | 
     +-------------------------------------------------------------------------------------------+ 
Path 48: MET Late External Delay Assertion 
Endpoint:   dmem_addr[20]                      (^) checked with  leading edge 
of 'clk'
Beginpoint: datapath/EXMEM_aluResult_reg[20]/Q (^) triggered by  leading edge 
of 'clk'
Path Groups: {clk}
Analysis View: RPT_FAST
Other End Arrival Time          0.000
- External Delay                1.230
+ Phase Shift                   4.100
+ CPPR Adjustment               0.000
- Uncertainty                   0.100
= Required Time                 2.770
- Arrival Time                  0.212
= Slack Time                    2.558
     Clock Rise Edge                 0.000
     + Clock Network Latency (Prop)  0.146
     = Beginpoint Arrival Time       0.146
     +-------------------------------------------------------------------------------------------+ 
     |             Instance             |       Arc       |  Cell   | Delay | Arrival | Required | 
     |                                  |                 |         |       |  Time   |   Time   | 
     |----------------------------------+-----------------+---------+-------+---------+----------| 
     | datapath/EXMEM_aluResult_reg[20] | CK ^            |         |       |   0.146 |    2.704 | 
     | datapath/EXMEM_aluResult_reg[20] | CK ^ -> Q ^     | DFFR_X1 | 0.066 |   0.212 |    2.770 | 
     |                                  | dmem_addr[20] ^ |         | 0.000 |   0.212 |    2.770 | 
     +-------------------------------------------------------------------------------------------+ 
Path 49: MET Late External Delay Assertion 
Endpoint:   dbg_pc[30]               (^) checked with  leading edge of 'clk'
Beginpoint: datapath/IF_pc_reg[30]/Q (^) triggered by  leading edge of 'clk'
Path Groups: {clk}
Analysis View: RPT_FAST
Other End Arrival Time          0.000
- External Delay                1.230
+ Phase Shift                   4.100
+ CPPR Adjustment               0.000
- Uncertainty                   0.100
= Required Time                 2.770
- Arrival Time                  0.211
= Slack Time                    2.559
     Clock Rise Edge                 0.000
     + Clock Network Latency (Prop)  0.143
     = Beginpoint Arrival Time       0.143
     +------------------------------------------------------------------------------+ 
     |        Instance        |     Arc      |  Cell   | Delay | Arrival | Required | 
     |                        |              |         |       |  Time   |   Time   | 
     |------------------------+--------------+---------+-------+---------+----------| 
     | datapath/IF_pc_reg[30] | CK ^         |         |       |   0.143 |    2.701 | 
     | datapath/IF_pc_reg[30] | CK ^ -> Q ^  | DFFR_X1 | 0.068 |   0.211 |    2.770 | 
     |                        | dbg_pc[30] ^ |         | 0.000 |   0.211 |    2.770 | 
     +------------------------------------------------------------------------------+ 
Path 50: MET Late External Delay Assertion 
Endpoint:   imem_addr[30]            (^) checked with  leading edge of 'clk'
Beginpoint: datapath/IF_pc_reg[30]/Q (^) triggered by  leading edge of 'clk'
Path Groups: {clk}
Analysis View: RPT_FAST
Other End Arrival Time          0.000
- External Delay                1.230
+ Phase Shift                   4.100
+ CPPR Adjustment               0.000
- Uncertainty                   0.100
= Required Time                 2.770
- Arrival Time                  0.211
= Slack Time                    2.559
     Clock Rise Edge                 0.000
     + Clock Network Latency (Prop)  0.143
     = Beginpoint Arrival Time       0.143
     +---------------------------------------------------------------------------------+ 
     |        Instance        |       Arc       |  Cell   | Delay | Arrival | Required | 
     |                        |                 |         |       |  Time   |   Time   | 
     |------------------------+-----------------+---------+-------+---------+----------| 
     | datapath/IF_pc_reg[30] | CK ^            |         |       |   0.143 |    2.701 | 
     | datapath/IF_pc_reg[30] | CK ^ -> Q ^     | DFFR_X1 | 0.068 |   0.211 |    2.770 | 
     |                        | imem_addr[30] ^ |         | 0.000 |   0.211 |    2.770 | 
     +---------------------------------------------------------------------------------+ 

