###############################################################
#  Generated by:      Cadence Innovus 23.12-s091_1
#  OS:                Linux x86_64(Host ID nanohub-2907946-1)
#  Generated on:      Tue Aug 11 17:42:03 2026
#  Design:            pipelined_cpu_core
#  Command:           report_timing -early -view RPT_SLOW -max_paths 50 -nworst 1 > reports/41_hold_slow.rpt
###############################################################
Path 1: MET Hold Check with Pin datapath/EXMEM_storeData_reg[15]/CK 
Endpoint:   datapath/EXMEM_storeData_reg[15]/D (v) checked with  leading edge 
of 'clk'
Beginpoint: datapath/IDEX_readData2_reg[15]/QN (^) triggered by  leading edge 
of 'clk'
Path Groups: {reg2reg}
Analysis View: RPT_SLOW
Other End Arrival Time          0.554
+ Hold                          0.027
+ Phase Shift                   0.000
- CPPR Adjustment               0.000
+ Uncertainty                   0.020
= Required Time                 0.601
  Arrival Time                  0.788
  Slack Time                    0.187
     Clock Rise Edge                 0.000
     + Clock Network Latency (Prop)  0.501
     = Beginpoint Arrival Time       0.501
     +------------------------------------------------------------------------------------------+ 
     |             Instance             |     Arc      |   Cell    | Delay | Arrival | Required | 
     |                                  |              |           |       |  Time   |   Time   | 
     |----------------------------------+--------------+-----------+-------+---------+----------| 
     | datapath/IDEX_readData2_reg[15]  | CK ^         |           |       |   0.501 |    0.314 | 
     | datapath/IDEX_readData2_reg[15]  | CK ^ -> QN ^ | DFFR_X1   | 0.230 |   0.731 |    0.544 | 
     | datapath/g26275                  | A2 ^ -> ZN v | OAI222_X1 | 0.057 |   0.788 |    0.601 | 
     | datapath/EXMEM_storeData_reg[15] | D v          | DFFR_X1   | 0.000 |   0.788 |    0.601 | 
     +------------------------------------------------------------------------------------------+ 
Path 2: MET Hold Check with Pin datapath/EXMEM_storeData_reg[21]/CK 
Endpoint:   datapath/EXMEM_storeData_reg[21]/D (v) checked with  leading edge 
of 'clk'
Beginpoint: datapath/IDEX_readData2_reg[21]/QN (^) triggered by  leading edge 
of 'clk'
Path Groups: {reg2reg}
Analysis View: RPT_SLOW
Other End Arrival Time          0.554
+ Hold                          0.027
+ Phase Shift                   0.000
- CPPR Adjustment               0.000
+ Uncertainty                   0.020
= Required Time                 0.601
  Arrival Time                  0.789
  Slack Time                    0.188
     Clock Rise Edge                 0.000
     + Clock Network Latency (Prop)  0.501
     = Beginpoint Arrival Time       0.501
     +------------------------------------------------------------------------------------------+ 
     |             Instance             |     Arc      |   Cell    | Delay | Arrival | Required | 
     |                                  |              |           |       |  Time   |   Time   | 
     |----------------------------------+--------------+-----------+-------+---------+----------| 
     | datapath/IDEX_readData2_reg[21]  | CK ^         |           |       |   0.501 |    0.313 | 
     | datapath/IDEX_readData2_reg[21]  | CK ^ -> QN ^ | DFFR_X1   | 0.228 |   0.729 |    0.542 | 
     | datapath/g26259                  | A2 ^ -> ZN v | OAI222_X1 | 0.059 |   0.789 |    0.601 | 
     | datapath/EXMEM_storeData_reg[21] | D v          | DFFR_X1   | 0.000 |   0.789 |    0.601 | 
     +------------------------------------------------------------------------------------------+ 
Path 3: MET Hold Check with Pin datapath/EXMEM_storeData_reg[16]/CK 
Endpoint:   datapath/EXMEM_storeData_reg[16]/D (v) checked with  leading edge 
of 'clk'
Beginpoint: datapath/IDEX_readData2_reg[16]/QN (^) triggered by  leading edge 
of 'clk'
Path Groups: {reg2reg}
Analysis View: RPT_SLOW
Other End Arrival Time          0.552
+ Hold                          0.025
+ Phase Shift                   0.000
- CPPR Adjustment               0.000
+ Uncertainty                   0.020
= Required Time                 0.597
  Arrival Time                  0.785
  Slack Time                    0.188
     Clock Rise Edge                 0.000
     + Clock Network Latency (Prop)  0.498
     = Beginpoint Arrival Time       0.498
     +-----------------------------------------------------------------------------------------+ 
     |             Instance             |     Arc      |   Cell   | Delay | Arrival | Required | 
     |                                  |              |          |       |  Time   |   Time   | 
     |----------------------------------+--------------+----------+-------+---------+----------| 
     | datapath/IDEX_readData2_reg[16]  | CK ^         |          |       |   0.498 |    0.310 | 
     | datapath/IDEX_readData2_reg[16]  | CK ^ -> QN ^ | DFFR_X1  | 0.229 |   0.727 |    0.539 | 
     | datapath/g26320                  | B2 ^ -> ZN v | OAI21_X1 | 0.059 |   0.785 |    0.597 | 
     | datapath/EXMEM_storeData_reg[16] | D v          | DFFR_X1  | 0.000 |   0.785 |    0.597 | 
     +-----------------------------------------------------------------------------------------+ 
Path 4: MET Hold Check with Pin datapath/EXMEM_storeData_reg[10]/CK 
Endpoint:   datapath/EXMEM_storeData_reg[10]/D (v) checked with  leading edge 
of 'clk'
Beginpoint: datapath/IDEX_readData2_reg[10]/QN (^) triggered by  leading edge 
of 'clk'
Path Groups: {reg2reg}
Analysis View: RPT_SLOW
Other End Arrival Time          0.554
+ Hold                          0.027
+ Phase Shift                   0.000
- CPPR Adjustment               0.000
+ Uncertainty                   0.020
= Required Time                 0.601
  Arrival Time                  0.808
  Slack Time                    0.207
     Clock Rise Edge                 0.000
     + Clock Network Latency (Prop)  0.501
     = Beginpoint Arrival Time       0.501
     +------------------------------------------------------------------------------------------+ 
     |             Instance             |     Arc      |   Cell    | Delay | Arrival | Required | 
     |                                  |              |           |       |  Time   |   Time   | 
     |----------------------------------+--------------+-----------+-------+---------+----------| 
     | datapath/IDEX_readData2_reg[10]  | CK ^         |           |       |   0.501 |    0.294 | 
     | datapath/IDEX_readData2_reg[10]  | CK ^ -> QN ^ | DFFR_X1   | 0.229 |   0.730 |    0.524 | 
     | datapath/FE_RC_350_0             | C2 ^ -> ZN v | OAI222_X1 | 0.078 |   0.808 |    0.601 | 
     | datapath/EXMEM_storeData_reg[10] | D v          | DFFR_X1   | 0.000 |   0.808 |    0.601 | 
     +------------------------------------------------------------------------------------------+ 
Path 5: MET Hold Check with Pin datapath/IDEX_rd_reg[4]/CK 
Endpoint:   datapath/IDEX_rd_reg[4]/D      (v) checked with  leading edge of 
'clk'
Beginpoint: datapath/IFID_instr_reg[11]/QN (^) triggered by  leading edge of 
'clk'
Path Groups: {reg2reg}
Analysis View: RPT_SLOW
Other End Arrival Time          0.552
+ Hold                          0.024
+ Phase Shift                   0.000
- CPPR Adjustment               0.000
+ Uncertainty                   0.020
= Required Time                 0.596
  Arrival Time                  0.807
  Slack Time                    0.211
     Clock Rise Edge                 0.000
     + Clock Network Latency (Prop)  0.551
     = Beginpoint Arrival Time       0.551
     +-----------------------------------------------------------------------------------+ 
     |          Instance           |     Arc      |  Cell   | Delay | Arrival | Required | 
     |                             |              |         |       |  Time   |   Time   | 
     |-----------------------------+--------------+---------+-------+---------+----------| 
     | datapath/IFID_instr_reg[11] | CK ^         |         |       |   0.551 |    0.340 | 
     | datapath/IFID_instr_reg[11] | CK ^ -> QN ^ | DFFR_X1 | 0.228 |   0.779 |    0.568 | 
     | datapath/g35704             | A2 ^ -> ZN v | NOR2_X1 | 0.028 |   0.807 |    0.596 | 
     | datapath/IDEX_rd_reg[4]     | D v          | DFFR_X1 | 0.000 |   0.807 |    0.596 | 
     +-----------------------------------------------------------------------------------+ 
Path 6: MET Hold Check with Pin datapath/IDEX_rd_reg[0]/CK 
Endpoint:   datapath/IDEX_rd_reg[0]/D     (v) checked with  leading edge of 
'clk'
Beginpoint: datapath/IFID_instr_reg[7]/QN (^) triggered by  leading edge of 
'clk'
Path Groups: {reg2reg}
Analysis View: RPT_SLOW
Other End Arrival Time          0.552
+ Hold                          0.024
+ Phase Shift                   0.000
- CPPR Adjustment               0.000
+ Uncertainty                   0.020
= Required Time                 0.596
  Arrival Time                  0.808
  Slack Time                    0.212
     Clock Rise Edge                 0.000
     + Clock Network Latency (Prop)  0.551
     = Beginpoint Arrival Time       0.551
     +----------------------------------------------------------------------------------+ 
     |          Instance          |     Arc      |  Cell   | Delay | Arrival | Required | 
     |                            |              |         |       |  Time   |   Time   | 
     |----------------------------+--------------+---------+-------+---------+----------| 
     | datapath/IFID_instr_reg[7] | CK ^         |         |       |   0.551 |    0.339 | 
     | datapath/IFID_instr_reg[7] | CK ^ -> QN ^ | DFFR_X1 | 0.229 |   0.780 |    0.568 | 
     | datapath/g35706            | A2 ^ -> ZN v | NOR2_X1 | 0.028 |   0.808 |    0.596 | 
     | datapath/IDEX_rd_reg[0]    | D v          | DFFR_X1 | 0.000 |   0.808 |    0.596 | 
     +----------------------------------------------------------------------------------+ 
Path 7: MET Hold Check with Pin datapath/IDEX_rd_reg[3]/CK 
Endpoint:   datapath/IDEX_rd_reg[3]/D      (v) checked with  leading edge of 
'clk'
Beginpoint: datapath/IFID_instr_reg[10]/QN (^) triggered by  leading edge of 
'clk'
Path Groups: {reg2reg}
Analysis View: RPT_SLOW
Other End Arrival Time          0.552
+ Hold                          0.024
+ Phase Shift                   0.000
- CPPR Adjustment               0.000
+ Uncertainty                   0.020
= Required Time                 0.596
  Arrival Time                  0.810
  Slack Time                    0.214
     Clock Rise Edge                 0.000
     + Clock Network Latency (Prop)  0.551
     = Beginpoint Arrival Time       0.551
     +-----------------------------------------------------------------------------------+ 
     |          Instance           |     Arc      |  Cell   | Delay | Arrival | Required | 
     |                             |              |         |       |  Time   |   Time   | 
     |-----------------------------+--------------+---------+-------+---------+----------| 
     | datapath/IFID_instr_reg[10] | CK ^         |         |       |   0.551 |    0.337 | 
     | datapath/IFID_instr_reg[10] | CK ^ -> QN ^ | DFFR_X1 | 0.230 |   0.781 |    0.568 | 
     | datapath/g35705             | A2 ^ -> ZN v | NOR2_X1 | 0.029 |   0.810 |    0.596 | 
     | datapath/IDEX_rd_reg[3]     | D v          | DFFR_X1 | 0.000 |   0.810 |    0.596 | 
     +-----------------------------------------------------------------------------------+ 
Path 8: MET Hold Check with Pin datapath/IDEX_rd_reg[2]/CK 
Endpoint:   datapath/IDEX_rd_reg[2]/D     (v) checked with  leading edge of 
'clk'
Beginpoint: datapath/IFID_instr_reg[9]/QN (^) triggered by  leading edge of 
'clk'
Path Groups: {reg2reg}
Analysis View: RPT_SLOW
Other End Arrival Time          0.552
+ Hold                          0.024
+ Phase Shift                   0.000
- CPPR Adjustment               0.000
+ Uncertainty                   0.020
= Required Time                 0.596
  Arrival Time                  0.811
  Slack Time                    0.215
     Clock Rise Edge                 0.000
     + Clock Network Latency (Prop)  0.551
     = Beginpoint Arrival Time       0.551
     +----------------------------------------------------------------------------------+ 
     |          Instance          |     Arc      |  Cell   | Delay | Arrival | Required | 
     |                            |              |         |       |  Time   |   Time   | 
     |----------------------------+--------------+---------+-------+---------+----------| 
     | datapath/IFID_instr_reg[9] | CK ^         |         |       |   0.551 |    0.336 | 
     | datapath/IFID_instr_reg[9] | CK ^ -> QN ^ | DFFR_X1 | 0.231 |   0.782 |    0.567 | 
     | datapath/g35702            | A2 ^ -> ZN v | NOR2_X1 | 0.029 |   0.811 |    0.596 | 
     | datapath/IDEX_rd_reg[2]    | D v          | DFFR_X1 | 0.000 |   0.811 |    0.596 | 
     +----------------------------------------------------------------------------------+ 
Path 9: MET Hold Check with Pin datapath/IDEX_rd_reg[1]/CK 
Endpoint:   datapath/IDEX_rd_reg[1]/D     (v) checked with  leading edge of 
'clk'
Beginpoint: datapath/IFID_instr_reg[8]/QN (^) triggered by  leading edge of 
'clk'
Path Groups: {reg2reg}
Analysis View: RPT_SLOW
Other End Arrival Time          0.552
+ Hold                          0.024
+ Phase Shift                   0.000
- CPPR Adjustment               0.000
+ Uncertainty                   0.020
= Required Time                 0.596
  Arrival Time                  0.812
  Slack Time                    0.216
     Clock Rise Edge                 0.000
     + Clock Network Latency (Prop)  0.551
     = Beginpoint Arrival Time       0.551
     +----------------------------------------------------------------------------------+ 
     |          Instance          |     Arc      |  Cell   | Delay | Arrival | Required | 
     |                            |              |         |       |  Time   |   Time   | 
     |----------------------------+--------------+---------+-------+---------+----------| 
     | datapath/IFID_instr_reg[8] | CK ^         |         |       |   0.551 |    0.336 | 
     | datapath/IFID_instr_reg[8] | CK ^ -> QN ^ | DFFR_X1 | 0.231 |   0.782 |    0.567 | 
     | datapath/g35707            | A2 ^ -> ZN v | NOR2_X1 | 0.029 |   0.812 |    0.596 | 
     | datapath/IDEX_rd_reg[1]    | D v          | DFFR_X1 | 0.000 |   0.812 |    0.596 | 
     +----------------------------------------------------------------------------------+ 
Path 10: MET Hold Check with Pin datapath/MEMWB_aluResult_reg[18]/CK 
Endpoint:   datapath/MEMWB_aluResult_reg[18]/D (v) checked with  leading edge 
of 'clk'
Beginpoint: datapath/EXMEM_aluResult_reg[18]/Q (v) triggered by  leading edge 
of 'clk'
Path Groups: {reg2reg}
Analysis View: RPT_SLOW
Other End Arrival Time          0.556
+ Hold                          0.025
+ Phase Shift                   0.000
- CPPR Adjustment               0.000
+ Uncertainty                   0.020
= Required Time                 0.601
  Arrival Time                  0.823
  Slack Time                    0.222
     Clock Rise Edge                 0.000
     + Clock Network Latency (Prop)  0.536
     = Beginpoint Arrival Time       0.536
     +---------------------------------------------------------------------------------------+ 
     |             Instance             |     Arc     |  Cell   | Delay | Arrival | Required | 
     |                                  |             |         |       |  Time   |   Time   | 
     |----------------------------------+-------------+---------+-------+---------+----------| 
     | datapath/EXMEM_aluResult_reg[18] | CK ^        |         |       |   0.536 |    0.314 | 
     | datapath/EXMEM_aluResult_reg[18] | CK ^ -> Q v | DFFR_X1 | 0.287 |   0.823 |    0.601 | 
     | datapath/MEMWB_aluResult_reg[18] | D v         | DFFR_X1 | 0.000 |   0.823 |    0.601 | 
     +---------------------------------------------------------------------------------------+ 
Path 11: MET Hold Check with Pin datapath/MEMWB_aluResult_reg[19]/CK 
Endpoint:   datapath/MEMWB_aluResult_reg[19]/D (v) checked with  leading edge 
of 'clk'
Beginpoint: datapath/EXMEM_aluResult_reg[19]/Q (v) triggered by  leading edge 
of 'clk'
Path Groups: {reg2reg}
Analysis View: RPT_SLOW
Other End Arrival Time          0.558
+ Hold                          0.026
+ Phase Shift                   0.000
- CPPR Adjustment               0.000
+ Uncertainty                   0.020
= Required Time                 0.604
  Arrival Time                  0.830
  Slack Time                    0.226
     Clock Rise Edge                 0.000
     + Clock Network Latency (Prop)  0.540
     = Beginpoint Arrival Time       0.540
     +---------------------------------------------------------------------------------------+ 
     |             Instance             |     Arc     |  Cell   | Delay | Arrival | Required | 
     |                                  |             |         |       |  Time   |   Time   | 
     |----------------------------------+-------------+---------+-------+---------+----------| 
     | datapath/EXMEM_aluResult_reg[19] | CK ^        |         |       |   0.540 |    0.314 | 
     | datapath/EXMEM_aluResult_reg[19] | CK ^ -> Q v | DFFR_X1 | 0.290 |   0.830 |    0.604 | 
     | datapath/MEMWB_aluResult_reg[19] | D v         | DFFR_X1 | 0.000 |   0.830 |    0.604 | 
     +---------------------------------------------------------------------------------------+ 
Path 12: MET Hold Check with Pin datapath/MEMWB_aluResult_reg[17]/CK 
Endpoint:   datapath/MEMWB_aluResult_reg[17]/D (v) checked with  leading edge 
of 'clk'
Beginpoint: datapath/EXMEM_aluResult_reg[17]/Q (v) triggered by  leading edge 
of 'clk'
Path Groups: {reg2reg}
Analysis View: RPT_SLOW
Other End Arrival Time          0.560
+ Hold                          0.027
+ Phase Shift                   0.000
- CPPR Adjustment               0.000
+ Uncertainty                   0.020
= Required Time                 0.607
  Arrival Time                  0.840
  Slack Time                    0.233
     Clock Rise Edge                 0.000
     + Clock Network Latency (Prop)  0.540
     = Beginpoint Arrival Time       0.540
     +---------------------------------------------------------------------------------------+ 
     |             Instance             |     Arc     |  Cell   | Delay | Arrival | Required | 
     |                                  |             |         |       |  Time   |   Time   | 
     |----------------------------------+-------------+---------+-------+---------+----------| 
     | datapath/EXMEM_aluResult_reg[17] | CK ^        |         |       |   0.540 |    0.308 | 
     | datapath/EXMEM_aluResult_reg[17] | CK ^ -> Q v | DFFR_X1 | 0.299 |   0.840 |    0.607 | 
     | datapath/MEMWB_aluResult_reg[17] | D v         | DFFR_X1 | 0.000 |   0.840 |    0.607 | 
     +---------------------------------------------------------------------------------------+ 
Path 13: MET Hold Check with Pin datapath/EXMEM_storeData_reg[18]/CK 
Endpoint:   datapath/EXMEM_storeData_reg[18]/D (v) checked with  leading edge 
of 'clk'
Beginpoint: datapath/IDEX_readData2_reg[18]/QN (^) triggered by  leading edge 
of 'clk'
Path Groups: {reg2reg}
Analysis View: RPT_SLOW
Other End Arrival Time          0.554
+ Hold                          0.027
+ Phase Shift                   0.000
- CPPR Adjustment               0.000
+ Uncertainty                   0.020
= Required Time                 0.601
  Arrival Time                  0.844
  Slack Time                    0.243
     Clock Rise Edge                 0.000
     + Clock Network Latency (Prop)  0.555
     = Beginpoint Arrival Time       0.555
     +------------------------------------------------------------------------------------------+ 
     |             Instance             |     Arc      |   Cell    | Delay | Arrival | Required | 
     |                                  |              |           |       |  Time   |   Time   | 
     |----------------------------------+--------------+-----------+-------+---------+----------| 
     | datapath/IDEX_readData2_reg[18]  | CK ^         |           |       |   0.555 |    0.313 | 
     | datapath/IDEX_readData2_reg[18]  | CK ^ -> QN ^ | DFFR_X1   | 0.229 |   0.785 |    0.542 | 
     | datapath/g26261                  | A2 ^ -> ZN v | OAI222_X1 | 0.059 |   0.844 |    0.601 | 
     | datapath/EXMEM_storeData_reg[18] | D v          | DFFR_X1   | 0.000 |   0.844 |    0.601 | 
     +------------------------------------------------------------------------------------------+ 
Path 14: MET Hold Check with Pin datapath/EXMEM_memWrite_reg/CK 
Endpoint:   datapath/EXMEM_memWrite_reg/D (v) checked with  leading edge of 
'clk'
Beginpoint: datapath/IDEX_memWrite_reg/Q  (v) triggered by  leading edge of 
'clk'
Path Groups: {reg2reg}
Analysis View: RPT_SLOW
Other End Arrival Time          0.546
+ Hold                          0.024
+ Phase Shift                   0.000
- CPPR Adjustment               0.000
+ Uncertainty                   0.020
= Required Time                 0.590
  Arrival Time                  0.834
  Slack Time                    0.244
     Clock Rise Edge                 0.000
     + Clock Network Latency (Prop)  0.546
     = Beginpoint Arrival Time       0.546
     +----------------------------------------------------------------------------------+ 
     |          Instance           |     Arc     |  Cell   | Delay | Arrival | Required | 
     |                             |             |         |       |  Time   |   Time   | 
     |-----------------------------+-------------+---------+-------+---------+----------| 
     | datapath/IDEX_memWrite_reg  | CK ^        |         |       |   0.546 |    0.302 | 
     | datapath/IDEX_memWrite_reg  | CK ^ -> Q v | DFFR_X1 | 0.288 |   0.834 |    0.590 | 
     | datapath/EXMEM_memWrite_reg | D v         | DFFR_X1 | 0.000 |   0.834 |    0.590 | 
     +----------------------------------------------------------------------------------+ 
Path 15: MET Hold Check with Pin datapath/EXMEM_storeData_reg[24]/CK 
Endpoint:   datapath/EXMEM_storeData_reg[24]/D (v) checked with  leading edge 
of 'clk'
Beginpoint: datapath/IDEX_readData2_reg[24]/QN (^) triggered by  leading edge 
of 'clk'
Path Groups: {reg2reg}
Analysis View: RPT_SLOW
Other End Arrival Time          0.546
+ Hold                          0.024
+ Phase Shift                   0.000
- CPPR Adjustment               0.000
+ Uncertainty                   0.020
= Required Time                 0.590
  Arrival Time                  0.834
  Slack Time                    0.244
     Clock Rise Edge                 0.000
     + Clock Network Latency (Prop)  0.553
     = Beginpoint Arrival Time       0.553
     +-----------------------------------------------------------------------------------------+ 
     |             Instance             |     Arc      |   Cell   | Delay | Arrival | Required | 
     |                                  |              |          |       |  Time   |   Time   | 
     |----------------------------------+--------------+----------+-------+---------+----------| 
     | datapath/IDEX_readData2_reg[24]  | CK ^         |          |       |   0.553 |    0.309 | 
     | datapath/IDEX_readData2_reg[24]  | CK ^ -> QN ^ | DFFR_X1  | 0.226 |   0.779 |    0.535 | 
     | datapath/g26317                  | B2 ^ -> ZN v | OAI21_X1 | 0.055 |   0.834 |    0.590 | 
     | datapath/EXMEM_storeData_reg[24] | D v          | DFFR_X1  | 0.000 |   0.834 |    0.590 | 
     +-----------------------------------------------------------------------------------------+ 
Path 16: MET Hold Check with Pin datapath/MEMWB_aluResult_reg[10]/CK 
Endpoint:   datapath/MEMWB_aluResult_reg[10]/D (v) checked with  leading edge 
of 'clk'
Beginpoint: datapath/EXMEM_aluResult_reg[10]/Q (v) triggered by  leading edge 
of 'clk'
Path Groups: {reg2reg}
Analysis View: RPT_SLOW
Other End Arrival Time          0.502
+ Hold                          0.025
+ Phase Shift                   0.000
- CPPR Adjustment               0.000
+ Uncertainty                   0.020
= Required Time                 0.547
  Arrival Time                  0.791
  Slack Time                    0.244
     Clock Rise Edge                 0.000
     + Clock Network Latency (Prop)  0.501
     = Beginpoint Arrival Time       0.501
     +---------------------------------------------------------------------------------------+ 
     |             Instance             |     Arc     |  Cell   | Delay | Arrival | Required | 
     |                                  |             |         |       |  Time   |   Time   | 
     |----------------------------------+-------------+---------+-------+---------+----------| 
     | datapath/EXMEM_aluResult_reg[10] | CK ^        |         |       |   0.501 |    0.257 | 
     | datapath/EXMEM_aluResult_reg[10] | CK ^ -> Q v | DFFR_X1 | 0.290 |   0.791 |    0.547 | 
     | datapath/MEMWB_aluResult_reg[10] | D v         | DFFR_X1 | 0.000 |   0.791 |    0.547 | 
     +---------------------------------------------------------------------------------------+ 
Path 17: MET Hold Check with Pin datapath/MEMWB_aluResult_reg[8]/CK 
Endpoint:   datapath/MEMWB_aluResult_reg[8]/D (v) checked with  leading edge of 
'clk'
Beginpoint: datapath/EXMEM_aluResult_reg[8]/Q (v) triggered by  leading edge of 
'clk'
Path Groups: {reg2reg}
Analysis View: RPT_SLOW
Other End Arrival Time          0.556
+ Hold                          0.025
+ Phase Shift                   0.000
- CPPR Adjustment               0.000
+ Uncertainty                   0.020
= Required Time                 0.601
  Arrival Time                  0.845
  Slack Time                    0.244
     Clock Rise Edge                 0.000
     + Clock Network Latency (Prop)  0.555
     = Beginpoint Arrival Time       0.555
     +--------------------------------------------------------------------------------------+ 
     |            Instance             |     Arc     |  Cell   | Delay | Arrival | Required | 
     |                                 |             |         |       |  Time   |   Time   | 
     |---------------------------------+-------------+---------+-------+---------+----------| 
     | datapath/EXMEM_aluResult_reg[8] | CK ^        |         |       |   0.555 |    0.311 | 
     | datapath/EXMEM_aluResult_reg[8] | CK ^ -> Q v | DFFR_X1 | 0.290 |   0.845 |    0.601 | 
     | datapath/MEMWB_aluResult_reg[8] | D v         | DFFR_X1 | 0.000 |   0.845 |    0.601 | 
     +--------------------------------------------------------------------------------------+ 
Path 18: MET Hold Check with Pin datapath/MEMWB_aluResult_reg[9]/CK 
Endpoint:   datapath/MEMWB_aluResult_reg[9]/D (v) checked with  leading edge of 
'clk'
Beginpoint: datapath/EXMEM_aluResult_reg[9]/Q (v) triggered by  leading edge of 
'clk'
Path Groups: {reg2reg}
Analysis View: RPT_SLOW
Other End Arrival Time          0.502
+ Hold                          0.025
+ Phase Shift                   0.000
- CPPR Adjustment               0.000
+ Uncertainty                   0.020
= Required Time                 0.547
  Arrival Time                  0.792
  Slack Time                    0.245
     Clock Rise Edge                 0.000
     + Clock Network Latency (Prop)  0.501
     = Beginpoint Arrival Time       0.501
     +--------------------------------------------------------------------------------------+ 
     |            Instance             |     Arc     |  Cell   | Delay | Arrival | Required | 
     |                                 |             |         |       |  Time   |   Time   | 
     |---------------------------------+-------------+---------+-------+---------+----------| 
     | datapath/EXMEM_aluResult_reg[9] | CK ^        |         |       |   0.501 |    0.257 | 
     | datapath/EXMEM_aluResult_reg[9] | CK ^ -> Q v | DFFR_X1 | 0.290 |   0.792 |    0.547 | 
     | datapath/MEMWB_aluResult_reg[9] | D v         | DFFR_X1 | 0.000 |   0.792 |    0.547 | 
     +--------------------------------------------------------------------------------------+ 
Path 19: MET Hold Check with Pin datapath/EXMEM_storeData_reg[20]/CK 
Endpoint:   datapath/EXMEM_storeData_reg[20]/D (v) checked with  leading edge 
of 'clk'
Beginpoint: datapath/IDEX_readData2_reg[20]/QN (^) triggered by  leading edge 
of 'clk'
Path Groups: {reg2reg}
Analysis View: RPT_SLOW
Other End Arrival Time          0.554
+ Hold                          0.027
+ Phase Shift                   0.000
- CPPR Adjustment               0.000
+ Uncertainty                   0.020
= Required Time                 0.601
  Arrival Time                  0.846
  Slack Time                    0.245
     Clock Rise Edge                 0.000
     + Clock Network Latency (Prop)  0.555
     = Beginpoint Arrival Time       0.555
     +------------------------------------------------------------------------------------------+ 
     |             Instance             |     Arc      |   Cell    | Delay | Arrival | Required | 
     |                                  |              |           |       |  Time   |   Time   | 
     |----------------------------------+--------------+-----------+-------+---------+----------| 
     | datapath/IDEX_readData2_reg[20]  | CK ^         |           |       |   0.555 |    0.310 | 
     | datapath/IDEX_readData2_reg[20]  | CK ^ -> QN ^ | DFFR_X1   | 0.229 |   0.785 |    0.540 | 
     | datapath/g26263                  | A2 ^ -> ZN v | OAI222_X1 | 0.062 |   0.846 |    0.601 | 
     | datapath/EXMEM_storeData_reg[20] | D v          | DFFR_X1   | 0.000 |   0.846 |    0.601 | 
     +------------------------------------------------------------------------------------------+ 
Path 20: MET Hold Check with Pin datapath/MEMWB_aluResult_reg[11]/CK 
Endpoint:   datapath/MEMWB_aluResult_reg[11]/D (v) checked with  leading edge 
of 'clk'
Beginpoint: datapath/EXMEM_aluResult_reg[11]/Q (v) triggered by  leading edge 
of 'clk'
Path Groups: {reg2reg}
Analysis View: RPT_SLOW
Other End Arrival Time          0.556
+ Hold                          0.025
+ Phase Shift                   0.000
- CPPR Adjustment               0.000
+ Uncertainty                   0.020
= Required Time                 0.601
  Arrival Time                  0.846
  Slack Time                    0.245
     Clock Rise Edge                 0.000
     + Clock Network Latency (Prop)  0.555
     = Beginpoint Arrival Time       0.555
     +---------------------------------------------------------------------------------------+ 
     |             Instance             |     Arc     |  Cell   | Delay | Arrival | Required | 
     |                                  |             |         |       |  Time   |   Time   | 
     |----------------------------------+-------------+---------+-------+---------+----------| 
     | datapath/EXMEM_aluResult_reg[11] | CK ^        |         |       |   0.555 |    0.310 | 
     | datapath/EXMEM_aluResult_reg[11] | CK ^ -> Q v | DFFR_X1 | 0.290 |   0.846 |    0.601 | 
     | datapath/MEMWB_aluResult_reg[11] | D v         | DFFR_X1 | 0.000 |   0.846 |    0.601 | 
     +---------------------------------------------------------------------------------------+ 
Path 21: MET Hold Check with Pin datapath/EXMEM_storeData_reg[14]/CK 
Endpoint:   datapath/EXMEM_storeData_reg[14]/D (v) checked with  leading edge 
of 'clk'
Beginpoint: datapath/IDEX_readData2_reg[14]/QN (^) triggered by  leading edge 
of 'clk'
Path Groups: {reg2reg}
Analysis View: RPT_SLOW
Other End Arrival Time          0.554
+ Hold                          0.027
+ Phase Shift                   0.000
- CPPR Adjustment               0.000
+ Uncertainty                   0.020
= Required Time                 0.601
  Arrival Time                  0.846
  Slack Time                    0.245
     Clock Rise Edge                 0.000
     + Clock Network Latency (Prop)  0.555
     = Beginpoint Arrival Time       0.555
     +------------------------------------------------------------------------------------------+ 
     |             Instance             |     Arc      |   Cell    | Delay | Arrival | Required | 
     |                                  |              |           |       |  Time   |   Time   | 
     |----------------------------------+--------------+-----------+-------+---------+----------| 
     | datapath/IDEX_readData2_reg[14]  | CK ^         |           |       |   0.555 |    0.310 | 
     | datapath/IDEX_readData2_reg[14]  | CK ^ -> QN ^ | DFFR_X1   | 0.229 |   0.785 |    0.540 | 
     | datapath/g26274                  | A2 ^ -> ZN v | OAI222_X1 | 0.062 |   0.846 |    0.601 | 
     | datapath/EXMEM_storeData_reg[14] | D v          | DFFR_X1   | 0.000 |   0.846 |    0.601 | 
     +------------------------------------------------------------------------------------------+ 
Path 22: MET Hold Check with Pin datapath/MEMWB_aluResult_reg[21]/CK 
Endpoint:   datapath/MEMWB_aluResult_reg[21]/D (v) checked with  leading edge 
of 'clk'
Beginpoint: datapath/EXMEM_aluResult_reg[21]/Q (v) triggered by  leading edge 
of 'clk'
Path Groups: {reg2reg}
Analysis View: RPT_SLOW
Other End Arrival Time          0.501
+ Hold                          0.025
+ Phase Shift                   0.000
- CPPR Adjustment               0.000
+ Uncertainty                   0.020
= Required Time                 0.546
  Arrival Time                  0.793
  Slack Time                    0.247
     Clock Rise Edge                 0.000
     + Clock Network Latency (Prop)  0.501
     = Beginpoint Arrival Time       0.501
     +---------------------------------------------------------------------------------------+ 
     |             Instance             |     Arc     |  Cell   | Delay | Arrival | Required | 
     |                                  |             |         |       |  Time   |   Time   | 
     |----------------------------------+-------------+---------+-------+---------+----------| 
     | datapath/EXMEM_aluResult_reg[21] | CK ^        |         |       |   0.501 |    0.254 | 
     | datapath/EXMEM_aluResult_reg[21] | CK ^ -> Q v | DFFR_X1 | 0.292 |   0.793 |    0.546 | 
     | datapath/MEMWB_aluResult_reg[21] | D v         | DFFR_X1 | 0.000 |   0.793 |    0.546 | 
     +---------------------------------------------------------------------------------------+ 
Path 23: MET Hold Check with Pin datapath/MEMWB_aluResult_reg[26]/CK 
Endpoint:   datapath/MEMWB_aluResult_reg[26]/D (v) checked with  leading edge 
of 'clk'
Beginpoint: datapath/EXMEM_aluResult_reg[26]/Q (v) triggered by  leading edge 
of 'clk'
Path Groups: {reg2reg}
Analysis View: RPT_SLOW
Other End Arrival Time          0.550
+ Hold                          0.025
+ Phase Shift                   0.000
- CPPR Adjustment               0.000
+ Uncertainty                   0.020
= Required Time                 0.595
  Arrival Time                  0.844
  Slack Time                    0.248
     Clock Rise Edge                 0.000
     + Clock Network Latency (Prop)  0.530
     = Beginpoint Arrival Time       0.530
     +---------------------------------------------------------------------------------------+ 
     |             Instance             |     Arc     |  Cell   | Delay | Arrival | Required | 
     |                                  |             |         |       |  Time   |   Time   | 
     |----------------------------------+-------------+---------+-------+---------+----------| 
     | datapath/EXMEM_aluResult_reg[26] | CK ^        |         |       |   0.530 |    0.281 | 
     | datapath/EXMEM_aluResult_reg[26] | CK ^ -> Q v | DFFR_X1 | 0.314 |   0.844 |    0.595 | 
     | datapath/MEMWB_aluResult_reg[26] | D v         | DFFR_X1 | 0.000 |   0.844 |    0.595 | 
     +---------------------------------------------------------------------------------------+ 
Path 24: MET Hold Check with Pin datapath/MEMWB_aluResult_reg[25]/CK 
Endpoint:   datapath/MEMWB_aluResult_reg[25]/D (v) checked with  leading edge 
of 'clk'
Beginpoint: datapath/EXMEM_aluResult_reg[25]/Q (v) triggered by  leading edge 
of 'clk'
Path Groups: {reg2reg}
Analysis View: RPT_SLOW
Other End Arrival Time          0.550
+ Hold                          0.026
+ Phase Shift                   0.000
- CPPR Adjustment               0.000
+ Uncertainty                   0.020
= Required Time                 0.595
  Arrival Time                  0.844
  Slack Time                    0.248
     Clock Rise Edge                 0.000
     + Clock Network Latency (Prop)  0.530
     = Beginpoint Arrival Time       0.530
     +---------------------------------------------------------------------------------------+ 
     |             Instance             |     Arc     |  Cell   | Delay | Arrival | Required | 
     |                                  |             |         |       |  Time   |   Time   | 
     |----------------------------------+-------------+---------+-------+---------+----------| 
     | datapath/EXMEM_aluResult_reg[25] | CK ^        |         |       |   0.530 |    0.281 | 
     | datapath/EXMEM_aluResult_reg[25] | CK ^ -> Q v | DFFR_X1 | 0.314 |   0.844 |    0.595 | 
     | datapath/MEMWB_aluResult_reg[25] | D v         | DFFR_X1 | 0.000 |   0.844 |    0.595 | 
     +---------------------------------------------------------------------------------------+ 
Path 25: MET Hold Check with Pin datapath/EXMEM_regWrite_reg/CK 
Endpoint:   datapath/EXMEM_regWrite_reg/D (v) checked with  leading edge of 
'clk'
Beginpoint: datapath/IDEX_regWrite_reg/Q  (v) triggered by  leading edge of 
'clk'
Path Groups: {reg2reg}
Analysis View: RPT_SLOW
Other End Arrival Time          0.533
+ Hold                          0.019
+ Phase Shift                   0.000
- CPPR Adjustment               0.000
+ Uncertainty                   0.020
= Required Time                 0.571
  Arrival Time                  0.820
  Slack Time                    0.249
     Clock Rise Edge                 0.000
     + Clock Network Latency (Prop)  0.532
     = Beginpoint Arrival Time       0.532
     +-----------------------------------------------------------------------------------+ 
     |          Instance           |     Arc     |   Cell   | Delay | Arrival | Required | 
     |                             |             |          |       |  Time   |   Time   | 
     |-----------------------------+-------------+----------+-------+---------+----------| 
     | datapath/IDEX_regWrite_reg  | CK ^        |          |       |   0.532 |    0.283 | 
     | datapath/IDEX_regWrite_reg  | CK ^ -> Q v | DFFR_X1  | 0.288 |   0.820 |    0.571 | 
     | datapath/EXMEM_regWrite_reg | D v         | DFFRS_X2 | 0.000 |   0.820 |    0.571 | 
     +-----------------------------------------------------------------------------------+ 
Path 26: MET Hold Check with Pin datapath/IF_pc_reg[1]/CK 
Endpoint:   datapath/IF_pc_reg[1]/SI (^) checked with  leading edge of 'clk'
Beginpoint: datapath/IF_pc_reg[1]/Q  (^) triggered by  leading edge of 'clk'
Path Groups: {reg2reg}
Analysis View: RPT_SLOW
Other End Arrival Time          0.546
+ Hold                         -0.008
+ Phase Shift                   0.000
- CPPR Adjustment               0.000
+ Uncertainty                   0.020
= Required Time                 0.559
  Arrival Time                  0.808
  Slack Time                    0.250
     Clock Rise Edge                 0.000
     + Clock Network Latency (Prop)  0.546
     = Beginpoint Arrival Time       0.546
     +-----------------------------------------------------------------------------+ 
     |       Instance        |     Arc     |   Cell   | Delay | Arrival | Required | 
     |                       |             |          |       |  Time   |   Time   | 
     |-----------------------+-------------+----------+-------+---------+----------| 
     | datapath/IF_pc_reg[1] | CK ^        |          |       |   0.546 |    0.296 | 
     | datapath/IF_pc_reg[1] | CK ^ -> Q ^ | SDFFR_X1 | 0.262 |   0.808 |    0.559 | 
     | datapath/IF_pc_reg[1] | SI ^        | SDFFR_X1 | 0.000 |   0.808 |    0.559 | 
     +-----------------------------------------------------------------------------+ 
Path 27: MET Hold Check with Pin datapath/MEMWB_aluResult_reg[27]/CK 
Endpoint:   datapath/MEMWB_aluResult_reg[27]/D (v) checked with  leading edge 
of 'clk'
Beginpoint: datapath/EXMEM_aluResult_reg[27]/Q (v) triggered by  leading edge 
of 'clk'
Path Groups: {reg2reg}
Analysis View: RPT_SLOW
Other End Arrival Time          0.550
+ Hold                          0.026
+ Phase Shift                   0.000
- CPPR Adjustment               0.000
+ Uncertainty                   0.020
= Required Time                 0.596
  Arrival Time                  0.845
  Slack Time                    0.250
     Clock Rise Edge                 0.000
     + Clock Network Latency (Prop)  0.530
     = Beginpoint Arrival Time       0.530
     +---------------------------------------------------------------------------------------+ 
     |             Instance             |     Arc     |  Cell   | Delay | Arrival | Required | 
     |                                  |             |         |       |  Time   |   Time   | 
     |----------------------------------+-------------+---------+-------+---------+----------| 
     | datapath/EXMEM_aluResult_reg[27] | CK ^        |         |       |   0.530 |    0.280 | 
     | datapath/EXMEM_aluResult_reg[27] | CK ^ -> Q v | DFFR_X1 | 0.315 |   0.845 |    0.595 | 
     | datapath/MEMWB_aluResult_reg[27] | D v         | DFFR_X1 | 0.001 |   0.845 |    0.596 | 
     +---------------------------------------------------------------------------------------+ 
Path 28: MET Hold Check with Pin datapath/MEMWB_memToReg_reg/CK 
Endpoint:   datapath/MEMWB_memToReg_reg/D (v) checked with  leading edge of 
'clk'
Beginpoint: datapath/EXMEM_memRead_reg/Q  (v) triggered by  leading edge of 
'clk'
Path Groups: {reg2reg}
Analysis View: RPT_SLOW
Other End Arrival Time          0.533
+ Hold                          0.019
+ Phase Shift                   0.000
- CPPR Adjustment               0.000
+ Uncertainty                   0.020
= Required Time                 0.571
  Arrival Time                  0.821
  Slack Time                    0.250
     Clock Rise Edge                 0.000
     + Clock Network Latency (Prop)  0.532
     = Beginpoint Arrival Time       0.532
     +----------------------------------------------------------------------------------+ 
     |          Instance           |     Arc     |  Cell   | Delay | Arrival | Required | 
     |                             |             |         |       |  Time   |   Time   | 
     |-----------------------------+-------------+---------+-------+---------+----------| 
     | datapath/EXMEM_memRead_reg  | CK ^        |         |       |   0.532 |    0.282 | 
     | datapath/EXMEM_memRead_reg  | CK ^ -> Q v | DFFR_X1 | 0.289 |   0.821 |    0.571 | 
     | datapath/MEMWB_memToReg_reg | D v         | DFFR_X1 | 0.000 |   0.821 |    0.571 | 
     +----------------------------------------------------------------------------------+ 
Path 29: MET Hold Check with Pin datapath/EXMEM_memRead_reg/CK 
Endpoint:   datapath/EXMEM_memRead_reg/D (v) checked with  leading edge of 'clk'
Beginpoint: datapath/IDEX_memRead_reg/Q  (v) triggered by  leading edge of 'clk'
Path Groups: {reg2reg}
Analysis View: RPT_SLOW
Other End Arrival Time          0.533
+ Hold                          0.019
+ Phase Shift                   0.000
- CPPR Adjustment               0.000
+ Uncertainty                   0.020
= Required Time                 0.571
  Arrival Time                  0.822
  Slack Time                    0.251
     Clock Rise Edge                 0.000
     + Clock Network Latency (Prop)  0.532
     = Beginpoint Arrival Time       0.532
     +---------------------------------------------------------------------------------+ 
     |          Instance          |     Arc     |  Cell   | Delay | Arrival | Required | 
     |                            |             |         |       |  Time   |   Time   | 
     |----------------------------+-------------+---------+-------+---------+----------| 
     | datapath/IDEX_memRead_reg  | CK ^        |         |       |   0.532 |    0.281 | 
     | datapath/IDEX_memRead_reg  | CK ^ -> Q v | DFFR_X1 | 0.290 |   0.822 |    0.571 | 
     | datapath/EXMEM_memRead_reg | D v         | DFFR_X1 | 0.000 |   0.822 |    0.571 | 
     +---------------------------------------------------------------------------------+ 
Path 30: MET Hold Check with Pin datapath/MEMWB_aluResult_reg[16]/CK 
Endpoint:   datapath/MEMWB_aluResult_reg[16]/D (v) checked with  leading edge 
of 'clk'
Beginpoint: datapath/EXMEM_aluResult_reg[16]/Q (v) triggered by  leading edge 
of 'clk'
Path Groups: {reg2reg}
Analysis View: RPT_SLOW
Other End Arrival Time          0.536
+ Hold                          0.023
+ Phase Shift                   0.000
- CPPR Adjustment               0.000
+ Uncertainty                   0.020
= Required Time                 0.579
  Arrival Time                  0.831
  Slack Time                    0.252
     Clock Rise Edge                 0.000
     + Clock Network Latency (Prop)  0.536
     = Beginpoint Arrival Time       0.536
     +---------------------------------------------------------------------------------------+ 
     |             Instance             |     Arc     |  Cell   | Delay | Arrival | Required | 
     |                                  |             |         |       |  Time   |   Time   | 
     |----------------------------------+-------------+---------+-------+---------+----------| 
     | datapath/EXMEM_aluResult_reg[16] | CK ^        |         |       |   0.536 |    0.284 | 
     | datapath/EXMEM_aluResult_reg[16] | CK ^ -> Q v | DFFR_X1 | 0.295 |   0.831 |    0.579 | 
     | datapath/MEMWB_aluResult_reg[16] | D v         | DFFR_X1 | 0.000 |   0.831 |    0.579 | 
     +---------------------------------------------------------------------------------------+ 
Path 31: MET Hold Check with Pin datapath/MEMWB_aluResult_reg[22]/CK 
Endpoint:   datapath/MEMWB_aluResult_reg[22]/D (v) checked with  leading edge 
of 'clk'
Beginpoint: datapath/EXMEM_aluResult_reg[22]/Q (v) triggered by  leading edge 
of 'clk'
Path Groups: {reg2reg}
Analysis View: RPT_SLOW
Other End Arrival Time          0.541
+ Hold                          0.024
+ Phase Shift                   0.000
- CPPR Adjustment               0.000
+ Uncertainty                   0.020
= Required Time                 0.585
  Arrival Time                  0.837
  Slack Time                    0.252
     Clock Rise Edge                 0.000
     + Clock Network Latency (Prop)  0.540
     = Beginpoint Arrival Time       0.540
     +---------------------------------------------------------------------------------------+ 
     |             Instance             |     Arc     |  Cell   | Delay | Arrival | Required | 
     |                                  |             |         |       |  Time   |   Time   | 
     |----------------------------------+-------------+---------+-------+---------+----------| 
     | datapath/EXMEM_aluResult_reg[22] | CK ^        |         |       |   0.540 |    0.289 | 
     | datapath/EXMEM_aluResult_reg[22] | CK ^ -> Q v | DFFR_X1 | 0.296 |   0.837 |    0.585 | 
     | datapath/MEMWB_aluResult_reg[22] | D v         | DFFR_X1 | 0.000 |   0.837 |    0.585 | 
     +---------------------------------------------------------------------------------------+ 
Path 32: MET Hold Check with Pin datapath/EXMEM_storeData_reg[19]/CK 
Endpoint:   datapath/EXMEM_storeData_reg[19]/D (v) checked with  leading edge 
of 'clk'
Beginpoint: datapath/IDEX_readData2_reg[19]/QN (^) triggered by  leading edge 
of 'clk'
Path Groups: {reg2reg}
Analysis View: RPT_SLOW
Other End Arrival Time          0.551
+ Hold                          0.025
+ Phase Shift                   0.000
- CPPR Adjustment               0.000
+ Uncertainty                   0.020
= Required Time                 0.596
  Arrival Time                  0.848
  Slack Time                    0.252
     Clock Rise Edge                 0.000
     + Clock Network Latency (Prop)  0.560
     = Beginpoint Arrival Time       0.560
     +------------------------------------------------------------------------------------------+ 
     |             Instance             |     Arc      |   Cell    | Delay | Arrival | Required | 
     |                                  |              |           |       |  Time   |   Time   | 
     |----------------------------------+--------------+-----------+-------+---------+----------| 
     | datapath/IDEX_readData2_reg[19]  | CK ^         |           |       |   0.560 |    0.307 | 
     | datapath/IDEX_readData2_reg[19]  | CK ^ -> QN ^ | DFFR_X1   | 0.230 |   0.790 |    0.538 | 
     | datapath/g26262                  | A2 ^ -> ZN v | OAI222_X1 | 0.058 |   0.848 |    0.596 | 
     | datapath/EXMEM_storeData_reg[19] | D v          | DFFR_X1   | 0.000 |   0.848 |    0.596 | 
     +------------------------------------------------------------------------------------------+ 
Path 33: MET Hold Check with Pin datapath/EXMEM_storeData_reg[12]/CK 
Endpoint:   datapath/EXMEM_storeData_reg[12]/D (v) checked with  leading edge 
of 'clk'
Beginpoint: datapath/IDEX_readData2_reg[12]/QN (^) triggered by  leading edge 
of 'clk'
Path Groups: {reg2reg}
Analysis View: RPT_SLOW
Other End Arrival Time          0.550
+ Hold                          0.025
+ Phase Shift                   0.000
- CPPR Adjustment               0.000
+ Uncertainty                   0.020
= Required Time                 0.596
  Arrival Time                  0.848
  Slack Time                    0.252
     Clock Rise Edge                 0.000
     + Clock Network Latency (Prop)  0.556
     = Beginpoint Arrival Time       0.556
     +------------------------------------------------------------------------------------------+ 
     |             Instance             |     Arc      |   Cell    | Delay | Arrival | Required | 
     |                                  |              |           |       |  Time   |   Time   | 
     |----------------------------------+--------------+-----------+-------+---------+----------| 
     | datapath/IDEX_readData2_reg[12]  | CK ^         |           |       |   0.556 |    0.304 | 
     | datapath/IDEX_readData2_reg[12]  | CK ^ -> QN ^ | DFFR_X1   | 0.230 |   0.786 |    0.534 | 
     | datapath/g26272                  | A2 ^ -> ZN v | OAI222_X1 | 0.062 |   0.848 |    0.596 | 
     | datapath/EXMEM_storeData_reg[12] | D v          | DFFR_X1   | 0.000 |   0.848 |    0.596 | 
     +------------------------------------------------------------------------------------------+ 
Path 34: MET Hold Check with Pin datapath/registers_RF_reg[24][3]/CK 
Endpoint:   datapath/registers_RF_reg[24][3]/SI (^) checked with  leading edge 
of 'clk'
Beginpoint: datapath/registers_RF_reg[24][3]/Q  (^) triggered by  leading edge 
of 'clk'
Path Groups: {reg2reg}
Analysis View: RPT_SLOW
Other End Arrival Time          0.504
+ Hold                         -0.009
+ Phase Shift                   0.000
- CPPR Adjustment               0.000
+ Uncertainty                   0.020
= Required Time                 0.515
  Arrival Time                  0.767
  Slack Time                    0.253
     Clock Rise Edge                 0.000
     + Clock Network Latency (Prop)  0.503
     = Beginpoint Arrival Time       0.503
     +----------------------------------------------------------------------------------------+ 
     |             Instance             |     Arc     |   Cell   | Delay | Arrival | Required | 
     |                                  |             |          |       |  Time   |   Time   | 
     |----------------------------------+-------------+----------+-------+---------+----------| 
     | datapath/registers_RF_reg[24][3] | CK ^        |          |       |   0.503 |    0.251 | 
     | datapath/registers_RF_reg[24][3] | CK ^ -> Q ^ | SDFFR_X1 | 0.264 |   0.767 |    0.515 | 
     | datapath/registers_RF_reg[24][3] | SI ^        | SDFFR_X1 | 0.000 |   0.767 |    0.515 | 
     +----------------------------------------------------------------------------------------+ 
Path 35: MET Hold Check with Pin datapath/MEMWB_aluResult_reg[24]/CK 
Endpoint:   datapath/MEMWB_aluResult_reg[24]/D (v) checked with  leading edge 
of 'clk'
Beginpoint: datapath/EXMEM_aluResult_reg[24]/Q (v) triggered by  leading edge 
of 'clk'
Path Groups: {reg2reg}
Analysis View: RPT_SLOW
Other End Arrival Time          0.553
+ Hold                          0.025
+ Phase Shift                   0.000
- CPPR Adjustment               0.000
+ Uncertainty                   0.020
= Required Time                 0.598
  Arrival Time                  0.851
  Slack Time                    0.253
     Clock Rise Edge                 0.000
     + Clock Network Latency (Prop)  0.553
     = Beginpoint Arrival Time       0.553
     +---------------------------------------------------------------------------------------+ 
     |             Instance             |     Arc     |  Cell   | Delay | Arrival | Required | 
     |                                  |             |         |       |  Time   |   Time   | 
     |----------------------------------+-------------+---------+-------+---------+----------| 
     | datapath/EXMEM_aluResult_reg[24] | CK ^        |         |       |   0.553 |    0.300 | 
     | datapath/EXMEM_aluResult_reg[24] | CK ^ -> Q v | DFFR_X1 | 0.298 |   0.851 |    0.598 | 
     | datapath/MEMWB_aluResult_reg[24] | D v         | DFFR_X1 | 0.000 |   0.851 |    0.598 | 
     +---------------------------------------------------------------------------------------+ 
Path 36: MET Hold Check with Pin datapath/registers_RF_reg[24][5]/CK 
Endpoint:   datapath/registers_RF_reg[24][5]/SI (^) checked with  leading edge 
of 'clk'
Beginpoint: datapath/registers_RF_reg[24][5]/Q  (^) triggered by  leading edge 
of 'clk'
Path Groups: {reg2reg}
Analysis View: RPT_SLOW
Other End Arrival Time          0.475
+ Hold                         -0.009
+ Phase Shift                   0.000
- CPPR Adjustment               0.000
+ Uncertainty                   0.020
= Required Time                 0.486
  Arrival Time                  0.739
  Slack Time                    0.253
     Clock Rise Edge                 0.000
     + Clock Network Latency (Prop)  0.474
     = Beginpoint Arrival Time       0.474
     +----------------------------------------------------------------------------------------+ 
     |             Instance             |     Arc     |   Cell   | Delay | Arrival | Required | 
     |                                  |             |          |       |  Time   |   Time   | 
     |----------------------------------+-------------+----------+-------+---------+----------| 
     | datapath/registers_RF_reg[24][5] | CK ^        |          |       |   0.474 |    0.221 | 
     | datapath/registers_RF_reg[24][5] | CK ^ -> Q ^ | SDFFR_X1 | 0.265 |   0.739 |    0.486 | 
     | datapath/registers_RF_reg[24][5] | SI ^        | SDFFR_X1 | 0.000 |   0.739 |    0.486 | 
     +----------------------------------------------------------------------------------------+ 
Path 37: MET Hold Check with Pin datapath/registers_RF_reg[16][17]/CK 
Endpoint:   datapath/registers_RF_reg[16][17]/SI (^) checked with  leading edge 
of 'clk'
Beginpoint: datapath/registers_RF_reg[16][17]/Q  (^) triggered by  leading edge 
of 'clk'
Path Groups: {reg2reg}
Analysis View: RPT_SLOW
Other End Arrival Time          0.509
+ Hold                         -0.007
+ Phase Shift                   0.000
- CPPR Adjustment               0.000
+ Uncertainty                   0.020
= Required Time                 0.521
  Arrival Time                  0.774
  Slack Time                    0.253
     Clock Rise Edge                 0.000
     + Clock Network Latency (Prop)  0.508
     = Beginpoint Arrival Time       0.508
     +-----------------------------------------------------------------------------------------+ 
     |             Instance              |     Arc     |   Cell   | Delay | Arrival | Required | 
     |                                   |             |          |       |  Time   |   Time   | 
     |-----------------------------------+-------------+----------+-------+---------+----------| 
     | datapath/registers_RF_reg[16][17] | CK ^        |          |       |   0.508 |    0.255 | 
     | datapath/registers_RF_reg[16][17] | CK ^ -> Q ^ | SDFFR_X1 | 0.266 |   0.774 |    0.521 | 
     | datapath/registers_RF_reg[16][17] | SI ^        | SDFFR_X1 | 0.000 |   0.774 |    0.521 | 
     +-----------------------------------------------------------------------------------------+ 
Path 38: MET Hold Check with Pin datapath/registers_RF_reg[6][16]/CK 
Endpoint:   datapath/registers_RF_reg[6][16]/SI (^) checked with  leading edge 
of 'clk'
Beginpoint: datapath/registers_RF_reg[6][16]/Q  (^) triggered by  leading edge 
of 'clk'
Path Groups: {reg2reg}
Analysis View: RPT_SLOW
Other End Arrival Time          0.507
+ Hold                         -0.007
+ Phase Shift                   0.000
- CPPR Adjustment               0.000
+ Uncertainty                   0.020
= Required Time                 0.520
  Arrival Time                  0.773
  Slack Time                    0.253
     Clock Rise Edge                 0.000
     + Clock Network Latency (Prop)  0.507
     = Beginpoint Arrival Time       0.507
     +----------------------------------------------------------------------------------------+ 
     |             Instance             |     Arc     |   Cell   | Delay | Arrival | Required | 
     |                                  |             |          |       |  Time   |   Time   | 
     |----------------------------------+-------------+----------+-------+---------+----------| 
     | datapath/registers_RF_reg[6][16] | CK ^        |          |       |   0.507 |    0.253 | 
     | datapath/registers_RF_reg[6][16] | CK ^ -> Q ^ | SDFFR_X1 | 0.266 |   0.773 |    0.520 | 
     | datapath/registers_RF_reg[6][16] | SI ^        | SDFFR_X1 | 0.000 |   0.773 |    0.520 | 
     +----------------------------------------------------------------------------------------+ 
Path 39: MET Hold Check with Pin datapath/MEMWB_aluResult_reg[4]/CK 
Endpoint:   datapath/MEMWB_aluResult_reg[4]/D (v) checked with  leading edge of 
'clk'
Beginpoint: datapath/EXMEM_aluResult_reg[4]/Q (v) triggered by  leading edge of 
'clk'
Path Groups: {reg2reg}
Analysis View: RPT_SLOW
Other End Arrival Time          0.553
+ Hold                          0.025
+ Phase Shift                   0.000
- CPPR Adjustment               0.000
+ Uncertainty                   0.020
= Required Time                 0.598
  Arrival Time                  0.852
  Slack Time                    0.253
     Clock Rise Edge                 0.000
     + Clock Network Latency (Prop)  0.553
     = Beginpoint Arrival Time       0.553
     +--------------------------------------------------------------------------------------+ 
     |            Instance             |     Arc     |  Cell   | Delay | Arrival | Required | 
     |                                 |             |         |       |  Time   |   Time   | 
     |---------------------------------+-------------+---------+-------+---------+----------| 
     | datapath/EXMEM_aluResult_reg[4] | CK ^        |         |       |   0.553 |    0.300 | 
     | datapath/EXMEM_aluResult_reg[4] | CK ^ -> Q v | DFFR_X1 | 0.299 |   0.852 |    0.598 | 
     | datapath/MEMWB_aluResult_reg[4] | D v         | DFFR_X1 | 0.000 |   0.852 |    0.598 | 
     +--------------------------------------------------------------------------------------+ 
Path 40: MET Hold Check with Pin datapath/registers_RF_reg[4][12]/CK 
Endpoint:   datapath/registers_RF_reg[4][12]/SI (^) checked with  leading edge 
of 'clk'
Beginpoint: datapath/registers_RF_reg[4][12]/Q  (^) triggered by  leading edge 
of 'clk'
Path Groups: {reg2reg}
Analysis View: RPT_SLOW
Other End Arrival Time          0.503
+ Hold                         -0.009
+ Phase Shift                   0.000
- CPPR Adjustment               0.000
+ Uncertainty                   0.020
= Required Time                 0.514
  Arrival Time                  0.768
  Slack Time                    0.253
     Clock Rise Edge                 0.000
     + Clock Network Latency (Prop)  0.503
     = Beginpoint Arrival Time       0.503
     +----------------------------------------------------------------------------------------+ 
     |             Instance             |     Arc     |   Cell   | Delay | Arrival | Required | 
     |                                  |             |          |       |  Time   |   Time   | 
     |----------------------------------+-------------+----------+-------+---------+----------| 
     | datapath/registers_RF_reg[4][12] | CK ^        |          |       |   0.503 |    0.249 | 
     | datapath/registers_RF_reg[4][12] | CK ^ -> Q ^ | SDFFR_X1 | 0.265 |   0.768 |    0.514 | 
     | datapath/registers_RF_reg[4][12] | SI ^        | SDFFR_X1 | 0.000 |   0.768 |    0.514 | 
     +----------------------------------------------------------------------------------------+ 
Path 41: MET Hold Check with Pin datapath/MEMWB_aluResult_reg[7]/CK 
Endpoint:   datapath/MEMWB_aluResult_reg[7]/D (v) checked with  leading edge of 
'clk'
Beginpoint: datapath/EXMEM_aluResult_reg[7]/Q (v) triggered by  leading edge of 
'clk'
Path Groups: {reg2reg}
Analysis View: RPT_SLOW
Other End Arrival Time          0.541
+ Hold                          0.024
+ Phase Shift                   0.000
- CPPR Adjustment               0.000
+ Uncertainty                   0.020
= Required Time                 0.585
  Arrival Time                  0.838
  Slack Time                    0.253
     Clock Rise Edge                 0.000
     + Clock Network Latency (Prop)  0.540
     = Beginpoint Arrival Time       0.540
     +--------------------------------------------------------------------------------------+ 
     |            Instance             |     Arc     |  Cell   | Delay | Arrival | Required | 
     |                                 |             |         |       |  Time   |   Time   | 
     |---------------------------------+-------------+---------+-------+---------+----------| 
     | datapath/EXMEM_aluResult_reg[7] | CK ^        |         |       |   0.540 |    0.287 | 
     | datapath/EXMEM_aluResult_reg[7] | CK ^ -> Q v | DFFR_X1 | 0.298 |   0.838 |    0.585 | 
     | datapath/MEMWB_aluResult_reg[7] | D v         | DFFR_X1 | 0.000 |   0.838 |    0.585 | 
     +--------------------------------------------------------------------------------------+ 
Path 42: MET Hold Check with Pin datapath/registers_RF_reg[12][19]/CK 
Endpoint:   datapath/registers_RF_reg[12][19]/SI (^) checked with  leading edge 
of 'clk'
Beginpoint: datapath/registers_RF_reg[12][19]/Q  (^) triggered by  leading edge 
of 'clk'
Path Groups: {reg2reg}
Analysis View: RPT_SLOW
Other End Arrival Time          0.476
+ Hold                         -0.008
+ Phase Shift                   0.000
- CPPR Adjustment               0.000
+ Uncertainty                   0.020
= Required Time                 0.488
  Arrival Time                  0.741
  Slack Time                    0.253
     Clock Rise Edge                 0.000
     + Clock Network Latency (Prop)  0.476
     = Beginpoint Arrival Time       0.476
     +-----------------------------------------------------------------------------------------+ 
     |             Instance              |     Arc     |   Cell   | Delay | Arrival | Required | 
     |                                   |             |          |       |  Time   |   Time   | 
     |-----------------------------------+-------------+----------+-------+---------+----------| 
     | datapath/registers_RF_reg[12][19] | CK ^        |          |       |   0.476 |    0.222 | 
     | datapath/registers_RF_reg[12][19] | CK ^ -> Q ^ | SDFFR_X1 | 0.265 |   0.741 |    0.488 | 
     | datapath/registers_RF_reg[12][19] | SI ^        | SDFFR_X1 | 0.000 |   0.741 |    0.488 | 
     +-----------------------------------------------------------------------------------------+ 
Path 43: MET Hold Check with Pin datapath/EXMEM_storeData_reg[13]/CK 
Endpoint:   datapath/EXMEM_storeData_reg[13]/D (v) checked with  leading edge 
of 'clk'
Beginpoint: datapath/IDEX_readData2_reg[13]/QN (^) triggered by  leading edge 
of 'clk'
Path Groups: {reg2reg}
Analysis View: RPT_SLOW
Other End Arrival Time          0.550
+ Hold                          0.025
+ Phase Shift                   0.000
- CPPR Adjustment               0.000
+ Uncertainty                   0.020
= Required Time                 0.596
  Arrival Time                  0.849
  Slack Time                    0.253
     Clock Rise Edge                 0.000
     + Clock Network Latency (Prop)  0.558
     = Beginpoint Arrival Time       0.558
     +------------------------------------------------------------------------------------------+ 
     |             Instance             |     Arc      |   Cell    | Delay | Arrival | Required | 
     |                                  |              |           |       |  Time   |   Time   | 
     |----------------------------------+--------------+-----------+-------+---------+----------| 
     | datapath/IDEX_readData2_reg[13]  | CK ^         |           |       |   0.558 |    0.304 | 
     | datapath/IDEX_readData2_reg[13]  | CK ^ -> QN ^ | DFFR_X1   | 0.232 |   0.790 |    0.536 | 
     | datapath/g26273                  | A2 ^ -> ZN v | OAI222_X1 | 0.059 |   0.849 |    0.596 | 
     | datapath/EXMEM_storeData_reg[13] | D v          | DFFR_X1   | 0.000 |   0.849 |    0.596 | 
     +------------------------------------------------------------------------------------------+ 
Path 44: MET Hold Check with Pin datapath/registers_RF_reg[12][2]/CK 
Endpoint:   datapath/registers_RF_reg[12][2]/SI (^) checked with  leading edge 
of 'clk'
Beginpoint: datapath/registers_RF_reg[12][2]/Q  (^) triggered by  leading edge 
of 'clk'
Path Groups: {reg2reg}
Analysis View: RPT_SLOW
Other End Arrival Time          0.509
+ Hold                         -0.006
+ Phase Shift                   0.000
- CPPR Adjustment               0.000
+ Uncertainty                   0.020
= Required Time                 0.523
  Arrival Time                  0.777
  Slack Time                    0.254
     Clock Rise Edge                 0.000
     + Clock Network Latency (Prop)  0.508
     = Beginpoint Arrival Time       0.508
     +----------------------------------------------------------------------------------------+ 
     |             Instance             |     Arc     |   Cell   | Delay | Arrival | Required | 
     |                                  |             |          |       |  Time   |   Time   | 
     |----------------------------------+-------------+----------+-------+---------+----------| 
     | datapath/registers_RF_reg[12][2] | CK ^        |          |       |   0.508 |    0.255 | 
     | datapath/registers_RF_reg[12][2] | CK ^ -> Q ^ | SDFFR_X1 | 0.269 |   0.777 |    0.523 | 
     | datapath/registers_RF_reg[12][2] | SI ^        | SDFFR_X1 | 0.000 |   0.777 |    0.523 | 
     +----------------------------------------------------------------------------------------+ 
Path 45: MET Hold Check with Pin datapath/registers_RF_reg[10][21]/CK 
Endpoint:   datapath/registers_RF_reg[10][21]/SI (^) checked with  leading edge 
of 'clk'
Beginpoint: datapath/registers_RF_reg[10][21]/Q  (^) triggered by  leading edge 
of 'clk'
Path Groups: {reg2reg}
Analysis View: RPT_SLOW
Other End Arrival Time          0.515
+ Hold                         -0.006
+ Phase Shift                   0.000
- CPPR Adjustment               0.000
+ Uncertainty                   0.020
= Required Time                 0.529
  Arrival Time                  0.783
  Slack Time                    0.254
     Clock Rise Edge                 0.000
     + Clock Network Latency (Prop)  0.514
     = Beginpoint Arrival Time       0.514
     +-----------------------------------------------------------------------------------------+ 
     |             Instance              |     Arc     |   Cell   | Delay | Arrival | Required | 
     |                                   |             |          |       |  Time   |   Time   | 
     |-----------------------------------+-------------+----------+-------+---------+----------| 
     | datapath/registers_RF_reg[10][21] | CK ^        |          |       |   0.514 |    0.260 | 
     | datapath/registers_RF_reg[10][21] | CK ^ -> Q ^ | SDFFR_X1 | 0.269 |   0.783 |    0.529 | 
     | datapath/registers_RF_reg[10][21] | SI ^        | SDFFR_X1 | 0.000 |   0.783 |    0.529 | 
     +-----------------------------------------------------------------------------------------+ 
Path 46: MET Hold Check with Pin datapath/registers_RF_reg[10][28]/CK 
Endpoint:   datapath/registers_RF_reg[10][28]/SI (^) checked with  leading edge 
of 'clk'
Beginpoint: datapath/registers_RF_reg[10][28]/Q  (^) triggered by  leading edge 
of 'clk'
Path Groups: {reg2reg}
Analysis View: RPT_SLOW
Other End Arrival Time          0.509
+ Hold                         -0.006
+ Phase Shift                   0.000
- CPPR Adjustment               0.000
+ Uncertainty                   0.020
= Required Time                 0.523
  Arrival Time                  0.777
  Slack Time                    0.254
     Clock Rise Edge                 0.000
     + Clock Network Latency (Prop)  0.508
     = Beginpoint Arrival Time       0.508
     +-----------------------------------------------------------------------------------------+ 
     |             Instance              |     Arc     |   Cell   | Delay | Arrival | Required | 
     |                                   |             |          |       |  Time   |   Time   | 
     |-----------------------------------+-------------+----------+-------+---------+----------| 
     | datapath/registers_RF_reg[10][28] | CK ^        |          |       |   0.508 |    0.254 | 
     | datapath/registers_RF_reg[10][28] | CK ^ -> Q ^ | SDFFR_X1 | 0.269 |   0.777 |    0.523 | 
     | datapath/registers_RF_reg[10][28] | SI ^        | SDFFR_X1 | 0.000 |   0.777 |    0.523 | 
     +-----------------------------------------------------------------------------------------+ 
Path 47: MET Hold Check with Pin datapath/registers_RF_reg[6][12]/CK 
Endpoint:   datapath/registers_RF_reg[6][12]/SI (^) checked with  leading edge 
of 'clk'
Beginpoint: datapath/registers_RF_reg[6][12]/Q  (^) triggered by  leading edge 
of 'clk'
Path Groups: {reg2reg}
Analysis View: RPT_SLOW
Other End Arrival Time          0.508
+ Hold                         -0.007
+ Phase Shift                   0.000
- CPPR Adjustment               0.000
+ Uncertainty                   0.020
= Required Time                 0.521
  Arrival Time                  0.775
  Slack Time                    0.254
     Clock Rise Edge                 0.000
     + Clock Network Latency (Prop)  0.507
     = Beginpoint Arrival Time       0.507
     +----------------------------------------------------------------------------------------+ 
     |             Instance             |     Arc     |   Cell   | Delay | Arrival | Required | 
     |                                  |             |          |       |  Time   |   Time   | 
     |----------------------------------+-------------+----------+-------+---------+----------| 
     | datapath/registers_RF_reg[6][12] | CK ^        |          |       |   0.507 |    0.254 | 
     | datapath/registers_RF_reg[6][12] | CK ^ -> Q ^ | SDFFR_X1 | 0.267 |   0.775 |    0.521 | 
     | datapath/registers_RF_reg[6][12] | SI ^        | SDFFR_X1 | 0.000 |   0.775 |    0.521 | 
     +----------------------------------------------------------------------------------------+ 
Path 48: MET Hold Check with Pin datapath/registers_RF_reg[6][29]/CK 
Endpoint:   datapath/registers_RF_reg[6][29]/SI (^) checked with  leading edge 
of 'clk'
Beginpoint: datapath/registers_RF_reg[6][29]/Q  (^) triggered by  leading edge 
of 'clk'
Path Groups: {reg2reg}
Analysis View: RPT_SLOW
Other End Arrival Time          0.476
+ Hold                         -0.008
+ Phase Shift                   0.000
- CPPR Adjustment               0.000
+ Uncertainty                   0.020
= Required Time                 0.487
  Arrival Time                  0.741
  Slack Time                    0.254
     Clock Rise Edge                 0.000
     + Clock Network Latency (Prop)  0.475
     = Beginpoint Arrival Time       0.475
     +----------------------------------------------------------------------------------------+ 
     |             Instance             |     Arc     |   Cell   | Delay | Arrival | Required | 
     |                                  |             |          |       |  Time   |   Time   | 
     |----------------------------------+-------------+----------+-------+---------+----------| 
     | datapath/registers_RF_reg[6][29] | CK ^        |          |       |   0.475 |    0.222 | 
     | datapath/registers_RF_reg[6][29] | CK ^ -> Q ^ | SDFFR_X1 | 0.266 |   0.741 |    0.487 | 
     | datapath/registers_RF_reg[6][29] | SI ^        | SDFFR_X1 | 0.000 |   0.741 |    0.487 | 
     +----------------------------------------------------------------------------------------+ 
Path 49: MET Hold Check with Pin datapath/registers_RF_reg[12][22]/CK 
Endpoint:   datapath/registers_RF_reg[12][22]/SI (^) checked with  leading edge 
of 'clk'
Beginpoint: datapath/registers_RF_reg[12][22]/Q  (^) triggered by  leading edge 
of 'clk'
Path Groups: {reg2reg}
Analysis View: RPT_SLOW
Other End Arrival Time          0.509
+ Hold                         -0.007
+ Phase Shift                   0.000
- CPPR Adjustment               0.000
+ Uncertainty                   0.020
= Required Time                 0.522
  Arrival Time                  0.776
  Slack Time                    0.254
     Clock Rise Edge                 0.000
     + Clock Network Latency (Prop)  0.508
     = Beginpoint Arrival Time       0.508
     +-----------------------------------------------------------------------------------------+ 
     |             Instance              |     Arc     |   Cell   | Delay | Arrival | Required | 
     |                                   |             |          |       |  Time   |   Time   | 
     |-----------------------------------+-------------+----------+-------+---------+----------| 
     | datapath/registers_RF_reg[12][22] | CK ^        |          |       |   0.508 |    0.254 | 
     | datapath/registers_RF_reg[12][22] | CK ^ -> Q ^ | SDFFR_X1 | 0.268 |   0.776 |    0.522 | 
     | datapath/registers_RF_reg[12][22] | SI ^        | SDFFR_X1 | 0.000 |   0.776 |    0.522 | 
     +-----------------------------------------------------------------------------------------+ 
Path 50: MET Hold Check with Pin datapath/registers_RF_reg[3][0]/CK 
Endpoint:   datapath/registers_RF_reg[3][0]/SI (^) checked with  leading edge 
of 'clk'
Beginpoint: datapath/registers_RF_reg[3][0]/Q  (^) triggered by  leading edge 
of 'clk'
Path Groups: {reg2reg}
Analysis View: RPT_SLOW
Other End Arrival Time          0.498
+ Hold                         -0.009
+ Phase Shift                   0.000
- CPPR Adjustment               0.000
+ Uncertainty                   0.020
= Required Time                 0.509
  Arrival Time                  0.763
  Slack Time                    0.254
     Clock Rise Edge                 0.000
     + Clock Network Latency (Prop)  0.497
     = Beginpoint Arrival Time       0.497
     +---------------------------------------------------------------------------------------+ 
     |            Instance             |     Arc     |   Cell   | Delay | Arrival | Required | 
     |                                 |             |          |       |  Time   |   Time   | 
     |---------------------------------+-------------+----------+-------+---------+----------| 
     | datapath/registers_RF_reg[3][0] | CK ^        |          |       |   0.497 |    0.243 | 
     | datapath/registers_RF_reg[3][0] | CK ^ -> Q ^ | SDFFR_X1 | 0.265 |   0.763 |    0.509 | 
     | datapath/registers_RF_reg[3][0] | SI ^        | SDFFR_X1 | 0.000 |   0.763 |    0.509 | 
     +---------------------------------------------------------------------------------------+ 

