
Power Net Detected:
        Voltage	    Name
             0V	    VSS
          0.95V	    VDD
Using Power View: WC_VIEW.
AAE_INFO: opIsDesignInPostRouteState() is 1
AAE_INFO: resetNetProps viewIdx 0 
Starting SI iteration 1 using Infinite Timing Windows
#################################################################################
# Design Stage: PostRoute
# Design Name: pipelined_cpu_core
# Design Mode: 45nm
# Analysis Mode: MMMC OCV 
# Parasitics Mode: SPEF/RCDB 
# Signoff Settings: SI On 
#################################################################################
AAE_INFO: 1 threads acquired from CTE.
Start delay calculation (fullDC) (1 T). (MEM=1768.02)
Total number of fetched objects 6783
AAE_INFO: Total number of nets for which stage creation was skipped for all views 0
AAE_INFO-618: Total number of nets in the design is 7025,  97.5 percent of the nets selected for SI analysis
End delay calculation. (MEM=1785.48 CPU=0:00:01.6 REAL=0:00:02.0)
End delay calculation (fullDC). (MEM=1785.48 CPU=0:00:01.8 REAL=0:00:02.0)
Save waveform /home/nanohub/estaresinic05/Silicon-From-Scratch/pipelined-cpu-physical-design/runs/confirm-clk4p0-u68-ts06/innovus_temp_34591_96ab4892-2a47-4776-88c8-a2c33385aa51_nanohub-2908156-5_estaresinic05_eUQNes/.AAE_ZyBAlK/.AAE_34591_96ab4892-2a47-4776-88c8-a2c33385aa51/waveform.data...
Loading CTE timing window with TwFlowType 0...(CPU = 0:00:00.0, REAL = 0:00:00.0, MEM = 3670.2M)
Add other clocks and setupCteToAAEClockMapping during iter 1
Loading CTE timing window is completed (CPU = 0:00:00.0, REAL = 0:00:00.0, MEM = 3670.2M)
Starting SI iteration 2
Start delay calculation (fullDC) (1 T). (MEM=1778.17)
Glitch Analysis: View WC_VIEW -- Total Number of Nets Skipped = 0. 
Glitch Analysis: View WC_VIEW -- Total Number of Nets Analyzed = 6783. 
Total number of fetched objects 6783
AAE_INFO: Total number of nets for which stage creation was skipped for all views 0
AAE_INFO-618: Total number of nets in the design is 7025,  3.5 percent of the nets selected for SI analysis
End delay calculation. (MEM=1785.3 CPU=0:00:00.2 REAL=0:00:00.0)
End delay calculation (fullDC). (MEM=1785.3 CPU=0:00:00.2 REAL=0:00:00.0)
Load RC corner of view WC_VIEW

Begin Power Analysis

             0V	    VSS
          0.95V	    VDD

Begin Processing Timing Library for Power Calculation

Ended Processing Timing Library for Power Calculation: (cpu=0:00:00, real=0:00:00, mem(process/total/peak)=1781.48MB/5292.53MB/1872.53MB)



Begin Processing Power Net/Grid for Power Calculation

Ended Processing Power Net/Grid for Power Calculation: (cpu=0:00:00, real=0:00:00, mem(process/total/peak)=1781.60MB/5292.53MB/1872.53MB)

Begin Processing Timing Window Data for Power Calculation

clk(250MHz) CK: assigning clock clk to net clk
Ended Processing Timing Window Data for Power Calculation: (cpu=0:00:00, real=0:00:00, mem(process/total/peak)=1782.09MB/5292.53MB/1872.53MB)

Begin Processing User Attributes

Ended Processing User Attributes: (cpu=0:00:00, real=0:00:00, mem(process/total/peak)=1782.31MB/5292.53MB/1872.53MB)

Begin Processing Signal Activity


Starting Levelizing
2026-Aug-12 15:31:29 (2026-Aug-12 15:31:29 GMT)
2026-Aug-12 15:31:29 (2026-Aug-12 15:31:29 GMT): 10%
2026-Aug-12 15:31:29 (2026-Aug-12 15:31:29 GMT): 20%
2026-Aug-12 15:31:29 (2026-Aug-12 15:31:29 GMT): 30%
2026-Aug-12 15:31:29 (2026-Aug-12 15:31:29 GMT): 40%
2026-Aug-12 15:31:29 (2026-Aug-12 15:31:29 GMT): 50%
2026-Aug-12 15:31:29 (2026-Aug-12 15:31:29 GMT): 60%
2026-Aug-12 15:31:29 (2026-Aug-12 15:31:29 GMT): 70%
2026-Aug-12 15:31:29 (2026-Aug-12 15:31:29 GMT): 80%
2026-Aug-12 15:31:29 (2026-Aug-12 15:31:29 GMT): 90%

Finished Levelizing
2026-Aug-12 15:31:29 (2026-Aug-12 15:31:29 GMT)

Starting Activity Propagation
2026-Aug-12 15:31:29 (2026-Aug-12 15:31:29 GMT)
** INFO:  (VOLTUS_POWR-1356): No default input activity has been set. Defaulting to 0.2.
Use 'set_default_switching_activity -input_activity' command to change the default activity value.

2026-Aug-12 15:31:29 (2026-Aug-12 15:31:29 GMT): 10%
2026-Aug-12 15:31:29 (2026-Aug-12 15:31:29 GMT): 20%

Finished Activity Propagation
2026-Aug-12 15:31:29 (2026-Aug-12 15:31:29 GMT)
Ended Processing Signal Activity: (cpu=0:00:00, real=0:00:00, mem(process/total/peak)=1783.15MB/5292.53MB/1872.53MB)

Begin Power Computation

      ----------------------------------------------------------
      # of cell(s) missing both power/leakage table: 0
      # of cell(s) missing power table: 0
      # of cell(s) missing leakage table: 0
      ----------------------------------------------------------



Starting Calculating power
2026-Aug-12 15:31:29 (2026-Aug-12 15:31:29 GMT)
 ... Calculating switching power
2026-Aug-12 15:31:29 (2026-Aug-12 15:31:29 GMT): 10%
2026-Aug-12 15:31:29 (2026-Aug-12 15:31:29 GMT): 20%
2026-Aug-12 15:31:29 (2026-Aug-12 15:31:29 GMT): 30%
2026-Aug-12 15:31:29 (2026-Aug-12 15:31:29 GMT): 40%
2026-Aug-12 15:31:29 (2026-Aug-12 15:31:29 GMT): 50%
 ... Calculating internal and leakage power
2026-Aug-12 15:31:29 (2026-Aug-12 15:31:29 GMT): 60%
2026-Aug-12 15:31:29 (2026-Aug-12 15:31:29 GMT): 70%
2026-Aug-12 15:31:30 (2026-Aug-12 15:31:30 GMT): 80%
2026-Aug-12 15:31:30 (2026-Aug-12 15:31:30 GMT): 90%

Finished Calculating power
2026-Aug-12 15:31:30 (2026-Aug-12 15:31:30 GMT)
      # of MSMV cell(s) missing power_level: 0
Ended Power Computation: (cpu=0:00:01, real=0:00:01, mem(process/total/peak)=1785.16MB/5292.53MB/1872.53MB)

Begin Processing User Attributes

Begin Processing set_power
Ended Processing set_power: (cpu=0:00:00, real=0:00:00,
mem(process/total/peak)=1785.16MB/5292.53MB/1872.53MB)
Ended Processing User Attributes: (cpu=0:00:00, real=0:00:00, mem(process/total/peak)=1785.37MB/5292.53MB/1872.53MB)

Ended Power Analysis: (cpu=0:00:01, real=0:00:01, mem(process/total/peak)=1785.37MB/5292.53MB/1872.53MB)

Begin Boundary Leakage Calculation
Ended Boundary Leakage Calculation: (cpu=0:00:00, real=0:00:00,
mem(process/total/peak)=1786.45MB/5292.53MB/1872.53MB)
Begin Static Power Report Generation
*----------------------------------------------------------------------------------------
*	Innovus 23.12-s091_1 (64bit) 07/30/2024 16:11 (Linux 3.10.0-693.el7.x86_64)
*	
*
* 	Date & Time:	2026-Aug-12 15:31:31 (2026-Aug-12 15:31:31 GMT)
*
*----------------------------------------------------------------------------------------
*
*	Design: pipelined_cpu_core
*
*	Liberty Libraries used:
*	        WC_VIEW: /home/nanohub/estaresinic05/MacroPlacement/Enablements/NanGate45/lib/NangateOpenCellLibrary_slow.lib
*
*	Parasitic Files used:
*
*       Power View : WC_VIEW
*
*       User-Defined Activity : N.A.
*
*       Activity File: N.A.
*
*       Hierarchical Global Activity: N.A.
*
*       Global Activity: N.A.
*
*       Sequential Element Activity: 0.200000
*
*       Primary Input Activity: 0.200000
*
*       Default icg ratio: N.A.
*
*       Global Comb ClockGate Ratio: N.A.
*
*	Power Units = 1mW
*
*	Time Units = 1e-09 secs
*
*       report_power
*
-----------------------------------------------------------------------------------------
*



Total Power
-----------------------------------------------------------------------------------------
Total Internal Power:        1.93474502 	   60.7071%
Total Switching Power:       1.08259538 	   33.9689%
Total Leakage Power:         0.16967761 	    5.3240%
Total Power:                 3.18701801
-----------------------------------------------------------------------------------------


Group                           Internal   Switching     Leakage       Total  Percentage 
                                Power      Power         Power         Power  (%)        
-----------------------------------------------------------------------------------------
Sequential                         1.342      0.1574     0.08818       1.588       49.82
Macro                                  0           0           0           0           0
IO                                     0           0           0           0           0
Combinational                     0.3352      0.4571     0.07842      0.8707       27.32
Clock (Combinational)             0.2572      0.4681    0.003079      0.7284       22.86
Clock (Sequential)                     0           0           0           0           0
-----------------------------------------------------------------------------------------
Total                              1.935       1.083      0.1697       3.187         100
-----------------------------------------------------------------------------------------


Rail                  Voltage   Internal   Switching     Leakage       Total  Percentage 
                                Power      Power         Power         Power  (%)        
-----------------------------------------------------------------------------------------
VDD                      0.95      1.935       1.083      0.1697       3.187         100


Clock                           Internal   Switching     Leakage       Total  Percentage 
                                Power      Power         Power         Power  (%)        
-----------------------------------------------------------------------------------------
clk                               0.2572      0.4681    0.003079      0.7284       22.86
-----------------------------------------------------------------------------------------
Total                             0.2572      0.4681    0.003079      0.7284       22.86
-----------------------------------------------------------------------------------------
Clock: clk
Clock Period: 0.004000 usec 
Clock Toggle Rate:   500.0000 Mhz 
Clock Static Probability:  0.5000
  
 
 
-----------------------------------------------------------------------------------------
*	Power Distribution Summary: 
*              Highest Average Power: datapath/CTS_ccl_a_buf_00017 (CLKBUF_X3):         0.006214
*              Highest Leakage Power:      datapath/FE_RC_573_0 (BUF_X16):        0.0002494
*                Total Cap:      3.58506e-11 F
*                Total instances in design:  5303
*                Total instances in design with no power:     0
*                Total instances in design with no activty:     0

*                Total Fillers and Decap:     0
-----------------------------------------------------------------------------------------
 
** INFO:  (VOLTUS_POWR-3465): There are 0 decaps and 0 fillers in the design

Ended Static Power Report Generation: (cpu=0:00:00, real=0:00:00,
mem(process/total/peak)=1788.78MB/5292.53MB/1872.53MB)

