###############################################################
#  Generated by:      Cadence Innovus 23.12-s091_1
#  OS:                Linux x86_64(Host ID nanohub-2908156-5)
#  Generated on:      Wed Aug 12 15:33:09 2026
#  Design:            pipelined_cpu_core
#  Command:           timeDesign -postRoute -hold -expandedViews -outDir cornerReports
###############################################################

------------------------------------------------------------------
          timeDesign Summary
------------------------------------------------------------------

+--------------------+---------+---------+---------+
|     Hold mode      |   all   | reg2reg | default |
+--------------------+---------+---------+---------+
|           WNS (ns):|  0.020  |  0.020  |  0.559  |
|           TNS (ns):|  0.000  |  0.000  |  0.000  |
|    Violating Paths:|    0    |    0    |    0    |
|          All Paths:|  3549   |  3351   |   230   |
+--------------------+---------+---------+---------+
|RPT_SLOW            |  0.185  |  0.185  |  0.559  |
|                    |  0.000  |  0.000  |  0.000  |
|                    |    0    |    0    |    0    |
|                    |  3549   |  3351   |   230   |
+--------------------+---------+---------+---------+
|RPT_TYP             |  0.046  |  0.046  |  0.946  |
|                    |  0.000  |  0.000  |  0.000  |
|                    |    0    |    0    |    0    |
|                    |  3549   |  3351   |   230   |
+--------------------+---------+---------+---------+
|RPT_FAST            |  0.020  |  0.020  |  1.024  |
|                    |  0.000  |  0.000  |  0.000  |
|                    |    0    |    0    |    0    |
|                    |  3549   |  3351   |   230   |
+--------------------+---------+---------+---------+

Density: 70.553%
       (100.004% with Fillers)
------------------------------------------------------------------
