============================================================
  Generated by:           Genus(TM) Synthesis Solution 23.12-s086_1
  Generated on:           Aug 11 2026  12:36:03 am
  Module:                 pipelined_cpu_core
  Operating conditions:   slow 
  Interconnect mode:      global
  Area mode:              physical library
============================================================


Path 1: VIOLATED (-277 ps) Setup Check with Pin datapath/EXMEM_aluResult_reg[0]/CK->D
          Group: clk
     Startpoint: (R) datapath/EXMEM_rd_reg[0]/CK
          Clock: (R) clk
       Endpoint: (F) datapath/EXMEM_aluResult_reg[0]/D
          Clock: (R) clk

                     Capture       Launch     
        Clock Edge:+    4000            0     
       Src Latency:+       0            0     
       Net Latency:+       0 (I)        0 (I) 
           Arrival:=    4000            0     
                                              
             Setup:-     130                  
       Uncertainty:-     100                  
     Required Time:=    3770                  
      Launch Clock:-       0                  
         Data Path:-    4048                  
             Slack:=    -277                  

#---------------------------------------------------------------------------------------------------------------------------------
#                      Timing Point                       Flags    Arc   Edge   Cell     Fanout Load Trans Delay Arrival Instance 
#                                                                                               (fF)  (ps)  (ps)   (ps)  Location 
#---------------------------------------------------------------------------------------------------------------------------------
  datapath/EXMEM_rd_reg[0]/CK                             -       -      R     (arrival)    356    -    50     0       0    (-,-) 
  datapath/EXMEM_rd_reg[0]/QN                             -       CK->QN R     DFFR_X1        1  3.4    44   240     240    (-,-) 
  datapath/g45286/ZN                                      -       A->ZN  F     INV_X2         3  5.3    15    32     273    (-,-) 
  ALU_forward/g3546/ZN                                    -       A->ZN  R     INV_X2         5 10.5    52    69     342    (-,-) 
  ALU_forward/g3544/ZN                                    -       A->ZN  F     INV_X2         3  5.2    16    34     375    (-,-) 
  ALU_forward/g3490__3565/ZN                              -       A1->ZN R     NAND2_X1       1  1.9    34    46     421    (-,-) 
  ALU_forward/g3458__5122/ZN                              -       A1->ZN F     NAND3_X1       1  3.1    36    61     483    (-,-) 
  ALU_forward/g3452/ZN                                    -       A->ZN  R     INV_X2         1  6.2    35    63     545    (-,-) 
  ALU_forward/g3442__5526/ZN                              -       A3->ZN F     NAND4_X4       1 10.9    48    97     642    (-,-) 
  ALU_forward/fopt3561/ZN                                 -       A->ZN  R     INV_X8         9 21.7    33    67     709    (-,-) 
  datapath/g34622/ZN                                      -       A1->ZN F     NAND2_X2       1  3.0    17    36     746    (-,-) 
  datapath/g33755/ZN                                      -       A->ZN  R     OAI21_X2       1  6.3    96    76     822    (-,-) 
  datapath/g33661/ZN                                      -       A2->ZN F     NAND2_X4       3 10.3    26    67     889    (-,-) 
  datapath/g33632/ZN                                      -       A1->ZN R     NAND3_X2       1  7.1    56    72     961    (-,-) 
  datapath/g33584/ZN                                      -       A2->ZN F     NAND3_X4       3 11.0    36    76    1037    (-,-) 
  datapath/ALU_ALU_GEN[0].slice_i_bitAdder/g218__1666/ZN  -       B1->ZN R     OAI21_X4       1  6.3    68   102    1140    (-,-) 
  datapath/ALU_ALU_GEN[0].slice_i_bitAdder/g217__2346/ZN  -       A2->ZN F     NAND2_X4       2  8.0    20    54    1194    (-,-) 
  datapath/ALU_ALU_GEN[1].slice_i_bitAdder/g184__3680/ZN  -       A1->ZN R     NAND2_X4       1  6.2    30    45    1238    (-,-) 
  datapath/ALU_ALU_GEN[1].slice_i_bitAdder/g182__5526/ZN  -       A1->ZN F     NAND2_X4       2  8.0    18    38    1276    (-,-) 
  datapath/ALU_ALU_GEN[2].slice_i_bitAdder/g158__5115/ZN  -       A1->ZN R     NAND2_X4       1  6.2    31    43    1319    (-,-) 
  datapath/ALU_ALU_GEN[2].slice_i_bitAdder/g156__6131/ZN  -       A1->ZN F     NAND2_X4       2  8.0    20    38    1357    (-,-) 
  datapath/ALU_ALU_GEN[3].slice_i_bitAdder/g158__7410/ZN  -       A1->ZN R     NAND2_X4       1  6.2    31    45    1402    (-,-) 
  datapath/ALU_ALU_GEN[3].slice_i_bitAdder/g156__2346/ZN  -       A1->ZN F     NAND2_X4       2  8.0    20    38    1440    (-,-) 
  datapath/ALU_ALU_GEN[4].slice_i_bitAdder/g158__6783/ZN  -       A1->ZN R     NAND2_X4       1  6.2    31    45    1484    (-,-) 
  datapath/ALU_ALU_GEN[4].slice_i_bitAdder/g156__8428/ZN  -       A1->ZN F     NAND2_X4       2  8.0    20    38    1522    (-,-) 
  datapath/ALU_ALU_GEN[5].slice_i_bitAdder/g155__1881/ZN  -       A1->ZN R     NAND2_X4       1  6.2    31    45    1567    (-,-) 
  datapath/ALU_ALU_GEN[5].slice_i_bitAdder/g153__7098/ZN  -       A1->ZN F     NAND2_X4       2  8.0    20    38    1604    (-,-) 
  datapath/ALU_ALU_GEN[6].slice_i_bitAdder/g155__1666/ZN  -       A1->ZN R     NAND2_X4       1  6.2    31    45    1649    (-,-) 
  datapath/ALU_ALU_GEN[6].slice_i_bitAdder/g153__2883/ZN  -       A1->ZN F     NAND2_X4       2  8.0    20    38    1687    (-,-) 
  datapath/ALU_ALU_GEN[7].slice_i_bitAdder/g158__5526/ZN  -       A1->ZN R     NAND2_X4       1  6.2    31    45    1732    (-,-) 
  datapath/ALU_ALU_GEN[7].slice_i_bitAdder/g156__4319/ZN  -       A1->ZN F     NAND2_X4       2  8.0    19    38    1769    (-,-) 
  datapath/ALU_ALU_GEN[8].slice_i_bitAdder/g155__7098/ZN  -       A1->ZN R     NAND2_X4       1  6.2    31    44    1813    (-,-) 
  datapath/ALU_ALU_GEN[8].slice_i_bitAdder/g153__5122/ZN  -       A1->ZN F     NAND2_X4       2  8.0    19    38    1851    (-,-) 
  datapath/ALU_ALU_GEN[9].slice_i_bitAdder/g155__9945/ZN  -       A1->ZN R     NAND2_X4       1  6.2    31    44    1895    (-,-) 
  datapath/ALU_ALU_GEN[9].slice_i_bitAdder/g153__6161/ZN  -       A1->ZN F     NAND2_X4       2  8.0    19    38    1933    (-,-) 
  datapath/ALU_ALU_GEN[10].slice_i_bitAdder/g155__5107/ZN -       A1->ZN R     NAND2_X4       1  6.2    31    44    1977    (-,-) 
  datapath/ALU_ALU_GEN[10].slice_i_bitAdder/g153__5477/ZN -       A1->ZN F     NAND2_X4       2  8.0    19    38    2015    (-,-) 
  datapath/ALU_ALU_GEN[11].slice_i_bitAdder/g155__2802/ZN -       A1->ZN R     NAND2_X4       1  6.2    31    44    2059    (-,-) 
  datapath/ALU_ALU_GEN[11].slice_i_bitAdder/g153__3680/ZN -       A1->ZN F     NAND2_X4       2  8.0    19    38    2096    (-,-) 
  datapath/ALU_ALU_GEN[12].slice_i_bitAdder/g158__7482/ZN -       A1->ZN R     NAND2_X4       1  6.2    31    44    2140    (-,-) 
  datapath/ALU_ALU_GEN[12].slice_i_bitAdder/g156__1881/ZN -       A1->ZN F     NAND2_X4       2  8.0    19    38    2178    (-,-) 
  datapath/ALU_ALU_GEN[13].slice_i_bitAdder/g158__7410/ZN -       A1->ZN R     NAND2_X4       1  6.2    31    44    2222    (-,-) 
  datapath/ALU_ALU_GEN[13].slice_i_bitAdder/g156__2346/ZN -       A1->ZN F     NAND2_X4       2  8.0    19    38    2260    (-,-) 
  datapath/ALU_ALU_GEN[14].slice_i_bitAdder/g158__5526/ZN -       A1->ZN R     NAND2_X4       1  6.2    31    44    2304    (-,-) 
  datapath/ALU_ALU_GEN[14].slice_i_bitAdder/g156__4319/ZN -       A1->ZN F     NAND2_X4       2  8.0    19    38    2342    (-,-) 
  datapath/ALU_ALU_GEN[15].slice_i_bitAdder/g158__7098/ZN -       A1->ZN R     NAND2_X4       1  6.2    31    44    2386    (-,-) 
  datapath/ALU_ALU_GEN[15].slice_i_bitAdder/g156__5122/ZN -       A1->ZN F     NAND2_X4       2  8.0    19    38    2424    (-,-) 
  datapath/ALU_ALU_GEN[16].slice_i_bitAdder/g158__9945/ZN -       A1->ZN R     NAND2_X4       1  6.2    31    44    2468    (-,-) 
  datapath/ALU_ALU_GEN[16].slice_i_bitAdder/g156__6161/ZN -       A1->ZN F     NAND2_X4       2  8.0    19    38    2506    (-,-) 
  datapath/ALU_ALU_GEN[17].slice_i_bitAdder/g158__5107/ZN -       A1->ZN R     NAND2_X4       1  6.2    31    44    2550    (-,-) 
  datapath/ALU_ALU_GEN[17].slice_i_bitAdder/g156__5477/ZN -       A1->ZN F     NAND2_X4       2  8.0    19    38    2587    (-,-) 
  datapath/ALU_ALU_GEN[18].slice_i_bitAdder/g158__2802/ZN -       A1->ZN R     NAND2_X4       1  6.2    31    44    2631    (-,-) 
  datapath/ALU_ALU_GEN[18].slice_i_bitAdder/g156__3680/ZN -       A1->ZN F     NAND2_X4       2  8.0    19    38    2669    (-,-) 
  datapath/ALU_ALU_GEN[19].slice_i_bitAdder/g158__7482/ZN -       A1->ZN R     NAND2_X4       1  6.2    31    44    2713    (-,-) 
  datapath/ALU_ALU_GEN[19].slice_i_bitAdder/g156__1881/ZN -       A1->ZN F     NAND2_X4       2  8.0    19    38    2751    (-,-) 
  datapath/ALU_ALU_GEN[20].slice_i_bitAdder/g158__7410/ZN -       A1->ZN R     NAND2_X4       1  6.2    31    44    2795    (-,-) 
  datapath/ALU_ALU_GEN[20].slice_i_bitAdder/g156__2346/ZN -       A1->ZN F     NAND2_X4       2  8.0    19    38    2833    (-,-) 
  datapath/ALU_ALU_GEN[21].slice_i_bitAdder/g158__8428/ZN -       A1->ZN R     NAND2_X4       1  6.2    31    44    2877    (-,-) 
  datapath/ALU_ALU_GEN[21].slice_i_bitAdder/g156__4319/ZN -       A1->ZN F     NAND2_X4       2  8.0    19    38    2914    (-,-) 
  datapath/ALU_ALU_GEN[22].slice_i_bitAdder/g155__7098/ZN -       A1->ZN R     NAND2_X4       1  6.2    31    44    2958    (-,-) 
  datapath/ALU_ALU_GEN[22].slice_i_bitAdder/g153__8246/ZN -       A1->ZN F     NAND2_X4       2  8.0    19    38    2996    (-,-) 
  datapath/ALU_ALU_GEN[23].slice_i_bitAdder/g158__2883/ZN -       A1->ZN R     NAND2_X4       1  6.2    31    44    3040    (-,-) 
  datapath/ALU_ALU_GEN[23].slice_i_bitAdder/g156__9945/ZN -       A1->ZN F     NAND2_X4       2  8.0    19    38    3078    (-,-) 
  datapath/ALU_ALU_GEN[24].slice_i_bitAdder/g158__4319/ZN -       A1->ZN R     NAND2_X4       1  6.2    31    44    3122    (-,-) 
  datapath/ALU_ALU_GEN[24].slice_i_bitAdder/g156__6260/ZN -       A1->ZN F     NAND2_X4       2  8.0    19    38    3160    (-,-) 
  datapath/ALU_ALU_GEN[25].slice_i_bitAdder/g158__8246/ZN -       A1->ZN R     NAND2_X4       1  6.2    31    44    3204    (-,-) 
  datapath/ALU_ALU_GEN[25].slice_i_bitAdder/g156__5122/ZN -       A1->ZN F     NAND2_X4       2  8.0    19    38    3242    (-,-) 
  datapath/ALU_ALU_GEN[26].slice_i_bitAdder/g158__9945/ZN -       A1->ZN R     NAND2_X4       1  6.2    31    44    3286    (-,-) 
  datapath/ALU_ALU_GEN[26].slice_i_bitAdder/g156__9315/ZN -       A1->ZN F     NAND2_X4       2  8.0    19    38    3324    (-,-) 
  datapath/ALU_ALU_GEN[27].slice_i_bitAdder/g158__4319/ZN -       A1->ZN R     NAND2_X4       1  6.2    31    44    3368    (-,-) 
  datapath/ALU_ALU_GEN[27].slice_i_bitAdder/g156__5107/ZN -       A1->ZN F     NAND2_X4       2  8.0    19    38    3405    (-,-) 
  datapath/ALU_ALU_GEN[28].slice_i_bitAdder/g158__5122/ZN -       A1->ZN R     NAND2_X4       1  6.2    31    44    3449    (-,-) 
  datapath/ALU_ALU_GEN[28].slice_i_bitAdder/g156__2802/ZN -       A1->ZN F     NAND2_X4       2  8.0    19    38    3487    (-,-) 
  datapath/ALU_ALU_GEN[29].slice_i_bitAdder/g158__9945/ZN -       A1->ZN R     NAND2_X4       1  6.2    31    44    3531    (-,-) 
  datapath/ALU_ALU_GEN[29].slice_i_bitAdder/g156__6161/ZN -       A1->ZN F     NAND2_X4       2  8.0    19    38    3569    (-,-) 
  datapath/ALU_ALU_GEN[30].slice_i_bitAdder/g158__4319/ZN -       A1->ZN R     NAND2_X4       1  6.2    31    44    3613    (-,-) 
  datapath/ALU_ALU_GEN[30].slice_i_bitAdder/g156__5107/ZN -       A1->ZN F     NAND2_X4       3  8.7    20    39    3652    (-,-) 
  datapath/ALU_msb_bitAdder/g119__8246/ZN                 -       A1->ZN R     NAND2_X2       1  6.2    44    59    3710    (-,-) 
  datapath/ALU_msb_bitAdder/g117__1705/ZN                 -       A1->ZN F     NAND2_X4       1  4.0    17    37    3747    (-,-) 
  datapath/g22533/ZN                                      -       A->ZN  F     XNOR2_X2       1  4.0    26   110    3858    (-,-) 
  datapath/g22531/ZN                                      -       A->ZN  F     XNOR2_X2       1  3.1    28   113    3971    (-,-) 
  datapath/ALU_ALU_GEN[0].slice_i_resultMux/g187__5107/ZN -       A1->ZN R     NAND2_X2       1  1.9    27    45    4016    (-,-) 
  datapath/ALU_ALU_GEN[0].slice_i_resultMux/g185__5477/ZN -       A1->ZN F     NAND2_X1       1  1.3    15    32    4048    (-,-) 
  datapath/EXMEM_aluResult_reg[0]/D                       <<<     -      F     DFFR_X1        1    -     -     0    4048    (-,-) 
#---------------------------------------------------------------------------------------------------------------------------------

