###############################################################
#  Generated by:      Cadence Innovus 23.12-s091_1
#  OS:                Linux x86_64(Host ID nanohub-2907570-14)
#  Generated on:      Tue Aug 11 01:03:16 2026
#  Design:            pipelined_cpu_core
#  Command:           report_timing -late  > reports/20_cts_setup.rpt
###############################################################
Path 1: VIOLATED Setup Check with Pin datapath/EXMEM_aluResult_reg[0]/CK 
Endpoint:   datapath/EXMEM_aluResult_reg[0]/D (v) checked with  leading edge of 
'clk'
Beginpoint: datapath/IDEX_rs1_reg[3]/QN       (^) triggered by  leading edge of 
'clk'
Path Groups: {clk}
Analysis View: WC_VIEW
Other End Arrival Time          0.025
- Setup                         0.131
+ Phase Shift                   4.000
+ CPPR Adjustment               0.000
- Uncertainty                   0.100
= Required Time                 3.793
- Arrival Time                  3.802
= Slack Time                   -0.008
     Clock Rise Edge                 0.000
     + Clock Network Latency (Prop)  -0.090
     = Beginpoint Arrival Time       -0.090
     +-----------------------------------------------------------------------------------------------------------+ 
     |                      Instance                      |     Arc      |   Cell   | Delay | Arrival | Required | 
     |                                                    |              |          |       |  Time   |   Time   | 
     |----------------------------------------------------+--------------+----------+-------+---------+----------| 
     | datapath/IDEX_rs1_reg[3]                           | CK ^         |          |       |  -0.090 |   -0.098 | 
     | datapath/IDEX_rs1_reg[3]                           | CK ^ -> QN ^ | DFFR_X1  | 0.277 |   0.187 |    0.179 | 
     | ALU_forward/FE_OFC207_n_2560                       | A ^ -> ZN v  | INV_X1   | 0.037 |   0.224 |    0.215 | 
     | ALU_forward/g3493__5122                            | A1 v -> ZN ^ | NAND2_X1 | 0.048 |   0.271 |    0.263 | 
     | ALU_forward/FE_RC_118_0                            | A1 ^ -> ZN v | NAND3_X1 | 0.051 |   0.322 |    0.314 | 
     | ALU_forward/FE_RC_119_0                            | A v -> ZN ^  | INV_X1   | 0.057 |   0.379 |    0.371 | 
     | ALU_forward/g3553__3680                            | A1 ^ -> ZN ^ | AND2_X4  | 0.089 |   0.468 |    0.459 | 
     | ALU_forward/g3438__8428                            | A2 ^ -> ZN v | NAND2_X4 | 0.047 |   0.515 |    0.506 | 
     | ALU_forward/fopt3560                               | A v -> ZN ^  | INV_X4   | 0.109 |   0.624 |    0.615 | 
     | datapath/g34624                                    | A1 ^ -> ZN v | NAND2_X1 | 0.085 |   0.709 |    0.700 | 
     | datapath/FE_RC_3255_0                              | A2 v -> ZN ^ | NAND3_X2 | 0.085 |   0.793 |    0.785 | 
     | datapath/FE_RC_309_0                               | A1 ^ -> ZN v | NAND2_X4 | 0.054 |   0.847 |    0.839 | 
     | datapath/ALU_ALU_GEN[0].slice_i_bitAdder/g218__166 | B2 v -> ZN ^ | OAI21_X4 | 0.117 |   0.964 |    0.955 | 
     | 6                                                  |              |          |       |         |          | 
     | datapath/ALU_ALU_GEN[0].slice_i_bitAdder/g217__234 | A2 ^ -> ZN v | NAND2_X4 | 0.054 |   1.018 |    1.009 | 
     | 6                                                  |              |          |       |         |          | 
     | datapath/ALU_ALU_GEN[1].slice_i_bitAdder/FE_RC_167 | A1 v -> ZN ^ | NAND2_X4 | 0.044 |   1.061 |    1.053 | 
     | _0                                                 |              |          |       |         |          | 
     | datapath/ALU_ALU_GEN[1].slice_i_bitAdder/g182__552 | A1 ^ -> ZN v | NAND2_X4 | 0.036 |   1.097 |    1.089 | 
     | 6                                                  |              |          |       |         |          | 
     | datapath/ALU_ALU_GEN[2].slice_i_bitAdder/g158__511 | A1 v -> ZN ^ | NAND2_X4 | 0.044 |   1.141 |    1.133 | 
     | 5                                                  |              |          |       |         |          | 
     | datapath/ALU_ALU_GEN[2].slice_i_bitAdder/g156__613 | A1 ^ -> ZN v | NAND2_X4 | 0.036 |   1.178 |    1.169 | 
     | 1                                                  |              |          |       |         |          | 
     | datapath/ALU_ALU_GEN[3].slice_i_bitAdder/g158__741 | A1 v -> ZN ^ | NAND2_X4 | 0.043 |   1.221 |    1.213 | 
     | 0                                                  |              |          |       |         |          | 
     | datapath/ALU_ALU_GEN[3].slice_i_bitAdder/g156__234 | A1 ^ -> ZN v | NAND2_X4 | 0.036 |   1.257 |    1.248 | 
     | 6                                                  |              |          |       |         |          | 
     | datapath/ALU_ALU_GEN[4].slice_i_bitAdder/g158__678 | A1 v -> ZN ^ | NAND2_X4 | 0.044 |   1.300 |    1.292 | 
     | 3                                                  |              |          |       |         |          | 
     | datapath/ALU_ALU_GEN[4].slice_i_bitAdder/g156__842 | A1 ^ -> ZN v | NAND2_X4 | 0.036 |   1.337 |    1.328 | 
     | 8                                                  |              |          |       |         |          | 
     | datapath/ALU_ALU_GEN[5].slice_i_bitAdder/g155__188 | A1 v -> ZN ^ | NAND2_X4 | 0.044 |   1.381 |    1.372 | 
     | 1                                                  |              |          |       |         |          | 
     | datapath/ALU_ALU_GEN[5].slice_i_bitAdder/g153__709 | A1 ^ -> ZN v | NAND2_X4 | 0.036 |   1.417 |    1.409 | 
     | 8                                                  |              |          |       |         |          | 
     | datapath/ALU_ALU_GEN[6].slice_i_bitAdder/FE_RC_287 | A1 v -> ZN ^ | NAND2_X4 | 0.044 |   1.461 |    1.452 | 
     | _0                                                 |              |          |       |         |          | 
     | datapath/ALU_ALU_GEN[6].slice_i_bitAdder/FE_RC_286 | A1 ^ -> ZN v | NAND2_X4 | 0.035 |   1.496 |    1.488 | 
     | _0                                                 |              |          |       |         |          | 
     | datapath/ALU_ALU_GEN[7].slice_i_bitAdder/g158__552 | A1 v -> ZN ^ | NAND2_X4 | 0.044 |   1.540 |    1.532 | 
     | 6                                                  |              |          |       |         |          | 
     | datapath/ALU_ALU_GEN[7].slice_i_bitAdder/g156__431 | A1 ^ -> ZN v | NAND2_X4 | 0.036 |   1.577 |    1.568 | 
     | 9                                                  |              |          |       |         |          | 
     | datapath/ALU_ALU_GEN[8].slice_i_bitAdder/g155__709 | A1 v -> ZN ^ | NAND2_X4 | 0.043 |   1.620 |    1.611 | 
     | 8                                                  |              |          |       |         |          | 
     | datapath/ALU_ALU_GEN[8].slice_i_bitAdder/g153__512 | A1 ^ -> ZN v | NAND2_X4 | 0.036 |   1.655 |    1.647 | 
     | 2                                                  |              |          |       |         |          | 
     | datapath/ALU_ALU_GEN[9].slice_i_bitAdder/g155__994 | A1 v -> ZN ^ | NAND2_X4 | 0.043 |   1.698 |    1.689 | 
     | 5                                                  |              |          |       |         |          | 
     | datapath/ALU_ALU_GEN[9].slice_i_bitAdder/g153__616 | A1 ^ -> ZN v | NAND2_X4 | 0.036 |   1.734 |    1.726 | 
     | 1                                                  |              |          |       |         |          | 
     | datapath/ALU_ALU_GEN[10].slice_i_bitAdder/FE_RC_32 | A1 v -> ZN ^ | NAND2_X4 | 0.043 |   1.777 |    1.768 | 
     | 0_0                                                |              |          |       |         |          | 
     | datapath/ALU_ALU_GEN[10].slice_i_bitAdder/FE_RC_31 | A1 ^ -> ZN v | NAND2_X4 | 0.036 |   1.813 |    1.804 | 
     | 9_0                                                |              |          |       |         |          | 
     | datapath/ALU_ALU_GEN[11].slice_i_bitAdder/g155__28 | A1 v -> ZN ^ | NAND2_X4 | 0.044 |   1.857 |    1.848 | 
     | 02                                                 |              |          |       |         |          | 
     | datapath/ALU_ALU_GEN[11].slice_i_bitAdder/g153__36 | A1 ^ -> ZN v | NAND2_X4 | 0.037 |   1.893 |    1.885 | 
     | 80                                                 |              |          |       |         |          | 
     | datapath/ALU_ALU_GEN[12].slice_i_bitAdder/g158__74 | A1 v -> ZN ^ | NAND2_X4 | 0.044 |   1.937 |    1.929 | 
     | 82                                                 |              |          |       |         |          | 
     | datapath/ALU_ALU_GEN[12].slice_i_bitAdder/g156__18 | A1 ^ -> ZN v | NAND2_X4 | 0.036 |   1.973 |    1.965 | 
     | 81                                                 |              |          |       |         |          | 
     | datapath/ALU_ALU_GEN[13].slice_i_bitAdder/g158__74 | A1 v -> ZN ^ | NAND2_X4 | 0.043 |   2.016 |    2.008 | 
     | 10                                                 |              |          |       |         |          | 
     | datapath/ALU_ALU_GEN[13].slice_i_bitAdder/g156__23 | A1 ^ -> ZN v | NAND2_X4 | 0.038 |   2.054 |    2.046 | 
     | 46                                                 |              |          |       |         |          | 
     | datapath/ALU_ALU_GEN[14].slice_i_bitAdder/g158__55 | A1 v -> ZN ^ | NAND2_X4 | 0.044 |   2.098 |    2.090 | 
     | 26                                                 |              |          |       |         |          | 
     | datapath/ALU_ALU_GEN[14].slice_i_bitAdder/g156__43 | A1 ^ -> ZN v | NAND2_X4 | 0.036 |   2.134 |    2.126 | 
     | 19                                                 |              |          |       |         |          | 
     | datapath/ALU_ALU_GEN[15].slice_i_bitAdder/g158__70 | A1 v -> ZN ^ | NAND2_X4 | 0.043 |   2.178 |    2.169 | 
     | 98                                                 |              |          |       |         |          | 
     | datapath/ALU_ALU_GEN[15].slice_i_bitAdder/g156__51 | A1 ^ -> ZN v | NAND2_X4 | 0.036 |   2.214 |    2.205 | 
     | 22                                                 |              |          |       |         |          | 
     | datapath/ALU_ALU_GEN[16].slice_i_bitAdder/g158__99 | A1 v -> ZN ^ | NAND2_X4 | 0.043 |   2.257 |    2.249 | 
     | 45                                                 |              |          |       |         |          | 
     | datapath/ALU_ALU_GEN[16].slice_i_bitAdder/g156__61 | A1 ^ -> ZN v | NAND2_X4 | 0.036 |   2.293 |    2.284 | 
     | 61                                                 |              |          |       |         |          | 
     | datapath/ALU_ALU_GEN[17].slice_i_bitAdder/g158__51 | A1 v -> ZN ^ | NAND2_X4 | 0.043 |   2.336 |    2.328 | 
     | 07                                                 |              |          |       |         |          | 
     | datapath/ALU_ALU_GEN[17].slice_i_bitAdder/g156__54 | A1 ^ -> ZN v | NAND2_X4 | 0.038 |   2.374 |    2.366 | 
     | 77                                                 |              |          |       |         |          | 
     | datapath/ALU_ALU_GEN[18].slice_i_bitAdder/g158__28 | A1 v -> ZN ^ | NAND2_X4 | 0.044 |   2.418 |    2.409 | 
     | 02                                                 |              |          |       |         |          | 
     | datapath/ALU_ALU_GEN[18].slice_i_bitAdder/g156__36 | A1 ^ -> ZN v | NAND2_X4 | 0.036 |   2.453 |    2.445 | 
     | 80                                                 |              |          |       |         |          | 
     | datapath/ALU_ALU_GEN[19].slice_i_bitAdder/g158__74 | A1 v -> ZN ^ | NAND2_X4 | 0.043 |   2.496 |    2.488 | 
     | 82                                                 |              |          |       |         |          | 
     | datapath/ALU_ALU_GEN[19].slice_i_bitAdder/g156__18 | A1 ^ -> ZN v | NAND2_X4 | 0.037 |   2.534 |    2.525 | 
     | 81                                                 |              |          |       |         |          | 
     | datapath/ALU_ALU_GEN[20].slice_i_bitAdder/g158__74 | A1 v -> ZN ^ | NAND2_X4 | 0.043 |   2.577 |    2.568 | 
     | 10                                                 |              |          |       |         |          | 
     | datapath/ALU_ALU_GEN[20].slice_i_bitAdder/g156__23 | A1 ^ -> ZN v | NAND2_X4 | 0.036 |   2.613 |    2.605 | 
     | 46                                                 |              |          |       |         |          | 
     | datapath/ALU_ALU_GEN[21].slice_i_bitAdder/g158__84 | A1 v -> ZN ^ | NAND2_X4 | 0.043 |   2.656 |    2.648 | 
     | 28                                                 |              |          |       |         |          | 
     | datapath/ALU_ALU_GEN[21].slice_i_bitAdder/g156__43 | A1 ^ -> ZN v | NAND2_X4 | 0.035 |   2.692 |    2.683 | 
     | 19                                                 |              |          |       |         |          | 
     | datapath/ALU_ALU_GEN[22].slice_i_bitAdder/g155__70 | A1 v -> ZN ^ | NAND2_X4 | 0.043 |   2.735 |    2.726 | 
     | 98                                                 |              |          |       |         |          | 
     | datapath/ALU_ALU_GEN[22].slice_i_bitAdder/g153__82 | A1 ^ -> ZN v | NAND2_X4 | 0.036 |   2.770 |    2.762 | 
     | 46                                                 |              |          |       |         |          | 
     | datapath/ALU_ALU_GEN[23].slice_i_bitAdder/g158__28 | A1 v -> ZN ^ | NAND2_X4 | 0.043 |   2.813 |    2.804 | 
     | 83                                                 |              |          |       |         |          | 
     | datapath/ALU_ALU_GEN[23].slice_i_bitAdder/g156__99 | A1 ^ -> ZN v | NAND2_X4 | 0.036 |   2.849 |    2.840 | 
     | 45                                                 |              |          |       |         |          | 
     | datapath/ALU_ALU_GEN[24].slice_i_bitAdder/g158__43 | A1 v -> ZN ^ | NAND2_X4 | 0.043 |   2.892 |    2.883 | 
     | 19                                                 |              |          |       |         |          | 
     | datapath/ALU_ALU_GEN[24].slice_i_bitAdder/g156__62 | A1 ^ -> ZN v | NAND2_X4 | 0.036 |   2.928 |    2.919 | 
     | 60                                                 |              |          |       |         |          | 
     | datapath/ALU_ALU_GEN[25].slice_i_bitAdder/g158__82 | A1 v -> ZN ^ | NAND2_X4 | 0.043 |   2.971 |    2.962 | 
     | 46                                                 |              |          |       |         |          | 
     | datapath/ALU_ALU_GEN[25].slice_i_bitAdder/g156__51 | A1 ^ -> ZN v | NAND2_X4 | 0.036 |   3.007 |    2.998 | 
     | 22                                                 |              |          |       |         |          | 
     | datapath/ALU_ALU_GEN[26].slice_i_bitAdder/g158__99 | A1 v -> ZN ^ | NAND2_X4 | 0.043 |   3.049 |    3.041 | 
     | 45                                                 |              |          |       |         |          | 
     | datapath/ALU_ALU_GEN[26].slice_i_bitAdder/g156__93 | A1 ^ -> ZN v | NAND2_X4 | 0.037 |   3.086 |    3.078 | 
     | 15                                                 |              |          |       |         |          | 
     | datapath/ALU_ALU_GEN[27].slice_i_bitAdder/g158__43 | A1 v -> ZN ^ | NAND2_X4 | 0.043 |   3.130 |    3.121 | 
     | 19                                                 |              |          |       |         |          | 
     | datapath/ALU_ALU_GEN[27].slice_i_bitAdder/g156__51 | A1 ^ -> ZN v | NAND2_X4 | 0.036 |   3.166 |    3.157 | 
     | 07                                                 |              |          |       |         |          | 
     | datapath/ALU_ALU_GEN[28].slice_i_bitAdder/g158__51 | A1 v -> ZN ^ | NAND2_X4 | 0.043 |   3.209 |    3.200 | 
     | 22                                                 |              |          |       |         |          | 
     | datapath/ALU_ALU_GEN[28].slice_i_bitAdder/g156__28 | A1 ^ -> ZN v | NAND2_X4 | 0.036 |   3.244 |    3.236 | 
     | 02                                                 |              |          |       |         |          | 
     | datapath/ALU_ALU_GEN[29].slice_i_bitAdder/FE_RC_31 | A1 v -> ZN ^ | NAND2_X4 | 0.043 |   3.287 |    3.279 | 
     | 90_0                                               |              |          |       |         |          | 
     | datapath/ALU_ALU_GEN[29].slice_i_bitAdder/g156__61 | A1 ^ -> ZN v | NAND2_X4 | 0.037 |   3.324 |    3.315 | 
     | 61                                                 |              |          |       |         |          | 
     | datapath/ALU_ALU_GEN[30].slice_i_bitAdder/g158__43 | A1 v -> ZN ^ | NAND2_X4 | 0.043 |   3.367 |    3.358 | 
     | 19                                                 |              |          |       |         |          | 
     | datapath/ALU_ALU_GEN[30].slice_i_bitAdder/g156__51 | A1 ^ -> ZN v | NAND2_X4 | 0.045 |   3.412 |    3.403 | 
     | 07                                                 |              |          |       |         |          | 
     | datapath/ALU_msb_bitAdder/g119__8246               | A1 v -> ZN ^ | NAND2_X4 | 0.047 |   3.459 |    3.450 | 
     | datapath/ALU_msb_bitAdder/g117__1705               | A1 ^ -> ZN v | NAND2_X4 | 0.039 |   3.498 |    3.490 | 
     | datapath/FE_RC_2806_0                              | A1 v -> ZN ^ | NAND2_X4 | 0.038 |   3.536 |    3.527 | 
     | datapath/FE_RC_73_0                                | A ^ -> ZN v  | OAI21_X2 | 0.048 |   3.583 |    3.575 | 
     | datapath/g22531                                    | A v -> ZN v  | XNOR2_X2 | 0.115 |   3.698 |    3.690 | 
     | datapath/ALU_ALU_GEN[0].slice_i_resultMux/FE_RC_14 | A1 v -> ZN ^ | NAND2_X2 | 0.062 |   3.760 |    3.752 | 
     | 8_0                                                |              |          |       |         |          | 
     | datapath/ALU_ALU_GEN[0].slice_i_resultMux/g185__54 | A1 ^ -> ZN v | NAND2_X2 | 0.041 |   3.801 |    3.793 | 
     | 77                                                 |              |          |       |         |          | 
     | datapath/EXMEM_aluResult_reg[0]                    | D v          | DFFR_X1  | 0.000 |   3.802 |    3.793 | 
     +-----------------------------------------------------------------------------------------------------------+ 

