###############################################################
#  Generated by:      Cadence Innovus 23.12-s091_1
#  OS:                Linux x86_64(Host ID nanohub-2907946-1)
#  Generated on:      Tue Aug 11 16:38:23 2026
#  Design:            pipelined_cpu_core
#  Command:           timeDesign -postRoute -hold -expandedViews -outDir cornerReports
###############################################################

------------------------------------------------------------------
          timeDesign Summary
------------------------------------------------------------------

+--------------------+---------+---------+---------+
|     Hold mode      |   all   | reg2reg | default |
+--------------------+---------+---------+---------+
|           WNS (ns):|  0.019  |  0.019  |  0.682  |
|           TNS (ns):|  0.000  |  0.000  |  0.000  |
|    Violating Paths:|    0    |    0    |    0    |
|          All Paths:|  3551   |  3353   |   230   |
+--------------------+---------+---------+---------+
|RPT_SLOW            |  0.191  |  0.191  |  0.682  |
|                    |  0.000  |  0.000  |  0.000  |
|                    |    0    |    0    |    0    |
|                    |  3551   |  3353   |   230   |
+--------------------+---------+---------+---------+
|RPT_TYP             |  0.047  |  0.047  |  0.995  |
|                    |  0.000  |  0.000  |  0.000  |
|                    |    0    |    0    |    0    |
|                    |  3551   |  3353   |   230   |
+--------------------+---------+---------+---------+
|RPT_FAST            |  0.019  |  0.019  |  1.062  |
|                    |  0.000  |  0.000  |  0.000  |
|                    |    0    |    0    |    0    |
|                    |  3551   |  3353   |   230   |
+--------------------+---------+---------+---------+

Density: 86.963%
       (100.002% with Fillers)
------------------------------------------------------------------
