============================================================
  Generated by:           Genus(TM) Synthesis Solution 23.12-s086_1
  Generated on:           Aug 11 2026  01:11:43 am
  Module:                 pipelined_cpu_core
  Operating conditions:   slow 
  Interconnect mode:      global
  Area mode:              physical library
============================================================


Path 1: VIOLATED (-236 ps) Setup Check with Pin datapath/EXMEM_aluResult_reg[0]/CK->D
          Group: clk
     Startpoint: (R) datapath/EXMEM_rd_reg[2]/CK
          Clock: (R) clk
       Endpoint: (R) datapath/EXMEM_aluResult_reg[0]/D
          Clock: (R) clk

                     Capture       Launch     
        Clock Edge:+    4100            0     
       Src Latency:+       0            0     
       Net Latency:+       0 (I)        0 (I) 
           Arrival:=    4100            0     
                                              
             Setup:-      67                  
       Uncertainty:-     100                  
     Required Time:=    3933                  
      Launch Clock:-       0                  
         Data Path:-    4169                  
             Slack:=    -236                  

#---------------------------------------------------------------------------------------------------------------------------------
#                      Timing Point                       Flags    Arc   Edge   Cell     Fanout Load Trans Delay Arrival Instance 
#                                                                                               (fF)  (ps)  (ps)   (ps)  Location 
#---------------------------------------------------------------------------------------------------------------------------------
  datapath/EXMEM_rd_reg[2]/CK                             -       -      R     (arrival)    356    -    50     0       0    (-,-) 
  datapath/EXMEM_rd_reg[2]/QN                             -       CK->QN F     DFFR_X1        1  3.1    44   264     264    (-,-) 
  datapath/g45281/ZN                                      -       A->ZN  R     INV_X2         3  6.5    36    69     333    (-,-) 
  ALU_forward/g3275/ZN                                    -       A->ZN  F     INV_X2         2  7.5    15    33     366    (-,-) 
  ALU_forward/g3274/ZN                                    -       A->ZN  R     INV_X4         2  9.6    28    44     410    (-,-) 
  ALU_forward/g3229__2346/ZN                              -       A1->ZN F     NAND2_X2       1  5.7    24    42     452    (-,-) 
  ALU_forward/g3202__1666/ZN                              -       A1->ZN R     NAND2_X4       1  6.2    31    47     499    (-,-) 
  ALU_forward/g3190__6131/ZN                              -       A1->ZN F     NAND2_X4       1  5.7    16    34     533    (-,-) 
  ALU_forward/g3187__5122/ZN                              -       A1->ZN R     NOR2_X4        1  6.3    56    80     612    (-,-) 
  ALU_forward/g3178__8428/ZN                              -       A2->ZN F     NAND2_X4       2 16.5    26    62     675    (-,-) 
  ALU_forward/fopt3279/ZN                                 -       A->ZN  R     INV_X8         6 25.7    35    59     733    (-,-) 
  datapath/g33678/ZN                                      -       A1->ZN F     NAND2_X4       1  5.7    17    36     770    (-,-) 
  datapath/g32827/ZN                                      -       A->ZN  R     OAI21_X4       1  6.3    68    63     832    (-,-) 
  datapath/g32725/ZN                                      -       A2->ZN F     NAND2_X4       1  5.7    18    50     882    (-,-) 
  datapath/g32704/ZN                                      -       A1->ZN R     NAND2_X4       3 13.8    46    60     942    (-,-) 
  datapath/g32679/ZN                                      -       A1->ZN F     NAND2_X4       1  6.1    24    41     984    (-,-) 
  datapath/g47520/ZN                                      -       A->ZN  R     OAI211_X4      5 17.1   127    97    1080    (-,-) 
  datapath/ALU_ALU_GEN[0].slice_i_bitAdder/g220__9945/ZN  -       A1->ZN F     NAND2_X4       1  5.7    36    56    1137    (-,-) 
  datapath/ALU_ALU_GEN[0].slice_i_bitAdder/g217__4733/ZN  -       A2->ZN R     NAND2_X4       2  8.6    35    67    1204    (-,-) 
  datapath/ALU_ALU_GEN[1].slice_i_bitAdder/g184__6260/ZN  -       A1->ZN F     NAND2_X4       1  5.7    17    36    1241    (-,-) 
  datapath/ALU_ALU_GEN[1].slice_i_bitAdder/g182__2398/ZN  -       A1->ZN R     NAND2_X4       2  8.6    35    48    1288    (-,-) 
  datapath/ALU_ALU_GEN[2].slice_i_bitAdder/g155__5122/ZN  -       A1->ZN F     NAND2_X4       1  5.7    18    36    1325    (-,-) 
  datapath/ALU_ALU_GEN[2].slice_i_bitAdder/g153__2802/ZN  -       A1->ZN R     NAND2_X4       2  8.6    35    49    1374    (-,-) 
  datapath/ALU_ALU_GEN[3].slice_i_bitAdder/g155__9315/ZN  -       A1->ZN F     NAND2_X4       1  5.7    17    36    1410    (-,-) 
  datapath/ALU_ALU_GEN[3].slice_i_bitAdder/g153__4733/ZN  -       A1->ZN R     NAND2_X4       2  8.6    37    48    1458    (-,-) 
  datapath/ALU_ALU_GEN[4].slice_i_bitAdder/g155__5107/ZN  -       A1->ZN F     NAND2_X4       1  5.7    17    37    1495    (-,-) 
  datapath/ALU_ALU_GEN[4].slice_i_bitAdder/g153__5477/ZN  -       A1->ZN R     NAND2_X4       2  8.6    36    48    1543    (-,-) 
  datapath/ALU_ALU_GEN[5].slice_i_bitAdder/g155__1705/ZN  -       A1->ZN F     NAND2_X4       1  5.7    17    37    1580    (-,-) 
  datapath/ALU_ALU_GEN[5].slice_i_bitAdder/g153__1617/ZN  -       A1->ZN R     NAND2_X4       2  8.6    36    48    1628    (-,-) 
  datapath/ALU_ALU_GEN[6].slice_i_bitAdder/g155__6161/ZN  -       A1->ZN F     NAND2_X4       1  5.7    17    37    1665    (-,-) 
  datapath/ALU_ALU_GEN[6].slice_i_bitAdder/g153__7482/ZN  -       A1->ZN R     NAND2_X4       2  8.6    38    48    1713    (-,-) 
  datapath/ALU_ALU_GEN[7].slice_i_bitAdder/g155__2398/ZN  -       A1->ZN F     NAND2_X4       1  5.7    17    38    1751    (-,-) 
  datapath/ALU_ALU_GEN[7].slice_i_bitAdder/g153__6417/ZN  -       A1->ZN R     NAND2_X4       2  8.6    35    48    1799    (-,-) 
  datapath/ALU_ALU_GEN[8].slice_i_bitAdder/g155__1617/ZN  -       A1->ZN F     NAND2_X4       1  5.7    17    36    1835    (-,-) 
  datapath/ALU_ALU_GEN[8].slice_i_bitAdder/g153__6783/ZN  -       A1->ZN R     NAND2_X4       2  8.6    35    48    1884    (-,-) 
  datapath/ALU_ALU_GEN[9].slice_i_bitAdder/g155__5115/ZN  -       A1->ZN F     NAND2_X4       1  5.7    17    36    1920    (-,-) 
  datapath/ALU_ALU_GEN[9].slice_i_bitAdder/g153__6131/ZN  -       A1->ZN R     NAND2_X4       2  8.6    35    48    1968    (-,-) 
  datapath/ALU_ALU_GEN[10].slice_i_bitAdder/g155__1666/ZN -       A1->ZN F     NAND2_X4       1  5.7    17    36    2004    (-,-) 
  datapath/ALU_ALU_GEN[10].slice_i_bitAdder/g153__2883/ZN -       A1->ZN R     NAND2_X4       2  8.6    35    48    2053    (-,-) 
  datapath/ALU_ALU_GEN[11].slice_i_bitAdder/g155__8428/ZN -       A1->ZN F     NAND2_X4       1  5.7    17    36    2089    (-,-) 
  datapath/ALU_ALU_GEN[11].slice_i_bitAdder/g153__6260/ZN -       A1->ZN R     NAND2_X4       2  8.6    35    48    2137    (-,-) 
  datapath/ALU_ALU_GEN[12].slice_i_bitAdder/g155__8246/ZN -       A1->ZN F     NAND2_X4       1  5.7    17    36    2174    (-,-) 
  datapath/ALU_ALU_GEN[12].slice_i_bitAdder/g153__1705/ZN -       A1->ZN R     NAND2_X4       2  8.6    35    48    2222    (-,-) 
  datapath/ALU_ALU_GEN[13].slice_i_bitAdder/g155__9315/ZN -       A1->ZN F     NAND2_X4       1  5.7    17    36    2258    (-,-) 
  datapath/ALU_ALU_GEN[13].slice_i_bitAdder/g153__4733/ZN -       A1->ZN R     NAND2_X4       2  8.6    35    48    2306    (-,-) 
  datapath/ALU_ALU_GEN[14].slice_i_bitAdder/g155__2398/ZN -       A1->ZN F     NAND2_X4       1  5.7    17    36    2343    (-,-) 
  datapath/ALU_ALU_GEN[14].slice_i_bitAdder/g153__6417/ZN -       A1->ZN R     NAND2_X4       2  8.6    35    48    2391    (-,-) 
  datapath/ALU_ALU_GEN[15].slice_i_bitAdder/g155__1617/ZN -       A1->ZN F     NAND2_X4       1  5.7    17    36    2427    (-,-) 
  datapath/ALU_ALU_GEN[15].slice_i_bitAdder/g153__6783/ZN -       A1->ZN R     NAND2_X4       2  8.6    35    48    2476    (-,-) 
  datapath/ALU_ALU_GEN[16].slice_i_bitAdder/g155__5115/ZN -       A1->ZN F     NAND2_X4       1  5.7    17    36    2512    (-,-) 
  datapath/ALU_ALU_GEN[16].slice_i_bitAdder/g153__6131/ZN -       A1->ZN R     NAND2_X4       2  8.6    35    48    2560    (-,-) 
  datapath/ALU_ALU_GEN[17].slice_i_bitAdder/g155__1666/ZN -       A1->ZN F     NAND2_X4       1  5.7    17    36    2597    (-,-) 
  datapath/ALU_ALU_GEN[17].slice_i_bitAdder/g153__2883/ZN -       A1->ZN R     NAND2_X4       2  8.6    35    48    2645    (-,-) 
  datapath/ALU_ALU_GEN[18].slice_i_bitAdder/g155__8428/ZN -       A1->ZN F     NAND2_X4       1  5.7    17    36    2681    (-,-) 
  datapath/ALU_ALU_GEN[18].slice_i_bitAdder/g153__6260/ZN -       A1->ZN R     NAND2_X4       2  8.6    35    48    2730    (-,-) 
  datapath/ALU_ALU_GEN[19].slice_i_bitAdder/g155__8246/ZN -       A1->ZN F     NAND2_X4       1  5.7    17    36    2766    (-,-) 
  datapath/ALU_ALU_GEN[19].slice_i_bitAdder/g153__1705/ZN -       A1->ZN R     NAND2_X4       2  8.6    35    48    2814    (-,-) 
  datapath/ALU_ALU_GEN[20].slice_i_bitAdder/g158__9315/ZN -       A1->ZN F     NAND2_X4       1  5.7    17    36    2850    (-,-) 
  datapath/ALU_ALU_GEN[20].slice_i_bitAdder/g156__4733/ZN -       A1->ZN R     NAND2_X4       2  8.6    35    48    2899    (-,-) 
  datapath/ALU_ALU_GEN[21].slice_i_bitAdder/g158__5477/ZN -       A1->ZN F     NAND2_X4       1  5.7    17    36    2935    (-,-) 
  datapath/ALU_ALU_GEN[21].slice_i_bitAdder/g156__6417/ZN -       A1->ZN R     NAND2_X4       2  8.6    35    48    2983    (-,-) 
  datapath/ALU_ALU_GEN[22].slice_i_bitAdder/g158__3680/ZN -       A1->ZN F     NAND2_X4       1  5.7    17    36    3020    (-,-) 
  datapath/ALU_ALU_GEN[22].slice_i_bitAdder/g156__6783/ZN -       A1->ZN R     NAND2_X4       2  8.6    35    48    3068    (-,-) 
  datapath/ALU_ALU_GEN[23].slice_i_bitAdder/g158__5115/ZN -       A1->ZN F     NAND2_X4       1  5.7    17    36    3104    (-,-) 
  datapath/ALU_ALU_GEN[23].slice_i_bitAdder/g156__1881/ZN -       A1->ZN R     NAND2_X4       2  8.6    35    48    3153    (-,-) 
  datapath/ALU_ALU_GEN[24].slice_i_bitAdder/g158__7410/ZN -       A1->ZN F     NAND2_X4       1  5.7    17    36    3189    (-,-) 
  datapath/ALU_ALU_GEN[24].slice_i_bitAdder/g156__1666/ZN -       A1->ZN R     NAND2_X4       2  8.6    35    48    3237    (-,-) 
  datapath/ALU_ALU_GEN[25].slice_i_bitAdder/g158__6783/ZN -       A1->ZN F     NAND2_X4       1  5.7    17    36    3274    (-,-) 
  datapath/ALU_ALU_GEN[25].slice_i_bitAdder/g156__5526/ZN -       A1->ZN R     NAND2_X4       2  8.6    35    48    3322    (-,-) 
  datapath/ALU_ALU_GEN[26].slice_i_bitAdder/g158__1881/ZN -       A1->ZN F     NAND2_X4       1  5.7    17    36    3358    (-,-) 
  datapath/ALU_ALU_GEN[26].slice_i_bitAdder/g156__6131/ZN -       A1->ZN R     NAND2_X4       2  8.6    35    48    3407    (-,-) 
  datapath/ALU_ALU_GEN[27].slice_i_bitAdder/g158__1666/ZN -       A1->ZN F     NAND2_X4       1  5.7    17    36    3443    (-,-) 
  datapath/ALU_ALU_GEN[27].slice_i_bitAdder/g156__2346/ZN -       A1->ZN R     NAND2_X4       2  8.6    35    48    3491    (-,-) 
  datapath/ALU_ALU_GEN[28].slice_i_bitAdder/g158__5526/ZN -       A1->ZN F     NAND2_X4       1  5.7    17    36    3528    (-,-) 
  datapath/ALU_ALU_GEN[28].slice_i_bitAdder/g156__8428/ZN -       A1->ZN R     NAND2_X4       2  8.6    35    48    3576    (-,-) 
  datapath/ALU_ALU_GEN[29].slice_i_bitAdder/g158__6131/ZN -       A1->ZN F     NAND2_X4       1  5.7    17    36    3612    (-,-) 
  datapath/ALU_ALU_GEN[29].slice_i_bitAdder/g156__8246/ZN -       A1->ZN R     NAND2_X4       2  8.6    35    48    3660    (-,-) 
  datapath/ALU_ALU_GEN[30].slice_i_bitAdder/g158__1666/ZN -       A1->ZN F     NAND2_X4       1  5.7    17    36    3697    (-,-) 
  datapath/ALU_ALU_GEN[30].slice_i_bitAdder/g156__2883/ZN -       A1->ZN R     NAND2_X4       3 13.6    46    59    3756    (-,-) 
  datapath/ALU_msb_bitAdder/g118__8428/ZN                 -       A->ZN  R     XNOR2_X1       2  6.9   163   166    3922    (-,-) 
  datapath/g22518/ZN                                      -       B->ZN  R     XNOR2_X2       1  3.3    70   158    4080    (-,-) 
  datapath/ALU_ALU_GEN[0].slice_i_resultMux/g187__1666/ZN -       A1->ZN F     NAND2_X2       1  3.1    25    48    4128    (-,-) 
  datapath/ALU_ALU_GEN[0].slice_i_resultMux/g185__2883/ZN -       A1->ZN R     NAND2_X2       1  1.4    25    41    4169    (-,-) 
  datapath/EXMEM_aluResult_reg[0]/D                       <<<     -      R     DFFR_X1        1    -     -     0    4169    (-,-) 
#---------------------------------------------------------------------------------------------------------------------------------

