###############################################################
#  Generated by:      Cadence Innovus 23.12-s091_1
#  OS:                Linux x86_64(Host ID nanohub-2907570-14)
#  Generated on:      Tue Aug 11 01:45:05 2026
#  Design:            pipelined_cpu_core
#  Command:           report_timing -early -view RPT_SLOW -max_paths 50 -nworst 1 > reports/41_hold_slow.rpt
###############################################################
Path 1: MET Hold Check with Pin datapath/IDEX_rd_reg[4]/CK 
Endpoint:   datapath/IDEX_rd_reg[4]/D      (v) checked with  leading edge of 
'clk'
Beginpoint: datapath/IFID_instr_reg[11]/QN (^) triggered by  leading edge of 
'clk'
Path Groups: {reg2reg}
Analysis View: RPT_SLOW
Other End Arrival Time          0.642
+ Hold                          0.026
+ Phase Shift                   0.000
- CPPR Adjustment               0.000
+ Uncertainty                   0.020
= Required Time                 0.688
  Arrival Time                  0.907
  Slack Time                    0.219
     Clock Rise Edge                 0.000
     + Clock Network Latency (Prop)  0.617
     = Beginpoint Arrival Time       0.617
     +-----------------------------------------------------------------------------------+ 
     |          Instance           |     Arc      |  Cell   | Delay | Arrival | Required | 
     |                             |              |         |       |  Time   |   Time   | 
     |-----------------------------+--------------+---------+-------+---------+----------| 
     | datapath/IFID_instr_reg[11] | CK ^         |         |       |   0.617 |    0.398 | 
     | datapath/IFID_instr_reg[11] | CK ^ -> QN ^ | DFFR_X1 | 0.255 |   0.872 |    0.653 | 
     | datapath/g44540             | A2 ^ -> ZN v | NOR2_X1 | 0.035 |   0.907 |    0.688 | 
     | datapath/IDEX_rd_reg[4]     | D v          | DFFR_X1 | 0.000 |   0.907 |    0.688 | 
     +-----------------------------------------------------------------------------------+ 
Path 2: MET Hold Check with Pin datapath/IFID_instr_reg[30]/CK 
Endpoint:   datapath/IFID_instr_reg[30]/D  (v) checked with  leading edge of 
'clk'
Beginpoint: datapath/IFID_instr_reg[30]/QN (^) triggered by  leading edge of 
'clk'
Path Groups: {reg2reg}
Analysis View: RPT_SLOW
Other End Arrival Time          0.635
+ Hold                          0.023
+ Phase Shift                   0.000
- CPPR Adjustment               0.000
+ Uncertainty                   0.020
= Required Time                 0.678
  Arrival Time                  0.905
  Slack Time                    0.226
     Clock Rise Edge                 0.000
     + Clock Network Latency (Prop)  0.635
     = Beginpoint Arrival Time       0.635
     +------------------------------------------------------------------------------------+ 
     |          Instance           |     Arc      |   Cell   | Delay | Arrival | Required | 
     |                             |              |          |       |  Time   |   Time   | 
     |-----------------------------+--------------+----------+-------+---------+----------| 
     | datapath/IFID_instr_reg[30] | CK ^         |          |       |   0.635 |    0.408 | 
     | datapath/IFID_instr_reg[30] | CK ^ -> QN ^ | DFFR_X1  | 0.227 |   0.862 |    0.635 | 
     | datapath/FE_RC_49_0         | B2 ^ -> ZN v | OAI21_X1 | 0.043 |   0.905 |    0.678 | 
     | datapath/IFID_instr_reg[30] | D v          | DFFR_X1  | 0.000 |   0.905 |    0.678 | 
     +------------------------------------------------------------------------------------+ 
Path 3: MET Hold Check with Pin datapath/IFID_instr_reg[25]/CK 
Endpoint:   datapath/IFID_instr_reg[25]/D  (v) checked with  leading edge of 
'clk'
Beginpoint: datapath/IFID_instr_reg[25]/QN (^) triggered by  leading edge of 
'clk'
Path Groups: {reg2reg}
Analysis View: RPT_SLOW
Other End Arrival Time          0.608
+ Hold                          0.022
+ Phase Shift                   0.000
- CPPR Adjustment               0.000
+ Uncertainty                   0.020
= Required Time                 0.650
  Arrival Time                  0.878
  Slack Time                    0.228
     Clock Rise Edge                 0.000
     + Clock Network Latency (Prop)  0.607
     = Beginpoint Arrival Time       0.607
     +------------------------------------------------------------------------------------+ 
     |          Instance           |     Arc      |   Cell   | Delay | Arrival | Required | 
     |                             |              |          |       |  Time   |   Time   | 
     |-----------------------------+--------------+----------+-------+---------+----------| 
     | datapath/IFID_instr_reg[25] | CK ^         |          |       |   0.607 |    0.379 | 
     | datapath/IFID_instr_reg[25] | CK ^ -> QN ^ | DFFR_X1  | 0.226 |   0.834 |    0.606 | 
     | datapath/g44299             | B2 ^ -> ZN v | OAI22_X1 | 0.044 |   0.878 |    0.650 | 
     | datapath/IFID_instr_reg[25] | D v          | DFFR_X1  | 0.000 |   0.878 |    0.650 | 
     +------------------------------------------------------------------------------------+ 
Path 4: MET Hold Check with Pin datapath/IFID_instr_reg[12]/CK 
Endpoint:   datapath/IFID_instr_reg[12]/D  (v) checked with  leading edge of 
'clk'
Beginpoint: datapath/IFID_instr_reg[12]/QN (^) triggered by  leading edge of 
'clk'
Path Groups: {reg2reg}
Analysis View: RPT_SLOW
Other End Arrival Time          0.618
+ Hold                          0.025
+ Phase Shift                   0.000
- CPPR Adjustment               0.000
+ Uncertainty                   0.020
= Required Time                 0.663
  Arrival Time                  0.891
  Slack Time                    0.228
     Clock Rise Edge                 0.000
     + Clock Network Latency (Prop)  0.617
     = Beginpoint Arrival Time       0.617
     +------------------------------------------------------------------------------------+ 
     |          Instance           |     Arc      |   Cell   | Delay | Arrival | Required | 
     |                             |              |          |       |  Time   |   Time   | 
     |-----------------------------+--------------+----------+-------+---------+----------| 
     | datapath/IFID_instr_reg[12] | CK ^         |          |       |   0.617 |    0.389 | 
     | datapath/IFID_instr_reg[12] | CK ^ -> QN ^ | DFFR_X1  | 0.230 |   0.848 |    0.620 | 
     | datapath/g44306             | B2 ^ -> ZN v | OAI22_X1 | 0.044 |   0.891 |    0.663 | 
     | datapath/IFID_instr_reg[12] | D v          | DFFR_X1  | 0.000 |   0.891 |    0.663 | 
     +------------------------------------------------------------------------------------+ 
Path 5: MET Hold Check with Pin datapath/MEMWB_rd_reg[2]/CK 
Endpoint:   datapath/MEMWB_rd_reg[2]/D  (^) checked with  leading edge of 'clk'
Beginpoint: datapath/EXMEM_rd_reg[2]/QN (v) triggered by  leading edge of 'clk'
Path Groups: {reg2reg}
Analysis View: RPT_SLOW
Other End Arrival Time          0.419
+ Hold                          0.053
+ Phase Shift                   0.000
- CPPR Adjustment               0.000
+ Uncertainty                   0.020
= Required Time                 0.493
  Arrival Time                  0.721
  Slack Time                    0.228
     Clock Rise Edge                 0.000
     + Clock Network Latency (Prop)  0.329
     = Beginpoint Arrival Time       0.329
     +-------------------------------------------------------------------------------------+ 
     |           Instance            |     Arc      |  Cell   | Delay | Arrival | Required | 
     |                               |              |         |       |  Time   |   Time   | 
     |-------------------------------+--------------+---------+-------+---------+----------| 
     | datapath/EXMEM_rd_reg[2]      | CK ^         |         |       |   0.329 |    0.100 | 
     | datapath/EXMEM_rd_reg[2]      | CK ^ -> QN v | DFFR_X1 | 0.310 |   0.639 |    0.411 | 
     | datapath/FE_OFC267_EXMEM_rd_2 | A v -> ZN ^  | INV_X1  | 0.082 |   0.721 |    0.493 | 
     | datapath/MEMWB_rd_reg[2]      | D ^          | DFFR_X1 | 0.000 |   0.721 |    0.493 | 
     +-------------------------------------------------------------------------------------+ 
Path 6: MET Hold Check with Pin datapath/IFID_instr_reg[15]/CK 
Endpoint:   datapath/IFID_instr_reg[15]/D  (v) checked with  leading edge of 
'clk'
Beginpoint: datapath/IFID_instr_reg[15]/QN (^) triggered by  leading edge of 
'clk'
Path Groups: {reg2reg}
Analysis View: RPT_SLOW
Other End Arrival Time          0.642
+ Hold                          0.026
+ Phase Shift                   0.000
- CPPR Adjustment               0.000
+ Uncertainty                   0.020
= Required Time                 0.688
  Arrival Time                  0.917
  Slack Time                    0.229
     Clock Rise Edge                 0.000
     + Clock Network Latency (Prop)  0.642
     = Beginpoint Arrival Time       0.642
     +------------------------------------------------------------------------------------+ 
     |          Instance           |     Arc      |   Cell   | Delay | Arrival | Required | 
     |                             |              |          |       |  Time   |   Time   | 
     |-----------------------------+--------------+----------+-------+---------+----------| 
     | datapath/IFID_instr_reg[15] | CK ^         |          |       |   0.642 |    0.413 | 
     | datapath/IFID_instr_reg[15] | CK ^ -> QN ^ | DFFR_X1  | 0.231 |   0.873 |    0.644 | 
     | datapath/g44316             | B2 ^ -> ZN v | OAI22_X1 | 0.044 |   0.917 |    0.688 | 
     | datapath/IFID_instr_reg[15] | D v          | DFFR_X1  | 0.000 |   0.917 |    0.688 | 
     +------------------------------------------------------------------------------------+ 
Path 7: MET Hold Check with Pin datapath/EXMEM_storeData_reg[1]/CK 
Endpoint:   datapath/EXMEM_storeData_reg[1]/D (v) checked with  leading edge of 
'clk'
Beginpoint: datapath/IDEX_readData2_reg[1]/QN (^) triggered by  leading edge of 
'clk'
Path Groups: {reg2reg}
Analysis View: RPT_SLOW
Other End Arrival Time          0.610
+ Hold                          0.023
+ Phase Shift                   0.000
- CPPR Adjustment               0.000
+ Uncertainty                   0.020
= Required Time                 0.653
  Arrival Time                  0.882
  Slack Time                    0.229
     Clock Rise Edge                 0.000
     + Clock Network Latency (Prop)  0.610
     = Beginpoint Arrival Time       0.610
     +----------------------------------------------------------------------------------------+ 
     |            Instance             |     Arc      |   Cell   | Delay | Arrival | Required | 
     |                                 |              |          |       |  Time   |   Time   | 
     |---------------------------------+--------------+----------+-------+---------+----------| 
     | datapath/IDEX_readData2_reg[1]  | CK ^         |          |       |   0.610 |    0.381 | 
     | datapath/IDEX_readData2_reg[1]  | CK ^ -> QN ^ | DFFR_X1  | 0.229 |   0.839 |    0.610 | 
     | datapath/g32829                 | B2 ^ -> ZN v | OAI21_X1 | 0.043 |   0.882 |    0.653 | 
     | datapath/EXMEM_storeData_reg[1] | D v          | DFFR_X1  | 0.000 |   0.882 |    0.653 | 
     +----------------------------------------------------------------------------------------+ 
Path 8: MET Hold Check with Pin datapath/IFID_instr_reg[29]/CK 
Endpoint:   datapath/IFID_instr_reg[29]/D  (v) checked with  leading edge of 
'clk'
Beginpoint: datapath/IFID_instr_reg[29]/QN (^) triggered by  leading edge of 
'clk'
Path Groups: {reg2reg}
Analysis View: RPT_SLOW
Other End Arrival Time          0.635
+ Hold                          0.024
+ Phase Shift                   0.000
- CPPR Adjustment               0.000
+ Uncertainty                   0.020
= Required Time                 0.679
  Arrival Time                  0.908
  Slack Time                    0.229
     Clock Rise Edge                 0.000
     + Clock Network Latency (Prop)  0.635
     = Beginpoint Arrival Time       0.635
     +------------------------------------------------------------------------------------+ 
     |          Instance           |     Arc      |   Cell   | Delay | Arrival | Required | 
     |                             |              |          |       |  Time   |   Time   | 
     |-----------------------------+--------------+----------+-------+---------+----------| 
     | datapath/IFID_instr_reg[29] | CK ^         |          |       |   0.635 |    0.406 | 
     | datapath/IFID_instr_reg[29] | CK ^ -> QN ^ | DFFR_X1  | 0.229 |   0.864 |    0.635 | 
     | datapath/g44294             | B2 ^ -> ZN v | OAI22_X1 | 0.044 |   0.908 |    0.679 | 
     | datapath/IFID_instr_reg[29] | D v          | DFFR_X1  | 0.000 |   0.908 |    0.679 | 
     +------------------------------------------------------------------------------------+ 
Path 9: MET Hold Check with Pin datapath/IFID_instr_reg[27]/CK 
Endpoint:   datapath/IFID_instr_reg[27]/D  (v) checked with  leading edge of 
'clk'
Beginpoint: datapath/IFID_instr_reg[27]/QN (^) triggered by  leading edge of 
'clk'
Path Groups: {reg2reg}
Analysis View: RPT_SLOW
Other End Arrival Time          0.607
+ Hold                          0.022
+ Phase Shift                   0.000
- CPPR Adjustment               0.000
+ Uncertainty                   0.020
= Required Time                 0.650
  Arrival Time                  0.879
  Slack Time                    0.229
     Clock Rise Edge                 0.000
     + Clock Network Latency (Prop)  0.607
     = Beginpoint Arrival Time       0.607
     +------------------------------------------------------------------------------------+ 
     |          Instance           |     Arc      |   Cell   | Delay | Arrival | Required | 
     |                             |              |          |       |  Time   |   Time   | 
     |-----------------------------+--------------+----------+-------+---------+----------| 
     | datapath/IFID_instr_reg[27] | CK ^         |          |       |   0.607 |    0.378 | 
     | datapath/IFID_instr_reg[27] | CK ^ -> QN ^ | DFFR_X1  | 0.228 |   0.835 |    0.605 | 
     | datapath/g44295             | B2 ^ -> ZN v | OAI22_X1 | 0.044 |   0.879 |    0.650 | 
     | datapath/IFID_instr_reg[27] | D v          | DFFR_X1  | 0.000 |   0.879 |    0.650 | 
     +------------------------------------------------------------------------------------+ 
Path 10: MET Hold Check with Pin datapath/IFID_instr_reg[31]/CK 
Endpoint:   datapath/IFID_instr_reg[31]/D  (v) checked with  leading edge of 
'clk'
Beginpoint: datapath/IFID_instr_reg[31]/QN (^) triggered by  leading edge of 
'clk'
Path Groups: {reg2reg}
Analysis View: RPT_SLOW
Other End Arrival Time          0.635
+ Hold                          0.024
+ Phase Shift                   0.000
- CPPR Adjustment               0.000
+ Uncertainty                   0.020
= Required Time                 0.679
  Arrival Time                  0.908
  Slack Time                    0.230
     Clock Rise Edge                 0.000
     + Clock Network Latency (Prop)  0.635
     = Beginpoint Arrival Time       0.635
     +------------------------------------------------------------------------------------+ 
     |          Instance           |     Arc      |   Cell   | Delay | Arrival | Required | 
     |                             |              |          |       |  Time   |   Time   | 
     |-----------------------------+--------------+----------+-------+---------+----------| 
     | datapath/IFID_instr_reg[31] | CK ^         |          |       |   0.635 |    0.405 | 
     | datapath/IFID_instr_reg[31] | CK ^ -> QN ^ | DFFR_X1  | 0.229 |   0.863 |    0.634 | 
     | datapath/g44292             | B2 ^ -> ZN v | OAI22_X1 | 0.045 |   0.908 |    0.679 | 
     | datapath/IFID_instr_reg[31] | D v          | DFFR_X1  | 0.000 |   0.908 |    0.679 | 
     +------------------------------------------------------------------------------------+ 
Path 11: MET Hold Check with Pin datapath/IFID_instr_reg[26]/CK 
Endpoint:   datapath/IFID_instr_reg[26]/D  (v) checked with  leading edge of 
'clk'
Beginpoint: datapath/IFID_instr_reg[26]/QN (^) triggered by  leading edge of 
'clk'
Path Groups: {reg2reg}
Analysis View: RPT_SLOW
Other End Arrival Time          0.607
+ Hold                          0.022
+ Phase Shift                   0.000
- CPPR Adjustment               0.000
+ Uncertainty                   0.020
= Required Time                 0.650
  Arrival Time                  0.879
  Slack Time                    0.230
     Clock Rise Edge                 0.000
     + Clock Network Latency (Prop)  0.607
     = Beginpoint Arrival Time       0.607
     +------------------------------------------------------------------------------------+ 
     |          Instance           |     Arc      |   Cell   | Delay | Arrival | Required | 
     |                             |              |          |       |  Time   |   Time   | 
     |-----------------------------+--------------+----------+-------+---------+----------| 
     | datapath/IFID_instr_reg[26] | CK ^         |          |       |   0.607 |    0.377 | 
     | datapath/IFID_instr_reg[26] | CK ^ -> QN ^ | DFFR_X1  | 0.228 |   0.835 |    0.605 | 
     | datapath/g44297             | B2 ^ -> ZN v | OAI22_X1 | 0.044 |   0.879 |    0.650 | 
     | datapath/IFID_instr_reg[26] | D v          | DFFR_X1  | 0.000 |   0.879 |    0.650 | 
     +------------------------------------------------------------------------------------+ 
Path 12: MET Hold Check with Pin datapath/IFID_instr_reg[13]/CK 
Endpoint:   datapath/IFID_instr_reg[13]/D  (v) checked with  leading edge of 
'clk'
Beginpoint: datapath/IFID_instr_reg[13]/QN (^) triggered by  leading edge of 
'clk'
Path Groups: {reg2reg}
Analysis View: RPT_SLOW
Other End Arrival Time          0.618
+ Hold                          0.025
+ Phase Shift                   0.000
- CPPR Adjustment               0.000
+ Uncertainty                   0.020
= Required Time                 0.663
  Arrival Time                  0.893
  Slack Time                    0.230
     Clock Rise Edge                 0.000
     + Clock Network Latency (Prop)  0.617
     = Beginpoint Arrival Time       0.617
     +------------------------------------------------------------------------------------+ 
     |          Instance           |     Arc      |   Cell   | Delay | Arrival | Required | 
     |                             |              |          |       |  Time   |   Time   | 
     |-----------------------------+--------------+----------+-------+---------+----------| 
     | datapath/IFID_instr_reg[13] | CK ^         |          |       |   0.617 |    0.387 | 
     | datapath/IFID_instr_reg[13] | CK ^ -> QN ^ | DFFR_X1  | 0.232 |   0.849 |    0.619 | 
     | datapath/g44319             | B2 ^ -> ZN v | OAI22_X1 | 0.044 |   0.893 |    0.663 | 
     | datapath/IFID_instr_reg[13] | D v          | DFFR_X1  | 0.000 |   0.893 |    0.663 | 
     +------------------------------------------------------------------------------------+ 
Path 13: MET Hold Check with Pin datapath/IFID_instr_reg[20]/CK 
Endpoint:   datapath/IFID_instr_reg[20]/D  (v) checked with  leading edge of 
'clk'
Beginpoint: datapath/IFID_instr_reg[20]/QN (^) triggered by  leading edge of 
'clk'
Path Groups: {reg2reg}
Analysis View: RPT_SLOW
Other End Arrival Time          0.618
+ Hold                          0.025
+ Phase Shift                   0.000
- CPPR Adjustment               0.000
+ Uncertainty                   0.020
= Required Time                 0.663
  Arrival Time                  0.894
  Slack Time                    0.231
     Clock Rise Edge                 0.000
     + Clock Network Latency (Prop)  0.617
     = Beginpoint Arrival Time       0.617
     +------------------------------------------------------------------------------------+ 
     |          Instance           |     Arc      |   Cell   | Delay | Arrival | Required | 
     |                             |              |          |       |  Time   |   Time   | 
     |-----------------------------+--------------+----------+-------+---------+----------| 
     | datapath/IFID_instr_reg[20] | CK ^         |          |       |   0.617 |    0.387 | 
     | datapath/IFID_instr_reg[20] | CK ^ -> QN ^ | DFFR_X1  | 0.232 |   0.849 |    0.619 | 
     | datapath/g44303             | B2 ^ -> ZN v | OAI22_X1 | 0.044 |   0.894 |    0.663 | 
     | datapath/IFID_instr_reg[20] | D v          | DFFR_X1  | 0.000 |   0.894 |    0.663 | 
     +------------------------------------------------------------------------------------+ 
Path 14: MET Hold Check with Pin datapath/IFID_instr_reg[14]/CK 
Endpoint:   datapath/IFID_instr_reg[14]/D  (v) checked with  leading edge of 
'clk'
Beginpoint: datapath/IFID_instr_reg[14]/QN (^) triggered by  leading edge of 
'clk'
Path Groups: {reg2reg}
Analysis View: RPT_SLOW
Other End Arrival Time          0.618
+ Hold                          0.025
+ Phase Shift                   0.000
- CPPR Adjustment               0.000
+ Uncertainty                   0.020
= Required Time                 0.663
  Arrival Time                  0.895
  Slack Time                    0.232
     Clock Rise Edge                 0.000
     + Clock Network Latency (Prop)  0.617
     = Beginpoint Arrival Time       0.617
     +------------------------------------------------------------------------------------+ 
     |          Instance           |     Arc      |   Cell   | Delay | Arrival | Required | 
     |                             |              |          |       |  Time   |   Time   | 
     |-----------------------------+--------------+----------+-------+---------+----------| 
     | datapath/IFID_instr_reg[14] | CK ^         |          |       |   0.617 |    0.386 | 
     | datapath/IFID_instr_reg[14] | CK ^ -> QN ^ | DFFR_X1  | 0.233 |   0.850 |    0.618 | 
     | datapath/g44317             | B2 ^ -> ZN v | OAI22_X1 | 0.045 |   0.895 |    0.663 | 
     | datapath/IFID_instr_reg[14] | D v          | DFFR_X1  | 0.000 |   0.895 |    0.663 | 
     +------------------------------------------------------------------------------------+ 
Path 15: MET Hold Check with Pin datapath/IFID_instr_reg[17]/CK 
Endpoint:   datapath/IFID_instr_reg[17]/D  (v) checked with  leading edge of 
'clk'
Beginpoint: datapath/IFID_instr_reg[17]/QN (^) triggered by  leading edge of 
'clk'
Path Groups: {reg2reg}
Analysis View: RPT_SLOW
Other End Arrival Time          0.642
+ Hold                          0.026
+ Phase Shift                   0.000
- CPPR Adjustment               0.000
+ Uncertainty                   0.020
= Required Time                 0.688
  Arrival Time                  0.920
  Slack Time                    0.232
     Clock Rise Edge                 0.000
     + Clock Network Latency (Prop)  0.642
     = Beginpoint Arrival Time       0.642
     +------------------------------------------------------------------------------------+ 
     |          Instance           |     Arc      |   Cell   | Delay | Arrival | Required | 
     |                             |              |          |       |  Time   |   Time   | 
     |-----------------------------+--------------+----------+-------+---------+----------| 
     | datapath/IFID_instr_reg[17] | CK ^         |          |       |   0.642 |    0.410 | 
     | datapath/IFID_instr_reg[17] | CK ^ -> QN ^ | DFFR_X1  | 0.233 |   0.875 |    0.643 | 
     | datapath/g44315             | B2 ^ -> ZN v | OAI22_X1 | 0.045 |   0.920 |    0.688 | 
     | datapath/IFID_instr_reg[17] | D v          | DFFR_X1  | 0.000 |   0.920 |    0.688 | 
     +------------------------------------------------------------------------------------+ 
Path 16: MET Hold Check with Pin datapath/IFID_instr_reg[28]/CK 
Endpoint:   datapath/IFID_instr_reg[28]/D  (v) checked with  leading edge of 
'clk'
Beginpoint: datapath/IFID_instr_reg[28]/QN (^) triggered by  leading edge of 
'clk'
Path Groups: {reg2reg}
Analysis View: RPT_SLOW
Other End Arrival Time          0.608
+ Hold                          0.022
+ Phase Shift                   0.000
- CPPR Adjustment               0.000
+ Uncertainty                   0.020
= Required Time                 0.650
  Arrival Time                  0.884
  Slack Time                    0.234
     Clock Rise Edge                 0.000
     + Clock Network Latency (Prop)  0.607
     = Beginpoint Arrival Time       0.607
     +------------------------------------------------------------------------------------+ 
     |          Instance           |     Arc      |   Cell   | Delay | Arrival | Required | 
     |                             |              |          |       |  Time   |   Time   | 
     |-----------------------------+--------------+----------+-------+---------+----------| 
     | datapath/IFID_instr_reg[28] | CK ^         |          |       |   0.607 |    0.373 | 
     | datapath/IFID_instr_reg[28] | CK ^ -> QN ^ | DFFR_X1  | 0.230 |   0.837 |    0.603 | 
     | datapath/FE_RC_2743_0       | B2 ^ -> ZN v | OAI22_X1 | 0.047 |   0.884 |    0.650 | 
     | datapath/IFID_instr_reg[28] | D v          | DFFR_X1  | 0.000 |   0.884 |    0.650 | 
     +------------------------------------------------------------------------------------+ 
Path 17: MET Hold Check with Pin datapath/IDEX_rd_reg[0]/CK 
Endpoint:   datapath/IDEX_rd_reg[0]/D     (v) checked with  leading edge of 
'clk'
Beginpoint: datapath/IFID_instr_reg[7]/QN (^) triggered by  leading edge of 
'clk'
Path Groups: {reg2reg}
Analysis View: RPT_SLOW
Other End Arrival Time          0.642
+ Hold                          0.026
+ Phase Shift                   0.000
- CPPR Adjustment               0.000
+ Uncertainty                   0.020
= Required Time                 0.688
  Arrival Time                  0.923
  Slack Time                    0.235
     Clock Rise Edge                 0.000
     + Clock Network Latency (Prop)  0.642
     = Beginpoint Arrival Time       0.642
     +----------------------------------------------------------------------------------+ 
     |          Instance          |     Arc      |  Cell   | Delay | Arrival | Required | 
     |                            |              |         |       |  Time   |   Time   | 
     |----------------------------+--------------+---------+-------+---------+----------| 
     | datapath/IFID_instr_reg[7] | CK ^         |         |       |   0.642 |    0.407 | 
     | datapath/IFID_instr_reg[7] | CK ^ -> QN ^ | DFFR_X1 | 0.248 |   0.889 |    0.655 | 
     | datapath/g44522            | A2 ^ -> ZN v | NOR2_X1 | 0.033 |   0.923 |    0.688 | 
     | datapath/IDEX_rd_reg[0]    | D v          | DFFR_X1 | 0.000 |   0.923 |    0.688 | 
     +----------------------------------------------------------------------------------+ 
Path 18: MET Hold Check with Pin datapath/IDEX_rd_reg[1]/CK 
Endpoint:   datapath/IDEX_rd_reg[1]/D     (v) checked with  leading edge of 
'clk'
Beginpoint: datapath/IFID_instr_reg[8]/QN (^) triggered by  leading edge of 
'clk'
Path Groups: {reg2reg}
Analysis View: RPT_SLOW
Other End Arrival Time          0.642
+ Hold                          0.026
+ Phase Shift                   0.000
- CPPR Adjustment               0.000
+ Uncertainty                   0.020
= Required Time                 0.688
  Arrival Time                  0.925
  Slack Time                    0.237
     Clock Rise Edge                 0.000
     + Clock Network Latency (Prop)  0.639
     = Beginpoint Arrival Time       0.639
     +----------------------------------------------------------------------------------+ 
     |          Instance          |     Arc      |  Cell   | Delay | Arrival | Required | 
     |                            |              |         |       |  Time   |   Time   | 
     |----------------------------+--------------+---------+-------+---------+----------| 
     | datapath/IFID_instr_reg[8] | CK ^         |         |       |   0.639 |    0.402 | 
     | datapath/IFID_instr_reg[8] | CK ^ -> QN ^ | DFFR_X1 | 0.252 |   0.891 |    0.654 | 
     | datapath/g44512            | A2 ^ -> ZN v | NOR2_X1 | 0.034 |   0.925 |    0.688 | 
     | datapath/IDEX_rd_reg[1]    | D v          | DFFR_X1 | 0.000 |   0.925 |    0.688 | 
     +----------------------------------------------------------------------------------+ 
Path 19: MET Hold Check with Pin datapath/IDEX_rd_reg[3]/CK 
Endpoint:   datapath/IDEX_rd_reg[3]/D      (v) checked with  leading edge of 
'clk'
Beginpoint: datapath/IFID_instr_reg[10]/QN (^) triggered by  leading edge of 
'clk'
Path Groups: {reg2reg}
Analysis View: RPT_SLOW
Other End Arrival Time          0.642
+ Hold                          0.026
+ Phase Shift                   0.000
- CPPR Adjustment               0.000
+ Uncertainty                   0.020
= Required Time                 0.688
  Arrival Time                  0.926
  Slack Time                    0.238
     Clock Rise Edge                 0.000
     + Clock Network Latency (Prop)  0.642
     = Beginpoint Arrival Time       0.642
     +-----------------------------------------------------------------------------------+ 
     |          Instance           |     Arc      |  Cell   | Delay | Arrival | Required | 
     |                             |              |         |       |  Time   |   Time   | 
     |-----------------------------+--------------+---------+-------+---------+----------| 
     | datapath/IFID_instr_reg[10] | CK ^         |         |       |   0.642 |    0.403 | 
     | datapath/IFID_instr_reg[10] | CK ^ -> QN ^ | DFFR_X1 | 0.250 |   0.892 |    0.654 | 
     | datapath/g44498             | A2 ^ -> ZN v | NOR2_X1 | 0.034 |   0.926 |    0.688 | 
     | datapath/IDEX_rd_reg[3]     | D v          | DFFR_X1 | 0.000 |   0.926 |    0.688 | 
     +-----------------------------------------------------------------------------------+ 
Path 20: MET Hold Check with Pin datapath/IDEX_rd_reg[2]/CK 
Endpoint:   datapath/IDEX_rd_reg[2]/D     (v) checked with  leading edge of 
'clk'
Beginpoint: datapath/IFID_instr_reg[9]/QN (^) triggered by  leading edge of 
'clk'
Path Groups: {reg2reg}
Analysis View: RPT_SLOW
Other End Arrival Time          0.642
+ Hold                          0.026
+ Phase Shift                   0.000
- CPPR Adjustment               0.000
+ Uncertainty                   0.020
= Required Time                 0.688
  Arrival Time                  0.927
  Slack Time                    0.239
     Clock Rise Edge                 0.000
     + Clock Network Latency (Prop)  0.642
     = Beginpoint Arrival Time       0.642
     +----------------------------------------------------------------------------------+ 
     |          Instance          |     Arc      |  Cell   | Delay | Arrival | Required | 
     |                            |              |         |       |  Time   |   Time   | 
     |----------------------------+--------------+---------+-------+---------+----------| 
     | datapath/IFID_instr_reg[9] | CK ^         |         |       |   0.642 |    0.403 | 
     | datapath/IFID_instr_reg[9] | CK ^ -> QN ^ | DFFR_X1 | 0.252 |   0.894 |    0.655 | 
     | datapath/g44511            | A2 ^ -> ZN v | NOR2_X1 | 0.033 |   0.927 |    0.688 | 
     | datapath/IDEX_rd_reg[2]    | D v          | DFFR_X1 | 0.000 |   0.927 |    0.688 | 
     +----------------------------------------------------------------------------------+ 
Path 21: MET Hold Check with Pin datapath/MEMWB_regWrite_reg/CK 
Endpoint:   datapath/MEMWB_regWrite_reg/D  (v) checked with  leading edge of 
'clk'
Beginpoint: datapath/EXMEM_regWrite_reg/QN (^) triggered by  leading edge of 
'clk'
Path Groups: {reg2reg}
Analysis View: RPT_SLOW
Other End Arrival Time          0.419
+ Hold                          0.024
+ Phase Shift                   0.000
- CPPR Adjustment               0.000
+ Uncertainty                   0.020
= Required Time                 0.463
  Arrival Time                  0.703
  Slack Time                    0.239
     Clock Rise Edge                 0.000
     + Clock Network Latency (Prop)  0.418
     = Beginpoint Arrival Time       0.418
     +-----------------------------------------------------------------------------------+ 
     |          Instance           |     Arc      |  Cell   | Delay | Arrival | Required | 
     |                             |              |         |       |  Time   |   Time   | 
     |-----------------------------+--------------+---------+-------+---------+----------| 
     | datapath/EXMEM_regWrite_reg | CK ^         |         |       |   0.418 |    0.179 | 
     | datapath/EXMEM_regWrite_reg | CK ^ -> QN ^ | DFFR_X1 | 0.244 |   0.662 |    0.423 | 
     | datapath/FE_OFC247_n_2550   | A ^ -> ZN v  | INV_X2  | 0.040 |   0.703 |    0.463 | 
     | datapath/MEMWB_regWrite_reg | D v          | DFFR_X1 | 0.000 |   0.703 |    0.463 | 
     +-----------------------------------------------------------------------------------+ 
Path 22: MET Hold Check with Pin datapath/MEMWB_rd_reg[4]/CK 
Endpoint:   datapath/MEMWB_rd_reg[4]/D  (v) checked with  leading edge of 'clk'
Beginpoint: datapath/EXMEM_rd_reg[4]/QN (^) triggered by  leading edge of 'clk'
Path Groups: {reg2reg}
Analysis View: RPT_SLOW
Other End Arrival Time          0.419
+ Hold                          0.027
+ Phase Shift                   0.000
- CPPR Adjustment               0.000
+ Uncertainty                   0.020
= Required Time                 0.465
  Arrival Time                  0.708
  Slack Time                    0.242
     Clock Rise Edge                 0.000
     + Clock Network Latency (Prop)  0.329
     = Beginpoint Arrival Time       0.329
     +----------------------------------------------------------------------------------+ 
     |          Instance          |     Arc      |  Cell   | Delay | Arrival | Required | 
     |                            |              |         |       |  Time   |   Time   | 
     |----------------------------+--------------+---------+-------+---------+----------| 
     | datapath/EXMEM_rd_reg[4]   | CK ^         |         |       |   0.329 |    0.087 | 
     | datapath/EXMEM_rd_reg[4]   | CK ^ -> QN ^ | DFFR_X1 | 0.303 |   0.632 |    0.390 | 
     | datapath/FE_OFC1768_n_2555 | A ^ -> ZN v  | INV_X2  | 0.075 |   0.707 |    0.465 | 
     | datapath/MEMWB_rd_reg[4]   | D v          | DFFR_X1 | 0.001 |   0.708 |    0.465 | 
     +----------------------------------------------------------------------------------+ 
Path 23: MET Hold Check with Pin datapath/MEMWB_rd_reg[3]/CK 
Endpoint:   datapath/MEMWB_rd_reg[3]/D  (v) checked with  leading edge of 'clk'
Beginpoint: datapath/EXMEM_rd_reg[3]/QN (^) triggered by  leading edge of 'clk'
Path Groups: {reg2reg}
Analysis View: RPT_SLOW
Other End Arrival Time          0.419
+ Hold                          0.027
+ Phase Shift                   0.000
- CPPR Adjustment               0.000
+ Uncertainty                   0.020
= Required Time                 0.466
  Arrival Time                  0.711
  Slack Time                    0.245
     Clock Rise Edge                 0.000
     + Clock Network Latency (Prop)  0.329
     = Beginpoint Arrival Time       0.329
     +--------------------------------------------------------------------------------------+ 
     |            Instance            |     Arc      |  Cell   | Delay | Arrival | Required | 
     |                                |              |         |       |  Time   |   Time   | 
     |--------------------------------+--------------+---------+-------+---------+----------| 
     | datapath/EXMEM_rd_reg[3]       | CK ^         |         |       |   0.329 |    0.084 | 
     | datapath/EXMEM_rd_reg[3]       | CK ^ -> QN ^ | DFFR_X1 | 0.299 |   0.628 |    0.383 | 
     | datapath/FE_OCPC292_EXMEM_rd_3 | A ^ -> ZN v  | INV_X1  | 0.083 |   0.711 |    0.466 | 
     | datapath/MEMWB_rd_reg[3]       | D v          | DFFR_X1 | 0.000 |   0.711 |    0.466 | 
     +--------------------------------------------------------------------------------------+ 
Path 24: MET Hold Check with Pin datapath/EXMEM_memWrite_reg/CK 
Endpoint:   datapath/EXMEM_memWrite_reg/D (v) checked with  leading edge of 
'clk'
Beginpoint: datapath/IDEX_memWrite_reg/Q  (v) triggered by  leading edge of 
'clk'
Path Groups: {reg2reg}
Analysis View: RPT_SLOW
Other End Arrival Time          0.639
+ Hold                          0.026
+ Phase Shift                   0.000
- CPPR Adjustment               0.000
+ Uncertainty                   0.020
= Required Time                 0.685
  Arrival Time                  0.933
  Slack Time                    0.248
     Clock Rise Edge                 0.000
     + Clock Network Latency (Prop)  0.642
     = Beginpoint Arrival Time       0.642
     +----------------------------------------------------------------------------------+ 
     |          Instance           |     Arc     |  Cell   | Delay | Arrival | Required | 
     |                             |             |         |       |  Time   |   Time   | 
     |-----------------------------+-------------+---------+-------+---------+----------| 
     | datapath/IDEX_memWrite_reg  | CK ^        |         |       |   0.642 |    0.393 | 
     | datapath/IDEX_memWrite_reg  | CK ^ -> Q v | DFFR_X1 | 0.291 |   0.933 |    0.685 | 
     | datapath/EXMEM_memWrite_reg | D v         | DFFR_X1 | 0.000 |   0.933 |    0.685 | 
     +----------------------------------------------------------------------------------+ 
Path 25: MET Hold Check with Pin datapath/IFID_instr_reg[18]/CK 
Endpoint:   datapath/IFID_instr_reg[18]/D  (v) checked with  leading edge of 
'clk'
Beginpoint: datapath/IFID_instr_reg[18]/QN (^) triggered by  leading edge of 
'clk'
Path Groups: {reg2reg}
Analysis View: RPT_SLOW
Other End Arrival Time          0.618
+ Hold                          0.025
+ Phase Shift                   0.000
- CPPR Adjustment               0.000
+ Uncertainty                   0.020
= Required Time                 0.663
  Arrival Time                  0.915
  Slack Time                    0.252
     Clock Rise Edge                 0.000
     + Clock Network Latency (Prop)  0.617
     = Beginpoint Arrival Time       0.617
     +------------------------------------------------------------------------------------+ 
     |          Instance           |     Arc      |   Cell   | Delay | Arrival | Required | 
     |                             |              |          |       |  Time   |   Time   | 
     |-----------------------------+--------------+----------+-------+---------+----------| 
     | datapath/IFID_instr_reg[18] | CK ^         |          |       |   0.617 |    0.365 | 
     | datapath/IFID_instr_reg[18] | CK ^ -> QN ^ | DFFR_X1  | 0.247 |   0.865 |    0.612 | 
     | datapath/g44305             | B2 ^ -> ZN v | OAI22_X1 | 0.051 |   0.915 |    0.663 | 
     | datapath/IFID_instr_reg[18] | D v          | DFFR_X1  | 0.000 |   0.915 |    0.663 | 
     +------------------------------------------------------------------------------------+ 
Path 26: MET Hold Check with Pin datapath/IFID_instr_reg[7]/CK 
Endpoint:   datapath/IFID_instr_reg[7]/D  (v) checked with  leading edge of 
'clk'
Beginpoint: datapath/IFID_instr_reg[7]/QN (^) triggered by  leading edge of 
'clk'
Path Groups: {reg2reg}
Analysis View: RPT_SLOW
Other End Arrival Time          0.642
+ Hold                          0.026
+ Phase Shift                   0.000
- CPPR Adjustment               0.000
+ Uncertainty                   0.020
= Required Time                 0.688
  Arrival Time                  0.940
  Slack Time                    0.252
     Clock Rise Edge                 0.000
     + Clock Network Latency (Prop)  0.642
     = Beginpoint Arrival Time       0.642
     +-----------------------------------------------------------------------------------+ 
     |          Instance          |     Arc      |   Cell   | Delay | Arrival | Required | 
     |                            |              |          |       |  Time   |   Time   | 
     |----------------------------+--------------+----------+-------+---------+----------| 
     | datapath/IFID_instr_reg[7] | CK ^         |          |       |   0.642 |    0.390 | 
     | datapath/IFID_instr_reg[7] | CK ^ -> QN ^ | DFFR_X1  | 0.248 |   0.889 |    0.637 | 
     | datapath/g44307            | B2 ^ -> ZN v | OAI22_X1 | 0.051 |   0.940 |    0.688 | 
     | datapath/IFID_instr_reg[7] | D v          | DFFR_X1  | 0.000 |   0.940 |    0.688 | 
     +-----------------------------------------------------------------------------------+ 
Path 27: MET Hold Check with Pin datapath/IFID_instr_reg[1]/CK 
Endpoint:   datapath/IFID_instr_reg[1]/D  (v) checked with  leading edge of 
'clk'
Beginpoint: datapath/IFID_instr_reg[1]/QN (^) triggered by  leading edge of 
'clk'
Path Groups: {reg2reg}
Analysis View: RPT_SLOW
Other End Arrival Time          0.642
+ Hold                          0.026
+ Phase Shift                   0.000
- CPPR Adjustment               0.000
+ Uncertainty                   0.020
= Required Time                 0.688
  Arrival Time                  0.940
  Slack Time                    0.252
     Clock Rise Edge                 0.000
     + Clock Network Latency (Prop)  0.642
     = Beginpoint Arrival Time       0.642
     +-----------------------------------------------------------------------------------+ 
     |          Instance          |     Arc      |   Cell   | Delay | Arrival | Required | 
     |                            |              |          |       |  Time   |   Time   | 
     |----------------------------+--------------+----------+-------+---------+----------| 
     | datapath/IFID_instr_reg[1] | CK ^         |          |       |   0.642 |    0.389 | 
     | datapath/IFID_instr_reg[1] | CK ^ -> QN ^ | DFFR_X1  | 0.248 |   0.890 |    0.637 | 
     | datapath/g44311            | B2 ^ -> ZN v | OAI22_X1 | 0.050 |   0.940 |    0.688 | 
     | datapath/IFID_instr_reg[1] | D v          | DFFR_X1  | 0.000 |   0.940 |    0.688 | 
     +-----------------------------------------------------------------------------------+ 
Path 28: MET Hold Check with Pin datapath/IFID_instr_reg[16]/CK 
Endpoint:   datapath/IFID_instr_reg[16]/D  (v) checked with  leading edge of 
'clk'
Beginpoint: datapath/IFID_instr_reg[16]/QN (^) triggered by  leading edge of 
'clk'
Path Groups: {reg2reg}
Analysis View: RPT_SLOW
Other End Arrival Time          0.642
+ Hold                          0.026
+ Phase Shift                   0.000
- CPPR Adjustment               0.000
+ Uncertainty                   0.020
= Required Time                 0.688
  Arrival Time                  0.940
  Slack Time                    0.252
     Clock Rise Edge                 0.000
     + Clock Network Latency (Prop)  0.642
     = Beginpoint Arrival Time       0.642
     +------------------------------------------------------------------------------------+ 
     |          Instance           |     Arc      |   Cell   | Delay | Arrival | Required | 
     |                             |              |          |       |  Time   |   Time   | 
     |-----------------------------+--------------+----------+-------+---------+----------| 
     | datapath/IFID_instr_reg[16] | CK ^         |          |       |   0.642 |    0.390 | 
     | datapath/IFID_instr_reg[16] | CK ^ -> QN ^ | DFFR_X1  | 0.247 |   0.889 |    0.637 | 
     | datapath/g44318             | B2 ^ -> ZN v | OAI22_X1 | 0.051 |   0.940 |    0.688 | 
     | datapath/IFID_instr_reg[16] | D v          | DFFR_X1  | 0.000 |   0.940 |    0.688 | 
     +------------------------------------------------------------------------------------+ 
Path 29: MET Hold Check with Pin datapath/MEMWB_memToReg_reg/CK 
Endpoint:   datapath/MEMWB_memToReg_reg/D (v) checked with  leading edge of 
'clk'
Beginpoint: datapath/EXMEM_memRead_reg/Q  (v) triggered by  leading edge of 
'clk'
Path Groups: {reg2reg}
Analysis View: RPT_SLOW
Other End Arrival Time          0.614
+ Hold                          0.025
+ Phase Shift                   0.000
- CPPR Adjustment               0.000
+ Uncertainty                   0.020
= Required Time                 0.659
  Arrival Time                  0.911
  Slack Time                    0.252
     Clock Rise Edge                 0.000
     + Clock Network Latency (Prop)  0.613
     = Beginpoint Arrival Time       0.613
     +----------------------------------------------------------------------------------+ 
     |          Instance           |     Arc     |  Cell   | Delay | Arrival | Required | 
     |                             |             |         |       |  Time   |   Time   | 
     |-----------------------------+-------------+---------+-------+---------+----------| 
     | datapath/EXMEM_memRead_reg  | CK ^        |         |       |   0.613 |    0.361 | 
     | datapath/EXMEM_memRead_reg  | CK ^ -> Q v | DFFR_X1 | 0.298 |   0.911 |    0.659 | 
     | datapath/MEMWB_memToReg_reg | D v         | DFFR_X1 | 0.000 |   0.911 |    0.659 | 
     +----------------------------------------------------------------------------------+ 
Path 30: MET Hold Check with Pin datapath/IFID_instr_reg[0]/CK 
Endpoint:   datapath/IFID_instr_reg[0]/D  (v) checked with  leading edge of 
'clk'
Beginpoint: datapath/IFID_instr_reg[0]/QN (^) triggered by  leading edge of 
'clk'
Path Groups: {reg2reg}
Analysis View: RPT_SLOW
Other End Arrival Time          0.639
+ Hold                          0.025
+ Phase Shift                   0.000
- CPPR Adjustment               0.000
+ Uncertainty                   0.020
= Required Time                 0.684
  Arrival Time                  0.937
  Slack Time                    0.253
     Clock Rise Edge                 0.000
     + Clock Network Latency (Prop)  0.639
     = Beginpoint Arrival Time       0.639
     +-----------------------------------------------------------------------------------+ 
     |          Instance          |     Arc      |   Cell   | Delay | Arrival | Required | 
     |                            |              |          |       |  Time   |   Time   | 
     |----------------------------+--------------+----------+-------+---------+----------| 
     | datapath/IFID_instr_reg[0] | CK ^         |          |       |   0.639 |    0.386 | 
     | datapath/IFID_instr_reg[0] | CK ^ -> QN ^ | DFFR_X1  | 0.246 |   0.885 |    0.632 | 
     | datapath/g44289            | B2 ^ -> ZN v | OAI22_X1 | 0.052 |   0.937 |    0.684 | 
     | datapath/IFID_instr_reg[0] | D v          | DFFR_X1  | 0.000 |   0.937 |    0.684 | 
     +-----------------------------------------------------------------------------------+ 
Path 31: MET Hold Check with Pin datapath/IFID_instr_reg[19]/CK 
Endpoint:   datapath/IFID_instr_reg[19]/D  (v) checked with  leading edge of 
'clk'
Beginpoint: datapath/IFID_instr_reg[19]/QN (^) triggered by  leading edge of 
'clk'
Path Groups: {reg2reg}
Analysis View: RPT_SLOW
Other End Arrival Time          0.642
+ Hold                          0.026
+ Phase Shift                   0.000
- CPPR Adjustment               0.000
+ Uncertainty                   0.020
= Required Time                 0.688
  Arrival Time                  0.942
  Slack Time                    0.254
     Clock Rise Edge                 0.000
     + Clock Network Latency (Prop)  0.642
     = Beginpoint Arrival Time       0.642
     +------------------------------------------------------------------------------------+ 
     |          Instance           |     Arc      |   Cell   | Delay | Arrival | Required | 
     |                             |              |          |       |  Time   |   Time   | 
     |-----------------------------+--------------+----------+-------+---------+----------| 
     | datapath/IFID_instr_reg[19] | CK ^         |          |       |   0.642 |    0.388 | 
     | datapath/IFID_instr_reg[19] | CK ^ -> QN ^ | DFFR_X1  | 0.249 |   0.891 |    0.637 | 
     | datapath/g44304             | B2 ^ -> ZN v | OAI22_X1 | 0.051 |   0.942 |    0.688 | 
     | datapath/IFID_instr_reg[19] | D v          | DFFR_X1  | 0.000 |   0.942 |    0.688 | 
     +------------------------------------------------------------------------------------+ 
Path 32: MET Hold Check with Pin datapath/IFID_instr_reg[10]/CK 
Endpoint:   datapath/IFID_instr_reg[10]/D  (v) checked with  leading edge of 
'clk'
Beginpoint: datapath/IFID_instr_reg[10]/QN (^) triggered by  leading edge of 
'clk'
Path Groups: {reg2reg}
Analysis View: RPT_SLOW
Other End Arrival Time          0.642
+ Hold                          0.026
+ Phase Shift                   0.000
- CPPR Adjustment               0.000
+ Uncertainty                   0.020
= Required Time                 0.688
  Arrival Time                  0.944
  Slack Time                    0.256
     Clock Rise Edge                 0.000
     + Clock Network Latency (Prop)  0.642
     = Beginpoint Arrival Time       0.642
     +------------------------------------------------------------------------------------+ 
     |          Instance           |     Arc      |   Cell   | Delay | Arrival | Required | 
     |                             |              |          |       |  Time   |   Time   | 
     |-----------------------------+--------------+----------+-------+---------+----------| 
     | datapath/IFID_instr_reg[10] | CK ^         |          |       |   0.642 |    0.385 | 
     | datapath/IFID_instr_reg[10] | CK ^ -> QN ^ | DFFR_X1  | 0.250 |   0.892 |    0.636 | 
     | datapath/g44310             | B2 ^ -> ZN v | OAI22_X1 | 0.052 |   0.944 |    0.688 | 
     | datapath/IFID_instr_reg[10] | D v          | DFFR_X1  | 0.000 |   0.944 |    0.688 | 
     +------------------------------------------------------------------------------------+ 
Path 33: MET Hold Check with Pin datapath/IFID_instr_reg[9]/CK 
Endpoint:   datapath/IFID_instr_reg[9]/D  (v) checked with  leading edge of 
'clk'
Beginpoint: datapath/IFID_instr_reg[9]/QN (^) triggered by  leading edge of 
'clk'
Path Groups: {reg2reg}
Analysis View: RPT_SLOW
Other End Arrival Time          0.642
+ Hold                          0.026
+ Phase Shift                   0.000
- CPPR Adjustment               0.000
+ Uncertainty                   0.020
= Required Time                 0.688
  Arrival Time                  0.946
  Slack Time                    0.259
     Clock Rise Edge                 0.000
     + Clock Network Latency (Prop)  0.642
     = Beginpoint Arrival Time       0.642
     +-----------------------------------------------------------------------------------+ 
     |          Instance          |     Arc      |   Cell   | Delay | Arrival | Required | 
     |                            |              |          |       |  Time   |   Time   | 
     |----------------------------+--------------+----------+-------+---------+----------| 
     | datapath/IFID_instr_reg[9] | CK ^         |          |       |   0.642 |    0.383 | 
     | datapath/IFID_instr_reg[9] | CK ^ -> QN ^ | DFFR_X1  | 0.252 |   0.894 |    0.635 | 
     | datapath/g44288            | B2 ^ -> ZN v | OAI22_X1 | 0.053 |   0.946 |    0.688 | 
     | datapath/IFID_instr_reg[9] | D v          | DFFR_X1  | 0.000 |   0.946 |    0.688 | 
     +-----------------------------------------------------------------------------------+ 
Path 34: MET Hold Check with Pin datapath/IFID_instr_reg[8]/CK 
Endpoint:   datapath/IFID_instr_reg[8]/D  (v) checked with  leading edge of 
'clk'
Beginpoint: datapath/IFID_instr_reg[8]/QN (^) triggered by  leading edge of 
'clk'
Path Groups: {reg2reg}
Analysis View: RPT_SLOW
Other End Arrival Time          0.639
+ Hold                          0.025
+ Phase Shift                   0.000
- CPPR Adjustment               0.000
+ Uncertainty                   0.020
= Required Time                 0.684
  Arrival Time                  0.943
  Slack Time                    0.259
     Clock Rise Edge                 0.000
     + Clock Network Latency (Prop)  0.639
     = Beginpoint Arrival Time       0.639
     +-----------------------------------------------------------------------------------+ 
     |          Instance          |     Arc      |   Cell   | Delay | Arrival | Required | 
     |                            |              |          |       |  Time   |   Time   | 
     |----------------------------+--------------+----------+-------+---------+----------| 
     | datapath/IFID_instr_reg[8] | CK ^         |          |       |   0.639 |    0.380 | 
     | datapath/IFID_instr_reg[8] | CK ^ -> QN ^ | DFFR_X1  | 0.252 |   0.891 |    0.632 | 
     | datapath/g44296            | B2 ^ -> ZN v | OAI22_X1 | 0.052 |   0.943 |    0.684 | 
     | datapath/IFID_instr_reg[8] | D v          | DFFR_X1  | 0.000 |   0.943 |    0.684 | 
     +-----------------------------------------------------------------------------------+ 
Path 35: MET Hold Check with Pin datapath/EXMEM_memRead_reg/CK 
Endpoint:   datapath/EXMEM_memRead_reg/D (v) checked with  leading edge of 'clk'
Beginpoint: datapath/IDEX_memRead_reg/Q  (v) triggered by  leading edge of 'clk'
Path Groups: {reg2reg}
Analysis View: RPT_SLOW
Other End Arrival Time          0.614
+ Hold                          0.026
+ Phase Shift                   0.000
- CPPR Adjustment               0.000
+ Uncertainty                   0.020
= Required Time                 0.659
  Arrival Time                  0.921
  Slack Time                    0.261
     Clock Rise Edge                 0.000
     + Clock Network Latency (Prop)  0.617
     = Beginpoint Arrival Time       0.617
     +---------------------------------------------------------------------------------+ 
     |          Instance          |     Arc     |  Cell   | Delay | Arrival | Required | 
     |                            |             |         |       |  Time   |   Time   | 
     |----------------------------+-------------+---------+-------+---------+----------| 
     | datapath/IDEX_memRead_reg  | CK ^        |         |       |   0.617 |    0.356 | 
     | datapath/IDEX_memRead_reg  | CK ^ -> Q v | DFFR_X1 | 0.303 |   0.921 |    0.659 | 
     | datapath/EXMEM_memRead_reg | D v         | DFFR_X1 | 0.000 |   0.921 |    0.659 | 
     +---------------------------------------------------------------------------------+ 
Path 36: MET Hold Check with Pin datapath/IFID_instr_reg[11]/CK 
Endpoint:   datapath/IFID_instr_reg[11]/D  (v) checked with  leading edge of 
'clk'
Beginpoint: datapath/IFID_instr_reg[11]/QN (^) triggered by  leading edge of 
'clk'
Path Groups: {reg2reg}
Analysis View: RPT_SLOW
Other End Arrival Time          0.618
+ Hold                          0.025
+ Phase Shift                   0.000
- CPPR Adjustment               0.000
+ Uncertainty                   0.020
= Required Time                 0.663
  Arrival Time                  0.925
  Slack Time                    0.262
     Clock Rise Edge                 0.000
     + Clock Network Latency (Prop)  0.617
     = Beginpoint Arrival Time       0.617
     +------------------------------------------------------------------------------------+ 
     |          Instance           |     Arc      |   Cell   | Delay | Arrival | Required | 
     |                             |              |          |       |  Time   |   Time   | 
     |-----------------------------+--------------+----------+-------+---------+----------| 
     | datapath/IFID_instr_reg[11] | CK ^         |          |       |   0.617 |    0.356 | 
     | datapath/IFID_instr_reg[11] | CK ^ -> QN ^ | DFFR_X1  | 0.255 |   0.872 |    0.610 | 
     | datapath/g44309             | B2 ^ -> ZN v | OAI22_X1 | 0.053 |   0.925 |    0.663 | 
     | datapath/IFID_instr_reg[11] | D v          | DFFR_X1  | 0.000 |   0.925 |    0.663 | 
     +------------------------------------------------------------------------------------+ 
Path 37: MET Hold Check with Pin datapath/MEMWB_aluResult_reg[6]/CK 
Endpoint:   datapath/MEMWB_aluResult_reg[6]/D (v) checked with  leading edge of 
'clk'
Beginpoint: datapath/EXMEM_aluResult_reg[6]/Q (v) triggered by  leading edge of 
'clk'
Path Groups: {reg2reg}
Analysis View: RPT_SLOW
Other End Arrival Time          0.647
+ Hold                          0.028
+ Phase Shift                   0.000
- CPPR Adjustment               0.000
+ Uncertainty                   0.020
= Required Time                 0.696
  Arrival Time                  0.965
  Slack Time                    0.269
     Clock Rise Edge                 0.000
     + Clock Network Latency (Prop)  0.647
     = Beginpoint Arrival Time       0.647
     +--------------------------------------------------------------------------------------+ 
     |            Instance             |     Arc     |  Cell   | Delay | Arrival | Required | 
     |                                 |             |         |       |  Time   |   Time   | 
     |---------------------------------+-------------+---------+-------+---------+----------| 
     | datapath/EXMEM_aluResult_reg[6] | CK ^        |         |       |   0.647 |    0.378 | 
     | datapath/EXMEM_aluResult_reg[6] | CK ^ -> Q v | DFFR_X1 | 0.318 |   0.965 |    0.696 | 
     | datapath/MEMWB_aluResult_reg[6] | D v         | DFFR_X1 | 0.000 |   0.965 |    0.696 | 
     +--------------------------------------------------------------------------------------+ 
Path 38: MET Hold Check with Pin datapath/MEMWB_aluResult_reg[8]/CK 
Endpoint:   datapath/MEMWB_aluResult_reg[8]/D (v) checked with  leading edge of 
'clk'
Beginpoint: datapath/EXMEM_aluResult_reg[8]/Q (v) triggered by  leading edge of 
'clk'
Path Groups: {reg2reg}
Analysis View: RPT_SLOW
Other End Arrival Time          0.614
+ Hold                          0.027
+ Phase Shift                   0.000
- CPPR Adjustment               0.000
+ Uncertainty                   0.020
= Required Time                 0.661
  Arrival Time                  0.930
  Slack Time                    0.269
     Clock Rise Edge                 0.000
     + Clock Network Latency (Prop)  0.613
     = Beginpoint Arrival Time       0.613
     +--------------------------------------------------------------------------------------+ 
     |            Instance             |     Arc     |  Cell   | Delay | Arrival | Required | 
     |                                 |             |         |       |  Time   |   Time   | 
     |---------------------------------+-------------+---------+-------+---------+----------| 
     | datapath/EXMEM_aluResult_reg[8] | CK ^        |         |       |   0.613 |    0.344 | 
     | datapath/EXMEM_aluResult_reg[8] | CK ^ -> Q v | DFFR_X1 | 0.316 |   0.930 |    0.661 | 
     | datapath/MEMWB_aluResult_reg[8] | D v         | DFFR_X1 | 0.000 |   0.930 |    0.661 | 
     +--------------------------------------------------------------------------------------+ 
Path 39: MET Hold Check with Pin datapath/MEMWB_aluResult_reg[11]/CK 
Endpoint:   datapath/MEMWB_aluResult_reg[11]/D (v) checked with  leading edge 
of 'clk'
Beginpoint: datapath/EXMEM_aluResult_reg[11]/Q (v) triggered by  leading edge 
of 'clk'
Path Groups: {reg2reg}
Analysis View: RPT_SLOW
Other End Arrival Time          0.614
+ Hold                          0.027
+ Phase Shift                   0.000
- CPPR Adjustment               0.000
+ Uncertainty                   0.020
= Required Time                 0.661
  Arrival Time                  0.931
  Slack Time                    0.270
     Clock Rise Edge                 0.000
     + Clock Network Latency (Prop)  0.609
     = Beginpoint Arrival Time       0.609
     +---------------------------------------------------------------------------------------+ 
     |             Instance             |     Arc     |  Cell   | Delay | Arrival | Required | 
     |                                  |             |         |       |  Time   |   Time   | 
     |----------------------------------+-------------+---------+-------+---------+----------| 
     | datapath/EXMEM_aluResult_reg[11] | CK ^        |         |       |   0.609 |    0.339 | 
     | datapath/EXMEM_aluResult_reg[11] | CK ^ -> Q v | DFFR_X1 | 0.322 |   0.931 |    0.660 | 
     | datapath/MEMWB_aluResult_reg[11] | D v         | DFFR_X1 | 0.001 |   0.931 |    0.661 | 
     +---------------------------------------------------------------------------------------+ 
Path 40: MET Hold Check with Pin datapath/MEMWB_aluResult_reg[10]/CK 
Endpoint:   datapath/MEMWB_aluResult_reg[10]/D  (v) checked with  leading edge 
of 'clk'
Beginpoint: datapath/EXMEM_aluResult_reg[10]/QN (^) triggered by  leading edge 
of 'clk'
Path Groups: {reg2reg}
Analysis View: RPT_SLOW
Other End Arrival Time          0.614
+ Hold                          0.026
+ Phase Shift                   0.000
- CPPR Adjustment               0.000
+ Uncertainty                   0.020
= Required Time                 0.659
  Arrival Time                  0.931
  Slack Time                    0.272
     Clock Rise Edge                 0.000
     + Clock Network Latency (Prop)  0.614
     = Beginpoint Arrival Time       0.614
     +----------------------------------------------------------------------------------------+ 
     |             Instance             |     Arc      |  Cell   | Delay | Arrival | Required | 
     |                                  |              |         |       |  Time   |   Time   | 
     |----------------------------------+--------------+---------+-------+---------+----------| 
     | datapath/EXMEM_aluResult_reg[10] | CK ^         |         |       |   0.614 |    0.342 | 
     | datapath/EXMEM_aluResult_reg[10] | CK ^ -> QN ^ | DFFR_X1 | 0.262 |   0.875 |    0.604 | 
     | datapath/g44590                  | A ^ -> ZN v  | INV_X1  | 0.056 |   0.931 |    0.659 | 
     | datapath/MEMWB_aluResult_reg[10] | D v          | DFFR_X1 | 0.000 |   0.931 |    0.659 | 
     +----------------------------------------------------------------------------------------+ 
Path 41: MET Hold Check with Pin datapath/MEMWB_aluResult_reg[7]/CK 
Endpoint:   datapath/MEMWB_aluResult_reg[7]/D (v) checked with  leading edge of 
'clk'
Beginpoint: datapath/EXMEM_aluResult_reg[7]/Q (v) triggered by  leading edge of 
'clk'
Path Groups: {reg2reg}
Analysis View: RPT_SLOW
Other End Arrival Time          0.614
+ Hold                          0.027
+ Phase Shift                   0.000
- CPPR Adjustment               0.000
+ Uncertainty                   0.020
= Required Time                 0.661
  Arrival Time                  0.936
  Slack Time                    0.275
     Clock Rise Edge                 0.000
     + Clock Network Latency (Prop)  0.613
     = Beginpoint Arrival Time       0.613
     +--------------------------------------------------------------------------------------+ 
     |            Instance             |     Arc     |  Cell   | Delay | Arrival | Required | 
     |                                 |             |         |       |  Time   |   Time   | 
     |---------------------------------+-------------+---------+-------+---------+----------| 
     | datapath/EXMEM_aluResult_reg[7] | CK ^        |         |       |   0.613 |    0.339 | 
     | datapath/EXMEM_aluResult_reg[7] | CK ^ -> Q v | DFFR_X1 | 0.322 |   0.936 |    0.661 | 
     | datapath/MEMWB_aluResult_reg[7] | D v         | DFFR_X1 | 0.000 |   0.936 |    0.661 | 
     +--------------------------------------------------------------------------------------+ 
Path 42: MET Hold Check with Pin datapath/MEMWB_aluResult_reg[14]/CK 
Endpoint:   datapath/MEMWB_aluResult_reg[14]/D (v) checked with  leading edge 
of 'clk'
Beginpoint: datapath/EXMEM_aluResult_reg[14]/Q (v) triggered by  leading edge 
of 'clk'
Path Groups: {reg2reg}
Analysis View: RPT_SLOW
Other End Arrival Time          0.639
+ Hold                          0.026
+ Phase Shift                   0.000
- CPPR Adjustment               0.000
+ Uncertainty                   0.020
= Required Time                 0.685
  Arrival Time                  0.960
  Slack Time                    0.275
     Clock Rise Edge                 0.000
     + Clock Network Latency (Prop)  0.637
     = Beginpoint Arrival Time       0.637
     +---------------------------------------------------------------------------------------+ 
     |             Instance             |     Arc     |  Cell   | Delay | Arrival | Required | 
     |                                  |             |         |       |  Time   |   Time   | 
     |----------------------------------+-------------+---------+-------+---------+----------| 
     | datapath/EXMEM_aluResult_reg[14] | CK ^        |         |       |   0.637 |    0.362 | 
     | datapath/EXMEM_aluResult_reg[14] | CK ^ -> Q v | DFFR_X1 | 0.323 |   0.960 |    0.685 | 
     | datapath/MEMWB_aluResult_reg[14] | D v         | DFFR_X1 | 0.000 |   0.960 |    0.685 | 
     +---------------------------------------------------------------------------------------+ 
Path 43: MET Hold Check with Pin datapath/MEMWB_aluResult_reg[31]/CK 
Endpoint:   datapath/MEMWB_aluResult_reg[31]/D (v) checked with  leading edge 
of 'clk'
Beginpoint: datapath/EXMEM_aluResult_reg[31]/Q (v) triggered by  leading edge 
of 'clk'
Path Groups: {reg2reg}
Analysis View: RPT_SLOW
Other End Arrival Time          0.638
+ Hold                          0.026
+ Phase Shift                   0.000
- CPPR Adjustment               0.000
+ Uncertainty                   0.020
= Required Time                 0.684
  Arrival Time                  0.959
  Slack Time                    0.275
     Clock Rise Edge                 0.000
     + Clock Network Latency (Prop)  0.642
     = Beginpoint Arrival Time       0.642
     +---------------------------------------------------------------------------------------+ 
     |             Instance             |     Arc     |  Cell   | Delay | Arrival | Required | 
     |                                  |             |         |       |  Time   |   Time   | 
     |----------------------------------+-------------+---------+-------+---------+----------| 
     | datapath/EXMEM_aluResult_reg[31] | CK ^        |         |       |   0.642 |    0.367 | 
     | datapath/EXMEM_aluResult_reg[31] | CK ^ -> Q v | DFFR_X1 | 0.317 |   0.959 |    0.684 | 
     | datapath/MEMWB_aluResult_reg[31] | D v         | DFFR_X1 | 0.000 |   0.959 |    0.684 | 
     +---------------------------------------------------------------------------------------+ 
Path 44: MET Hold Check with Pin datapath/MEMWB_aluResult_reg[15]/CK 
Endpoint:   datapath/MEMWB_aluResult_reg[15]/D (v) checked with  leading edge 
of 'clk'
Beginpoint: datapath/EXMEM_aluResult_reg[15]/Q (v) triggered by  leading edge 
of 'clk'
Path Groups: {reg2reg}
Analysis View: RPT_SLOW
Other End Arrival Time          0.634
+ Hold                          0.025
+ Phase Shift                   0.000
- CPPR Adjustment               0.000
+ Uncertainty                   0.020
= Required Time                 0.679
  Arrival Time                  0.954
  Slack Time                    0.275
     Clock Rise Edge                 0.000
     + Clock Network Latency (Prop)  0.634
     = Beginpoint Arrival Time       0.634
     +---------------------------------------------------------------------------------------+ 
     |             Instance             |     Arc     |  Cell   | Delay | Arrival | Required | 
     |                                  |             |         |       |  Time   |   Time   | 
     |----------------------------------+-------------+---------+-------+---------+----------| 
     | datapath/EXMEM_aluResult_reg[15] | CK ^        |         |       |   0.634 |    0.359 | 
     | datapath/EXMEM_aluResult_reg[15] | CK ^ -> Q v | DFFR_X1 | 0.320 |   0.953 |    0.678 | 
     | datapath/MEMWB_aluResult_reg[15] | D v         | DFFR_X1 | 0.000 |   0.954 |    0.679 | 
     +---------------------------------------------------------------------------------------+ 
Path 45: MET Hold Check with Pin datapath/MEMWB_aluResult_reg[12]/CK 
Endpoint:   datapath/MEMWB_aluResult_reg[12]/D (v) checked with  leading edge 
of 'clk'
Beginpoint: datapath/EXMEM_aluResult_reg[12]/Q (v) triggered by  leading edge 
of 'clk'
Path Groups: {reg2reg}
Analysis View: RPT_SLOW
Other End Arrival Time          0.639
+ Hold                          0.026
+ Phase Shift                   0.000
- CPPR Adjustment               0.000
+ Uncertainty                   0.020
= Required Time                 0.685
  Arrival Time                  0.960
  Slack Time                    0.275
     Clock Rise Edge                 0.000
     + Clock Network Latency (Prop)  0.637
     = Beginpoint Arrival Time       0.637
     +---------------------------------------------------------------------------------------+ 
     |             Instance             |     Arc     |  Cell   | Delay | Arrival | Required | 
     |                                  |             |         |       |  Time   |   Time   | 
     |----------------------------------+-------------+---------+-------+---------+----------| 
     | datapath/EXMEM_aluResult_reg[12] | CK ^        |         |       |   0.637 |    0.362 | 
     | datapath/EXMEM_aluResult_reg[12] | CK ^ -> Q v | DFFR_X1 | 0.323 |   0.960 |    0.685 | 
     | datapath/MEMWB_aluResult_reg[12] | D v         | DFFR_X1 | 0.000 |   0.960 |    0.685 | 
     +---------------------------------------------------------------------------------------+ 
Path 46: MET Hold Check with Pin datapath/MEMWB_aluResult_reg[19]/CK 
Endpoint:   datapath/MEMWB_aluResult_reg[19]/D (v) checked with  leading edge 
of 'clk'
Beginpoint: datapath/EXMEM_aluResult_reg[19]/Q (v) triggered by  leading edge 
of 'clk'
Path Groups: {reg2reg}
Analysis View: RPT_SLOW
Other End Arrival Time          0.607
+ Hold                          0.025
+ Phase Shift                   0.000
- CPPR Adjustment               0.000
+ Uncertainty                   0.020
= Required Time                 0.652
  Arrival Time                  0.928
  Slack Time                    0.276
     Clock Rise Edge                 0.000
     + Clock Network Latency (Prop)  0.609
     = Beginpoint Arrival Time       0.609
     +---------------------------------------------------------------------------------------+ 
     |             Instance             |     Arc     |  Cell   | Delay | Arrival | Required | 
     |                                  |             |         |       |  Time   |   Time   | 
     |----------------------------------+-------------+---------+-------+---------+----------| 
     | datapath/EXMEM_aluResult_reg[19] | CK ^        |         |       |   0.609 |    0.333 | 
     | datapath/EXMEM_aluResult_reg[19] | CK ^ -> Q v | DFFR_X1 | 0.319 |   0.928 |    0.652 | 
     | datapath/MEMWB_aluResult_reg[19] | D v         | DFFR_X1 | 0.000 |   0.928 |    0.652 | 
     +---------------------------------------------------------------------------------------+ 
Path 47: MET Hold Check with Pin datapath/MEMWB_aluResult_reg[18]/CK 
Endpoint:   datapath/MEMWB_aluResult_reg[18]/D (v) checked with  leading edge 
of 'clk'
Beginpoint: datapath/EXMEM_aluResult_reg[18]/Q (v) triggered by  leading edge 
of 'clk'
Path Groups: {reg2reg}
Analysis View: RPT_SLOW
Other End Arrival Time          0.638
+ Hold                          0.026
+ Phase Shift                   0.000
- CPPR Adjustment               0.000
+ Uncertainty                   0.020
= Required Time                 0.684
  Arrival Time                  0.959
  Slack Time                    0.276
     Clock Rise Edge                 0.000
     + Clock Network Latency (Prop)  0.638
     = Beginpoint Arrival Time       0.638
     +---------------------------------------------------------------------------------------+ 
     |             Instance             |     Arc     |  Cell   | Delay | Arrival | Required | 
     |                                  |             |         |       |  Time   |   Time   | 
     |----------------------------------+-------------+---------+-------+---------+----------| 
     | datapath/EXMEM_aluResult_reg[18] | CK ^        |         |       |   0.638 |    0.362 | 
     | datapath/EXMEM_aluResult_reg[18] | CK ^ -> Q v | DFFR_X1 | 0.322 |   0.959 |    0.684 | 
     | datapath/MEMWB_aluResult_reg[18] | D v         | DFFR_X1 | 0.000 |   0.959 |    0.684 | 
     +---------------------------------------------------------------------------------------+ 
Path 48: MET Hold Check with Pin datapath/MEMWB_aluResult_reg[23]/CK 
Endpoint:   datapath/MEMWB_aluResult_reg[23]/D (v) checked with  leading edge 
of 'clk'
Beginpoint: datapath/EXMEM_aluResult_reg[23]/Q (v) triggered by  leading edge 
of 'clk'
Path Groups: {reg2reg}
Analysis View: RPT_SLOW
Other End Arrival Time          0.638
+ Hold                          0.026
+ Phase Shift                   0.000
- CPPR Adjustment               0.000
+ Uncertainty                   0.020
= Required Time                 0.684
  Arrival Time                  0.960
  Slack Time                    0.276
     Clock Rise Edge                 0.000
     + Clock Network Latency (Prop)  0.638
     = Beginpoint Arrival Time       0.638
     +---------------------------------------------------------------------------------------+ 
     |             Instance             |     Arc     |  Cell   | Delay | Arrival | Required | 
     |                                  |             |         |       |  Time   |   Time   | 
     |----------------------------------+-------------+---------+-------+---------+----------| 
     | datapath/EXMEM_aluResult_reg[23] | CK ^        |         |       |   0.638 |    0.362 | 
     | datapath/EXMEM_aluResult_reg[23] | CK ^ -> Q v | DFFR_X1 | 0.322 |   0.960 |    0.684 | 
     | datapath/MEMWB_aluResult_reg[23] | D v         | DFFR_X1 | 0.000 |   0.960 |    0.684 | 
     +---------------------------------------------------------------------------------------+ 
Path 49: MET Hold Check with Pin datapath/MEMWB_aluResult_reg[16]/CK 
Endpoint:   datapath/MEMWB_aluResult_reg[16]/D (v) checked with  leading edge 
of 'clk'
Beginpoint: datapath/EXMEM_aluResult_reg[16]/Q (v) triggered by  leading edge 
of 'clk'
Path Groups: {reg2reg}
Analysis View: RPT_SLOW
Other End Arrival Time          0.614
+ Hold                          0.027
+ Phase Shift                   0.000
- CPPR Adjustment               0.000
+ Uncertainty                   0.020
= Required Time                 0.661
  Arrival Time                  0.937
  Slack Time                    0.276
     Clock Rise Edge                 0.000
     + Clock Network Latency (Prop)  0.614
     = Beginpoint Arrival Time       0.614
     +---------------------------------------------------------------------------------------+ 
     |             Instance             |     Arc     |  Cell   | Delay | Arrival | Required | 
     |                                  |             |         |       |  Time   |   Time   | 
     |----------------------------------+-------------+---------+-------+---------+----------| 
     | datapath/EXMEM_aluResult_reg[16] | CK ^        |         |       |   0.614 |    0.338 | 
     | datapath/EXMEM_aluResult_reg[16] | CK ^ -> Q v | DFFR_X1 | 0.323 |   0.937 |    0.661 | 
     | datapath/MEMWB_aluResult_reg[16] | D v         | DFFR_X1 | 0.000 |   0.937 |    0.661 | 
     +---------------------------------------------------------------------------------------+ 
Path 50: MET Hold Check with Pin datapath/MEMWB_aluResult_reg[13]/CK 
Endpoint:   datapath/MEMWB_aluResult_reg[13]/D (v) checked with  leading edge 
of 'clk'
Beginpoint: datapath/EXMEM_aluResult_reg[13]/Q (v) triggered by  leading edge 
of 'clk'
Path Groups: {reg2reg}
Analysis View: RPT_SLOW
Other End Arrival Time          0.639
+ Hold                          0.026
+ Phase Shift                   0.000
- CPPR Adjustment               0.000
+ Uncertainty                   0.020
= Required Time                 0.685
  Arrival Time                  0.962
  Slack Time                    0.276
     Clock Rise Edge                 0.000
     + Clock Network Latency (Prop)  0.637
     = Beginpoint Arrival Time       0.637
     +---------------------------------------------------------------------------------------+ 
     |             Instance             |     Arc     |  Cell   | Delay | Arrival | Required | 
     |                                  |             |         |       |  Time   |   Time   | 
     |----------------------------------+-------------+---------+-------+---------+----------| 
     | datapath/EXMEM_aluResult_reg[13] | CK ^        |         |       |   0.637 |    0.361 | 
     | datapath/EXMEM_aluResult_reg[13] | CK ^ -> Q v | DFFR_X1 | 0.324 |   0.961 |    0.685 | 
     | datapath/MEMWB_aluResult_reg[13] | D v         | DFFR_X1 | 0.001 |   0.962 |    0.685 | 
     +---------------------------------------------------------------------------------------+ 

