
Power Net Detected:
        Voltage	    Name
             0V	    VSS
          0.95V	    VDD
Using Power View: WC_VIEW.
AAE_INFO: opIsDesignInPostRouteState() is 1
AAE_INFO: resetNetProps viewIdx 0 
Starting SI iteration 1 using Infinite Timing Windows
#################################################################################
# Design Stage: PostRoute
# Design Name: pipelined_cpu_core
# Design Mode: 45nm
# Analysis Mode: MMMC OCV 
# Parasitics Mode: SPEF/RCDB 
# Signoff Settings: SI On 
#################################################################################
AAE_INFO: 1 threads acquired from CTE.
Start delay calculation (fullDC) (1 T). (MEM=1767.8)
Total number of fetched objects 10634
AAE_INFO: Total number of nets for which stage creation was skipped for all views 0
AAE_INFO-618: Total number of nets in the design is 10892,  98.2 percent of the nets selected for SI analysis
End delay calculation. (MEM=1785.23 CPU=0:00:02.0 REAL=0:00:02.0)
End delay calculation (fullDC). (MEM=1785.23 CPU=0:00:02.1 REAL=0:00:02.0)
Save waveform /home/nanohub/estaresinic05/Silicon-From-Scratch/pipelined-cpu-physical-design/runs/fmax-clk4p1/innovus_temp_48775_10c7d713-d599-4101-8d0a-2b2bd3c32535_nanohub-2907570-14_estaresinic05_w5F4O2/.AAE_ZrkEBK/.AAE_48775_10c7d713-d599-4101-8d0a-2b2bd3c32535/waveform.data...
Loading CTE timing window with TwFlowType 0...(CPU = 0:00:00.0, REAL = 0:00:00.0, MEM = 3746.1M)
Add other clocks and setupCteToAAEClockMapping during iter 1
Loading CTE timing window is completed (CPU = 0:00:00.1, REAL = 0:00:00.0, MEM = 3746.1M)
Starting SI iteration 2
Start delay calculation (fullDC) (1 T). (MEM=1776.61)
Glitch Analysis: View WC_VIEW -- Total Number of Nets Skipped = 0. 
Glitch Analysis: View WC_VIEW -- Total Number of Nets Analyzed = 10634. 
Total number of fetched objects 10634
AAE_INFO: Total number of nets for which stage creation was skipped for all views 0
AAE_INFO-618: Total number of nets in the design is 10892,  3.8 percent of the nets selected for SI analysis
End delay calculation. (MEM=1785 CPU=0:00:00.3 REAL=0:00:00.0)
End delay calculation (fullDC). (MEM=1785 CPU=0:00:00.3 REAL=0:00:00.0)
Load RC corner of view WC_VIEW

Begin Power Analysis

             0V	    VSS
          0.95V	    VDD

Begin Processing Timing Library for Power Calculation

Ended Processing Timing Library for Power Calculation: (cpu=0:00:00, real=0:00:00, mem(process/total/peak)=1780.67MB/5368.74MB/1863.14MB)



Begin Processing Power Net/Grid for Power Calculation

Ended Processing Power Net/Grid for Power Calculation: (cpu=0:00:00, real=0:00:00, mem(process/total/peak)=1780.74MB/5368.74MB/1863.14MB)

Begin Processing Timing Window Data for Power Calculation

clk(243.902MHz) CK: assigning clock clk to net clk
Ended Processing Timing Window Data for Power Calculation: (cpu=0:00:00, real=0:00:00, mem(process/total/peak)=1781.65MB/5368.74MB/1863.14MB)

Begin Processing User Attributes

Ended Processing User Attributes: (cpu=0:00:00, real=0:00:00, mem(process/total/peak)=1781.96MB/5368.74MB/1863.14MB)

Begin Processing Signal Activity


Starting Levelizing
2026-Aug-11 01:44:37 (2026-Aug-11 01:44:37 GMT)
2026-Aug-11 01:44:37 (2026-Aug-11 01:44:37 GMT): 10%
2026-Aug-11 01:44:37 (2026-Aug-11 01:44:37 GMT): 20%
2026-Aug-11 01:44:37 (2026-Aug-11 01:44:37 GMT): 30%
2026-Aug-11 01:44:37 (2026-Aug-11 01:44:37 GMT): 40%
2026-Aug-11 01:44:37 (2026-Aug-11 01:44:37 GMT): 50%
2026-Aug-11 01:44:37 (2026-Aug-11 01:44:37 GMT): 60%
2026-Aug-11 01:44:37 (2026-Aug-11 01:44:37 GMT): 70%
2026-Aug-11 01:44:37 (2026-Aug-11 01:44:37 GMT): 80%
2026-Aug-11 01:44:37 (2026-Aug-11 01:44:37 GMT): 90%

Finished Levelizing
2026-Aug-11 01:44:37 (2026-Aug-11 01:44:37 GMT)

Starting Activity Propagation
2026-Aug-11 01:44:37 (2026-Aug-11 01:44:37 GMT)
** INFO:  (VOLTUS_POWR-1356): No default input activity has been set. Defaulting to 0.2.
Use 'set_default_switching_activity -input_activity' command to change the default activity value.

2026-Aug-11 01:44:38 (2026-Aug-11 01:44:38 GMT): 10%
2026-Aug-11 01:44:38 (2026-Aug-11 01:44:38 GMT): 20%

Finished Activity Propagation
2026-Aug-11 01:44:38 (2026-Aug-11 01:44:38 GMT)
Ended Processing Signal Activity: (cpu=0:00:00, real=0:00:00, mem(process/total/peak)=1783.90MB/5368.74MB/1863.14MB)

Begin Power Computation

      ----------------------------------------------------------
      # of cell(s) missing both power/leakage table: 0
      # of cell(s) missing power table: 0
      # of cell(s) missing leakage table: 0
      ----------------------------------------------------------



Starting Calculating power
2026-Aug-11 01:44:38 (2026-Aug-11 01:44:38 GMT)
 ... Calculating switching power
2026-Aug-11 01:44:38 (2026-Aug-11 01:44:38 GMT): 10%
2026-Aug-11 01:44:38 (2026-Aug-11 01:44:38 GMT): 20%
2026-Aug-11 01:44:38 (2026-Aug-11 01:44:38 GMT): 30%
2026-Aug-11 01:44:38 (2026-Aug-11 01:44:38 GMT): 40%
2026-Aug-11 01:44:38 (2026-Aug-11 01:44:38 GMT): 50%
 ... Calculating internal and leakage power
2026-Aug-11 01:44:38 (2026-Aug-11 01:44:38 GMT): 60%
2026-Aug-11 01:44:38 (2026-Aug-11 01:44:38 GMT): 70%
2026-Aug-11 01:44:38 (2026-Aug-11 01:44:38 GMT): 80%
2026-Aug-11 01:44:38 (2026-Aug-11 01:44:38 GMT): 90%

Finished Calculating power
2026-Aug-11 01:44:38 (2026-Aug-11 01:44:38 GMT)
      # of MSMV cell(s) missing power_level: 0
Ended Power Computation: (cpu=0:00:00, real=0:00:00, mem(process/total/peak)=1785.86MB/5368.74MB/1863.14MB)

Begin Processing User Attributes

Begin Processing set_power
Ended Processing set_power: (cpu=0:00:00, real=0:00:00,
mem(process/total/peak)=1785.86MB/5368.74MB/1863.14MB)
Ended Processing User Attributes: (cpu=0:00:00, real=0:00:00, mem(process/total/peak)=1786.08MB/5368.74MB/1863.14MB)

Ended Power Analysis: (cpu=0:00:01, real=0:00:01, mem(process/total/peak)=1786.08MB/5368.74MB/1863.14MB)

Begin Boundary Leakage Calculation
Ended Boundary Leakage Calculation: (cpu=0:00:00, real=0:00:00,
mem(process/total/peak)=1787.19MB/5368.74MB/1863.14MB)
Begin Static Power Report Generation
*----------------------------------------------------------------------------------------
*	Innovus 23.12-s091_1 (64bit) 07/30/2024 16:11 (Linux 3.10.0-693.el7.x86_64)
*	
*
* 	Date & Time:	2026-Aug-11 01:44:39 (2026-Aug-11 01:44:39 GMT)
*
*----------------------------------------------------------------------------------------
*
*	Design: pipelined_cpu_core
*
*	Liberty Libraries used:
*	        WC_VIEW: /home/nanohub/estaresinic05/MacroPlacement/Enablements/NanGate45/lib/NangateOpenCellLibrary_slow.lib
*
*	Parasitic Files used:
*
*       Power View : WC_VIEW
*
*       User-Defined Activity : N.A.
*
*       Activity File: N.A.
*
*       Hierarchical Global Activity: N.A.
*
*       Global Activity: N.A.
*
*       Sequential Element Activity: 0.200000
*
*       Primary Input Activity: 0.200000
*
*       Default icg ratio: N.A.
*
*       Global Comb ClockGate Ratio: N.A.
*
*	Power Units = 1mW
*
*	Time Units = 1e-09 secs
*
*       report_power
*
-----------------------------------------------------------------------------------------
*



Total Power
-----------------------------------------------------------------------------------------
Total Internal Power:        2.05341449 	   59.6203%
Total Switching Power:       1.17062710 	   33.9888%
Total Leakage Power:         0.22010943 	    6.3908%
Total Power:                 3.44415102
-----------------------------------------------------------------------------------------


Group                           Internal   Switching     Leakage       Total  Percentage 
                                Power      Power         Power         Power  (%)        
-----------------------------------------------------------------------------------------
Sequential                         1.305      0.0839     0.07564       1.464       42.52
Macro                                  0           0           0           0           0
IO                                     0           0           0           0           0
Combinational                     0.4631      0.6049      0.1407       1.209       35.09
Clock (Combinational)             0.2856      0.4818    0.003787      0.7712       22.39
Clock (Sequential)                     0           0           0           0           0
-----------------------------------------------------------------------------------------
Total                              2.053       1.171      0.2201       3.444         100
-----------------------------------------------------------------------------------------


Rail                  Voltage   Internal   Switching     Leakage       Total  Percentage 
                                Power      Power         Power         Power  (%)        
-----------------------------------------------------------------------------------------
VDD                      0.95      2.053       1.171      0.2201       3.444         100


Clock                           Internal   Switching     Leakage       Total  Percentage 
                                Power      Power         Power         Power  (%)        
-----------------------------------------------------------------------------------------
clk                               0.2856      0.4818    0.003787      0.7712       22.39
-----------------------------------------------------------------------------------------
Total                             0.2856      0.4818    0.003787      0.7712       22.39
-----------------------------------------------------------------------------------------
Clock: clk
Clock Period: 0.004100 usec 
Clock Toggle Rate:   487.8049 Mhz 
Clock Static Probability:  0.5000
  
 
 
-----------------------------------------------------------------------------------------
*	Power Distribution Summary: 
*              Highest Average Power:           datapath/g45235 (INV_X16):          0.02571
*              Highest Leakage Power: datapath/branch_or_inc_4/FE_OCPC1617_IFID_takeBranch (BUF_X16):        0.0002365
*                Total Cap:      4.58317e-11 F
*                Total instances in design:  9147
*                Total instances in design with no power:     0
*                Total instances in design with no activty:     0

*                Total Fillers and Decap:     0
-----------------------------------------------------------------------------------------
 
** INFO:  (VOLTUS_POWR-3465): There are 0 decaps and 0 fillers in the design

Ended Static Power Report Generation: (cpu=0:00:00, real=0:00:00,
mem(process/total/peak)=1791.34MB/5370.49MB/1863.14MB)

