 ------------------------------------------------------------------------------------------------------------------------------------------------------------------------- 
| Snapshot                | WNS                  | TNS                  | Density (%) | Hotspot                   | Resource               | DRVs       | Layer-OPT       |
|                         | HEPG (ns) | ALL (ns) | HEPG (ns) | ALL (ns) |             | Max (bins) | Total (bins) | Real (s) | Memory (MB) | Tran | Cap | metal4 | metal7 |
|-------------------------+-----------+----------+-----------+----------+-------------+------------+--------------+----------+-------------+------+-----+--------+--------|
| initial_summary         |           |   -4.131 |           |     -446 |       68.85 |            |              | 0:00:05  |        3327 |  178 | 110 |        |        |
| simplify_netlist        |           |          |           |          |             |            |              | 0:00:01  |        3333 |      |     |        |        |
| drv_fixing              |     0.000 |   -4.130 |         0 |     -446 |       69.07 |            |              | 0:00:01  |        3356 |      |     |        |        |
| drv_fixing_2            |     0.000 |   -1.092 |         0 |      -66 |       70.06 |            |              | 0:00:05  |        3368 |   32 |  31 |      7 |        |
| global_opt              |           |   -0.517 |           |      -28 |       70.82 |            |              | 0:00:17  |        3389 |      |     |    105 |        |
| area_reclaiming         |     0.000 |   -0.512 |         0 |      -28 |       70.71 |            |              | 0:00:02  |        3394 |      |     |     97 |        |
| incremental_replacement |    -0.523 |   -0.523 |           |      -26 |             |       0.00 |         0.00 | 0:00:43  |        3392 |      |     |        |        |
| drv_fixing_3            |    -0.523 |   -0.523 |       -26 |      -26 |       70.77 |            |              | 0:00:04  |        3400 |    0 |   0 |     97 |        |
| tns_fixing              |    -0.418 |   -0.418 |       -14 |      -14 |       71.25 |            |              | 0:00:11  |        3501 |      |     |     96 |        |
| wns_fixing              |     0.021 |    0.021 |         0 |        0 |       77.26 |            |              | 0:19:35  |        3577 |      |     |    109 |      9 |
| area_reclaiming_2       |    -0.000 |   -0.000 |        -0 |       -0 |       76.31 |            |              | 0:00:08  |        3482 |      |     |    110 |      9 |
| area_reclaiming_3       |    -0.006 |   -0.006 |        -0 |       -0 |       74.28 |            |              | 0:00:06  |        3478 |      |     |      9 |      1 |
| drv_eco_fixing          |    -0.006 |   -0.006 |        -0 |       -0 |       74.33 |            |              | 0:00:01  |        3478 |    9 |   0 |      9 |      1 |
| tns_eco_fixing          |     0.000 |    0.000 |         0 |        0 |       74.34 |            |              | 0:00:02  |        3562 |      |     |      9 |      1 |
| final_summary           |    -0.016 |   -0.016 |           |       -0 |       74.34 |            |              | 0:00:02  |        3439 |    0 |   0 |        |        |
 ------------------------------------------------------------------------------------------------------------------------------------------------------------------------- 
