###############################################################
#  Generated by:      Cadence Innovus 23.12-s091_1
#  OS:                Linux x86_64(Host ID nanohub-2908156-5)
#  Generated on:      Wed Aug 12 16:33:14 2026
#  Design:            pipelined_cpu_core
#  Command:           report_timing -early -view RPT_TYP -max_paths 50 -nworst 1 > reports/41_hold_typ.rpt
###############################################################
Path 1: MET Hold Check with Pin datapath/IDEX_rd_reg[2]/CK 
Endpoint:   datapath/IDEX_rd_reg[2]/D     (v) checked with  leading edge of 
'clk'
Beginpoint: datapath/IFID_instr_reg[9]/QN (^) triggered by  leading edge of 
'clk'
Path Groups: {reg2reg}
Analysis View: RPT_TYP
Other End Arrival Time          0.217
+ Hold                          0.006
+ Phase Shift                   0.000
- CPPR Adjustment               0.000
+ Uncertainty                   0.020
= Required Time                 0.243
  Arrival Time                  0.299
  Slack Time                    0.056
     Clock Rise Edge                 0.000
     + Clock Network Latency (Prop)  0.217
     = Beginpoint Arrival Time       0.217
     +----------------------------------------------------------------------------------+ 
     |          Instance          |     Arc      |  Cell   | Delay | Arrival | Required | 
     |                            |              |         |       |  Time   |   Time   | 
     |----------------------------+--------------+---------+-------+---------+----------| 
     | datapath/IFID_instr_reg[9] | CK ^         |         |       |   0.217 |    0.160 | 
     | datapath/IFID_instr_reg[9] | CK ^ -> QN ^ | DFFR_X1 | 0.072 |   0.289 |    0.233 | 
     | datapath/g35708            | A2 ^ -> ZN v | NOR2_X1 | 0.010 |   0.299 |    0.243 | 
     | datapath/IDEX_rd_reg[2]    | D v          | DFFR_X1 | 0.000 |   0.299 |    0.243 | 
     +----------------------------------------------------------------------------------+ 
Path 2: MET Hold Check with Pin datapath/IDEX_rd_reg[1]/CK 
Endpoint:   datapath/IDEX_rd_reg[1]/D     (v) checked with  leading edge of 
'clk'
Beginpoint: datapath/IFID_instr_reg[8]/QN (^) triggered by  leading edge of 
'clk'
Path Groups: {reg2reg}
Analysis View: RPT_TYP
Other End Arrival Time          0.217
+ Hold                          0.006
+ Phase Shift                   0.000
- CPPR Adjustment               0.000
+ Uncertainty                   0.020
= Required Time                 0.243
  Arrival Time                  0.299
  Slack Time                    0.056
     Clock Rise Edge                 0.000
     + Clock Network Latency (Prop)  0.217
     = Beginpoint Arrival Time       0.217
     +----------------------------------------------------------------------------------+ 
     |          Instance          |     Arc      |  Cell   | Delay | Arrival | Required | 
     |                            |              |         |       |  Time   |   Time   | 
     |----------------------------+--------------+---------+-------+---------+----------| 
     | datapath/IFID_instr_reg[8] | CK ^         |         |       |   0.217 |    0.160 | 
     | datapath/IFID_instr_reg[8] | CK ^ -> QN ^ | DFFR_X1 | 0.073 |   0.290 |    0.233 | 
     | datapath/g35704            | A2 ^ -> ZN v | NOR2_X1 | 0.009 |   0.299 |    0.243 | 
     | datapath/IDEX_rd_reg[1]    | D v          | DFFR_X1 | 0.000 |   0.299 |    0.243 | 
     +----------------------------------------------------------------------------------+ 
Path 3: MET Hold Check with Pin datapath/IDEX_rd_reg[4]/CK 
Endpoint:   datapath/IDEX_rd_reg[4]/D      (v) checked with  leading edge of 
'clk'
Beginpoint: datapath/IFID_instr_reg[11]/QN (^) triggered by  leading edge of 
'clk'
Path Groups: {reg2reg}
Analysis View: RPT_TYP
Other End Arrival Time          0.217
+ Hold                          0.006
+ Phase Shift                   0.000
- CPPR Adjustment               0.000
+ Uncertainty                   0.020
= Required Time                 0.243
  Arrival Time                  0.300
  Slack Time                    0.057
     Clock Rise Edge                 0.000
     + Clock Network Latency (Prop)  0.216
     = Beginpoint Arrival Time       0.216
     +-----------------------------------------------------------------------------------+ 
     |          Instance           |     Arc      |  Cell   | Delay | Arrival | Required | 
     |                             |              |         |       |  Time   |   Time   | 
     |-----------------------------+--------------+---------+-------+---------+----------| 
     | datapath/IFID_instr_reg[11] | CK ^         |         |       |   0.216 |    0.159 | 
     | datapath/IFID_instr_reg[11] | CK ^ -> QN ^ | DFFR_X1 | 0.073 |   0.289 |    0.233 | 
     | datapath/g35707             | A2 ^ -> ZN v | NOR2_X1 | 0.010 |   0.300 |    0.243 | 
     | datapath/IDEX_rd_reg[4]     | D v          | DFFR_X1 | 0.000 |   0.300 |    0.243 | 
     +-----------------------------------------------------------------------------------+ 
Path 4: MET Hold Check with Pin datapath/IDEX_rd_reg[0]/CK 
Endpoint:   datapath/IDEX_rd_reg[0]/D     (v) checked with  leading edge of 
'clk'
Beginpoint: datapath/IFID_instr_reg[7]/QN (^) triggered by  leading edge of 
'clk'
Path Groups: {reg2reg}
Analysis View: RPT_TYP
Other End Arrival Time          0.217
+ Hold                          0.006
+ Phase Shift                   0.000
- CPPR Adjustment               0.000
+ Uncertainty                   0.020
= Required Time                 0.243
  Arrival Time                  0.300
  Slack Time                    0.058
     Clock Rise Edge                 0.000
     + Clock Network Latency (Prop)  0.216
     = Beginpoint Arrival Time       0.216
     +----------------------------------------------------------------------------------+ 
     |          Instance          |     Arc      |  Cell   | Delay | Arrival | Required | 
     |                            |              |         |       |  Time   |   Time   | 
     |----------------------------+--------------+---------+-------+---------+----------| 
     | datapath/IFID_instr_reg[7] | CK ^         |         |       |   0.216 |    0.159 | 
     | datapath/IFID_instr_reg[7] | CK ^ -> QN ^ | DFFR_X1 | 0.073 |   0.290 |    0.232 | 
     | datapath/g35709            | A2 ^ -> ZN v | NOR2_X1 | 0.011 |   0.300 |    0.243 | 
     | datapath/IDEX_rd_reg[0]    | D v          | DFFR_X1 | 0.000 |   0.300 |    0.243 | 
     +----------------------------------------------------------------------------------+ 
Path 5: MET Hold Check with Pin datapath/IDEX_rd_reg[3]/CK 
Endpoint:   datapath/IDEX_rd_reg[3]/D      (v) checked with  leading edge of 
'clk'
Beginpoint: datapath/IFID_instr_reg[10]/QN (^) triggered by  leading edge of 
'clk'
Path Groups: {reg2reg}
Analysis View: RPT_TYP
Other End Arrival Time          0.216
+ Hold                          0.006
+ Phase Shift                   0.000
- CPPR Adjustment               0.000
+ Uncertainty                   0.020
= Required Time                 0.242
  Arrival Time                  0.300
  Slack Time                    0.058
     Clock Rise Edge                 0.000
     + Clock Network Latency (Prop)  0.216
     = Beginpoint Arrival Time       0.216
     +-----------------------------------------------------------------------------------+ 
     |          Instance           |     Arc      |  Cell   | Delay | Arrival | Required | 
     |                             |              |         |       |  Time   |   Time   | 
     |-----------------------------+--------------+---------+-------+---------+----------| 
     | datapath/IFID_instr_reg[10] | CK ^         |         |       |   0.216 |    0.159 | 
     | datapath/IFID_instr_reg[10] | CK ^ -> QN ^ | DFFR_X1 | 0.074 |   0.290 |    0.232 | 
     | datapath/g35705             | A2 ^ -> ZN v | NOR2_X1 | 0.010 |   0.300 |    0.242 | 
     | datapath/IDEX_rd_reg[3]     | D v          | DFFR_X1 | 0.000 |   0.300 |    0.242 | 
     +-----------------------------------------------------------------------------------+ 
Path 6: MET Hold Check with Pin datapath/IDEX_readData1_reg[2]/CK 
Endpoint:   datapath/IDEX_readData1_reg[2]/D (^) checked with  leading edge of 
'clk'
Beginpoint: datapath/MEMWB_memToReg_reg/QN   (^) triggered by  leading edge of 
'clk'
Path Groups: {reg2reg}
Analysis View: RPT_TYP
Other End Arrival Time          0.217
+ Hold                          0.011
+ Phase Shift                   0.000
- CPPR Adjustment               0.000
+ Uncertainty                   0.020
= Required Time                 0.248
  Arrival Time                  0.307
  Slack Time                    0.059
     Clock Rise Edge                 0.000
     + Clock Network Latency (Prop)  0.119
     = Beginpoint Arrival Time       0.119
     +------------------------------------------------------------------------------------------+ 
     |             Instance              |     Arc      |   Cell   | Delay | Arrival | Required | 
     |                                   |              |          |       |  Time   |   Time   | 
     |-----------------------------------+--------------+----------+-------+---------+----------| 
     | datapath/MEMWB_memToReg_reg       | CK ^         |          |       |   0.119 |    0.060 | 
     | datapath/MEMWB_memToReg_reg       | CK ^ -> QN ^ | DFFR_X1  | 0.073 |   0.192 |    0.133 | 
     | datapath/FE_OFC692_MEMWB_memToReg | A ^ -> ZN v  | INV_X1   | 0.022 |   0.214 |    0.155 | 
     | datapath/FE_RC_583_0              | B2 v -> ZN ^ | AOI22_X1 | 0.039 |   0.253 |    0.194 | 
     | datapath/FE_RC_439_0              | A ^ -> ZN v  | INV_X1   | 0.021 |   0.274 |    0.215 | 
     | datapath/g26398                   | B2 v -> ZN ^ | OAI21_X1 | 0.033 |   0.307 |    0.248 | 
     | datapath/IDEX_readData1_reg[2]    | D ^          | DFFR_X1  | 0.000 |   0.307 |    0.248 | 
     +------------------------------------------------------------------------------------------+ 
Path 7: MET Hold Check with Pin datapath/MEMWB_aluResult_reg[18]/CK 
Endpoint:   datapath/MEMWB_aluResult_reg[18]/D (v) checked with  leading edge 
of 'clk'
Beginpoint: datapath/EXMEM_aluResult_reg[18]/Q (v) triggered by  leading edge 
of 'clk'
Path Groups: {reg2reg}
Analysis View: RPT_TYP
Other End Arrival Time          0.231
+ Hold                          0.006
+ Phase Shift                   0.000
- CPPR Adjustment               0.000
+ Uncertainty                   0.020
= Required Time                 0.257
  Arrival Time                  0.321
  Slack Time                    0.065
     Clock Rise Edge                 0.000
     + Clock Network Latency (Prop)  0.231
     = Beginpoint Arrival Time       0.231
     +---------------------------------------------------------------------------------------+ 
     |             Instance             |     Arc     |  Cell   | Delay | Arrival | Required | 
     |                                  |             |         |       |  Time   |   Time   | 
     |----------------------------------+-------------+---------+-------+---------+----------| 
     | datapath/EXMEM_aluResult_reg[18] | CK ^        |         |       |   0.231 |    0.166 | 
     | datapath/EXMEM_aluResult_reg[18] | CK ^ -> Q v | DFFR_X1 | 0.090 |   0.321 |    0.257 | 
     | datapath/MEMWB_aluResult_reg[18] | D v         | DFFR_X1 | 0.000 |   0.321 |    0.257 | 
     +---------------------------------------------------------------------------------------+ 
Path 8: MET Hold Check with Pin datapath/MEMWB_aluResult_reg[8]/CK 
Endpoint:   datapath/MEMWB_aluResult_reg[8]/D (v) checked with  leading edge of 
'clk'
Beginpoint: datapath/EXMEM_aluResult_reg[8]/Q (v) triggered by  leading edge of 
'clk'
Path Groups: {reg2reg}
Analysis View: RPT_TYP
Other End Arrival Time          0.232
+ Hold                          0.006
+ Phase Shift                   0.000
- CPPR Adjustment               0.000
+ Uncertainty                   0.020
= Required Time                 0.258
  Arrival Time                  0.323
  Slack Time                    0.065
     Clock Rise Edge                 0.000
     + Clock Network Latency (Prop)  0.232
     = Beginpoint Arrival Time       0.232
     +--------------------------------------------------------------------------------------+ 
     |            Instance             |     Arc     |  Cell   | Delay | Arrival | Required | 
     |                                 |             |         |       |  Time   |   Time   | 
     |---------------------------------+-------------+---------+-------+---------+----------| 
     | datapath/EXMEM_aluResult_reg[8] | CK ^        |         |       |   0.232 |    0.167 | 
     | datapath/EXMEM_aluResult_reg[8] | CK ^ -> Q v | DFFR_X1 | 0.091 |   0.323 |    0.258 | 
     | datapath/MEMWB_aluResult_reg[8] | D v         | DFFR_X1 | 0.000 |   0.323 |    0.258 | 
     +--------------------------------------------------------------------------------------+ 
Path 9: MET Hold Check with Pin datapath/EXMEM_memWrite_reg/CK 
Endpoint:   datapath/EXMEM_memWrite_reg/D (v) checked with  leading edge of 
'clk'
Beginpoint: datapath/IDEX_memWrite_reg/Q  (v) triggered by  leading edge of 
'clk'
Path Groups: {reg2reg}
Analysis View: RPT_TYP
Other End Arrival Time          0.216
+ Hold                          0.006
+ Phase Shift                   0.000
- CPPR Adjustment               0.000
+ Uncertainty                   0.020
= Required Time                 0.242
  Arrival Time                  0.307
  Slack Time                    0.065
     Clock Rise Edge                 0.000
     + Clock Network Latency (Prop)  0.216
     = Beginpoint Arrival Time       0.216
     +----------------------------------------------------------------------------------+ 
     |          Instance           |     Arc     |  Cell   | Delay | Arrival | Required | 
     |                             |             |         |       |  Time   |   Time   | 
     |-----------------------------+-------------+---------+-------+---------+----------| 
     | datapath/IDEX_memWrite_reg  | CK ^        |         |       |   0.216 |    0.152 | 
     | datapath/IDEX_memWrite_reg  | CK ^ -> Q v | DFFR_X1 | 0.091 |   0.307 |    0.242 | 
     | datapath/EXMEM_memWrite_reg | D v         | DFFR_X1 | 0.000 |   0.307 |    0.242 | 
     +----------------------------------------------------------------------------------+ 
Path 10: MET Hold Check with Pin datapath/MEMWB_aluResult_reg[9]/CK 
Endpoint:   datapath/MEMWB_aluResult_reg[9]/D (v) checked with  leading edge of 
'clk'
Beginpoint: datapath/EXMEM_aluResult_reg[9]/Q (v) triggered by  leading edge of 
'clk'
Path Groups: {reg2reg}
Analysis View: RPT_TYP
Other End Arrival Time          0.233
+ Hold                          0.006
+ Phase Shift                   0.000
- CPPR Adjustment               0.000
+ Uncertainty                   0.020
= Required Time                 0.259
  Arrival Time                  0.324
  Slack Time                    0.065
     Clock Rise Edge                 0.000
     + Clock Network Latency (Prop)  0.233
     = Beginpoint Arrival Time       0.233
     +--------------------------------------------------------------------------------------+ 
     |            Instance             |     Arc     |  Cell   | Delay | Arrival | Required | 
     |                                 |             |         |       |  Time   |   Time   | 
     |---------------------------------+-------------+---------+-------+---------+----------| 
     | datapath/EXMEM_aluResult_reg[9] | CK ^        |         |       |   0.233 |    0.168 | 
     | datapath/EXMEM_aluResult_reg[9] | CK ^ -> Q v | DFFR_X1 | 0.091 |   0.324 |    0.259 | 
     | datapath/MEMWB_aluResult_reg[9] | D v         | DFFR_X1 | 0.000 |   0.324 |    0.259 | 
     +--------------------------------------------------------------------------------------+ 
Path 11: MET Hold Check with Pin datapath/MEMWB_aluResult_reg[10]/CK 
Endpoint:   datapath/MEMWB_aluResult_reg[10]/D (v) checked with  leading edge 
of 'clk'
Beginpoint: datapath/EXMEM_aluResult_reg[10]/Q (v) triggered by  leading edge 
of 'clk'
Path Groups: {reg2reg}
Analysis View: RPT_TYP
Other End Arrival Time          0.231
+ Hold                          0.006
+ Phase Shift                   0.000
- CPPR Adjustment               0.000
+ Uncertainty                   0.020
= Required Time                 0.258
  Arrival Time                  0.322
  Slack Time                    0.065
     Clock Rise Edge                 0.000
     + Clock Network Latency (Prop)  0.231
     = Beginpoint Arrival Time       0.231
     +---------------------------------------------------------------------------------------+ 
     |             Instance             |     Arc     |  Cell   | Delay | Arrival | Required | 
     |                                  |             |         |       |  Time   |   Time   | 
     |----------------------------------+-------------+---------+-------+---------+----------| 
     | datapath/EXMEM_aluResult_reg[10] | CK ^        |         |       |   0.231 |    0.166 | 
     | datapath/EXMEM_aluResult_reg[10] | CK ^ -> Q v | DFFR_X1 | 0.091 |   0.322 |    0.258 | 
     | datapath/MEMWB_aluResult_reg[10] | D v         | DFFR_X1 | 0.000 |   0.322 |    0.258 | 
     +---------------------------------------------------------------------------------------+ 
Path 12: MET Hold Check with Pin datapath/MEMWB_aluResult_reg[13]/CK 
Endpoint:   datapath/MEMWB_aluResult_reg[13]/D (v) checked with  leading edge 
of 'clk'
Beginpoint: datapath/EXMEM_aluResult_reg[13]/Q (v) triggered by  leading edge 
of 'clk'
Path Groups: {reg2reg}
Analysis View: RPT_TYP
Other End Arrival Time          0.231
+ Hold                          0.006
+ Phase Shift                   0.000
- CPPR Adjustment               0.000
+ Uncertainty                   0.020
= Required Time                 0.257
  Arrival Time                  0.323
  Slack Time                    0.065
     Clock Rise Edge                 0.000
     + Clock Network Latency (Prop)  0.231
     = Beginpoint Arrival Time       0.231
     +---------------------------------------------------------------------------------------+ 
     |             Instance             |     Arc     |  Cell   | Delay | Arrival | Required | 
     |                                  |             |         |       |  Time   |   Time   | 
     |----------------------------------+-------------+---------+-------+---------+----------| 
     | datapath/EXMEM_aluResult_reg[13] | CK ^        |         |       |   0.231 |    0.166 | 
     | datapath/EXMEM_aluResult_reg[13] | CK ^ -> Q v | DFFR_X1 | 0.092 |   0.323 |    0.257 | 
     | datapath/MEMWB_aluResult_reg[13] | D v         | DFFR_X1 | 0.000 |   0.323 |    0.257 | 
     +---------------------------------------------------------------------------------------+ 
Path 13: MET Hold Check with Pin datapath/MEMWB_aluResult_reg[20]/CK 
Endpoint:   datapath/MEMWB_aluResult_reg[20]/D (v) checked with  leading edge 
of 'clk'
Beginpoint: datapath/EXMEM_aluResult_reg[20]/Q (v) triggered by  leading edge 
of 'clk'
Path Groups: {reg2reg}
Analysis View: RPT_TYP
Other End Arrival Time          0.235
+ Hold                          0.006
+ Phase Shift                   0.000
- CPPR Adjustment               0.000
+ Uncertainty                   0.020
= Required Time                 0.261
  Arrival Time                  0.326
  Slack Time                    0.065
     Clock Rise Edge                 0.000
     + Clock Network Latency (Prop)  0.229
     = Beginpoint Arrival Time       0.229
     +---------------------------------------------------------------------------------------+ 
     |             Instance             |     Arc     |  Cell   | Delay | Arrival | Required | 
     |                                  |             |         |       |  Time   |   Time   | 
     |----------------------------------+-------------+---------+-------+---------+----------| 
     | datapath/EXMEM_aluResult_reg[20] | CK ^        |         |       |   0.229 |    0.164 | 
     | datapath/EXMEM_aluResult_reg[20] | CK ^ -> Q v | DFFR_X1 | 0.097 |   0.326 |    0.261 | 
     | datapath/MEMWB_aluResult_reg[20] | D v         | DFFR_X1 | 0.000 |   0.326 |    0.261 | 
     +---------------------------------------------------------------------------------------+ 
Path 14: MET Hold Check with Pin datapath/MEMWB_aluResult_reg[11]/CK 
Endpoint:   datapath/MEMWB_aluResult_reg[11]/D (v) checked with  leading edge 
of 'clk'
Beginpoint: datapath/EXMEM_aluResult_reg[11]/Q (v) triggered by  leading edge 
of 'clk'
Path Groups: {reg2reg}
Analysis View: RPT_TYP
Other End Arrival Time          0.231
+ Hold                          0.006
+ Phase Shift                   0.000
- CPPR Adjustment               0.000
+ Uncertainty                   0.020
= Required Time                 0.258
  Arrival Time                  0.323
  Slack Time                    0.066
     Clock Rise Edge                 0.000
     + Clock Network Latency (Prop)  0.231
     = Beginpoint Arrival Time       0.231
     +---------------------------------------------------------------------------------------+ 
     |             Instance             |     Arc     |  Cell   | Delay | Arrival | Required | 
     |                                  |             |         |       |  Time   |   Time   | 
     |----------------------------------+-------------+---------+-------+---------+----------| 
     | datapath/EXMEM_aluResult_reg[11] | CK ^        |         |       |   0.231 |    0.166 | 
     | datapath/EXMEM_aluResult_reg[11] | CK ^ -> Q v | DFFR_X1 | 0.092 |   0.323 |    0.258 | 
     | datapath/MEMWB_aluResult_reg[11] | D v         | DFFR_X1 | 0.000 |   0.323 |    0.258 | 
     +---------------------------------------------------------------------------------------+ 
Path 15: MET Hold Check with Pin datapath/MEMWB_aluResult_reg[15]/CK 
Endpoint:   datapath/MEMWB_aluResult_reg[15]/D (v) checked with  leading edge 
of 'clk'
Beginpoint: datapath/EXMEM_aluResult_reg[15]/Q (v) triggered by  leading edge 
of 'clk'
Path Groups: {reg2reg}
Analysis View: RPT_TYP
Other End Arrival Time          0.232
+ Hold                          0.006
+ Phase Shift                   0.000
- CPPR Adjustment               0.000
+ Uncertainty                   0.020
= Required Time                 0.258
  Arrival Time                  0.323
  Slack Time                    0.066
     Clock Rise Edge                 0.000
     + Clock Network Latency (Prop)  0.231
     = Beginpoint Arrival Time       0.231
     +---------------------------------------------------------------------------------------+ 
     |             Instance             |     Arc     |  Cell   | Delay | Arrival | Required | 
     |                                  |             |         |       |  Time   |   Time   | 
     |----------------------------------+-------------+---------+-------+---------+----------| 
     | datapath/EXMEM_aluResult_reg[15] | CK ^        |         |       |   0.231 |    0.165 | 
     | datapath/EXMEM_aluResult_reg[15] | CK ^ -> Q v | DFFR_X1 | 0.092 |   0.323 |    0.258 | 
     | datapath/MEMWB_aluResult_reg[15] | D v         | DFFR_X1 | 0.000 |   0.323 |    0.258 | 
     +---------------------------------------------------------------------------------------+ 
Path 16: MET Hold Check with Pin datapath/MEMWB_aluResult_reg[6]/CK 
Endpoint:   datapath/MEMWB_aluResult_reg[6]/D (v) checked with  leading edge of 
'clk'
Beginpoint: datapath/EXMEM_aluResult_reg[6]/Q (v) triggered by  leading edge of 
'clk'
Path Groups: {reg2reg}
Analysis View: RPT_TYP
Other End Arrival Time          0.232
+ Hold                          0.006
+ Phase Shift                   0.000
- CPPR Adjustment               0.000
+ Uncertainty                   0.020
= Required Time                 0.258
  Arrival Time                  0.324
  Slack Time                    0.066
     Clock Rise Edge                 0.000
     + Clock Network Latency (Prop)  0.232
     = Beginpoint Arrival Time       0.232
     +--------------------------------------------------------------------------------------+ 
     |            Instance             |     Arc     |  Cell   | Delay | Arrival | Required | 
     |                                 |             |         |       |  Time   |   Time   | 
     |---------------------------------+-------------+---------+-------+---------+----------| 
     | datapath/EXMEM_aluResult_reg[6] | CK ^        |         |       |   0.232 |    0.166 | 
     | datapath/EXMEM_aluResult_reg[6] | CK ^ -> Q v | DFFR_X1 | 0.092 |   0.324 |    0.258 | 
     | datapath/MEMWB_aluResult_reg[6] | D v         | DFFR_X1 | 0.000 |   0.324 |    0.258 | 
     +--------------------------------------------------------------------------------------+ 
Path 17: MET Hold Check with Pin datapath/EXMEM_storeData_reg[22]/CK 
Endpoint:   datapath/EXMEM_storeData_reg[22]/D (v) checked with  leading edge 
of 'clk'
Beginpoint: datapath/IDEX_readData2_reg[22]/QN (^) triggered by  leading edge 
of 'clk'
Path Groups: {reg2reg}
Analysis View: RPT_TYP
Other End Arrival Time          0.231
+ Hold                          0.006
+ Phase Shift                   0.000
- CPPR Adjustment               0.000
+ Uncertainty                   0.020
= Required Time                 0.256
  Arrival Time                  0.323
  Slack Time                    0.066
     Clock Rise Edge                 0.000
     + Clock Network Latency (Prop)  0.229
     = Beginpoint Arrival Time       0.229
     +-----------------------------------------------------------------------------------------+ 
     |             Instance             |     Arc      |   Cell   | Delay | Arrival | Required | 
     |                                  |              |          |       |  Time   |   Time   | 
     |----------------------------------+--------------+----------+-------+---------+----------| 
     | datapath/IDEX_readData2_reg[22]  | CK ^         |          |       |   0.229 |    0.162 | 
     | datapath/IDEX_readData2_reg[22]  | CK ^ -> QN ^ | DFFR_X1  | 0.072 |   0.300 |    0.234 | 
     | datapath/g26061                  | B2 ^ -> ZN v | OAI21_X1 | 0.022 |   0.323 |    0.256 | 
     | datapath/EXMEM_storeData_reg[22] | D v          | DFFR_X1  | 0.000 |   0.323 |    0.256 | 
     +-----------------------------------------------------------------------------------------+ 
Path 18: MET Hold Check with Pin datapath/MEMWB_aluResult_reg[24]/CK 
Endpoint:   datapath/MEMWB_aluResult_reg[24]/D (v) checked with  leading edge 
of 'clk'
Beginpoint: datapath/EXMEM_aluResult_reg[24]/Q (v) triggered by  leading edge 
of 'clk'
Path Groups: {reg2reg}
Analysis View: RPT_TYP
Other End Arrival Time          0.231
+ Hold                          0.006
+ Phase Shift                   0.000
- CPPR Adjustment               0.000
+ Uncertainty                   0.020
= Required Time                 0.257
  Arrival Time                  0.324
  Slack Time                    0.067
     Clock Rise Edge                 0.000
     + Clock Network Latency (Prop)  0.229
     = Beginpoint Arrival Time       0.229
     +---------------------------------------------------------------------------------------+ 
     |             Instance             |     Arc     |  Cell   | Delay | Arrival | Required | 
     |                                  |             |         |       |  Time   |   Time   | 
     |----------------------------------+-------------+---------+-------+---------+----------| 
     | datapath/EXMEM_aluResult_reg[24] | CK ^        |         |       |   0.229 |    0.163 | 
     | datapath/EXMEM_aluResult_reg[24] | CK ^ -> Q v | DFFR_X1 | 0.095 |   0.324 |    0.257 | 
     | datapath/MEMWB_aluResult_reg[24] | D v         | DFFR_X1 | 0.000 |   0.324 |    0.257 | 
     +---------------------------------------------------------------------------------------+ 
Path 19: MET Hold Check with Pin datapath/MEMWB_aluResult_reg[19]/CK 
Endpoint:   datapath/MEMWB_aluResult_reg[19]/D (v) checked with  leading edge 
of 'clk'
Beginpoint: datapath/EXMEM_aluResult_reg[19]/Q (v) triggered by  leading edge 
of 'clk'
Path Groups: {reg2reg}
Analysis View: RPT_TYP
Other End Arrival Time          0.232
+ Hold                          0.006
+ Phase Shift                   0.000
- CPPR Adjustment               0.000
+ Uncertainty                   0.020
= Required Time                 0.258
  Arrival Time                  0.325
  Slack Time                    0.067
     Clock Rise Edge                 0.000
     + Clock Network Latency (Prop)  0.233
     = Beginpoint Arrival Time       0.233
     +---------------------------------------------------------------------------------------+ 
     |             Instance             |     Arc     |  Cell   | Delay | Arrival | Required | 
     |                                  |             |         |       |  Time   |   Time   | 
     |----------------------------------+-------------+---------+-------+---------+----------| 
     | datapath/EXMEM_aluResult_reg[19] | CK ^        |         |       |   0.233 |    0.166 | 
     | datapath/EXMEM_aluResult_reg[19] | CK ^ -> Q v | DFFR_X1 | 0.093 |   0.325 |    0.258 | 
     | datapath/MEMWB_aluResult_reg[19] | D v         | DFFR_X1 | 0.000 |   0.325 |    0.258 | 
     +---------------------------------------------------------------------------------------+ 
Path 20: MET Hold Check with Pin datapath/EXMEM_storeData_reg[17]/CK 
Endpoint:   datapath/EXMEM_storeData_reg[17]/D (v) checked with  leading edge 
of 'clk'
Beginpoint: datapath/IDEX_readData2_reg[17]/QN (^) triggered by  leading edge 
of 'clk'
Path Groups: {reg2reg}
Analysis View: RPT_TYP
Other End Arrival Time          0.231
+ Hold                          0.006
+ Phase Shift                   0.000
- CPPR Adjustment               0.000
+ Uncertainty                   0.020
= Required Time                 0.256
  Arrival Time                  0.325
  Slack Time                    0.068
     Clock Rise Edge                 0.000
     + Clock Network Latency (Prop)  0.229
     = Beginpoint Arrival Time       0.229
     +-----------------------------------------------------------------------------------------+ 
     |             Instance             |     Arc      |   Cell   | Delay | Arrival | Required | 
     |                                  |              |          |       |  Time   |   Time   | 
     |----------------------------------+--------------+----------+-------+---------+----------| 
     | datapath/IDEX_readData2_reg[17]  | CK ^         |          |       |   0.229 |    0.160 | 
     | datapath/IDEX_readData2_reg[17]  | CK ^ -> QN ^ | DFFR_X1  | 0.074 |   0.302 |    0.234 | 
     | datapath/g26062                  | B2 ^ -> ZN v | OAI21_X1 | 0.022 |   0.324 |    0.256 | 
     | datapath/EXMEM_storeData_reg[17] | D v          | DFFR_X1  | 0.000 |   0.325 |    0.256 | 
     +-----------------------------------------------------------------------------------------+ 
Path 21: MET Hold Check with Pin datapath/EXMEM_storeData_reg[14]/CK 
Endpoint:   datapath/EXMEM_storeData_reg[14]/D (v) checked with  leading edge 
of 'clk'
Beginpoint: datapath/IDEX_readData2_reg[14]/QN (^) triggered by  leading edge 
of 'clk'
Path Groups: {reg2reg}
Analysis View: RPT_TYP
Other End Arrival Time          0.231
+ Hold                          0.006
+ Phase Shift                   0.000
- CPPR Adjustment               0.000
+ Uncertainty                   0.020
= Required Time                 0.257
  Arrival Time                  0.325
  Slack Time                    0.068
     Clock Rise Edge                 0.000
     + Clock Network Latency (Prop)  0.230
     = Beginpoint Arrival Time       0.230
     +------------------------------------------------------------------------------------------+ 
     |             Instance             |     Arc      |   Cell    | Delay | Arrival | Required | 
     |                                  |              |           |       |  Time   |   Time   | 
     |----------------------------------+--------------+-----------+-------+---------+----------| 
     | datapath/IDEX_readData2_reg[14]  | CK ^         |           |       |   0.230 |    0.162 | 
     | datapath/IDEX_readData2_reg[14]  | CK ^ -> QN ^ | DFFR_X1   | 0.072 |   0.303 |    0.234 | 
     | datapath/g26017                  | A2 ^ -> ZN v | OAI222_X1 | 0.023 |   0.325 |    0.257 | 
     | datapath/EXMEM_storeData_reg[14] | D v          | DFFR_X1   | 0.000 |   0.325 |    0.257 | 
     +------------------------------------------------------------------------------------------+ 
Path 22: MET Hold Check with Pin datapath/EXMEM_storeData_reg[25]/CK 
Endpoint:   datapath/EXMEM_storeData_reg[25]/D (v) checked with  leading edge 
of 'clk'
Beginpoint: datapath/IDEX_readData2_reg[25]/QN (^) triggered by  leading edge 
of 'clk'
Path Groups: {reg2reg}
Analysis View: RPT_TYP
Other End Arrival Time          0.231
+ Hold                          0.006
+ Phase Shift                   0.000
- CPPR Adjustment               0.000
+ Uncertainty                   0.020
= Required Time                 0.256
  Arrival Time                  0.325
  Slack Time                    0.069
     Clock Rise Edge                 0.000
     + Clock Network Latency (Prop)  0.231
     = Beginpoint Arrival Time       0.231
     +-----------------------------------------------------------------------------------------+ 
     |             Instance             |     Arc      |   Cell   | Delay | Arrival | Required | 
     |                                  |              |          |       |  Time   |   Time   | 
     |----------------------------------+--------------+----------+-------+---------+----------| 
     | datapath/IDEX_readData2_reg[25]  | CK ^         |          |       |   0.231 |    0.162 | 
     | datapath/IDEX_readData2_reg[25]  | CK ^ -> QN ^ | DFFR_X1  | 0.072 |   0.303 |    0.235 | 
     | datapath/g26059                  | B2 ^ -> ZN v | OAI21_X1 | 0.021 |   0.325 |    0.256 | 
     | datapath/EXMEM_storeData_reg[25] | D v          | DFFR_X1  | 0.000 |   0.325 |    0.256 | 
     +-----------------------------------------------------------------------------------------+ 
Path 23: MET Hold Check with Pin datapath/MEMWB_aluResult_reg[7]/CK 
Endpoint:   datapath/MEMWB_aluResult_reg[7]/D (v) checked with  leading edge of 
'clk'
Beginpoint: datapath/EXMEM_aluResult_reg[7]/Q (v) triggered by  leading edge of 
'clk'
Path Groups: {reg2reg}
Analysis View: RPT_TYP
Other End Arrival Time          0.232
+ Hold                          0.006
+ Phase Shift                   0.000
- CPPR Adjustment               0.000
+ Uncertainty                   0.020
= Required Time                 0.258
  Arrival Time                  0.327
  Slack Time                    0.069
     Clock Rise Edge                 0.000
     + Clock Network Latency (Prop)  0.231
     = Beginpoint Arrival Time       0.231
     +--------------------------------------------------------------------------------------+ 
     |            Instance             |     Arc     |  Cell   | Delay | Arrival | Required | 
     |                                 |             |         |       |  Time   |   Time   | 
     |---------------------------------+-------------+---------+-------+---------+----------| 
     | datapath/EXMEM_aluResult_reg[7] | CK ^        |         |       |   0.231 |    0.162 | 
     | datapath/EXMEM_aluResult_reg[7] | CK ^ -> Q v | DFFR_X1 | 0.096 |   0.327 |    0.258 | 
     | datapath/MEMWB_aluResult_reg[7] | D v         | DFFR_X1 | 0.000 |   0.327 |    0.258 | 
     +--------------------------------------------------------------------------------------+ 
Path 24: MET Hold Check with Pin datapath/EXMEM_memRead_reg/CK 
Endpoint:   datapath/EXMEM_memRead_reg/D (v) checked with  leading edge of 'clk'
Beginpoint: datapath/IDEX_memRead_reg/Q  (v) triggered by  leading edge of 'clk'
Path Groups: {reg2reg}
Analysis View: RPT_TYP
Other End Arrival Time          0.216
+ Hold                          0.006
+ Phase Shift                   0.000
- CPPR Adjustment               0.000
+ Uncertainty                   0.020
= Required Time                 0.242
  Arrival Time                  0.311
  Slack Time                    0.069
     Clock Rise Edge                 0.000
     + Clock Network Latency (Prop)  0.217
     = Beginpoint Arrival Time       0.217
     +---------------------------------------------------------------------------------+ 
     |          Instance          |     Arc     |  Cell   | Delay | Arrival | Required | 
     |                            |             |         |       |  Time   |   Time   | 
     |----------------------------+-------------+---------+-------+---------+----------| 
     | datapath/IDEX_memRead_reg  | CK ^        |         |       |   0.217 |    0.148 | 
     | datapath/IDEX_memRead_reg  | CK ^ -> Q v | DFFR_X1 | 0.095 |   0.311 |    0.242 | 
     | datapath/EXMEM_memRead_reg | D v         | DFFR_X1 | 0.000 |   0.311 |    0.242 | 
     +---------------------------------------------------------------------------------+ 
Path 25: MET Hold Check with Pin datapath/EXMEM_storeData_reg[16]/CK 
Endpoint:   datapath/EXMEM_storeData_reg[16]/D (v) checked with  leading edge 
of 'clk'
Beginpoint: datapath/IDEX_readData2_reg[16]/QN (^) triggered by  leading edge 
of 'clk'
Path Groups: {reg2reg}
Analysis View: RPT_TYP
Other End Arrival Time          0.229
+ Hold                          0.006
+ Phase Shift                   0.000
- CPPR Adjustment               0.000
+ Uncertainty                   0.020
= Required Time                 0.255
  Arrival Time                  0.324
  Slack Time                    0.069
     Clock Rise Edge                 0.000
     + Clock Network Latency (Prop)  0.229
     = Beginpoint Arrival Time       0.229
     +-----------------------------------------------------------------------------------------+ 
     |             Instance             |     Arc      |   Cell   | Delay | Arrival | Required | 
     |                                  |              |          |       |  Time   |   Time   | 
     |----------------------------------+--------------+----------+-------+---------+----------| 
     | datapath/IDEX_readData2_reg[16]  | CK ^         |          |       |   0.229 |    0.160 | 
     | datapath/IDEX_readData2_reg[16]  | CK ^ -> QN ^ | DFFR_X1  | 0.073 |   0.302 |    0.233 | 
     | datapath/g26058                  | B2 ^ -> ZN v | OAI21_X1 | 0.022 |   0.324 |    0.255 | 
     | datapath/EXMEM_storeData_reg[16] | D v          | DFFR_X1  | 0.000 |   0.324 |    0.255 | 
     +-----------------------------------------------------------------------------------------+ 
Path 26: MET Hold Check with Pin datapath/MEMWB_aluResult_reg[25]/CK 
Endpoint:   datapath/MEMWB_aluResult_reg[25]/D (v) checked with  leading edge 
of 'clk'
Beginpoint: datapath/EXMEM_aluResult_reg[25]/Q (v) triggered by  leading edge 
of 'clk'
Path Groups: {reg2reg}
Analysis View: RPT_TYP
Other End Arrival Time          0.231
+ Hold                          0.006
+ Phase Shift                   0.000
- CPPR Adjustment               0.000
+ Uncertainty                   0.020
= Required Time                 0.256
  Arrival Time                  0.325
  Slack Time                    0.069
     Clock Rise Edge                 0.000
     + Clock Network Latency (Prop)  0.231
     = Beginpoint Arrival Time       0.231
     +---------------------------------------------------------------------------------------+ 
     |             Instance             |     Arc     |  Cell   | Delay | Arrival | Required | 
     |                                  |             |         |       |  Time   |   Time   | 
     |----------------------------------+-------------+---------+-------+---------+----------| 
     | datapath/EXMEM_aluResult_reg[25] | CK ^        |         |       |   0.231 |    0.162 | 
     | datapath/EXMEM_aluResult_reg[25] | CK ^ -> Q v | DFFR_X1 | 0.094 |   0.325 |    0.256 | 
     | datapath/MEMWB_aluResult_reg[25] | D v         | DFFR_X1 | 0.000 |   0.325 |    0.256 | 
     +---------------------------------------------------------------------------------------+ 
Path 27: MET Hold Check with Pin datapath/EXMEM_storeData_reg[11]/CK 
Endpoint:   datapath/EXMEM_storeData_reg[11]/D (v) checked with  leading edge 
of 'clk'
Beginpoint: datapath/IDEX_readData2_reg[11]/QN (^) triggered by  leading edge 
of 'clk'
Path Groups: {reg2reg}
Analysis View: RPT_TYP
Other End Arrival Time          0.231
+ Hold                          0.006
+ Phase Shift                   0.000
- CPPR Adjustment               0.000
+ Uncertainty                   0.020
= Required Time                 0.257
  Arrival Time                  0.327
  Slack Time                    0.070
     Clock Rise Edge                 0.000
     + Clock Network Latency (Prop)  0.232
     = Beginpoint Arrival Time       0.232
     +------------------------------------------------------------------------------------------+ 
     |             Instance             |     Arc      |   Cell    | Delay | Arrival | Required | 
     |                                  |              |           |       |  Time   |   Time   | 
     |----------------------------------+--------------+-----------+-------+---------+----------| 
     | datapath/IDEX_readData2_reg[11]  | CK ^         |           |       |   0.232 |    0.162 | 
     | datapath/IDEX_readData2_reg[11]  | CK ^ -> QN ^ | DFFR_X1   | 0.074 |   0.305 |    0.236 | 
     | datapath/g26014                  | A2 ^ -> ZN v | OAI222_X1 | 0.022 |   0.327 |    0.257 | 
     | datapath/EXMEM_storeData_reg[11] | D v          | DFFR_X1   | 0.000 |   0.327 |    0.257 | 
     +------------------------------------------------------------------------------------------+ 
Path 28: MET Hold Check with Pin datapath/MEMWB_aluResult_reg[22]/CK 
Endpoint:   datapath/MEMWB_aluResult_reg[22]/D (v) checked with  leading edge 
of 'clk'
Beginpoint: datapath/EXMEM_aluResult_reg[22]/Q (v) triggered by  leading edge 
of 'clk'
Path Groups: {reg2reg}
Analysis View: RPT_TYP
Other End Arrival Time          0.231
+ Hold                          0.006
+ Phase Shift                   0.000
- CPPR Adjustment               0.000
+ Uncertainty                   0.020
= Required Time                 0.256
  Arrival Time                  0.326
  Slack Time                    0.070
     Clock Rise Edge                 0.000
     + Clock Network Latency (Prop)  0.229
     = Beginpoint Arrival Time       0.229
     +---------------------------------------------------------------------------------------+ 
     |             Instance             |     Arc     |  Cell   | Delay | Arrival | Required | 
     |                                  |             |         |       |  Time   |   Time   | 
     |----------------------------------+-------------+---------+-------+---------+----------| 
     | datapath/EXMEM_aluResult_reg[22] | CK ^        |         |       |   0.229 |    0.159 | 
     | datapath/EXMEM_aluResult_reg[22] | CK ^ -> Q v | DFFR_X1 | 0.098 |   0.326 |    0.256 | 
     | datapath/MEMWB_aluResult_reg[22] | D v         | DFFR_X1 | 0.000 |   0.326 |    0.256 | 
     +---------------------------------------------------------------------------------------+ 
Path 29: MET Hold Check with Pin datapath/MEMWB_aluResult_reg[16]/CK 
Endpoint:   datapath/MEMWB_aluResult_reg[16]/D (v) checked with  leading edge 
of 'clk'
Beginpoint: datapath/EXMEM_aluResult_reg[16]/Q (v) triggered by  leading edge 
of 'clk'
Path Groups: {reg2reg}
Analysis View: RPT_TYP
Other End Arrival Time          0.232
+ Hold                          0.006
+ Phase Shift                   0.000
- CPPR Adjustment               0.000
+ Uncertainty                   0.020
= Required Time                 0.258
  Arrival Time                  0.328
  Slack Time                    0.070
     Clock Rise Edge                 0.000
     + Clock Network Latency (Prop)  0.229
     = Beginpoint Arrival Time       0.229
     +---------------------------------------------------------------------------------------+ 
     |             Instance             |     Arc     |  Cell   | Delay | Arrival | Required | 
     |                                  |             |         |       |  Time   |   Time   | 
     |----------------------------------+-------------+---------+-------+---------+----------| 
     | datapath/EXMEM_aluResult_reg[16] | CK ^        |         |       |   0.229 |    0.159 | 
     | datapath/EXMEM_aluResult_reg[16] | CK ^ -> Q v | DFFR_X1 | 0.098 |   0.328 |    0.258 | 
     | datapath/MEMWB_aluResult_reg[16] | D v         | DFFR_X1 | 0.000 |   0.328 |    0.258 | 
     +---------------------------------------------------------------------------------------+ 
Path 30: MET Hold Check with Pin datapath/MEMWB_aluResult_reg[23]/CK 
Endpoint:   datapath/MEMWB_aluResult_reg[23]/D (v) checked with  leading edge 
of 'clk'
Beginpoint: datapath/EXMEM_aluResult_reg[23]/Q (v) triggered by  leading edge 
of 'clk'
Path Groups: {reg2reg}
Analysis View: RPT_TYP
Other End Arrival Time          0.231
+ Hold                          0.006
+ Phase Shift                   0.000
- CPPR Adjustment               0.000
+ Uncertainty                   0.020
= Required Time                 0.257
  Arrival Time                  0.327
  Slack Time                    0.070
     Clock Rise Edge                 0.000
     + Clock Network Latency (Prop)  0.231
     = Beginpoint Arrival Time       0.231
     +---------------------------------------------------------------------------------------+ 
     |             Instance             |     Arc     |  Cell   | Delay | Arrival | Required | 
     |                                  |             |         |       |  Time   |   Time   | 
     |----------------------------------+-------------+---------+-------+---------+----------| 
     | datapath/EXMEM_aluResult_reg[23] | CK ^        |         |       |   0.231 |    0.161 | 
     | datapath/EXMEM_aluResult_reg[23] | CK ^ -> Q v | DFFR_X1 | 0.096 |   0.327 |    0.257 | 
     | datapath/MEMWB_aluResult_reg[23] | D v         | DFFR_X1 | 0.000 |   0.327 |    0.257 | 
     +---------------------------------------------------------------------------------------+ 
Path 31: MET Hold Check with Pin datapath/EXMEM_storeData_reg[20]/CK 
Endpoint:   datapath/EXMEM_storeData_reg[20]/D (v) checked with  leading edge 
of 'clk'
Beginpoint: datapath/IDEX_readData2_reg[20]/QN (^) triggered by  leading edge 
of 'clk'
Path Groups: {reg2reg}
Analysis View: RPT_TYP
Other End Arrival Time          0.229
+ Hold                          0.006
+ Phase Shift                   0.000
- CPPR Adjustment               0.000
+ Uncertainty                   0.020
= Required Time                 0.255
  Arrival Time                  0.325
  Slack Time                    0.070
     Clock Rise Edge                 0.000
     + Clock Network Latency (Prop)  0.229
     = Beginpoint Arrival Time       0.229
     +------------------------------------------------------------------------------------------+ 
     |             Instance             |     Arc      |   Cell    | Delay | Arrival | Required | 
     |                                  |              |           |       |  Time   |   Time   | 
     |----------------------------------+--------------+-----------+-------+---------+----------| 
     | datapath/IDEX_readData2_reg[20]  | CK ^         |           |       |   0.229 |    0.159 | 
     | datapath/IDEX_readData2_reg[20]  | CK ^ -> QN ^ | DFFR_X1   | 0.073 |   0.302 |    0.232 | 
     | datapath/g26006                  | A2 ^ -> ZN v | OAI222_X1 | 0.022 |   0.325 |    0.255 | 
     | datapath/EXMEM_storeData_reg[20] | D v          | DFFR_X1   | 0.000 |   0.325 |    0.255 | 
     +------------------------------------------------------------------------------------------+ 
Path 32: MET Hold Check with Pin datapath/EXMEM_storeData_reg[18]/CK 
Endpoint:   datapath/EXMEM_storeData_reg[18]/D (v) checked with  leading edge 
of 'clk'
Beginpoint: datapath/IDEX_readData2_reg[18]/QN (^) triggered by  leading edge 
of 'clk'
Path Groups: {reg2reg}
Analysis View: RPT_TYP
Other End Arrival Time          0.231
+ Hold                          0.005
+ Phase Shift                   0.000
- CPPR Adjustment               0.000
+ Uncertainty                   0.020
= Required Time                 0.256
  Arrival Time                  0.326
  Slack Time                    0.070
     Clock Rise Edge                 0.000
     + Clock Network Latency (Prop)  0.231
     = Beginpoint Arrival Time       0.231
     +------------------------------------------------------------------------------------------+ 
     |             Instance             |     Arc      |   Cell    | Delay | Arrival | Required | 
     |                                  |              |           |       |  Time   |   Time   | 
     |----------------------------------+--------------+-----------+-------+---------+----------| 
     | datapath/IDEX_readData2_reg[18]  | CK ^         |           |       |   0.231 |    0.160 | 
     | datapath/IDEX_readData2_reg[18]  | CK ^ -> QN ^ | DFFR_X1   | 0.073 |   0.304 |    0.234 | 
     | datapath/g26004                  | A2 ^ -> ZN v | OAI222_X1 | 0.022 |   0.326 |    0.256 | 
     | datapath/EXMEM_storeData_reg[18] | D v          | DFFR_X1   | 0.000 |   0.326 |    0.256 | 
     +------------------------------------------------------------------------------------------+ 
Path 33: MET Hold Check with Pin datapath/MEMWB_aluResult_reg[5]/CK 
Endpoint:   datapath/MEMWB_aluResult_reg[5]/D (v) checked with  leading edge of 
'clk'
Beginpoint: datapath/EXMEM_aluResult_reg[5]/Q (v) triggered by  leading edge of 
'clk'
Path Groups: {reg2reg}
Analysis View: RPT_TYP
Other End Arrival Time          0.229
+ Hold                          0.006
+ Phase Shift                   0.000
- CPPR Adjustment               0.000
+ Uncertainty                   0.020
= Required Time                 0.255
  Arrival Time                  0.326
  Slack Time                    0.071
     Clock Rise Edge                 0.000
     + Clock Network Latency (Prop)  0.229
     = Beginpoint Arrival Time       0.229
     +--------------------------------------------------------------------------------------+ 
     |            Instance             |     Arc     |  Cell   | Delay | Arrival | Required | 
     |                                 |             |         |       |  Time   |   Time   | 
     |---------------------------------+-------------+---------+-------+---------+----------| 
     | datapath/EXMEM_aluResult_reg[5] | CK ^        |         |       |   0.229 |    0.158 | 
     | datapath/EXMEM_aluResult_reg[5] | CK ^ -> Q v | DFFR_X1 | 0.097 |   0.326 |    0.255 | 
     | datapath/MEMWB_aluResult_reg[5] | D v         | DFFR_X1 | 0.000 |   0.326 |    0.255 | 
     +--------------------------------------------------------------------------------------+ 
Path 34: MET Hold Check with Pin datapath/EXMEM_storeData_reg[15]/CK 
Endpoint:   datapath/EXMEM_storeData_reg[15]/D (v) checked with  leading edge 
of 'clk'
Beginpoint: datapath/IDEX_readData2_reg[15]/QN (^) triggered by  leading edge 
of 'clk'
Path Groups: {reg2reg}
Analysis View: RPT_TYP
Other End Arrival Time          0.231
+ Hold                          0.006
+ Phase Shift                   0.000
- CPPR Adjustment               0.000
+ Uncertainty                   0.020
= Required Time                 0.257
  Arrival Time                  0.328
  Slack Time                    0.071
     Clock Rise Edge                 0.000
     + Clock Network Latency (Prop)  0.232
     = Beginpoint Arrival Time       0.232
     +------------------------------------------------------------------------------------------+ 
     |             Instance             |     Arc      |   Cell    | Delay | Arrival | Required | 
     |                                  |              |           |       |  Time   |   Time   | 
     |----------------------------------+--------------+-----------+-------+---------+----------| 
     | datapath/IDEX_readData2_reg[15]  | CK ^         |           |       |   0.232 |    0.161 | 
     | datapath/IDEX_readData2_reg[15]  | CK ^ -> QN ^ | DFFR_X1   | 0.075 |   0.306 |    0.235 | 
     | datapath/g26018                  | A2 ^ -> ZN v | OAI222_X1 | 0.022 |   0.328 |    0.257 | 
     | datapath/EXMEM_storeData_reg[15] | D v          | DFFR_X1   | 0.000 |   0.328 |    0.257 | 
     +------------------------------------------------------------------------------------------+ 
Path 35: MET Hold Check with Pin datapath/EXMEM_storeData_reg[24]/CK 
Endpoint:   datapath/EXMEM_storeData_reg[24]/D (v) checked with  leading edge 
of 'clk'
Beginpoint: datapath/IDEX_readData2_reg[24]/QN (^) triggered by  leading edge 
of 'clk'
Path Groups: {reg2reg}
Analysis View: RPT_TYP
Other End Arrival Time          0.229
+ Hold                          0.006
+ Phase Shift                   0.000
- CPPR Adjustment               0.000
+ Uncertainty                   0.020
= Required Time                 0.254
  Arrival Time                  0.326
  Slack Time                    0.071
     Clock Rise Edge                 0.000
     + Clock Network Latency (Prop)  0.232
     = Beginpoint Arrival Time       0.232
     +-----------------------------------------------------------------------------------------+ 
     |             Instance             |     Arc      |   Cell   | Delay | Arrival | Required | 
     |                                  |              |          |       |  Time   |   Time   | 
     |----------------------------------+--------------+----------+-------+---------+----------| 
     | datapath/IDEX_readData2_reg[24]  | CK ^         |          |       |   0.232 |    0.160 | 
     | datapath/IDEX_readData2_reg[24]  | CK ^ -> QN ^ | DFFR_X1  | 0.072 |   0.304 |    0.232 | 
     | datapath/g26060                  | B2 ^ -> ZN v | OAI21_X1 | 0.022 |   0.326 |    0.254 | 
     | datapath/EXMEM_storeData_reg[24] | D v          | DFFR_X1  | 0.000 |   0.326 |    0.254 | 
     +-----------------------------------------------------------------------------------------+ 
Path 36: MET Hold Check with Pin datapath/MEMWB_aluResult_reg[14]/CK 
Endpoint:   datapath/MEMWB_aluResult_reg[14]/D (v) checked with  leading edge 
of 'clk'
Beginpoint: datapath/EXMEM_aluResult_reg[14]/Q (v) triggered by  leading edge 
of 'clk'
Path Groups: {reg2reg}
Analysis View: RPT_TYP
Other End Arrival Time          0.231
+ Hold                          0.006
+ Phase Shift                   0.000
- CPPR Adjustment               0.000
+ Uncertainty                   0.020
= Required Time                 0.257
  Arrival Time                  0.328
  Slack Time                    0.071
     Clock Rise Edge                 0.000
     + Clock Network Latency (Prop)  0.231
     = Beginpoint Arrival Time       0.231
     +---------------------------------------------------------------------------------------+ 
     |             Instance             |     Arc     |  Cell   | Delay | Arrival | Required | 
     |                                  |             |         |       |  Time   |   Time   | 
     |----------------------------------+-------------+---------+-------+---------+----------| 
     | datapath/EXMEM_aluResult_reg[14] | CK ^        |         |       |   0.231 |    0.160 | 
     | datapath/EXMEM_aluResult_reg[14] | CK ^ -> Q v | DFFR_X1 | 0.097 |   0.328 |    0.257 | 
     | datapath/MEMWB_aluResult_reg[14] | D v         | DFFR_X1 | 0.000 |   0.328 |    0.257 | 
     +---------------------------------------------------------------------------------------+ 
Path 37: MET Hold Check with Pin datapath/EXMEM_storeData_reg[19]/CK 
Endpoint:   datapath/EXMEM_storeData_reg[19]/D (v) checked with  leading edge 
of 'clk'
Beginpoint: datapath/IDEX_readData2_reg[19]/QN (^) triggered by  leading edge 
of 'clk'
Path Groups: {reg2reg}
Analysis View: RPT_TYP
Other End Arrival Time          0.231
+ Hold                          0.005
+ Phase Shift                   0.000
- CPPR Adjustment               0.000
+ Uncertainty                   0.020
= Required Time                 0.256
  Arrival Time                  0.328
  Slack Time                    0.072
     Clock Rise Edge                 0.000
     + Clock Network Latency (Prop)  0.233
     = Beginpoint Arrival Time       0.233
     +------------------------------------------------------------------------------------------+ 
     |             Instance             |     Arc      |   Cell    | Delay | Arrival | Required | 
     |                                  |              |           |       |  Time   |   Time   | 
     |----------------------------------+--------------+-----------+-------+---------+----------| 
     | datapath/IDEX_readData2_reg[19]  | CK ^         |           |       |   0.233 |    0.161 | 
     | datapath/IDEX_readData2_reg[19]  | CK ^ -> QN ^ | DFFR_X1   | 0.074 |   0.306 |    0.235 | 
     | datapath/g26005                  | A2 ^ -> ZN v | OAI222_X1 | 0.021 |   0.328 |    0.256 | 
     | datapath/EXMEM_storeData_reg[19] | D v          | DFFR_X1   | 0.000 |   0.328 |    0.256 | 
     +------------------------------------------------------------------------------------------+ 
Path 38: MET Hold Check with Pin datapath/EXMEM_storeData_reg[23]/CK 
Endpoint:   datapath/EXMEM_storeData_reg[23]/D (v) checked with  leading edge 
of 'clk'
Beginpoint: datapath/IDEX_readData2_reg[23]/QN (^) triggered by  leading edge 
of 'clk'
Path Groups: {reg2reg}
Analysis View: RPT_TYP
Other End Arrival Time          0.229
+ Hold                          0.006
+ Phase Shift                   0.000
- CPPR Adjustment               0.000
+ Uncertainty                   0.020
= Required Time                 0.254
  Arrival Time                  0.326
  Slack Time                    0.072
     Clock Rise Edge                 0.000
     + Clock Network Latency (Prop)  0.231
     = Beginpoint Arrival Time       0.231
     +------------------------------------------------------------------------------------------+ 
     |             Instance             |     Arc      |   Cell    | Delay | Arrival | Required | 
     |                                  |              |           |       |  Time   |   Time   | 
     |----------------------------------+--------------+-----------+-------+---------+----------| 
     | datapath/IDEX_readData2_reg[23]  | CK ^         |           |       |   0.231 |    0.160 | 
     | datapath/IDEX_readData2_reg[23]  | CK ^ -> QN ^ | DFFR_X1   | 0.073 |   0.304 |    0.233 | 
     | datapath/g26008                  | A2 ^ -> ZN v | OAI222_X1 | 0.022 |   0.326 |    0.254 | 
     | datapath/EXMEM_storeData_reg[23] | D v          | DFFR_X1   | 0.000 |   0.326 |    0.254 | 
     +------------------------------------------------------------------------------------------+ 
Path 39: MET Hold Check with Pin datapath/EXMEM_storeData_reg[13]/CK 
Endpoint:   datapath/EXMEM_storeData_reg[13]/D (v) checked with  leading edge 
of 'clk'
Beginpoint: datapath/IDEX_readData2_reg[13]/QN (^) triggered by  leading edge 
of 'clk'
Path Groups: {reg2reg}
Analysis View: RPT_TYP
Other End Arrival Time          0.229
+ Hold                          0.006
+ Phase Shift                   0.000
- CPPR Adjustment               0.000
+ Uncertainty                   0.020
= Required Time                 0.255
  Arrival Time                  0.327
  Slack Time                    0.073
     Clock Rise Edge                 0.000
     + Clock Network Latency (Prop)  0.231
     = Beginpoint Arrival Time       0.231
     +------------------------------------------------------------------------------------------+ 
     |             Instance             |     Arc      |   Cell    | Delay | Arrival | Required | 
     |                                  |              |           |       |  Time   |   Time   | 
     |----------------------------------+--------------+-----------+-------+---------+----------| 
     | datapath/IDEX_readData2_reg[13]  | CK ^         |           |       |   0.231 |    0.159 | 
     | datapath/IDEX_readData2_reg[13]  | CK ^ -> QN ^ | DFFR_X1   | 0.074 |   0.305 |    0.232 | 
     | datapath/g26016                  | A2 ^ -> ZN v | OAI222_X1 | 0.022 |   0.327 |    0.255 | 
     | datapath/EXMEM_storeData_reg[13] | D v          | DFFR_X1   | 0.000 |   0.327 |    0.255 | 
     +------------------------------------------------------------------------------------------+ 
Path 40: MET Hold Check with Pin datapath/MEMWB_aluResult_reg[12]/CK 
Endpoint:   datapath/MEMWB_aluResult_reg[12]/D (v) checked with  leading edge 
of 'clk'
Beginpoint: datapath/EXMEM_aluResult_reg[12]/Q (v) triggered by  leading edge 
of 'clk'
Path Groups: {reg2reg}
Analysis View: RPT_TYP
Other End Arrival Time          0.229
+ Hold                          0.006
+ Phase Shift                   0.000
- CPPR Adjustment               0.000
+ Uncertainty                   0.020
= Required Time                 0.254
  Arrival Time                  0.327
  Slack Time                    0.073
     Clock Rise Edge                 0.000
     + Clock Network Latency (Prop)  0.231
     = Beginpoint Arrival Time       0.231
     +---------------------------------------------------------------------------------------+ 
     |             Instance             |     Arc     |  Cell   | Delay | Arrival | Required | 
     |                                  |             |         |       |  Time   |   Time   | 
     |----------------------------------+-------------+---------+-------+---------+----------| 
     | datapath/EXMEM_aluResult_reg[12] | CK ^        |         |       |   0.231 |    0.158 | 
     | datapath/EXMEM_aluResult_reg[12] | CK ^ -> Q v | DFFR_X1 | 0.096 |   0.327 |    0.254 | 
     | datapath/MEMWB_aluResult_reg[12] | D v         | DFFR_X1 | 0.000 |   0.327 |    0.254 | 
     +---------------------------------------------------------------------------------------+ 
Path 41: MET Hold Check with Pin datapath/IF_pc_reg[1]/CK 
Endpoint:   datapath/IF_pc_reg[1]/SI (^) checked with  leading edge of 'clk'
Beginpoint: datapath/IF_pc_reg[1]/Q  (^) triggered by  leading edge of 'clk'
Path Groups: {reg2reg}
Analysis View: RPT_TYP
Other End Arrival Time          0.215
+ Hold                         -0.009
+ Phase Shift                   0.000
- CPPR Adjustment               0.000
+ Uncertainty                   0.020
= Required Time                 0.226
  Arrival Time                  0.299
  Slack Time                    0.073
     Clock Rise Edge                 0.000
     + Clock Network Latency (Prop)  0.215
     = Beginpoint Arrival Time       0.215
     +-----------------------------------------------------------------------------+ 
     |       Instance        |     Arc     |   Cell   | Delay | Arrival | Required | 
     |                       |             |          |       |  Time   |   Time   | 
     |-----------------------+-------------+----------+-------+---------+----------| 
     | datapath/IF_pc_reg[1] | CK ^        |          |       |   0.215 |    0.142 | 
     | datapath/IF_pc_reg[1] | CK ^ -> Q ^ | SDFFR_X1 | 0.084 |   0.299 |    0.226 | 
     | datapath/IF_pc_reg[1] | SI ^        | SDFFR_X1 | 0.000 |   0.299 |    0.226 | 
     +-----------------------------------------------------------------------------+ 
Path 42: MET Hold Check with Pin datapath/MEMWB_aluResult_reg[4]/CK 
Endpoint:   datapath/MEMWB_aluResult_reg[4]/D (v) checked with  leading edge of 
'clk'
Beginpoint: datapath/EXMEM_aluResult_reg[4]/Q (v) triggered by  leading edge of 
'clk'
Path Groups: {reg2reg}
Analysis View: RPT_TYP
Other End Arrival Time          0.232
+ Hold                          0.006
+ Phase Shift                   0.000
- CPPR Adjustment               0.000
+ Uncertainty                   0.020
= Required Time                 0.258
  Arrival Time                  0.331
  Slack Time                    0.073
     Clock Rise Edge                 0.000
     + Clock Network Latency (Prop)  0.231
     = Beginpoint Arrival Time       0.231
     +--------------------------------------------------------------------------------------+ 
     |            Instance             |     Arc     |  Cell   | Delay | Arrival | Required | 
     |                                 |             |         |       |  Time   |   Time   | 
     |---------------------------------+-------------+---------+-------+---------+----------| 
     | datapath/EXMEM_aluResult_reg[4] | CK ^        |         |       |   0.231 |    0.158 | 
     | datapath/EXMEM_aluResult_reg[4] | CK ^ -> Q v | DFFR_X1 | 0.100 |   0.331 |    0.258 | 
     | datapath/MEMWB_aluResult_reg[4] | D v         | DFFR_X1 | 0.000 |   0.331 |    0.258 | 
     +--------------------------------------------------------------------------------------+ 
Path 43: MET Hold Check with Pin datapath/MEMWB_aluResult_reg[21]/CK 
Endpoint:   datapath/MEMWB_aluResult_reg[21]/D (v) checked with  leading edge 
of 'clk'
Beginpoint: datapath/EXMEM_aluResult_reg[21]/Q (v) triggered by  leading edge 
of 'clk'
Path Groups: {reg2reg}
Analysis View: RPT_TYP
Other End Arrival Time          0.230
+ Hold                          0.006
+ Phase Shift                   0.000
- CPPR Adjustment               0.000
+ Uncertainty                   0.020
= Required Time                 0.255
  Arrival Time                  0.329
  Slack Time                    0.073
     Clock Rise Edge                 0.000
     + Clock Network Latency (Prop)  0.231
     = Beginpoint Arrival Time       0.231
     +---------------------------------------------------------------------------------------+ 
     |             Instance             |     Arc     |  Cell   | Delay | Arrival | Required | 
     |                                  |             |         |       |  Time   |   Time   | 
     |----------------------------------+-------------+---------+-------+---------+----------| 
     | datapath/EXMEM_aluResult_reg[21] | CK ^        |         |       |   0.231 |    0.157 | 
     | datapath/EXMEM_aluResult_reg[21] | CK ^ -> Q v | DFFR_X1 | 0.098 |   0.329 |    0.255 | 
     | datapath/MEMWB_aluResult_reg[21] | D v         | DFFR_X1 | 0.000 |   0.329 |    0.255 | 
     +---------------------------------------------------------------------------------------+ 
Path 44: MET Hold Check with Pin datapath/EXMEM_storeData_reg[21]/CK 
Endpoint:   datapath/EXMEM_storeData_reg[21]/D (v) checked with  leading edge 
of 'clk'
Beginpoint: datapath/IDEX_readData2_reg[21]/QN (^) triggered by  leading edge 
of 'clk'
Path Groups: {reg2reg}
Analysis View: RPT_TYP
Other End Arrival Time          0.231
+ Hold                          0.005
+ Phase Shift                   0.000
- CPPR Adjustment               0.000
+ Uncertainty                   0.020
= Required Time                 0.256
  Arrival Time                  0.330
  Slack Time                    0.073
     Clock Rise Edge                 0.000
     + Clock Network Latency (Prop)  0.233
     = Beginpoint Arrival Time       0.233
     +------------------------------------------------------------------------------------------+ 
     |             Instance             |     Arc      |   Cell    | Delay | Arrival | Required | 
     |                                  |              |           |       |  Time   |   Time   | 
     |----------------------------------+--------------+-----------+-------+---------+----------| 
     | datapath/IDEX_readData2_reg[21]  | CK ^         |           |       |   0.233 |    0.159 | 
     | datapath/IDEX_readData2_reg[21]  | CK ^ -> QN ^ | DFFR_X1   | 0.075 |   0.307 |    0.234 | 
     | datapath/g26007                  | A2 ^ -> ZN v | OAI222_X1 | 0.022 |   0.330 |    0.256 | 
     | datapath/EXMEM_storeData_reg[21] | D v          | DFFR_X1   | 0.000 |   0.330 |    0.256 | 
     +------------------------------------------------------------------------------------------+ 
Path 45: MET Hold Check with Pin datapath/registers_RF_reg[8][16]/CK 
Endpoint:   datapath/registers_RF_reg[8][16]/SI (^) checked with  leading edge 
of 'clk'
Beginpoint: datapath/registers_RF_reg[8][16]/Q  (^) triggered by  leading edge 
of 'clk'
Path Groups: {reg2reg}
Analysis View: RPT_TYP
Other End Arrival Time          0.233
+ Hold                         -0.009
+ Phase Shift                   0.000
- CPPR Adjustment               0.000
+ Uncertainty                   0.020
= Required Time                 0.244
  Arrival Time                  0.318
  Slack Time                    0.074
     Clock Rise Edge                 0.000
     + Clock Network Latency (Prop)  0.232
     = Beginpoint Arrival Time       0.232
     +----------------------------------------------------------------------------------------+ 
     |             Instance             |     Arc     |   Cell   | Delay | Arrival | Required | 
     |                                  |             |          |       |  Time   |   Time   | 
     |----------------------------------+-------------+----------+-------+---------+----------| 
     | datapath/registers_RF_reg[8][16] | CK ^        |          |       |   0.232 |    0.158 | 
     | datapath/registers_RF_reg[8][16] | CK ^ -> Q ^ | SDFFR_X1 | 0.086 |   0.318 |    0.244 | 
     | datapath/registers_RF_reg[8][16] | SI ^        | SDFFR_X1 | 0.000 |   0.318 |    0.244 | 
     +----------------------------------------------------------------------------------------+ 
Path 46: MET Hold Check with Pin datapath/registers_RF_reg[1][28]/CK 
Endpoint:   datapath/registers_RF_reg[1][28]/SI (^) checked with  leading edge 
of 'clk'
Beginpoint: datapath/registers_RF_reg[1][28]/Q  (^) triggered by  leading edge 
of 'clk'
Path Groups: {reg2reg}
Analysis View: RPT_TYP
Other End Arrival Time          0.233
+ Hold                         -0.009
+ Phase Shift                   0.000
- CPPR Adjustment               0.000
+ Uncertainty                   0.020
= Required Time                 0.244
  Arrival Time                  0.318
  Slack Time                    0.074
     Clock Rise Edge                 0.000
     + Clock Network Latency (Prop)  0.232
     = Beginpoint Arrival Time       0.232
     +----------------------------------------------------------------------------------------+ 
     |             Instance             |     Arc     |   Cell   | Delay | Arrival | Required | 
     |                                  |             |          |       |  Time   |   Time   | 
     |----------------------------------+-------------+----------+-------+---------+----------| 
     | datapath/registers_RF_reg[1][28] | CK ^        |          |       |   0.232 |    0.158 | 
     | datapath/registers_RF_reg[1][28] | CK ^ -> Q ^ | SDFFR_X1 | 0.086 |   0.318 |    0.244 | 
     | datapath/registers_RF_reg[1][28] | SI ^        | SDFFR_X1 | 0.000 |   0.318 |    0.244 | 
     +----------------------------------------------------------------------------------------+ 
Path 47: MET Hold Check with Pin datapath/registers_RF_reg[1][15]/CK 
Endpoint:   datapath/registers_RF_reg[1][15]/SI (^) checked with  leading edge 
of 'clk'
Beginpoint: datapath/registers_RF_reg[1][15]/Q  (^) triggered by  leading edge 
of 'clk'
Path Groups: {reg2reg}
Analysis View: RPT_TYP
Other End Arrival Time          0.219
+ Hold                         -0.009
+ Phase Shift                   0.000
- CPPR Adjustment               0.000
+ Uncertainty                   0.020
= Required Time                 0.230
  Arrival Time                  0.304
  Slack Time                    0.074
     Clock Rise Edge                 0.000
     + Clock Network Latency (Prop)  0.219
     = Beginpoint Arrival Time       0.219
     +----------------------------------------------------------------------------------------+ 
     |             Instance             |     Arc     |   Cell   | Delay | Arrival | Required | 
     |                                  |             |          |       |  Time   |   Time   | 
     |----------------------------------+-------------+----------+-------+---------+----------| 
     | datapath/registers_RF_reg[1][15] | CK ^        |          |       |   0.219 |    0.145 | 
     | datapath/registers_RF_reg[1][15] | CK ^ -> Q ^ | SDFFR_X1 | 0.085 |   0.304 |    0.230 | 
     | datapath/registers_RF_reg[1][15] | SI ^        | SDFFR_X1 | 0.000 |   0.304 |    0.230 | 
     +----------------------------------------------------------------------------------------+ 
Path 48: MET Hold Check with Pin datapath/registers_RF_reg[1][31]/CK 
Endpoint:   datapath/registers_RF_reg[1][31]/SI (^) checked with  leading edge 
of 'clk'
Beginpoint: datapath/registers_RF_reg[1][31]/Q  (^) triggered by  leading edge 
of 'clk'
Path Groups: {reg2reg}
Analysis View: RPT_TYP
Other End Arrival Time          0.234
+ Hold                         -0.009
+ Phase Shift                   0.000
- CPPR Adjustment               0.000
+ Uncertainty                   0.020
= Required Time                 0.245
  Arrival Time                  0.319
  Slack Time                    0.074
     Clock Rise Edge                 0.000
     + Clock Network Latency (Prop)  0.233
     = Beginpoint Arrival Time       0.233
     +----------------------------------------------------------------------------------------+ 
     |             Instance             |     Arc     |   Cell   | Delay | Arrival | Required | 
     |                                  |             |          |       |  Time   |   Time   | 
     |----------------------------------+-------------+----------+-------+---------+----------| 
     | datapath/registers_RF_reg[1][31] | CK ^        |          |       |   0.233 |    0.158 | 
     | datapath/registers_RF_reg[1][31] | CK ^ -> Q ^ | SDFFR_X1 | 0.087 |   0.319 |    0.245 | 
     | datapath/registers_RF_reg[1][31] | SI ^        | SDFFR_X1 | 0.000 |   0.319 |    0.245 | 
     +----------------------------------------------------------------------------------------+ 
Path 49: MET Hold Check with Pin datapath/registers_RF_reg[8][27]/CK 
Endpoint:   datapath/registers_RF_reg[8][27]/SI (^) checked with  leading edge 
of 'clk'
Beginpoint: datapath/registers_RF_reg[8][27]/Q  (^) triggered by  leading edge 
of 'clk'
Path Groups: {reg2reg}
Analysis View: RPT_TYP
Other End Arrival Time          0.233
+ Hold                         -0.009
+ Phase Shift                   0.000
- CPPR Adjustment               0.000
+ Uncertainty                   0.020
= Required Time                 0.244
  Arrival Time                  0.319
  Slack Time                    0.074
     Clock Rise Edge                 0.000
     + Clock Network Latency (Prop)  0.232
     = Beginpoint Arrival Time       0.232
     +----------------------------------------------------------------------------------------+ 
     |             Instance             |     Arc     |   Cell   | Delay | Arrival | Required | 
     |                                  |             |          |       |  Time   |   Time   | 
     |----------------------------------+-------------+----------+-------+---------+----------| 
     | datapath/registers_RF_reg[8][27] | CK ^        |          |       |   0.232 |    0.158 | 
     | datapath/registers_RF_reg[8][27] | CK ^ -> Q ^ | SDFFR_X1 | 0.087 |   0.319 |    0.244 | 
     | datapath/registers_RF_reg[8][27] | SI ^        | SDFFR_X1 | 0.000 |   0.319 |    0.244 | 
     +----------------------------------------------------------------------------------------+ 
Path 50: MET Hold Check with Pin datapath/registers_RF_reg[16][27]/CK 
Endpoint:   datapath/registers_RF_reg[16][27]/SI (^) checked with  leading edge 
of 'clk'
Beginpoint: datapath/registers_RF_reg[16][27]/Q  (^) triggered by  leading edge 
of 'clk'
Path Groups: {reg2reg}
Analysis View: RPT_TYP
Other End Arrival Time          0.235
+ Hold                         -0.009
+ Phase Shift                   0.000
- CPPR Adjustment               0.000
+ Uncertainty                   0.020
= Required Time                 0.246
  Arrival Time                  0.320
  Slack Time                    0.074
     Clock Rise Edge                 0.000
     + Clock Network Latency (Prop)  0.234
     = Beginpoint Arrival Time       0.234
     +-----------------------------------------------------------------------------------------+ 
     |             Instance              |     Arc     |   Cell   | Delay | Arrival | Required | 
     |                                   |             |          |       |  Time   |   Time   | 
     |-----------------------------------+-------------+----------+-------+---------+----------| 
     | datapath/registers_RF_reg[16][27] | CK ^        |          |       |   0.234 |    0.159 | 
     | datapath/registers_RF_reg[16][27] | CK ^ -> Q ^ | SDFFR_X1 | 0.087 |   0.320 |    0.246 | 
     | datapath/registers_RF_reg[16][27] | SI ^        | SDFFR_X1 | 0.000 |   0.320 |    0.246 | 
     +-----------------------------------------------------------------------------------------+ 

