============================================================
  Generated by:           Genus(TM) Synthesis Solution 23.12-s086_1
  Generated on:           Aug 10 2026  02:10:38 am
  Module:                 pipelined_cpu_core
  Technology libraries:   NangateOpenCellLibrary_slow revision 1.0
                          physical_cells 
  Operating conditions:   slow 
  Interconnect mode:      global
  Area mode:              physical library
============================================================

               Instance                        Module           Cell-Count  Cell-Area  Net-Area   Total-Area 
-------------------------------------------------------------------------------------------------------------
pipelined_cpu_core                    NA                              6386  13302.394  8824.037    22126.431 
  ALU_forward                         alu_fwd_unit                     108    123.956   100.798      224.754 
  branch_forward                      branch_fwd_unit                   38     51.072    28.325       79.397 
  datapath                            pipelined_cpu_datapath          6154  13031.606  8124.081    21155.687 
    ALU_ALU_GEN[0].slice_i_bitAdder   full_adder_95_942                  5      8.778     2.430       11.208 
    ALU_ALU_GEN[0].slice_i_resultMux  mux_4x1_N1                         7      7.182     5.254       12.436 
    ALU_ALU_GEN[10].slice_i_bitAdder  full_adder_95_953                  6     10.640     4.049       14.689 
    ALU_ALU_GEN[10].slice_i_resultMux mux_4x1_N1_31_464                  4      3.990     2.824        6.814 
    ALU_ALU_GEN[11].slice_i_bitAdder  full_adder_95_954                  6     10.640     4.049       14.689 
    ALU_ALU_GEN[11].slice_i_resultMux mux_4x1_N1_31_465                  4      3.990     2.824        6.814 
    ALU_ALU_GEN[12].slice_i_bitAdder  full_adder_95_955                  6     10.640     4.049       14.689 
    ALU_ALU_GEN[12].slice_i_resultMux mux_4x1_N1_31_466                  5      5.586     3.634        9.220 
    ALU_ALU_GEN[13].slice_i_bitAdder  full_adder_95_956                  6     10.640     4.049       14.689 
    ALU_ALU_GEN[13].slice_i_resultMux mux_4x1_N1_31_467                  5      5.586     3.634        9.220 
    ALU_ALU_GEN[14].slice_i_bitAdder  full_adder_95_957                  6     10.640     4.049       14.689 
    ALU_ALU_GEN[14].slice_i_resultMux mux_4x1_N1_31_468                  5      5.586     3.634        9.220 
    ALU_ALU_GEN[15].slice_i_bitAdder  full_adder_95_958                  6     10.640     4.049       14.689 
    ALU_ALU_GEN[15].slice_i_resultMux mux_4x1_N1_31_469                  5      4.522     3.634        8.156 
    ALU_ALU_GEN[16].slice_i_bitAdder  full_adder_95_959                  6     10.640     4.049       14.689 
    ALU_ALU_GEN[16].slice_i_resultMux mux_4x1_N1_31_470                  5      4.522     3.634        8.156 
    ALU_ALU_GEN[17].slice_i_bitAdder  full_adder_95_960                  6     10.640     4.049       14.689 
    ALU_ALU_GEN[17].slice_i_resultMux mux_4x1_N1_31_471                  5      4.522     3.634        8.156 
    ALU_ALU_GEN[18].slice_i_bitAdder  full_adder_95_961                  6     10.640     4.049       14.689 
    ALU_ALU_GEN[18].slice_i_resultMux mux_4x1_N1_31_472                  5      4.522     3.634        8.156 
    ALU_ALU_GEN[19].slice_i_bitAdder  full_adder_95_962                  6     10.640     4.049       14.689 
    ALU_ALU_GEN[19].slice_i_resultMux mux_4x1_N1_31_473                  5      4.522     3.634        8.156 
    ALU_ALU_GEN[1].slice_i_bitAdder   full_adder_95_944                  9     16.226     6.458       22.684 
    ALU_ALU_GEN[1].slice_i_resultMux  mux_4x1_N1_31_455                  4      3.990     2.824        6.814 
    ALU_ALU_GEN[20].slice_i_bitAdder  full_adder_95_963                  6     10.640     4.049       14.689 
    ALU_ALU_GEN[20].slice_i_resultMux mux_4x1_N1_31_474                  5      4.522     3.634        8.156 
    ALU_ALU_GEN[21].slice_i_bitAdder  full_adder_95_964                  6     10.640     4.049       14.689 
    ALU_ALU_GEN[21].slice_i_resultMux mux_4x1_N1_31_475                  5      4.522     3.634        8.156 
    ALU_ALU_GEN[22].slice_i_bitAdder  full_adder_95_965                  6     10.640     4.049       14.689 
    ALU_ALU_GEN[22].slice_i_resultMux mux_4x1_N1_31_476                  5      4.522     3.634        8.156 
    ALU_ALU_GEN[23].slice_i_bitAdder  full_adder_95_966                  6     10.640     4.049       14.689 
    ALU_ALU_GEN[23].slice_i_resultMux mux_4x1_N1_31_477                  5      4.522     3.634        8.156 
    ALU_ALU_GEN[24].slice_i_bitAdder  full_adder_95_967                  6     10.640     4.049       14.689 
    ALU_ALU_GEN[24].slice_i_resultMux mux_4x1_N1_31_478                  5      4.522     3.634        8.156 
    ALU_ALU_GEN[25].slice_i_bitAdder  full_adder_95_968                  6     10.640     4.049       14.689 
    ALU_ALU_GEN[25].slice_i_resultMux mux_4x1_N1_31_479                  5      4.522     3.634        8.156 
    ALU_ALU_GEN[26].slice_i_bitAdder  full_adder_95_969                  6     10.640     4.049       14.689 
    ALU_ALU_GEN[26].slice_i_resultMux mux_4x1_N1_31_480                  5      4.522     3.634        8.156 
    ALU_ALU_GEN[27].slice_i_bitAdder  full_adder_95_970                  7     11.172     4.859       16.031 
    ALU_ALU_GEN[27].slice_i_resultMux mux_4x1_N1_31_481                  6      5.586     4.444       10.030 
    ALU_ALU_GEN[28].slice_i_bitAdder  full_adder_95_971                  7     11.172     4.859       16.031 
    ALU_ALU_GEN[28].slice_i_resultMux mux_4x1_N1_31_482                  6      5.586     4.444       10.030 
    ALU_ALU_GEN[29].slice_i_bitAdder  full_adder_95_972                  7     11.172     4.859       16.031 
    ALU_ALU_GEN[29].slice_i_resultMux mux_4x1_N1_31_483                  6      5.586     4.444       10.030 
    ALU_ALU_GEN[2].slice_i_bitAdder   full_adder_95_945                  6     11.172     3.239       14.411 
    ALU_ALU_GEN[2].slice_i_resultMux  mux_4x1_N1_31_456                  4      3.990     2.824        6.814 
    ALU_ALU_GEN[30].slice_i_bitAdder  full_adder_95_973                  7     11.172     4.859       16.031 
    ALU_ALU_GEN[30].slice_i_resultMux mux_4x1_N1_31                      6      5.586     4.444       10.030 
    ALU_ALU_GEN[3].slice_i_bitAdder   full_adder_95_946                  8     11.438     4.859       16.297 
    ALU_ALU_GEN[3].slice_i_resultMux  mux_4x1_N1_31_457                  4      3.990     2.824        6.814 
    ALU_ALU_GEN[4].slice_i_bitAdder   full_adder_95_947                  6     10.108     3.239       13.347 
    ALU_ALU_GEN[4].slice_i_resultMux  mux_4x1_N1_31_458                  4      3.990     2.824        6.814 
    ALU_ALU_GEN[5].slice_i_bitAdder   full_adder_95_948                  8     11.970     5.254       17.224 
    ALU_ALU_GEN[5].slice_i_resultMux  mux_4x1_N1_31_459                  4      3.990     2.824        6.814 
    ALU_ALU_GEN[6].slice_i_bitAdder   full_adder_95_949                  6      9.842     3.239       13.081 
    ALU_ALU_GEN[6].slice_i_resultMux  mux_4x1_N1_31_460                  4      3.990     2.824        6.814 
    ALU_ALU_GEN[7].slice_i_bitAdder   full_adder_95_950                  6     10.640     4.049       14.689 
    ALU_ALU_GEN[7].slice_i_resultMux  mux_4x1_N1_31_461                  4      3.990     2.824        6.814 
    ALU_ALU_GEN[8].slice_i_bitAdder   full_adder_95_951                  6     10.640     4.049       14.689 
    ALU_ALU_GEN[8].slice_i_resultMux  mux_4x1_N1_31_462                  4      3.990     2.824        6.814 
    ALU_ALU_GEN[9].slice_i_bitAdder   full_adder_95_952                  6     10.640     4.049       14.689 
    ALU_ALU_GEN[9].slice_i_resultMux  mux_4x1_N1_31_463                  4      3.990     2.824        6.814 
    ALU_msb_bitAdder                  full_adder_95_943                  7     11.172     4.859       16.031 
    ALU_msb_resultMux                 mux_4x1_N1_1                       6      5.586     4.049        9.635 
    branch_or_inc_4                   mux_2x1_N32                       99     86.982    71.642      158.624 
    immediate_generation              imm_gen                          119    112.252   113.070      225.322 
    pc_plus_4                         ripple_carry_adder_N32            32     76.874    23.860      100.734 
      FA_GEN[10].fa_i                 full_adder_31_921                  1      2.660     0.000        2.660 
      FA_GEN[11].fa_i                 full_adder_31_922                  1      2.660     0.000        2.660 
      FA_GEN[12].fa_i                 full_adder_31_923                  1      2.660     0.000        2.660 
      FA_GEN[13].fa_i                 full_adder_31_924                  1      2.660     0.000        2.660 
      FA_GEN[14].fa_i                 full_adder_31_925                  1      2.660     0.000        2.660 
      FA_GEN[15].fa_i                 full_adder_31_926                  1      2.660     0.000        2.660 
      FA_GEN[16].fa_i                 full_adder_31_927                  1      2.660     0.000        2.660 
      FA_GEN[17].fa_i                 full_adder_31_928                  1      2.660     0.000        2.660 
      FA_GEN[18].fa_i                 full_adder_31_929                  1      2.660     0.000        2.660 
      FA_GEN[19].fa_i                 full_adder_31_930                  1      2.660     0.000        2.660 
      FA_GEN[20].fa_i                 full_adder_31_931                  1      2.660     0.000        2.660 
      FA_GEN[21].fa_i                 full_adder_31_932                  1      2.660     0.000        2.660 
      FA_GEN[22].fa_i                 full_adder_31_933                  1      2.660     0.000        2.660 
      FA_GEN[23].fa_i                 full_adder_31_934                  1      2.660     0.000        2.660 
      FA_GEN[24].fa_i                 full_adder_31_935                  1      2.660     0.000        2.660 
      FA_GEN[25].fa_i                 full_adder_31_936                  1      2.660     0.000        2.660 
      FA_GEN[26].fa_i                 full_adder_31_937                  1      2.660     0.000        2.660 
      FA_GEN[27].fa_i                 full_adder_31_938                  1      2.660     0.000        2.660 
      FA_GEN[28].fa_i                 full_adder_31_939                  1      2.660     0.000        2.660 
      FA_GEN[29].fa_i                 full_adder_31_940                  1      2.660     0.000        2.660 
      FA_GEN[30].fa_i                 full_adder_31_941                  1      2.660     0.000        2.660 
      FA_GEN[31].fa_i                 full_adder_31                      1      1.596     0.000        1.596 
      FA_GEN[3].fa_i                  full_adder_31_914                  1      2.660     0.000        2.660 
      FA_GEN[4].fa_i                  full_adder_31_915                  1      2.660     0.000        2.660 
      FA_GEN[5].fa_i                  full_adder_31_916                  1      2.660     0.000        2.660 
      FA_GEN[6].fa_i                  full_adder_31_917                  1      2.660     0.000        2.660 
      FA_GEN[7].fa_i                  full_adder_31_918                  2      2.926     0.000        2.926 
      FA_GEN[8].fa_i                  full_adder_31_919                  2      2.926     0.000        2.926 
      FA_GEN[9].fa_i                  full_adder_31_920                  2      2.926     0.000        2.926 
    pc_plus_imm                       ripple_carry_adder_N32_1         184    258.818   153.979      412.797 
      FA_GEN[10].fa_i                 full_adder_95_983                  6      9.576     4.049       13.625 
      FA_GEN[11].fa_i                 full_adder_95_984                  6      8.512     4.049       12.561 
      FA_GEN[12].fa_i                 full_adder_95_985                  6      8.512     4.049       12.561 
      FA_GEN[13].fa_i                 full_adder_95_986                  6      8.512     4.049       12.561 
      FA_GEN[14].fa_i                 full_adder_95_987                  6      8.512     4.049       12.561 
      FA_GEN[15].fa_i                 full_adder_95_988                  6      8.512     4.049       12.561 
      FA_GEN[16].fa_i                 full_adder_95_989                  6      8.512     4.049       12.561 
      FA_GEN[17].fa_i                 full_adder_95_990                  6      8.512     4.049       12.561 
      FA_GEN[18].fa_i                 full_adder_95_991                  6      8.512     4.049       12.561 
      FA_GEN[19].fa_i                 full_adder_95_992                  6      8.512     4.049       12.561 
      FA_GEN[1].fa_i                  full_adder_95_974                  2      3.990     0.000        3.990 
      FA_GEN[20].fa_i                 full_adder_95_993                  6      8.512     4.049       12.561 
      FA_GEN[21].fa_i                 full_adder_95_994                  6      7.980     4.049       12.029 
      FA_GEN[22].fa_i                 full_adder_95_995                  6      8.512     4.049       12.561 
      FA_GEN[23].fa_i                 full_adder_95_996                  6      7.448     4.049       11.497 
      FA_GEN[24].fa_i                 full_adder_95_997                  6      7.980     4.049       12.029 
      FA_GEN[25].fa_i                 full_adder_95_998                  6      8.512     4.049       12.561 
      FA_GEN[26].fa_i                 full_adder_95_999                  6      7.980     4.049       12.029 
      FA_GEN[27].fa_i                 full_adder_95_1000                 6      7.980     4.049       12.029 
      FA_GEN[28].fa_i                 full_adder_95_1001                 6      7.980     4.049       12.029 
      FA_GEN[29].fa_i                 full_adder_95_1002                 7      8.512     4.859       13.371 
      FA_GEN[2].fa_i                  full_adder_95_975                  8     10.108     4.859       14.967 
      FA_GEN[30].fa_i                 full_adder_95_1003                 7      7.980     4.859       12.839 
      FA_GEN[31].fa_i                 full_adder_95                      2      3.192     0.810        4.002 
      FA_GEN[3].fa_i                  full_adder_95_976                  8     11.438     4.859       16.297 
      FA_GEN[4].fa_i                  full_adder_95_977                  6      8.778     3.239       12.017 
      FA_GEN[5].fa_i                  full_adder_95_978                  6     10.108     3.239       13.347 
      FA_GEN[6].fa_i                  full_adder_95_979                  6      8.778     3.239       12.017 
      FA_GEN[7].fa_i                  full_adder_95_980                  6      7.714     3.239       10.953 
      FA_GEN[8].fa_i                  full_adder_95_981                  6      9.576     4.049       13.625 
      FA_GEN[9].fa_i                  full_adder_95_982                  6      9.576     4.049       13.625 
