###############################################################
#  Generated by:      Cadence Innovus 23.12-s091_1
#  OS:                Linux x86_64(Host ID nanohub-2907570-14)
#  Generated on:      Mon Aug 10 15:52:21 2026
#  Design:            pipelined_cpu_core
#  Command:           timeDesign -postRoute -expandedViews -outDir cornerReports
###############################################################

------------------------------------------------------------------
          timeDesign Summary
------------------------------------------------------------------

+--------------------+---------+---------+---------+
|     Setup mode     |   all   | reg2reg | default |
+--------------------+---------+---------+---------+
|           WNS (ns):| -1.060  | -1.060  |  0.010  |
|           TNS (ns):| -87.557 | -87.557 |  0.000  |
|    Violating Paths:|   515   |   515   |    0    |
|          All Paths:|  3499   |  3301   |   230   |
+--------------------+---------+---------+---------+
|RPT_SLOW            | -1.060  | -1.060  |  0.010  |
|                    | -87.557 | -87.557 |  0.000  |
|                    |   515   |   515   |    0    |
|                    |  3499   |  3301   |   230   |
+--------------------+---------+---------+---------+
|RPT_TYP             |  0.692  |  0.692  |  1.202  |
|                    |  0.000  |  0.000  |  0.000  |
|                    |    0    |    0    |    0    |
|                    |  3499   |  3301   |   230   |
+--------------------+---------+---------+---------+
|RPT_FAST            |  0.923  |  0.923  |  1.434  |
|                    |  0.000  |  0.000  |  0.000  |
|                    |    0    |    0    |    0    |
|                    |  3499   |  3301   |   230   |
+--------------------+---------+---------+---------+

+----------------+-------------------------------+------------------+
|                |              Real             |       Total      |
|    DRVs        +------------------+------------+------------------|
|                |  Nr nets(terms)  | Worst Vio  |  Nr nets(terms)  |
+----------------+------------------+------------+------------------+
|   max_cap      |      0 (0)       |   0.000    |      0 (0)       |
|   max_tran     |      1 (37)      |   -0.009   |      1 (37)      |
|   max_fanout   |    148 (148)     |    -54     |    148 (148)     |
|   max_length   |      0 (0)       |     0      |      0 (0)       |
+----------------+------------------+------------+------------------+

Density: 78.331%
       (99.986% with Fillers)
------------------------------------------------------------------
