###############################################################
#  Generated by:      Cadence Innovus 23.12-s091_1
#  OS:                Linux x86_64(Host ID nanohub-2907570-14)
#  Generated on:      Mon Aug 10 15:52:25 2026
#  Design:            pipelined_cpu_core
#  Command:           timeDesign -postRoute -hold -expandedViews -outDir cornerReports
###############################################################

------------------------------------------------------------------
          timeDesign Summary
------------------------------------------------------------------

+--------------------+---------+---------+---------+
|     Hold mode      |   all   | reg2reg | default |
+--------------------+---------+---------+---------+
|           WNS (ns):| -0.251  | -0.136  | -0.251  |
|           TNS (ns):| -1.691  | -0.451  | -1.240  |
|    Violating Paths:|   25    |   14    |   11    |
|          All Paths:|  3499   |  3301   |   230   |
+--------------------+---------+---------+---------+
|RPT_SLOW            | -0.251  | -0.136  | -0.251  |
|                    | -1.463  | -0.222  | -1.240  |
|                    |   13    |    2    |   11    |
|                    |  3499   |  3301   |   230   |
+--------------------+---------+---------+---------+
|RPT_TYP             | -0.089  | -0.089  |  0.426  |
|                    | -0.224  | -0.224  |  0.000  |
|                    |    9    |    9    |    0    |
|                    |  3499   |  3301   |   230   |
+--------------------+---------+---------+---------+
|RPT_FAST            | -0.083  | -0.083  |  0.558  |
|                    | -0.343  | -0.343  |  0.000  |
|                    |   14    |   14    |    0    |
|                    |  3499   |  3301   |   230   |
+--------------------+---------+---------+---------+

Density: 78.331%
       (99.986% with Fillers)
------------------------------------------------------------------
