###############################################################
#  Generated by:      Cadence Innovus 23.12-s091_1
#  OS:                Linux x86_64(Host ID nanohub-2908156-5)
#  Generated on:      Wed Aug 12 17:50:52 2026
#  Design:            pipelined_cpu_core
#  Command:           report_timing -late  -view RPT_FAST -max_paths 50 -nworst 1 > reports/40_setup_fast.rpt
###############################################################
Path 1: MET Late External Delay Assertion 
Endpoint:   dbg_wb_data[13]                (^) checked with  leading edge of 
'clk'
Beginpoint: datapath/MEMWB_memToReg_reg/QN (^) triggered by  leading edge of 
'clk'
Path Groups: {clk}
Analysis View: RPT_FAST
Other End Arrival Time          0.000
- External Delay                1.200
+ Phase Shift                   4.000
+ CPPR Adjustment               0.000
- Uncertainty                   0.100
= Required Time                 2.700
- Arrival Time                  0.332
= Slack Time                    2.368
     Clock Rise Edge                 0.000
     + Clock Network Latency (Prop)  0.102
     = Beginpoint Arrival Time       0.102
     +----------------------------------------------------------------------------------------------+ 
     |             Instance              |        Arc        |  Cell   | Delay | Arrival | Required | 
     |                                   |                   |         |       |  Time   |   Time   | 
     |-----------------------------------+-------------------+---------+-------+---------+----------| 
     | datapath/MEMWB_memToReg_reg       | CK ^              |         |       |   0.102 |    2.471 | 
     | datapath/MEMWB_memToReg_reg       | CK ^ -> QN ^      | DFFR_X1 | 0.044 |   0.146 |    2.515 | 
     | datapath/FE_OFC848_MEMWB_memToReg | A ^ -> ZN v       | INV_X1  | 0.013 |   0.159 |    2.527 | 
     | datapath/FE_OFC849_MEMWB_memToReg | A v -> ZN ^       | INV_X4  | 0.027 |   0.185 |    2.554 | 
     | datapath/FE_OFC683_MEMWB_memToReg | A ^ -> Z ^        | BUF_X1  | 0.050 |   0.235 |    2.604 | 
     | datapath/g26554                   | S ^ -> Z v        | MUX2_X1 | 0.052 |   0.287 |    2.656 | 
     | datapath/FE_DBTC13_n_100          | A v -> ZN ^       | INV_X2  | 0.044 |   0.332 |    2.700 | 
     |                                   | dbg_wb_data[13] ^ |         | 0.000 |   0.332 |    2.700 | 
     +----------------------------------------------------------------------------------------------+ 
Path 2: MET Late External Delay Assertion 
Endpoint:   dbg_wb_data[18]                (^) checked with  leading edge of 
'clk'
Beginpoint: datapath/MEMWB_memToReg_reg/QN (^) triggered by  leading edge of 
'clk'
Path Groups: {clk}
Analysis View: RPT_FAST
Other End Arrival Time          0.000
- External Delay                1.200
+ Phase Shift                   4.000
+ CPPR Adjustment               0.000
- Uncertainty                   0.100
= Required Time                 2.700
- Arrival Time                  0.329
= Slack Time                    2.371
     Clock Rise Edge                 0.000
     + Clock Network Latency (Prop)  0.102
     = Beginpoint Arrival Time       0.102
     +----------------------------------------------------------------------------------------------+ 
     |             Instance              |        Arc        |  Cell   | Delay | Arrival | Required | 
     |                                   |                   |         |       |  Time   |   Time   | 
     |-----------------------------------+-------------------+---------+-------+---------+----------| 
     | datapath/MEMWB_memToReg_reg       | CK ^              |         |       |   0.102 |    2.473 | 
     | datapath/MEMWB_memToReg_reg       | CK ^ -> QN ^      | DFFR_X1 | 0.044 |   0.146 |    2.517 | 
     | datapath/FE_OFC848_MEMWB_memToReg | A ^ -> ZN v       | INV_X1  | 0.013 |   0.159 |    2.530 | 
     | datapath/FE_OFC849_MEMWB_memToReg | A v -> ZN ^       | INV_X4  | 0.027 |   0.185 |    2.556 | 
     | datapath/FE_OFC683_MEMWB_memToReg | A ^ -> Z ^        | BUF_X1  | 0.050 |   0.235 |    2.606 | 
     | datapath/g26523                   | S ^ -> Z v        | MUX2_X1 | 0.052 |   0.287 |    2.658 | 
     | datapath/FE_DBTC16_n_64           | A v -> ZN ^       | INV_X2  | 0.042 |   0.329 |    2.700 | 
     |                                   | dbg_wb_data[18] ^ |         | 0.000 |   0.329 |    2.700 | 
     +----------------------------------------------------------------------------------------------+ 
Path 3: MET Late External Delay Assertion 
Endpoint:   dbg_wb_data[19]                (^) checked with  leading edge of 
'clk'
Beginpoint: datapath/MEMWB_memToReg_reg/QN (^) triggered by  leading edge of 
'clk'
Path Groups: {clk}
Analysis View: RPT_FAST
Other End Arrival Time          0.000
- External Delay                1.200
+ Phase Shift                   4.000
+ CPPR Adjustment               0.000
- Uncertainty                   0.100
= Required Time                 2.700
- Arrival Time                  0.329
= Slack Time                    2.371
     Clock Rise Edge                 0.000
     + Clock Network Latency (Prop)  0.102
     = Beginpoint Arrival Time       0.102
     +----------------------------------------------------------------------------------------------+ 
     |             Instance              |        Arc        |  Cell   | Delay | Arrival | Required | 
     |                                   |                   |         |       |  Time   |   Time   | 
     |-----------------------------------+-------------------+---------+-------+---------+----------| 
     | datapath/MEMWB_memToReg_reg       | CK ^              |         |       |   0.102 |    2.473 | 
     | datapath/MEMWB_memToReg_reg       | CK ^ -> QN ^      | DFFR_X1 | 0.044 |   0.146 |    2.517 | 
     | datapath/FE_OFC848_MEMWB_memToReg | A ^ -> ZN v       | INV_X1  | 0.013 |   0.159 |    2.530 | 
     | datapath/FE_OFC849_MEMWB_memToReg | A v -> ZN ^       | INV_X4  | 0.027 |   0.185 |    2.556 | 
     | datapath/FE_OFC683_MEMWB_memToReg | A ^ -> Z ^        | BUF_X1  | 0.050 |   0.235 |    2.606 | 
     | datapath/g26562                   | S ^ -> Z v        | MUX2_X1 | 0.052 |   0.287 |    2.658 | 
     | datapath/FE_DBTC17_n_61           | A v -> ZN ^       | INV_X2  | 0.042 |   0.329 |    2.700 | 
     |                                   | dbg_wb_data[19] ^ |         | 0.000 |   0.329 |    2.700 | 
     +----------------------------------------------------------------------------------------------+ 
Path 4: MET Late External Delay Assertion 
Endpoint:   dbg_wb_data[12]                (^) checked with  leading edge of 
'clk'
Beginpoint: datapath/MEMWB_memToReg_reg/QN (^) triggered by  leading edge of 
'clk'
Path Groups: {clk}
Analysis View: RPT_FAST
Other End Arrival Time          0.000
- External Delay                1.200
+ Phase Shift                   4.000
+ CPPR Adjustment               0.000
- Uncertainty                   0.100
= Required Time                 2.700
- Arrival Time                  0.328
= Slack Time                    2.372
     Clock Rise Edge                 0.000
     + Clock Network Latency (Prop)  0.102
     = Beginpoint Arrival Time       0.102
     +----------------------------------------------------------------------------------------------+ 
     |             Instance              |        Arc        |  Cell   | Delay | Arrival | Required | 
     |                                   |                   |         |       |  Time   |   Time   | 
     |-----------------------------------+-------------------+---------+-------+---------+----------| 
     | datapath/MEMWB_memToReg_reg       | CK ^              |         |       |   0.102 |    2.475 | 
     | datapath/MEMWB_memToReg_reg       | CK ^ -> QN ^      | DFFR_X1 | 0.044 |   0.146 |    2.519 | 
     | datapath/FE_OFC848_MEMWB_memToReg | A ^ -> ZN v       | INV_X1  | 0.013 |   0.159 |    2.531 | 
     | datapath/FE_OFC849_MEMWB_memToReg | A v -> ZN ^       | INV_X4  | 0.027 |   0.185 |    2.558 | 
     | datapath/FE_OFC683_MEMWB_memToReg | A ^ -> Z ^        | BUF_X1  | 0.050 |   0.235 |    2.608 | 
     | datapath/g26557                   | S ^ -> Z v        | MUX2_X1 | 0.047 |   0.282 |    2.655 | 
     | datapath/g26538                   | A v -> ZN ^       | INV_X2  | 0.045 |   0.328 |    2.700 | 
     |                                   | dbg_wb_data[12] ^ |         | 0.000 |   0.328 |    2.700 | 
     +----------------------------------------------------------------------------------------------+ 
Path 5: MET Late External Delay Assertion 
Endpoint:   dbg_wb_data[25]                (^) checked with  leading edge of 
'clk'
Beginpoint: datapath/MEMWB_memToReg_reg/QN (^) triggered by  leading edge of 
'clk'
Path Groups: {clk}
Analysis View: RPT_FAST
Other End Arrival Time          0.000
- External Delay                1.200
+ Phase Shift                   4.000
+ CPPR Adjustment               0.000
- Uncertainty                   0.100
= Required Time                 2.700
- Arrival Time                  0.328
= Slack Time                    2.372
     Clock Rise Edge                 0.000
     + Clock Network Latency (Prop)  0.102
     = Beginpoint Arrival Time       0.102
     +----------------------------------------------------------------------------------------------+ 
     |             Instance              |        Arc        |  Cell   | Delay | Arrival | Required | 
     |                                   |                   |         |       |  Time   |   Time   | 
     |-----------------------------------+-------------------+---------+-------+---------+----------| 
     | datapath/MEMWB_memToReg_reg       | CK ^              |         |       |   0.102 |    2.475 | 
     | datapath/MEMWB_memToReg_reg       | CK ^ -> QN ^      | DFFR_X1 | 0.044 |   0.146 |    2.519 | 
     | datapath/FE_OFC848_MEMWB_memToReg | A ^ -> ZN v       | INV_X1  | 0.013 |   0.159 |    2.531 | 
     | datapath/FE_OFC849_MEMWB_memToReg | A v -> ZN ^       | INV_X4  | 0.027 |   0.185 |    2.558 | 
     | datapath/FE_OFC683_MEMWB_memToReg | A ^ -> Z ^        | BUF_X1  | 0.050 |   0.235 |    2.608 | 
     | datapath/g26524                   | S ^ -> Z v        | MUX2_X1 | 0.049 |   0.285 |    2.657 | 
     | datapath/FE_DBTC19_n_28           | A v -> ZN ^       | INV_X2  | 0.043 |   0.328 |    2.700 | 
     |                                   | dbg_wb_data[25] ^ |         | 0.000 |   0.328 |    2.700 | 
     +----------------------------------------------------------------------------------------------+ 
Path 6: MET Late External Delay Assertion 
Endpoint:   dbg_wb_data[24]                (^) checked with  leading edge of 
'clk'
Beginpoint: datapath/MEMWB_memToReg_reg/QN (^) triggered by  leading edge of 
'clk'
Path Groups: {clk}
Analysis View: RPT_FAST
Other End Arrival Time          0.000
- External Delay                1.200
+ Phase Shift                   4.000
+ CPPR Adjustment               0.000
- Uncertainty                   0.100
= Required Time                 2.700
- Arrival Time                  0.324
= Slack Time                    2.376
     Clock Rise Edge                 0.000
     + Clock Network Latency (Prop)  0.102
     = Beginpoint Arrival Time       0.102
     +----------------------------------------------------------------------------------------------+ 
     |             Instance              |        Arc        |  Cell   | Delay | Arrival | Required | 
     |                                   |                   |         |       |  Time   |   Time   | 
     |-----------------------------------+-------------------+---------+-------+---------+----------| 
     | datapath/MEMWB_memToReg_reg       | CK ^              |         |       |   0.102 |    2.478 | 
     | datapath/MEMWB_memToReg_reg       | CK ^ -> QN ^      | DFFR_X1 | 0.044 |   0.146 |    2.522 | 
     | datapath/FE_OFC848_MEMWB_memToReg | A ^ -> ZN v       | INV_X1  | 0.013 |   0.159 |    2.535 | 
     | datapath/FE_OFC849_MEMWB_memToReg | A v -> ZN ^       | INV_X4  | 0.027 |   0.185 |    2.561 | 
     | datapath/FE_OFC683_MEMWB_memToReg | A ^ -> Z ^        | BUF_X1  | 0.050 |   0.235 |    2.611 | 
     | datapath/g26549                   | S ^ -> Z v        | MUX2_X1 | 0.048 |   0.283 |    2.659 | 
     | datapath/FE_DBTC18_n_40           | A v -> ZN ^       | INV_X2  | 0.041 |   0.324 |    2.700 | 
     |                                   | dbg_wb_data[24] ^ |         | 0.000 |   0.324 |    2.700 | 
     +----------------------------------------------------------------------------------------------+ 
Path 7: MET Late External Delay Assertion 
Endpoint:   dbg_wb_data[9]                 (^) checked with  leading edge of 
'clk'
Beginpoint: datapath/MEMWB_memToReg_reg/QN (^) triggered by  leading edge of 
'clk'
Path Groups: {clk}
Analysis View: RPT_FAST
Other End Arrival Time          0.000
- External Delay                1.200
+ Phase Shift                   4.000
+ CPPR Adjustment               0.000
- Uncertainty                   0.100
= Required Time                 2.700
- Arrival Time                  0.310
= Slack Time                    2.390
     Clock Rise Edge                 0.000
     + Clock Network Latency (Prop)  0.102
     = Beginpoint Arrival Time       0.102
     +----------------------------------------------------------------------------------------------------------------+ 
     |                      Instance                      |       Arc        |   Cell    | Delay | Arrival | Required | 
     |                                                    |                  |           |       |  Time   |   Time   | 
     |----------------------------------------------------+------------------+-----------+-------+---------+----------| 
     | datapath/MEMWB_memToReg_reg                        | CK ^             |           |       |   0.102 |    2.492 | 
     | datapath/MEMWB_memToReg_reg                        | CK ^ -> QN ^     | DFFR_X1   | 0.044 |   0.146 |    2.536 | 
     | datapath/FE_OFC848_MEMWB_memToReg                  | A ^ -> ZN v      | INV_X1    | 0.013 |   0.159 |    2.549 | 
     | datapath/FE_OFC849_MEMWB_memToReg                  | A v -> ZN ^      | INV_X4    | 0.027 |   0.185 |    2.575 | 
     | datapath/FE_PSC862_FE_OCPN2696_FE_OFN61_MEMWB_memT | A ^ -> Z ^       | CLKBUF_X1 | 0.036 |   0.221 |    2.611 | 
     | oReg                                               |                  |           |       |         |          | 
     | datapath/g26560                                    | S ^ -> Z v       | MUX2_X1   | 0.049 |   0.270 |    2.660 | 
     | datapath/FE_DBTC10_n_85                            | A v -> ZN ^      | INV_X2    | 0.040 |   0.310 |    2.700 | 
     |                                                    | dbg_wb_data[9] ^ |           | 0.000 |   0.310 |    2.700 | 
     +----------------------------------------------------------------------------------------------------------------+ 
Path 8: MET Late External Delay Assertion 
Endpoint:   dbg_wb_data[15]                (^) checked with  leading edge of 
'clk'
Beginpoint: datapath/MEMWB_memToReg_reg/QN (^) triggered by  leading edge of 
'clk'
Path Groups: {clk}
Analysis View: RPT_FAST
Other End Arrival Time          0.000
- External Delay                1.200
+ Phase Shift                   4.000
+ CPPR Adjustment               0.000
- Uncertainty                   0.100
= Required Time                 2.700
- Arrival Time                  0.310
= Slack Time                    2.390
     Clock Rise Edge                 0.000
     + Clock Network Latency (Prop)  0.102
     = Beginpoint Arrival Time       0.102
     +-----------------------------------------------------------------------------------------------------------------+ 
     |                      Instance                      |        Arc        |   Cell    | Delay | Arrival | Required | 
     |                                                    |                   |           |       |  Time   |   Time   | 
     |----------------------------------------------------+-------------------+-----------+-------+---------+----------| 
     | datapath/MEMWB_memToReg_reg                        | CK ^              |           |       |   0.102 |    2.492 | 
     | datapath/MEMWB_memToReg_reg                        | CK ^ -> QN ^      | DFFR_X1   | 0.044 |   0.146 |    2.536 | 
     | datapath/FE_OFC848_MEMWB_memToReg                  | A ^ -> ZN v       | INV_X1    | 0.013 |   0.159 |    2.549 | 
     | datapath/FE_OFC849_MEMWB_memToReg                  | A v -> ZN ^       | INV_X4    | 0.027 |   0.185 |    2.576 | 
     | datapath/FE_PSC862_FE_OCPN2696_FE_OFN61_MEMWB_memT | A ^ -> Z ^        | CLKBUF_X1 | 0.036 |   0.221 |    2.611 | 
     | oReg                                               |                   |           |       |         |          | 
     | datapath/g26552                                    | S ^ -> Z v        | MUX2_X1   | 0.049 |   0.270 |    2.660 | 
     | datapath/FE_DBTC15_n_73                            | A v -> ZN ^       | INV_X2    | 0.040 |   0.310 |    2.700 | 
     |                                                    | dbg_wb_data[15] ^ |           | 0.000 |   0.310 |    2.700 | 
     +-----------------------------------------------------------------------------------------------------------------+ 
Path 9: MET Late External Delay Assertion 
Endpoint:   dbg_wb_data[6]                 (^) checked with  leading edge of 
'clk'
Beginpoint: datapath/MEMWB_memToReg_reg/QN (v) triggered by  leading edge of 
'clk'
Path Groups: {clk}
Analysis View: RPT_FAST
Other End Arrival Time          0.000
- External Delay                1.200
+ Phase Shift                   4.000
+ CPPR Adjustment               0.000
- Uncertainty                   0.100
= Required Time                 2.700
- Arrival Time                  0.305
= Slack Time                    2.395
     Clock Rise Edge                 0.000
     + Clock Network Latency (Prop)  0.102
     = Beginpoint Arrival Time       0.102
     +----------------------------------------------------------------------------------------------+ 
     |             Instance              |       Arc        |   Cell   | Delay | Arrival | Required | 
     |                                   |                  |          |       |  Time   |   Time   | 
     |-----------------------------------+------------------+----------+-------+---------+----------| 
     | datapath/MEMWB_memToReg_reg       | CK ^             |          |       |   0.102 |    2.497 | 
     | datapath/MEMWB_memToReg_reg       | CK ^ -> QN v     | DFFR_X1  | 0.039 |   0.141 |    2.536 | 
     | datapath/FE_OFC848_MEMWB_memToReg | A v -> ZN ^      | INV_X1   | 0.018 |   0.159 |    2.554 | 
     | datapath/FE_OFC849_MEMWB_memToReg | A ^ -> ZN v      | INV_X4   | 0.020 |   0.179 |    2.574 | 
     | datapath/FE_OFC683_MEMWB_memToReg | A v -> Z v       | BUF_X1   | 0.046 |   0.225 |    2.620 | 
     | datapath/FE_RC_341_0              | A1 v -> ZN ^     | NAND2_X1 | 0.015 |   0.241 |    2.635 | 
     | datapath/FE_RC_340_0              | A ^ -> ZN v      | OAI21_X2 | 0.023 |   0.264 |    2.658 | 
     | datapath/g26545                   | A v -> ZN ^      | INV_X2   | 0.042 |   0.305 |    2.700 | 
     |                                   | dbg_wb_data[6] ^ |          | 0.000 |   0.305 |    2.700 | 
     +----------------------------------------------------------------------------------------------+ 
Path 10: MET Late External Delay Assertion 
Endpoint:   dbg_wb_data[26]                (^) checked with  leading edge of 
'clk'
Beginpoint: datapath/MEMWB_memToReg_reg/QN (^) triggered by  leading edge of 
'clk'
Path Groups: {clk}
Analysis View: RPT_FAST
Other End Arrival Time          0.000
- External Delay                1.200
+ Phase Shift                   4.000
+ CPPR Adjustment               0.000
- Uncertainty                   0.100
= Required Time                 2.700
- Arrival Time                  0.297
= Slack Time                    2.403
     Clock Rise Edge                 0.000
     + Clock Network Latency (Prop)  0.102
     = Beginpoint Arrival Time       0.102
     +----------------------------------------------------------------------------------------------+ 
     |             Instance              |        Arc        |  Cell   | Delay | Arrival | Required | 
     |                                   |                   |         |       |  Time   |   Time   | 
     |-----------------------------------+-------------------+---------+-------+---------+----------| 
     | datapath/MEMWB_memToReg_reg       | CK ^              |         |       |   0.102 |    2.505 | 
     | datapath/MEMWB_memToReg_reg       | CK ^ -> QN ^      | DFFR_X1 | 0.044 |   0.146 |    2.549 | 
     | datapath/FE_OFC848_MEMWB_memToReg | A ^ -> ZN v       | INV_X1  | 0.013 |   0.159 |    2.562 | 
     | datapath/FE_OFC849_MEMWB_memToReg | A v -> ZN ^       | INV_X4  | 0.027 |   0.185 |    2.588 | 
     | datapath/FE_OFC682_MEMWB_memToReg | A ^ -> ZN v       | INV_X1  | 0.034 |   0.219 |    2.622 | 
     | datapath/g26517                   | S v -> Z ^        | MUX2_X2 | 0.078 |   0.297 |    2.700 | 
     |                                   | dbg_wb_data[26] ^ |         | 0.000 |   0.297 |    2.700 | 
     +----------------------------------------------------------------------------------------------+ 
Path 11: MET Late External Delay Assertion 
Endpoint:   dbg_wb_data[28]                (^) checked with  leading edge of 
'clk'
Beginpoint: datapath/MEMWB_memToReg_reg/QN (^) triggered by  leading edge of 
'clk'
Path Groups: {clk}
Analysis View: RPT_FAST
Other End Arrival Time          0.000
- External Delay                1.200
+ Phase Shift                   4.000
+ CPPR Adjustment               0.000
- Uncertainty                   0.100
= Required Time                 2.700
- Arrival Time                  0.297
= Slack Time                    2.403
     Clock Rise Edge                 0.000
     + Clock Network Latency (Prop)  0.102
     = Beginpoint Arrival Time       0.102
     +----------------------------------------------------------------------------------------------+ 
     |             Instance              |        Arc        |  Cell   | Delay | Arrival | Required | 
     |                                   |                   |         |       |  Time   |   Time   | 
     |-----------------------------------+-------------------+---------+-------+---------+----------| 
     | datapath/MEMWB_memToReg_reg       | CK ^              |         |       |   0.102 |    2.505 | 
     | datapath/MEMWB_memToReg_reg       | CK ^ -> QN ^      | DFFR_X1 | 0.044 |   0.146 |    2.549 | 
     | datapath/FE_OFC848_MEMWB_memToReg | A ^ -> ZN v       | INV_X1  | 0.013 |   0.159 |    2.562 | 
     | datapath/FE_OFC849_MEMWB_memToReg | A v -> ZN ^       | INV_X4  | 0.027 |   0.185 |    2.588 | 
     | datapath/FE_OFC682_MEMWB_memToReg | A ^ -> ZN v       | INV_X1  | 0.034 |   0.219 |    2.622 | 
     | datapath/g26515                   | S v -> Z ^        | MUX2_X2 | 0.078 |   0.297 |    2.700 | 
     |                                   | dbg_wb_data[28] ^ |         | 0.000 |   0.297 |    2.700 | 
     +----------------------------------------------------------------------------------------------+ 
Path 12: MET Late External Delay Assertion 
Endpoint:   dbg_wb_data[29]                (^) checked with  leading edge of 
'clk'
Beginpoint: datapath/MEMWB_memToReg_reg/QN (^) triggered by  leading edge of 
'clk'
Path Groups: {clk}
Analysis View: RPT_FAST
Other End Arrival Time          0.000
- External Delay                1.200
+ Phase Shift                   4.000
+ CPPR Adjustment               0.000
- Uncertainty                   0.100
= Required Time                 2.700
- Arrival Time                  0.297
= Slack Time                    2.403
     Clock Rise Edge                 0.000
     + Clock Network Latency (Prop)  0.102
     = Beginpoint Arrival Time       0.102
     +----------------------------------------------------------------------------------------------+ 
     |             Instance              |        Arc        |  Cell   | Delay | Arrival | Required | 
     |                                   |                   |         |       |  Time   |   Time   | 
     |-----------------------------------+-------------------+---------+-------+---------+----------| 
     | datapath/MEMWB_memToReg_reg       | CK ^              |         |       |   0.102 |    2.505 | 
     | datapath/MEMWB_memToReg_reg       | CK ^ -> QN ^      | DFFR_X1 | 0.044 |   0.146 |    2.549 | 
     | datapath/FE_OFC848_MEMWB_memToReg | A ^ -> ZN v       | INV_X1  | 0.013 |   0.159 |    2.562 | 
     | datapath/FE_OFC849_MEMWB_memToReg | A v -> ZN ^       | INV_X4  | 0.027 |   0.185 |    2.589 | 
     | datapath/FE_OFC682_MEMWB_memToReg | A ^ -> ZN v       | INV_X1  | 0.034 |   0.219 |    2.623 | 
     | datapath/g26518                   | S v -> Z ^        | MUX2_X2 | 0.078 |   0.297 |    2.700 | 
     |                                   | dbg_wb_data[29] ^ |         | 0.000 |   0.297 |    2.700 | 
     +----------------------------------------------------------------------------------------------+ 
Path 13: MET Late External Delay Assertion 
Endpoint:   dbg_wb_data[31]                (^) checked with  leading edge of 
'clk'
Beginpoint: datapath/MEMWB_memToReg_reg/QN (^) triggered by  leading edge of 
'clk'
Path Groups: {clk}
Analysis View: RPT_FAST
Other End Arrival Time          0.000
- External Delay                1.200
+ Phase Shift                   4.000
+ CPPR Adjustment               0.000
- Uncertainty                   0.100
= Required Time                 2.700
- Arrival Time                  0.296
= Slack Time                    2.404
     Clock Rise Edge                 0.000
     + Clock Network Latency (Prop)  0.102
     = Beginpoint Arrival Time       0.102
     +----------------------------------------------------------------------------------------------+ 
     |             Instance              |        Arc        |  Cell   | Delay | Arrival | Required | 
     |                                   |                   |         |       |  Time   |   Time   | 
     |-----------------------------------+-------------------+---------+-------+---------+----------| 
     | datapath/MEMWB_memToReg_reg       | CK ^              |         |       |   0.102 |    2.506 | 
     | datapath/MEMWB_memToReg_reg       | CK ^ -> QN ^      | DFFR_X1 | 0.044 |   0.146 |    2.550 | 
     | datapath/FE_OFC848_MEMWB_memToReg | A ^ -> ZN v       | INV_X1  | 0.013 |   0.159 |    2.563 | 
     | datapath/FE_OFC849_MEMWB_memToReg | A v -> ZN ^       | INV_X4  | 0.027 |   0.185 |    2.589 | 
     | datapath/FE_OFC682_MEMWB_memToReg | A ^ -> ZN v       | INV_X1  | 0.034 |   0.219 |    2.623 | 
     | datapath/g26516                   | S v -> Z ^        | MUX2_X2 | 0.076 |   0.296 |    2.700 | 
     |                                   | dbg_wb_data[31] ^ |         | 0.000 |   0.296 |    2.700 | 
     +----------------------------------------------------------------------------------------------+ 
Path 14: MET Late External Delay Assertion 
Endpoint:   dbg_wb_data[27]                (^) checked with  leading edge of 
'clk'
Beginpoint: datapath/MEMWB_memToReg_reg/QN (^) triggered by  leading edge of 
'clk'
Path Groups: {clk}
Analysis View: RPT_FAST
Other End Arrival Time          0.000
- External Delay                1.200
+ Phase Shift                   4.000
+ CPPR Adjustment               0.000
- Uncertainty                   0.100
= Required Time                 2.700
- Arrival Time                  0.295
= Slack Time                    2.405
     Clock Rise Edge                 0.000
     + Clock Network Latency (Prop)  0.102
     = Beginpoint Arrival Time       0.102
     +----------------------------------------------------------------------------------------------+ 
     |             Instance              |        Arc        |  Cell   | Delay | Arrival | Required | 
     |                                   |                   |         |       |  Time   |   Time   | 
     |-----------------------------------+-------------------+---------+-------+---------+----------| 
     | datapath/MEMWB_memToReg_reg       | CK ^              |         |       |   0.102 |    2.507 | 
     | datapath/MEMWB_memToReg_reg       | CK ^ -> QN ^      | DFFR_X1 | 0.044 |   0.146 |    2.551 | 
     | datapath/FE_OFC848_MEMWB_memToReg | A ^ -> ZN v       | INV_X1  | 0.013 |   0.159 |    2.564 | 
     | datapath/FE_OFC849_MEMWB_memToReg | A v -> ZN ^       | INV_X4  | 0.027 |   0.185 |    2.590 | 
     | datapath/FE_OFC682_MEMWB_memToReg | A ^ -> ZN v       | INV_X1  | 0.034 |   0.219 |    2.624 | 
     | datapath/g26519                   | S v -> Z ^        | MUX2_X2 | 0.076 |   0.295 |    2.700 | 
     |                                   | dbg_wb_data[27] ^ |         | 0.000 |   0.295 |    2.700 | 
     +----------------------------------------------------------------------------------------------+ 
Path 15: MET Late External Delay Assertion 
Endpoint:   dbg_wb_data[30]                (^) checked with  leading edge of 
'clk'
Beginpoint: datapath/MEMWB_memToReg_reg/QN (^) triggered by  leading edge of 
'clk'
Path Groups: {clk}
Analysis View: RPT_FAST
Other End Arrival Time          0.000
- External Delay                1.200
+ Phase Shift                   4.000
+ CPPR Adjustment               0.000
- Uncertainty                   0.100
= Required Time                 2.700
- Arrival Time                  0.295
= Slack Time                    2.405
     Clock Rise Edge                 0.000
     + Clock Network Latency (Prop)  0.102
     = Beginpoint Arrival Time       0.102
     +----------------------------------------------------------------------------------------------+ 
     |             Instance              |        Arc        |  Cell   | Delay | Arrival | Required | 
     |                                   |                   |         |       |  Time   |   Time   | 
     |-----------------------------------+-------------------+---------+-------+---------+----------| 
     | datapath/MEMWB_memToReg_reg       | CK ^              |         |       |   0.102 |    2.508 | 
     | datapath/MEMWB_memToReg_reg       | CK ^ -> QN ^      | DFFR_X1 | 0.044 |   0.146 |    2.552 | 
     | datapath/FE_OFC848_MEMWB_memToReg | A ^ -> ZN v       | INV_X1  | 0.013 |   0.159 |    2.564 | 
     | datapath/FE_OFC849_MEMWB_memToReg | A v -> ZN ^       | INV_X4  | 0.027 |   0.185 |    2.591 | 
     | datapath/FE_OFC682_MEMWB_memToReg | A ^ -> ZN v       | INV_X1  | 0.034 |   0.219 |    2.625 | 
     | datapath/g26520                   | S v -> Z ^        | MUX2_X2 | 0.075 |   0.295 |    2.700 | 
     |                                   | dbg_wb_data[30] ^ |         | 0.000 |   0.295 |    2.700 | 
     +----------------------------------------------------------------------------------------------+ 
Path 16: MET Late External Delay Assertion 
Endpoint:   dbg_wb_data[5]                 (^) checked with  leading edge of 
'clk'
Beginpoint: datapath/MEMWB_memToReg_reg/QN (^) triggered by  leading edge of 
'clk'
Path Groups: {clk}
Analysis View: RPT_FAST
Other End Arrival Time          0.000
- External Delay                1.200
+ Phase Shift                   4.000
+ CPPR Adjustment               0.000
- Uncertainty                   0.100
= Required Time                 2.700
- Arrival Time                  0.289
= Slack Time                    2.411
     Clock Rise Edge                 0.000
     + Clock Network Latency (Prop)  0.102
     = Beginpoint Arrival Time       0.102
     +---------------------------------------------------------------------------------------------+ 
     |             Instance              |       Arc        |  Cell   | Delay | Arrival | Required | 
     |                                   |                  |         |       |  Time   |   Time   | 
     |-----------------------------------+------------------+---------+-------+---------+----------| 
     | datapath/MEMWB_memToReg_reg       | CK ^             |         |       |   0.102 |    2.513 | 
     | datapath/MEMWB_memToReg_reg       | CK ^ -> QN ^     | DFFR_X1 | 0.044 |   0.146 |    2.557 | 
     | datapath/FE_OFC848_MEMWB_memToReg | A ^ -> ZN v      | INV_X1  | 0.013 |   0.159 |    2.569 | 
     | datapath/FE_OFC849_MEMWB_memToReg | A v -> ZN ^      | INV_X4  | 0.027 |   0.185 |    2.596 | 
     | datapath/g26521                   | S ^ -> Z v       | MUX2_X1 | 0.058 |   0.244 |    2.654 | 
     | datapath/FE_OFC600_n_665          | A v -> ZN ^      | INV_X2  | 0.046 |   0.289 |    2.700 | 
     |                                   | dbg_wb_data[5] ^ |         | 0.000 |   0.289 |    2.700 | 
     +---------------------------------------------------------------------------------------------+ 
Path 17: MET Late External Delay Assertion 
Endpoint:   dbg_wb_data[1]                 (^) checked with  leading edge of 
'clk'
Beginpoint: datapath/MEMWB_memToReg_reg/QN (v) triggered by  leading edge of 
'clk'
Path Groups: {clk}
Analysis View: RPT_FAST
Other End Arrival Time          0.000
- External Delay                1.200
+ Phase Shift                   4.000
+ CPPR Adjustment               0.000
- Uncertainty                   0.100
= Required Time                 2.700
- Arrival Time                  0.285
= Slack Time                    2.415
     Clock Rise Edge                 0.000
     + Clock Network Latency (Prop)  0.102
     = Beginpoint Arrival Time       0.102
     +----------------------------------------------------------------------------------------------+ 
     |             Instance              |       Arc        |   Cell   | Delay | Arrival | Required | 
     |                                   |                  |          |       |  Time   |   Time   | 
     |-----------------------------------+------------------+----------+-------+---------+----------| 
     | datapath/MEMWB_memToReg_reg       | CK ^             |          |       |   0.102 |    2.518 | 
     | datapath/MEMWB_memToReg_reg       | CK ^ -> QN v     | DFFR_X1  | 0.039 |   0.141 |    2.557 | 
     | datapath/FE_OFC848_MEMWB_memToReg | A v -> ZN ^      | INV_X1   | 0.018 |   0.159 |    2.575 | 
     | datapath/FE_OFC849_MEMWB_memToReg | A ^ -> ZN v      | INV_X4   | 0.020 |   0.179 |    2.595 | 
     | datapath/FE_RC_286_0              | A1 v -> ZN ^     | NAND2_X1 | 0.017 |   0.196 |    2.612 | 
     | datapath/FE_RC_285_0              | A ^ -> ZN v      | OAI21_X1 | 0.014 |   0.210 |    2.625 | 
     | datapath/FE_OFC592_n_642          | A v -> ZN ^      | INV_X1   | 0.023 |   0.233 |    2.648 | 
     | datapath/FE_OFC593_n_642          | A ^ -> ZN v      | INV_X1   | 0.012 |   0.245 |    2.660 | 
     | datapath/FE_OFC594_n_642          | A v -> ZN ^      | INV_X2   | 0.040 |   0.285 |    2.700 | 
     |                                   | dbg_wb_data[1] ^ |          | 0.000 |   0.285 |    2.700 | 
     +----------------------------------------------------------------------------------------------+ 
Path 18: MET Late External Delay Assertion 
Endpoint:   dbg_wb_data[10]                (^) checked with  leading edge of 
'clk'
Beginpoint: datapath/MEMWB_memToReg_reg/QN (^) triggered by  leading edge of 
'clk'
Path Groups: {clk}
Analysis View: RPT_FAST
Other End Arrival Time          0.000
- External Delay                1.200
+ Phase Shift                   4.000
+ CPPR Adjustment               0.000
- Uncertainty                   0.100
= Required Time                 2.700
- Arrival Time                  0.280
= Slack Time                    2.420
     Clock Rise Edge                 0.000
     + Clock Network Latency (Prop)  0.102
     = Beginpoint Arrival Time       0.102
     +----------------------------------------------------------------------------------------------+ 
     |             Instance              |        Arc        |  Cell   | Delay | Arrival | Required | 
     |                                   |                   |         |       |  Time   |   Time   | 
     |-----------------------------------+-------------------+---------+-------+---------+----------| 
     | datapath/MEMWB_memToReg_reg       | CK ^              |         |       |   0.102 |    2.523 | 
     | datapath/MEMWB_memToReg_reg       | CK ^ -> QN ^      | DFFR_X1 | 0.044 |   0.146 |    2.567 | 
     | datapath/FE_OFC848_MEMWB_memToReg | A ^ -> ZN v       | INV_X1  | 0.013 |   0.159 |    2.579 | 
     | datapath/FE_OFC849_MEMWB_memToReg | A v -> ZN ^       | INV_X4  | 0.027 |   0.185 |    2.606 | 
     | datapath/g26556                   | S ^ -> Z v        | MUX2_X1 | 0.050 |   0.236 |    2.656 | 
     | datapath/FE_DBTC11_n_88           | A v -> ZN ^       | INV_X2  | 0.044 |   0.280 |    2.700 | 
     |                                   | dbg_wb_data[10] ^ |         | 0.000 |   0.280 |    2.700 | 
     +----------------------------------------------------------------------------------------------+ 
Path 19: MET Late External Delay Assertion 
Endpoint:   dbg_wb_data[7]                 (^) checked with  leading edge of 
'clk'
Beginpoint: datapath/MEMWB_memToReg_reg/QN (^) triggered by  leading edge of 
'clk'
Path Groups: {clk}
Analysis View: RPT_FAST
Other End Arrival Time          0.000
- External Delay                1.200
+ Phase Shift                   4.000
+ CPPR Adjustment               0.000
- Uncertainty                   0.100
= Required Time                 2.700
- Arrival Time                  0.280
= Slack Time                    2.420
     Clock Rise Edge                 0.000
     + Clock Network Latency (Prop)  0.102
     = Beginpoint Arrival Time       0.102
     +---------------------------------------------------------------------------------------------+ 
     |             Instance              |       Arc        |  Cell   | Delay | Arrival | Required | 
     |                                   |                  |         |       |  Time   |   Time   | 
     |-----------------------------------+------------------+---------+-------+---------+----------| 
     | datapath/MEMWB_memToReg_reg       | CK ^             |         |       |   0.102 |    2.523 | 
     | datapath/MEMWB_memToReg_reg       | CK ^ -> QN ^     | DFFR_X1 | 0.044 |   0.146 |    2.567 | 
     | datapath/FE_OFC848_MEMWB_memToReg | A ^ -> ZN v      | INV_X1  | 0.013 |   0.159 |    2.579 | 
     | datapath/FE_OFC849_MEMWB_memToReg | A v -> ZN ^      | INV_X4  | 0.027 |   0.185 |    2.606 | 
     | datapath/g26563                   | S ^ -> Z v       | MUX2_X1 | 0.055 |   0.240 |    2.661 | 
     | datapath/g26544                   | A v -> ZN ^      | INV_X2  | 0.039 |   0.280 |    2.700 | 
     |                                   | dbg_wb_data[7] ^ |         | 0.000 |   0.280 |    2.700 | 
     +---------------------------------------------------------------------------------------------+ 
Path 20: MET Late External Delay Assertion 
Endpoint:   dbg_wb_data[14]                (^) checked with  leading edge of 
'clk'
Beginpoint: datapath/MEMWB_memToReg_reg/QN (^) triggered by  leading edge of 
'clk'
Path Groups: {clk}
Analysis View: RPT_FAST
Other End Arrival Time          0.000
- External Delay                1.200
+ Phase Shift                   4.000
+ CPPR Adjustment               0.000
- Uncertainty                   0.100
= Required Time                 2.700
- Arrival Time                  0.280
= Slack Time                    2.420
     Clock Rise Edge                 0.000
     + Clock Network Latency (Prop)  0.102
     = Beginpoint Arrival Time       0.102
     +----------------------------------------------------------------------------------------------+ 
     |             Instance              |        Arc        |  Cell   | Delay | Arrival | Required | 
     |                                   |                   |         |       |  Time   |   Time   | 
     |-----------------------------------+-------------------+---------+-------+---------+----------| 
     | datapath/MEMWB_memToReg_reg       | CK ^              |         |       |   0.102 |    2.523 | 
     | datapath/MEMWB_memToReg_reg       | CK ^ -> QN ^      | DFFR_X1 | 0.044 |   0.146 |    2.567 | 
     | datapath/FE_OFC848_MEMWB_memToReg | A ^ -> ZN v       | INV_X1  | 0.013 |   0.159 |    2.579 | 
     | datapath/FE_OFC849_MEMWB_memToReg | A v -> ZN ^       | INV_X4  | 0.027 |   0.185 |    2.606 | 
     | datapath/g26522                   | S ^ -> Z v        | MUX2_X1 | 0.054 |   0.239 |    2.660 | 
     | datapath/FE_DBTC14_n_37           | A v -> ZN ^       | INV_X2  | 0.041 |   0.280 |    2.700 | 
     |                                   | dbg_wb_data[14] ^ |         | 0.000 |   0.280 |    2.700 | 
     +----------------------------------------------------------------------------------------------+ 
Path 21: MET Late External Delay Assertion 
Endpoint:   dbg_wb_data[11]                (^) checked with  leading edge of 
'clk'
Beginpoint: datapath/MEMWB_memToReg_reg/QN (^) triggered by  leading edge of 
'clk'
Path Groups: {clk}
Analysis View: RPT_FAST
Other End Arrival Time          0.000
- External Delay                1.200
+ Phase Shift                   4.000
+ CPPR Adjustment               0.000
- Uncertainty                   0.100
= Required Time                 2.700
- Arrival Time                  0.279
= Slack Time                    2.421
     Clock Rise Edge                 0.000
     + Clock Network Latency (Prop)  0.102
     = Beginpoint Arrival Time       0.102
     +----------------------------------------------------------------------------------------------+ 
     |             Instance              |        Arc        |  Cell   | Delay | Arrival | Required | 
     |                                   |                   |         |       |  Time   |   Time   | 
     |-----------------------------------+-------------------+---------+-------+---------+----------| 
     | datapath/MEMWB_memToReg_reg       | CK ^              |         |       |   0.102 |    2.523 | 
     | datapath/MEMWB_memToReg_reg       | CK ^ -> QN ^      | DFFR_X1 | 0.044 |   0.146 |    2.567 | 
     | datapath/FE_OFC848_MEMWB_memToReg | A ^ -> ZN v       | INV_X1  | 0.013 |   0.159 |    2.579 | 
     | datapath/FE_OFC849_MEMWB_memToReg | A v -> ZN ^       | INV_X4  | 0.027 |   0.185 |    2.606 | 
     | datapath/g26525                   | S ^ -> Z v        | MUX2_X1 | 0.052 |   0.237 |    2.658 | 
     | datapath/FE_DBTC12_n_34           | A v -> ZN ^       | INV_X2  | 0.042 |   0.279 |    2.700 | 
     |                                   | dbg_wb_data[11] ^ |         | 0.000 |   0.279 |    2.700 | 
     +----------------------------------------------------------------------------------------------+ 
Path 22: MET Late External Delay Assertion 
Endpoint:   dbg_wb_data[8]                 (^) checked with  leading edge of 
'clk'
Beginpoint: datapath/MEMWB_memToReg_reg/QN (^) triggered by  leading edge of 
'clk'
Path Groups: {clk}
Analysis View: RPT_FAST
Other End Arrival Time          0.000
- External Delay                1.200
+ Phase Shift                   4.000
+ CPPR Adjustment               0.000
- Uncertainty                   0.100
= Required Time                 2.700
- Arrival Time                  0.278
= Slack Time                    2.422
     Clock Rise Edge                 0.000
     + Clock Network Latency (Prop)  0.102
     = Beginpoint Arrival Time       0.102
     +---------------------------------------------------------------------------------------------+ 
     |             Instance              |       Arc        |  Cell   | Delay | Arrival | Required | 
     |                                   |                  |         |       |  Time   |   Time   | 
     |-----------------------------------+------------------+---------+-------+---------+----------| 
     | datapath/MEMWB_memToReg_reg       | CK ^             |         |       |   0.102 |    2.524 | 
     | datapath/MEMWB_memToReg_reg       | CK ^ -> QN ^     | DFFR_X1 | 0.044 |   0.146 |    2.568 | 
     | datapath/FE_OFC848_MEMWB_memToReg | A ^ -> ZN v      | INV_X1  | 0.013 |   0.159 |    2.581 | 
     | datapath/FE_OFC849_MEMWB_memToReg | A v -> ZN ^      | INV_X4  | 0.027 |   0.185 |    2.608 | 
     | datapath/g26561                   | S ^ -> Z v       | MUX2_X1 | 0.052 |   0.237 |    2.659 | 
     | datapath/FE_DBTC9_n_82            | A v -> ZN ^      | INV_X2  | 0.041 |   0.278 |    2.700 | 
     |                                   | dbg_wb_data[8] ^ |         | 0.000 |   0.278 |    2.700 | 
     +---------------------------------------------------------------------------------------------+ 
Path 23: MET Late External Delay Assertion 
Endpoint:   dbg_wb_data[16]                  (^) checked with  leading edge of 
'clk'
Beginpoint: datapath/MEMWB_memData_reg[16]/Q (^) triggered by  leading edge of 
'clk'
Path Groups: {clk}
Analysis View: RPT_FAST
Other End Arrival Time          0.000
- External Delay                1.200
+ Phase Shift                   4.000
+ CPPR Adjustment               0.000
- Uncertainty                   0.100
= Required Time                 2.700
- Arrival Time                  0.265
= Slack Time                    2.435
     Clock Rise Edge                 0.000
     + Clock Network Latency (Prop)  0.143
     = Beginpoint Arrival Time       0.143
     +-------------------------------------------------------------------------------------------+ 
     |            Instance            |        Arc        |  Cell   | Delay | Arrival | Required | 
     |                                |                   |         |       |  Time   |   Time   | 
     |--------------------------------+-------------------+---------+-------+---------+----------| 
     | datapath/MEMWB_memData_reg[16] | CK ^              |         |       |   0.143 |    2.578 | 
     | datapath/MEMWB_memData_reg[16] | CK ^ -> Q ^       | DFFR_X1 | 0.061 |   0.204 |    2.639 | 
     | datapath/g26551                | A ^ -> Z ^        | MUX2_X2 | 0.061 |   0.265 |    2.700 | 
     |                                | dbg_wb_data[16] ^ |         | 0.000 |   0.265 |    2.700 | 
     +-------------------------------------------------------------------------------------------+ 
Path 24: MET Late External Delay Assertion 
Endpoint:   dbg_wb_data[17]                (v) checked with  leading edge of 
'clk'
Beginpoint: datapath/MEMWB_memToReg_reg/QN (^) triggered by  leading edge of 
'clk'
Path Groups: {clk}
Analysis View: RPT_FAST
Other End Arrival Time          0.000
- External Delay                1.200
+ Phase Shift                   4.000
+ CPPR Adjustment               0.000
- Uncertainty                   0.100
= Required Time                 2.700
- Arrival Time                  0.261
= Slack Time                    2.439
     Clock Rise Edge                 0.000
     + Clock Network Latency (Prop)  0.102
     = Beginpoint Arrival Time       0.102
     +----------------------------------------------------------------------------------------------+ 
     |             Instance              |        Arc        |  Cell   | Delay | Arrival | Required | 
     |                                   |                   |         |       |  Time   |   Time   | 
     |-----------------------------------+-------------------+---------+-------+---------+----------| 
     | datapath/MEMWB_memToReg_reg       | CK ^              |         |       |   0.102 |    2.542 | 
     | datapath/MEMWB_memToReg_reg       | CK ^ -> QN ^      | DFFR_X1 | 0.044 |   0.146 |    2.586 | 
     | datapath/FE_OFC848_MEMWB_memToReg | A ^ -> ZN v       | INV_X1  | 0.013 |   0.159 |    2.598 | 
     | datapath/FE_OFC849_MEMWB_memToReg | A v -> ZN ^       | INV_X4  | 0.027 |   0.185 |    2.625 | 
     | datapath/g26550                   | S ^ -> Z v        | MUX2_X2 | 0.075 |   0.261 |    2.700 | 
     |                                   | dbg_wb_data[17] v |         | 0.000 |   0.261 |    2.700 | 
     +----------------------------------------------------------------------------------------------+ 
Path 25: MET Late External Delay Assertion 
Endpoint:   dbg_wb_data[2]                   (^) checked with  leading edge of 
'clk'
Beginpoint: datapath/MEMWB_memData_reg[2]/QN (v) triggered by  leading edge of 
'clk'
Path Groups: {clk}
Analysis View: RPT_FAST
Other End Arrival Time          0.000
- External Delay                1.200
+ Phase Shift                   4.000
+ CPPR Adjustment               0.000
- Uncertainty                   0.100
= Required Time                 2.700
- Arrival Time                  0.259
= Slack Time                    2.441
     Clock Rise Edge                 0.000
     + Clock Network Latency (Prop)  0.151
     = Beginpoint Arrival Time       0.151
     +------------------------------------------------------------------------------------------+ 
     |           Instance            |       Arc        |   Cell   | Delay | Arrival | Required | 
     |                               |                  |          |       |  Time   |   Time   | 
     |-------------------------------+------------------+----------+-------+---------+----------| 
     | datapath/MEMWB_memData_reg[2] | CK ^             |          |       |   0.151 |    2.592 | 
     | datapath/MEMWB_memData_reg[2] | CK ^ -> QN v     | DFFR_X1  | 0.042 |   0.193 |    2.635 | 
     | datapath/FE_RC_500_0          | A2 v -> ZN ^     | NAND2_X2 | 0.011 |   0.204 |    2.646 | 
     | datapath/FE_RC_499_0          | A1 ^ -> ZN v     | NAND2_X2 | 0.013 |   0.218 |    2.659 | 
     | datapath/g26529               | A v -> ZN ^      | INV_X2   | 0.041 |   0.259 |    2.700 | 
     |                               | dbg_wb_data[2] ^ |          | 0.000 |   0.259 |    2.700 | 
     +------------------------------------------------------------------------------------------+ 
Path 26: MET Late External Delay Assertion 
Endpoint:   dbg_wb_data[22]                (v) checked with  leading edge of 
'clk'
Beginpoint: datapath/MEMWB_memToReg_reg/QN (^) triggered by  leading edge of 
'clk'
Path Groups: {clk}
Analysis View: RPT_FAST
Other End Arrival Time          0.000
- External Delay                1.200
+ Phase Shift                   4.000
+ CPPR Adjustment               0.000
- Uncertainty                   0.100
= Required Time                 2.700
- Arrival Time                  0.258
= Slack Time                    2.442
     Clock Rise Edge                 0.000
     + Clock Network Latency (Prop)  0.102
     = Beginpoint Arrival Time       0.102
     +----------------------------------------------------------------------------------------------+ 
     |             Instance              |        Arc        |  Cell   | Delay | Arrival | Required | 
     |                                   |                   |         |       |  Time   |   Time   | 
     |-----------------------------------+-------------------+---------+-------+---------+----------| 
     | datapath/MEMWB_memToReg_reg       | CK ^              |         |       |   0.102 |    2.544 | 
     | datapath/MEMWB_memToReg_reg       | CK ^ -> QN ^      | DFFR_X1 | 0.044 |   0.146 |    2.588 | 
     | datapath/FE_OFC848_MEMWB_memToReg | A ^ -> ZN v       | INV_X1  | 0.013 |   0.159 |    2.601 | 
     | datapath/FE_OFC849_MEMWB_memToReg | A v -> ZN ^       | INV_X4  | 0.027 |   0.185 |    2.627 | 
     | datapath/g26555                   | S ^ -> Z v        | MUX2_X2 | 0.073 |   0.258 |    2.700 | 
     |                                   | dbg_wb_data[22] v |         | 0.000 |   0.258 |    2.700 | 
     +----------------------------------------------------------------------------------------------+ 
Path 27: MET Late External Delay Assertion 
Endpoint:   dbg_wb_data[20]                (v) checked with  leading edge of 
'clk'
Beginpoint: datapath/MEMWB_memToReg_reg/QN (^) triggered by  leading edge of 
'clk'
Path Groups: {clk}
Analysis View: RPT_FAST
Other End Arrival Time          0.000
- External Delay                1.200
+ Phase Shift                   4.000
+ CPPR Adjustment               0.000
- Uncertainty                   0.100
= Required Time                 2.700
- Arrival Time                  0.257
= Slack Time                    2.443
     Clock Rise Edge                 0.000
     + Clock Network Latency (Prop)  0.102
     = Beginpoint Arrival Time       0.102
     +----------------------------------------------------------------------------------------------+ 
     |             Instance              |        Arc        |  Cell   | Delay | Arrival | Required | 
     |                                   |                   |         |       |  Time   |   Time   | 
     |-----------------------------------+-------------------+---------+-------+---------+----------| 
     | datapath/MEMWB_memToReg_reg       | CK ^              |         |       |   0.102 |    2.545 | 
     | datapath/MEMWB_memToReg_reg       | CK ^ -> QN ^      | DFFR_X1 | 0.044 |   0.146 |    2.589 | 
     | datapath/FE_OFC848_MEMWB_memToReg | A ^ -> ZN v       | INV_X1  | 0.013 |   0.159 |    2.602 | 
     | datapath/FE_OFC849_MEMWB_memToReg | A v -> ZN ^       | INV_X4  | 0.027 |   0.185 |    2.629 | 
     | datapath/g26559                   | S ^ -> Z v        | MUX2_X2 | 0.071 |   0.257 |    2.700 | 
     |                                   | dbg_wb_data[20] v |         | 0.000 |   0.257 |    2.700 | 
     +----------------------------------------------------------------------------------------------+ 
Path 28: MET Late External Delay Assertion 
Endpoint:   dbg_wb_data[21]                (v) checked with  leading edge of 
'clk'
Beginpoint: datapath/MEMWB_memToReg_reg/QN (^) triggered by  leading edge of 
'clk'
Path Groups: {clk}
Analysis View: RPT_FAST
Other End Arrival Time          0.000
- External Delay                1.200
+ Phase Shift                   4.000
+ CPPR Adjustment               0.000
- Uncertainty                   0.100
= Required Time                 2.700
- Arrival Time                  0.256
= Slack Time                    2.444
     Clock Rise Edge                 0.000
     + Clock Network Latency (Prop)  0.102
     = Beginpoint Arrival Time       0.102
     +----------------------------------------------------------------------------------------------+ 
     |             Instance              |        Arc        |  Cell   | Delay | Arrival | Required | 
     |                                   |                   |         |       |  Time   |   Time   | 
     |-----------------------------------+-------------------+---------+-------+---------+----------| 
     | datapath/MEMWB_memToReg_reg       | CK ^              |         |       |   0.102 |    2.547 | 
     | datapath/MEMWB_memToReg_reg       | CK ^ -> QN ^      | DFFR_X1 | 0.044 |   0.146 |    2.591 | 
     | datapath/FE_OFC848_MEMWB_memToReg | A ^ -> ZN v       | INV_X1  | 0.013 |   0.159 |    2.603 | 
     | datapath/FE_OFC849_MEMWB_memToReg | A v -> ZN ^       | INV_X4  | 0.027 |   0.185 |    2.630 | 
     | datapath/g26547                   | S ^ -> Z v        | MUX2_X2 | 0.070 |   0.256 |    2.700 | 
     |                                   | dbg_wb_data[21] v |         | 0.000 |   0.256 |    2.700 | 
     +----------------------------------------------------------------------------------------------+ 
Path 29: MET Late External Delay Assertion 
Endpoint:   dbg_wb_data[23]                (v) checked with  leading edge of 
'clk'
Beginpoint: datapath/MEMWB_memToReg_reg/QN (^) triggered by  leading edge of 
'clk'
Path Groups: {clk}
Analysis View: RPT_FAST
Other End Arrival Time          0.000
- External Delay                1.200
+ Phase Shift                   4.000
+ CPPR Adjustment               0.000
- Uncertainty                   0.100
= Required Time                 2.700
- Arrival Time                  0.255
= Slack Time                    2.445
     Clock Rise Edge                 0.000
     + Clock Network Latency (Prop)  0.102
     = Beginpoint Arrival Time       0.102
     +----------------------------------------------------------------------------------------------+ 
     |             Instance              |        Arc        |  Cell   | Delay | Arrival | Required | 
     |                                   |                   |         |       |  Time   |   Time   | 
     |-----------------------------------+-------------------+---------+-------+---------+----------| 
     | datapath/MEMWB_memToReg_reg       | CK ^              |         |       |   0.102 |    2.547 | 
     | datapath/MEMWB_memToReg_reg       | CK ^ -> QN ^      | DFFR_X1 | 0.044 |   0.146 |    2.591 | 
     | datapath/FE_OFC848_MEMWB_memToReg | A ^ -> ZN v       | INV_X1  | 0.013 |   0.159 |    2.603 | 
     | datapath/FE_OFC849_MEMWB_memToReg | A v -> ZN ^       | INV_X4  | 0.027 |   0.185 |    2.630 | 
     | datapath/g26553                   | S ^ -> Z v        | MUX2_X2 | 0.070 |   0.255 |    2.700 | 
     |                                   | dbg_wb_data[23] v |         | 0.000 |   0.255 |    2.700 | 
     +----------------------------------------------------------------------------------------------+ 
Path 30: MET Late External Delay Assertion 
Endpoint:   dbg_wb_data[4]                    (^) checked with  leading edge of 
'clk'
Beginpoint: datapath/MEMWB_aluResult_reg[4]/Q (^) triggered by  leading edge of 
'clk'
Path Groups: {clk}
Analysis View: RPT_FAST
Other End Arrival Time          0.000
- External Delay                1.200
+ Phase Shift                   4.000
+ CPPR Adjustment               0.000
- Uncertainty                   0.100
= Required Time                 2.700
- Arrival Time                  0.252
= Slack Time                    2.448
     Clock Rise Edge                 0.000
     + Clock Network Latency (Prop)  0.140
     = Beginpoint Arrival Time       0.140
     +--------------------------------------------------------------------------------------------+ 
     |            Instance             |       Arc        |   Cell   | Delay | Arrival | Required | 
     |                                 |                  |          |       |  Time   |   Time   | 
     |---------------------------------+------------------+----------+-------+---------+----------| 
     | datapath/MEMWB_aluResult_reg[4] | CK ^             |          |       |   0.140 |    2.588 | 
     | datapath/MEMWB_aluResult_reg[4] | CK ^ -> Q ^      | DFFR_X1  | 0.061 |   0.201 |    2.649 | 
     | datapath/FE_RC_99_0             | A2 ^ -> ZN v     | NAND2_X1 | 0.021 |   0.222 |    2.670 | 
     | datapath/FE_RC_316_0            | A2 v -> ZN ^     | NAND2_X4 | 0.030 |   0.252 |    2.700 | 
     |                                 | dbg_wb_data[4] ^ |          | 0.000 |   0.252 |    2.700 | 
     +--------------------------------------------------------------------------------------------+ 
Path 31: MET Late External Delay Assertion 
Endpoint:   dbg_wb_data[3]                  (^) checked with  leading edge of 
'clk'
Beginpoint: datapath/MEMWB_memData_reg[3]/Q (^) triggered by  leading edge of 
'clk'
Path Groups: {clk}
Analysis View: RPT_FAST
Other End Arrival Time          0.000
- External Delay                1.200
+ Phase Shift                   4.000
+ CPPR Adjustment               0.000
- Uncertainty                   0.100
= Required Time                 2.700
- Arrival Time                  0.247
= Slack Time                    2.454
     Clock Rise Edge                 0.000
     + Clock Network Latency (Prop)  0.144
     = Beginpoint Arrival Time       0.144
     +------------------------------------------------------------------------------------------+ 
     |           Instance            |       Arc        |   Cell   | Delay | Arrival | Required | 
     |                               |                  |          |       |  Time   |   Time   | 
     |-------------------------------+------------------+----------+-------+---------+----------| 
     | datapath/MEMWB_memData_reg[3] | CK ^             |          |       |   0.144 |    2.597 | 
     | datapath/MEMWB_memData_reg[3] | CK ^ -> Q ^      | DFFR_X1  | 0.061 |   0.204 |    2.658 | 
     | datapath/FE_RC_503_0          | A2 ^ -> ZN v     | NAND2_X1 | 0.016 |   0.221 |    2.674 | 
     | datapath/FE_RC_502_0          | A1 v -> ZN ^     | NAND2_X4 | 0.026 |   0.247 |    2.700 | 
     |                               | dbg_wb_data[3] ^ |          | 0.000 |   0.247 |    2.700 | 
     +------------------------------------------------------------------------------------------+ 
Path 32: MET Late External Delay Assertion 
Endpoint:   dbg_wb_data[0]                 (^) checked with  leading edge of 
'clk'
Beginpoint: datapath/MEMWB_memToReg_reg/QN (^) triggered by  leading edge of 
'clk'
Path Groups: {clk}
Analysis View: RPT_FAST
Other End Arrival Time          0.000
- External Delay                1.200
+ Phase Shift                   4.000
+ CPPR Adjustment               0.000
- Uncertainty                   0.100
= Required Time                 2.700
- Arrival Time                  0.227
= Slack Time                    2.473
     Clock Rise Edge                 0.000
     + Clock Network Latency (Prop)  0.102
     = Beginpoint Arrival Time       0.102
     +----------------------------------------------------------------------------------------------+ 
     |             Instance              |       Arc        |   Cell   | Delay | Arrival | Required | 
     |                                   |                  |          |       |  Time   |   Time   | 
     |-----------------------------------+------------------+----------+-------+---------+----------| 
     | datapath/MEMWB_memToReg_reg       | CK ^             |          |       |   0.102 |    2.575 | 
     | datapath/MEMWB_memToReg_reg       | CK ^ -> QN ^     | DFFR_X1  | 0.044 |   0.146 |    2.619 | 
     | datapath/FE_OFC848_MEMWB_memToReg | A ^ -> ZN v      | INV_X1   | 0.013 |   0.159 |    2.631 | 
     | datapath/FE_OFC849_MEMWB_memToReg | A v -> ZN ^      | INV_X4   | 0.027 |   0.185 |    2.658 | 
     | datapath/FE_RC_289_0              | A2 ^ -> ZN v     | NAND2_X1 | 0.024 |   0.210 |    2.682 | 
     | datapath/FE_RC_288_0              | A2 v -> ZN ^     | NAND2_X4 | 0.018 |   0.227 |    2.700 | 
     |                                   | dbg_wb_data[0] ^ |          | 0.000 |   0.227 |    2.700 | 
     +----------------------------------------------------------------------------------------------+ 
Path 33: MET Late External Delay Assertion 
Endpoint:   dmem_addr[0]                      (^) checked with  leading edge of 
'clk'
Beginpoint: datapath/EXMEM_aluResult_reg[0]/Q (^) triggered by  leading edge of 
'clk'
Path Groups: {clk}
Analysis View: RPT_FAST
Other End Arrival Time          0.000
- External Delay                1.200
+ Phase Shift                   4.000
+ CPPR Adjustment               0.000
- Uncertainty                   0.100
= Required Time                 2.700
- Arrival Time                  0.224
= Slack Time                    2.476
     Clock Rise Edge                 0.000
     + Clock Network Latency (Prop)  0.151
     = Beginpoint Arrival Time       0.151
     +-----------------------------------------------------------------------------------------+ 
     |            Instance             |      Arc       |  Cell   | Delay | Arrival | Required | 
     |                                 |                |         |       |  Time   |   Time   | 
     |---------------------------------+----------------+---------+-------+---------+----------| 
     | datapath/EXMEM_aluResult_reg[0] | CK ^           |         |       |   0.151 |    2.627 | 
     | datapath/EXMEM_aluResult_reg[0] | CK ^ -> Q ^    | DFFR_X1 | 0.073 |   0.224 |    2.700 | 
     |                                 | dmem_addr[0] ^ |         | 0.000 |   0.224 |    2.700 | 
     +-----------------------------------------------------------------------------------------+ 
Path 34: MET Late External Delay Assertion 
Endpoint:   dbg_pc[25]               (^) checked with  leading edge of 'clk'
Beginpoint: datapath/IF_pc_reg[25]/Q (^) triggered by  leading edge of 'clk'
Path Groups: {clk}
Analysis View: RPT_FAST
Other End Arrival Time          0.000
- External Delay                1.200
+ Phase Shift                   4.000
+ CPPR Adjustment               0.000
- Uncertainty                   0.100
= Required Time                 2.700
- Arrival Time                  0.219
= Slack Time                    2.481
     Clock Rise Edge                 0.000
     + Clock Network Latency (Prop)  0.140
     = Beginpoint Arrival Time       0.140
     +--------------------------------------------------------------------------------+ 
     |        Instance        |     Arc      |   Cell    | Delay | Arrival | Required | 
     |                        |              |           |       |  Time   |   Time   | 
     |------------------------+--------------+-----------+-------+---------+----------| 
     | datapath/IF_pc_reg[25] | CK ^         |           |       |   0.140 |    2.621 | 
     | datapath/IF_pc_reg[25] | CK ^ -> Q ^  | SDFFRS_X1 | 0.079 |   0.219 |    2.700 | 
     |                        | dbg_pc[25] ^ |           | 0.000 |   0.219 |    2.700 | 
     +--------------------------------------------------------------------------------+ 
Path 35: MET Late External Delay Assertion 
Endpoint:   imem_addr[25]            (^) checked with  leading edge of 'clk'
Beginpoint: datapath/IF_pc_reg[25]/Q (^) triggered by  leading edge of 'clk'
Path Groups: {clk}
Analysis View: RPT_FAST
Other End Arrival Time          0.000
- External Delay                1.200
+ Phase Shift                   4.000
+ CPPR Adjustment               0.000
- Uncertainty                   0.100
= Required Time                 2.700
- Arrival Time                  0.219
= Slack Time                    2.481
     Clock Rise Edge                 0.000
     + Clock Network Latency (Prop)  0.140
     = Beginpoint Arrival Time       0.140
     +-----------------------------------------------------------------------------------+ 
     |        Instance        |       Arc       |   Cell    | Delay | Arrival | Required | 
     |                        |                 |           |       |  Time   |   Time   | 
     |------------------------+-----------------+-----------+-------+---------+----------| 
     | datapath/IF_pc_reg[25] | CK ^            |           |       |   0.140 |    2.621 | 
     | datapath/IF_pc_reg[25] | CK ^ -> Q ^     | SDFFRS_X1 | 0.079 |   0.219 |    2.700 | 
     |                        | imem_addr[25] ^ |           | 0.000 |   0.219 |    2.700 | 
     +-----------------------------------------------------------------------------------+ 
Path 36: MET Late External Delay Assertion 
Endpoint:   dbg_pc[31]               (^) checked with  leading edge of 'clk'
Beginpoint: datapath/IF_pc_reg[31]/Q (^) triggered by  leading edge of 'clk'
Path Groups: {clk}
Analysis View: RPT_FAST
Other End Arrival Time          0.000
- External Delay                1.200
+ Phase Shift                   4.000
+ CPPR Adjustment               0.000
- Uncertainty                   0.100
= Required Time                 2.700
- Arrival Time                  0.217
= Slack Time                    2.483
     Clock Rise Edge                 0.000
     + Clock Network Latency (Prop)  0.140
     = Beginpoint Arrival Time       0.140
     +------------------------------------------------------------------------------+ 
     |        Instance        |     Arc      |  Cell   | Delay | Arrival | Required | 
     |                        |              |         |       |  Time   |   Time   | 
     |------------------------+--------------+---------+-------+---------+----------| 
     | datapath/IF_pc_reg[31] | CK ^         |         |       |   0.140 |    2.623 | 
     | datapath/IF_pc_reg[31] | CK ^ -> Q ^  | DFFR_X2 | 0.077 |   0.217 |    2.700 | 
     |                        | dbg_pc[31] ^ |         | 0.000 |   0.217 |    2.700 | 
     +------------------------------------------------------------------------------+ 
Path 37: MET Late External Delay Assertion 
Endpoint:   imem_addr[31]            (^) checked with  leading edge of 'clk'
Beginpoint: datapath/IF_pc_reg[31]/Q (^) triggered by  leading edge of 'clk'
Path Groups: {clk}
Analysis View: RPT_FAST
Other End Arrival Time          0.000
- External Delay                1.200
+ Phase Shift                   4.000
+ CPPR Adjustment               0.000
- Uncertainty                   0.100
= Required Time                 2.700
- Arrival Time                  0.217
= Slack Time                    2.483
     Clock Rise Edge                 0.000
     + Clock Network Latency (Prop)  0.140
     = Beginpoint Arrival Time       0.140
     +---------------------------------------------------------------------------------+ 
     |        Instance        |       Arc       |  Cell   | Delay | Arrival | Required | 
     |                        |                 |         |       |  Time   |   Time   | 
     |------------------------+-----------------+---------+-------+---------+----------| 
     | datapath/IF_pc_reg[31] | CK ^            |         |       |   0.140 |    2.623 | 
     | datapath/IF_pc_reg[31] | CK ^ -> Q ^     | DFFR_X2 | 0.077 |   0.217 |    2.700 | 
     |                        | imem_addr[31] ^ |         | 0.000 |   0.217 |    2.700 | 
     +---------------------------------------------------------------------------------+ 
Path 38: MET Late External Delay Assertion 
Endpoint:   dbg_pc[28]               (^) checked with  leading edge of 'clk'
Beginpoint: datapath/IF_pc_reg[28]/Q (^) triggered by  leading edge of 'clk'
Path Groups: {clk}
Analysis View: RPT_FAST
Other End Arrival Time          0.000
- External Delay                1.200
+ Phase Shift                   4.000
+ CPPR Adjustment               0.000
- Uncertainty                   0.100
= Required Time                 2.700
- Arrival Time                  0.210
= Slack Time                    2.490
     Clock Rise Edge                 0.000
     + Clock Network Latency (Prop)  0.141
     = Beginpoint Arrival Time       0.141
     +------------------------------------------------------------------------------+ 
     |        Instance        |     Arc      |  Cell   | Delay | Arrival | Required | 
     |                        |              |         |       |  Time   |   Time   | 
     |------------------------+--------------+---------+-------+---------+----------| 
     | datapath/IF_pc_reg[28] | CK ^         |         |       |   0.141 |    2.631 | 
     | datapath/IF_pc_reg[28] | CK ^ -> Q ^  | DFFR_X1 | 0.069 |   0.210 |    2.700 | 
     |                        | dbg_pc[28] ^ |         | 0.000 |   0.210 |    2.700 | 
     +------------------------------------------------------------------------------+ 
Path 39: MET Late External Delay Assertion 
Endpoint:   imem_addr[28]            (^) checked with  leading edge of 'clk'
Beginpoint: datapath/IF_pc_reg[28]/Q (^) triggered by  leading edge of 'clk'
Path Groups: {clk}
Analysis View: RPT_FAST
Other End Arrival Time          0.000
- External Delay                1.200
+ Phase Shift                   4.000
+ CPPR Adjustment               0.000
- Uncertainty                   0.100
= Required Time                 2.700
- Arrival Time                  0.210
= Slack Time                    2.490
     Clock Rise Edge                 0.000
     + Clock Network Latency (Prop)  0.141
     = Beginpoint Arrival Time       0.141
     +---------------------------------------------------------------------------------+ 
     |        Instance        |       Arc       |  Cell   | Delay | Arrival | Required | 
     |                        |                 |         |       |  Time   |   Time   | 
     |------------------------+-----------------+---------+-------+---------+----------| 
     | datapath/IF_pc_reg[28] | CK ^            |         |       |   0.141 |    2.631 | 
     | datapath/IF_pc_reg[28] | CK ^ -> Q ^     | DFFR_X1 | 0.069 |   0.210 |    2.700 | 
     |                        | imem_addr[28] ^ |         | 0.000 |   0.210 |    2.700 | 
     +---------------------------------------------------------------------------------+ 
Path 40: MET Late External Delay Assertion 
Endpoint:   dbg_pc[29]               (^) checked with  leading edge of 'clk'
Beginpoint: datapath/IF_pc_reg[29]/Q (^) triggered by  leading edge of 'clk'
Path Groups: {clk}
Analysis View: RPT_FAST
Other End Arrival Time          0.000
- External Delay                1.200
+ Phase Shift                   4.000
+ CPPR Adjustment               0.000
- Uncertainty                   0.100
= Required Time                 2.700
- Arrival Time                  0.210
= Slack Time                    2.490
     Clock Rise Edge                 0.000
     + Clock Network Latency (Prop)  0.141
     = Beginpoint Arrival Time       0.141
     +------------------------------------------------------------------------------+ 
     |        Instance        |     Arc      |  Cell   | Delay | Arrival | Required | 
     |                        |              |         |       |  Time   |   Time   | 
     |------------------------+--------------+---------+-------+---------+----------| 
     | datapath/IF_pc_reg[29] | CK ^         |         |       |   0.141 |    2.631 | 
     | datapath/IF_pc_reg[29] | CK ^ -> Q ^  | DFFR_X1 | 0.069 |   0.210 |    2.700 | 
     |                        | dbg_pc[29] ^ |         | 0.000 |   0.210 |    2.700 | 
     +------------------------------------------------------------------------------+ 
Path 41: MET Late External Delay Assertion 
Endpoint:   imem_addr[29]            (^) checked with  leading edge of 'clk'
Beginpoint: datapath/IF_pc_reg[29]/Q (^) triggered by  leading edge of 'clk'
Path Groups: {clk}
Analysis View: RPT_FAST
Other End Arrival Time          0.000
- External Delay                1.200
+ Phase Shift                   4.000
+ CPPR Adjustment               0.000
- Uncertainty                   0.100
= Required Time                 2.700
- Arrival Time                  0.210
= Slack Time                    2.490
     Clock Rise Edge                 0.000
     + Clock Network Latency (Prop)  0.141
     = Beginpoint Arrival Time       0.141
     +---------------------------------------------------------------------------------+ 
     |        Instance        |       Arc       |  Cell   | Delay | Arrival | Required | 
     |                        |                 |         |       |  Time   |   Time   | 
     |------------------------+-----------------+---------+-------+---------+----------| 
     | datapath/IF_pc_reg[29] | CK ^            |         |       |   0.141 |    2.631 | 
     | datapath/IF_pc_reg[29] | CK ^ -> Q ^     | DFFR_X1 | 0.069 |   0.210 |    2.700 | 
     |                        | imem_addr[29] ^ |         | 0.000 |   0.210 |    2.700 | 
     +---------------------------------------------------------------------------------+ 
Path 42: MET Late External Delay Assertion 
Endpoint:   dbg_pc[27]               (^) checked with  leading edge of 'clk'
Beginpoint: datapath/IF_pc_reg[27]/Q (^) triggered by  leading edge of 'clk'
Path Groups: {clk}
Analysis View: RPT_FAST
Other End Arrival Time          0.000
- External Delay                1.200
+ Phase Shift                   4.000
+ CPPR Adjustment               0.000
- Uncertainty                   0.100
= Required Time                 2.700
- Arrival Time                  0.209
= Slack Time                    2.491
     Clock Rise Edge                 0.000
     + Clock Network Latency (Prop)  0.141
     = Beginpoint Arrival Time       0.141
     +------------------------------------------------------------------------------+ 
     |        Instance        |     Arc      |  Cell   | Delay | Arrival | Required | 
     |                        |              |         |       |  Time   |   Time   | 
     |------------------------+--------------+---------+-------+---------+----------| 
     | datapath/IF_pc_reg[27] | CK ^         |         |       |   0.141 |    2.631 | 
     | datapath/IF_pc_reg[27] | CK ^ -> Q ^  | DFFR_X1 | 0.069 |   0.209 |    2.700 | 
     |                        | dbg_pc[27] ^ |         | 0.000 |   0.209 |    2.700 | 
     +------------------------------------------------------------------------------+ 
Path 43: MET Late External Delay Assertion 
Endpoint:   imem_addr[27]            (^) checked with  leading edge of 'clk'
Beginpoint: datapath/IF_pc_reg[27]/Q (^) triggered by  leading edge of 'clk'
Path Groups: {clk}
Analysis View: RPT_FAST
Other End Arrival Time          0.000
- External Delay                1.200
+ Phase Shift                   4.000
+ CPPR Adjustment               0.000
- Uncertainty                   0.100
= Required Time                 2.700
- Arrival Time                  0.209
= Slack Time                    2.491
     Clock Rise Edge                 0.000
     + Clock Network Latency (Prop)  0.141
     = Beginpoint Arrival Time       0.141
     +---------------------------------------------------------------------------------+ 
     |        Instance        |       Arc       |  Cell   | Delay | Arrival | Required | 
     |                        |                 |         |       |  Time   |   Time   | 
     |------------------------+-----------------+---------+-------+---------+----------| 
     | datapath/IF_pc_reg[27] | CK ^            |         |       |   0.141 |    2.631 | 
     | datapath/IF_pc_reg[27] | CK ^ -> Q ^     | DFFR_X1 | 0.069 |   0.209 |    2.700 | 
     |                        | imem_addr[27] ^ |         | 0.000 |   0.209 |    2.700 | 
     +---------------------------------------------------------------------------------+ 
Path 44: MET Late External Delay Assertion 
Endpoint:   dbg_pc[30]               (^) checked with  leading edge of 'clk'
Beginpoint: datapath/IF_pc_reg[30]/Q (^) triggered by  leading edge of 'clk'
Path Groups: {clk}
Analysis View: RPT_FAST
Other End Arrival Time          0.000
- External Delay                1.200
+ Phase Shift                   4.000
+ CPPR Adjustment               0.000
- Uncertainty                   0.100
= Required Time                 2.700
- Arrival Time                  0.209
= Slack Time                    2.491
     Clock Rise Edge                 0.000
     + Clock Network Latency (Prop)  0.140
     = Beginpoint Arrival Time       0.140
     +------------------------------------------------------------------------------+ 
     |        Instance        |     Arc      |  Cell   | Delay | Arrival | Required | 
     |                        |              |         |       |  Time   |   Time   | 
     |------------------------+--------------+---------+-------+---------+----------| 
     | datapath/IF_pc_reg[30] | CK ^         |         |       |   0.140 |    2.632 | 
     | datapath/IF_pc_reg[30] | CK ^ -> Q ^  | DFFR_X1 | 0.068 |   0.209 |    2.700 | 
     |                        | dbg_pc[30] ^ |         | 0.000 |   0.209 |    2.700 | 
     +------------------------------------------------------------------------------+ 
Path 45: MET Late External Delay Assertion 
Endpoint:   imem_addr[30]            (^) checked with  leading edge of 'clk'
Beginpoint: datapath/IF_pc_reg[30]/Q (^) triggered by  leading edge of 'clk'
Path Groups: {clk}
Analysis View: RPT_FAST
Other End Arrival Time          0.000
- External Delay                1.200
+ Phase Shift                   4.000
+ CPPR Adjustment               0.000
- Uncertainty                   0.100
= Required Time                 2.700
- Arrival Time                  0.209
= Slack Time                    2.491
     Clock Rise Edge                 0.000
     + Clock Network Latency (Prop)  0.140
     = Beginpoint Arrival Time       0.140
     +---------------------------------------------------------------------------------+ 
     |        Instance        |       Arc       |  Cell   | Delay | Arrival | Required | 
     |                        |                 |         |       |  Time   |   Time   | 
     |------------------------+-----------------+---------+-------+---------+----------| 
     | datapath/IF_pc_reg[30] | CK ^            |         |       |   0.140 |    2.632 | 
     | datapath/IF_pc_reg[30] | CK ^ -> Q ^     | DFFR_X1 | 0.068 |   0.209 |    2.700 | 
     |                        | imem_addr[30] ^ |         | 0.000 |   0.209 |    2.700 | 
     +---------------------------------------------------------------------------------+ 
Path 46: MET Late External Delay Assertion 
Endpoint:   dmem_addr[2]                      (^) checked with  leading edge of 
'clk'
Beginpoint: datapath/EXMEM_aluResult_reg[2]/Q (^) triggered by  leading edge of 
'clk'
Path Groups: {clk}
Analysis View: RPT_FAST
Other End Arrival Time          0.000
- External Delay                1.200
+ Phase Shift                   4.000
+ CPPR Adjustment               0.000
- Uncertainty                   0.100
= Required Time                 2.700
- Arrival Time                  0.208
= Slack Time                    2.492
     Clock Rise Edge                 0.000
     + Clock Network Latency (Prop)  0.134
     = Beginpoint Arrival Time       0.134
     +-----------------------------------------------------------------------------------------+ 
     |            Instance             |      Arc       |  Cell   | Delay | Arrival | Required | 
     |                                 |                |         |       |  Time   |   Time   | 
     |---------------------------------+----------------+---------+-------+---------+----------| 
     | datapath/EXMEM_aluResult_reg[2] | CK ^           |         |       |   0.134 |    2.626 | 
     | datapath/EXMEM_aluResult_reg[2] | CK ^ -> Q ^    | DFFR_X1 | 0.074 |   0.208 |    2.700 | 
     |                                 | dmem_addr[2] ^ |         | 0.000 |   0.208 |    2.700 | 
     +-----------------------------------------------------------------------------------------+ 
Path 47: MET Late External Delay Assertion 
Endpoint:   dmem_addr[31]                      (^) checked with  leading edge 
of 'clk'
Beginpoint: datapath/EXMEM_aluResult_reg[31]/Q (^) triggered by  leading edge 
of 'clk'
Path Groups: {clk}
Analysis View: RPT_FAST
Other End Arrival Time          0.000
- External Delay                1.200
+ Phase Shift                   4.000
+ CPPR Adjustment               0.000
- Uncertainty                   0.100
= Required Time                 2.700
- Arrival Time                  0.207
= Slack Time                    2.493
     Clock Rise Edge                 0.000
     + Clock Network Latency (Prop)  0.134
     = Beginpoint Arrival Time       0.134
     +-------------------------------------------------------------------------------------------+ 
     |             Instance             |       Arc       |  Cell   | Delay | Arrival | Required | 
     |                                  |                 |         |       |  Time   |   Time   | 
     |----------------------------------+-----------------+---------+-------+---------+----------| 
     | datapath/EXMEM_aluResult_reg[31] | CK ^            |         |       |   0.134 |    2.627 | 
     | datapath/EXMEM_aluResult_reg[31] | CK ^ -> Q ^     | DFFR_X1 | 0.073 |   0.207 |    2.700 | 
     |                                  | dmem_addr[31] ^ |         | 0.000 |   0.207 |    2.700 | 
     +-------------------------------------------------------------------------------------------+ 
Path 48: MET Late External Delay Assertion 
Endpoint:   dmem_addr[28]                      (^) checked with  leading edge 
of 'clk'
Beginpoint: datapath/EXMEM_aluResult_reg[28]/Q (^) triggered by  leading edge 
of 'clk'
Path Groups: {clk}
Analysis View: RPT_FAST
Other End Arrival Time          0.000
- External Delay                1.200
+ Phase Shift                   4.000
+ CPPR Adjustment               0.000
- Uncertainty                   0.100
= Required Time                 2.700
- Arrival Time                  0.207
= Slack Time                    2.493
     Clock Rise Edge                 0.000
     + Clock Network Latency (Prop)  0.133
     = Beginpoint Arrival Time       0.133
     +-------------------------------------------------------------------------------------------+ 
     |             Instance             |       Arc       |  Cell   | Delay | Arrival | Required | 
     |                                  |                 |         |       |  Time   |   Time   | 
     |----------------------------------+-----------------+---------+-------+---------+----------| 
     | datapath/EXMEM_aluResult_reg[28] | CK ^            |         |       |   0.133 |    2.627 | 
     | datapath/EXMEM_aluResult_reg[28] | CK ^ -> Q ^     | DFFR_X1 | 0.073 |   0.207 |    2.700 | 
     |                                  | dmem_addr[28] ^ |         | 0.000 |   0.207 |    2.700 | 
     +-------------------------------------------------------------------------------------------+ 
Path 49: MET Late External Delay Assertion 
Endpoint:   dmem_addr[29]                      (^) checked with  leading edge 
of 'clk'
Beginpoint: datapath/EXMEM_aluResult_reg[29]/Q (^) triggered by  leading edge 
of 'clk'
Path Groups: {clk}
Analysis View: RPT_FAST
Other End Arrival Time          0.000
- External Delay                1.200
+ Phase Shift                   4.000
+ CPPR Adjustment               0.000
- Uncertainty                   0.100
= Required Time                 2.700
- Arrival Time                  0.207
= Slack Time                    2.493
     Clock Rise Edge                 0.000
     + Clock Network Latency (Prop)  0.133
     = Beginpoint Arrival Time       0.133
     +-------------------------------------------------------------------------------------------+ 
     |             Instance             |       Arc       |  Cell   | Delay | Arrival | Required | 
     |                                  |                 |         |       |  Time   |   Time   | 
     |----------------------------------+-----------------+---------+-------+---------+----------| 
     | datapath/EXMEM_aluResult_reg[29] | CK ^            |         |       |   0.133 |    2.627 | 
     | datapath/EXMEM_aluResult_reg[29] | CK ^ -> Q ^     | DFFR_X1 | 0.073 |   0.207 |    2.700 | 
     |                                  | dmem_addr[29] ^ |         | 0.000 |   0.207 |    2.700 | 
     +-------------------------------------------------------------------------------------------+ 
Path 50: MET Late External Delay Assertion 
Endpoint:   dmem_addr[26]                      (^) checked with  leading edge 
of 'clk'
Beginpoint: datapath/EXMEM_aluResult_reg[26]/Q (^) triggered by  leading edge 
of 'clk'
Path Groups: {clk}
Analysis View: RPT_FAST
Other End Arrival Time          0.000
- External Delay                1.200
+ Phase Shift                   4.000
+ CPPR Adjustment               0.000
- Uncertainty                   0.100
= Required Time                 2.700
- Arrival Time                  0.206
= Slack Time                    2.494
     Clock Rise Edge                 0.000
     + Clock Network Latency (Prop)  0.133
     = Beginpoint Arrival Time       0.133
     +-------------------------------------------------------------------------------------------+ 
     |             Instance             |       Arc       |  Cell   | Delay | Arrival | Required | 
     |                                  |                 |         |       |  Time   |   Time   | 
     |----------------------------------+-----------------+---------+-------+---------+----------| 
     | datapath/EXMEM_aluResult_reg[26] | CK ^            |         |       |   0.133 |    2.628 | 
     | datapath/EXMEM_aluResult_reg[26] | CK ^ -> Q ^     | DFFR_X1 | 0.072 |   0.206 |    2.700 | 
     |                                  | dmem_addr[26] ^ |         | 0.000 |   0.206 |    2.700 | 
     +-------------------------------------------------------------------------------------------+ 

