###############################################################
#  Generated by:      Cadence Innovus 23.12-s091_1
#  OS:                Linux x86_64(Host ID nanohub-2907376-4)
#  Generated on:      Mon Aug 10 02:59:09 2026
#  Design:            pipelined_cpu_core
#  Command:           report_timing -late  > reports/20_cts_setup.rpt
###############################################################
Path 1: VIOLATED Setup Check with Pin datapath/EXMEM_aluResult_reg[0]/CK 
Endpoint:   datapath/EXMEM_aluResult_reg[0]/D (^) checked with  leading edge of 
'clk'
Beginpoint: datapath/EXMEM_aluResult_reg[0]/Q (^) triggered by  leading edge of 
'clk'
Path Groups: {clk}
Analysis View: WC_VIEW
Other End Arrival Time          0.284
- Setup                         0.070
+ Phase Shift                   3.900
+ CPPR Adjustment               0.000
- Uncertainty                   0.100
= Required Time                 4.014
- Arrival Time                  4.069
= Slack Time                   -0.055
     Clock Rise Edge                 0.000
     + Clock Network Latency (Prop)  0.285
     = Beginpoint Arrival Time       0.285
     +-----------------------------------------------------------------------------------------------------------+ 
     |                      Instance                      |     Arc      |   Cell   | Delay | Arrival | Required | 
     |                                                    |              |          |       |  Time   |   Time   | 
     |----------------------------------------------------+--------------+----------+-------+---------+----------| 
     | datapath/EXMEM_aluResult_reg[0]                    | CK ^         |          |       |   0.285 |    0.230 | 
     | datapath/EXMEM_aluResult_reg[0]                    | CK ^ -> Q ^  | DFFR_X1  | 0.399 |   0.684 |    0.629 | 
     | datapath/g33507                                    | A1 ^ -> ZN v | NAND2_X2 | 0.057 |   0.741 |    0.686 | 
     | datapath/g32672                                    | A1 v -> ZN ^ | NAND2_X4 | 0.055 |   0.796 |    0.741 | 
     | datapath/g32576_dup                                | A1 ^ -> ZN v | NAND2_X4 | 0.038 |   0.834 |    0.779 | 
     | datapath/FE_RC_320_0                               | A1 v -> ZN ^ | NAND2_X4 | 0.045 |   0.878 |    0.823 | 
     | datapath/FE_RC_319_0                               | A1 ^ -> ZN v | NAND2_X4 | 0.036 |   0.914 |    0.859 | 
     | datapath/FE_RC_318_0                               | A1 v -> ZN ^ | NAND3_X4 | 0.054 |   0.968 |    0.913 | 
     | datapath/ALU_ALU_GEN[0].slice_i_bitAdder/FE_RC_191 | A1 ^ -> ZN v | NAND2_X2 | 0.049 |   1.017 |    0.962 | 
     | _0                                                 |              |          |       |         |          | 
     | datapath/ALU_ALU_GEN[0].slice_i_bitAdder/FE_RC_189 | A2 v -> ZN ^ | NAND2_X4 | 0.058 |   1.074 |    1.019 | 
     | _0                                                 |              |          |       |         |          | 
     | datapath/ALU_ALU_GEN[1].slice_i_bitAdder/g184__552 | A1 ^ -> ZN v | NAND2_X4 | 0.035 |   1.110 |    1.055 | 
     | 6                                                  |              |          |       |         |          | 
     | datapath/ALU_ALU_GEN[1].slice_i_bitAdder/g182__431 | A1 v -> ZN ^ | NAND2_X4 | 0.044 |   1.154 |    1.099 | 
     | 9                                                  |              |          |       |         |          | 
     | datapath/ALU_ALU_GEN[2].slice_i_bitAdder/FE_RC_299 | A1 ^ -> ZN v | NAND2_X4 | 0.036 |   1.190 |    1.135 | 
     | _0                                                 |              |          |       |         |          | 
     | datapath/ALU_ALU_GEN[2].slice_i_bitAdder/g153__824 | A1 v -> ZN ^ | NAND2_X4 | 0.051 |   1.241 |    1.186 | 
     | 6                                                  |              |          |       |         |          | 
     | datapath/ALU_ALU_GEN[3].slice_i_bitAdder/FE_RC_174 | A1 ^ -> ZN v | NAND2_X4 | 0.039 |   1.280 |    1.225 | 
     | _0                                                 |              |          |       |         |          | 
     | datapath/ALU_ALU_GEN[3].slice_i_bitAdder/g156__994 | A1 v -> ZN ^ | NAND2_X4 | 0.045 |   1.325 |    1.270 | 
     | 5                                                  |              |          |       |         |          | 
     | datapath/ALU_ALU_GEN[4].slice_i_bitAdder/FE_RC_141 | A1 ^ -> ZN v | NAND2_X4 | 0.036 |   1.360 |    1.305 | 
     | _0                                                 |              |          |       |         |          | 
     | datapath/ALU_ALU_GEN[4].slice_i_bitAdder/g153__510 | A1 v -> ZN ^ | NAND2_X4 | 0.047 |   1.407 |    1.352 | 
     | 7                                                  |              |          |       |         |          | 
     | datapath/ALU_ALU_GEN[5].slice_i_bitAdder/g155__824 | A1 ^ -> ZN v | NAND2_X4 | 0.037 |   1.444 |    1.389 | 
     | 6                                                  |              |          |       |         |          | 
     | datapath/ALU_ALU_GEN[5].slice_i_bitAdder/g153__170 | A1 v -> ZN ^ | NAND2_X4 | 0.044 |   1.488 |    1.433 | 
     | 5                                                  |              |          |       |         |          | 
     | datapath/ALU_ALU_GEN[6].slice_i_bitAdder/g155__994 | A1 ^ -> ZN v | NAND2_X4 | 0.035 |   1.523 |    1.468 | 
     | 5                                                  |              |          |       |         |          | 
     | datapath/ALU_ALU_GEN[6].slice_i_bitAdder/g153__616 | A1 v -> ZN ^ | NAND2_X4 | 0.044 |   1.567 |    1.512 | 
     | 1                                                  |              |          |       |         |          | 
     | datapath/ALU_ALU_GEN[7].slice_i_bitAdder/g155__626 | A1 ^ -> ZN v | NAND2_X4 | 0.035 |   1.602 |    1.547 | 
     | 0                                                  |              |          |       |         |          | 
     | datapath/ALU_ALU_GEN[7].slice_i_bitAdder/g153__239 | A1 v -> ZN ^ | NAND2_X4 | 0.047 |   1.649 |    1.594 | 
     | 8                                                  |              |          |       |         |          | 
     | datapath/ALU_ALU_GEN[8].slice_i_bitAdder/FE_RC_301 | A1 ^ -> ZN v | NAND2_X4 | 0.037 |   1.686 |    1.631 | 
     | _0                                                 |              |          |       |         |          | 
     | datapath/ALU_ALU_GEN[8].slice_i_bitAdder/FE_RC_300 | A1 v -> ZN ^ | NAND2_X4 | 0.049 |   1.735 |    1.680 | 
     | _0                                                 |              |          |       |         |          | 
     | datapath/ALU_ALU_GEN[9].slice_i_bitAdder/g158__473 | A1 ^ -> ZN v | NAND2_X4 | 0.038 |   1.773 |    1.718 | 
     | 3                                                  |              |          |       |         |          | 
     | datapath/ALU_ALU_GEN[9].slice_i_bitAdder/g156__511 | A1 v -> ZN ^ | NAND2_X4 | 0.047 |   1.819 |    1.764 | 
     | 5                                                  |              |          |       |         |          | 
     | datapath/ALU_ALU_GEN[10].slice_i_bitAdder/g155__64 | A1 ^ -> ZN v | NAND2_X4 | 0.036 |   1.856 |    1.801 | 
     | 17                                                 |              |          |       |         |          | 
     | datapath/ALU_ALU_GEN[10].slice_i_bitAdder/g153__16 | A1 v -> ZN ^ | NAND2_X4 | 0.044 |   1.900 |    1.845 | 
     | 66                                                 |              |          |       |         |          | 
     | datapath/ALU_ALU_GEN[11].slice_i_bitAdder/g158__67 | A1 ^ -> ZN v | NAND2_X4 | 0.036 |   1.936 |    1.881 | 
     | 83                                                 |              |          |       |         |          | 
     | datapath/ALU_ALU_GEN[11].slice_i_bitAdder/g156__84 | A1 v -> ZN ^ | NAND2_X4 | 0.056 |   1.992 |    1.937 | 
     | 28                                                 |              |          |       |         |          | 
     | datapath/ALU_ALU_GEN[12].slice_i_bitAdder/FE_RC_30 | A1 ^ -> ZN v | NAND2_X4 | 0.041 |   2.033 |    1.978 | 
     | 7_0                                                |              |          |       |         |          | 
     | datapath/ALU_ALU_GEN[12].slice_i_bitAdder/FE_RC_30 | A1 v -> ZN ^ | NAND2_X4 | 0.045 |   2.078 |    2.023 | 
     | 6_0                                                |              |          |       |         |          | 
     | datapath/ALU_ALU_GEN[13].slice_i_bitAdder/g158__28 | A1 ^ -> ZN v | NAND2_X4 | 0.035 |   2.114 |    2.059 | 
     | 83                                                 |              |          |       |         |          | 
     | datapath/ALU_ALU_GEN[13].slice_i_bitAdder/g156__93 | A1 v -> ZN ^ | NAND2_X4 | 0.044 |   2.158 |    2.103 | 
     | 15                                                 |              |          |       |         |          | 
     | datapath/ALU_ALU_GEN[14].slice_i_bitAdder/g158__62 | A1 ^ -> ZN v | NAND2_X4 | 0.035 |   2.193 |    2.138 | 
     | 60                                                 |              |          |       |         |          | 
     | datapath/ALU_ALU_GEN[14].slice_i_bitAdder/g156__23 | A1 v -> ZN ^ | NAND2_X4 | 0.058 |   2.251 |    2.196 | 
     | 98                                                 |              |          |       |         |          | 
     | datapath/ALU_ALU_GEN[15].slice_i_bitAdder/g158__17 | A1 ^ -> ZN v | NAND2_X4 | 0.042 |   2.293 |    2.238 | 
     | 05                                                 |              |          |       |         |          | 
     | datapath/ALU_ALU_GEN[15].slice_i_bitAdder/g156__16 | A1 v -> ZN ^ | NAND2_X4 | 0.046 |   2.339 |    2.284 | 
     | 17                                                 |              |          |       |         |          | 
     | datapath/ALU_ALU_GEN[16].slice_i_bitAdder/g158__47 | A1 ^ -> ZN v | NAND2_X4 | 0.035 |   2.374 |    2.319 | 
     | 33                                                 |              |          |       |         |          | 
     | datapath/ALU_ALU_GEN[16].slice_i_bitAdder/g156__51 | A1 v -> ZN ^ | NAND2_X4 | 0.045 |   2.419 |    2.364 | 
     | 15                                                 |              |          |       |         |          | 
     | datapath/ALU_ALU_GEN[17].slice_i_bitAdder/g158__64 | A1 ^ -> ZN v | NAND2_X4 | 0.037 |   2.456 |    2.401 | 
     | 17                                                 |              |          |       |         |          | 
     | datapath/ALU_ALU_GEN[17].slice_i_bitAdder/g156__16 | A1 v -> ZN ^ | NAND2_X4 | 0.051 |   2.506 |    2.451 | 
     | 66                                                 |              |          |       |         |          | 
     | datapath/ALU_ALU_GEN[18].slice_i_bitAdder/g158__67 | A1 ^ -> ZN v | NAND2_X4 | 0.038 |   2.544 |    2.489 | 
     | 83                                                 |              |          |       |         |          | 
     | datapath/ALU_ALU_GEN[18].slice_i_bitAdder/g156__84 | A1 v -> ZN ^ | NAND2_X4 | 0.045 |   2.589 |    2.534 | 
     | 28                                                 |              |          |       |         |          | 
     | datapath/ALU_ALU_GEN[19].slice_i_bitAdder/g158__61 | A1 ^ -> ZN v | NAND2_X4 | 0.036 |   2.625 |    2.570 | 
     | 31                                                 |              |          |       |         |          | 
     | datapath/ALU_ALU_GEN[19].slice_i_bitAdder/g156__82 | A1 v -> ZN ^ | NAND2_X4 | 0.046 |   2.671 |    2.616 | 
     | 46                                                 |              |          |       |         |          | 
     | datapath/ALU_ALU_GEN[20].slice_i_bitAdder/g158__99 | A1 ^ -> ZN v | NAND2_X4 | 0.036 |   2.706 |    2.651 | 
     | 45                                                 |              |          |       |         |          | 
     | datapath/ALU_ALU_GEN[20].slice_i_bitAdder/g156__93 | A1 v -> ZN ^ | NAND2_X4 | 0.057 |   2.763 |    2.708 | 
     | 15                                                 |              |          |       |         |          | 
     | datapath/ALU_ALU_GEN[21].slice_i_bitAdder/g158__62 | A1 ^ -> ZN v | NAND2_X4 | 0.041 |   2.805 |    2.750 | 
     | 60                                                 |              |          |       |         |          | 
     | datapath/ALU_ALU_GEN[21].slice_i_bitAdder/g156__51 | A1 v -> ZN ^ | NAND2_X4 | 0.045 |   2.850 |    2.795 | 
     | 07                                                 |              |          |       |         |          | 
     | datapath/ALU_ALU_GEN[22].slice_i_bitAdder/g155__51 | A1 ^ -> ZN v | NAND2_X4 | 0.036 |   2.886 |    2.831 | 
     | 22                                                 |              |          |       |         |          | 
     | datapath/ALU_ALU_GEN[22].slice_i_bitAdder/g153__17 | A1 v -> ZN ^ | NAND2_X4 | 0.045 |   2.930 |    2.875 | 
     | 05                                                 |              |          |       |         |          | 
     | datapath/ALU_ALU_GEN[23].slice_i_bitAdder/g158__93 | A1 ^ -> ZN v | NAND2_X4 | 0.035 |   2.966 |    2.911 | 
     | 15                                                 |              |          |       |         |          | 
     | datapath/ALU_ALU_GEN[23].slice_i_bitAdder/g156__61 | A1 v -> ZN ^ | NAND2_X4 | 0.058 |   3.024 |    2.969 | 
     | 61                                                 |              |          |       |         |          | 
     | datapath/ALU_ALU_GEN[24].slice_i_bitAdder/g158__51 | A1 ^ -> ZN v | NAND2_X4 | 0.042 |   3.066 |    3.011 | 
     | 07                                                 |              |          |       |         |          | 
     | datapath/ALU_ALU_GEN[24].slice_i_bitAdder/g156__23 | A1 v -> ZN ^ | NAND2_X4 | 0.045 |   3.111 |    3.056 | 
     | 98                                                 |              |          |       |         |          | 
     | datapath/ALU_ALU_GEN[25].slice_i_bitAdder/g158__51 | A1 ^ -> ZN v | NAND2_X4 | 0.035 |   3.146 |    3.091 | 
     | 22                                                 |              |          |       |         |          | 
     | datapath/ALU_ALU_GEN[25].slice_i_bitAdder/g156__28 | A1 v -> ZN ^ | NAND2_X4 | 0.044 |   3.190 |    3.135 | 
     | 02                                                 |              |          |       |         |          | 
     | datapath/ALU_ALU_GEN[26].slice_i_bitAdder/g155__61 | A1 ^ -> ZN v | NAND2_X4 | 0.035 |   3.225 |    3.170 | 
     | 61                                                 |              |          |       |         |          | 
     | datapath/ALU_ALU_GEN[26].slice_i_bitAdder/g153__47 | A1 v -> ZN ^ | NAND2_X4 | 0.048 |   3.274 |    3.219 | 
     | 33                                                 |              |          |       |         |          | 
     | datapath/ALU_ALU_GEN[27].slice_i_bitAdder/g158__23 | A1 ^ -> ZN v | NAND2_X4 | 0.037 |   3.310 |    3.255 | 
     | 98                                                 |              |          |       |         |          | 
     | datapath/ALU_ALU_GEN[27].slice_i_bitAdder/g156__64 | A1 v -> ZN ^ | NAND2_X4 | 0.044 |   3.355 |    3.300 | 
     | 17                                                 |              |          |       |         |          | 
     | datapath/ALU_ALU_GEN[28].slice_i_bitAdder/g158__17 | A1 ^ -> ZN v | NAND2_X4 | 0.035 |   3.390 |    3.335 | 
     | 05                                                 |              |          |       |         |          | 
     | datapath/ALU_ALU_GEN[28].slice_i_bitAdder/g156__16 | A1 v -> ZN ^ | NAND2_X4 | 0.044 |   3.434 |    3.379 | 
     | 17                                                 |              |          |       |         |          | 
     | datapath/ALU_ALU_GEN[29].slice_i_bitAdder/g158__93 | A1 ^ -> ZN v | NAND2_X4 | 0.035 |   3.469 |    3.414 | 
     | 15                                                 |              |          |       |         |          | 
     | datapath/ALU_ALU_GEN[29].slice_i_bitAdder/g156__47 | A1 v -> ZN ^ | NAND2_X4 | 0.049 |   3.518 |    3.463 | 
     | 33                                                 |              |          |       |         |          | 
     | datapath/ALU_ALU_GEN[30].slice_i_bitAdder/g158__62 | A1 ^ -> ZN v | NAND2_X4 | 0.038 |   3.556 |    3.501 | 
     | 60                                                 |              |          |       |         |          | 
     | datapath/ALU_ALU_GEN[30].slice_i_bitAdder/g156__23 | A1 v -> ZN ^ | NAND2_X4 | 0.060 |   3.616 |    3.561 | 
     | 98                                                 |              |          |       |         |          | 
     | datapath/ALU_msb_bitAdder/g119__8246               | A1 ^ -> ZN v | NAND2_X4 | 0.042 |   3.658 |    3.603 | 
     | datapath/ALU_msb_bitAdder/g117__1705               | A1 v -> ZN ^ | NAND2_X4 | 0.044 |   3.702 |    3.647 | 
     | datapath/FE_RC_118_0                               | A1 ^ -> ZN v | NAND2_X2 | 0.036 |   3.737 |    3.682 | 
     | datapath/FE_RC_117_0                               | A v -> ZN ^  | OAI21_X2 | 0.067 |   3.804 |    3.749 | 
     | datapath/g22497                                    | A ^ -> ZN ^  | XNOR2_X2 | 0.154 |   3.958 |    3.903 | 
     | datapath/ALU_ALU_GEN[0].slice_i_resultMux/g187__54 | A1 ^ -> ZN v | NAND2_X4 | 0.062 |   4.020 |    3.965 | 
     | 77                                                 |              |          |       |         |          | 
     | datapath/ALU_ALU_GEN[0].slice_i_resultMux/g185__74 | A1 v -> ZN ^ | NAND2_X2 | 0.049 |   4.069 |    4.014 | 
     | 10                                                 |              |          |       |         |          | 
     | datapath/EXMEM_aluResult_reg[0]                    | D ^          | DFFR_X1  | 0.000 |   4.069 |    4.014 | 
     +-----------------------------------------------------------------------------------------------------------+ 

