###############################################################
#  Generated by:      Cadence Innovus 23.12-s091_1
#  OS:                Linux x86_64(Host ID nanohub-2907570-14)
#  Generated on:      Mon Aug 10 15:33:31 2026
#  Design:            pipelined_cpu_core
#  Command:           report_timing -early -view RPT_FAST -max_paths 50 -nworst 1 > reports/41_hold_fast.rpt
###############################################################
Path 1: MET Hold Check with Pin datapath/EXMEM_storeData_reg[5]/CK 
Endpoint:   datapath/EXMEM_storeData_reg[5]/D (^) checked with  leading edge of 
'clk'
Beginpoint: datapath/IDEX_readData2_reg[5]/QN (v) triggered by  leading edge of 
'clk'
Path Groups: {reg2reg}
Analysis View: RPT_FAST
Other End Arrival Time          0.213
+ Hold                          0.004
+ Phase Shift                   0.000
- CPPR Adjustment               0.000
+ Uncertainty                   0.020
= Required Time                 0.238
  Arrival Time                  0.249
  Slack Time                    0.011
     Clock Rise Edge                 0.000
     + Clock Network Latency (Prop)  0.164
     = Beginpoint Arrival Time       0.164
     +----------------------------------------------------------------------------------------+ 
     |            Instance             |     Arc      |   Cell   | Delay | Arrival | Required | 
     |                                 |              |          |       |  Time   |   Time   | 
     |---------------------------------+--------------+----------+-------+---------+----------| 
     | datapath/IDEX_readData2_reg[5]  | CK ^         |          |       |   0.164 |    0.153 | 
     | datapath/IDEX_readData2_reg[5]  | CK ^ -> QN v | DFFR_X1  | 0.041 |   0.205 |    0.194 | 
     | datapath/FE_RC_286_0            | B2 v -> ZN ^ | OAI22_X1 | 0.022 |   0.227 |    0.216 | 
     | datapath/g32593                 | A1 ^ -> ZN v | NOR2_X1  | 0.008 |   0.236 |    0.224 | 
     | datapath/FE_OFC1650_n_1118      | A v -> ZN ^  | INV_X2   | 0.013 |   0.249 |    0.238 | 
     | datapath/EXMEM_storeData_reg[5] | D ^          | DFFR_X1  | 0.000 |   0.249 |    0.238 | 
     +----------------------------------------------------------------------------------------+ 
Path 2: MET Hold Check with Pin datapath/MEMWB_aluResult_reg[9]/CK 
Endpoint:   datapath/MEMWB_aluResult_reg[9]/D (v) checked with  leading edge of 
'clk'
Beginpoint: datapath/EXMEM_aluResult_reg[9]/Q (v) triggered by  leading edge of 
'clk'
Path Groups: {reg2reg}
Analysis View: RPT_FAST
Other End Arrival Time          0.188
+ Hold                          0.005
+ Phase Shift                   0.000
- CPPR Adjustment               0.000
+ Uncertainty                   0.020
= Required Time                 0.213
  Arrival Time                  0.226
  Slack Time                    0.013
     Clock Rise Edge                 0.000
     + Clock Network Latency (Prop)  0.165
     = Beginpoint Arrival Time       0.165
     +--------------------------------------------------------------------------------------+ 
     |            Instance             |     Arc     |  Cell   | Delay | Arrival | Required | 
     |                                 |             |         |       |  Time   |   Time   | 
     |---------------------------------+-------------+---------+-------+---------+----------| 
     | datapath/EXMEM_aluResult_reg[9] | CK ^        |         |       |   0.165 |    0.153 | 
     | datapath/EXMEM_aluResult_reg[9] | CK ^ -> Q v | DFFR_X1 | 0.060 |   0.226 |    0.213 | 
     | datapath/MEMWB_aluResult_reg[9] | D v         | DFFR_X1 | 0.000 |   0.226 |    0.213 | 
     +--------------------------------------------------------------------------------------+ 
Path 3: MET Hold Check with Pin datapath/MEMWB_aluResult_reg[7]/CK 
Endpoint:   datapath/MEMWB_aluResult_reg[7]/D (v) checked with  leading edge of 
'clk'
Beginpoint: datapath/EXMEM_aluResult_reg[7]/Q (v) triggered by  leading edge of 
'clk'
Path Groups: {reg2reg}
Analysis View: RPT_FAST
Other End Arrival Time          0.188
+ Hold                          0.005
+ Phase Shift                   0.000
- CPPR Adjustment               0.000
+ Uncertainty                   0.020
= Required Time                 0.213
  Arrival Time                  0.228
  Slack Time                    0.015
     Clock Rise Edge                 0.000
     + Clock Network Latency (Prop)  0.165
     = Beginpoint Arrival Time       0.165
     +--------------------------------------------------------------------------------------+ 
     |            Instance             |     Arc     |  Cell   | Delay | Arrival | Required | 
     |                                 |             |         |       |  Time   |   Time   | 
     |---------------------------------+-------------+---------+-------+---------+----------| 
     | datapath/EXMEM_aluResult_reg[7] | CK ^        |         |       |   0.165 |    0.151 | 
     | datapath/EXMEM_aluResult_reg[7] | CK ^ -> Q v | DFFR_X1 | 0.062 |   0.228 |    0.213 | 
     | datapath/MEMWB_aluResult_reg[7] | D v         | DFFR_X1 | 0.000 |   0.228 |    0.213 | 
     +--------------------------------------------------------------------------------------+ 
Path 4: MET Hold Check with Pin datapath/EXMEM_storeData_reg[11]/CK 
Endpoint:   datapath/EXMEM_storeData_reg[11]/D (^) checked with  leading edge 
of 'clk'
Beginpoint: datapath/MEMWB_regWrite_reg/Q      (v) triggered by  leading edge 
of 'clk'
Path Groups: {reg2reg}
Analysis View: RPT_FAST
Other End Arrival Time          0.214
+ Hold                          0.004
+ Phase Shift                   0.000
- CPPR Adjustment               0.000
+ Uncertainty                   0.020
= Required Time                 0.238
  Arrival Time                  0.254
  Slack Time                    0.016
     Clock Rise Edge                 0.000
     + Clock Network Latency (Prop)  0.073
     = Beginpoint Arrival Time       0.073
     +-----------------------------------------------------------------------------------------+ 
     |             Instance             |     Arc      |   Cell   | Delay | Arrival | Required | 
     |                                  |              |          |       |  Time   |   Time   | 
     |----------------------------------+--------------+----------+-------+---------+----------| 
     | datapath/MEMWB_regWrite_reg      | CK ^         |          |       |   0.073 |    0.057 | 
     | datapath/MEMWB_regWrite_reg      | CK ^ -> Q v  | DFFR_X1  | 0.060 |   0.133 |    0.117 | 
     | ALU_forward/FE_RC_706_0          | A v -> ZN ^  | INV_X1   | 0.008 |   0.142 |    0.126 | 
     | ALU_forward/FE_RC_2004_0         | A ^ -> ZN v  | INV_X1   | 0.005 |   0.147 |    0.131 | 
     | ALU_forward/FE_RC_2001_0         | A2 v -> ZN ^ | NAND2_X1 | 0.015 |   0.162 |    0.146 | 
     | ALU_forward/FE_RC_2119_0         | A2 ^ -> ZN v | NOR2_X4  | 0.007 |   0.169 |    0.153 | 
     | ALU_forward/FE_RC_2118_0         | A1 v -> ZN ^ | NAND3_X2 | 0.018 |   0.187 |    0.171 | 
     | datapath/g33511                  | A1 ^ -> ZN v | NAND2_X2 | 0.025 |   0.212 |    0.196 | 
     | datapath/g32673                  | A1 v -> ZN ^ | OAI22_X1 | 0.019 |   0.231 |    0.215 | 
     | datapath/g32596                  | A ^ -> ZN v  | AOI21_X1 | 0.013 |   0.244 |    0.227 | 
     | datapath/g32564                  | A v -> ZN ^  | INV_X1   | 0.011 |   0.254 |    0.238 | 
     | datapath/EXMEM_storeData_reg[11] | D ^          | DFFR_X1  | 0.000 |   0.254 |    0.238 | 
     +-----------------------------------------------------------------------------------------+ 
Path 5: MET Hold Check with Pin datapath/EXMEM_storeData_reg[7]/CK 
Endpoint:   datapath/EXMEM_storeData_reg[7]/D  (v) checked with  leading edge 
of 'clk'
Beginpoint: datapath/EXMEM_aluResult_reg[7]/QN (^) triggered by  leading edge 
of 'clk'
Path Groups: {reg2reg}
Analysis View: RPT_FAST
Other End Arrival Time          0.213
+ Hold                          0.004
+ Phase Shift                   0.000
- CPPR Adjustment               0.000
+ Uncertainty                   0.020
= Required Time                 0.238
  Arrival Time                  0.254
  Slack Time                    0.017
     Clock Rise Edge                 0.000
     + Clock Network Latency (Prop)  0.165
     = Beginpoint Arrival Time       0.165
     +----------------------------------------------------------------------------------------------+ 
     |               Instance                |     Arc      |   Cell   | Delay | Arrival | Required | 
     |                                       |              |          |       |  Time   |   Time   | 
     |---------------------------------------+--------------+----------+-------+---------+----------| 
     | datapath/EXMEM_aluResult_reg[7]       | CK ^         |          |       |   0.165 |    0.149 | 
     | datapath/EXMEM_aluResult_reg[7]       | CK ^ -> QN ^ | DFFR_X1  | 0.049 |   0.215 |    0.198 | 
     | datapath/g33046                       | B2 ^ -> ZN v | OAI22_X1 | 0.012 |   0.227 |    0.210 | 
     | datapath/FE_RC_376_0                  | A1 v -> ZN ^ | NOR2_X1  | 0.015 |   0.242 |    0.225 | 
     | datapath/FE_OFC1337_FE_OCPN760_n_1065 | A ^ -> ZN v  | INV_X1   | 0.012 |   0.254 |    0.238 | 
     | datapath/EXMEM_storeData_reg[7]       | D v          | DFFR_X1  | 0.000 |   0.254 |    0.238 | 
     +----------------------------------------------------------------------------------------------+ 
Path 6: MET Hold Check with Pin datapath/EXMEM_storeData_reg[9]/CK 
Endpoint:   datapath/EXMEM_storeData_reg[9]/D (^) checked with  leading edge of 
'clk'
Beginpoint: datapath/MEMWB_regWrite_reg/Q     (v) triggered by  leading edge of 
'clk'
Path Groups: {reg2reg}
Analysis View: RPT_FAST
Other End Arrival Time          0.214
+ Hold                          0.004
+ Phase Shift                   0.000
- CPPR Adjustment               0.000
+ Uncertainty                   0.020
= Required Time                 0.238
  Arrival Time                  0.256
  Slack Time                    0.018
     Clock Rise Edge                 0.000
     + Clock Network Latency (Prop)  0.073
     = Beginpoint Arrival Time       0.073
     +----------------------------------------------------------------------------------------+ 
     |            Instance             |     Arc      |   Cell   | Delay | Arrival | Required | 
     |                                 |              |          |       |  Time   |   Time   | 
     |---------------------------------+--------------+----------+-------+---------+----------| 
     | datapath/MEMWB_regWrite_reg     | CK ^         |          |       |   0.073 |    0.055 | 
     | datapath/MEMWB_regWrite_reg     | CK ^ -> Q v  | DFFR_X1  | 0.060 |   0.133 |    0.116 | 
     | ALU_forward/FE_RC_706_0         | A v -> ZN ^  | INV_X1   | 0.008 |   0.142 |    0.124 | 
     | ALU_forward/FE_RC_2004_0        | A ^ -> ZN v  | INV_X1   | 0.005 |   0.147 |    0.129 | 
     | ALU_forward/FE_RC_2001_0        | A2 v -> ZN ^ | NAND2_X1 | 0.015 |   0.162 |    0.145 | 
     | ALU_forward/FE_RC_2119_0        | A2 ^ -> ZN v | NOR2_X4  | 0.007 |   0.169 |    0.151 | 
     | ALU_forward/FE_RC_2118_0        | A1 v -> ZN ^ | NAND3_X2 | 0.018 |   0.187 |    0.169 | 
     | datapath/g33511                 | A1 ^ -> ZN v | NAND2_X2 | 0.025 |   0.212 |    0.194 | 
     | datapath/g32674                 | A1 v -> ZN ^ | OAI22_X1 | 0.021 |   0.232 |    0.214 | 
     | datapath/g32595                 | A ^ -> ZN v  | AOI21_X1 | 0.015 |   0.247 |    0.229 | 
     | datapath/g32563                 | A v -> ZN ^  | INV_X1   | 0.009 |   0.256 |    0.238 | 
     | datapath/EXMEM_storeData_reg[9] | D ^          | DFFR_X1  | 0.000 |   0.256 |    0.238 | 
     +----------------------------------------------------------------------------------------+ 
Path 7: MET Hold Check with Pin datapath/MEMWB_aluResult_reg[26]/CK 
Endpoint:   datapath/MEMWB_aluResult_reg[26]/D (v) checked with  leading edge 
of 'clk'
Beginpoint: datapath/EXMEM_aluResult_reg[26]/Q (v) triggered by  leading edge 
of 'clk'
Path Groups: {reg2reg}
Analysis View: RPT_FAST
Other End Arrival Time          0.188
+ Hold                          0.005
+ Phase Shift                   0.000
- CPPR Adjustment               0.000
+ Uncertainty                   0.020
= Required Time                 0.213
  Arrival Time                  0.235
  Slack Time                    0.022
     Clock Rise Edge                 0.000
     + Clock Network Latency (Prop)  0.166
     = Beginpoint Arrival Time       0.166
     +---------------------------------------------------------------------------------------+ 
     |             Instance             |     Arc     |  Cell   | Delay | Arrival | Required | 
     |                                  |             |         |       |  Time   |   Time   | 
     |----------------------------------+-------------+---------+-------+---------+----------| 
     | datapath/EXMEM_aluResult_reg[26] | CK ^        |         |       |   0.166 |    0.144 | 
     | datapath/EXMEM_aluResult_reg[26] | CK ^ -> Q v | DFFR_X1 | 0.069 |   0.234 |    0.212 | 
     | datapath/MEMWB_aluResult_reg[26] | D v         | DFFR_X1 | 0.000 |   0.235 |    0.213 | 
     +---------------------------------------------------------------------------------------+ 
Path 8: MET Hold Check with Pin datapath/IFID_pc_reg[27]/CK 
Endpoint:   datapath/IFID_pc_reg[27]/D (v) checked with  leading edge of 'clk'
Beginpoint: datapath/IF_pc_reg[27]/Q   (v) triggered by  leading edge of 'clk'
Path Groups: {reg2reg}
Analysis View: RPT_FAST
Other End Arrival Time          0.214
+ Hold                          0.004
+ Phase Shift                   0.000
- CPPR Adjustment               0.000
+ Uncertainty                   0.020
= Required Time                 0.238
  Arrival Time                  0.262
  Slack Time                    0.024
     Clock Rise Edge                 0.000
     + Clock Network Latency (Prop)  0.174
     = Beginpoint Arrival Time       0.174
     +---------------------------------------------------------------------------------+ 
     |         Instance         |     Arc      |   Cell   | Delay | Arrival | Required | 
     |                          |              |          |       |  Time   |   Time   | 
     |--------------------------+--------------+----------+-------+---------+----------| 
     | datapath/IF_pc_reg[27]   | CK ^         |          |       |   0.174 |    0.151 | 
     | datapath/IF_pc_reg[27]   | CK ^ -> Q v  | DFFR_X2  | 0.066 |   0.241 |    0.217 | 
     | datapath/g43306          | A2 v -> ZN ^ | AOI22_X1 | 0.014 |   0.254 |    0.231 | 
     | datapath/g43143          | A2 ^ -> ZN v | NOR2_X1  | 0.007 |   0.262 |    0.238 | 
     | datapath/IFID_pc_reg[27] | D v          | DFFR_X1  | 0.000 |   0.262 |    0.238 | 
     +---------------------------------------------------------------------------------+ 
Path 9: MET Hold Check with Pin datapath/MEMWB_aluResult_reg[1]/CK 
Endpoint:   datapath/MEMWB_aluResult_reg[1]/D  (^) checked with  leading edge 
of 'clk'
Beginpoint: datapath/EXMEM_aluResult_reg[1]/QN (v) triggered by  leading edge 
of 'clk'
Path Groups: {reg2reg}
Analysis View: RPT_FAST
Other End Arrival Time          0.197
+ Hold                          0.004
+ Phase Shift                   0.000
- CPPR Adjustment               0.000
+ Uncertainty                   0.020
= Required Time                 0.221
  Arrival Time                  0.250
  Slack Time                    0.029
     Clock Rise Edge                 0.000
     + Clock Network Latency (Prop)  0.196
     = Beginpoint Arrival Time       0.196
     +---------------------------------------------------------------------------------------+ 
     |            Instance             |     Arc      |  Cell   | Delay | Arrival | Required | 
     |                                 |              |         |       |  Time   |   Time   | 
     |---------------------------------+--------------+---------+-------+---------+----------| 
     | datapath/EXMEM_aluResult_reg[1] | CK ^         |         |       |   0.196 |    0.167 | 
     | datapath/EXMEM_aluResult_reg[1] | CK ^ -> QN v | DFFR_X1 | 0.044 |   0.240 |    0.211 | 
     | datapath/g43472                 | A v -> ZN ^  | INV_X2  | 0.011 |   0.250 |    0.221 | 
     | datapath/MEMWB_aluResult_reg[1] | D ^          | DFFR_X1 | 0.000 |   0.250 |    0.221 | 
     +---------------------------------------------------------------------------------------+ 
Path 10: MET Hold Check with Pin datapath/EXMEM_storeData_reg[3]/CK 
Endpoint:   datapath/EXMEM_storeData_reg[3]/D (v) checked with  leading edge of 
'clk'
Beginpoint: datapath/EXMEM_regWrite_reg/QN    (^) triggered by  leading edge of 
'clk'
Path Groups: {reg2reg}
Analysis View: RPT_FAST
Other End Arrival Time          0.214
+ Hold                          0.004
+ Phase Shift                   0.000
- CPPR Adjustment               0.000
+ Uncertainty                   0.020
= Required Time                 0.238
  Arrival Time                  0.267
  Slack Time                    0.029
     Clock Rise Edge                 0.000
     + Clock Network Latency (Prop)  0.075
     = Beginpoint Arrival Time       0.075
     +-------------------------------------------------------------------------------------------+ 
     |              Instance              |     Arc      |   Cell   | Delay | Arrival | Required | 
     |                                    |              |          |       |  Time   |   Time   | 
     |------------------------------------+--------------+----------+-------+---------+----------| 
     | datapath/EXMEM_regWrite_reg        | CK ^         |          |       |   0.075 |    0.047 | 
     | datapath/EXMEM_regWrite_reg        | CK ^ -> QN ^ | DFFR_X1  | 0.043 |   0.119 |    0.090 | 
     | datapath/FE_OFC234_n_556           | A ^ -> ZN v  | INV_X1   | 0.016 |   0.135 |    0.106 | 
     | ALU_forward/FE_RC_2083_0           | A3 v -> ZN ^ | NAND3_X1 | 0.015 |   0.150 |    0.121 | 
     | ALU_forward/FE_OFC1803_FE_RN_63_0  | A ^ -> ZN v  | INV_X1   | 0.006 |   0.155 |    0.127 | 
     | ALU_forward/FE_RC_1782_0           | A3 v -> ZN ^ | NAND4_X1 | 0.014 |   0.169 |    0.140 | 
     | ALU_forward/FE_OFC1745_FE_RN_219_0 | A ^ -> ZN v  | INV_X2   | 0.013 |   0.182 |    0.154 | 
     | datapath/FE_OFC1749_FE_RN_219_0    | A v -> ZN ^  | INV_X2   | 0.025 |   0.208 |    0.179 | 
     | datapath/g33509                    | A2 ^ -> ZN v | NOR2_X2  | 0.015 |   0.223 |    0.194 | 
     | datapath/g33229                    | A1 v -> ZN ^ | NAND2_X1 | 0.014 |   0.237 |    0.208 | 
     | datapath/FE_RC_2415_0              | A ^ -> ZN v  | INV_X1   | 0.007 |   0.244 |    0.215 | 
     | datapath/FE_RC_2413_0              | A1 v -> ZN v | OR2_X1   | 0.023 |   0.267 |    0.238 | 
     | datapath/EXMEM_storeData_reg[3]    | D v          | DFFR_X1  | 0.000 |   0.267 |    0.238 | 
     +-------------------------------------------------------------------------------------------+ 
Path 11: MET Hold Check with Pin datapath/IFID_instr_reg[3]/CK 
Endpoint:   datapath/IFID_instr_reg[3]/D  (v) checked with  leading edge of 
'clk'
Beginpoint: datapath/IFID_instr_reg[3]/QN (^) triggered by  leading edge of 
'clk'
Path Groups: {reg2reg}
Analysis View: RPT_FAST
Other End Arrival Time          0.178
+ Hold                          0.004
+ Phase Shift                   0.000
- CPPR Adjustment               0.000
+ Uncertainty                   0.020
= Required Time                 0.202
  Arrival Time                  0.231
  Slack Time                    0.029
     Clock Rise Edge                 0.000
     + Clock Network Latency (Prop)  0.177
     = Beginpoint Arrival Time       0.177
     +-----------------------------------------------------------------------------------+ 
     |          Instance          |     Arc      |   Cell   | Delay | Arrival | Required | 
     |                            |              |          |       |  Time   |   Time   | 
     |----------------------------+--------------+----------+-------+---------+----------| 
     | datapath/IFID_instr_reg[3] | CK ^         |          |       |   0.177 |    0.148 | 
     | datapath/IFID_instr_reg[3] | CK ^ -> QN ^ | DFFR_X1  | 0.044 |   0.221 |    0.191 | 
     | datapath/g43179            | B2 ^ -> ZN v | OAI22_X1 | 0.011 |   0.231 |    0.202 | 
     | datapath/IFID_instr_reg[3] | D v          | DFFR_X1  | 0.000 |   0.231 |    0.202 | 
     +-----------------------------------------------------------------------------------+ 
Path 12: MET Hold Check with Pin datapath/EXMEM_memWrite_reg/CK 
Endpoint:   datapath/EXMEM_memWrite_reg/D (v) checked with  leading edge of 
'clk'
Beginpoint: datapath/IDEX_memWrite_reg/Q  (v) triggered by  leading edge of 
'clk'
Path Groups: {reg2reg}
Analysis View: RPT_FAST
Other End Arrival Time          0.167
+ Hold                          0.005
+ Phase Shift                   0.000
- CPPR Adjustment               0.000
+ Uncertainty                   0.020
= Required Time                 0.192
  Arrival Time                  0.221
  Slack Time                    0.030
     Clock Rise Edge                 0.000
     + Clock Network Latency (Prop)  0.166
     = Beginpoint Arrival Time       0.166
     +----------------------------------------------------------------------------------+ 
     |          Instance           |     Arc     |  Cell   | Delay | Arrival | Required | 
     |                             |             |         |       |  Time   |   Time   | 
     |-----------------------------+-------------+---------+-------+---------+----------| 
     | datapath/IDEX_memWrite_reg  | CK ^        |         |       |   0.166 |    0.137 | 
     | datapath/IDEX_memWrite_reg  | CK ^ -> Q v | DFFR_X1 | 0.055 |   0.221 |    0.192 | 
     | datapath/EXMEM_memWrite_reg | D v         | DFFR_X1 | 0.000 |   0.221 |    0.192 | 
     +----------------------------------------------------------------------------------+ 
Path 13: MET Hold Check with Pin datapath/IFID_instr_reg[0]/CK 
Endpoint:   datapath/IFID_instr_reg[0]/D  (v) checked with  leading edge of 
'clk'
Beginpoint: datapath/IFID_instr_reg[0]/QN (^) triggered by  leading edge of 
'clk'
Path Groups: {reg2reg}
Analysis View: RPT_FAST
Other End Arrival Time          0.168
+ Hold                          0.005
+ Phase Shift                   0.000
- CPPR Adjustment               0.000
+ Uncertainty                   0.020
= Required Time                 0.193
  Arrival Time                  0.224
  Slack Time                    0.031
     Clock Rise Edge                 0.000
     + Clock Network Latency (Prop)  0.167
     = Beginpoint Arrival Time       0.167
     +-----------------------------------------------------------------------------------+ 
     |          Instance          |     Arc      |   Cell   | Delay | Arrival | Required | 
     |                            |              |          |       |  Time   |   Time   | 
     |----------------------------+--------------+----------+-------+---------+----------| 
     | datapath/IFID_instr_reg[0] | CK ^         |          |       |   0.167 |    0.137 | 
     | datapath/IFID_instr_reg[0] | CK ^ -> QN ^ | DFFR_X1  | 0.045 |   0.213 |    0.182 | 
     | datapath/g43201            | B2 ^ -> ZN v | OAI22_X1 | 0.011 |   0.224 |    0.193 | 
     | datapath/IFID_instr_reg[0] | D v          | DFFR_X1  | 0.000 |   0.224 |    0.193 | 
     +-----------------------------------------------------------------------------------+ 
Path 14: MET Hold Check with Pin datapath/IFID_instr_reg[28]/CK 
Endpoint:   datapath/IFID_instr_reg[28]/D (v) checked with  leading edge of 
'clk'
Beginpoint: datapath/EXMEM_rd_reg[2]/QN   (^) triggered by  leading edge of 
'clk'
Path Groups: {reg2reg}
Analysis View: RPT_FAST
Other End Arrival Time          0.213
+ Hold                          0.004
+ Phase Shift                   0.000
- CPPR Adjustment               0.000
+ Uncertainty                   0.020
= Required Time                 0.237
  Arrival Time                  0.269
  Slack Time                    0.032
     Clock Rise Edge                 0.000
     + Clock Network Latency (Prop)  0.076
     = Beginpoint Arrival Time       0.076
     +------------------------------------------------------------------------------------+ 
     |          Instance           |     Arc      |   Cell   | Delay | Arrival | Required | 
     |                             |              |          |       |  Time   |   Time   | 
     |-----------------------------+--------------+----------+-------+---------+----------| 
     | datapath/EXMEM_rd_reg[2]    | CK ^         |          |       |   0.076 |    0.044 | 
     | datapath/EXMEM_rd_reg[2]    | CK ^ -> QN ^ | DFFR_X1  | 0.060 |   0.135 |    0.103 | 
     | g1948                       | B2 ^ -> ZN v | AOI22_X1 | 0.015 |   0.151 |    0.119 | 
     | g1934                       | A2 v -> ZN ^ | NAND3_X1 | 0.012 |   0.163 |    0.131 | 
     | g1916                       | A2 ^ -> ZN v | OAI33_X1 | 0.010 |   0.172 |    0.140 | 
     | g1914                       | A1 v -> ZN ^ | NAND4_X1 | 0.010 |   0.182 |    0.151 | 
     | g1911                       | A2 ^ -> ZN v | NAND2_X1 | 0.032 |   0.214 |    0.182 | 
     | datapath/g43454             | A2 v -> ZN ^ | NAND2_X4 | 0.019 |   0.233 |    0.201 | 
     | datapath/FE_OCPC1576_n_301  | A ^ -> Z ^   | BUF_X1   | 0.027 |   0.260 |    0.228 | 
     | datapath/FE_RC_2848_0       | A1 ^ -> ZN v | OAI22_X1 | 0.009 |   0.269 |    0.237 | 
     | datapath/IFID_instr_reg[28] | D v          | DFFR_X2  | 0.000 |   0.269 |    0.237 | 
     +------------------------------------------------------------------------------------+ 
Path 15: MET Hold Check with Pin datapath/MEMWB_aluResult_reg[5]/CK 
Endpoint:   datapath/MEMWB_aluResult_reg[5]/D (v) checked with  leading edge of 
'clk'
Beginpoint: datapath/EXMEM_aluResult_reg[5]/Q (v) triggered by  leading edge of 
'clk'
Path Groups: {reg2reg}
Analysis View: RPT_FAST
Other End Arrival Time          0.166
+ Hold                          0.005
+ Phase Shift                   0.000
- CPPR Adjustment               0.000
+ Uncertainty                   0.020
= Required Time                 0.191
  Arrival Time                  0.223
  Slack Time                    0.032
     Clock Rise Edge                 0.000
     + Clock Network Latency (Prop)  0.165
     = Beginpoint Arrival Time       0.165
     +--------------------------------------------------------------------------------------+ 
     |            Instance             |     Arc     |  Cell   | Delay | Arrival | Required | 
     |                                 |             |         |       |  Time   |   Time   | 
     |---------------------------------+-------------+---------+-------+---------+----------| 
     | datapath/EXMEM_aluResult_reg[5] | CK ^        |         |       |   0.165 |    0.133 | 
     | datapath/EXMEM_aluResult_reg[5] | CK ^ -> Q v | DFFR_X1 | 0.058 |   0.223 |    0.191 | 
     | datapath/MEMWB_aluResult_reg[5] | D v         | DFFR_X1 | 0.000 |   0.223 |    0.191 | 
     +--------------------------------------------------------------------------------------+ 
Path 16: MET Hold Check with Pin datapath/EXMEM_memRead_reg/CK 
Endpoint:   datapath/EXMEM_memRead_reg/D (v) checked with  leading edge of 'clk'
Beginpoint: datapath/IDEX_memRead_reg/Q  (v) triggered by  leading edge of 'clk'
Path Groups: {reg2reg}
Analysis View: RPT_FAST
Other End Arrival Time          0.168
+ Hold                          0.005
+ Phase Shift                   0.000
- CPPR Adjustment               0.000
+ Uncertainty                   0.020
= Required Time                 0.193
  Arrival Time                  0.225
  Slack Time                    0.032
     Clock Rise Edge                 0.000
     + Clock Network Latency (Prop)  0.167
     = Beginpoint Arrival Time       0.167
     +---------------------------------------------------------------------------------+ 
     |          Instance          |     Arc     |  Cell   | Delay | Arrival | Required | 
     |                            |             |         |       |  Time   |   Time   | 
     |----------------------------+-------------+---------+-------+---------+----------| 
     | datapath/IDEX_memRead_reg  | CK ^        |         |       |   0.167 |    0.135 | 
     | datapath/IDEX_memRead_reg  | CK ^ -> Q v | DFFR_X1 | 0.058 |   0.225 |    0.193 | 
     | datapath/EXMEM_memRead_reg | D v         | DFFR_X1 | 0.000 |   0.225 |    0.193 | 
     +---------------------------------------------------------------------------------+ 
Path 17: MET Hold Check with Pin datapath/IFID_instr_reg[1]/CK 
Endpoint:   datapath/IFID_instr_reg[1]/D  (v) checked with  leading edge of 
'clk'
Beginpoint: datapath/IFID_instr_reg[1]/QN (^) triggered by  leading edge of 
'clk'
Path Groups: {reg2reg}
Analysis View: RPT_FAST
Other End Arrival Time          0.167
+ Hold                          0.005
+ Phase Shift                   0.000
- CPPR Adjustment               0.000
+ Uncertainty                   0.020
= Required Time                 0.192
  Arrival Time                  0.224
  Slack Time                    0.032
     Clock Rise Edge                 0.000
     + Clock Network Latency (Prop)  0.166
     = Beginpoint Arrival Time       0.166
     +-----------------------------------------------------------------------------------+ 
     |          Instance          |     Arc      |   Cell   | Delay | Arrival | Required | 
     |                            |              |          |       |  Time   |   Time   | 
     |----------------------------+--------------+----------+-------+---------+----------| 
     | datapath/IFID_instr_reg[1] | CK ^         |          |       |   0.166 |    0.134 | 
     | datapath/IFID_instr_reg[1] | CK ^ -> QN ^ | DFFR_X1  | 0.047 |   0.214 |    0.181 | 
     | datapath/g43203            | B2 ^ -> ZN v | OAI22_X2 | 0.010 |   0.224 |    0.192 | 
     | datapath/IFID_instr_reg[1] | D v          | DFFR_X1  | 0.000 |   0.224 |    0.192 | 
     +-----------------------------------------------------------------------------------+ 
Path 18: MET Hold Check with Pin datapath/IDEX_imm_reg[24]/CK 
Endpoint:   datapath/IDEX_imm_reg[24]/D    (v) checked with  leading edge of 
'clk'
Beginpoint: datapath/IFID_instr_reg[24]/QN (^) triggered by  leading edge of 
'clk'
Path Groups: {reg2reg}
Analysis View: RPT_FAST
Other End Arrival Time          0.214
+ Hold                          0.004
+ Phase Shift                   0.000
- CPPR Adjustment               0.000
+ Uncertainty                   0.020
= Required Time                 0.238
  Arrival Time                  0.270
  Slack Time                    0.032
     Clock Rise Edge                 0.000
     + Clock Network Latency (Prop)  0.167
     = Beginpoint Arrival Time       0.167
     +--------------------------------------------------------------------------------------------------+ 
     |                 Instance                  |     Arc      |   Cell   | Delay | Arrival | Required | 
     |                                           |              |          |       |  Time   |   Time   | 
     |-------------------------------------------+--------------+----------+-------+---------+----------| 
     | datapath/IFID_instr_reg[24]               | CK ^         |          |       |   0.167 |    0.135 | 
     | datapath/IFID_instr_reg[24]               | CK ^ -> QN ^ | DFFR_X2  | 0.060 |   0.227 |    0.195 | 
     | datapath/immediate_generation/g3529__5115 | B2 ^ -> ZN v | OAI21_X1 | 0.021 |   0.249 |    0.217 | 
     | datapath/g33503                           | A2 v -> ZN v | AND2_X1  | 0.021 |   0.270 |    0.238 | 
     | datapath/IDEX_imm_reg[24]                 | D v          | DFFR_X1  | 0.000 |   0.270 |    0.238 | 
     +--------------------------------------------------------------------------------------------------+ 
Path 19: MET Hold Check with Pin datapath/MEMWB_memToReg_reg/CK 
Endpoint:   datapath/MEMWB_memToReg_reg/D (v) checked with  leading edge of 
'clk'
Beginpoint: datapath/EXMEM_memRead_reg/Q  (v) triggered by  leading edge of 
'clk'
Path Groups: {reg2reg}
Analysis View: RPT_FAST
Other End Arrival Time          0.168
+ Hold                          0.005
+ Phase Shift                   0.000
- CPPR Adjustment               0.000
+ Uncertainty                   0.020
= Required Time                 0.193
  Arrival Time                  0.225
  Slack Time                    0.032
     Clock Rise Edge                 0.000
     + Clock Network Latency (Prop)  0.167
     = Beginpoint Arrival Time       0.167
     +----------------------------------------------------------------------------------+ 
     |          Instance           |     Arc     |  Cell   | Delay | Arrival | Required | 
     |                             |             |         |       |  Time   |   Time   | 
     |-----------------------------+-------------+---------+-------+---------+----------| 
     | datapath/EXMEM_memRead_reg  | CK ^        |         |       |   0.167 |    0.135 | 
     | datapath/EXMEM_memRead_reg  | CK ^ -> Q v | DFFR_X1 | 0.058 |   0.225 |    0.193 | 
     | datapath/MEMWB_memToReg_reg | D v         | DFFR_X1 | 0.000 |   0.225 |    0.193 | 
     +----------------------------------------------------------------------------------+ 
Path 20: MET Hold Check with Pin datapath/IFID_instr_reg[25]/CK 
Endpoint:   datapath/IFID_instr_reg[25]/D (v) checked with  leading edge of 
'clk'
Beginpoint: datapath/EXMEM_rd_reg[2]/QN   (^) triggered by  leading edge of 
'clk'
Path Groups: {reg2reg}
Analysis View: RPT_FAST
Other End Arrival Time          0.214
+ Hold                          0.004
+ Phase Shift                   0.000
- CPPR Adjustment               0.000
+ Uncertainty                   0.020
= Required Time                 0.238
  Arrival Time                  0.271
  Slack Time                    0.033
     Clock Rise Edge                 0.000
     + Clock Network Latency (Prop)  0.076
     = Beginpoint Arrival Time       0.076
     +------------------------------------------------------------------------------------+ 
     |          Instance           |     Arc      |   Cell   | Delay | Arrival | Required | 
     |                             |              |          |       |  Time   |   Time   | 
     |-----------------------------+--------------+----------+-------+---------+----------| 
     | datapath/EXMEM_rd_reg[2]    | CK ^         |          |       |   0.076 |    0.043 | 
     | datapath/EXMEM_rd_reg[2]    | CK ^ -> QN ^ | DFFR_X1  | 0.060 |   0.135 |    0.103 | 
     | g1948                       | B2 ^ -> ZN v | AOI22_X1 | 0.015 |   0.151 |    0.118 | 
     | g1934                       | A2 v -> ZN ^ | NAND3_X1 | 0.012 |   0.163 |    0.130 | 
     | g1916                       | A2 ^ -> ZN v | OAI33_X1 | 0.010 |   0.172 |    0.140 | 
     | g1914                       | A1 v -> ZN ^ | NAND4_X1 | 0.010 |   0.182 |    0.150 | 
     | g1911                       | A2 ^ -> ZN v | NAND2_X1 | 0.032 |   0.214 |    0.181 | 
     | datapath/g43454             | A2 v -> ZN ^ | NAND2_X4 | 0.019 |   0.233 |    0.200 | 
     | datapath/FE_OCPC1576_n_301  | A ^ -> Z ^   | BUF_X1   | 0.027 |   0.260 |    0.227 | 
     | datapath/g43189             | B1 ^ -> ZN v | OAI22_X1 | 0.011 |   0.271 |    0.238 | 
     | datapath/IFID_instr_reg[25] | D v          | DFFR_X2  | 0.000 |   0.271 |    0.238 | 
     +------------------------------------------------------------------------------------+ 
Path 21: MET Hold Check with Pin datapath/MEMWB_aluResult_reg[18]/CK 
Endpoint:   datapath/MEMWB_aluResult_reg[18]/D (v) checked with  leading edge 
of 'clk'
Beginpoint: datapath/EXMEM_aluResult_reg[18]/Q (v) triggered by  leading edge 
of 'clk'
Path Groups: {reg2reg}
Analysis View: RPT_FAST
Other End Arrival Time          0.174
+ Hold                          0.005
+ Phase Shift                   0.000
- CPPR Adjustment               0.000
+ Uncertainty                   0.020
= Required Time                 0.198
  Arrival Time                  0.232
  Slack Time                    0.033
     Clock Rise Edge                 0.000
     + Clock Network Latency (Prop)  0.164
     = Beginpoint Arrival Time       0.164
     +---------------------------------------------------------------------------------------+ 
     |             Instance             |     Arc     |  Cell   | Delay | Arrival | Required | 
     |                                  |             |         |       |  Time   |   Time   | 
     |----------------------------------+-------------+---------+-------+---------+----------| 
     | datapath/EXMEM_aluResult_reg[18] | CK ^        |         |       |   0.164 |    0.131 | 
     | datapath/EXMEM_aluResult_reg[18] | CK ^ -> Q v | DFFR_X1 | 0.067 |   0.231 |    0.198 | 
     | datapath/MEMWB_aluResult_reg[18] | D v         | DFFR_X1 | 0.000 |   0.232 |    0.198 | 
     +---------------------------------------------------------------------------------------+ 
Path 22: MET Hold Check with Pin datapath/IDEX_rd_reg[3]/CK 
Endpoint:   datapath/IDEX_rd_reg[3]/D      (v) checked with  leading edge of 
'clk'
Beginpoint: datapath/IFID_instr_reg[10]/QN (^) triggered by  leading edge of 
'clk'
Path Groups: {reg2reg}
Analysis View: RPT_FAST
Other End Arrival Time          0.167
+ Hold                          0.005
+ Phase Shift                   0.000
- CPPR Adjustment               0.000
+ Uncertainty                   0.020
= Required Time                 0.191
  Arrival Time                  0.225
  Slack Time                    0.033
     Clock Rise Edge                 0.000
     + Clock Network Latency (Prop)  0.166
     = Beginpoint Arrival Time       0.166
     +-----------------------------------------------------------------------------------+ 
     |          Instance           |     Arc      |  Cell   | Delay | Arrival | Required | 
     |                             |              |         |       |  Time   |   Time   | 
     |-----------------------------+--------------+---------+-------+---------+----------| 
     | datapath/IFID_instr_reg[10] | CK ^         |         |       |   0.166 |    0.133 | 
     | datapath/IFID_instr_reg[10] | CK ^ -> QN ^ | DFFR_X2 | 0.052 |   0.218 |    0.185 | 
     | datapath/g43403             | A2 ^ -> ZN v | NOR2_X1 | 0.007 |   0.225 |    0.191 | 
     | datapath/IDEX_rd_reg[3]     | D v          | DFFR_X1 | 0.000 |   0.225 |    0.191 | 
     +-----------------------------------------------------------------------------------+ 
Path 23: MET Hold Check with Pin datapath/IDEX_rd_reg[0]/CK 
Endpoint:   datapath/IDEX_rd_reg[0]/D     (v) checked with  leading edge of 
'clk'
Beginpoint: datapath/IFID_instr_reg[7]/QN (^) triggered by  leading edge of 
'clk'
Path Groups: {reg2reg}
Analysis View: RPT_FAST
Other End Arrival Time          0.167
+ Hold                          0.005
+ Phase Shift                   0.000
- CPPR Adjustment               0.000
+ Uncertainty                   0.020
= Required Time                 0.191
  Arrival Time                  0.225
  Slack Time                    0.033
     Clock Rise Edge                 0.000
     + Clock Network Latency (Prop)  0.166
     = Beginpoint Arrival Time       0.166
     +----------------------------------------------------------------------------------+ 
     |          Instance          |     Arc      |  Cell   | Delay | Arrival | Required | 
     |                            |              |         |       |  Time   |   Time   | 
     |----------------------------+--------------+---------+-------+---------+----------| 
     | datapath/IFID_instr_reg[7] | CK ^         |         |       |   0.166 |    0.133 | 
     | datapath/IFID_instr_reg[7] | CK ^ -> QN ^ | DFFR_X2 | 0.052 |   0.218 |    0.185 | 
     | datapath/g43402            | A2 ^ -> ZN v | NOR2_X1 | 0.007 |   0.225 |    0.191 | 
     | datapath/IDEX_rd_reg[0]    | D v          | DFFR_X1 | 0.000 |   0.225 |    0.191 | 
     +----------------------------------------------------------------------------------+ 
Path 24: MET Hold Check with Pin datapath/IFID_instr_reg[26]/CK 
Endpoint:   datapath/IFID_instr_reg[26]/D (v) checked with  leading edge of 
'clk'
Beginpoint: datapath/EXMEM_rd_reg[2]/QN   (^) triggered by  leading edge of 
'clk'
Path Groups: {reg2reg}
Analysis View: RPT_FAST
Other End Arrival Time          0.213
+ Hold                          0.004
+ Phase Shift                   0.000
- CPPR Adjustment               0.000
+ Uncertainty                   0.020
= Required Time                 0.237
  Arrival Time                  0.271
  Slack Time                    0.034
     Clock Rise Edge                 0.000
     + Clock Network Latency (Prop)  0.076
     = Beginpoint Arrival Time       0.076
     +------------------------------------------------------------------------------------+ 
     |          Instance           |     Arc      |   Cell   | Delay | Arrival | Required | 
     |                             |              |          |       |  Time   |   Time   | 
     |-----------------------------+--------------+----------+-------+---------+----------| 
     | datapath/EXMEM_rd_reg[2]    | CK ^         |          |       |   0.076 |    0.042 | 
     | datapath/EXMEM_rd_reg[2]    | CK ^ -> QN ^ | DFFR_X1  | 0.060 |   0.135 |    0.102 | 
     | g1948                       | B2 ^ -> ZN v | AOI22_X1 | 0.015 |   0.151 |    0.117 | 
     | g1934                       | A2 v -> ZN ^ | NAND3_X1 | 0.012 |   0.163 |    0.129 | 
     | g1916                       | A2 ^ -> ZN v | OAI33_X1 | 0.010 |   0.172 |    0.139 | 
     | g1914                       | A1 v -> ZN ^ | NAND4_X1 | 0.010 |   0.182 |    0.149 | 
     | g1911                       | A2 ^ -> ZN v | NAND2_X1 | 0.032 |   0.214 |    0.180 | 
     | datapath/g43454             | A2 v -> ZN ^ | NAND2_X4 | 0.019 |   0.233 |    0.199 | 
     | datapath/FE_OCPC1576_n_301  | A ^ -> Z ^   | BUF_X1   | 0.027 |   0.260 |    0.226 | 
     | datapath/g43188             | B1 ^ -> ZN v | OAI22_X1 | 0.011 |   0.271 |    0.237 | 
     | datapath/IFID_instr_reg[26] | D v          | DFFR_X2  | 0.000 |   0.271 |    0.237 | 
     +------------------------------------------------------------------------------------+ 
Path 25: MET Hold Check with Pin datapath/IFID_instr_reg[29]/CK 
Endpoint:   datapath/IFID_instr_reg[29]/D (v) checked with  leading edge of 
'clk'
Beginpoint: datapath/EXMEM_rd_reg[2]/QN   (^) triggered by  leading edge of 
'clk'
Path Groups: {reg2reg}
Analysis View: RPT_FAST
Other End Arrival Time          0.213
+ Hold                          0.004
+ Phase Shift                   0.000
- CPPR Adjustment               0.000
+ Uncertainty                   0.020
= Required Time                 0.237
  Arrival Time                  0.271
  Slack Time                    0.034
     Clock Rise Edge                 0.000
     + Clock Network Latency (Prop)  0.076
     = Beginpoint Arrival Time       0.076
     +------------------------------------------------------------------------------------+ 
     |          Instance           |     Arc      |   Cell   | Delay | Arrival | Required | 
     |                             |              |          |       |  Time   |   Time   | 
     |-----------------------------+--------------+----------+-------+---------+----------| 
     | datapath/EXMEM_rd_reg[2]    | CK ^         |          |       |   0.076 |    0.042 | 
     | datapath/EXMEM_rd_reg[2]    | CK ^ -> QN ^ | DFFR_X1  | 0.060 |   0.135 |    0.102 | 
     | g1948                       | B2 ^ -> ZN v | AOI22_X1 | 0.015 |   0.151 |    0.117 | 
     | g1934                       | A2 v -> ZN ^ | NAND3_X1 | 0.012 |   0.163 |    0.129 | 
     | g1916                       | A2 ^ -> ZN v | OAI33_X1 | 0.010 |   0.172 |    0.139 | 
     | g1914                       | A1 v -> ZN ^ | NAND4_X1 | 0.010 |   0.182 |    0.149 | 
     | g1911                       | A2 ^ -> ZN v | NAND2_X1 | 0.032 |   0.214 |    0.180 | 
     | datapath/g43454             | A2 v -> ZN ^ | NAND2_X4 | 0.019 |   0.233 |    0.199 | 
     | datapath/FE_OCPC1576_n_301  | A ^ -> Z ^   | BUF_X1   | 0.027 |   0.260 |    0.226 | 
     | datapath/g43181             | B1 ^ -> ZN v | OAI22_X1 | 0.011 |   0.271 |    0.237 | 
     | datapath/IFID_instr_reg[29] | D v          | DFFR_X2  | 0.000 |   0.271 |    0.237 | 
     +------------------------------------------------------------------------------------+ 
Path 26: MET Hold Check with Pin datapath/IDEX_rd_reg[1]/CK 
Endpoint:   datapath/IDEX_rd_reg[1]/D     (v) checked with  leading edge of 
'clk'
Beginpoint: datapath/IFID_instr_reg[8]/QN (^) triggered by  leading edge of 
'clk'
Path Groups: {reg2reg}
Analysis View: RPT_FAST
Other End Arrival Time          0.167
+ Hold                          0.005
+ Phase Shift                   0.000
- CPPR Adjustment               0.000
+ Uncertainty                   0.020
= Required Time                 0.192
  Arrival Time                  0.225
  Slack Time                    0.034
     Clock Rise Edge                 0.000
     + Clock Network Latency (Prop)  0.166
     = Beginpoint Arrival Time       0.166
     +----------------------------------------------------------------------------------+ 
     |          Instance          |     Arc      |  Cell   | Delay | Arrival | Required | 
     |                            |              |         |       |  Time   |   Time   | 
     |----------------------------+--------------+---------+-------+---------+----------| 
     | datapath/IFID_instr_reg[8] | CK ^         |         |       |   0.166 |    0.132 | 
     | datapath/IFID_instr_reg[8] | CK ^ -> QN ^ | DFFR_X2 | 0.052 |   0.218 |    0.185 | 
     | datapath/g43415            | A2 ^ -> ZN v | NOR2_X1 | 0.007 |   0.225 |    0.192 | 
     | datapath/IDEX_rd_reg[1]    | D v          | DFFR_X1 | 0.000 |   0.225 |    0.192 | 
     +----------------------------------------------------------------------------------+ 
Path 27: MET Hold Check with Pin datapath/MEMWB_aluResult_reg[2]/CK 
Endpoint:   datapath/MEMWB_aluResult_reg[2]/D  (^) checked with  leading edge 
of 'clk'
Beginpoint: datapath/EXMEM_aluResult_reg[2]/QN (v) triggered by  leading edge 
of 'clk'
Path Groups: {reg2reg}
Analysis View: RPT_FAST
Other End Arrival Time          0.197
+ Hold                          0.004
+ Phase Shift                   0.000
- CPPR Adjustment               0.000
+ Uncertainty                   0.020
= Required Time                 0.222
  Arrival Time                  0.256
  Slack Time                    0.034
     Clock Rise Edge                 0.000
     + Clock Network Latency (Prop)  0.196
     = Beginpoint Arrival Time       0.196
     +---------------------------------------------------------------------------------------+ 
     |            Instance             |     Arc      |  Cell   | Delay | Arrival | Required | 
     |                                 |              |         |       |  Time   |   Time   | 
     |---------------------------------+--------------+---------+-------+---------+----------| 
     | datapath/EXMEM_aluResult_reg[2] | CK ^         |         |       |   0.196 |    0.162 | 
     | datapath/EXMEM_aluResult_reg[2] | CK ^ -> QN v | DFFR_X1 | 0.045 |   0.241 |    0.207 | 
     | datapath/FE_OFC1497_n_531       | A v -> ZN ^  | INV_X2  | 0.015 |   0.256 |    0.222 | 
     | datapath/MEMWB_aluResult_reg[2] | D ^          | DFFR_X1 | 0.000 |   0.256 |    0.222 | 
     +---------------------------------------------------------------------------------------+ 
Path 28: MET Hold Check with Pin datapath/MEMWB_aluResult_reg[17]/CK 
Endpoint:   datapath/MEMWB_aluResult_reg[17]/D (v) checked with  leading edge 
of 'clk'
Beginpoint: datapath/EXMEM_aluResult_reg[17]/Q (v) triggered by  leading edge 
of 'clk'
Path Groups: {reg2reg}
Analysis View: RPT_FAST
Other End Arrival Time          0.187
+ Hold                          0.005
+ Phase Shift                   0.000
- CPPR Adjustment               0.000
+ Uncertainty                   0.020
= Required Time                 0.212
  Arrival Time                  0.246
  Slack Time                    0.034
     Clock Rise Edge                 0.000
     + Clock Network Latency (Prop)  0.186
     = Beginpoint Arrival Time       0.186
     +---------------------------------------------------------------------------------------+ 
     |             Instance             |     Arc     |  Cell   | Delay | Arrival | Required | 
     |                                  |             |         |       |  Time   |   Time   | 
     |----------------------------------+-------------+---------+-------+---------+----------| 
     | datapath/EXMEM_aluResult_reg[17] | CK ^        |         |       |   0.186 |    0.152 | 
     | datapath/EXMEM_aluResult_reg[17] | CK ^ -> Q v | DFFR_X1 | 0.060 |   0.246 |    0.212 | 
     | datapath/MEMWB_aluResult_reg[17] | D v         | DFFR_X1 | 0.000 |   0.246 |    0.212 | 
     +---------------------------------------------------------------------------------------+ 
Path 29: MET Hold Check with Pin datapath/EXMEM_storeData_reg[10]/CK 
Endpoint:   datapath/EXMEM_storeData_reg[10]/D (^) checked with  leading edge 
of 'clk'
Beginpoint: datapath/MEMWB_regWrite_reg/Q      (v) triggered by  leading edge 
of 'clk'
Path Groups: {reg2reg}
Analysis View: RPT_FAST
Other End Arrival Time          0.203
+ Hold                          0.005
+ Phase Shift                   0.000
- CPPR Adjustment               0.000
+ Uncertainty                   0.020
= Required Time                 0.228
  Arrival Time                  0.262
  Slack Time                    0.034
     Clock Rise Edge                 0.000
     + Clock Network Latency (Prop)  0.073
     = Beginpoint Arrival Time       0.073
     +------------------------------------------------------------------------------------------+ 
     |             Instance             |     Arc      |   Cell    | Delay | Arrival | Required | 
     |                                  |              |           |       |  Time   |   Time   | 
     |----------------------------------+--------------+-----------+-------+---------+----------| 
     | datapath/MEMWB_regWrite_reg      | CK ^         |           |       |   0.073 |    0.039 | 
     | datapath/MEMWB_regWrite_reg      | CK ^ -> Q v  | DFFR_X1   | 0.060 |   0.133 |    0.099 | 
     | ALU_forward/FE_RC_706_0          | A v -> ZN ^  | INV_X1    | 0.008 |   0.142 |    0.107 | 
     | ALU_forward/FE_RC_2004_0         | A ^ -> ZN v  | INV_X1    | 0.005 |   0.147 |    0.113 | 
     | ALU_forward/FE_RC_2001_0         | A2 v -> ZN ^ | NAND2_X1  | 0.015 |   0.162 |    0.128 | 
     | ALU_forward/FE_RC_2119_0         | A2 ^ -> ZN v | NOR2_X4   | 0.007 |   0.169 |    0.135 | 
     | ALU_forward/FE_RC_2118_0         | A1 v -> ZN ^ | NAND3_X2  | 0.018 |   0.187 |    0.153 | 
     | datapath/g33511                  | A1 ^ -> ZN v | NAND2_X2  | 0.025 |   0.212 |    0.177 | 
     | datapath/FE_OFC1665_n_769        | A v -> ZN ^  | INV_X2    | 0.025 |   0.236 |    0.202 | 
     | datapath/g32692                  | A1 ^ -> ZN v | AOI222_X2 | 0.014 |   0.250 |    0.216 | 
     | datapath/g32669                  | A v -> ZN ^  | INV_X1    | 0.012 |   0.262 |    0.228 | 
     | datapath/EXMEM_storeData_reg[10] | D ^          | DFFR_X1   | 0.000 |   0.262 |    0.228 | 
     +------------------------------------------------------------------------------------------+ 
Path 30: MET Hold Check with Pin datapath/IDEX_rd_reg[4]/CK 
Endpoint:   datapath/IDEX_rd_reg[4]/D      (v) checked with  leading edge of 
'clk'
Beginpoint: datapath/IFID_instr_reg[11]/QN (^) triggered by  leading edge of 
'clk'
Path Groups: {reg2reg}
Analysis View: RPT_FAST
Other End Arrival Time          0.168
+ Hold                          0.005
+ Phase Shift                   0.000
- CPPR Adjustment               0.000
+ Uncertainty                   0.020
= Required Time                 0.193
  Arrival Time                  0.227
  Slack Time                    0.035
     Clock Rise Edge                 0.000
     + Clock Network Latency (Prop)  0.167
     = Beginpoint Arrival Time       0.167
     +-----------------------------------------------------------------------------------+ 
     |          Instance           |     Arc      |  Cell   | Delay | Arrival | Required | 
     |                             |              |         |       |  Time   |   Time   | 
     |-----------------------------+--------------+---------+-------+---------+----------| 
     | datapath/IFID_instr_reg[11] | CK ^         |         |       |   0.167 |    0.133 | 
     | datapath/IFID_instr_reg[11] | CK ^ -> QN ^ | DFFR_X2 | 0.053 |   0.220 |    0.186 | 
     | datapath/g43404             | A2 ^ -> ZN v | NOR2_X1 | 0.007 |   0.227 |    0.193 | 
     | datapath/IDEX_rd_reg[4]     | D v          | DFFR_X1 | 0.000 |   0.227 |    0.193 | 
     +-----------------------------------------------------------------------------------+ 
Path 31: MET Hold Check with Pin datapath/registers_RF_reg[19][14]/CK 
Endpoint:   datapath/registers_RF_reg[19][14]/SI (^) checked with trailing edge 
of 'clk'
Beginpoint: datapath/registers_RF_reg[19][14]/Q  (^) triggered by trailing edge 
of 'clk'
Path Groups: {reg2reg}
Analysis View: RPT_FAST
Other End Arrival Time          2.080
+ Hold                         -0.009
+ Phase Shift                   0.000
- CPPR Adjustment               0.000
+ Uncertainty                   0.020
= Required Time                 2.090
  Arrival Time                  2.125
  Slack Time                    0.035
     Clock Fall Edge                 1.950
     + Clock Network Latency (Prop)  0.130
     = Beginpoint Arrival Time       2.080
     +----------------------------------------------------------------------------------------+ 
     |             Instance              |     Arc     |  Cell   | Delay | Arrival | Required | 
     |                                   |             |         |       |  Time   |   Time   | 
     |-----------------------------------+-------------+---------+-------+---------+----------| 
     | datapath/registers_RF_reg[19][14] | CK ^        |         |       |   2.080 |    2.045 | 
     | datapath/registers_RF_reg[19][14] | CK ^ -> Q ^ | SDFF_X1 | 0.045 |   2.125 |    2.090 | 
     | datapath/registers_RF_reg[19][14] | SI ^        | SDFF_X1 | 0.000 |   2.125 |    2.090 | 
     +----------------------------------------------------------------------------------------+ 
Path 32: MET Hold Check with Pin datapath/registers_RF_reg[14][15]/CK 
Endpoint:   datapath/registers_RF_reg[14][15]/D (v) checked with trailing edge 
of 'clk'
Beginpoint: datapath/registers_RF_reg[14][15]/Q (v) triggered by trailing edge 
of 'clk'
Path Groups: {reg2reg}
Analysis View: RPT_FAST
Other End Arrival Time          2.046
+ Hold                         -0.012
+ Phase Shift                   0.000
- CPPR Adjustment               0.000
+ Uncertainty                   0.020
= Required Time                 2.054
  Arrival Time                  2.089
  Slack Time                    0.035
     Clock Fall Edge                 1.950
     + Clock Network Latency (Prop)  0.095
     = Beginpoint Arrival Time       2.045
     +----------------------------------------------------------------------------------------+ 
     |             Instance              |     Arc     |  Cell   | Delay | Arrival | Required | 
     |                                   |             |         |       |  Time   |   Time   | 
     |-----------------------------------+-------------+---------+-------+---------+----------| 
     | datapath/registers_RF_reg[14][15] | CK ^        |         |       |   2.045 |    2.010 | 
     | datapath/registers_RF_reg[14][15] | CK ^ -> Q v | SDFF_X1 | 0.043 |   2.089 |    2.054 | 
     | datapath/registers_RF_reg[14][15] | D v         | SDFF_X1 | 0.000 |   2.089 |    2.054 | 
     +----------------------------------------------------------------------------------------+ 
Path 33: MET Hold Check with Pin datapath/MEMWB_aluResult_reg[30]/CK 
Endpoint:   datapath/MEMWB_aluResult_reg[30]/D (v) checked with  leading edge 
of 'clk'
Beginpoint: datapath/EXMEM_aluResult_reg[30]/Q (v) triggered by  leading edge 
of 'clk'
Path Groups: {reg2reg}
Analysis View: RPT_FAST
Other End Arrival Time          0.166
+ Hold                          0.005
+ Phase Shift                   0.000
- CPPR Adjustment               0.000
+ Uncertainty                   0.020
= Required Time                 0.191
  Arrival Time                  0.226
  Slack Time                    0.035
     Clock Rise Edge                 0.000
     + Clock Network Latency (Prop)  0.166
     = Beginpoint Arrival Time       0.166
     +---------------------------------------------------------------------------------------+ 
     |             Instance             |     Arc     |  Cell   | Delay | Arrival | Required | 
     |                                  |             |         |       |  Time   |   Time   | 
     |----------------------------------+-------------+---------+-------+---------+----------| 
     | datapath/EXMEM_aluResult_reg[30] | CK ^        |         |       |   0.166 |    0.131 | 
     | datapath/EXMEM_aluResult_reg[30] | CK ^ -> Q v | DFFR_X1 | 0.060 |   0.226 |    0.191 | 
     | datapath/MEMWB_aluResult_reg[30] | D v         | DFFR_X1 | 0.000 |   0.226 |    0.191 | 
     +---------------------------------------------------------------------------------------+ 
Path 34: MET Hold Check with Pin datapath/registers_RF_reg[2][3]/CK 
Endpoint:   datapath/registers_RF_reg[2][3]/D (v) checked with trailing edge of 
'clk'
Beginpoint: datapath/registers_RF_reg[2][3]/Q (v) triggered by trailing edge of 
'clk'
Path Groups: {reg2reg}
Analysis View: RPT_FAST
Other End Arrival Time          2.083
+ Hold                         -0.011
+ Phase Shift                   0.000
- CPPR Adjustment               0.000
+ Uncertainty                   0.020
= Required Time                 2.092
  Arrival Time                  2.127
  Slack Time                    0.035
     Clock Fall Edge                 1.950
     + Clock Network Latency (Prop)  0.133
     = Beginpoint Arrival Time       2.083
     +--------------------------------------------------------------------------------------+ 
     |            Instance             |     Arc     |  Cell   | Delay | Arrival | Required | 
     |                                 |             |         |       |  Time   |   Time   | 
     |---------------------------------+-------------+---------+-------+---------+----------| 
     | datapath/registers_RF_reg[2][3] | CK ^        |         |       |   2.083 |    2.048 | 
     | datapath/registers_RF_reg[2][3] | CK ^ -> Q v | SDFF_X1 | 0.044 |   2.127 |    2.092 | 
     | datapath/registers_RF_reg[2][3] | D v         | SDFF_X1 | 0.000 |   2.127 |    2.092 | 
     +--------------------------------------------------------------------------------------+ 
Path 35: MET Hold Check with Pin datapath/registers_RF_reg[26][26]/CK 
Endpoint:   datapath/registers_RF_reg[26][26]/D (v) checked with trailing edge 
of 'clk'
Beginpoint: datapath/registers_RF_reg[26][26]/Q (v) triggered by trailing edge 
of 'clk'
Path Groups: {reg2reg}
Analysis View: RPT_FAST
Other End Arrival Time          2.083
+ Hold                         -0.011
+ Phase Shift                   0.000
- CPPR Adjustment               0.000
+ Uncertainty                   0.020
= Required Time                 2.092
  Arrival Time                  2.127
  Slack Time                    0.035
     Clock Fall Edge                 1.950
     + Clock Network Latency (Prop)  0.133
     = Beginpoint Arrival Time       2.083
     +----------------------------------------------------------------------------------------+ 
     |             Instance              |     Arc     |  Cell   | Delay | Arrival | Required | 
     |                                   |             |         |       |  Time   |   Time   | 
     |-----------------------------------+-------------+---------+-------+---------+----------| 
     | datapath/registers_RF_reg[26][26] | CK ^        |         |       |   2.083 |    2.048 | 
     | datapath/registers_RF_reg[26][26] | CK ^ -> Q v | SDFF_X1 | 0.044 |   2.127 |    2.092 | 
     | datapath/registers_RF_reg[26][26] | D v         | SDFF_X1 | 0.000 |   2.127 |    2.092 | 
     +----------------------------------------------------------------------------------------+ 
Path 36: MET Hold Check with Pin datapath/registers_RF_reg[27][25]/CK 
Endpoint:   datapath/registers_RF_reg[27][25]/SI (^) checked with trailing edge 
of 'clk'
Beginpoint: datapath/registers_RF_reg[27][25]/Q  (^) triggered by trailing edge 
of 'clk'
Path Groups: {reg2reg}
Analysis View: RPT_FAST
Other End Arrival Time          2.046
+ Hold                         -0.010
+ Phase Shift                   0.000
- CPPR Adjustment               0.000
+ Uncertainty                   0.020
= Required Time                 2.056
  Arrival Time                  2.091
  Slack Time                    0.035
     Clock Fall Edge                 1.950
     + Clock Network Latency (Prop)  0.095
     = Beginpoint Arrival Time       2.045
     +----------------------------------------------------------------------------------------+ 
     |             Instance              |     Arc     |  Cell   | Delay | Arrival | Required | 
     |                                   |             |         |       |  Time   |   Time   | 
     |-----------------------------------+-------------+---------+-------+---------+----------| 
     | datapath/registers_RF_reg[27][25] | CK ^        |         |       |   2.045 |    2.010 | 
     | datapath/registers_RF_reg[27][25] | CK ^ -> Q ^ | SDFF_X1 | 0.046 |   2.091 |    2.056 | 
     | datapath/registers_RF_reg[27][25] | SI ^        | SDFF_X1 | 0.000 |   2.091 |    2.056 | 
     +----------------------------------------------------------------------------------------+ 
Path 37: MET Hold Check with Pin datapath/IDEX_rd_reg[2]/CK 
Endpoint:   datapath/IDEX_rd_reg[2]/D     (v) checked with  leading edge of 
'clk'
Beginpoint: datapath/IFID_instr_reg[9]/QN (^) triggered by  leading edge of 
'clk'
Path Groups: {reg2reg}
Analysis View: RPT_FAST
Other End Arrival Time          0.167
+ Hold                          0.005
+ Phase Shift                   0.000
- CPPR Adjustment               0.000
+ Uncertainty                   0.020
= Required Time                 0.191
  Arrival Time                  0.227
  Slack Time                    0.035
     Clock Rise Edge                 0.000
     + Clock Network Latency (Prop)  0.167
     = Beginpoint Arrival Time       0.167
     +----------------------------------------------------------------------------------+ 
     |          Instance          |     Arc      |  Cell   | Delay | Arrival | Required | 
     |                            |              |         |       |  Time   |   Time   | 
     |----------------------------+--------------+---------+-------+---------+----------| 
     | datapath/IFID_instr_reg[9] | CK ^         |         |       |   0.167 |    0.132 | 
     | datapath/IFID_instr_reg[9] | CK ^ -> QN ^ | DFFR_X2 | 0.052 |   0.220 |    0.185 | 
     | datapath/g43375            | A2 ^ -> ZN v | NOR2_X1 | 0.007 |   0.227 |    0.191 | 
     | datapath/IDEX_rd_reg[2]    | D v          | DFFR_X1 | 0.000 |   0.227 |    0.191 | 
     +----------------------------------------------------------------------------------+ 
Path 38: MET Hold Check with Pin datapath/registers_RF_reg[11][24]/CK 
Endpoint:   datapath/registers_RF_reg[11][24]/D (v) checked with trailing edge 
of 'clk'
Beginpoint: datapath/registers_RF_reg[11][24]/Q (v) triggered by trailing edge 
of 'clk'
Path Groups: {reg2reg}
Analysis View: RPT_FAST
Other End Arrival Time          2.081
+ Hold                         -0.012
+ Phase Shift                   0.000
- CPPR Adjustment               0.000
+ Uncertainty                   0.020
= Required Time                 2.089
  Arrival Time                  2.124
  Slack Time                    0.035
     Clock Fall Edge                 1.950
     + Clock Network Latency (Prop)  0.130
     = Beginpoint Arrival Time       2.080
     +----------------------------------------------------------------------------------------+ 
     |             Instance              |     Arc     |  Cell   | Delay | Arrival | Required | 
     |                                   |             |         |       |  Time   |   Time   | 
     |-----------------------------------+-------------+---------+-------+---------+----------| 
     | datapath/registers_RF_reg[11][24] | CK ^        |         |       |   2.080 |    2.045 | 
     | datapath/registers_RF_reg[11][24] | CK ^ -> Q v | SDFF_X1 | 0.044 |   2.124 |    2.089 | 
     | datapath/registers_RF_reg[11][24] | D v         | SDFF_X1 | 0.000 |   2.124 |    2.089 | 
     +----------------------------------------------------------------------------------------+ 
Path 39: MET Hold Check with Pin datapath/registers_RF_reg[10][15]/CK 
Endpoint:   datapath/registers_RF_reg[10][15]/D (v) checked with trailing edge 
of 'clk'
Beginpoint: datapath/registers_RF_reg[10][15]/Q (v) triggered by trailing edge 
of 'clk'
Path Groups: {reg2reg}
Analysis View: RPT_FAST
Other End Arrival Time          2.029
+ Hold                         -0.011
+ Phase Shift                   0.000
- CPPR Adjustment               0.000
+ Uncertainty                   0.020
= Required Time                 2.038
  Arrival Time                  2.073
  Slack Time                    0.035
     Clock Fall Edge                 1.950
     + Clock Network Latency (Prop)  0.079
     = Beginpoint Arrival Time       2.029
     +----------------------------------------------------------------------------------------+ 
     |             Instance              |     Arc     |  Cell   | Delay | Arrival | Required | 
     |                                   |             |         |       |  Time   |   Time   | 
     |-----------------------------------+-------------+---------+-------+---------+----------| 
     | datapath/registers_RF_reg[10][15] | CK ^        |         |       |   2.029 |    1.994 | 
     | datapath/registers_RF_reg[10][15] | CK ^ -> Q v | SDFF_X1 | 0.044 |   2.073 |    2.038 | 
     | datapath/registers_RF_reg[10][15] | D v         | SDFF_X1 | 0.000 |   2.073 |    2.038 | 
     +----------------------------------------------------------------------------------------+ 
Path 40: MET Hold Check with Pin datapath/registers_RF_reg[23][15]/CK 
Endpoint:   datapath/registers_RF_reg[23][15]/SI (^) checked with trailing edge 
of 'clk'
Beginpoint: datapath/registers_RF_reg[23][15]/Q  (^) triggered by trailing edge 
of 'clk'
Path Groups: {reg2reg}
Analysis View: RPT_FAST
Other End Arrival Time          2.049
+ Hold                         -0.010
+ Phase Shift                   0.000
- CPPR Adjustment               0.000
+ Uncertainty                   0.020
= Required Time                 2.059
  Arrival Time                  2.094
  Slack Time                    0.035
     Clock Fall Edge                 1.950
     + Clock Network Latency (Prop)  0.099
     = Beginpoint Arrival Time       2.049
     +----------------------------------------------------------------------------------------+ 
     |             Instance              |     Arc     |  Cell   | Delay | Arrival | Required | 
     |                                   |             |         |       |  Time   |   Time   | 
     |-----------------------------------+-------------+---------+-------+---------+----------| 
     | datapath/registers_RF_reg[23][15] | CK ^        |         |       |   2.049 |    2.014 | 
     | datapath/registers_RF_reg[23][15] | CK ^ -> Q ^ | SDFF_X1 | 0.045 |   2.094 |    2.059 | 
     | datapath/registers_RF_reg[23][15] | SI ^        | SDFF_X1 | 0.000 |   2.094 |    2.059 | 
     +----------------------------------------------------------------------------------------+ 
Path 41: MET Hold Check with Pin datapath/registers_RF_reg[11][10]/CK 
Endpoint:   datapath/registers_RF_reg[11][10]/D (v) checked with trailing edge 
of 'clk'
Beginpoint: datapath/registers_RF_reg[11][10]/Q (v) triggered by trailing edge 
of 'clk'
Path Groups: {reg2reg}
Analysis View: RPT_FAST
Other End Arrival Time          2.081
+ Hold                         -0.011
+ Phase Shift                   0.000
- CPPR Adjustment               0.000
+ Uncertainty                   0.020
= Required Time                 2.089
  Arrival Time                  2.124
  Slack Time                    0.035
     Clock Fall Edge                 1.950
     + Clock Network Latency (Prop)  0.130
     = Beginpoint Arrival Time       2.080
     +----------------------------------------------------------------------------------------+ 
     |             Instance              |     Arc     |  Cell   | Delay | Arrival | Required | 
     |                                   |             |         |       |  Time   |   Time   | 
     |-----------------------------------+-------------+---------+-------+---------+----------| 
     | datapath/registers_RF_reg[11][10] | CK ^        |         |       |   2.080 |    2.045 | 
     | datapath/registers_RF_reg[11][10] | CK ^ -> Q v | SDFF_X1 | 0.044 |   2.124 |    2.089 | 
     | datapath/registers_RF_reg[11][10] | D v         | SDFF_X1 | 0.000 |   2.124 |    2.089 | 
     +----------------------------------------------------------------------------------------+ 
Path 42: MET Hold Check with Pin datapath/registers_RF_reg[10][31]/CK 
Endpoint:   datapath/registers_RF_reg[10][31]/D (v) checked with trailing edge 
of 'clk'
Beginpoint: datapath/registers_RF_reg[10][31]/Q (v) triggered by trailing edge 
of 'clk'
Path Groups: {reg2reg}
Analysis View: RPT_FAST
Other End Arrival Time          2.082
+ Hold                         -0.011
+ Phase Shift                   0.000
- CPPR Adjustment               0.000
+ Uncertainty                   0.020
= Required Time                 2.090
  Arrival Time                  2.126
  Slack Time                    0.035
     Clock Fall Edge                 1.950
     + Clock Network Latency (Prop)  0.131
     = Beginpoint Arrival Time       2.081
     +----------------------------------------------------------------------------------------+ 
     |             Instance              |     Arc     |  Cell   | Delay | Arrival | Required | 
     |                                   |             |         |       |  Time   |   Time   | 
     |-----------------------------------+-------------+---------+-------+---------+----------| 
     | datapath/registers_RF_reg[10][31] | CK ^        |         |       |   2.081 |    2.046 | 
     | datapath/registers_RF_reg[10][31] | CK ^ -> Q v | SDFF_X1 | 0.044 |   2.126 |    2.090 | 
     | datapath/registers_RF_reg[10][31] | D v         | SDFF_X1 | 0.000 |   2.126 |    2.090 | 
     +----------------------------------------------------------------------------------------+ 
Path 43: MET Hold Check with Pin datapath/registers_RF_reg[26][2]/CK 
Endpoint:   datapath/registers_RF_reg[26][2]/D (v) checked with trailing edge 
of 'clk'
Beginpoint: datapath/registers_RF_reg[26][2]/Q (v) triggered by trailing edge 
of 'clk'
Path Groups: {reg2reg}
Analysis View: RPT_FAST
Other End Arrival Time          2.080
+ Hold                         -0.012
+ Phase Shift                   0.000
- CPPR Adjustment               0.000
+ Uncertainty                   0.020
= Required Time                 2.088
  Arrival Time                  2.123
  Slack Time                    0.035
     Clock Fall Edge                 1.950
     + Clock Network Latency (Prop)  0.129
     = Beginpoint Arrival Time       2.079
     +---------------------------------------------------------------------------------------+ 
     |             Instance             |     Arc     |  Cell   | Delay | Arrival | Required | 
     |                                  |             |         |       |  Time   |   Time   | 
     |----------------------------------+-------------+---------+-------+---------+----------| 
     | datapath/registers_RF_reg[26][2] | CK ^        |         |       |   2.079 |    2.044 | 
     | datapath/registers_RF_reg[26][2] | CK ^ -> Q v | SDFF_X1 | 0.044 |   2.123 |    2.088 | 
     | datapath/registers_RF_reg[26][2] | D v         | SDFF_X1 | 0.000 |   2.123 |    2.088 | 
     +---------------------------------------------------------------------------------------+ 
Path 44: MET Hold Check with Pin datapath/registers_RF_reg[28][1]/CK 
Endpoint:   datapath/registers_RF_reg[28][1]/SI (^) checked with trailing edge 
of 'clk'
Beginpoint: datapath/registers_RF_reg[28][1]/Q  (^) triggered by trailing edge 
of 'clk'
Path Groups: {reg2reg}
Analysis View: RPT_FAST
Other End Arrival Time          2.047
+ Hold                         -0.009
+ Phase Shift                   0.000
- CPPR Adjustment               0.000
+ Uncertainty                   0.020
= Required Time                 2.057
  Arrival Time                  2.093
  Slack Time                    0.035
     Clock Fall Edge                 1.950
     + Clock Network Latency (Prop)  0.096
     = Beginpoint Arrival Time       2.046
     +---------------------------------------------------------------------------------------+ 
     |             Instance             |     Arc     |  Cell   | Delay | Arrival | Required | 
     |                                  |             |         |       |  Time   |   Time   | 
     |----------------------------------+-------------+---------+-------+---------+----------| 
     | datapath/registers_RF_reg[28][1] | CK ^        |         |       |   2.046 |    2.011 | 
     | datapath/registers_RF_reg[28][1] | CK ^ -> Q ^ | SDFF_X1 | 0.046 |   2.093 |    2.057 | 
     | datapath/registers_RF_reg[28][1] | SI ^        | SDFF_X1 | 0.000 |   2.093 |    2.057 | 
     +---------------------------------------------------------------------------------------+ 
Path 45: MET Hold Check with Pin datapath/registers_RF_reg[14][3]/CK 
Endpoint:   datapath/registers_RF_reg[14][3]/D (v) checked with trailing edge 
of 'clk'
Beginpoint: datapath/registers_RF_reg[14][3]/Q (v) triggered by trailing edge 
of 'clk'
Path Groups: {reg2reg}
Analysis View: RPT_FAST
Other End Arrival Time          2.083
+ Hold                         -0.011
+ Phase Shift                   0.000
- CPPR Adjustment               0.000
+ Uncertainty                   0.020
= Required Time                 2.092
  Arrival Time                  2.127
  Slack Time                    0.035
     Clock Fall Edge                 1.950
     + Clock Network Latency (Prop)  0.133
     = Beginpoint Arrival Time       2.083
     +---------------------------------------------------------------------------------------+ 
     |             Instance             |     Arc     |  Cell   | Delay | Arrival | Required | 
     |                                  |             |         |       |  Time   |   Time   | 
     |----------------------------------+-------------+---------+-------+---------+----------| 
     | datapath/registers_RF_reg[14][3] | CK ^        |         |       |   2.083 |    2.048 | 
     | datapath/registers_RF_reg[14][3] | CK ^ -> Q v | SDFF_X1 | 0.044 |   2.127 |    2.092 | 
     | datapath/registers_RF_reg[14][3] | D v         | SDFF_X1 | 0.000 |   2.127 |    2.092 | 
     +---------------------------------------------------------------------------------------+ 
Path 46: MET Hold Check with Pin datapath/registers_RF_reg[2][29]/CK 
Endpoint:   datapath/registers_RF_reg[2][29]/D (v) checked with trailing edge 
of 'clk'
Beginpoint: datapath/registers_RF_reg[2][29]/Q (v) triggered by trailing edge 
of 'clk'
Path Groups: {reg2reg}
Analysis View: RPT_FAST
Other End Arrival Time          2.079
+ Hold                         -0.011
+ Phase Shift                   0.000
- CPPR Adjustment               0.000
+ Uncertainty                   0.020
= Required Time                 2.088
  Arrival Time                  2.123
  Slack Time                    0.035
     Clock Fall Edge                 1.950
     + Clock Network Latency (Prop)  0.129
     = Beginpoint Arrival Time       2.079
     +---------------------------------------------------------------------------------------+ 
     |             Instance             |     Arc     |  Cell   | Delay | Arrival | Required | 
     |                                  |             |         |       |  Time   |   Time   | 
     |----------------------------------+-------------+---------+-------+---------+----------| 
     | datapath/registers_RF_reg[2][29] | CK ^        |         |       |   2.079 |    2.044 | 
     | datapath/registers_RF_reg[2][29] | CK ^ -> Q v | SDFF_X1 | 0.044 |   2.123 |    2.088 | 
     | datapath/registers_RF_reg[2][29] | D v         | SDFF_X1 | 0.000 |   2.123 |    2.088 | 
     +---------------------------------------------------------------------------------------+ 
Path 47: MET Hold Check with Pin datapath/registers_RF_reg[8][4]/CK 
Endpoint:   datapath/registers_RF_reg[8][4]/D (v) checked with trailing edge of 
'clk'
Beginpoint: datapath/registers_RF_reg[8][4]/Q (v) triggered by trailing edge of 
'clk'
Path Groups: {reg2reg}
Analysis View: RPT_FAST
Other End Arrival Time          2.079
+ Hold                         -0.011
+ Phase Shift                   0.000
- CPPR Adjustment               0.000
+ Uncertainty                   0.020
= Required Time                 2.088
  Arrival Time                  2.123
  Slack Time                    0.035
     Clock Fall Edge                 1.950
     + Clock Network Latency (Prop)  0.129
     = Beginpoint Arrival Time       2.079
     +--------------------------------------------------------------------------------------+ 
     |            Instance             |     Arc     |  Cell   | Delay | Arrival | Required | 
     |                                 |             |         |       |  Time   |   Time   | 
     |---------------------------------+-------------+---------+-------+---------+----------| 
     | datapath/registers_RF_reg[8][4] | CK ^        |         |       |   2.079 |    2.044 | 
     | datapath/registers_RF_reg[8][4] | CK ^ -> Q v | SDFF_X1 | 0.044 |   2.123 |    2.088 | 
     | datapath/registers_RF_reg[8][4] | D v         | SDFF_X1 | 0.000 |   2.123 |    2.088 | 
     +--------------------------------------------------------------------------------------+ 
Path 48: MET Hold Check with Pin datapath/IFID_instr_reg[13]/CK 
Endpoint:   datapath/IFID_instr_reg[13]/D  (v) checked with  leading edge of 
'clk'
Beginpoint: datapath/IFID_instr_reg[13]/QN (^) triggered by  leading edge of 
'clk'
Path Groups: {reg2reg}
Analysis View: RPT_FAST
Other End Arrival Time          0.176
+ Hold                          0.004
+ Phase Shift                   0.000
- CPPR Adjustment               0.000
+ Uncertainty                   0.020
= Required Time                 0.200
  Arrival Time                  0.236
  Slack Time                    0.035
     Clock Rise Edge                 0.000
     + Clock Network Latency (Prop)  0.176
     = Beginpoint Arrival Time       0.176
     +------------------------------------------------------------------------------------+ 
     |          Instance           |     Arc      |   Cell   | Delay | Arrival | Required | 
     |                             |              |          |       |  Time   |   Time   | 
     |-----------------------------+--------------+----------+-------+---------+----------| 
     | datapath/IFID_instr_reg[13] | CK ^         |          |       |   0.176 |    0.140 | 
     | datapath/IFID_instr_reg[13] | CK ^ -> QN ^ | DFFR_X2  | 0.049 |   0.225 |    0.190 | 
     | datapath/g43196             | B2 ^ -> ZN v | OAI22_X1 | 0.011 |   0.236 |    0.200 | 
     | datapath/IFID_instr_reg[13] | D v          | DFFR_X2  | 0.000 |   0.236 |    0.200 | 
     +------------------------------------------------------------------------------------+ 
Path 49: MET Hold Check with Pin datapath/IFID_instr_reg[12]/CK 
Endpoint:   datapath/IFID_instr_reg[12]/D  (v) checked with  leading edge of 
'clk'
Beginpoint: datapath/IFID_instr_reg[12]/QN (^) triggered by  leading edge of 
'clk'
Path Groups: {reg2reg}
Analysis View: RPT_FAST
Other End Arrival Time          0.176
+ Hold                          0.004
+ Phase Shift                   0.000
- CPPR Adjustment               0.000
+ Uncertainty                   0.020
= Required Time                 0.200
  Arrival Time                  0.236
  Slack Time                    0.035
     Clock Rise Edge                 0.000
     + Clock Network Latency (Prop)  0.176
     = Beginpoint Arrival Time       0.176
     +------------------------------------------------------------------------------------+ 
     |          Instance           |     Arc      |   Cell   | Delay | Arrival | Required | 
     |                             |              |          |       |  Time   |   Time   | 
     |-----------------------------+--------------+----------+-------+---------+----------| 
     | datapath/IFID_instr_reg[12] | CK ^         |          |       |   0.176 |    0.140 | 
     | datapath/IFID_instr_reg[12] | CK ^ -> QN ^ | DFFR_X2  | 0.049 |   0.225 |    0.190 | 
     | datapath/g43209             | B2 ^ -> ZN v | OAI22_X1 | 0.011 |   0.236 |    0.200 | 
     | datapath/IFID_instr_reg[12] | D v          | DFFR_X2  | 0.000 |   0.236 |    0.200 | 
     +------------------------------------------------------------------------------------+ 
Path 50: MET Hold Check with Pin datapath/registers_RF_reg[11][8]/CK 
Endpoint:   datapath/registers_RF_reg[11][8]/D (v) checked with trailing edge 
of 'clk'
Beginpoint: datapath/registers_RF_reg[11][8]/Q (v) triggered by trailing edge 
of 'clk'
Path Groups: {reg2reg}
Analysis View: RPT_FAST
Other End Arrival Time          2.083
+ Hold                         -0.011
+ Phase Shift                   0.000
- CPPR Adjustment               0.000
+ Uncertainty                   0.020
= Required Time                 2.092
  Arrival Time                  2.127
  Slack Time                    0.035
     Clock Fall Edge                 1.950
     + Clock Network Latency (Prop)  0.133
     = Beginpoint Arrival Time       2.083
     +---------------------------------------------------------------------------------------+ 
     |             Instance             |     Arc     |  Cell   | Delay | Arrival | Required | 
     |                                  |             |         |       |  Time   |   Time   | 
     |----------------------------------+-------------+---------+-------+---------+----------| 
     | datapath/registers_RF_reg[11][8] | CK ^        |         |       |   2.083 |    2.048 | 
     | datapath/registers_RF_reg[11][8] | CK ^ -> Q v | SDFF_X1 | 0.044 |   2.127 |    2.092 | 
     | datapath/registers_RF_reg[11][8] | D v         | SDFF_X1 | 0.000 |   2.127 |    2.092 | 
     +---------------------------------------------------------------------------------------+ 

