    Hinst Name                               Module Name              Inst Count           Total Area
--------------------------------------------------------------------------------------------------
pipelined_cpu_core                                                          8148            15772.204
  ALU_forward                                alu_fwd_unit                    123              108.794
  branch_forward                             branch_fwd_unit                  32               46.550
  datapath                                   pipelined_cpu_datapath         7914            15530.144
    datapath/ALU_ALU_GEN[0].slice_i_bitAdder full_adder_95_942                 5                8.778
    datapath/ALU_ALU_GEN[0].slice_i_resultMux mux_4x1_N1                        7                9.842
    datapath/ALU_ALU_GEN[10].slice_i_bitAdder full_adder_95_953                 6               10.640
    datapath/ALU_ALU_GEN[10].slice_i_resultMux mux_4x1_N1_31_464                 4                3.990
    datapath/ALU_ALU_GEN[11].slice_i_bitAdder full_adder_95_954                 6               10.640
    datapath/ALU_ALU_GEN[11].slice_i_resultMux mux_4x1_N1_31_465                 4                3.990
    datapath/ALU_ALU_GEN[12].slice_i_bitAdder full_adder_95_955                 6               10.640
    datapath/ALU_ALU_GEN[12].slice_i_resultMux mux_4x1_N1_31_466                 3                3.458
    datapath/ALU_ALU_GEN[13].slice_i_bitAdder full_adder_95_956                 6               10.640
    datapath/ALU_ALU_GEN[13].slice_i_resultMux mux_4x1_N1_31_467                 4                3.990
    datapath/ALU_ALU_GEN[14].slice_i_bitAdder full_adder_95_957                 6               10.640
    datapath/ALU_ALU_GEN[14].slice_i_resultMux mux_4x1_N1_31_468                 3                3.458
    datapath/ALU_ALU_GEN[15].slice_i_bitAdder full_adder_95_958                 6               10.640
    datapath/ALU_ALU_GEN[15].slice_i_resultMux mux_4x1_N1_31_469                 4                3.990
    datapath/ALU_ALU_GEN[16].slice_i_bitAdder full_adder_95_959                 6               10.640
    datapath/ALU_ALU_GEN[16].slice_i_resultMux mux_4x1_N1_31_470                 4                3.990
    datapath/ALU_ALU_GEN[17].slice_i_bitAdder full_adder_95_960                 6               10.640
    datapath/ALU_ALU_GEN[17].slice_i_resultMux mux_4x1_N1_31_471                 4                3.990
    datapath/ALU_ALU_GEN[18].slice_i_bitAdder full_adder_95_961                 6               10.640
    datapath/ALU_ALU_GEN[18].slice_i_resultMux mux_4x1_N1_31_472                 4                3.990
    datapath/ALU_ALU_GEN[19].slice_i_bitAdder full_adder_95_962                 6               10.640
    datapath/ALU_ALU_GEN[19].slice_i_resultMux mux_4x1_N1_31_473                 4                3.990
    datapath/ALU_ALU_GEN[1].slice_i_bitAdder full_adder_95_944                 7               13.300
    datapath/ALU_ALU_GEN[1].slice_i_resultMux mux_4x1_N1_31_455                 4                5.054
    datapath/ALU_ALU_GEN[20].slice_i_bitAdder full_adder_95_963                 6               10.640
    datapath/ALU_ALU_GEN[20].slice_i_resultMux mux_4x1_N1_31_474                 3                3.458
    datapath/ALU_ALU_GEN[21].slice_i_bitAdder full_adder_95_964                 6               10.640
    datapath/ALU_ALU_GEN[21].slice_i_resultMux mux_4x1_N1_31_475                 3                3.458
    datapath/ALU_ALU_GEN[22].slice_i_bitAdder full_adder_95_965                 6               10.640
    datapath/ALU_ALU_GEN[22].slice_i_resultMux mux_4x1_N1_31_476                 3                3.458
    datapath/ALU_ALU_GEN[23].slice_i_bitAdder full_adder_95_966                 7               11.172
    datapath/ALU_ALU_GEN[23].slice_i_resultMux mux_4x1_N1_31_477                 3                3.458
    datapath/ALU_ALU_GEN[24].slice_i_bitAdder full_adder_95_967                 6               10.640
    datapath/ALU_ALU_GEN[24].slice_i_resultMux mux_4x1_N1_31_478                 4                3.990
    datapath/ALU_ALU_GEN[25].slice_i_bitAdder full_adder_95_968                 6               10.640
    datapath/ALU_ALU_GEN[25].slice_i_resultMux mux_4x1_N1_31_479                 3                3.458
    datapath/ALU_ALU_GEN[26].slice_i_bitAdder full_adder_95_969                 6               10.640
    datapath/ALU_ALU_GEN[26].slice_i_resultMux mux_4x1_N1_31_480                 4                3.990
    datapath/ALU_ALU_GEN[27].slice_i_bitAdder full_adder_95_970                 7               11.172
    datapath/ALU_ALU_GEN[27].slice_i_resultMux mux_4x1_N1_31_481                 5                5.054
    datapath/ALU_ALU_GEN[28].slice_i_bitAdder full_adder_95_971                 7               11.172
    datapath/ALU_ALU_GEN[28].slice_i_resultMux mux_4x1_N1_31_482                 5                5.054
    datapath/ALU_ALU_GEN[29].slice_i_bitAdder full_adder_95_972                 7               11.172
    datapath/ALU_ALU_GEN[29].slice_i_resultMux mux_4x1_N1_31_483                 5                5.054
    datapath/ALU_ALU_GEN[2].slice_i_bitAdder full_adder_95_945                 8               12.502
    datapath/ALU_ALU_GEN[2].slice_i_resultMux mux_4x1_N1_31_456                 4                5.054
    datapath/ALU_ALU_GEN[30].slice_i_bitAdder full_adder_95_973                 8               11.438
    datapath/ALU_ALU_GEN[30].slice_i_resultMux mux_4x1_N1_31                     5                5.054
    datapath/ALU_ALU_GEN[3].slice_i_bitAdder full_adder_95_946                 8               13.034
    datapath/ALU_ALU_GEN[3].slice_i_resultMux mux_4x1_N1_31_457                 4                5.054
    datapath/ALU_ALU_GEN[4].slice_i_bitAdder full_adder_95_947                 6               11.172
    datapath/ALU_ALU_GEN[4].slice_i_resultMux mux_4x1_N1_31_458                 4                5.054
    datapath/ALU_ALU_GEN[5].slice_i_bitAdder full_adder_95_948                 6               11.172
    datapath/ALU_ALU_GEN[5].slice_i_resultMux mux_4x1_N1_31_459                 4                3.990
    datapath/ALU_ALU_GEN[6].slice_i_bitAdder full_adder_95_949                 6               11.172
    datapath/ALU_ALU_GEN[6].slice_i_resultMux mux_4x1_N1_31_460                 4                3.990
    datapath/ALU_ALU_GEN[7].slice_i_bitAdder full_adder_95_950                 6               11.704
    datapath/ALU_ALU_GEN[7].slice_i_resultMux mux_4x1_N1_31_461                 4                3.990
    datapath/ALU_ALU_GEN[8].slice_i_bitAdder full_adder_95_951                 8               12.236
    datapath/ALU_ALU_GEN[8].slice_i_resultMux mux_4x1_N1_31_462                 3                3.458
    datapath/ALU_ALU_GEN[9].slice_i_bitAdder full_adder_95_952                 6               10.640
    datapath/ALU_ALU_GEN[9].slice_i_resultMux mux_4x1_N1_31_463                 4                3.990
    datapath/ALU_msb_bitAdder                full_adder_95_943                 6               11.172
    datapath/ALU_msb_resultMux               mux_4x1_N1_1                      6                5.852
    datapath/branch_or_inc_4                 mux_2x1_N32                     119               99.750
    datapath/immediate_generation            imm_gen                         105               98.154
    datapath/pc_plus_4                       ripple_carry_adder_N32           55               90.972
      datapath/pc_plus_4/FA_GEN[10].fa_i     full_adder_31_921                 4                3.724
      datapath/pc_plus_4/FA_GEN[11].fa_i     full_adder_31_922                 1                2.660
      datapath/pc_plus_4/FA_GEN[12].fa_i     full_adder_31_923                 1                2.660
      datapath/pc_plus_4/FA_GEN[13].fa_i     full_adder_31_924                 1                2.660
      datapath/pc_plus_4/FA_GEN[14].fa_i     full_adder_31_925                 1                2.660
      datapath/pc_plus_4/FA_GEN[15].fa_i     full_adder_31_926                 1                2.660
      datapath/pc_plus_4/FA_GEN[16].fa_i     full_adder_31_927                 4                3.724
      datapath/pc_plus_4/FA_GEN[17].fa_i     full_adder_31_928                 1                2.660
      datapath/pc_plus_4/FA_GEN[18].fa_i     full_adder_31_929                 1                2.660
      datapath/pc_plus_4/FA_GEN[19].fa_i     full_adder_31_930                 1                2.660
      datapath/pc_plus_4/FA_GEN[20].fa_i     full_adder_31_931                 1                2.660
      datapath/pc_plus_4/FA_GEN[21].fa_i     full_adder_31_932                 1                2.660
      datapath/pc_plus_4/FA_GEN[22].fa_i     full_adder_31_933                 1                2.660
      datapath/pc_plus_4/FA_GEN[23].fa_i     full_adder_31_934                 1                2.660
      datapath/pc_plus_4/FA_GEN[24].fa_i     full_adder_31_935                 1                2.660
      datapath/pc_plus_4/FA_GEN[25].fa_i     full_adder_31_936                 4                3.724
      datapath/pc_plus_4/FA_GEN[26].fa_i     full_adder_31_937                 3                3.990
      datapath/pc_plus_4/FA_GEN[27].fa_i     full_adder_31_938                 3                3.990
      datapath/pc_plus_4/FA_GEN[28].fa_i     full_adder_31_939                 2                3.990
      datapath/pc_plus_4/FA_GEN[29].fa_i     full_adder_31_940                 3                3.990
      datapath/pc_plus_4/FA_GEN[30].fa_i     full_adder_31_941                 3                3.990
      datapath/pc_plus_4/FA_GEN[31].fa_i     full_adder_31                     3                3.192
      datapath/pc_plus_4/FA_GEN[3].fa_i      full_adder_31_914                 1                2.660
      datapath/pc_plus_4/FA_GEN[4].fa_i      full_adder_31_915                 1                2.660
      datapath/pc_plus_4/FA_GEN[5].fa_i      full_adder_31_916                 1                2.660
      datapath/pc_plus_4/FA_GEN[6].fa_i      full_adder_31_917                 1                2.660
      datapath/pc_plus_4/FA_GEN[7].fa_i      full_adder_31_918                 1                2.660
      datapath/pc_plus_4/FA_GEN[8].fa_i      full_adder_31_919                 1                2.660
      datapath/pc_plus_4/FA_GEN[9].fa_i      full_adder_31_920                 4                3.724
    datapath/pc_plus_imm                     ripple_carry_adder_N32_1        197              292.600
      datapath/pc_plus_imm/FA_GEN[10].fa_i   full_adder_95_983                 6               10.640
      datapath/pc_plus_imm/FA_GEN[11].fa_i   full_adder_95_984                 6               10.640
      datapath/pc_plus_imm/FA_GEN[12].fa_i   full_adder_95_985                 6               10.640
      datapath/pc_plus_imm/FA_GEN[13].fa_i   full_adder_95_986                 6                8.512
      datapath/pc_plus_imm/FA_GEN[14].fa_i   full_adder_95_987                 6                8.512
      datapath/pc_plus_imm/FA_GEN[15].fa_i   full_adder_95_988                 6                8.512
      datapath/pc_plus_imm/FA_GEN[16].fa_i   full_adder_95_989                 6                8.512
      datapath/pc_plus_imm/FA_GEN[17].fa_i   full_adder_95_990                 6                9.576
      datapath/pc_plus_imm/FA_GEN[18].fa_i   full_adder_95_991                 6               10.640
      datapath/pc_plus_imm/FA_GEN[19].fa_i   full_adder_95_992                 6               10.640
      datapath/pc_plus_imm/FA_GEN[1].fa_i    full_adder_95_974                 2                3.990
      datapath/pc_plus_imm/FA_GEN[20].fa_i   full_adder_95_993                 6                8.512
      datapath/pc_plus_imm/FA_GEN[21].fa_i   full_adder_95_994                 6                9.576
      datapath/pc_plus_imm/FA_GEN[22].fa_i   full_adder_95_995                 6                8.512
      datapath/pc_plus_imm/FA_GEN[23].fa_i   full_adder_95_996                 6                8.512
      datapath/pc_plus_imm/FA_GEN[24].fa_i   full_adder_95_997                 6                8.512
      datapath/pc_plus_imm/FA_GEN[25].fa_i   full_adder_95_998                 6                9.576
      datapath/pc_plus_imm/FA_GEN[26].fa_i   full_adder_95_999                 6               10.640
      datapath/pc_plus_imm/FA_GEN[27].fa_i   full_adder_95_1000                6               10.640
      datapath/pc_plus_imm/FA_GEN[28].fa_i   full_adder_95_1001                6                8.512
      datapath/pc_plus_imm/FA_GEN[29].fa_i   full_adder_95_1002                8                9.310
      datapath/pc_plus_imm/FA_GEN[2].fa_i    full_adder_95_975                 8                9.576
      datapath/pc_plus_imm/FA_GEN[30].fa_i   full_adder_95_1003                6                7.448
      datapath/pc_plus_imm/FA_GEN[31].fa_i   full_adder_95                     3                3.458
      datapath/pc_plus_imm/FA_GEN[3].fa_i    full_adder_95_976                 8                8.512
      datapath/pc_plus_imm/FA_GEN[4].fa_i    full_adder_95_977                 6                9.044
      datapath/pc_plus_imm/FA_GEN[5].fa_i    full_adder_95_978                 6               10.108
      datapath/pc_plus_imm/FA_GEN[6].fa_i    full_adder_95_979                 6                9.842
      datapath/pc_plus_imm/FA_GEN[7].fa_i    full_adder_95_980                 6               10.640
      datapath/pc_plus_imm/FA_GEN[8].fa_i    full_adder_95_981                 6               10.640
      datapath/pc_plus_imm/FA_GEN[9].fa_i    full_adder_95_982                 6               10.640
