###############################################################
#  Generated by:      Cadence Innovus 23.12-s091_1
#  OS:                Linux x86_64(Host ID nanohub-2907376-4)
#  Generated on:      Mon Aug 10 03:05:32 2026
#  Design:            pipelined_cpu_core
#  Command:           summaryReport -noHtml -outfile reports/44_summary.rpt
###############################################################


==============================
General Design Information
==============================
Design Status: Routed  
Design Name: pipelined_cpu_core  
# Instances: 15028  
# Hard Macros: 0  
# Std Cells: 15028  
    ------------------------------
    Standard Cells in Netlist
    ------------------------------
               Cell Type   Instance Count  Area (um^2)  
                 AND2_X1              190         202.1600  
                 AND2_X2              143         190.1900  
                 AND2_X4               61         146.0340  
                 AND3_X1                8          10.6400  
                 AND3_X2                6           9.5760  
                 AND3_X4               13          38.0380  
                 AND4_X1                4           6.3840  
                 AND4_X2                4           7.4480  
                 AND4_X4                2           6.9160  
               AOI211_X1                4           5.3200  
                AOI21_X1               29          30.8560  
                AOI21_X2               46          85.6520  
                AOI21_X4                9          31.1220  
               AOI221_X1               30          47.8800  
               AOI222_X1               21          44.6880  
               AOI222_X2                2           7.4480  
                AOI22_X1              140         186.2000  
                AOI22_X2              108         258.5520  
                AOI22_X4                3          13.5660  
                  BUF_X1               48          38.3040  
                  BUF_X2               11          11.7040  
                  BUF_X4               12          22.3440  
                  BUF_X8                1           3.4580  
               CLKBUF_X1              684         545.8320  
               CLKBUF_X2               65          69.1600  
               CLKBUF_X3              173         230.0900  
                DFFRS_X2                1           6.9160  
                 DFFR_X1              333        1771.5600  
                 DFFR_X2               20         117.0400  
                 DFFS_X1                1           5.3200  
             FILLCELL_X1             5871        1561.6860  
            FILLCELL_X16               43         183.0080  
            FILLCELL_X32               39         331.9680  
             FILLCELL_X4              695         739.4800  
             FILLCELL_X8              232         493.6960  
                   HA_X1               67         178.2200  
                  INV_X1              656         348.9920  
                 INV_X16                1           4.5220  
                  INV_X2              162         129.2760  
                  INV_X4               76         101.0800  
                  INV_X8                7          16.7580  
                 MUX2_X1               48          89.3760  
                 MUX2_X2               19          45.4860  
                NAND2_X1             2172        1733.2560  
                NAND2_X2              323         429.5900  
                NAND2_X4              144         344.7360  
                NAND3_X1              148         157.4720  
                NAND3_X2               40          74.4800  
                NAND3_X4               15          51.8700  
                NAND4_X1              116         154.2800  
                NAND4_X2               88         210.6720  
                NAND4_X4               43         205.8840  
                 NOR2_X1              140         111.7200  
                 NOR2_X2              124         164.9200  
                 NOR2_X4              114         272.9160  
                 NOR3_X1                7           7.4480  
                 NOR4_X1                4           5.3200  
               OAI211_X1                6           7.9800  
               OAI211_X2                3           7.1820  
               OAI211_X4                1           4.5220  
                OAI21_X1               62          65.9680  
                OAI21_X2               14          26.0680  
                OAI21_X4               14          48.4120  
               OAI221_X1               79         126.0840  
                OAI22_X1               40          53.2000  
                OAI22_X2                4           9.5760  
                OAI33_X1                2           3.7240  
                  OR2_X1              101         107.4640  
                  OR2_X2                5           6.6500  
                  OR2_X4                6          14.3640  
                  OR3_X1                1           1.3300  
                  OR3_X2                1           1.5960  
                  OR4_X1                3           4.7880  
                 SDFF_X1              992        6069.0560  
                XNOR2_X1               26          41.4960  
                XNOR2_X2               20          53.2000  
                 XOR2_X1               82         130.8720  
# Pads: 0  
# Net: 9884  
# Special Net: 2  
# IO Pins: 
    ------------------------------
    Issued IO Information
    ------------------------------
    # Unplaced IO Pin  
        ------------------------------
        Unplaced IO
        ------------------------------
            Unplaced IO Name  
               dbg_wb_enable  
              dbg_wb_data[0]  
              dbg_wb_data[1]  
              dbg_wb_data[2]  
              dbg_wb_data[3]  
              dbg_wb_data[4]  
              dbg_wb_data[5]  
              dbg_wb_data[6]  
              dbg_wb_data[7]  
              dbg_wb_data[8]  
              dbg_wb_data[9]  
             dbg_wb_data[10]  
             dbg_wb_data[11]  
             dbg_wb_data[12]  
             dbg_wb_data[13]  
             dbg_wb_data[14]  
             dbg_wb_data[15]  
             dbg_wb_data[16]  
             dbg_wb_data[17]  
             dbg_wb_data[18]  
             dbg_wb_data[19]  
             dbg_wb_data[20]  
             dbg_wb_data[21]  
             dbg_wb_data[22]  
             dbg_wb_data[23]  
             dbg_wb_data[24]  
             dbg_wb_data[25]  
             dbg_wb_data[26]  
             dbg_wb_data[27]  
             dbg_wb_data[28]  
             dbg_wb_data[29]  
             dbg_wb_data[30]  
             dbg_wb_data[31]  
              dbg_wb_addr[0]  
              dbg_wb_addr[1]  
              dbg_wb_addr[2]  
              dbg_wb_addr[3]  
              dbg_wb_addr[4]  
                   dbg_pc[0]  
                   dbg_pc[1]  
                   dbg_pc[2]  
                   dbg_pc[3]  
                   dbg_pc[4]  
                   dbg_pc[5]  
                   dbg_pc[6]  
                   dbg_pc[7]  
                   dbg_pc[8]  
                   dbg_pc[9]  
                  dbg_pc[10]  
                  dbg_pc[11]  
                  dbg_pc[12]  
                  dbg_pc[13]  
                  dbg_pc[14]  
                  dbg_pc[15]  
                  dbg_pc[16]  
                  dbg_pc[17]  
                  dbg_pc[18]  
                  dbg_pc[19]  
                  dbg_pc[20]  
                  dbg_pc[21]  
                  dbg_pc[22]  
                  dbg_pc[23]  
                  dbg_pc[24]  
                  dbg_pc[25]  
                  dbg_pc[26]  
                  dbg_pc[27]  
                  dbg_pc[28]  
                  dbg_pc[29]  
                  dbg_pc[30]  
                  dbg_pc[31]  
               dmem_rdata[0]  
               dmem_rdata[1]  
               dmem_rdata[2]  
               dmem_rdata[3]  
               dmem_rdata[4]  
               dmem_rdata[5]  
               dmem_rdata[6]  
               dmem_rdata[7]  
               dmem_rdata[8]  
               dmem_rdata[9]  
              dmem_rdata[10]  
              dmem_rdata[11]  
              dmem_rdata[12]  
              dmem_rdata[13]  
              dmem_rdata[14]  
              dmem_rdata[15]  
              dmem_rdata[16]  
              dmem_rdata[17]  
              dmem_rdata[18]  
              dmem_rdata[19]  
              dmem_rdata[20]  
              dmem_rdata[21]  
              dmem_rdata[22]  
              dmem_rdata[23]  
              dmem_rdata[24]  
              dmem_rdata[25]  
              dmem_rdata[26]  
              dmem_rdata[27]  
              dmem_rdata[28]  
              dmem_rdata[29]  
              dmem_rdata[30]  
              dmem_rdata[31]  
                   dmem_read  
                  dmem_write  
               dmem_wdata[0]  
               dmem_wdata[1]  
               dmem_wdata[2]  
               dmem_wdata[3]  
               dmem_wdata[4]  
               dmem_wdata[5]  
               dmem_wdata[6]  
               dmem_wdata[7]  
               dmem_wdata[8]  
               dmem_wdata[9]  
              dmem_wdata[10]  
              dmem_wdata[11]  
              dmem_wdata[12]  
              dmem_wdata[13]  
              dmem_wdata[14]  
              dmem_wdata[15]  
              dmem_wdata[16]  
              dmem_wdata[17]  
              dmem_wdata[18]  
              dmem_wdata[19]  
              dmem_wdata[20]  
              dmem_wdata[21]  
              dmem_wdata[22]  
              dmem_wdata[23]  
              dmem_wdata[24]  
              dmem_wdata[25]  
              dmem_wdata[26]  
              dmem_wdata[27]  
              dmem_wdata[28]  
              dmem_wdata[29]  
              dmem_wdata[30]  
              dmem_wdata[31]  
                dmem_addr[0]  
                dmem_addr[1]  
                dmem_addr[2]  
                dmem_addr[3]  
                dmem_addr[4]  
                dmem_addr[5]  
                dmem_addr[6]  
                dmem_addr[7]  
                dmem_addr[8]  
                dmem_addr[9]  
               dmem_addr[10]  
               dmem_addr[11]  
               dmem_addr[12]  
               dmem_addr[13]  
               dmem_addr[14]  
               dmem_addr[15]  
               dmem_addr[16]  
               dmem_addr[17]  
               dmem_addr[18]  
               dmem_addr[19]  
               dmem_addr[20]  
               dmem_addr[21]  
               dmem_addr[22]  
               dmem_addr[23]  
               dmem_addr[24]  
               dmem_addr[25]  
               dmem_addr[26]  
               dmem_addr[27]  
               dmem_addr[28]  
               dmem_addr[29]  
               dmem_addr[30]  
               dmem_addr[31]  
               imem_rdata[0]  
               imem_rdata[1]  
               imem_rdata[2]  
               imem_rdata[3]  
               imem_rdata[4]  
               imem_rdata[5]  
               imem_rdata[6]  
               imem_rdata[7]  
               imem_rdata[8]  
               imem_rdata[9]  
              imem_rdata[10]  
              imem_rdata[11]  
              imem_rdata[12]  
              imem_rdata[13]  
              imem_rdata[14]  
              imem_rdata[15]  
              imem_rdata[16]  
              imem_rdata[17]  
              imem_rdata[18]  
              imem_rdata[19]  
              imem_rdata[20]  
              imem_rdata[21]  
              imem_rdata[22]  
              imem_rdata[23]  
              imem_rdata[24]  
              imem_rdata[25]  
              imem_rdata[26]  
              imem_rdata[27]  
              imem_rdata[28]  
              imem_rdata[29]  
              imem_rdata[30]  
              imem_rdata[31]  
                imem_addr[0]  
                imem_addr[1]  
                imem_addr[2]  
                imem_addr[3]  
                imem_addr[4]  
                imem_addr[5]  
                imem_addr[6]  
                imem_addr[7]  
                imem_addr[8]  
                imem_addr[9]  
               imem_addr[10]  
               imem_addr[11]  
               imem_addr[12]  
               imem_addr[13]  
               imem_addr[14]  
               imem_addr[15]  
               imem_addr[16]  
               imem_addr[17]  
               imem_addr[18]  
               imem_addr[19]  
               imem_addr[20]  
               imem_addr[21]  
               imem_addr[22]  
               imem_addr[23]  
               imem_addr[24]  
               imem_addr[25]  
               imem_addr[26]  
               imem_addr[27]  
               imem_addr[28]  
               imem_addr[29]  
               imem_addr[30]  
               imem_addr[31]  
                       reset  
                         clk  234  
    # Floating IO  
        ------------------------------
        Floating IO
        ------------------------------
            Floating IO Name  
                   dbg_pc[0]  
                imem_addr[0]  2  
    # IO Connected to Non-IO Inst  
        ------------------------------
        IO Connected to Non-IO Inst
        ------------------------------
                     IO Name      Non-IO Inst Name  
               dbg_wb_enable  branch_forward/g1261__9945  
              dbg_wb_data[0]  datapath/registers_RF_reg[1][0]  
              dbg_wb_data[1]       datapath/g32610  
              dbg_wb_data[2]  datapath/registers_RF_reg[19][2]  
              dbg_wb_data[3]       datapath/g33168  
              dbg_wb_data[4]  datapath/FE_OFC1807_FE_RN_195_0  
              dbg_wb_data[5]  datapath/registers_RF_reg[1][5]  
              dbg_wb_data[6]  datapath/FE_OFC176_n_790  
              dbg_wb_data[7]  datapath/FE_RC_274_0  
              dbg_wb_data[8]       datapath/g32921  
              dbg_wb_data[9]       datapath/g32955  
             dbg_wb_data[10]       datapath/g32923  
             dbg_wb_data[11]       datapath/g32956  
             dbg_wb_data[12]  datapath/registers_RF_reg[1][12]  
             dbg_wb_data[13]       datapath/g32693  
             dbg_wb_data[14]       datapath/g32598  
             dbg_wb_data[15]       datapath/g32599  
             dbg_wb_data[16]       datapath/g32600  
             dbg_wb_data[17]       datapath/g32601  
             dbg_wb_data[18]       datapath/g32602  
             dbg_wb_data[19]       datapath/g32603  
             dbg_wb_data[20]       datapath/g32604  
             dbg_wb_data[21]       datapath/g32639  
             dbg_wb_data[22]       datapath/g32687  
             dbg_wb_data[23]       datapath/g32688  
             dbg_wb_data[24]       datapath/g32584  
             dbg_wb_data[25]       datapath/g32585  
             dbg_wb_data[26]       datapath/g32586  
             dbg_wb_data[27]       datapath/g32587  
             dbg_wb_data[28]       datapath/g32588  
             dbg_wb_data[29]       datapath/g32589  
             dbg_wb_data[30]       datapath/g32590  
             dbg_wb_data[31]       datapath/g32591  
              dbg_wb_addr[0]  ALU_forward/g3525__2802  
              dbg_wb_addr[1]  ALU_forward/g3589__8246  
              dbg_wb_addr[2]  branch_forward/g1268__2398  
              dbg_wb_addr[3]  branch_forward/g1265__7410  
              dbg_wb_addr[4]  datapath/FE_OFC1457_n_592  
                   dbg_pc[1]  datapath/branch_or_inc_4/g858__8428  
                   dbg_pc[2]  datapath/pc_plus_4/FA_GEN[3].fa_i/g2  
                   dbg_pc[3]  datapath/pc_plus_4/FA_GEN[3].fa_i/g2  
                   dbg_pc[4]  datapath/pc_plus_4/FA_GEN[4].fa_i/g2  
                   dbg_pc[5]  datapath/pc_plus_4/FA_GEN[5].fa_i/g2  
                   dbg_pc[6]  datapath/pc_plus_4/FA_GEN[6].fa_i/g2  
                   dbg_pc[7]  datapath/pc_plus_4/FA_GEN[7].fa_i/g2  
                   dbg_pc[8]  datapath/pc_plus_4/FA_GEN[8].fa_i/g2  
                   dbg_pc[9]  datapath/IF_pc_reg[9]  
                  dbg_pc[10]  datapath/IF_pc_reg[10]  
                  dbg_pc[11]  datapath/pc_plus_4/FA_GEN[11].fa_i/g2  
                  dbg_pc[12]  datapath/pc_plus_4/FA_GEN[12].fa_i/g2  
                  dbg_pc[13]  datapath/pc_plus_4/FA_GEN[13].fa_i/g31__5115  
                  dbg_pc[14]  datapath/pc_plus_4/FA_GEN[14].fa_i/g2  
                  dbg_pc[15]  datapath/pc_plus_4/FA_GEN[15].fa_i/g2  
                  dbg_pc[16]  datapath/IF_pc_reg[16]  
                  dbg_pc[17]  datapath/pc_plus_4/FA_GEN[17].fa_i/g31__2346  
                  dbg_pc[18]  datapath/pc_plus_4/FA_GEN[18].fa_i/g2  
                  dbg_pc[19]  datapath/pc_plus_4/FA_GEN[19].fa_i/g2  
                  dbg_pc[20]  datapath/pc_plus_4/FA_GEN[20].fa_i/g2  
                  dbg_pc[21]  datapath/pc_plus_4/FA_GEN[21].fa_i/g2  
                  dbg_pc[22]  datapath/pc_plus_4/FA_GEN[22].fa_i/g2  
                  dbg_pc[23]  datapath/pc_plus_4/FA_GEN[23].fa_i/g2  
                  dbg_pc[24]  datapath/pc_plus_4/FA_GEN[24].fa_i/g2  
                  dbg_pc[25]  datapath/IF_pc_reg[25]  
                  dbg_pc[26]  datapath/pc_plus_4/FA_GEN[26].fa_i/g32__7098  
                  dbg_pc[27]  datapath/pc_plus_4/FA_GEN[27].fa_i/g32__5115  
                  dbg_pc[28]  datapath/pc_plus_4/FA_GEN[28].fa_i/g31__4733  
                  dbg_pc[29]  datapath/pc_plus_4/FA_GEN[29].fa_i/g32__9945  
                  dbg_pc[30]  datapath/pc_plus_4/FA_GEN[30].fa_i/g32__1666  
                  dbg_pc[31]  datapath/IF_pc_reg[31]  
               dmem_rdata[0]  datapath/MEMWB_memData_reg[0]  
               dmem_rdata[1]  datapath/MEMWB_memData_reg[1]  
               dmem_rdata[2]  datapath/MEMWB_memData_reg[2]  
               dmem_rdata[3]  datapath/MEMWB_memData_reg[3]  
               dmem_rdata[4]  datapath/MEMWB_memData_reg[4]  
               dmem_rdata[5]  datapath/MEMWB_memData_reg[5]  
               dmem_rdata[6]  datapath/MEMWB_memData_reg[6]  
               dmem_rdata[7]  datapath/MEMWB_memData_reg[7]  
               dmem_rdata[8]  datapath/MEMWB_memData_reg[8]  
               dmem_rdata[9]  datapath/MEMWB_memData_reg[9]  
              dmem_rdata[10]  datapath/MEMWB_memData_reg[10]  
              dmem_rdata[11]  datapath/MEMWB_memData_reg[11]  
              dmem_rdata[12]  datapath/MEMWB_memData_reg[12]  
              dmem_rdata[13]  datapath/MEMWB_memData_reg[13]  
              dmem_rdata[14]  datapath/MEMWB_memData_reg[14]  
              dmem_rdata[15]  datapath/MEMWB_memData_reg[15]  
              dmem_rdata[16]  datapath/MEMWB_memData_reg[16]  
              dmem_rdata[17]  datapath/MEMWB_memData_reg[17]  
              dmem_rdata[18]  datapath/MEMWB_memData_reg[18]  
              dmem_rdata[19]  datapath/MEMWB_memData_reg[19]  
              dmem_rdata[20]  datapath/MEMWB_memData_reg[20]  
              dmem_rdata[21]  datapath/MEMWB_memData_reg[21]  
              dmem_rdata[22]  datapath/MEMWB_memData_reg[22]  
              dmem_rdata[23]  datapath/MEMWB_memData_reg[23]  
              dmem_rdata[24]  datapath/MEMWB_memData_reg[24]  
              dmem_rdata[25]  datapath/MEMWB_memData_reg[25]  
              dmem_rdata[26]  datapath/MEMWB_memData_reg[26]  
              dmem_rdata[27]  datapath/MEMWB_memData_reg[27]  
              dmem_rdata[28]  datapath/MEMWB_memData_reg[28]  
              dmem_rdata[29]  datapath/MEMWB_memData_reg[29]  
              dmem_rdata[30]  datapath/MEMWB_memData_reg[30]  
              dmem_rdata[31]  datapath/MEMWB_memData_reg[31]  
                   dmem_read  datapath/EXMEM_memRead_reg  
                  dmem_write  datapath/EXMEM_memWrite_reg  
               dmem_wdata[0]  datapath/EXMEM_storeData_reg[0]  
               dmem_wdata[1]  datapath/EXMEM_storeData_reg[1]  
               dmem_wdata[2]  datapath/EXMEM_storeData_reg[2]  
               dmem_wdata[3]  datapath/EXMEM_storeData_reg[3]  
               dmem_wdata[4]  datapath/EXMEM_storeData_reg[4]  
               dmem_wdata[5]  datapath/EXMEM_storeData_reg[5]  
               dmem_wdata[6]  datapath/EXMEM_storeData_reg[6]  
               dmem_wdata[7]  datapath/EXMEM_storeData_reg[7]  
               dmem_wdata[8]  datapath/EXMEM_storeData_reg[8]  
               dmem_wdata[9]  datapath/EXMEM_storeData_reg[9]  
              dmem_wdata[10]  datapath/EXMEM_storeData_reg[10]  
              dmem_wdata[11]  datapath/EXMEM_storeData_reg[11]  
              dmem_wdata[12]  datapath/EXMEM_storeData_reg[12]  
              dmem_wdata[13]  datapath/EXMEM_storeData_reg[13]  
              dmem_wdata[14]  datapath/EXMEM_storeData_reg[14]  
              dmem_wdata[15]  datapath/EXMEM_storeData_reg[15]  
              dmem_wdata[16]  datapath/EXMEM_storeData_reg[16]  
              dmem_wdata[17]  datapath/EXMEM_storeData_reg[17]  
              dmem_wdata[18]  datapath/EXMEM_storeData_reg[18]  
              dmem_wdata[19]  datapath/EXMEM_storeData_reg[19]  
              dmem_wdata[20]  datapath/EXMEM_storeData_reg[20]  
              dmem_wdata[21]  datapath/EXMEM_storeData_reg[21]  
              dmem_wdata[22]  datapath/EXMEM_storeData_reg[22]  
              dmem_wdata[23]  datapath/EXMEM_storeData_reg[23]  
              dmem_wdata[24]  datapath/EXMEM_storeData_reg[24]  
              dmem_wdata[25]  datapath/EXMEM_storeData_reg[25]  
              dmem_wdata[26]  datapath/EXMEM_storeData_reg[26]  
              dmem_wdata[27]  datapath/EXMEM_storeData_reg[27]  
              dmem_wdata[28]  datapath/EXMEM_storeData_reg[28]  
              dmem_wdata[29]  datapath/EXMEM_storeData_reg[29]  
              dmem_wdata[30]  datapath/EXMEM_storeData_reg[30]  
              dmem_wdata[31]  datapath/EXMEM_storeData_reg[31]  
                dmem_addr[0]  datapath/MEMWB_aluResult_reg[0]  
                dmem_addr[1]  datapath/MEMWB_aluResult_reg[1]  
                dmem_addr[2]  datapath/MEMWB_aluResult_reg[2]  
                dmem_addr[3]  datapath/MEMWB_aluResult_reg[3]  
                dmem_addr[4]  datapath/MEMWB_aluResult_reg[4]  
                dmem_addr[5]  datapath/MEMWB_aluResult_reg[5]  
                dmem_addr[6]  datapath/MEMWB_aluResult_reg[6]  
                dmem_addr[7]  datapath/MEMWB_aluResult_reg[7]  
                dmem_addr[8]  datapath/MEMWB_aluResult_reg[8]  
                dmem_addr[9]  datapath/MEMWB_aluResult_reg[9]  
               dmem_addr[10]  datapath/MEMWB_aluResult_reg[10]  
               dmem_addr[11]  datapath/MEMWB_aluResult_reg[11]  
               dmem_addr[12]  datapath/MEMWB_aluResult_reg[12]  
               dmem_addr[13]  datapath/MEMWB_aluResult_reg[13]  
               dmem_addr[14]  datapath/MEMWB_aluResult_reg[14]  
               dmem_addr[15]  datapath/MEMWB_aluResult_reg[15]  
               dmem_addr[16]  datapath/MEMWB_aluResult_reg[16]  
               dmem_addr[17]  datapath/MEMWB_aluResult_reg[17]  
               dmem_addr[18]  datapath/MEMWB_aluResult_reg[18]  
               dmem_addr[19]  datapath/MEMWB_aluResult_reg[19]  
               dmem_addr[20]  datapath/MEMWB_aluResult_reg[20]  
               dmem_addr[21]  datapath/MEMWB_aluResult_reg[21]  
               dmem_addr[22]  datapath/MEMWB_aluResult_reg[22]  
               dmem_addr[23]  datapath/MEMWB_aluResult_reg[23]  
               dmem_addr[24]  datapath/MEMWB_aluResult_reg[24]  
               dmem_addr[25]  datapath/MEMWB_aluResult_reg[25]  
               dmem_addr[26]  datapath/MEMWB_aluResult_reg[26]  
               dmem_addr[27]  datapath/MEMWB_aluResult_reg[27]  
               dmem_addr[28]  datapath/MEMWB_aluResult_reg[28]  
               dmem_addr[29]  datapath/MEMWB_aluResult_reg[29]  
               dmem_addr[30]  datapath/MEMWB_aluResult_reg[30]  
               dmem_addr[31]  datapath/MEMWB_aluResult_reg[31]  
               imem_rdata[0]       datapath/g43599  
               imem_rdata[1]       datapath/g43470  
               imem_rdata[2]       datapath/g43471  
               imem_rdata[3]       datapath/g43584  
               imem_rdata[4]       datapath/g43623  
               imem_rdata[5]       datapath/g43485  
               imem_rdata[6]       datapath/g43625  
               imem_rdata[7]       datapath/g43494  
               imem_rdata[8]       datapath/g43586  
               imem_rdata[9]       datapath/g43475  
              imem_rdata[10]       datapath/g43474  
              imem_rdata[11]       datapath/g43479  
              imem_rdata[12]       datapath/g43484  
              imem_rdata[13]       datapath/g43483  
              imem_rdata[14]       datapath/g43482  
              imem_rdata[15]       datapath/g43616  
              imem_rdata[16]       datapath/g43491  
              imem_rdata[17]       datapath/g43591  
              imem_rdata[18]       datapath/g43604  
              imem_rdata[19]       datapath/g43610  
              imem_rdata[20]       datapath/g43456  
              imem_rdata[21]       datapath/g43465  
              imem_rdata[22]       datapath/g43463  
              imem_rdata[23]       datapath/g43603  
              imem_rdata[24]       datapath/g43464  
              imem_rdata[25]       datapath/g43462  
              imem_rdata[26]       datapath/g43583  
              imem_rdata[27]       datapath/g43621  
              imem_rdata[28]       datapath/g43609  
              imem_rdata[29]       datapath/g43461  
              imem_rdata[30]       datapath/g43611  
              imem_rdata[31]       datapath/g43490  
                imem_addr[1]  datapath/branch_or_inc_4/g858__8428  
                imem_addr[2]  datapath/pc_plus_4/FA_GEN[3].fa_i/g2  
                imem_addr[3]  datapath/pc_plus_4/FA_GEN[3].fa_i/g2  
                imem_addr[4]  datapath/pc_plus_4/FA_GEN[4].fa_i/g2  
                imem_addr[5]  datapath/pc_plus_4/FA_GEN[5].fa_i/g2  
                imem_addr[6]  datapath/pc_plus_4/FA_GEN[6].fa_i/g2  
                imem_addr[7]  datapath/pc_plus_4/FA_GEN[7].fa_i/g2  
                imem_addr[8]  datapath/pc_plus_4/FA_GEN[8].fa_i/g2  
                imem_addr[9]  datapath/IF_pc_reg[9]  
               imem_addr[10]  datapath/IF_pc_reg[10]  
               imem_addr[11]  datapath/pc_plus_4/FA_GEN[11].fa_i/g2  
               imem_addr[12]  datapath/pc_plus_4/FA_GEN[12].fa_i/g2  
               imem_addr[13]  datapath/pc_plus_4/FA_GEN[13].fa_i/g31__5115  
               imem_addr[14]  datapath/pc_plus_4/FA_GEN[14].fa_i/g2  
               imem_addr[15]  datapath/pc_plus_4/FA_GEN[15].fa_i/g2  
               imem_addr[16]  datapath/IF_pc_reg[16]  
               imem_addr[17]  datapath/pc_plus_4/FA_GEN[17].fa_i/g31__2346  
               imem_addr[18]  datapath/pc_plus_4/FA_GEN[18].fa_i/g2  
               imem_addr[19]  datapath/pc_plus_4/FA_GEN[19].fa_i/g2  
               imem_addr[20]  datapath/pc_plus_4/FA_GEN[20].fa_i/g2  
               imem_addr[21]  datapath/pc_plus_4/FA_GEN[21].fa_i/g2  
               imem_addr[22]  datapath/pc_plus_4/FA_GEN[22].fa_i/g2  
               imem_addr[23]  datapath/pc_plus_4/FA_GEN[23].fa_i/g2  
               imem_addr[24]  datapath/pc_plus_4/FA_GEN[24].fa_i/g2  
               imem_addr[25]  datapath/IF_pc_reg[25]  
               imem_addr[26]  datapath/pc_plus_4/FA_GEN[26].fa_i/g32__7098  
               imem_addr[27]  datapath/pc_plus_4/FA_GEN[27].fa_i/g32__5115  
               imem_addr[28]  datapath/pc_plus_4/FA_GEN[28].fa_i/g31__4733  
               imem_addr[29]  datapath/pc_plus_4/FA_GEN[29].fa_i/g32__9945  
               imem_addr[30]  datapath/pc_plus_4/FA_GEN[30].fa_i/g32__1666  
               imem_addr[31]  datapath/IF_pc_reg[31]  
                       reset       datapath/g33601  
                         clk  datapath/CTS_idc_buf_00142  232  234  
# Pins: 
    ------------------------------
    Correctness of Pin Connectivity for All Instances
    ------------------------------
    # Floating Terms  0  
    # Output Term Marked Tie Hi/Lo  0  
    # Output Term Shorted to PG Net  0  28355  
# PG Pins: 
    ------------------------------
    Correctness of PG Pin Connectivity for All Instances
    ------------------------------
    # Instances that No Net Defined for Any PG Pin  0  
    # Floating PG Terms  0  
    # PG Pins Connect to Non-PG Net  0  
    # Power Pins Connect Ground Net  0  
    # Ground Pins Connect Power Net  0  30056  
Average Pins Per Net(Signal): 2.869  

==============================
General Library Information
==============================
# Routing Layers: 10  
# Masterslice Layers: 2  
# Pin Layers: 
    General Caution:
        1) Library has metal1 pins only; Default placement setup is OK
    ------------------------------
    Pin Layers
    ------------------------------
    metal1  1  
# Layers: 
    ------------------------------
    Layer OVERLAP Information
    ------------------------------
    Type  Overlap  
    ------------------------------
    Layer metal10 Information
    ------------------------------
    Type  Routing  
    Wire Pitch X  1.600 um  
    Wire Pitch Y  1.600 um  
    Offset X  0.095 um  
    Offset Y  0.070 um  
    Wire Width  0.800 um  
    Spacing  0.800 um  
    ------------------------------
    Layer via9 Information
    ------------------------------
    Type  Cut  
    Wire Width  0.800 um  
    Vias  
        ------------------------------
        Via list in layer via9
        ------------------------------
                Vias in via9  Default  
            NR_VIA9_1x2_HV_H      Yes  
            NR_VIA9_2x1_HV_V      Yes  
        Via9Array-0_1x2_HV_S      Yes  
        Via9Array-0_1x2_HV_N      Yes  
        Via9Array-0_2x1_HV_W      Yes  
        Via9Array-0_2x1_HV_E      Yes  
                      via9_0      Yes  For complete list click here  
    ------------------------------
    Layer metal9 Information
    ------------------------------
    Type  Routing  
    Wire Pitch X  1.600 um  
    Wire Pitch Y  1.600 um  
    Offset X  0.095 um  
    Offset Y  0.070 um  
    Wire Width  0.800 um  
    Spacing  0.800 um  
    ------------------------------
    Layer via8 Information
    ------------------------------
    Type  Cut  
    Wire Width  0.400 um  
    Vias  
        ------------------------------
        Via list in layer via8
        ------------------------------
                Vias in via8  Default  
        NR_BRIDGE_VIA8_2x1_HH_VS      Yes  
        NR_BRIDGE_VIA8_2x1_HH_VN      Yes  
            NR_VIA8_1x2_VH_H      Yes  
        Via8Array-0_1x2_VH_S      Yes  
        Via8Array-0_1x2_VH_N      Yes  
        Via8Array-0_2x1_VH_W      Yes  
        Via8Array-0_2x1_VH_E      Yes  
                      via8_0      Yes  For complete list click here  
    ------------------------------
    Layer metal8 Information
    ------------------------------
    Type  Routing  
    Wire Pitch X  0.800 um  
    Wire Pitch Y  0.800 um  
    Offset X  0.095 um  
    Offset Y  0.070 um  
    Wire Width  0.400 um  
    Spacing  0.400 um  
    ------------------------------
    Layer via7 Information
    ------------------------------
    Type  Cut  
    Wire Width  0.400 um  
    Vias  
        ------------------------------
        Via list in layer via7
        ------------------------------
                Vias in via7  Default  
            NR_VIA7_1x2_HV_H      Yes  
            NR_VIA7_2x1_HV_V      Yes  
        Via7Array-0_1x2_HV_S      Yes  
        Via7Array-0_1x2_HV_N      Yes  
        Via7Array-0_2x1_HV_W      Yes  
        Via7Array-0_2x1_HV_E      Yes  
                      via7_0      Yes  For complete list click here  
    ------------------------------
    Layer metal7 Information
    ------------------------------
    Type  Routing  
    Wire Pitch X  0.800 um  
    Wire Pitch Y  0.800 um  
    Offset X  0.095 um  
    Offset Y  0.070 um  
    Wire Width  0.400 um  
    Spacing  0.400 um  
    ------------------------------
    Layer via6 Information
    ------------------------------
    Type  Cut  
    Wire Width  0.140 um  
    Vias  
        ------------------------------
        Via list in layer via6
        ------------------------------
                Vias in via6  Default  
        NR_BRIDGE_VIA6_2x1_HH_VS      Yes  
        NR_BRIDGE_VIA6_2x1_HH_VN      Yes  
            NR_VIA6_1x2_VH_H      Yes  
        Via6Array-0_1x2_VH_S      Yes  
        Via6Array-0_1x2_VH_N      Yes  
        Via6Array-0_2x1_VH_W      Yes  
        Via6Array-0_2x1_VH_E      Yes  
                      via6_0      Yes  For complete list click here  
    ------------------------------
    Layer metal6 Information
    ------------------------------
    Type  Routing  
    Wire Pitch X  0.280 um  
    Wire Pitch Y  0.280 um  
    Offset X  0.095 um  
    Offset Y  0.070 um  
    Wire Width  0.140 um  
    Spacing  0.140 um  
    ------------------------------
    Layer via5 Information
    ------------------------------
    Type  Cut  
    Wire Width  0.140 um  
    Vias  
        ------------------------------
        Via list in layer via5
        ------------------------------
                Vias in via5  Default  
            NR_VIA5_1x2_HV_H      Yes  
            NR_VIA5_2x1_HV_V      Yes  
        Via5Array-0_1x2_HV_S      Yes  
        Via5Array-0_1x2_HV_N      Yes  
        Via5Array-0_2x1_HV_W      Yes  
        Via5Array-0_2x1_HV_E      Yes  
                      via5_0      Yes  For complete list click here  
    ------------------------------
    Layer metal5 Information
    ------------------------------
    Type  Routing  
    Wire Pitch X  0.280 um  
    Wire Pitch Y  0.280 um  
    Offset X  0.095 um  
    Offset Y  0.070 um  
    Wire Width  0.140 um  
    Spacing  0.140 um  
    ------------------------------
    Layer via4 Information
    ------------------------------
    Type  Cut  
    Wire Width  0.140 um  
    Vias  
        ------------------------------
        Via list in layer via4
        ------------------------------
                Vias in via4  Default  
            NR_VIA4_2x1_VH_V      Yes  
            NR_VIA4_1x2_VH_H      Yes  
        Via4Array-0_1x2_VH_S      Yes  
        Via4Array-0_1x2_VH_N      Yes  
        Via4Array-0_2x1_VH_W      Yes  
        Via4Array-0_2x1_VH_E      Yes  
                      via4_0      Yes  For complete list click here  
    ------------------------------
    Layer metal4 Information
    ------------------------------
    Type  Routing  
    Wire Pitch X  0.280 um  
    Wire Pitch Y  0.280 um  
    Offset X  0.095 um  
    Offset Y  0.070 um  
    Wire Width  0.140 um  
    Spacing  0.140 um  
    ------------------------------
    Layer via3 Information
    ------------------------------
    Type  Cut  
    Wire Width  0.070 um  
    Vias  
        ------------------------------
        Via list in layer via3
        ------------------------------
                Vias in via3  Default  
        NR_BRIDGE_VIA3_1x2_HH_HW      Yes  
        NR_BRIDGE_VIA3_1x2_HH_HE      Yes  
           NR_VIA3_1x2_HV_HW      Yes  
           NR_VIA3_1x2_HV_HE      Yes  
            NR_VIA3_2x1_HV_V      Yes  
                NR_VIA3_VV_N      Yes  
        Via3Array-0_1x2_HV_S      Yes  
        Via3Array-0_1x2_HV_N      Yes  
        Via3Array-0_2x1_HV_W      Yes  
        Via3Array-0_2x1_HV_W_N      Yes  
        Via3Array-0_2x1_HV_W_S      Yes  
        Via3Array-0_2x1_HV_E      Yes  
        Via3Array-0_2x1_HV_E_N      Yes  
        Via3Array-0_2x1_HV_E_S      Yes  
            Via3Array-0_HV_N      Yes  
            Via3Array-0_HV_S      Yes  
                      via3_1      Yes  
                      via3_0      Yes  
                      via3_2      Yes  For complete list click here  
    ------------------------------
    Layer metal3 Information
    ------------------------------
    Type  Routing  
    Wire Pitch X  0.140 um  
    Wire Pitch Y  0.140 um  
    Offset X  0.095 um  
    Offset Y  0.070 um  
    Wire Width  0.070 um  
    Spacing  0.070 um  
    ------------------------------
    Layer via2 Information
    ------------------------------
    Type  Cut  
    Wire Width  0.070 um  
    Vias  
        ------------------------------
        Via list in layer via2
        ------------------------------
                Vias in via2  Default  
        NR_BRIDGE_VIA2_1x2_HH_HW      Yes  
        NR_BRIDGE_VIA2_1x2_HH_HE      Yes  
            NR_VIA2_2x1_VH_V      Yes  
           NR_VIA2_1x2_VH_HW      Yes  
           NR_VIA2_1x2_VH_HE      Yes  
        Via2Array-0_1x2_VH_S      Yes  
        Via2Array-0_1x2_VH_N      Yes  
        Via2Array-0_2x1_VH_W      Yes  
        Via2Array-0_2x1_VH_E      Yes  
                      via2_3      Yes  
                      via2_2      Yes  
                      via2_1      Yes  
                      via2_0      Yes  
                      via2_6      Yes  
                      via2_7      Yes  
                      via2_5      Yes  
                      via2_4      Yes  
                      via2_8      Yes  For complete list click here  
    ------------------------------
    Layer metal2 Information
    ------------------------------
    Type  Routing  
    Wire Pitch X  0.190 um  
    Wire Pitch Y  0.190 um  
    Offset X  0.095 um  
    Offset Y  0.070 um  
    Wire Width  0.070 um  
    Spacing  0.070 um  
    ------------------------------
    Layer via1 Information
    ------------------------------
    Type  Cut  
    Wire Width  0.070 um  
    Vias  
        ------------------------------
        Via list in layer via1
        ------------------------------
                Vias in via1  Default  
        NR_BRIDGE_VIA1_1x2_HH_HW      Yes  
        NR_BRIDGE_VIA1_1x2_HH_HE      Yes  
           NR_VIA1_1x2_HV_HW      Yes  
           NR_VIA1_1x2_HV_HE      Yes  
            NR_VIA1_2x1_HV_V      Yes  
        Via1Array-0_1x2_HV_S      Yes  
        Via1Array-0_1x2_HV_N      Yes  
        Via1Array-0_2x1_HV_W      Yes  
        Via1Array-0_2x1_HV_W_N      Yes  
        Via1Array-0_2x1_HV_W_S      Yes  
        Via1Array-0_2x1_HV_E      Yes  
        Via1Array-0_2x1_HV_E_N      Yes  
        Via1Array-0_2x1_HV_E_S      Yes  
            Via1Array-0_HV_N      Yes  
            Via1Array-0_HV_S      Yes  
                      via1_8      Yes  
                      via1_7      Yes  
                      via1_6      Yes  
                      via1_5      Yes  
                      via1_3      Yes  
                      via1_2      Yes  
                      via1_1      Yes  
                      via1_0      Yes  
                      via1_4      Yes  For complete list click here  
    ------------------------------
    Layer metal1 Information
    ------------------------------
    Type  Routing  
    Wire Pitch X  0.140 um  
    Wire Pitch Y  0.140 um  
    Offset X  0.095 um  
    Offset Y  0.070 um  
    Wire Width  0.070 um  
    Spacing  0.065 um  
    ------------------------------
    Layer active Information
    ------------------------------
    Type  Masterslice  
    ------------------------------
    Layer poly Information
    ------------------------------
    Type  Masterslice  22  
# Pins without Physical Port: 0  
# Pins in Library without Timing Lib: 0  
# Pins Missing Direction: 0  
Antenna Summary Report: 
    General Caution:
        1) All Antenna Constructs are absent for the layer section of LEF.
        2) All Antenna Constructs are absent for the macro section of LEF.For more information click here  
# Cells Missing LEF Info: 0  
# Cells with Dimension Errors: 0  

==============================
Netlist Information
==============================
# HFO (>200) Nets: 0  
# No-driven Nets: 252  
    General Caution:
        1) TODO
    No-driven Nets  
    datapath/pc_plus_imm/UNCONNECTED_HIER_Z28  
    datapath/pc_plus_imm/cout[0]  
    datapath/pc_plus_imm/cout[1]  
    datapath/pc_plus_imm/cout[32]  
    datapath/pc_plus_4/UNCONNECTED_HIER_Z27  
    datapath/pc_plus_4/UNCONNECTED_HIER_Z26  
    datapath/pc_plus_4/UNCONNECTED_HIER_Z25  
    datapath/pc_plus_4/UNCONNECTED_HIER_Z24  
    datapath/pc_plus_4/UNCONNECTED_HIER_Z23  
    datapath/pc_plus_4/UNCONNECTED_HIER_Z22  
    datapath/pc_plus_4/UNCONNECTED_HIER_Z21  
    datapath/pc_plus_4/UNCONNECTED_HIER_Z20  
    datapath/pc_plus_4/UNCONNECTED_HIER_Z19  
    datapath/pc_plus_4/UNCONNECTED_HIER_Z18  
    datapath/pc_plus_4/UNCONNECTED_HIER_Z17  
    datapath/pc_plus_4/UNCONNECTED_HIER_Z16  
    datapath/pc_plus_4/UNCONNECTED_HIER_Z15  
    datapath/pc_plus_4/UNCONNECTED_HIER_Z14  
    datapath/pc_plus_4/UNCONNECTED_HIER_Z13  
    datapath/pc_plus_4/UNCONNECTED_HIER_Z12  
    datapath/pc_plus_4/UNCONNECTED_HIER_Z11  
    datapath/pc_plus_4/UNCONNECTED_HIER_Z10  
    datapath/pc_plus_4/UNCONNECTED_HIER_Z9  
    datapath/pc_plus_4/UNCONNECTED_HIER_Z8  
    datapath/pc_plus_4/UNCONNECTED_HIER_Z7  
    datapath/pc_plus_4/UNCONNECTED_HIER_Z6  
    datapath/pc_plus_4/UNCONNECTED_HIER_Z5  
    datapath/pc_plus_4/UNCONNECTED_HIER_Z4  
    datapath/pc_plus_4/UNCONNECTED_HIER_Z3  
    datapath/pc_plus_4/UNCONNECTED_HIER_Z2  
    datapath/pc_plus_4/UNCONNECTED_HIER_Z1  
    datapath/pc_plus_4/UNCONNECTED_HIER_Z0  
    datapath/pc_plus_4/UNCONNECTED_HIER_Z  
    datapath/pc_plus_4/cout[0]  
    datapath/pc_plus_4/cout[1]  
    datapath/pc_plus_4/cout[2]  
    datapath/pc_plus_4/cout[3]  
    datapath/pc_plus_4/cout[32]  
    datapath/UNCONNECTED_HIER_Z99  
    datapath/UNCONNECTED_HIER_Z98  
    datapath/UNCONNECTED_HIER_Z97  
    datapath/UNCONNECTED_HIER_Z96  
    datapath/UNCONNECTED_HIER_Z95  
    datapath/UNCONNECTED_HIER_Z94  
    datapath/UNCONNECTED_HIER_Z93  
    datapath/UNCONNECTED_HIER_Z92  
    datapath/UNCONNECTED_HIER_Z91  
    datapath/UNCONNECTED_HIER_Z90  
    datapath/UNCONNECTED_HIER_Z89  
    datapath/UNCONNECTED_HIER_Z88  
    datapath/UNCONNECTED_HIER_Z87  
    datapath/UNCONNECTED_HIER_Z86  
    datapath/UNCONNECTED_HIER_Z85  
    datapath/UNCONNECTED_HIER_Z84  
    datapath/UNCONNECTED_HIER_Z83  
    datapath/UNCONNECTED_HIER_Z82  
    datapath/UNCONNECTED_HIER_Z81  
    datapath/UNCONNECTED_HIER_Z80  
    datapath/UNCONNECTED_HIER_Z79  
    datapath/UNCONNECTED_HIER_Z78  
    datapath/UNCONNECTED_HIER_Z77  
    datapath/UNCONNECTED_HIER_Z76  
    datapath/UNCONNECTED_HIER_Z75  
    datapath/UNCONNECTED_HIER_Z74  
    datapath/UNCONNECTED_HIER_Z73  
    datapath/UNCONNECTED_HIER_Z72  
    datapath/UNCONNECTED_HIER_Z71  
    datapath/UNCONNECTED_HIER_Z70  
    datapath/UNCONNECTED_HIER_Z69  
    datapath/UNCONNECTED_HIER_Z68  
    datapath/UNCONNECTED_HIER_Z67  
    datapath/UNCONNECTED_HIER_Z66  
    datapath/UNCONNECTED_HIER_Z65  
    datapath/UNCONNECTED_HIER_Z64  
    datapath/UNCONNECTED_HIER_Z63  
    datapath/UNCONNECTED_HIER_Z62  
    datapath/UNCONNECTED_HIER_Z61  
    datapath/UNCONNECTED_HIER_Z60  
    datapath/UNCONNECTED_HIER_Z59  
    datapath/UNCONNECTED_HIER_Z58  
    datapath/UNCONNECTED_HIER_Z57  
    datapath/UNCONNECTED_HIER_Z56  
    datapath/UNCONNECTED_HIER_Z55  
    datapath/UNCONNECTED_HIER_Z54  
    datapath/UNCONNECTED_HIER_Z53  
    datapath/UNCONNECTED_HIER_Z52  
    datapath/UNCONNECTED_HIER_Z51  
    datapath/UNCONNECTED_HIER_Z50  
    datapath/UNCONNECTED_HIER_Z49  
    datapath/UNCONNECTED_HIER_Z48  
    datapath/UNCONNECTED_HIER_Z47  
    datapath/UNCONNECTED_HIER_Z46  
    datapath/UNCONNECTED_HIER_Z45  
    datapath/UNCONNECTED_HIER_Z44  
    datapath/UNCONNECTED_HIER_Z43  
    datapath/UNCONNECTED_HIER_Z42  
    datapath/UNCONNECTED_HIER_Z41  
    datapath/UNCONNECTED_HIER_Z40  
    datapath/UNCONNECTED_HIER_Z39  
    datapath/UNCONNECTED_HIER_Z38  
    datapath/UNCONNECTED_HIER_Z37  
    datapath/UNCONNECTED_HIER_Z36  
    datapath/UNCONNECTED_HIER_Z35  
    datapath/UNCONNECTED_HIER_Z34  
    datapath/UNCONNECTED_HIER_Z33  
    datapath/UNCONNECTED_HIER_Z32  
    datapath/UNCONNECTED_HIER_Z31  
    datapath/UNCONNECTED_HIER_Z30  
    datapath/UNCONNECTED_HIER_Z29  
    datapath/UNCONNECTED4  
    datapath/UNCONNECTED3  
    datapath/UNCONNECTED2  
    datapath/UNCONNECTED1  
    datapath/UNCONNECTED0  
    datapath/UNCONNECTED  
    datapath/registers_RF_readAddress2_2  
    datapath/registers_RF_readAddress2_4  
    datapath/registers_RF_readAddress2_8  
    datapath/registers_RF_readAddress2_10  
    datapath/registers_RF_readAddress2_12  
    datapath/registers_RF_readAddress2_14  
    datapath/registers_RF_readAddress2_21  
    datapath/registers_RF_readAddress2_23  
    datapath/registers_RF_readAddress2_27  
    datapath/registers_RF_readAddress2_31  
    datapath/registers_RF_readAddress1_26  
    datapath/IDEX_forwardBOut[0]  
    datapath/IDEX_forwardBOut[3]  
    datapath/IDEX_forwardBOut[5]  
    datapath/IDEX_forwardBOut[7]  
    datapath/IFID_pc[0]  
    datapath/IFID_instr[0]  
    datapath/IFID_instr[1]  
    datapath/IFID_instr[2]  
    datapath/IFID_instr[3]  
    datapath/IFID_instr[4]  
    datapath/IFID_instr[5]  
    datapath/IFID_instr[6]  
    datapath/IFID_instr[12]  
    datapath/IFID_instr[13]  
    datapath/IFID_instr[14]  
    datapath/IFID_instr[15]  
    datapath/IFID_instr[16]  
    datapath/IFID_instr[17]  
    datapath/IFID_instr[18]  
    datapath/IFID_instr[19]  
    datapath/IFID_instr[20]  
    datapath/IFID_instr[21]  
    datapath/IFID_instr[22]  
    datapath/IFID_instr[23]  
    datapath/IFID_instr[24]  
    datapath/IFID_instr[30]  
    datapath/IF_branchOrInc4[0]  
    datapath/IFID_pcPlusImm[0]  
    datapath/IF_pcPlus4[0]  
    datapath/IF_pcPlus4[1]  
    datapath/ALU_cout[0]  
    datapath/IDEX_operation[3]  
    datapath/IDEX_forwardAOut[1]  
    datapath/IDEX_forwardAOut[3]  
    UNCONNECTED_HIER_Z104  
    UNCONNECTED_HIER_Z103  
    UNCONNECTED_HIER_Z102  
    UNCONNECTED_HIER_Z101  
    UNCONNECTED_HIER_Z100  
    UNCONNECTED1300  
    UNCONNECTED1299  
    UNCONNECTED1298  
    UNCONNECTED1297  
    UNCONNECTED1296  
    UNCONNECTED1295  
    UNCONNECTED1294  
    UNCONNECTED1293  
    UNCONNECTED1292  
    UNCONNECTED1291  
    UNCONNECTED1290  
    UNCONNECTED1289  
    UNCONNECTED1288  
    UNCONNECTED1287  
    UNCONNECTED1286  
    UNCONNECTED1285  
    UNCONNECTED1284  
    UNCONNECTED1283  
    UNCONNECTED1282  
    UNCONNECTED1281  
    UNCONNECTED1280  
    UNCONNECTED1279  
    UNCONNECTED1278  
    UNCONNECTED1277  
    UNCONNECTED1276  
    UNCONNECTED1275  
    UNCONNECTED1274  
    UNCONNECTED1273  
    UNCONNECTED1272  
    UNCONNECTED1271  
    UNCONNECTED1270  
    UNCONNECTED1269  
    UNCONNECTED1268  
    UNCONNECTED1267  
    UNCONNECTED1266  
    UNCONNECTED1265  
    UNCONNECTED1264  
    UNCONNECTED1263  
    UNCONNECTED1262  
    UNCONNECTED1261  
    IFID_operation[3]  
    MEMWB_rd[0]  
    MEMWB_rd[1]  
    MEMWB_rd[2]  
    MEMWB_rd[3]  
    MEMWB_rd[4]  
    imem_addr[1]  
    imem_addr[2]  
    imem_addr[3]  
    imem_addr[4]  
    imem_addr[5]  
    imem_addr[6]  
    imem_addr[7]  
    imem_addr[8]  
    imem_addr[9]  
    imem_addr[10]  
    imem_addr[11]  
    imem_addr[12]  
    imem_addr[13]  
    imem_addr[14]  
    imem_addr[15]  
    imem_addr[16]  
    imem_addr[17]  
    imem_addr[18]  
    imem_addr[19]  
    imem_addr[20]  
    imem_addr[21]  
    imem_addr[22]  
    imem_addr[23]  
    imem_addr[24]  
    imem_addr[25]  
    imem_addr[26]  
    imem_addr[27]  
    imem_addr[28]  
    imem_addr[29]  
    imem_addr[30]  
    imem_addr[31]  
    datapath/FE_RN_1  
    datapath/FE_OCPN748_ALU_ALU_GEN_4__slice_i_bMuxOut  
    FE_OCPN752_IDEX_forwardB_1  
    FE_OCPN792_IDEX_rs2_0  
    datapath/FE_OCPN803_n  
    FE_OCPN824_IDEX_rs2_0  
    datapath/FE_OCPN829_IDEX_forwardAOut_4  
    datapath/FE_OCPN1108_IDEX_forwardAOut_2  
    datapath/EXMEM_rd[0]  
    datapath/FE_RN_11  
# Multi-driven Nets: 0  
# Assign Statements: 0  
Is Design Uniquified: YES  
# Pins in Netlist without timing lib: 0  

==============================

==============================
: Internal  External  
No of Nets:       9628           0  
No of Connections:      18958           0  
Total Net Length (X): 3.5505e+04  0.0000e+00  
Total Net Length (Y): 4.0534e+04  0.0000e+00  
Total Net Length: 7.6040e+04  0.0000e+00  

==============================
Timing Information
==============================
# Clocks in design: 
    ------------------------------
    Clocks in Design
    ------------------------------
    BC_VIEW/clk  
    WC_VIEW/clk  2  
# Generated clocks: 0  
# "dont_use" cells from .libs: 
    ------------------------------
    Dont_use Cell List
    ------------------------------
    ANTENNA_X1  
    FILLCELL_X1  
    FILLCELL_X16  
    FILLCELL_X2  
    FILLCELL_X32  
    FILLCELL_X4  
    FILLCELL_X8  
    LOGIC0_X1  
    LOGIC1_X1  9  
# "dont_touch" cells from .libs: 
    ------------------------------
    Dont_touch Cell List
    ------------------------------
    ANTENNA_X1  
    FILLCELL_X1  
    FILLCELL_X16  
    FILLCELL_X2  
    FILLCELL_X32  
    FILLCELL_X4  
    FILLCELL_X8  
    LOGIC0_X1  
    LOGIC1_X1  9  
# Cells in .lib with max_tran: 
    ------------------------------
    Cell List with max_tran
    ------------------------------
               Cell Name  Max Transition (ps)  
                 AND2_X1  500  
                 AND2_X2  500  
                 AND2_X4  500  
                 AND3_X1  500  
                 AND3_X2  500  
                 AND3_X4  500  
                 AND4_X1  500  
                 AND4_X2  500  
                 AND4_X4  500  
              ANTENNA_X1  500  
               AOI211_X1  500  
               AOI211_X2  500  
               AOI211_X4  500  
                AOI21_X1  500  
                AOI21_X2  500  
                AOI21_X4  500  
               AOI221_X1  500  
               AOI221_X2  500  
               AOI221_X4  500  
               AOI222_X1  500  
               AOI222_X2  500  
               AOI222_X4  500  
                AOI22_X1  500  
                AOI22_X2  500  
                AOI22_X4  500  
                  BUF_X1  500  
                 BUF_X16  500  
                  BUF_X2  500  
                 BUF_X32  500  
                  BUF_X4  500  
                  BUF_X8  500  
               CLKBUF_X1  500  
               CLKBUF_X2  500  
               CLKBUF_X3  500  
           CLKGATETST_X1  500  
           CLKGATETST_X2  500  
           CLKGATETST_X4  500  
           CLKGATETST_X8  500  
              CLKGATE_X1  500  
              CLKGATE_X2  500  
              CLKGATE_X4  500  
              CLKGATE_X8  500  
                DFFRS_X1  500  
                DFFRS_X2  500  
                 DFFR_X1  500  
                 DFFR_X2  500  
                 DFFS_X1  500  
                 DFFS_X2  500  
                  DFF_X1  500  
                  DFF_X2  500  
                  DLH_X1  500  
                  DLH_X2  500  
                  DLL_X1  500  
                  DLL_X2  500  
                   FA_X1  500  
                   HA_X1  500  
                  INV_X1  500  
                 INV_X16  500  
                  INV_X2  500  
                 INV_X32  500  
                  INV_X4  500  
                  INV_X8  500  
               LOGIC0_X1  500  
               LOGIC1_X1  500  
                 MUX2_X1  500  
                 MUX2_X2  500  
                NAND2_X1  500  
                NAND2_X2  500  
                NAND2_X4  500  
                NAND3_X1  500  
                NAND3_X2  500  
                NAND3_X4  500  
                NAND4_X1  500  
                NAND4_X2  500  
                NAND4_X4  500  
                 NOR2_X1  500  
                 NOR2_X2  500  
                 NOR2_X4  500  
                 NOR3_X1  500  
                 NOR3_X2  500  
                 NOR3_X4  500  
                 NOR4_X1  500  
                 NOR4_X2  500  
                 NOR4_X4  500  
               OAI211_X1  500  
               OAI211_X2  500  
               OAI211_X4  500  
                OAI21_X1  500  
                OAI21_X2  500  
                OAI21_X4  500  
               OAI221_X1  500  
               OAI221_X2  500  
               OAI221_X4  500  
               OAI222_X1  500  
               OAI222_X2  500  
               OAI222_X4  500  
                OAI22_X1  500  
                OAI22_X2  500  
                OAI22_X4  500  
                OAI33_X1  500  
                  OR2_X1  500  
                  OR2_X2  500  
                  OR2_X4  500  
                  OR3_X1  500  
                  OR3_X2  500  
                  OR3_X4  500  
                  OR4_X1  500  
                  OR4_X2  500  
                  OR4_X4  500  
               SDFFRS_X1  500  
               SDFFRS_X2  500  
                SDFFR_X1  500  
                SDFFR_X2  500  
                SDFFS_X1  500  
                SDFFS_X2  500  
                 SDFF_X1  500  
                 SDFF_X2  500  
                 TBUF_X1  500  
                TBUF_X16  500  
                 TBUF_X2  500  
                 TBUF_X4  500  
                 TBUF_X8  500  
                 TINV_X1  500  
                 TLAT_X1  500  
                XNOR2_X1  500  
                XNOR2_X2  500  
                 XOR2_X1  500  
                 XOR2_X2  500  128  
# Cells in .lib with max_cap: 
    ------------------------------
    Cell List with max_cap
    ------------------------------
               Cell Name  Max Capacitance (pf)  
                 AND2_X1  0.060494  
                 AND2_X2  0.120821  
                 AND2_X4  0.241652  
                 AND3_X1  0.060380  
                 AND3_X2  0.120544  
                 AND3_X4  0.241089  
                 AND4_X1  0.060215  
                 AND4_X2  0.120339  
                 AND4_X4  0.240849  
               AOI211_X1  0.014473  
               AOI211_X2  0.028926  
               AOI211_X4  0.242306  
                AOI21_X1  0.025274  
                AOI21_X2  0.050610  
                AOI21_X4  0.101013  
               AOI221_X1  0.013799  
               AOI221_X2  0.027532  
               AOI221_X4  0.242260  
               AOI222_X1  0.012968  
               AOI222_X2  0.025578  
               AOI222_X4  0.242254  
                AOI22_X1  0.024574  
                AOI22_X2  0.049060  
                AOI22_X4  0.097961  
                  BUF_X1  0.060631  
                 BUF_X16  0.965358  
                  BUF_X2  0.121101  
                 BUF_X32  1.904300  
                  BUF_X4  0.242237  
                  BUF_X8  0.483910  
               CLKBUF_X1  0.060696  
               CLKBUF_X2  0.121307  
               CLKBUF_X3  0.181867  
           CLKGATETST_X1  0.060730  
           CLKGATETST_X2  0.121361  
           CLKGATETST_X4  0.242584  
           CLKGATETST_X8  0.483984  
              CLKGATE_X1  0.060700  
              CLKGATE_X2  0.121242  
              CLKGATE_X4  0.242310  
              CLKGATE_X8  0.484125  
                DFFRS_X1  0.060254  
                DFFRS_X2  0.120834  
                 DFFR_X1  0.059973  
                 DFFR_X2  0.119245  
                 DFFS_X1  0.060272  
                 DFFS_X2  0.120544  
                  DFF_X1  0.060272  
                  DFF_X2  0.120544  
                  DLH_X1  0.060543  
                  DLH_X2  0.120697  
                  DLL_X1  0.060261  
                  DLL_X2  0.120544  
                   FA_X1  0.060160  
                   HA_X1  0.025241  
                  INV_X1  0.060688  
                 INV_X16  0.968217  
                  INV_X2  0.121264  
                 INV_X32  1.922333  
                  INV_X4  0.242693  
                  INV_X8  0.485108  
                 MUX2_X1  0.060462  
                 MUX2_X2  0.120798  
                NAND2_X1  0.059345  
                NAND2_X2  0.118669  
                NAND2_X4  0.237363  
                NAND3_X1  0.058309  
                NAND3_X2  0.116272  
                NAND3_X4  0.232839  
                NAND4_X1  0.055968  
                NAND4_X2  0.111503  
                NAND4_X4  0.222778  
                 NOR2_X1  0.026647  
                 NOR2_X2  0.053302  
                 NOR2_X4  0.106783  
                 NOR3_X1  0.015981  
                 NOR3_X2  0.031692  
                 NOR3_X4  0.063202  
                 NOR4_X1  0.010456  
                 NOR4_X2  0.020876  
                 NOR4_X4  0.041492  
               OAI211_X1  0.025538  
               OAI211_X2  0.050802  
               OAI211_X4  0.101443  
                OAI21_X1  0.026022  
                OAI21_X2  0.052030  
                OAI21_X4  0.104065  
               OAI221_X1  0.022146  
               OAI221_X2  0.043855  
               OAI221_X4  0.242310  
               OAI222_X1  0.020046  
               OAI222_X2  0.039597  
               OAI222_X4  0.242249  
                OAI22_X1  0.023215  
                OAI22_X2  0.046273  
                OAI22_X4  0.092355  
                OAI33_X1  0.011475  
                  OR2_X1  0.060577  
                  OR2_X2  0.121052  
                  OR2_X4  0.242232  
                  OR3_X1  0.060565  
                  OR3_X2  0.121010  
                  OR3_X4  0.242086  
                  OR4_X1  0.060524  
                  OR4_X2  0.120850  
                  OR4_X4  0.241699  
               SDFFRS_X1  0.060564  
               SDFFRS_X2  0.120757  
                SDFFR_X1  0.060425  
                SDFFR_X2  0.121155  
                SDFFS_X1  0.060577  
                SDFFS_X2  0.120850  
                 SDFF_X1  0.060413  
                 SDFF_X2  0.121155  
                 TBUF_X1  0.051536  
                TBUF_X16  0.820074  
                 TBUF_X2  0.103551  
                 TBUF_X4  0.206681  
                 TBUF_X8  0.412598  
                 TINV_X1  0.022500  
                 TLAT_X1  0.022583  
                XNOR2_X1  0.025960  
                XNOR2_X2  0.051917  
                 XOR2_X1  0.025271  
                 XOR2_X2  0.050422  125  
# Cells in .lib with max_fanout: 0  
SDC max_cap: N/A  
SDC max_tran: 300.000000 ps  
SDC max_fanout: 20  
Default Ext. Scale Factor: 1.000  
Detail Ext. Scale Factor: 1.000  

==============================
Floorplan/Placement Information
==============================
Total area of Standard cells: 19082.042 um^2  
Total area of Standard cells(Subtracting Physical Cells): 15772.204 um^2  
Total area of Macros: 0.000 um^2  
Total area of Blockages: 0.000 um^2  
Total area of Pad cells: 0.000 um^2  
Total area of Core: 19081.776 um^2  
Total area of Chip: 25054.859 um^2  
Effective Utilization: 1.0000e+00  
Number of Cell Rows: 98  
% Pure Gate Density #1 (Subtracting BLOCKAGES): 100.001%  
% Pure Gate Density #2 (Subtracting BLOCKAGES and Physical Cells): 82.656%  
% Pure Gate Density #3 (Subtracting MACROS): 100.001%  
% Pure Gate Density #4 (Subtracting MACROS and Physical Cells): 82.656%  
% Pure Gate Density #5 (Subtracting MACROS and BLOCKAGES): 100.001%  
% Pure Gate Density #6 (Subtracting MACROS and BLOCKAGES for insts are not placed): 82.656%  
% Core Density (Counting Std Cells and MACROs): 100.001%  
% Core Density #2(Subtracting Physical Cells): 82.656%  
% Chip Density (Counting Std Cells and MACROs and IOs): 76.161%  
% Chip Density #2(Subtracting Physical Cells): 62.951%  
# Macros within 5 sites of IO pad: No  
Macro halo defined?: No  

==============================
Wire Length Distribution
==============================
Total metal1 wire length: 0.0000 um  
Total metal2 wire length: 26981.6450 um  
Total metal3 wire length: 33340.9250 um  
Total metal4 wire length: 19637.6600 um  
Total metal5 wire length: 7498.4000 um  
Total metal6 wire length: 5560.2400 um  
Total metal7 wire length: 20.7200 um  
Total metal8 wire length: 0.0000 um  
Total metal9 wire length: 0.0000 um  
Total metal10 wire length: 0.0000 um  
Total wire length: 93039.5900 um  
Average wire length/net: 9.4132 um  
Area of Power Net Distribution: 
    ------------------------------
    Area of Power Net Distribution
    ------------------------------
    Layer Name  Area of Power Net  Routable Area  Percentage  
    metal1  1233.1800  19081.7760  6.4626%  
    metal2  0.0000  19081.7760  0.0000%  
    metal3  0.0000  19081.7760  0.0000%  
    metal4  0.0000  19081.7760  0.0000%  
    metal5  0.0000  19081.7760  0.0000%  
    metal6  0.0000  19081.7760  0.0000%  
    metal7  0.0000  19081.7760  0.0000%  
    metal8  1432.0000  19081.7760  7.5045%  
    metal9  580.3200  19081.7760  3.0412%  
    metal10  0.0000  19081.7760  0.0000%  For more information click here  
