============================================================
  Generated by:           Genus(TM) Synthesis Solution 23.12-s086_1
  Generated on:           Aug 11 2026  07:28:57 pm
  Module:                 pipelined_cpu_core
  Technology libraries:   NangateOpenCellLibrary_slow revision 1.0
                          physical_cells 
  Operating conditions:   slow 
  Interconnect mode:      global
  Area mode:              physical library
============================================================

                                
   Gate    Instances    Area                Library            
---------------------------------------------------------------
AND2_X1          111    118.104    NangateOpenCellLibrary_slow 
AND2_X2           25     33.250    NangateOpenCellLibrary_slow 
AND2_X4           59    141.246    NangateOpenCellLibrary_slow 
AND3_X1            7      9.310    NangateOpenCellLibrary_slow 
AND3_X2           16     25.536    NangateOpenCellLibrary_slow 
AND3_X4            2      5.852    NangateOpenCellLibrary_slow 
AND4_X1          235    375.060    NangateOpenCellLibrary_slow 
AND4_X2           21     39.102    NangateOpenCellLibrary_slow 
AND4_X4            2      6.916    NangateOpenCellLibrary_slow 
AOI211_X1          2      2.660    NangateOpenCellLibrary_slow 
AOI21_X1          15     15.960    NangateOpenCellLibrary_slow 
AOI21_X2           9     16.758    NangateOpenCellLibrary_slow 
AOI222_X1         10     21.280    NangateOpenCellLibrary_slow 
AOI22_X1        1024   1361.920    NangateOpenCellLibrary_slow 
AOI22_X2           3      7.182    NangateOpenCellLibrary_slow 
AOI22_X4           1      4.522    NangateOpenCellLibrary_slow 
BUF_X1            25     19.950    NangateOpenCellLibrary_slow 
BUF_X4            18     33.516    NangateOpenCellLibrary_slow 
BUF_X8            15     51.870    NangateOpenCellLibrary_slow 
DFFR_X1          339   1803.480    NangateOpenCellLibrary_slow 
DFFS_X1            1      5.320    NangateOpenCellLibrary_slow 
HA_X1             77    204.820    NangateOpenCellLibrary_slow 
INV_X1           610    324.520    NangateOpenCellLibrary_slow 
INV_X2            62     49.476    NangateOpenCellLibrary_slow 
INV_X4            27     35.910    NangateOpenCellLibrary_slow 
INV_X8             4      9.576    NangateOpenCellLibrary_slow 
MUX2_X1           80    148.960    NangateOpenCellLibrary_slow 
NAND2_X1         408    325.584    NangateOpenCellLibrary_slow 
NAND2_X2          71     94.430    NangateOpenCellLibrary_slow 
NAND2_X4          90    215.460    NangateOpenCellLibrary_slow 
NAND3_X1          46     48.944    NangateOpenCellLibrary_slow 
NAND3_X2           4      7.448    NangateOpenCellLibrary_slow 
NAND3_X4           3     10.374    NangateOpenCellLibrary_slow 
NAND4_X1          78    103.740    NangateOpenCellLibrary_slow 
NOR2_X1           74     59.052    NangateOpenCellLibrary_slow 
NOR2_X2            8     10.640    NangateOpenCellLibrary_slow 
NOR2_X4            2      4.788    NangateOpenCellLibrary_slow 
NOR3_X1            9      9.576    NangateOpenCellLibrary_slow 
NOR4_X1            2      2.660    NangateOpenCellLibrary_slow 
OAI211_X1         12     15.960    NangateOpenCellLibrary_slow 
OAI211_X2          1      2.394    NangateOpenCellLibrary_slow 
OAI211_X4          1      4.522    NangateOpenCellLibrary_slow 
OAI21_X1          89     94.696    NangateOpenCellLibrary_slow 
OAI21_X2           1      1.862    NangateOpenCellLibrary_slow 
OAI21_X4           3     10.374    NangateOpenCellLibrary_slow 
OAI221_X1         56     89.376    NangateOpenCellLibrary_slow 
OAI221_X2          3      8.778    NangateOpenCellLibrary_slow 
OAI221_X4          1      3.458    NangateOpenCellLibrary_slow 
OAI222_X1         42     89.376    NangateOpenCellLibrary_slow 
OAI222_X2          3     11.172    NangateOpenCellLibrary_slow 
OAI222_X4          1      3.724    NangateOpenCellLibrary_slow 
OAI22_X1         140    186.200    NangateOpenCellLibrary_slow 
OAI33_X1           2      3.724    NangateOpenCellLibrary_slow 
OR2_X1            93     98.952    NangateOpenCellLibrary_slow 
OR2_X2            19     25.270    NangateOpenCellLibrary_slow 
OR2_X4             1      2.394    NangateOpenCellLibrary_slow 
OR3_X1             1      1.330    NangateOpenCellLibrary_slow 
OR4_X1             1      1.596    NangateOpenCellLibrary_slow 
SDFFR_X1         992   6596.800    NangateOpenCellLibrary_slow 
SDFFR_X2          15    103.740    NangateOpenCellLibrary_slow 
XNOR2_X1          66    105.336    NangateOpenCellLibrary_slow 
XNOR2_X2           3      7.980    NangateOpenCellLibrary_slow 
XOR2_X1           72    114.912    NangateOpenCellLibrary_slow 
---------------------------------------------------------------
total           5213  13348.678                                


                                          
     Type      Instances    Area   Area % 
------------------------------------------
sequential          1347  8509.340   63.7 
inverter             703   419.482    3.1 
buffer                58   105.336    0.8 
logic               3105  4314.520   32.3 
physical_cells         0     0.000    0.0 
------------------------------------------
total               5213 13348.678  100.0 

