###############################################################
#  Generated by:      Cadence Innovus 23.12-s091_1
#  OS:                Linux x86_64(Host ID nanohub-2907946-1)
#  Generated on:      Tue Aug 11 19:43:45 2026
#  Design:            pipelined_cpu_core
#  Command:           report_timing -early > reports/21_cts_hold.rpt
###############################################################
Path 1: VIOLATED Hold Check with Pin datapath/IDEX_readData1_reg[26]/CK 
Endpoint:   datapath/IDEX_readData1_reg[26]/D (^) checked with  leading edge of 
'clk'
Beginpoint: datapath/MEMWB_memToReg_reg/QN    (v) triggered by  leading edge of 
'clk'
Path Groups: {clk}
Analysis View: BC_VIEW
Other End Arrival Time          0.163
+ Hold                          0.005
+ Phase Shift                   0.000
- CPPR Adjustment               0.000
+ Uncertainty                   0.020
= Required Time                 0.187
  Arrival Time                  0.069
  Slack Time                   -0.118
     Clock Rise Edge                 0.000
     + Clock Network Latency (Prop)  -0.056
     = Beginpoint Arrival Time       -0.056
     +----------------------------------------------------------------------------------------+ 
     |            Instance             |     Arc      |   Cell   | Delay | Arrival | Required | 
     |                                 |              |          |       |  Time   |   Time   | 
     |---------------------------------+--------------+----------+-------+---------+----------| 
     | datapath/MEMWB_memToReg_reg     | CK ^         |          |       |  -0.056 |    0.063 | 
     | datapath/MEMWB_memToReg_reg     | CK ^ -> QN v | DFFR_X1  | 0.053 |  -0.003 |    0.115 | 
     | datapath/FE_OFC847_n_454        | A v -> ZN ^  | INV_X8   | 0.016 |   0.013 |    0.131 | 
     | datapath/g28237                 | B1 ^ -> ZN v | AOI22_X2 | 0.036 |   0.049 |    0.167 | 
     | datapath/g28068                 | A2 v -> ZN ^ | OAI22_X1 | 0.020 |   0.069 |    0.187 | 
     | datapath/IDEX_readData1_reg[26] | D ^          | DFFR_X1  | 0.000 |   0.069 |    0.187 | 
     +----------------------------------------------------------------------------------------+ 

