###############################################################
#  Generated by:      Cadence Innovus 23.12-s091_1
#  OS:                Linux x86_64(Host ID nanohub-2907946-1)
#  Generated on:      Tue Aug 11 19:48:58 2026
#  Design:            pipelined_cpu_core
#  Command:           report_timing -early -view RPT_TYP -max_paths 50 -nworst 1 > reports/41_hold_typ.rpt
###############################################################
Path 1: VIOLATED Hold Check with Pin datapath/IDEX_readData2_reg[26]/CK 
Endpoint:   datapath/IDEX_readData2_reg[26]/D (^) checked with  leading edge of 
'clk'
Beginpoint: datapath/MEMWB_memToReg_reg/QN    (v) triggered by  leading edge of 
'clk'
Path Groups: {reg2reg}
Analysis View: RPT_TYP
Other End Arrival Time          0.456
+ Hold                          0.012
+ Phase Shift                   0.000
- CPPR Adjustment               0.000
+ Uncertainty                   0.020
= Required Time                 0.488
  Arrival Time                  0.320
  Slack Time                   -0.168
     Clock Rise Edge                 0.000
     + Clock Network Latency (Prop)  0.116
     = Beginpoint Arrival Time       0.116
     +----------------------------------------------------------------------------------------+ 
     |            Instance             |     Arc      |   Cell   | Delay | Arrival | Required | 
     |                                 |              |          |       |  Time   |   Time   | 
     |---------------------------------+--------------+----------+-------+---------+----------| 
     | datapath/MEMWB_memToReg_reg     | CK ^         |          |       |   0.116 |    0.284 | 
     | datapath/MEMWB_memToReg_reg     | CK ^ -> QN v | DFFR_X1  | 0.090 |   0.206 |    0.374 | 
     | datapath/FE_OFC847_n_454        | A v -> ZN ^  | INV_X8   | 0.029 |   0.235 |    0.404 | 
     | datapath/g28237                 | B1 ^ -> ZN v | AOI22_X2 | 0.047 |   0.282 |    0.451 | 
     | datapath/g28098                 | A2 v -> ZN ^ | OAI22_X1 | 0.038 |   0.320 |    0.488 | 
     | datapath/IDEX_readData2_reg[26] | D ^          | DFFR_X1  | 0.000 |   0.320 |    0.488 | 
     +----------------------------------------------------------------------------------------+ 
Path 2: VIOLATED Hold Check with Pin datapath/IDEX_readData1_reg[26]/CK 
Endpoint:   datapath/IDEX_readData1_reg[26]/D (^) checked with  leading edge of 
'clk'
Beginpoint: datapath/MEMWB_memToReg_reg/QN    (v) triggered by  leading edge of 
'clk'
Path Groups: {reg2reg}
Analysis View: RPT_TYP
Other End Arrival Time          0.456
+ Hold                          0.012
+ Phase Shift                   0.000
- CPPR Adjustment               0.000
+ Uncertainty                   0.020
= Required Time                 0.488
  Arrival Time                  0.320
  Slack Time                   -0.168
     Clock Rise Edge                 0.000
     + Clock Network Latency (Prop)  0.116
     = Beginpoint Arrival Time       0.116
     +----------------------------------------------------------------------------------------+ 
     |            Instance             |     Arc      |   Cell   | Delay | Arrival | Required | 
     |                                 |              |          |       |  Time   |   Time   | 
     |---------------------------------+--------------+----------+-------+---------+----------| 
     | datapath/MEMWB_memToReg_reg     | CK ^         |          |       |   0.116 |    0.284 | 
     | datapath/MEMWB_memToReg_reg     | CK ^ -> QN v | DFFR_X1  | 0.090 |   0.206 |    0.374 | 
     | datapath/FE_OFC847_n_454        | A v -> ZN ^  | INV_X8   | 0.029 |   0.235 |    0.404 | 
     | datapath/g28237                 | B1 ^ -> ZN v | AOI22_X2 | 0.047 |   0.282 |    0.450 | 
     | datapath/g28068                 | A2 v -> ZN ^ | OAI22_X1 | 0.038 |   0.320 |    0.488 | 
     | datapath/IDEX_readData1_reg[26] | D ^          | DFFR_X1  | 0.000 |   0.320 |    0.488 | 
     +----------------------------------------------------------------------------------------+ 
Path 3: VIOLATED Hold Check with Pin datapath/registers_RF_reg[1][21]/CK 
Endpoint:   datapath/registers_RF_reg[1][21]/SE (^) checked with  leading edge 
of 'clk'
Beginpoint: datapath/MEMWB_rd_reg[4]/QN         (v) triggered by  leading edge 
of 'clk'
Path Groups: {reg2reg}
Analysis View: RPT_TYP
Other End Arrival Time          0.439
+ Hold                         -0.003
+ Phase Shift                   0.000
- CPPR Adjustment               0.000
+ Uncertainty                   0.020
= Required Time                 0.456
  Arrival Time                  0.323
  Slack Time                   -0.133
     Clock Rise Edge                 0.000
     + Clock Network Latency (Prop)  0.112
     = Beginpoint Arrival Time       0.112
     +-----------------------------------------------------------------------------------------+ 
     |             Instance             |     Arc      |   Cell   | Delay | Arrival | Required | 
     |                                  |              |          |       |  Time   |   Time   | 
     |----------------------------------+--------------+----------+-------+---------+----------| 
     | datapath/MEMWB_rd_reg[4]         | CK ^         |          |       |   0.112 |    0.245 | 
     | datapath/MEMWB_rd_reg[4]         | CK ^ -> QN v | DFFR_X1  | 0.080 |   0.192 |    0.325 | 
     | datapath/FE_OFC312_n_567         | A v -> ZN ^  | INV_X4   | 0.028 |   0.220 |    0.353 | 
     | datapath/g38796                  | A2 ^ -> ZN v | NOR2_X1  | 0.023 |   0.243 |    0.376 | 
     | datapath/g38582                  | A1 v -> ZN ^ | NAND2_X4 | 0.057 |   0.300 |    0.433 | 
     | datapath/registers_RF_reg[1][21] | SE ^         | SDFFR_X1 | 0.022 |   0.323 |    0.456 | 
     +-----------------------------------------------------------------------------------------+ 
Path 4: VIOLATED Hold Check with Pin datapath/registers_RF_reg[1][23]/CK 
Endpoint:   datapath/registers_RF_reg[1][23]/SE (^) checked with  leading edge 
of 'clk'
Beginpoint: datapath/MEMWB_rd_reg[4]/QN         (v) triggered by  leading edge 
of 'clk'
Path Groups: {reg2reg}
Analysis View: RPT_TYP
Other End Arrival Time          0.440
+ Hold                         -0.003
+ Phase Shift                   0.000
- CPPR Adjustment               0.000
+ Uncertainty                   0.020
= Required Time                 0.457
  Arrival Time                  0.324
  Slack Time                   -0.133
     Clock Rise Edge                 0.000
     + Clock Network Latency (Prop)  0.112
     = Beginpoint Arrival Time       0.112
     +-----------------------------------------------------------------------------------------+ 
     |             Instance             |     Arc      |   Cell   | Delay | Arrival | Required | 
     |                                  |              |          |       |  Time   |   Time   | 
     |----------------------------------+--------------+----------+-------+---------+----------| 
     | datapath/MEMWB_rd_reg[4]         | CK ^         |          |       |   0.112 |    0.245 | 
     | datapath/MEMWB_rd_reg[4]         | CK ^ -> QN v | DFFR_X1  | 0.080 |   0.192 |    0.325 | 
     | datapath/FE_OFC312_n_567         | A v -> ZN ^  | INV_X4   | 0.028 |   0.220 |    0.353 | 
     | datapath/g38796                  | A2 ^ -> ZN v | NOR2_X1  | 0.023 |   0.243 |    0.376 | 
     | datapath/g38582                  | A1 v -> ZN ^ | NAND2_X4 | 0.057 |   0.300 |    0.433 | 
     | datapath/registers_RF_reg[1][23] | SE ^         | SDFFR_X1 | 0.023 |   0.324 |    0.457 | 
     +-----------------------------------------------------------------------------------------+ 
Path 5: VIOLATED Hold Check with Pin datapath/registers_RF_reg[1][29]/CK 
Endpoint:   datapath/registers_RF_reg[1][29]/SE (^) checked with  leading edge 
of 'clk'
Beginpoint: datapath/MEMWB_rd_reg[4]/QN         (v) triggered by  leading edge 
of 'clk'
Path Groups: {reg2reg}
Analysis View: RPT_TYP
Other End Arrival Time          0.440
+ Hold                         -0.003
+ Phase Shift                   0.000
- CPPR Adjustment               0.000
+ Uncertainty                   0.020
= Required Time                 0.457
  Arrival Time                  0.324
  Slack Time                   -0.133
     Clock Rise Edge                 0.000
     + Clock Network Latency (Prop)  0.112
     = Beginpoint Arrival Time       0.112
     +-----------------------------------------------------------------------------------------+ 
     |             Instance             |     Arc      |   Cell   | Delay | Arrival | Required | 
     |                                  |              |          |       |  Time   |   Time   | 
     |----------------------------------+--------------+----------+-------+---------+----------| 
     | datapath/MEMWB_rd_reg[4]         | CK ^         |          |       |   0.112 |    0.244 | 
     | datapath/MEMWB_rd_reg[4]         | CK ^ -> QN v | DFFR_X1  | 0.080 |   0.192 |    0.325 | 
     | datapath/FE_OFC312_n_567         | A v -> ZN ^  | INV_X4   | 0.028 |   0.220 |    0.353 | 
     | datapath/g38796                  | A2 ^ -> ZN v | NOR2_X1  | 0.023 |   0.243 |    0.376 | 
     | datapath/g38582                  | A1 v -> ZN ^ | NAND2_X4 | 0.057 |   0.300 |    0.433 | 
     | datapath/registers_RF_reg[1][29] | SE ^         | SDFFR_X1 | 0.024 |   0.324 |    0.457 | 
     +-----------------------------------------------------------------------------------------+ 
Path 6: VIOLATED Hold Check with Pin datapath/EXMEM_storeData_reg[24]/CK 
Endpoint:   datapath/EXMEM_storeData_reg[24]/D (v) checked with  leading edge 
of 'clk'
Beginpoint: datapath/MEMWB_memToReg_reg/QN     (v) triggered by  leading edge 
of 'clk'
Path Groups: {reg2reg}
Analysis View: RPT_TYP
Other End Arrival Time          0.497
+ Hold                          0.005
+ Phase Shift                   0.000
- CPPR Adjustment               0.000
+ Uncertainty                   0.020
= Required Time                 0.523
  Arrival Time                  0.401
  Slack Time                   -0.122
     Clock Rise Edge                 0.000
     + Clock Network Latency (Prop)  0.116
     = Beginpoint Arrival Time       0.116
     +------------------------------------------------------------------------------------------+ 
     |             Instance             |     Arc      |   Cell    | Delay | Arrival | Required | 
     |                                  |              |           |       |  Time   |   Time   | 
     |----------------------------------+--------------+-----------+-------+---------+----------| 
     | datapath/MEMWB_memToReg_reg      | CK ^         |           |       |   0.116 |    0.238 | 
     | datapath/MEMWB_memToReg_reg      | CK ^ -> QN v | DFFR_X1   | 0.090 |   0.206 |    0.328 | 
     | datapath/FE_OFC847_n_454         | A v -> ZN ^  | INV_X8    | 0.029 |   0.235 |    0.357 | 
     | datapath/FE_OFC852_n_454         | A ^ -> ZN v  | INV_X2    | 0.038 |   0.273 |    0.395 | 
     | datapath/FE_RC_1105_0            | A2 v -> ZN ^ | AOI22_X1  | 0.042 |   0.315 |    0.437 | 
     | datapath/FE_OFC1089_FE_RN_624_0  | A ^ -> ZN v  | INV_X2    | 0.013 |   0.328 |    0.450 | 
     | datapath/FE_OFC1091_FE_RN_624_0  | A v -> ZN ^  | INV_X2    | 0.022 |   0.350 |    0.472 | 
     | datapath/g27811                  | A2 ^ -> ZN v | OAI222_X4 | 0.051 |   0.401 |    0.523 | 
     | datapath/EXMEM_storeData_reg[24] | D v          | DFFR_X1   | 0.000 |   0.401 |    0.523 | 
     +------------------------------------------------------------------------------------------+ 
Path 7: VIOLATED Hold Check with Pin datapath/EXMEM_storeData_reg[25]/CK 
Endpoint:   datapath/EXMEM_storeData_reg[25]/D (v) checked with  leading edge 
of 'clk'
Beginpoint: datapath/MEMWB_memToReg_reg/QN     (v) triggered by  leading edge 
of 'clk'
Path Groups: {reg2reg}
Analysis View: RPT_TYP
Other End Arrival Time          0.497
+ Hold                          0.005
+ Phase Shift                   0.000
- CPPR Adjustment               0.000
+ Uncertainty                   0.020
= Required Time                 0.523
  Arrival Time                  0.403
  Slack Time                   -0.120
     Clock Rise Edge                 0.000
     + Clock Network Latency (Prop)  0.116
     = Beginpoint Arrival Time       0.116
     +------------------------------------------------------------------------------------------+ 
     |             Instance             |     Arc      |   Cell    | Delay | Arrival | Required | 
     |                                  |              |           |       |  Time   |   Time   | 
     |----------------------------------+--------------+-----------+-------+---------+----------| 
     | datapath/MEMWB_memToReg_reg      | CK ^         |           |       |   0.116 |    0.236 | 
     | datapath/MEMWB_memToReg_reg      | CK ^ -> QN v | DFFR_X1   | 0.090 |   0.206 |    0.326 | 
     | datapath/FE_OFC847_n_454         | A v -> ZN ^  | INV_X8    | 0.029 |   0.235 |    0.355 | 
     | datapath/FE_OFC852_n_454         | A ^ -> ZN v  | INV_X2    | 0.038 |   0.273 |    0.393 | 
     | datapath/FE_RC_1155_0            | A2 v -> ZN ^ | AOI22_X1  | 0.039 |   0.312 |    0.432 | 
     | datapath/FE_OFC1098_FE_RN_647_0  | A ^ -> ZN v  | INV_X2    | 0.013 |   0.326 |    0.446 | 
     | datapath/FE_OFC1100_FE_RN_647_0  | A v -> ZN ^  | INV_X2    | 0.025 |   0.350 |    0.470 | 
     | datapath/g27807                  | A2 ^ -> ZN v | OAI222_X4 | 0.053 |   0.403 |    0.523 | 
     | datapath/EXMEM_storeData_reg[25] | D v          | DFFR_X1   | 0.000 |   0.403 |    0.523 | 
     +------------------------------------------------------------------------------------------+ 
Path 8: VIOLATED Hold Check with Pin datapath/IDEX_readData1_reg[21]/CK 
Endpoint:   datapath/IDEX_readData1_reg[21]/D (v) checked with  leading edge of 
'clk'
Beginpoint: datapath/MEMWB_memToReg_reg/QN    (v) triggered by  leading edge of 
'clk'
Path Groups: {reg2reg}
Analysis View: RPT_TYP
Other End Arrival Time          0.456
+ Hold                          0.005
+ Phase Shift                   0.000
- CPPR Adjustment               0.000
+ Uncertainty                   0.020
= Required Time                 0.481
  Arrival Time                  0.365
  Slack Time                   -0.117
     Clock Rise Edge                 0.000
     + Clock Network Latency (Prop)  0.116
     = Beginpoint Arrival Time       0.116
     +----------------------------------------------------------------------------------------+ 
     |            Instance             |     Arc      |   Cell   | Delay | Arrival | Required | 
     |                                 |              |          |       |  Time   |   Time   | 
     |---------------------------------+--------------+----------+-------+---------+----------| 
     | datapath/MEMWB_memToReg_reg     | CK ^         |          |       |   0.116 |    0.232 | 
     | datapath/MEMWB_memToReg_reg     | CK ^ -> QN v | DFFR_X1  | 0.090 |   0.206 |    0.323 | 
     | datapath/FE_OFC847_n_454        | A v -> ZN ^  | INV_X8   | 0.029 |   0.235 |    0.352 | 
     | datapath/FE_OFC852_n_454        | A ^ -> ZN v  | INV_X2   | 0.038 |   0.273 |    0.390 | 
     | datapath/FE_RC_1281_0           | A2 v -> ZN ^ | AOI22_X1 | 0.039 |   0.312 |    0.428 | 
     | datapath/FE_OFC1093_FE_RN_612_0 | A ^ -> ZN v  | INV_X2   | 0.013 |   0.325 |    0.441 | 
     | datapath/FE_OFC1095_FE_RN_612_0 | A v -> ZN ^  | INV_X2   | 0.024 |   0.349 |    0.465 | 
     | datapath/g28042                 | A2 ^ -> ZN v | OAI22_X1 | 0.016 |   0.365 |    0.481 | 
     | datapath/IDEX_readData1_reg[21] | D v          | DFFR_X1  | 0.000 |   0.365 |    0.481 | 
     +----------------------------------------------------------------------------------------+ 
Path 9: VIOLATED Hold Check with Pin datapath/IDEX_readData2_reg[21]/CK 
Endpoint:   datapath/IDEX_readData2_reg[21]/D (v) checked with  leading edge of 
'clk'
Beginpoint: datapath/MEMWB_memToReg_reg/QN    (v) triggered by  leading edge of 
'clk'
Path Groups: {reg2reg}
Analysis View: RPT_TYP
Other End Arrival Time          0.456
+ Hold                          0.005
+ Phase Shift                   0.000
- CPPR Adjustment               0.000
+ Uncertainty                   0.020
= Required Time                 0.481
  Arrival Time                  0.365
  Slack Time                   -0.116
     Clock Rise Edge                 0.000
     + Clock Network Latency (Prop)  0.116
     = Beginpoint Arrival Time       0.116
     +----------------------------------------------------------------------------------------+ 
     |            Instance             |     Arc      |   Cell   | Delay | Arrival | Required | 
     |                                 |              |          |       |  Time   |   Time   | 
     |---------------------------------+--------------+----------+-------+---------+----------| 
     | datapath/MEMWB_memToReg_reg     | CK ^         |          |       |   0.116 |    0.232 | 
     | datapath/MEMWB_memToReg_reg     | CK ^ -> QN v | DFFR_X1  | 0.090 |   0.206 |    0.322 | 
     | datapath/FE_OFC847_n_454        | A v -> ZN ^  | INV_X8   | 0.029 |   0.235 |    0.352 | 
     | datapath/FE_OFC852_n_454        | A ^ -> ZN v  | INV_X2   | 0.038 |   0.273 |    0.390 | 
     | datapath/FE_RC_1281_0           | A2 v -> ZN ^ | AOI22_X1 | 0.039 |   0.312 |    0.428 | 
     | datapath/FE_OFC1093_FE_RN_612_0 | A ^ -> ZN v  | INV_X2   | 0.013 |   0.325 |    0.441 | 
     | datapath/FE_OFC1095_FE_RN_612_0 | A v -> ZN ^  | INV_X2   | 0.024 |   0.349 |    0.465 | 
     | datapath/g28094                 | A2 ^ -> ZN v | OAI22_X1 | 0.016 |   0.365 |    0.481 | 
     | datapath/IDEX_readData2_reg[21] | D v          | DFFR_X1  | 0.000 |   0.365 |    0.481 | 
     +----------------------------------------------------------------------------------------+ 
Path 10: VIOLATED Hold Check with Pin datapath/IDEX_readData2_reg[28]/CK 
Endpoint:   datapath/IDEX_readData2_reg[28]/D (v) checked with  leading edge of 
'clk'
Beginpoint: datapath/MEMWB_memToReg_reg/QN    (v) triggered by  leading edge of 
'clk'
Path Groups: {reg2reg}
Analysis View: RPT_TYP
Other End Arrival Time          0.458
+ Hold                          0.005
+ Phase Shift                   0.000
- CPPR Adjustment               0.000
+ Uncertainty                   0.020
= Required Time                 0.484
  Arrival Time                  0.375
  Slack Time                   -0.108
     Clock Rise Edge                 0.000
     + Clock Network Latency (Prop)  0.116
     = Beginpoint Arrival Time       0.116
     +----------------------------------------------------------------------------------------+ 
     |            Instance             |     Arc      |   Cell   | Delay | Arrival | Required | 
     |                                 |              |          |       |  Time   |   Time   | 
     |---------------------------------+--------------+----------+-------+---------+----------| 
     | datapath/MEMWB_memToReg_reg     | CK ^         |          |       |   0.116 |    0.224 | 
     | datapath/MEMWB_memToReg_reg     | CK ^ -> QN v | DFFR_X1  | 0.090 |   0.206 |    0.314 | 
     | datapath/FE_OFC847_n_454        | A v -> ZN ^  | INV_X8   | 0.029 |   0.235 |    0.344 | 
     | datapath/FE_OFC852_n_454        | A ^ -> ZN v  | INV_X2   | 0.038 |   0.273 |    0.381 | 
     | datapath/FE_RC_1222_0           | B2 v -> ZN ^ | AOI21_X1 | 0.050 |   0.323 |    0.432 | 
     | datapath/FE_OFC1083_FE_RN_605_0 | A ^ -> ZN v  | INV_X2   | 0.016 |   0.339 |    0.447 | 
     | datapath/FE_OFC1084_FE_RN_605_0 | A v -> ZN ^  | INV_X2   | 0.021 |   0.360 |    0.468 | 
     | datapath/g28100                 | A2 ^ -> ZN v | OAI22_X1 | 0.016 |   0.375 |    0.484 | 
     | datapath/IDEX_readData2_reg[28] | D v          | DFFR_X1  | 0.000 |   0.375 |    0.484 | 
     +----------------------------------------------------------------------------------------+ 
Path 11: VIOLATED Hold Check with Pin datapath/IDEX_readData1_reg[28]/CK 
Endpoint:   datapath/IDEX_readData1_reg[28]/D (v) checked with  leading edge of 
'clk'
Beginpoint: datapath/MEMWB_memToReg_reg/QN    (v) triggered by  leading edge of 
'clk'
Path Groups: {reg2reg}
Analysis View: RPT_TYP
Other End Arrival Time          0.458
+ Hold                          0.005
+ Phase Shift                   0.000
- CPPR Adjustment               0.000
+ Uncertainty                   0.020
= Required Time                 0.484
  Arrival Time                  0.376
  Slack Time                   -0.108
     Clock Rise Edge                 0.000
     + Clock Network Latency (Prop)  0.116
     = Beginpoint Arrival Time       0.116
     +----------------------------------------------------------------------------------------+ 
     |            Instance             |     Arc      |   Cell   | Delay | Arrival | Required | 
     |                                 |              |          |       |  Time   |   Time   | 
     |---------------------------------+--------------+----------+-------+---------+----------| 
     | datapath/MEMWB_memToReg_reg     | CK ^         |          |       |   0.116 |    0.224 | 
     | datapath/MEMWB_memToReg_reg     | CK ^ -> QN v | DFFR_X1  | 0.090 |   0.206 |    0.314 | 
     | datapath/FE_OFC847_n_454        | A v -> ZN ^  | INV_X8   | 0.029 |   0.235 |    0.343 | 
     | datapath/FE_OFC852_n_454        | A ^ -> ZN v  | INV_X2   | 0.038 |   0.273 |    0.381 | 
     | datapath/FE_RC_1222_0           | B2 v -> ZN ^ | AOI21_X1 | 0.050 |   0.323 |    0.431 | 
     | datapath/FE_OFC1083_FE_RN_605_0 | A ^ -> ZN v  | INV_X2   | 0.016 |   0.339 |    0.447 | 
     | datapath/FE_OFC1084_FE_RN_605_0 | A v -> ZN ^  | INV_X2   | 0.021 |   0.360 |    0.468 | 
     | datapath/g28070                 | A2 ^ -> ZN v | OAI22_X1 | 0.016 |   0.376 |    0.484 | 
     | datapath/IDEX_readData1_reg[28] | D v          | DFFR_X1  | 0.000 |   0.376 |    0.484 | 
     +----------------------------------------------------------------------------------------+ 
Path 12: VIOLATED Hold Check with Pin datapath/IDEX_readData1_reg[29]/CK 
Endpoint:   datapath/IDEX_readData1_reg[29]/D (v) checked with  leading edge of 
'clk'
Beginpoint: datapath/MEMWB_memToReg_reg/QN    (v) triggered by  leading edge of 
'clk'
Path Groups: {reg2reg}
Analysis View: RPT_TYP
Other End Arrival Time          0.458
+ Hold                          0.005
+ Phase Shift                   0.000
- CPPR Adjustment               0.000
+ Uncertainty                   0.020
= Required Time                 0.484
  Arrival Time                  0.377
  Slack Time                   -0.107
     Clock Rise Edge                 0.000
     + Clock Network Latency (Prop)  0.116
     = Beginpoint Arrival Time       0.116
     +----------------------------------------------------------------------------------------+ 
     |            Instance             |     Arc      |   Cell   | Delay | Arrival | Required | 
     |                                 |              |          |       |  Time   |   Time   | 
     |---------------------------------+--------------+----------+-------+---------+----------| 
     | datapath/MEMWB_memToReg_reg     | CK ^         |          |       |   0.116 |    0.223 | 
     | datapath/MEMWB_memToReg_reg     | CK ^ -> QN v | DFFR_X1  | 0.090 |   0.206 |    0.313 | 
     | datapath/FE_OFC847_n_454        | A v -> ZN ^  | INV_X8   | 0.029 |   0.235 |    0.342 | 
     | datapath/FE_OFC852_n_454        | A ^ -> ZN v  | INV_X2   | 0.038 |   0.273 |    0.380 | 
     | datapath/FE_RC_1114_0           | A2 v -> ZN ^ | AOI22_X2 | 0.039 |   0.312 |    0.418 | 
     | datapath/FE_OCPC958_FE_RN_628_0 | A ^ -> ZN v  | INV_X2   | 0.018 |   0.330 |    0.437 | 
     | datapath/FE_RC_1279_0           | A v -> ZN ^  | INV_X1   | 0.029 |   0.359 |    0.466 | 
     | datapath/g28071                 | A2 ^ -> ZN v | OAI22_X1 | 0.018 |   0.377 |    0.484 | 
     | datapath/IDEX_readData1_reg[29] | D v          | DFFR_X1  | 0.000 |   0.377 |    0.484 | 
     +----------------------------------------------------------------------------------------+ 
Path 13: VIOLATED Hold Check with Pin datapath/EXMEM_storeData_reg[21]/CK 
Endpoint:   datapath/EXMEM_storeData_reg[21]/D (v) checked with  leading edge 
of 'clk'
Beginpoint: datapath/MEMWB_memToReg_reg/QN     (v) triggered by  leading edge 
of 'clk'
Path Groups: {reg2reg}
Analysis View: RPT_TYP
Other End Arrival Time          0.456
+ Hold                          0.005
+ Phase Shift                   0.000
- CPPR Adjustment               0.000
+ Uncertainty                   0.020
= Required Time                 0.481
  Arrival Time                  0.376
  Slack Time                   -0.105
     Clock Rise Edge                 0.000
     + Clock Network Latency (Prop)  0.116
     = Beginpoint Arrival Time       0.116
     +------------------------------------------------------------------------------------------+ 
     |             Instance             |     Arc      |   Cell    | Delay | Arrival | Required | 
     |                                  |              |           |       |  Time   |   Time   | 
     |----------------------------------+--------------+-----------+-------+---------+----------| 
     | datapath/MEMWB_memToReg_reg      | CK ^         |           |       |   0.116 |    0.220 | 
     | datapath/MEMWB_memToReg_reg      | CK ^ -> QN v | DFFR_X1   | 0.090 |   0.206 |    0.311 | 
     | datapath/FE_OFC847_n_454         | A v -> ZN ^  | INV_X8    | 0.029 |   0.235 |    0.340 | 
     | datapath/FE_OFC852_n_454         | A ^ -> ZN v  | INV_X2    | 0.038 |   0.273 |    0.378 | 
     | datapath/FE_RC_1281_0            | A2 v -> ZN ^ | AOI22_X1  | 0.039 |   0.312 |    0.416 | 
     | datapath/FE_OFC1093_FE_RN_612_0  | A ^ -> ZN v  | INV_X2    | 0.013 |   0.325 |    0.429 | 
     | datapath/FE_OFC1095_FE_RN_612_0  | A v -> ZN ^  | INV_X2    | 0.024 |   0.349 |    0.453 | 
     | datapath/g27808                  | A2 ^ -> ZN v | OAI222_X1 | 0.027 |   0.376 |    0.481 | 
     | datapath/EXMEM_storeData_reg[21] | D v          | DFFR_X1   | 0.000 |   0.376 |    0.481 | 
     +------------------------------------------------------------------------------------------+ 
Path 14: VIOLATED Hold Check with Pin datapath/IDEX_readData2_reg[24]/CK 
Endpoint:   datapath/IDEX_readData2_reg[24]/D (v) checked with  leading edge of 
'clk'
Beginpoint: datapath/MEMWB_memToReg_reg/QN    (v) triggered by  leading edge of 
'clk'
Path Groups: {reg2reg}
Analysis View: RPT_TYP
Other End Arrival Time          0.441
+ Hold                          0.006
+ Phase Shift                   0.000
- CPPR Adjustment               0.000
+ Uncertainty                   0.020
= Required Time                 0.467
  Arrival Time                  0.365
  Slack Time                   -0.102
     Clock Rise Edge                 0.000
     + Clock Network Latency (Prop)  0.116
     = Beginpoint Arrival Time       0.116
     +----------------------------------------------------------------------------------------+ 
     |            Instance             |     Arc      |   Cell   | Delay | Arrival | Required | 
     |                                 |              |          |       |  Time   |   Time   | 
     |---------------------------------+--------------+----------+-------+---------+----------| 
     | datapath/MEMWB_memToReg_reg     | CK ^         |          |       |   0.116 |    0.218 | 
     | datapath/MEMWB_memToReg_reg     | CK ^ -> QN v | DFFR_X1  | 0.090 |   0.206 |    0.308 | 
     | datapath/FE_OFC847_n_454        | A v -> ZN ^  | INV_X8   | 0.029 |   0.235 |    0.337 | 
     | datapath/FE_OFC852_n_454        | A ^ -> ZN v  | INV_X2   | 0.038 |   0.273 |    0.375 | 
     | datapath/FE_RC_1105_0           | A2 v -> ZN ^ | AOI22_X1 | 0.042 |   0.315 |    0.417 | 
     | datapath/FE_OFC1089_FE_RN_624_0 | A ^ -> ZN v  | INV_X2   | 0.013 |   0.328 |    0.430 | 
     | datapath/FE_OFC1091_FE_RN_624_0 | A v -> ZN ^  | INV_X2   | 0.022 |   0.350 |    0.452 | 
     | datapath/g28096                 | A2 ^ -> ZN v | OAI22_X1 | 0.015 |   0.365 |    0.467 | 
     | datapath/IDEX_readData2_reg[24] | D v          | DFFR_X1  | 0.000 |   0.365 |    0.467 | 
     +----------------------------------------------------------------------------------------+ 
Path 15: VIOLATED Hold Check with Pin datapath/IDEX_readData1_reg[24]/CK 
Endpoint:   datapath/IDEX_readData1_reg[24]/D (v) checked with  leading edge of 
'clk'
Beginpoint: datapath/MEMWB_memToReg_reg/QN    (v) triggered by  leading edge of 
'clk'
Path Groups: {reg2reg}
Analysis View: RPT_TYP
Other End Arrival Time          0.441
+ Hold                          0.006
+ Phase Shift                   0.000
- CPPR Adjustment               0.000
+ Uncertainty                   0.020
= Required Time                 0.467
  Arrival Time                  0.365
  Slack Time                   -0.102
     Clock Rise Edge                 0.000
     + Clock Network Latency (Prop)  0.116
     = Beginpoint Arrival Time       0.116
     +----------------------------------------------------------------------------------------+ 
     |            Instance             |     Arc      |   Cell   | Delay | Arrival | Required | 
     |                                 |              |          |       |  Time   |   Time   | 
     |---------------------------------+--------------+----------+-------+---------+----------| 
     | datapath/MEMWB_memToReg_reg     | CK ^         |          |       |   0.116 |    0.218 | 
     | datapath/MEMWB_memToReg_reg     | CK ^ -> QN v | DFFR_X1  | 0.090 |   0.206 |    0.308 | 
     | datapath/FE_OFC847_n_454        | A v -> ZN ^  | INV_X8   | 0.029 |   0.235 |    0.337 | 
     | datapath/FE_OFC852_n_454        | A ^ -> ZN v  | INV_X2   | 0.038 |   0.273 |    0.375 | 
     | datapath/FE_RC_1105_0           | A2 v -> ZN ^ | AOI22_X1 | 0.042 |   0.315 |    0.417 | 
     | datapath/FE_OFC1089_FE_RN_624_0 | A ^ -> ZN v  | INV_X2   | 0.013 |   0.328 |    0.430 | 
     | datapath/FE_OFC1091_FE_RN_624_0 | A v -> ZN ^  | INV_X2   | 0.022 |   0.350 |    0.452 | 
     | datapath/g28066                 | A2 ^ -> ZN v | OAI22_X1 | 0.015 |   0.365 |    0.467 | 
     | datapath/IDEX_readData1_reg[24] | D v          | DFFR_X1  | 0.000 |   0.365 |    0.467 | 
     +----------------------------------------------------------------------------------------+ 
Path 16: VIOLATED Hold Check with Pin datapath/IDEX_readData2_reg[25]/CK 
Endpoint:   datapath/IDEX_readData2_reg[25]/D (v) checked with  leading edge of 
'clk'
Beginpoint: datapath/MEMWB_memToReg_reg/QN    (v) triggered by  leading edge of 
'clk'
Path Groups: {reg2reg}
Analysis View: RPT_TYP
Other End Arrival Time          0.441
+ Hold                          0.006
+ Phase Shift                   0.000
- CPPR Adjustment               0.000
+ Uncertainty                   0.020
= Required Time                 0.467
  Arrival Time                  0.367
  Slack Time                   -0.100
     Clock Rise Edge                 0.000
     + Clock Network Latency (Prop)  0.116
     = Beginpoint Arrival Time       0.116
     +----------------------------------------------------------------------------------------+ 
     |            Instance             |     Arc      |   Cell   | Delay | Arrival | Required | 
     |                                 |              |          |       |  Time   |   Time   | 
     |---------------------------------+--------------+----------+-------+---------+----------| 
     | datapath/MEMWB_memToReg_reg     | CK ^         |          |       |   0.116 |    0.216 | 
     | datapath/MEMWB_memToReg_reg     | CK ^ -> QN v | DFFR_X1  | 0.090 |   0.206 |    0.306 | 
     | datapath/FE_OFC847_n_454        | A v -> ZN ^  | INV_X8   | 0.029 |   0.235 |    0.336 | 
     | datapath/FE_OFC852_n_454        | A ^ -> ZN v  | INV_X2   | 0.038 |   0.273 |    0.373 | 
     | datapath/FE_RC_1155_0           | A2 v -> ZN ^ | AOI22_X1 | 0.039 |   0.312 |    0.412 | 
     | datapath/FE_OFC1098_FE_RN_647_0 | A ^ -> ZN v  | INV_X2   | 0.013 |   0.326 |    0.426 | 
     | datapath/FE_OFC1100_FE_RN_647_0 | A v -> ZN ^  | INV_X2   | 0.025 |   0.350 |    0.450 | 
     | datapath/g28097                 | A2 ^ -> ZN v | OAI22_X1 | 0.017 |   0.367 |    0.467 | 
     | datapath/IDEX_readData2_reg[25] | D v          | DFFR_X1  | 0.000 |   0.367 |    0.467 | 
     +----------------------------------------------------------------------------------------+ 
Path 17: VIOLATED Hold Check with Pin datapath/IDEX_readData1_reg[25]/CK 
Endpoint:   datapath/IDEX_readData1_reg[25]/D (v) checked with  leading edge of 
'clk'
Beginpoint: datapath/MEMWB_memToReg_reg/QN    (v) triggered by  leading edge of 
'clk'
Path Groups: {reg2reg}
Analysis View: RPT_TYP
Other End Arrival Time          0.441
+ Hold                          0.006
+ Phase Shift                   0.000
- CPPR Adjustment               0.000
+ Uncertainty                   0.020
= Required Time                 0.467
  Arrival Time                  0.367
  Slack Time                   -0.100
     Clock Rise Edge                 0.000
     + Clock Network Latency (Prop)  0.116
     = Beginpoint Arrival Time       0.116
     +----------------------------------------------------------------------------------------+ 
     |            Instance             |     Arc      |   Cell   | Delay | Arrival | Required | 
     |                                 |              |          |       |  Time   |   Time   | 
     |---------------------------------+--------------+----------+-------+---------+----------| 
     | datapath/MEMWB_memToReg_reg     | CK ^         |          |       |   0.116 |    0.216 | 
     | datapath/MEMWB_memToReg_reg     | CK ^ -> QN v | DFFR_X1  | 0.090 |   0.206 |    0.306 | 
     | datapath/FE_OFC847_n_454        | A v -> ZN ^  | INV_X8   | 0.029 |   0.235 |    0.335 | 
     | datapath/FE_OFC852_n_454        | A ^ -> ZN v  | INV_X2   | 0.038 |   0.273 |    0.373 | 
     | datapath/FE_RC_1155_0           | A2 v -> ZN ^ | AOI22_X1 | 0.039 |   0.312 |    0.412 | 
     | datapath/FE_OFC1098_FE_RN_647_0 | A ^ -> ZN v  | INV_X2   | 0.013 |   0.326 |    0.426 | 
     | datapath/FE_OFC1100_FE_RN_647_0 | A v -> ZN ^  | INV_X2   | 0.025 |   0.350 |    0.450 | 
     | datapath/g28067                 | A2 ^ -> ZN v | OAI22_X1 | 0.017 |   0.367 |    0.467 | 
     | datapath/IDEX_readData1_reg[25] | D v          | DFFR_X1  | 0.000 |   0.367 |    0.467 | 
     +----------------------------------------------------------------------------------------+ 
Path 18: VIOLATED Hold Check with Pin datapath/registers_RF_reg[1][20]/CK 
Endpoint:   datapath/registers_RF_reg[1][20]/SE (^) checked with  leading edge 
of 'clk'
Beginpoint: datapath/MEMWB_rd_reg[4]/QN         (v) triggered by  leading edge 
of 'clk'
Path Groups: {reg2reg}
Analysis View: RPT_TYP
Other End Arrival Time          0.405
+ Hold                         -0.004
+ Phase Shift                   0.000
- CPPR Adjustment               0.000
+ Uncertainty                   0.020
= Required Time                 0.421
  Arrival Time                  0.324
  Slack Time                   -0.097
     Clock Rise Edge                 0.000
     + Clock Network Latency (Prop)  0.112
     = Beginpoint Arrival Time       0.112
     +-----------------------------------------------------------------------------------------+ 
     |             Instance             |     Arc      |   Cell   | Delay | Arrival | Required | 
     |                                  |              |          |       |  Time   |   Time   | 
     |----------------------------------+--------------+----------+-------+---------+----------| 
     | datapath/MEMWB_rd_reg[4]         | CK ^         |          |       |   0.112 |    0.209 | 
     | datapath/MEMWB_rd_reg[4]         | CK ^ -> QN v | DFFR_X1  | 0.080 |   0.192 |    0.289 | 
     | datapath/FE_OFC312_n_567         | A v -> ZN ^  | INV_X4   | 0.028 |   0.220 |    0.317 | 
     | datapath/g38796                  | A2 ^ -> ZN v | NOR2_X1  | 0.023 |   0.243 |    0.340 | 
     | datapath/g38582                  | A1 v -> ZN ^ | NAND2_X4 | 0.057 |   0.300 |    0.397 | 
     | datapath/registers_RF_reg[1][20] | SE ^         | SDFFR_X1 | 0.024 |   0.324 |    0.421 | 
     +-----------------------------------------------------------------------------------------+ 
Path 19: VIOLATED Hold Check with Pin datapath/registers_RF_reg[1][30]/CK 
Endpoint:   datapath/registers_RF_reg[1][30]/SE (^) checked with  leading edge 
of 'clk'
Beginpoint: datapath/MEMWB_rd_reg[4]/QN         (v) triggered by  leading edge 
of 'clk'
Path Groups: {reg2reg}
Analysis View: RPT_TYP
Other End Arrival Time          0.405
+ Hold                         -0.004
+ Phase Shift                   0.000
- CPPR Adjustment               0.000
+ Uncertainty                   0.020
= Required Time                 0.421
  Arrival Time                  0.325
  Slack Time                   -0.097
     Clock Rise Edge                 0.000
     + Clock Network Latency (Prop)  0.112
     = Beginpoint Arrival Time       0.112
     +-----------------------------------------------------------------------------------------+ 
     |             Instance             |     Arc      |   Cell   | Delay | Arrival | Required | 
     |                                  |              |          |       |  Time   |   Time   | 
     |----------------------------------+--------------+----------+-------+---------+----------| 
     | datapath/MEMWB_rd_reg[4]         | CK ^         |          |       |   0.112 |    0.208 | 
     | datapath/MEMWB_rd_reg[4]         | CK ^ -> QN v | DFFR_X1  | 0.080 |   0.192 |    0.289 | 
     | datapath/FE_OFC312_n_567         | A v -> ZN ^  | INV_X4   | 0.028 |   0.220 |    0.317 | 
     | datapath/g38796                  | A2 ^ -> ZN v | NOR2_X1  | 0.023 |   0.243 |    0.340 | 
     | datapath/g38582                  | A1 v -> ZN ^ | NAND2_X4 | 0.057 |   0.300 |    0.397 | 
     | datapath/registers_RF_reg[1][30] | SE ^         | SDFFR_X1 | 0.024 |   0.325 |    0.421 | 
     +-----------------------------------------------------------------------------------------+ 
Path 20: VIOLATED Hold Check with Pin datapath/registers_RF_reg[1][31]/CK 
Endpoint:   datapath/registers_RF_reg[1][31]/SE (^) checked with  leading edge 
of 'clk'
Beginpoint: datapath/MEMWB_rd_reg[4]/QN         (v) triggered by  leading edge 
of 'clk'
Path Groups: {reg2reg}
Analysis View: RPT_TYP
Other End Arrival Time          0.405
+ Hold                         -0.004
+ Phase Shift                   0.000
- CPPR Adjustment               0.000
+ Uncertainty                   0.020
= Required Time                 0.421
  Arrival Time                  0.324
  Slack Time                   -0.097
     Clock Rise Edge                 0.000
     + Clock Network Latency (Prop)  0.112
     = Beginpoint Arrival Time       0.112
     +-----------------------------------------------------------------------------------------+ 
     |             Instance             |     Arc      |   Cell   | Delay | Arrival | Required | 
     |                                  |              |          |       |  Time   |   Time   | 
     |----------------------------------+--------------+----------+-------+---------+----------| 
     | datapath/MEMWB_rd_reg[4]         | CK ^         |          |       |   0.112 |    0.208 | 
     | datapath/MEMWB_rd_reg[4]         | CK ^ -> QN v | DFFR_X1  | 0.080 |   0.192 |    0.289 | 
     | datapath/FE_OFC312_n_567         | A v -> ZN ^  | INV_X4   | 0.028 |   0.220 |    0.317 | 
     | datapath/g38796                  | A2 ^ -> ZN v | NOR2_X1  | 0.023 |   0.243 |    0.340 | 
     | datapath/g38582                  | A1 v -> ZN ^ | NAND2_X4 | 0.057 |   0.300 |    0.397 | 
     | datapath/registers_RF_reg[1][31] | SE ^         | SDFFR_X1 | 0.024 |   0.324 |    0.421 | 
     +-----------------------------------------------------------------------------------------+ 
Path 21: VIOLATED Hold Check with Pin datapath/registers_RF_reg[1][22]/CK 
Endpoint:   datapath/registers_RF_reg[1][22]/SE (^) checked with  leading edge 
of 'clk'
Beginpoint: datapath/MEMWB_rd_reg[4]/QN         (v) triggered by  leading edge 
of 'clk'
Path Groups: {reg2reg}
Analysis View: RPT_TYP
Other End Arrival Time          0.405
+ Hold                         -0.004
+ Phase Shift                   0.000
- CPPR Adjustment               0.000
+ Uncertainty                   0.020
= Required Time                 0.421
  Arrival Time                  0.325
  Slack Time                   -0.097
     Clock Rise Edge                 0.000
     + Clock Network Latency (Prop)  0.112
     = Beginpoint Arrival Time       0.112
     +-----------------------------------------------------------------------------------------+ 
     |             Instance             |     Arc      |   Cell   | Delay | Arrival | Required | 
     |                                  |              |          |       |  Time   |   Time   | 
     |----------------------------------+--------------+----------+-------+---------+----------| 
     | datapath/MEMWB_rd_reg[4]         | CK ^         |          |       |   0.112 |    0.208 | 
     | datapath/MEMWB_rd_reg[4]         | CK ^ -> QN v | DFFR_X1  | 0.080 |   0.192 |    0.289 | 
     | datapath/FE_OFC312_n_567         | A v -> ZN ^  | INV_X4   | 0.028 |   0.220 |    0.317 | 
     | datapath/g38796                  | A2 ^ -> ZN v | NOR2_X1  | 0.023 |   0.243 |    0.340 | 
     | datapath/g38582                  | A1 v -> ZN ^ | NAND2_X4 | 0.057 |   0.300 |    0.397 | 
     | datapath/registers_RF_reg[1][22] | SE ^         | SDFFR_X1 | 0.024 |   0.325 |    0.421 | 
     +-----------------------------------------------------------------------------------------+ 
Path 22: VIOLATED Hold Check with Pin datapath/IDEX_readData2_reg[22]/CK 
Endpoint:   datapath/IDEX_readData2_reg[22]/D (^) checked with  leading edge of 
'clk'
Beginpoint: datapath/MEMWB_memToReg_reg/QN    (v) triggered by  leading edge of 
'clk'
Path Groups: {reg2reg}
Analysis View: RPT_TYP
Other End Arrival Time          0.458
+ Hold                          0.012
+ Phase Shift                   0.000
- CPPR Adjustment               0.000
+ Uncertainty                   0.020
= Required Time                 0.491
  Arrival Time                  0.396
  Slack Time                   -0.095
     Clock Rise Edge                 0.000
     + Clock Network Latency (Prop)  0.116
     = Beginpoint Arrival Time       0.116
     +----------------------------------------------------------------------------------------+ 
     |            Instance             |     Arc      |   Cell   | Delay | Arrival | Required | 
     |                                 |              |          |       |  Time   |   Time   | 
     |---------------------------------+--------------+----------+-------+---------+----------| 
     | datapath/MEMWB_memToReg_reg     | CK ^         |          |       |   0.116 |    0.211 | 
     | datapath/MEMWB_memToReg_reg     | CK ^ -> QN v | DFFR_X1  | 0.090 |   0.206 |    0.301 | 
     | datapath/FE_OFC847_n_454        | A v -> ZN ^  | INV_X8   | 0.029 |   0.235 |    0.330 | 
     | datapath/FE_OFC852_n_454        | A ^ -> ZN v  | INV_X2   | 0.038 |   0.273 |    0.368 | 
     | datapath/g28232                 | S v -> Z v   | MUX2_X1  | 0.085 |   0.358 |    0.452 | 
     | datapath/g28043                 | A2 v -> ZN ^ | OAI22_X1 | 0.038 |   0.396 |    0.491 | 
     | datapath/IDEX_readData2_reg[22] | D ^          | DFFR_X1  | 0.000 |   0.396 |    0.491 | 
     +----------------------------------------------------------------------------------------+ 
Path 23: VIOLATED Hold Check with Pin datapath/IF_pc_reg[27]/CK 
Endpoint:   datapath/IF_pc_reg[27]/D    (^) checked with  leading edge of 'clk'
Beginpoint: datapath/EXMEM_rd_reg[2]/QN (v) triggered by  leading edge of 'clk'
Path Groups: {reg2reg}
Analysis View: RPT_TYP
Other End Arrival Time          0.531
+ Hold                          0.008
+ Phase Shift                   0.000
- CPPR Adjustment               0.000
+ Uncertainty                   0.020
= Required Time                 0.559
  Arrival Time                  0.465
  Slack Time                   -0.094
     Clock Rise Edge                 0.000
     + Clock Network Latency (Prop)  0.116
     = Beginpoint Arrival Time       0.116
     +----------------------------------------------------------------------------------+ 
     |         Instance          |     Arc      |   Cell   | Delay | Arrival | Required | 
     |                           |              |          |       |  Time   |   Time   | 
     |---------------------------+--------------+----------+-------+---------+----------| 
     | datapath/EXMEM_rd_reg[2]  | CK ^         |          |       |   0.116 |    0.210 | 
     | datapath/EXMEM_rd_reg[2]  | CK ^ -> QN v | DFFR_X1  | 0.075 |   0.191 |    0.285 | 
     | datapath/FE_OCPC498_n_526 | A v -> Z v   | BUF_X4   | 0.031 |   0.222 |    0.316 | 
     | datapath/FE_OCPC500_n_526 | A v -> ZN ^  | INV_X1   | 0.029 |   0.251 |    0.345 | 
     | g1970                     | A4 ^ -> ZN ^ | OR4_X1   | 0.035 |   0.286 |    0.380 | 
     | g1947                     | A4 ^ -> ZN v | NAND4_X1 | 0.031 |   0.317 |    0.411 | 
     | g1945                     | A2 v -> ZN ^ | NAND2_X1 | 0.032 |   0.349 |    0.443 | 
     | FE_OFC1062_IFID_stall     | A ^ -> ZN v  | INV_X4   | 0.030 |   0.379 |    0.473 | 
     | datapath/FE_RC_492_0      | A1 v -> ZN v | OR2_X1   | 0.070 |   0.449 |    0.542 | 
     | datapath/FE_RC_1594_0     | A2 v -> ZN ^ | NAND2_X1 | 0.016 |   0.465 |    0.559 | 
     | datapath/IF_pc_reg[27]    | D ^          | DFFR_X1  | 0.000 |   0.465 |    0.559 | 
     +----------------------------------------------------------------------------------+ 
Path 24: VIOLATED Hold Check with Pin datapath/registers_RF_reg[11][14]/CK 
Endpoint:   datapath/registers_RF_reg[11][14]/SE (^) checked with  leading edge 
of 'clk'
Beginpoint: datapath/MEMWB_rd_reg[4]/QN          (v) triggered by  leading edge 
of 'clk'
Path Groups: {reg2reg}
Analysis View: RPT_TYP
Other End Arrival Time          0.439
+ Hold                         -0.005
+ Phase Shift                   0.000
- CPPR Adjustment               0.000
+ Uncertainty                   0.020
= Required Time                 0.454
  Arrival Time                  0.361
  Slack Time                   -0.093
     Clock Rise Edge                 0.000
     + Clock Network Latency (Prop)  0.112
     = Beginpoint Arrival Time       0.112
     +------------------------------------------------------------------------------------------+ 
     |             Instance              |     Arc      |   Cell   | Delay | Arrival | Required | 
     |                                   |              |          |       |  Time   |   Time   | 
     |-----------------------------------+--------------+----------+-------+---------+----------| 
     | datapath/MEMWB_rd_reg[4]          | CK ^         |          |       |   0.112 |    0.205 | 
     | datapath/MEMWB_rd_reg[4]          | CK ^ -> QN v | DFFR_X1  | 0.080 |   0.192 |    0.285 | 
     | datapath/FE_OFC312_n_567          | A v -> ZN ^  | INV_X4   | 0.028 |   0.220 |    0.314 | 
     | datapath/FE_OFC146_n_567          | A ^ -> ZN v  | INV_X1   | 0.025 |   0.246 |    0.339 | 
     | datapath/g38705                   | A2 v -> ZN ^ | NAND2_X1 | 0.032 |   0.278 |    0.371 | 
     | datapath/g38577                   | A1 ^ -> ZN ^ | OR2_X4   | 0.076 |   0.353 |    0.447 | 
     | datapath/registers_RF_reg[11][14] | SE ^         | SDFFR_X1 | 0.008 |   0.361 |    0.454 | 
     +------------------------------------------------------------------------------------------+ 
Path 25: VIOLATED Hold Check with Pin datapath/IDEX_readData1_reg[31]/CK 
Endpoint:   datapath/IDEX_readData1_reg[31]/D (^) checked with  leading edge of 
'clk'
Beginpoint: datapath/MEMWB_memToReg_reg/QN    (v) triggered by  leading edge of 
'clk'
Path Groups: {reg2reg}
Analysis View: RPT_TYP
Other End Arrival Time          0.458
+ Hold                          0.012
+ Phase Shift                   0.000
- CPPR Adjustment               0.000
+ Uncertainty                   0.020
= Required Time                 0.490
  Arrival Time                  0.397
  Slack Time                   -0.093
     Clock Rise Edge                 0.000
     + Clock Network Latency (Prop)  0.116
     = Beginpoint Arrival Time       0.116
     +----------------------------------------------------------------------------------------+ 
     |            Instance             |     Arc      |   Cell   | Delay | Arrival | Required | 
     |                                 |              |          |       |  Time   |   Time   | 
     |---------------------------------+--------------+----------+-------+---------+----------| 
     | datapath/MEMWB_memToReg_reg     | CK ^         |          |       |   0.116 |    0.209 | 
     | datapath/MEMWB_memToReg_reg     | CK ^ -> QN v | DFFR_X1  | 0.090 |   0.206 |    0.299 | 
     | datapath/FE_OFC847_n_454        | A v -> ZN ^  | INV_X8   | 0.029 |   0.235 |    0.329 | 
     | datapath/FE_OFC852_n_454        | A ^ -> ZN v  | INV_X2   | 0.038 |   0.273 |    0.366 | 
     | datapath/g28224                 | S v -> Z v   | MUX2_X1  | 0.086 |   0.359 |    0.452 | 
     | datapath/g28073                 | A2 v -> ZN ^ | OAI22_X1 | 0.038 |   0.397 |    0.490 | 
     | datapath/IDEX_readData1_reg[31] | D ^          | DFFR_X1  | 0.000 |   0.397 |    0.490 | 
     +----------------------------------------------------------------------------------------+ 
Path 26: VIOLATED Hold Check with Pin datapath/IDEX_readData2_reg[31]/CK 
Endpoint:   datapath/IDEX_readData2_reg[31]/D (^) checked with  leading edge of 
'clk'
Beginpoint: datapath/MEMWB_memToReg_reg/QN    (v) triggered by  leading edge of 
'clk'
Path Groups: {reg2reg}
Analysis View: RPT_TYP
Other End Arrival Time          0.458
+ Hold                          0.013
+ Phase Shift                   0.000
- CPPR Adjustment               0.000
+ Uncertainty                   0.020
= Required Time                 0.491
  Arrival Time                  0.398
  Slack Time                   -0.093
     Clock Rise Edge                 0.000
     + Clock Network Latency (Prop)  0.116
     = Beginpoint Arrival Time       0.116
     +----------------------------------------------------------------------------------------+ 
     |            Instance             |     Arc      |   Cell   | Delay | Arrival | Required | 
     |                                 |              |          |       |  Time   |   Time   | 
     |---------------------------------+--------------+----------+-------+---------+----------| 
     | datapath/MEMWB_memToReg_reg     | CK ^         |          |       |   0.116 |    0.208 | 
     | datapath/MEMWB_memToReg_reg     | CK ^ -> QN v | DFFR_X1  | 0.090 |   0.206 |    0.299 | 
     | datapath/FE_OFC847_n_454        | A v -> ZN ^  | INV_X8   | 0.029 |   0.235 |    0.328 | 
     | datapath/FE_OFC852_n_454        | A ^ -> ZN v  | INV_X2   | 0.038 |   0.273 |    0.366 | 
     | datapath/g28224                 | S v -> Z v   | MUX2_X1  | 0.086 |   0.359 |    0.451 | 
     | datapath/g28104                 | A2 v -> ZN ^ | OAI22_X1 | 0.040 |   0.398 |    0.491 | 
     | datapath/IDEX_readData2_reg[31] | D ^          | DFFR_X1  | 0.000 |   0.398 |    0.491 | 
     +----------------------------------------------------------------------------------------+ 
Path 27: VIOLATED Hold Check with Pin datapath/IDEX_readData2_reg[29]/CK 
Endpoint:   datapath/IDEX_readData2_reg[29]/D (v) checked with  leading edge of 
'clk'
Beginpoint: datapath/MEMWB_memToReg_reg/QN    (v) triggered by  leading edge of 
'clk'
Path Groups: {reg2reg}
Analysis View: RPT_TYP
Other End Arrival Time          0.441
+ Hold                          0.006
+ Phase Shift                   0.000
- CPPR Adjustment               0.000
+ Uncertainty                   0.020
= Required Time                 0.468
  Arrival Time                  0.376
  Slack Time                   -0.092
     Clock Rise Edge                 0.000
     + Clock Network Latency (Prop)  0.116
     = Beginpoint Arrival Time       0.116
     +----------------------------------------------------------------------------------------+ 
     |            Instance             |     Arc      |   Cell   | Delay | Arrival | Required | 
     |                                 |              |          |       |  Time   |   Time   | 
     |---------------------------------+--------------+----------+-------+---------+----------| 
     | datapath/MEMWB_memToReg_reg     | CK ^         |          |       |   0.116 |    0.208 | 
     | datapath/MEMWB_memToReg_reg     | CK ^ -> QN v | DFFR_X1  | 0.090 |   0.206 |    0.298 | 
     | datapath/FE_OFC847_n_454        | A v -> ZN ^  | INV_X8   | 0.029 |   0.235 |    0.327 | 
     | datapath/FE_OFC852_n_454        | A ^ -> ZN v  | INV_X2   | 0.038 |   0.273 |    0.365 | 
     | datapath/FE_RC_1114_0           | A2 v -> ZN ^ | AOI22_X2 | 0.039 |   0.312 |    0.404 | 
     | datapath/FE_OCPC958_FE_RN_628_0 | A ^ -> ZN v  | INV_X2   | 0.018 |   0.330 |    0.422 | 
     | datapath/FE_RC_1279_0           | A v -> ZN ^  | INV_X1   | 0.029 |   0.359 |    0.451 | 
     | datapath/g28101                 | A2 ^ -> ZN v | OAI22_X1 | 0.017 |   0.376 |    0.468 | 
     | datapath/IDEX_readData2_reg[29] | D v          | DFFR_X1  | 0.000 |   0.376 |    0.468 | 
     +----------------------------------------------------------------------------------------+ 
Path 28: VIOLATED Hold Check with Pin datapath/IDEX_imm_reg[27]/CK 
Endpoint:   datapath/IDEX_imm_reg[27]/D (v) checked with  leading edge of 'clk'
Beginpoint: datapath/EXMEM_rd_reg[2]/QN (v) triggered by  leading edge of 'clk'
Path Groups: {reg2reg}
Analysis View: RPT_TYP
Other End Arrival Time          0.497
+ Hold                          0.005
+ Phase Shift                   0.000
- CPPR Adjustment               0.000
+ Uncertainty                   0.020
= Required Time                 0.523
  Arrival Time                  0.432
  Slack Time                   -0.091
     Clock Rise Edge                 0.000
     + Clock Network Latency (Prop)  0.116
     = Beginpoint Arrival Time       0.116
     +----------------------------------------------------------------------------------+ 
     |         Instance          |     Arc      |   Cell   | Delay | Arrival | Required | 
     |                           |              |          |       |  Time   |   Time   | 
     |---------------------------+--------------+----------+-------+---------+----------| 
     | datapath/EXMEM_rd_reg[2]  | CK ^         |          |       |   0.116 |    0.207 | 
     | datapath/EXMEM_rd_reg[2]  | CK ^ -> QN v | DFFR_X1  | 0.075 |   0.191 |    0.282 | 
     | datapath/FE_OCPC498_n_526 | A v -> Z v   | BUF_X4   | 0.031 |   0.223 |    0.313 | 
     | datapath/FE_OCPC500_n_526 | A v -> ZN ^  | INV_X1   | 0.029 |   0.251 |    0.342 | 
     | g1970                     | A4 ^ -> ZN ^ | OR4_X1   | 0.035 |   0.286 |    0.377 | 
     | g1947                     | A4 ^ -> ZN v | NAND4_X1 | 0.031 |   0.317 |    0.408 | 
     | g1945                     | A2 v -> ZN ^ | NAND2_X1 | 0.032 |   0.349 |    0.440 | 
     | FE_OFC1062_IFID_stall     | A ^ -> ZN v  | INV_X4   | 0.030 |   0.379 |    0.470 | 
     | datapath/g38774           | A1 v -> ZN v | AND2_X1  | 0.053 |   0.432 |    0.523 | 
     | datapath/IDEX_imm_reg[27] | D v          | DFFR_X1  | 0.000 |   0.432 |    0.523 | 
     +----------------------------------------------------------------------------------+ 
Path 29: VIOLATED Hold Check with Pin datapath/IDEX_imm_reg[25]/CK 
Endpoint:   datapath/IDEX_imm_reg[25]/D (v) checked with  leading edge of 'clk'
Beginpoint: datapath/EXMEM_rd_reg[2]/QN (v) triggered by  leading edge of 'clk'
Path Groups: {reg2reg}
Analysis View: RPT_TYP
Other End Arrival Time          0.497
+ Hold                          0.005
+ Phase Shift                   0.000
- CPPR Adjustment               0.000
+ Uncertainty                   0.020
= Required Time                 0.523
  Arrival Time                  0.432
  Slack Time                   -0.090
     Clock Rise Edge                 0.000
     + Clock Network Latency (Prop)  0.116
     = Beginpoint Arrival Time       0.116
     +----------------------------------------------------------------------------------+ 
     |         Instance          |     Arc      |   Cell   | Delay | Arrival | Required | 
     |                           |              |          |       |  Time   |   Time   | 
     |---------------------------+--------------+----------+-------+---------+----------| 
     | datapath/EXMEM_rd_reg[2]  | CK ^         |          |       |   0.116 |    0.207 | 
     | datapath/EXMEM_rd_reg[2]  | CK ^ -> QN v | DFFR_X1  | 0.075 |   0.191 |    0.281 | 
     | datapath/FE_OCPC498_n_526 | A v -> Z v   | BUF_X4   | 0.031 |   0.223 |    0.313 | 
     | datapath/FE_OCPC500_n_526 | A v -> ZN ^  | INV_X1   | 0.029 |   0.251 |    0.342 | 
     | g1970                     | A4 ^ -> ZN ^ | OR4_X1   | 0.035 |   0.286 |    0.376 | 
     | g1947                     | A4 ^ -> ZN v | NAND4_X1 | 0.031 |   0.317 |    0.408 | 
     | g1945                     | A2 v -> ZN ^ | NAND2_X1 | 0.032 |   0.349 |    0.439 | 
     | FE_OFC1062_IFID_stall     | A ^ -> ZN v  | INV_X4   | 0.030 |   0.379 |    0.469 | 
     | datapath/g28573           | A1 v -> ZN v | AND2_X1  | 0.053 |   0.432 |    0.523 | 
     | datapath/IDEX_imm_reg[25] | D v          | DFFR_X1  | 0.000 |   0.432 |    0.523 | 
     +----------------------------------------------------------------------------------+ 
Path 30: VIOLATED Hold Check with Pin datapath/IDEX_imm_reg[29]/CK 
Endpoint:   datapath/IDEX_imm_reg[29]/D (v) checked with  leading edge of 'clk'
Beginpoint: datapath/EXMEM_rd_reg[2]/QN (v) triggered by  leading edge of 'clk'
Path Groups: {reg2reg}
Analysis View: RPT_TYP
Other End Arrival Time          0.497
+ Hold                          0.005
+ Phase Shift                   0.000
- CPPR Adjustment               0.000
+ Uncertainty                   0.020
= Required Time                 0.522
  Arrival Time                  0.432
  Slack Time                   -0.090
     Clock Rise Edge                 0.000
     + Clock Network Latency (Prop)  0.116
     = Beginpoint Arrival Time       0.116
     +----------------------------------------------------------------------------------+ 
     |         Instance          |     Arc      |   Cell   | Delay | Arrival | Required | 
     |                           |              |          |       |  Time   |   Time   | 
     |---------------------------+--------------+----------+-------+---------+----------| 
     | datapath/EXMEM_rd_reg[2]  | CK ^         |          |       |   0.116 |    0.206 | 
     | datapath/EXMEM_rd_reg[2]  | CK ^ -> QN v | DFFR_X1  | 0.075 |   0.191 |    0.281 | 
     | datapath/FE_OCPC498_n_526 | A v -> Z v   | BUF_X4   | 0.031 |   0.222 |    0.312 | 
     | datapath/FE_OCPC500_n_526 | A v -> ZN ^  | INV_X1   | 0.029 |   0.251 |    0.341 | 
     | g1970                     | A4 ^ -> ZN ^ | OR4_X1   | 0.035 |   0.286 |    0.376 | 
     | g1947                     | A4 ^ -> ZN v | NAND4_X1 | 0.031 |   0.317 |    0.407 | 
     | g1945                     | A2 v -> ZN ^ | NAND2_X1 | 0.032 |   0.349 |    0.439 | 
     | FE_OFC1062_IFID_stall     | A ^ -> ZN v  | INV_X4   | 0.030 |   0.379 |    0.469 | 
     | datapath/g28550           | A1 v -> ZN v | AND2_X1  | 0.053 |   0.432 |    0.522 | 
     | datapath/IDEX_imm_reg[29] | D v          | DFFR_X1  | 0.000 |   0.432 |    0.522 | 
     +----------------------------------------------------------------------------------+ 
Path 31: VIOLATED Hold Check with Pin datapath/IDEX_imm_reg[31]/CK 
Endpoint:   datapath/IDEX_imm_reg[31]/D (v) checked with  leading edge of 'clk'
Beginpoint: datapath/EXMEM_rd_reg[2]/QN (v) triggered by  leading edge of 'clk'
Path Groups: {reg2reg}
Analysis View: RPT_TYP
Other End Arrival Time          0.497
+ Hold                          0.005
+ Phase Shift                   0.000
- CPPR Adjustment               0.000
+ Uncertainty                   0.020
= Required Time                 0.523
  Arrival Time                  0.433
  Slack Time                   -0.090
     Clock Rise Edge                 0.000
     + Clock Network Latency (Prop)  0.116
     = Beginpoint Arrival Time       0.116
     +----------------------------------------------------------------------------------+ 
     |         Instance          |     Arc      |   Cell   | Delay | Arrival | Required | 
     |                           |              |          |       |  Time   |   Time   | 
     |---------------------------+--------------+----------+-------+---------+----------| 
     | datapath/EXMEM_rd_reg[2]  | CK ^         |          |       |   0.116 |    0.206 | 
     | datapath/EXMEM_rd_reg[2]  | CK ^ -> QN v | DFFR_X1  | 0.075 |   0.191 |    0.281 | 
     | datapath/FE_OCPC498_n_526 | A v -> Z v   | BUF_X4   | 0.031 |   0.222 |    0.312 | 
     | datapath/FE_OCPC500_n_526 | A v -> ZN ^  | INV_X1   | 0.029 |   0.251 |    0.341 | 
     | g1970                     | A4 ^ -> ZN ^ | OR4_X1   | 0.035 |   0.286 |    0.376 | 
     | g1947                     | A4 ^ -> ZN v | NAND4_X1 | 0.031 |   0.317 |    0.407 | 
     | g1945                     | A2 v -> ZN ^ | NAND2_X1 | 0.032 |   0.349 |    0.439 | 
     | FE_OFC1062_IFID_stall     | A ^ -> ZN v  | INV_X4   | 0.030 |   0.379 |    0.469 | 
     | datapath/g28568           | A1 v -> ZN v | AND2_X1  | 0.054 |   0.433 |    0.523 | 
     | datapath/IDEX_imm_reg[31] | D v          | DFFR_X1  | 0.000 |   0.433 |    0.523 | 
     +----------------------------------------------------------------------------------+ 
Path 32: VIOLATED Hold Check with Pin datapath/IDEX_imm_reg[24]/CK 
Endpoint:   datapath/IDEX_imm_reg[24]/D (v) checked with  leading edge of 'clk'
Beginpoint: datapath/EXMEM_rd_reg[2]/QN (v) triggered by  leading edge of 'clk'
Path Groups: {reg2reg}
Analysis View: RPT_TYP
Other End Arrival Time          0.497
+ Hold                          0.005
+ Phase Shift                   0.000
- CPPR Adjustment               0.000
+ Uncertainty                   0.020
= Required Time                 0.523
  Arrival Time                  0.433
  Slack Time                   -0.090
     Clock Rise Edge                 0.000
     + Clock Network Latency (Prop)  0.116
     = Beginpoint Arrival Time       0.116
     +----------------------------------------------------------------------------------+ 
     |         Instance          |     Arc      |   Cell   | Delay | Arrival | Required | 
     |                           |              |          |       |  Time   |   Time   | 
     |---------------------------+--------------+----------+-------+---------+----------| 
     | datapath/EXMEM_rd_reg[2]  | CK ^         |          |       |   0.116 |    0.206 | 
     | datapath/EXMEM_rd_reg[2]  | CK ^ -> QN v | DFFR_X1  | 0.075 |   0.191 |    0.281 | 
     | datapath/FE_OCPC498_n_526 | A v -> Z v   | BUF_X4   | 0.031 |   0.222 |    0.312 | 
     | datapath/FE_OCPC500_n_526 | A v -> ZN ^  | INV_X1   | 0.029 |   0.251 |    0.341 | 
     | g1970                     | A4 ^ -> ZN ^ | OR4_X1   | 0.035 |   0.286 |    0.376 | 
     | g1947                     | A4 ^ -> ZN v | NAND4_X1 | 0.031 |   0.317 |    0.407 | 
     | g1945                     | A2 v -> ZN ^ | NAND2_X1 | 0.032 |   0.349 |    0.439 | 
     | FE_OFC1062_IFID_stall     | A ^ -> ZN v  | INV_X4   | 0.030 |   0.379 |    0.469 | 
     | datapath/g28569           | A1 v -> ZN v | AND2_X1  | 0.054 |   0.433 |    0.523 | 
     | datapath/IDEX_imm_reg[24] | D v          | DFFR_X1  | 0.000 |   0.433 |    0.523 | 
     +----------------------------------------------------------------------------------+ 
Path 33: VIOLATED Hold Check with Pin datapath/IDEX_imm_reg[28]/CK 
Endpoint:   datapath/IDEX_imm_reg[28]/D (v) checked with  leading edge of 'clk'
Beginpoint: datapath/EXMEM_rd_reg[2]/QN (v) triggered by  leading edge of 'clk'
Path Groups: {reg2reg}
Analysis View: RPT_TYP
Other End Arrival Time          0.497
+ Hold                          0.005
+ Phase Shift                   0.000
- CPPR Adjustment               0.000
+ Uncertainty                   0.020
= Required Time                 0.523
  Arrival Time                  0.433
  Slack Time                   -0.090
     Clock Rise Edge                 0.000
     + Clock Network Latency (Prop)  0.116
     = Beginpoint Arrival Time       0.116
     +----------------------------------------------------------------------------------+ 
     |         Instance          |     Arc      |   Cell   | Delay | Arrival | Required | 
     |                           |              |          |       |  Time   |   Time   | 
     |---------------------------+--------------+----------+-------+---------+----------| 
     | datapath/EXMEM_rd_reg[2]  | CK ^         |          |       |   0.116 |    0.206 | 
     | datapath/EXMEM_rd_reg[2]  | CK ^ -> QN v | DFFR_X1  | 0.075 |   0.191 |    0.281 | 
     | datapath/FE_OCPC498_n_526 | A v -> Z v   | BUF_X4   | 0.031 |   0.222 |    0.312 | 
     | datapath/FE_OCPC500_n_526 | A v -> ZN ^  | INV_X1   | 0.029 |   0.251 |    0.341 | 
     | g1970                     | A4 ^ -> ZN ^ | OR4_X1   | 0.035 |   0.286 |    0.376 | 
     | g1947                     | A4 ^ -> ZN v | NAND4_X1 | 0.031 |   0.317 |    0.407 | 
     | g1945                     | A2 v -> ZN ^ | NAND2_X1 | 0.032 |   0.349 |    0.439 | 
     | FE_OFC1062_IFID_stall     | A ^ -> ZN v  | INV_X4   | 0.030 |   0.379 |    0.469 | 
     | datapath/g28564           | A1 v -> ZN v | AND2_X1  | 0.054 |   0.433 |    0.523 | 
     | datapath/IDEX_imm_reg[28] | D v          | DFFR_X1  | 0.000 |   0.433 |    0.523 | 
     +----------------------------------------------------------------------------------+ 
Path 34: VIOLATED Hold Check with Pin datapath/IDEX_imm_reg[23]/CK 
Endpoint:   datapath/IDEX_imm_reg[23]/D (v) checked with  leading edge of 'clk'
Beginpoint: datapath/EXMEM_rd_reg[2]/QN (v) triggered by  leading edge of 'clk'
Path Groups: {reg2reg}
Analysis View: RPT_TYP
Other End Arrival Time          0.497
+ Hold                          0.005
+ Phase Shift                   0.000
- CPPR Adjustment               0.000
+ Uncertainty                   0.020
= Required Time                 0.523
  Arrival Time                  0.434
  Slack Time                   -0.089
     Clock Rise Edge                 0.000
     + Clock Network Latency (Prop)  0.116
     = Beginpoint Arrival Time       0.116
     +----------------------------------------------------------------------------------+ 
     |         Instance          |     Arc      |   Cell   | Delay | Arrival | Required | 
     |                           |              |          |       |  Time   |   Time   | 
     |---------------------------+--------------+----------+-------+---------+----------| 
     | datapath/EXMEM_rd_reg[2]  | CK ^         |          |       |   0.116 |    0.205 | 
     | datapath/EXMEM_rd_reg[2]  | CK ^ -> QN v | DFFR_X1  | 0.075 |   0.191 |    0.280 | 
     | datapath/FE_OCPC498_n_526 | A v -> Z v   | BUF_X4   | 0.031 |   0.222 |    0.312 | 
     | datapath/FE_OCPC500_n_526 | A v -> ZN ^  | INV_X1   | 0.029 |   0.251 |    0.340 | 
     | g1970                     | A4 ^ -> ZN ^ | OR4_X1   | 0.035 |   0.286 |    0.375 | 
     | g1947                     | A4 ^ -> ZN v | NAND4_X1 | 0.031 |   0.317 |    0.406 | 
     | g1945                     | A2 v -> ZN ^ | NAND2_X1 | 0.032 |   0.349 |    0.438 | 
     | FE_OFC1062_IFID_stall     | A ^ -> ZN v  | INV_X4   | 0.030 |   0.379 |    0.468 | 
     | datapath/g28571           | A1 v -> ZN v | AND2_X1  | 0.055 |   0.434 |    0.523 | 
     | datapath/IDEX_imm_reg[23] | D v          | DFFR_X1  | 0.000 |   0.434 |    0.523 | 
     +----------------------------------------------------------------------------------+ 
Path 35: VIOLATED Hold Check with Pin datapath/registers_RF_reg[13][21]/CK 
Endpoint:   datapath/registers_RF_reg[13][21]/SE (^) checked with  leading edge 
of 'clk'
Beginpoint: datapath/MEMWB_rd_reg[4]/QN          (v) triggered by  leading edge 
of 'clk'
Path Groups: {reg2reg}
Analysis View: RPT_TYP
Other End Arrival Time          0.439
+ Hold                         -0.006
+ Phase Shift                   0.000
- CPPR Adjustment               0.000
+ Uncertainty                   0.020
= Required Time                 0.454
  Arrival Time                  0.365
  Slack Time                   -0.088
     Clock Rise Edge                 0.000
     + Clock Network Latency (Prop)  0.112
     = Beginpoint Arrival Time       0.112
     +------------------------------------------------------------------------------------------+ 
     |             Instance              |     Arc      |   Cell   | Delay | Arrival | Required | 
     |                                   |              |          |       |  Time   |   Time   | 
     |-----------------------------------+--------------+----------+-------+---------+----------| 
     | datapath/MEMWB_rd_reg[4]          | CK ^         |          |       |   0.112 |    0.200 | 
     | datapath/MEMWB_rd_reg[4]          | CK ^ -> QN v | DFFR_X1  | 0.080 |   0.192 |    0.280 | 
     | datapath/FE_OFC312_n_567          | A v -> ZN ^  | INV_X4   | 0.028 |   0.220 |    0.309 | 
     | datapath/FE_OFC146_n_567          | A ^ -> ZN v  | INV_X1   | 0.025 |   0.246 |    0.334 | 
     | datapath/g38704                   | A2 v -> ZN ^ | NAND2_X1 | 0.032 |   0.277 |    0.365 | 
     | datapath/g38580                   | A1 ^ -> ZN ^ | OR2_X4   | 0.068 |   0.345 |    0.434 | 
     | datapath/registers_RF_reg[13][21] | SE ^         | SDFFR_X1 | 0.020 |   0.365 |    0.454 | 
     +------------------------------------------------------------------------------------------+ 
Path 36: VIOLATED Hold Check with Pin datapath/registers_RF_reg[13][25]/CK 
Endpoint:   datapath/registers_RF_reg[13][25]/SE (^) checked with  leading edge 
of 'clk'
Beginpoint: datapath/MEMWB_rd_reg[4]/QN          (v) triggered by  leading edge 
of 'clk'
Path Groups: {reg2reg}
Analysis View: RPT_TYP
Other End Arrival Time          0.439
+ Hold                         -0.006
+ Phase Shift                   0.000
- CPPR Adjustment               0.000
+ Uncertainty                   0.020
= Required Time                 0.453
  Arrival Time                  0.365
  Slack Time                   -0.088
     Clock Rise Edge                 0.000
     + Clock Network Latency (Prop)  0.112
     = Beginpoint Arrival Time       0.112
     +------------------------------------------------------------------------------------------+ 
     |             Instance              |     Arc      |   Cell   | Delay | Arrival | Required | 
     |                                   |              |          |       |  Time   |   Time   | 
     |-----------------------------------+--------------+----------+-------+---------+----------| 
     | datapath/MEMWB_rd_reg[4]          | CK ^         |          |       |   0.112 |    0.200 | 
     | datapath/MEMWB_rd_reg[4]          | CK ^ -> QN v | DFFR_X1  | 0.080 |   0.192 |    0.280 | 
     | datapath/FE_OFC312_n_567          | A v -> ZN ^  | INV_X4   | 0.028 |   0.220 |    0.309 | 
     | datapath/FE_OFC146_n_567          | A ^ -> ZN v  | INV_X1   | 0.025 |   0.246 |    0.334 | 
     | datapath/g38704                   | A2 v -> ZN ^ | NAND2_X1 | 0.032 |   0.277 |    0.365 | 
     | datapath/g38580                   | A1 ^ -> ZN ^ | OR2_X4   | 0.068 |   0.345 |    0.433 | 
     | datapath/registers_RF_reg[13][25] | SE ^         | SDFFR_X1 | 0.020 |   0.365 |    0.453 | 
     +------------------------------------------------------------------------------------------+ 
Path 37: VIOLATED Hold Check with Pin datapath/registers_RF_reg[11][21]/CK 
Endpoint:   datapath/registers_RF_reg[11][21]/SE (^) checked with  leading edge 
of 'clk'
Beginpoint: datapath/MEMWB_rd_reg[4]/QN          (v) triggered by  leading edge 
of 'clk'
Path Groups: {reg2reg}
Analysis View: RPT_TYP
Other End Arrival Time          0.440
+ Hold                         -0.004
+ Phase Shift                   0.000
- CPPR Adjustment               0.000
+ Uncertainty                   0.020
= Required Time                 0.455
  Arrival Time                  0.367
  Slack Time                   -0.088
     Clock Rise Edge                 0.000
     + Clock Network Latency (Prop)  0.112
     = Beginpoint Arrival Time       0.112
     +------------------------------------------------------------------------------------------+ 
     |             Instance              |     Arc      |   Cell   | Delay | Arrival | Required | 
     |                                   |              |          |       |  Time   |   Time   | 
     |-----------------------------------+--------------+----------+-------+---------+----------| 
     | datapath/MEMWB_rd_reg[4]          | CK ^         |          |       |   0.112 |    0.200 | 
     | datapath/MEMWB_rd_reg[4]          | CK ^ -> QN v | DFFR_X1  | 0.080 |   0.192 |    0.280 | 
     | datapath/FE_OFC312_n_567          | A v -> ZN ^  | INV_X4   | 0.028 |   0.220 |    0.308 | 
     | datapath/FE_OFC146_n_567          | A ^ -> ZN v  | INV_X1   | 0.025 |   0.246 |    0.334 | 
     | datapath/g38705                   | A2 v -> ZN ^ | NAND2_X1 | 0.032 |   0.278 |    0.366 | 
     | datapath/g38577                   | A1 ^ -> ZN ^ | OR2_X4   | 0.076 |   0.353 |    0.441 | 
     | datapath/registers_RF_reg[11][21] | SE ^         | SDFFR_X1 | 0.014 |   0.367 |    0.455 | 
     +------------------------------------------------------------------------------------------+ 
Path 38: VIOLATED Hold Check with Pin datapath/IDEX_imm_reg[22]/CK 
Endpoint:   datapath/IDEX_imm_reg[22]/D (v) checked with  leading edge of 'clk'
Beginpoint: datapath/EXMEM_rd_reg[2]/QN (v) triggered by  leading edge of 'clk'
Path Groups: {reg2reg}
Analysis View: RPT_TYP
Other End Arrival Time          0.497
+ Hold                          0.005
+ Phase Shift                   0.000
- CPPR Adjustment               0.000
+ Uncertainty                   0.020
= Required Time                 0.523
  Arrival Time                  0.435
  Slack Time                   -0.088
     Clock Rise Edge                 0.000
     + Clock Network Latency (Prop)  0.116
     = Beginpoint Arrival Time       0.116
     +----------------------------------------------------------------------------------+ 
     |         Instance          |     Arc      |   Cell   | Delay | Arrival | Required | 
     |                           |              |          |       |  Time   |   Time   | 
     |---------------------------+--------------+----------+-------+---------+----------| 
     | datapath/EXMEM_rd_reg[2]  | CK ^         |          |       |   0.116 |    0.204 | 
     | datapath/EXMEM_rd_reg[2]  | CK ^ -> QN v | DFFR_X1  | 0.075 |   0.191 |    0.279 | 
     | datapath/FE_OCPC498_n_526 | A v -> Z v   | BUF_X4   | 0.031 |   0.223 |    0.311 | 
     | datapath/FE_OCPC500_n_526 | A v -> ZN ^  | INV_X1   | 0.029 |   0.251 |    0.339 | 
     | g1970                     | A4 ^ -> ZN ^ | OR4_X1   | 0.035 |   0.286 |    0.374 | 
     | g1947                     | A4 ^ -> ZN v | NAND4_X1 | 0.031 |   0.317 |    0.405 | 
     | g1945                     | A2 v -> ZN ^ | NAND2_X1 | 0.032 |   0.349 |    0.437 | 
     | FE_OFC1062_IFID_stall     | A ^ -> ZN v  | INV_X4   | 0.030 |   0.379 |    0.467 | 
     | datapath/g28548           | A1 v -> ZN v | AND2_X1  | 0.056 |   0.435 |    0.523 | 
     | datapath/IDEX_imm_reg[22] | D v          | DFFR_X1  | 0.000 |   0.435 |    0.523 | 
     +----------------------------------------------------------------------------------+ 
Path 39: VIOLATED Hold Check with Pin datapath/registers_RF_reg[13][20]/CK 
Endpoint:   datapath/registers_RF_reg[13][20]/SE (^) checked with  leading edge 
of 'clk'
Beginpoint: datapath/MEMWB_rd_reg[4]/QN          (v) triggered by  leading edge 
of 'clk'
Path Groups: {reg2reg}
Analysis View: RPT_TYP
Other End Arrival Time          0.439
+ Hold                         -0.006
+ Phase Shift                   0.000
- CPPR Adjustment               0.000
+ Uncertainty                   0.020
= Required Time                 0.453
  Arrival Time                  0.365
  Slack Time                   -0.088
     Clock Rise Edge                 0.000
     + Clock Network Latency (Prop)  0.112
     = Beginpoint Arrival Time       0.112
     +------------------------------------------------------------------------------------------+ 
     |             Instance              |     Arc      |   Cell   | Delay | Arrival | Required | 
     |                                   |              |          |       |  Time   |   Time   | 
     |-----------------------------------+--------------+----------+-------+---------+----------| 
     | datapath/MEMWB_rd_reg[4]          | CK ^         |          |       |   0.112 |    0.199 | 
     | datapath/MEMWB_rd_reg[4]          | CK ^ -> QN v | DFFR_X1  | 0.080 |   0.192 |    0.280 | 
     | datapath/FE_OFC312_n_567          | A v -> ZN ^  | INV_X4   | 0.028 |   0.220 |    0.308 | 
     | datapath/FE_OFC146_n_567          | A ^ -> ZN v  | INV_X1   | 0.025 |   0.246 |    0.333 | 
     | datapath/g38704                   | A2 v -> ZN ^ | NAND2_X1 | 0.032 |   0.277 |    0.365 | 
     | datapath/g38580                   | A1 ^ -> ZN ^ | OR2_X4   | 0.068 |   0.345 |    0.433 | 
     | datapath/registers_RF_reg[13][20] | SE ^         | SDFFR_X1 | 0.020 |   0.365 |    0.453 | 
     +------------------------------------------------------------------------------------------+ 
Path 40: VIOLATED Hold Check with Pin datapath/registers_RF_reg[11][24]/CK 
Endpoint:   datapath/registers_RF_reg[11][24]/SE (^) checked with  leading edge 
of 'clk'
Beginpoint: datapath/MEMWB_rd_reg[4]/QN          (v) triggered by  leading edge 
of 'clk'
Path Groups: {reg2reg}
Analysis View: RPT_TYP
Other End Arrival Time          0.440
+ Hold                         -0.004
+ Phase Shift                   0.000
- CPPR Adjustment               0.000
+ Uncertainty                   0.020
= Required Time                 0.455
  Arrival Time                  0.367
  Slack Time                   -0.088
     Clock Rise Edge                 0.000
     + Clock Network Latency (Prop)  0.112
     = Beginpoint Arrival Time       0.112
     +------------------------------------------------------------------------------------------+ 
     |             Instance              |     Arc      |   Cell   | Delay | Arrival | Required | 
     |                                   |              |          |       |  Time   |   Time   | 
     |-----------------------------------+--------------+----------+-------+---------+----------| 
     | datapath/MEMWB_rd_reg[4]          | CK ^         |          |       |   0.112 |    0.199 | 
     | datapath/MEMWB_rd_reg[4]          | CK ^ -> QN v | DFFR_X1  | 0.080 |   0.192 |    0.280 | 
     | datapath/FE_OFC312_n_567          | A v -> ZN ^  | INV_X4   | 0.028 |   0.220 |    0.308 | 
     | datapath/FE_OFC146_n_567          | A ^ -> ZN v  | INV_X1   | 0.025 |   0.246 |    0.333 | 
     | datapath/g38705                   | A2 v -> ZN ^ | NAND2_X1 | 0.032 |   0.278 |    0.365 | 
     | datapath/g38577                   | A1 ^ -> ZN ^ | OR2_X4   | 0.076 |   0.353 |    0.441 | 
     | datapath/registers_RF_reg[11][24] | SE ^         | SDFFR_X1 | 0.014 |   0.367 |    0.455 | 
     +------------------------------------------------------------------------------------------+ 
Path 41: VIOLATED Hold Check with Pin datapath/IF_pc_reg[5]/CK 
Endpoint:   datapath/IF_pc_reg[5]/D (^) checked with  leading edge of 'clk'
Beginpoint: datapath/IF_pc_reg[3]/Q (v) triggered by  leading edge of 'clk'
Path Groups: {reg2reg}
Analysis View: RPT_TYP
Other End Arrival Time          0.429
+ Hold                         -0.010
+ Phase Shift                   0.000
- CPPR Adjustment               0.000
+ Uncertainty                   0.020
= Required Time                 0.439
  Arrival Time                  0.352
  Slack Time                   -0.087
     Clock Rise Edge                 0.000
     + Clock Network Latency (Prop)  0.116
     = Beginpoint Arrival Time       0.116
     +------------------------------------------------------------------------------------------------------+ 
     |                   Instance                    |     Arc      |   Cell   | Delay | Arrival | Required | 
     |                                               |              |          |       |  Time   |   Time   | 
     |-----------------------------------------------+--------------+----------+-------+---------+----------| 
     | datapath/IF_pc_reg[3]                         | CK ^         |          |       |   0.116 |    0.203 | 
     | datapath/IF_pc_reg[3]                         | CK ^ -> Q v  | SDFFR_X2 | 0.104 |   0.220 |    0.308 | 
     | datapath/pc_plus_4/FA_GEN[3].fa_i/g2          | B v -> CO v  | HA_X1    | 0.040 |   0.260 |    0.347 | 
     | datapath/pc_plus_4/FA_GEN[4].fa_i/FE_RC_447_0 | A2 v -> ZN v | AND2_X2  | 0.031 |   0.292 |    0.379 | 
     | datapath/pc_plus_4/FA_GEN[5].fa_i/g2          | A v -> S ^   | HA_X1    | 0.023 |   0.315 |    0.402 | 
     | datapath/branch_or_inc_4/g819__2883           | A ^ -> Z ^   | MUX2_X1  | 0.037 |   0.352 |    0.439 | 
     | datapath/IF_pc_reg[5]                         | D ^          | SDFFR_X2 | 0.000 |   0.352 |    0.439 | 
     +------------------------------------------------------------------------------------------------------+ 
Path 42: VIOLATED Hold Check with Pin datapath/registers_RF_reg[13][24]/CK 
Endpoint:   datapath/registers_RF_reg[13][24]/SE (^) checked with  leading edge 
of 'clk'
Beginpoint: datapath/MEMWB_rd_reg[4]/QN          (v) triggered by  leading edge 
of 'clk'
Path Groups: {reg2reg}
Analysis View: RPT_TYP
Other End Arrival Time          0.438
+ Hold                         -0.006
+ Phase Shift                   0.000
- CPPR Adjustment               0.000
+ Uncertainty                   0.020
= Required Time                 0.452
  Arrival Time                  0.366
  Slack Time                   -0.086
     Clock Rise Edge                 0.000
     + Clock Network Latency (Prop)  0.112
     = Beginpoint Arrival Time       0.112
     +------------------------------------------------------------------------------------------+ 
     |             Instance              |     Arc      |   Cell   | Delay | Arrival | Required | 
     |                                   |              |          |       |  Time   |   Time   | 
     |-----------------------------------+--------------+----------+-------+---------+----------| 
     | datapath/MEMWB_rd_reg[4]          | CK ^         |          |       |   0.112 |    0.198 | 
     | datapath/MEMWB_rd_reg[4]          | CK ^ -> QN v | DFFR_X1  | 0.080 |   0.192 |    0.278 | 
     | datapath/FE_OFC312_n_567          | A v -> ZN ^  | INV_X4   | 0.028 |   0.220 |    0.307 | 
     | datapath/FE_OFC146_n_567          | A ^ -> ZN v  | INV_X1   | 0.025 |   0.246 |    0.332 | 
     | datapath/g38704                   | A2 v -> ZN ^ | NAND2_X1 | 0.032 |   0.277 |    0.363 | 
     | datapath/g38580                   | A1 ^ -> ZN ^ | OR2_X4   | 0.068 |   0.345 |    0.432 | 
     | datapath/registers_RF_reg[13][24] | SE ^         | SDFFR_X1 | 0.021 |   0.366 |    0.452 | 
     +------------------------------------------------------------------------------------------+ 
Path 43: VIOLATED Hold Check with Pin datapath/registers_RF_reg[13][28]/CK 
Endpoint:   datapath/registers_RF_reg[13][28]/SE (^) checked with  leading edge 
of 'clk'
Beginpoint: datapath/MEMWB_rd_reg[4]/QN          (v) triggered by  leading edge 
of 'clk'
Path Groups: {reg2reg}
Analysis View: RPT_TYP
Other End Arrival Time          0.438
+ Hold                         -0.006
+ Phase Shift                   0.000
- CPPR Adjustment               0.000
+ Uncertainty                   0.020
= Required Time                 0.452
  Arrival Time                  0.366
  Slack Time                   -0.086
     Clock Rise Edge                 0.000
     + Clock Network Latency (Prop)  0.112
     = Beginpoint Arrival Time       0.112
     +------------------------------------------------------------------------------------------+ 
     |             Instance              |     Arc      |   Cell   | Delay | Arrival | Required | 
     |                                   |              |          |       |  Time   |   Time   | 
     |-----------------------------------+--------------+----------+-------+---------+----------| 
     | datapath/MEMWB_rd_reg[4]          | CK ^         |          |       |   0.112 |    0.198 | 
     | datapath/MEMWB_rd_reg[4]          | CK ^ -> QN v | DFFR_X1  | 0.080 |   0.192 |    0.278 | 
     | datapath/FE_OFC312_n_567          | A v -> ZN ^  | INV_X4   | 0.028 |   0.220 |    0.306 | 
     | datapath/FE_OFC146_n_567          | A ^ -> ZN v  | INV_X1   | 0.025 |   0.246 |    0.332 | 
     | datapath/g38704                   | A2 v -> ZN ^ | NAND2_X1 | 0.032 |   0.277 |    0.363 | 
     | datapath/g38580                   | A1 ^ -> ZN ^ | OR2_X4   | 0.068 |   0.345 |    0.431 | 
     | datapath/registers_RF_reg[13][28] | SE ^         | SDFFR_X1 | 0.021 |   0.366 |    0.452 | 
     +------------------------------------------------------------------------------------------+ 
Path 44: VIOLATED Hold Check with Pin datapath/registers_RF_reg[13][29]/CK 
Endpoint:   datapath/registers_RF_reg[13][29]/SE (^) checked with  leading edge 
of 'clk'
Beginpoint: datapath/MEMWB_rd_reg[4]/QN          (v) triggered by  leading edge 
of 'clk'
Path Groups: {reg2reg}
Analysis View: RPT_TYP
Other End Arrival Time          0.438
+ Hold                         -0.006
+ Phase Shift                   0.000
- CPPR Adjustment               0.000
+ Uncertainty                   0.020
= Required Time                 0.452
  Arrival Time                  0.366
  Slack Time                   -0.086
     Clock Rise Edge                 0.000
     + Clock Network Latency (Prop)  0.112
     = Beginpoint Arrival Time       0.112
     +------------------------------------------------------------------------------------------+ 
     |             Instance              |     Arc      |   Cell   | Delay | Arrival | Required | 
     |                                   |              |          |       |  Time   |   Time   | 
     |-----------------------------------+--------------+----------+-------+---------+----------| 
     | datapath/MEMWB_rd_reg[4]          | CK ^         |          |       |   0.112 |    0.198 | 
     | datapath/MEMWB_rd_reg[4]          | CK ^ -> QN v | DFFR_X1  | 0.080 |   0.192 |    0.278 | 
     | datapath/FE_OFC312_n_567          | A v -> ZN ^  | INV_X4   | 0.028 |   0.220 |    0.306 | 
     | datapath/FE_OFC146_n_567          | A ^ -> ZN v  | INV_X1   | 0.025 |   0.246 |    0.332 | 
     | datapath/g38704                   | A2 v -> ZN ^ | NAND2_X1 | 0.032 |   0.277 |    0.363 | 
     | datapath/g38580                   | A1 ^ -> ZN ^ | OR2_X4   | 0.068 |   0.345 |    0.431 | 
     | datapath/registers_RF_reg[13][29] | SE ^         | SDFFR_X1 | 0.021 |   0.366 |    0.452 | 
     +------------------------------------------------------------------------------------------+ 
Path 45: VIOLATED Hold Check with Pin datapath/registers_RF_reg[11][25]/CK 
Endpoint:   datapath/registers_RF_reg[11][25]/SE (^) checked with  leading edge 
of 'clk'
Beginpoint: datapath/MEMWB_rd_reg[4]/QN          (v) triggered by  leading edge 
of 'clk'
Path Groups: {reg2reg}
Analysis View: RPT_TYP
Other End Arrival Time          0.438
+ Hold                         -0.005
+ Phase Shift                   0.000
- CPPR Adjustment               0.000
+ Uncertainty                   0.020
= Required Time                 0.454
  Arrival Time                  0.368
  Slack Time                   -0.086
     Clock Rise Edge                 0.000
     + Clock Network Latency (Prop)  0.112
     = Beginpoint Arrival Time       0.112
     +------------------------------------------------------------------------------------------+ 
     |             Instance              |     Arc      |   Cell   | Delay | Arrival | Required | 
     |                                   |              |          |       |  Time   |   Time   | 
     |-----------------------------------+--------------+----------+-------+---------+----------| 
     | datapath/MEMWB_rd_reg[4]          | CK ^         |          |       |   0.112 |    0.198 | 
     | datapath/MEMWB_rd_reg[4]          | CK ^ -> QN v | DFFR_X1  | 0.080 |   0.192 |    0.278 | 
     | datapath/FE_OFC312_n_567          | A v -> ZN ^  | INV_X4   | 0.028 |   0.220 |    0.306 | 
     | datapath/FE_OFC146_n_567          | A ^ -> ZN v  | INV_X1   | 0.025 |   0.246 |    0.332 | 
     | datapath/g38705                   | A2 v -> ZN ^ | NAND2_X1 | 0.032 |   0.278 |    0.364 | 
     | datapath/g38577                   | A1 ^ -> ZN ^ | OR2_X4   | 0.076 |   0.353 |    0.439 | 
     | datapath/registers_RF_reg[11][25] | SE ^         | SDFFR_X1 | 0.014 |   0.368 |    0.454 | 
     +------------------------------------------------------------------------------------------+ 
Path 46: VIOLATED Hold Check with Pin datapath/registers_RF_reg[11][28]/CK 
Endpoint:   datapath/registers_RF_reg[11][28]/SE (^) checked with  leading edge 
of 'clk'
Beginpoint: datapath/MEMWB_rd_reg[4]/QN          (v) triggered by  leading edge 
of 'clk'
Path Groups: {reg2reg}
Analysis View: RPT_TYP
Other End Arrival Time          0.438
+ Hold                         -0.005
+ Phase Shift                   0.000
- CPPR Adjustment               0.000
+ Uncertainty                   0.020
= Required Time                 0.454
  Arrival Time                  0.368
  Slack Time                   -0.085
     Clock Rise Edge                 0.000
     + Clock Network Latency (Prop)  0.112
     = Beginpoint Arrival Time       0.112
     +------------------------------------------------------------------------------------------+ 
     |             Instance              |     Arc      |   Cell   | Delay | Arrival | Required | 
     |                                   |              |          |       |  Time   |   Time   | 
     |-----------------------------------+--------------+----------+-------+---------+----------| 
     | datapath/MEMWB_rd_reg[4]          | CK ^         |          |       |   0.112 |    0.197 | 
     | datapath/MEMWB_rd_reg[4]          | CK ^ -> QN v | DFFR_X1  | 0.080 |   0.192 |    0.277 | 
     | datapath/FE_OFC312_n_567          | A v -> ZN ^  | INV_X4   | 0.028 |   0.220 |    0.306 | 
     | datapath/FE_OFC146_n_567          | A ^ -> ZN v  | INV_X1   | 0.025 |   0.246 |    0.331 | 
     | datapath/g38705                   | A2 v -> ZN ^ | NAND2_X1 | 0.032 |   0.278 |    0.363 | 
     | datapath/g38577                   | A1 ^ -> ZN ^ | OR2_X4   | 0.076 |   0.353 |    0.439 | 
     | datapath/registers_RF_reg[11][28] | SE ^         | SDFFR_X1 | 0.015 |   0.368 |    0.454 | 
     +------------------------------------------------------------------------------------------+ 
Path 47: VIOLATED Hold Check with Pin datapath/registers_RF_reg[11][29]/CK 
Endpoint:   datapath/registers_RF_reg[11][29]/SE (^) checked with  leading edge 
of 'clk'
Beginpoint: datapath/MEMWB_rd_reg[4]/QN          (v) triggered by  leading edge 
of 'clk'
Path Groups: {reg2reg}
Analysis View: RPT_TYP
Other End Arrival Time          0.438
+ Hold                         -0.005
+ Phase Shift                   0.000
- CPPR Adjustment               0.000
+ Uncertainty                   0.020
= Required Time                 0.454
  Arrival Time                  0.369
  Slack Time                   -0.085
     Clock Rise Edge                 0.000
     + Clock Network Latency (Prop)  0.112
     = Beginpoint Arrival Time       0.112
     +------------------------------------------------------------------------------------------+ 
     |             Instance              |     Arc      |   Cell   | Delay | Arrival | Required | 
     |                                   |              |          |       |  Time   |   Time   | 
     |-----------------------------------+--------------+----------+-------+---------+----------| 
     | datapath/MEMWB_rd_reg[4]          | CK ^         |          |       |   0.112 |    0.197 | 
     | datapath/MEMWB_rd_reg[4]          | CK ^ -> QN v | DFFR_X1  | 0.080 |   0.192 |    0.277 | 
     | datapath/FE_OFC312_n_567          | A v -> ZN ^  | INV_X4   | 0.028 |   0.220 |    0.305 | 
     | datapath/FE_OFC146_n_567          | A ^ -> ZN v  | INV_X1   | 0.025 |   0.246 |    0.331 | 
     | datapath/g38705                   | A2 v -> ZN ^ | NAND2_X1 | 0.032 |   0.278 |    0.363 | 
     | datapath/g38577                   | A1 ^ -> ZN ^ | OR2_X4   | 0.076 |   0.353 |    0.438 | 
     | datapath/registers_RF_reg[11][29] | SE ^         | SDFFR_X1 | 0.015 |   0.369 |    0.454 | 
     +------------------------------------------------------------------------------------------+ 
Path 48: VIOLATED Hold Check with Pin datapath/registers_RF_reg[15][14]/CK 
Endpoint:   datapath/registers_RF_reg[15][14]/D (v) checked with  leading edge 
of 'clk'
Beginpoint: datapath/MEMWB_memToReg_reg/QN      (v) triggered by  leading edge 
of 'clk'
Path Groups: {reg2reg}
Analysis View: RPT_TYP
Other End Arrival Time          0.439
+ Hold                         -0.024
+ Phase Shift                   0.000
- CPPR Adjustment               0.000
+ Uncertainty                   0.020
= Required Time                 0.435
  Arrival Time                  0.352
  Slack Time                   -0.084
     Clock Rise Edge                 0.000
     + Clock Network Latency (Prop)  0.116
     = Beginpoint Arrival Time       0.116
     +------------------------------------------------------------------------------------------+ 
     |             Instance              |     Arc      |   Cell   | Delay | Arrival | Required | 
     |                                   |              |          |       |  Time   |   Time   | 
     |-----------------------------------+--------------+----------+-------+---------+----------| 
     | datapath/MEMWB_memToReg_reg       | CK ^         |          |       |   0.116 |    0.200 | 
     | datapath/MEMWB_memToReg_reg       | CK ^ -> QN v | DFFR_X1  | 0.090 |   0.206 |    0.290 | 
     | datapath/FE_OFC847_n_454          | A v -> ZN ^  | INV_X8   | 0.029 |   0.235 |    0.319 | 
     | datapath/FE_OFC851_n_454          | A ^ -> ZN v  | INV_X4   | 0.032 |   0.268 |    0.351 | 
     | datapath/g28223                   | S v -> Z v   | MUX2_X2  | 0.081 |   0.348 |    0.432 | 
     | datapath/registers_RF_reg[15][14] | D v          | SDFFR_X1 | 0.004 |   0.352 |    0.435 | 
     +------------------------------------------------------------------------------------------+ 
Path 49: VIOLATED Hold Check with Pin datapath/registers_RF_reg[11][14]/CK 
Endpoint:   datapath/registers_RF_reg[11][14]/D (v) checked with  leading edge 
of 'clk'
Beginpoint: datapath/MEMWB_memToReg_reg/QN      (v) triggered by  leading edge 
of 'clk'
Path Groups: {reg2reg}
Analysis View: RPT_TYP
Other End Arrival Time          0.439
+ Hold                         -0.024
+ Phase Shift                   0.000
- CPPR Adjustment               0.000
+ Uncertainty                   0.020
= Required Time                 0.435
  Arrival Time                  0.352
  Slack Time                   -0.084
     Clock Rise Edge                 0.000
     + Clock Network Latency (Prop)  0.116
     = Beginpoint Arrival Time       0.116
     +------------------------------------------------------------------------------------------+ 
     |             Instance              |     Arc      |   Cell   | Delay | Arrival | Required | 
     |                                   |              |          |       |  Time   |   Time   | 
     |-----------------------------------+--------------+----------+-------+---------+----------| 
     | datapath/MEMWB_memToReg_reg       | CK ^         |          |       |   0.116 |    0.200 | 
     | datapath/MEMWB_memToReg_reg       | CK ^ -> QN v | DFFR_X1  | 0.090 |   0.206 |    0.290 | 
     | datapath/FE_OFC847_n_454          | A v -> ZN ^  | INV_X8   | 0.029 |   0.235 |    0.319 | 
     | datapath/FE_OFC851_n_454          | A ^ -> ZN v  | INV_X4   | 0.032 |   0.268 |    0.351 | 
     | datapath/g28223                   | S v -> Z v   | MUX2_X2  | 0.081 |   0.348 |    0.432 | 
     | datapath/registers_RF_reg[11][14] | D v          | SDFFR_X1 | 0.004 |   0.352 |    0.435 | 
     +------------------------------------------------------------------------------------------+ 
Path 50: VIOLATED Hold Check with Pin datapath/registers_RF_reg[10][14]/CK 
Endpoint:   datapath/registers_RF_reg[10][14]/D (v) checked with  leading edge 
of 'clk'
Beginpoint: datapath/MEMWB_memToReg_reg/QN      (v) triggered by  leading edge 
of 'clk'
Path Groups: {reg2reg}
Analysis View: RPT_TYP
Other End Arrival Time          0.439
+ Hold                         -0.024
+ Phase Shift                   0.000
- CPPR Adjustment               0.000
+ Uncertainty                   0.020
= Required Time                 0.435
  Arrival Time                  0.352
  Slack Time                   -0.084
     Clock Rise Edge                 0.000
     + Clock Network Latency (Prop)  0.116
     = Beginpoint Arrival Time       0.116
     +------------------------------------------------------------------------------------------+ 
     |             Instance              |     Arc      |   Cell   | Delay | Arrival | Required | 
     |                                   |              |          |       |  Time   |   Time   | 
     |-----------------------------------+--------------+----------+-------+---------+----------| 
     | datapath/MEMWB_memToReg_reg       | CK ^         |          |       |   0.116 |    0.200 | 
     | datapath/MEMWB_memToReg_reg       | CK ^ -> QN v | DFFR_X1  | 0.090 |   0.206 |    0.290 | 
     | datapath/FE_OFC847_n_454          | A v -> ZN ^  | INV_X8   | 0.029 |   0.235 |    0.319 | 
     | datapath/FE_OFC851_n_454          | A ^ -> ZN v  | INV_X4   | 0.032 |   0.268 |    0.351 | 
     | datapath/g28223                   | S v -> Z v   | MUX2_X2  | 0.081 |   0.348 |    0.432 | 
     | datapath/registers_RF_reg[10][14] | D v          | SDFFR_X1 | 0.004 |   0.352 |    0.435 | 
     +------------------------------------------------------------------------------------------+ 

