###############################################################
#  Generated by:      Cadence Innovus 23.12-s091_1
#  OS:                Linux x86_64(Host ID nanohub-2907946-1)
#  Generated on:      Tue Aug 11 19:47:26 2026
#  Design:            pipelined_cpu_core
#  Command:           route_opt_design
###############################################################

------------------------------------------------------------------
     optDesign Final SI Timing Summary
------------------------------------------------------------------

+--------------------+---------+---------+---------+
|     Setup mode     |   all   | reg2reg | default |
+--------------------+---------+---------+---------+
|           WNS (ns):| -1.263  | -1.263  |  0.032  |
|           TNS (ns):| -28.356 | -28.356 |  0.000  |
|    Violating Paths:|   90    |   90    |    0    |
|          All Paths:|  3527   |  3329   |   230   |
+--------------------+---------+---------+---------+

+----------------+-------------------------------+------------------+
|                |              Real             |       Total      |
|    DRVs        +------------------+------------+------------------|
|                |  Nr nets(terms)  | Worst Vio  |  Nr nets(terms)  |
+----------------+------------------+------------+------------------+
|   max_cap      |      0 (0)       |   0.000    |      0 (0)       |
|   max_tran     |      0 (0)       |   0.000    |      0 (0)       |
|   max_fanout   |    173 (173)     |    -55     |    173 (173)     |
|   max_length   |      0 (0)       |     0      |      0 (0)       |
+----------------+------------------+------------+------------------+

Density: 77.858%
       (99.994% with Fillers)
------------------------------------------------------------------
