###############################################################
#  Generated by:      Cadence Innovus 23.12-s091_1
#  OS:                Linux x86_64(Host ID nanohub-2907946-1)
#  Generated on:      Tue Aug 11 19:49:45 2026
#  Design:            pipelined_cpu_core
#  Command:           timeDesign -postRoute -hold -expandedViews -outDir cornerReports
###############################################################

------------------------------------------------------------------
          timeDesign Summary
------------------------------------------------------------------

+--------------------+---------+---------+---------+
|     Hold mode      |   all   | reg2reg | default |
+--------------------+---------+---------+---------+
|           WNS (ns):| -0.583  | -0.471  | -0.583  |
|           TNS (ns):| -32.259 | -25.807 | -6.453  |
|    Violating Paths:|   421   |   391   |   30    |
|          All Paths:|  3527   |  3329   |   230   |
+--------------------+---------+---------+---------+
|RPT_SLOW            | -0.583  | -0.471  | -0.583  |
|                    | -29.054 | -22.601 | -6.453  |
|                    |   226   |   196   |   30    |
|                    |  3527   |  3329   |   230   |
+--------------------+---------+---------+---------+
|RPT_TYP             | -0.168  | -0.168  |  0.264  |
|                    | -12.828 | -12.828 |  0.000  |
|                    |   316   |   316   |    0    |
|                    |  3527   |  3329   |   230   |
+--------------------+---------+---------+---------+
|RPT_FAST            | -0.115  | -0.115  |  0.425  |
|                    | -12.212 | -12.212 |  0.000  |
|                    |   391   |   391   |    0    |
|                    |  3527   |  3329   |   230   |
+--------------------+---------+---------+---------+

Density: 77.858%
       (99.994% with Fillers)
------------------------------------------------------------------
