###############################################################
#  Generated by:      Cadence Innovus 23.12-s091_1
#  OS:                Linux x86_64(Host ID nanohub-2907946-1)
#  Generated on:      Tue Aug 11 19:00:09 2026
#  Design:            pipelined_cpu_core
#  Command:           report_timing -late  -view RPT_TYP -max_paths 50 -nworst 1 > reports/40_setup_typ.rpt
###############################################################
Path 1: MET Late External Delay Assertion 
Endpoint:   dbg_wb_data[31]                (v) checked with  leading edge of 
'clk'
Beginpoint: datapath/MEMWB_memToReg_reg/QN (v) triggered by  leading edge of 
'clk'
Path Groups: {clk}
Analysis View: RPT_TYP
Other End Arrival Time          0.000
- External Delay                1.260
+ Phase Shift                   4.200
+ CPPR Adjustment               0.000
- Uncertainty                   0.100
= Required Time                 2.840
- Arrival Time                  0.518
= Slack Time                    2.322
     Clock Rise Edge                 0.000
     + Clock Network Latency (Prop)  0.169
     = Beginpoint Arrival Time       0.169
     +----------------------------------------------------------------------------------------------+ 
     |             Instance              |        Arc        |  Cell   | Delay | Arrival | Required | 
     |                                   |                   |         |       |  Time   |   Time   | 
     |-----------------------------------+-------------------+---------+-------+---------+----------| 
     | datapath/MEMWB_memToReg_reg       | CK ^              |         |       |   0.169 |    2.492 | 
     | datapath/MEMWB_memToReg_reg       | CK ^ -> QN v      | DFFR_X1 | 0.082 |   0.251 |    2.574 | 
     | datapath/FE_OFC580_MEMWB_memToReg | A v -> ZN ^       | INV_X2  | 0.036 |   0.288 |    2.610 | 
     | datapath/FE_OFC741_FE_RN_2_0      | A ^ -> ZN v       | INV_X4  | 0.028 |   0.316 |    2.638 | 
     | datapath/FE_OFC742_FE_RN_2_0      | A v -> ZN ^       | INV_X1  | 0.073 |   0.389 |    2.711 | 
     | datapath/g26960                   | S ^ -> Z v        | MUX2_X2 | 0.129 |   0.517 |    2.840 | 
     |                                   | dbg_wb_data[31] v |         | 0.000 |   0.518 |    2.840 | 
     +----------------------------------------------------------------------------------------------+ 
Path 2: MET Late External Delay Assertion 
Endpoint:   dbg_wb_data[29]                (^) checked with  leading edge of 
'clk'
Beginpoint: datapath/MEMWB_memToReg_reg/QN (^) triggered by  leading edge of 
'clk'
Path Groups: {clk}
Analysis View: RPT_TYP
Other End Arrival Time          0.000
- External Delay                1.260
+ Phase Shift                   4.200
+ CPPR Adjustment               0.000
- Uncertainty                   0.100
= Required Time                 2.840
- Arrival Time                  0.515
= Slack Time                    2.325
     Clock Rise Edge                 0.000
     + Clock Network Latency (Prop)  0.169
     = Beginpoint Arrival Time       0.169
     +----------------------------------------------------------------------------------------------+ 
     |             Instance              |        Arc        |  Cell   | Delay | Arrival | Required | 
     |                                   |                   |         |       |  Time   |   Time   | 
     |-----------------------------------+-------------------+---------+-------+---------+----------| 
     | datapath/MEMWB_memToReg_reg       | CK ^              |         |       |   0.169 |    2.494 | 
     | datapath/MEMWB_memToReg_reg       | CK ^ -> QN ^      | DFFR_X1 | 0.086 |   0.255 |    2.580 | 
     | datapath/FE_OFC580_MEMWB_memToReg | A ^ -> ZN v       | INV_X2  | 0.023 |   0.278 |    2.603 | 
     | datapath/FE_OFC741_FE_RN_2_0      | A v -> ZN ^       | INV_X4  | 0.044 |   0.322 |    2.646 | 
     | datapath/FE_OFC742_FE_RN_2_0      | A ^ -> ZN v       | INV_X1  | 0.048 |   0.370 |    2.694 | 
     | datapath/g26959                   | S v -> Z ^        | MUX2_X2 | 0.146 |   0.515 |    2.840 | 
     |                                   | dbg_wb_data[29] ^ |         | 0.000 |   0.515 |    2.840 | 
     +----------------------------------------------------------------------------------------------+ 
Path 3: MET Late External Delay Assertion 
Endpoint:   dbg_wb_data[27]                (v) checked with  leading edge of 
'clk'
Beginpoint: datapath/MEMWB_memToReg_reg/QN (v) triggered by  leading edge of 
'clk'
Path Groups: {clk}
Analysis View: RPT_TYP
Other End Arrival Time          0.000
- External Delay                1.260
+ Phase Shift                   4.200
+ CPPR Adjustment               0.000
- Uncertainty                   0.100
= Required Time                 2.840
- Arrival Time                  0.515
= Slack Time                    2.325
     Clock Rise Edge                 0.000
     + Clock Network Latency (Prop)  0.169
     = Beginpoint Arrival Time       0.169
     +----------------------------------------------------------------------------------------------+ 
     |             Instance              |        Arc        |  Cell   | Delay | Arrival | Required | 
     |                                   |                   |         |       |  Time   |   Time   | 
     |-----------------------------------+-------------------+---------+-------+---------+----------| 
     | datapath/MEMWB_memToReg_reg       | CK ^              |         |       |   0.169 |    2.494 | 
     | datapath/MEMWB_memToReg_reg       | CK ^ -> QN v      | DFFR_X1 | 0.082 |   0.251 |    2.576 | 
     | datapath/FE_OFC580_MEMWB_memToReg | A v -> ZN ^       | INV_X2  | 0.036 |   0.288 |    2.612 | 
     | datapath/FE_OFC741_FE_RN_2_0      | A ^ -> ZN v       | INV_X4  | 0.028 |   0.316 |    2.641 | 
     | datapath/FE_OFC742_FE_RN_2_0      | A v -> ZN ^       | INV_X1  | 0.073 |   0.389 |    2.714 | 
     | datapath/g26961                   | S ^ -> Z v        | MUX2_X2 | 0.126 |   0.515 |    2.840 | 
     |                                   | dbg_wb_data[27] v |         | 0.000 |   0.515 |    2.840 | 
     +----------------------------------------------------------------------------------------------+ 
Path 4: MET Late External Delay Assertion 
Endpoint:   dbg_wb_data[24]                (v) checked with  leading edge of 
'clk'
Beginpoint: datapath/MEMWB_memToReg_reg/QN (v) triggered by  leading edge of 
'clk'
Path Groups: {clk}
Analysis View: RPT_TYP
Other End Arrival Time          0.000
- External Delay                1.260
+ Phase Shift                   4.200
+ CPPR Adjustment               0.000
- Uncertainty                   0.100
= Required Time                 2.840
- Arrival Time                  0.515
= Slack Time                    2.325
     Clock Rise Edge                 0.000
     + Clock Network Latency (Prop)  0.169
     = Beginpoint Arrival Time       0.169
     +----------------------------------------------------------------------------------------------+ 
     |             Instance              |        Arc        |  Cell   | Delay | Arrival | Required | 
     |                                   |                   |         |       |  Time   |   Time   | 
     |-----------------------------------+-------------------+---------+-------+---------+----------| 
     | datapath/MEMWB_memToReg_reg       | CK ^              |         |       |   0.169 |    2.495 | 
     | datapath/MEMWB_memToReg_reg       | CK ^ -> QN v      | DFFR_X1 | 0.082 |   0.251 |    2.577 | 
     | datapath/FE_OFC580_MEMWB_memToReg | A v -> ZN ^       | INV_X2  | 0.036 |   0.288 |    2.613 | 
     | datapath/FE_OFC741_FE_RN_2_0      | A ^ -> ZN v       | INV_X4  | 0.028 |   0.316 |    2.641 | 
     | datapath/FE_OFC742_FE_RN_2_0      | A v -> ZN ^       | INV_X1  | 0.073 |   0.389 |    2.714 | 
     | datapath/g26955                   | S ^ -> Z v        | MUX2_X2 | 0.126 |   0.515 |    2.840 | 
     |                                   | dbg_wb_data[24] v |         | 0.000 |   0.515 |    2.840 | 
     +----------------------------------------------------------------------------------------------+ 
Path 5: MET Late External Delay Assertion 
Endpoint:   dbg_wb_data[28]                (v) checked with  leading edge of 
'clk'
Beginpoint: datapath/MEMWB_memToReg_reg/QN (v) triggered by  leading edge of 
'clk'
Path Groups: {clk}
Analysis View: RPT_TYP
Other End Arrival Time          0.000
- External Delay                1.260
+ Phase Shift                   4.200
+ CPPR Adjustment               0.000
- Uncertainty                   0.100
= Required Time                 2.840
- Arrival Time                  0.514
= Slack Time                    2.326
     Clock Rise Edge                 0.000
     + Clock Network Latency (Prop)  0.169
     = Beginpoint Arrival Time       0.169
     +----------------------------------------------------------------------------------------------+ 
     |             Instance              |        Arc        |  Cell   | Delay | Arrival | Required | 
     |                                   |                   |         |       |  Time   |   Time   | 
     |-----------------------------------+-------------------+---------+-------+---------+----------| 
     | datapath/MEMWB_memToReg_reg       | CK ^              |         |       |   0.169 |    2.495 | 
     | datapath/MEMWB_memToReg_reg       | CK ^ -> QN v      | DFFR_X1 | 0.082 |   0.251 |    2.577 | 
     | datapath/FE_OFC580_MEMWB_memToReg | A v -> ZN ^       | INV_X2  | 0.036 |   0.288 |    2.613 | 
     | datapath/FE_OFC741_FE_RN_2_0      | A ^ -> ZN v       | INV_X4  | 0.028 |   0.316 |    2.641 | 
     | datapath/FE_OFC742_FE_RN_2_0      | A v -> ZN ^       | INV_X1  | 0.073 |   0.389 |    2.714 | 
     | datapath/g26957                   | S ^ -> Z v        | MUX2_X2 | 0.126 |   0.515 |    2.840 | 
     |                                   | dbg_wb_data[28] v |         | 0.000 |   0.514 |    2.840 | 
     +----------------------------------------------------------------------------------------------+ 
Path 6: MET Late External Delay Assertion 
Endpoint:   dbg_wb_data[26]                (v) checked with  leading edge of 
'clk'
Beginpoint: datapath/MEMWB_memToReg_reg/QN (v) triggered by  leading edge of 
'clk'
Path Groups: {clk}
Analysis View: RPT_TYP
Other End Arrival Time          0.000
- External Delay                1.260
+ Phase Shift                   4.200
+ CPPR Adjustment               0.000
- Uncertainty                   0.100
= Required Time                 2.840
- Arrival Time                  0.512
= Slack Time                    2.328
     Clock Rise Edge                 0.000
     + Clock Network Latency (Prop)  0.169
     = Beginpoint Arrival Time       0.169
     +----------------------------------------------------------------------------------------------+ 
     |             Instance              |        Arc        |  Cell   | Delay | Arrival | Required | 
     |                                   |                   |         |       |  Time   |   Time   | 
     |-----------------------------------+-------------------+---------+-------+---------+----------| 
     | datapath/MEMWB_memToReg_reg       | CK ^              |         |       |   0.169 |    2.497 | 
     | datapath/MEMWB_memToReg_reg       | CK ^ -> QN v      | DFFR_X1 | 0.082 |   0.251 |    2.579 | 
     | datapath/FE_OFC580_MEMWB_memToReg | A v -> ZN ^       | INV_X2  | 0.036 |   0.288 |    2.615 | 
     | datapath/FE_OFC741_FE_RN_2_0      | A ^ -> ZN v       | INV_X4  | 0.028 |   0.316 |    2.644 | 
     | datapath/FE_OFC742_FE_RN_2_0      | A v -> ZN ^       | INV_X1  | 0.073 |   0.389 |    2.717 | 
     | datapath/g26958                   | S ^ -> Z v        | MUX2_X2 | 0.123 |   0.512 |    2.840 | 
     |                                   | dbg_wb_data[26] v |         | 0.000 |   0.512 |    2.840 | 
     +----------------------------------------------------------------------------------------------+ 
Path 7: MET Late External Delay Assertion 
Endpoint:   dbg_wb_data[30]                (v) checked with  leading edge of 
'clk'
Beginpoint: datapath/MEMWB_memToReg_reg/QN (v) triggered by  leading edge of 
'clk'
Path Groups: {clk}
Analysis View: RPT_TYP
Other End Arrival Time          0.000
- External Delay                1.260
+ Phase Shift                   4.200
+ CPPR Adjustment               0.000
- Uncertainty                   0.100
= Required Time                 2.840
- Arrival Time                  0.511
= Slack Time                    2.329
     Clock Rise Edge                 0.000
     + Clock Network Latency (Prop)  0.169
     = Beginpoint Arrival Time       0.169
     +----------------------------------------------------------------------------------------------+ 
     |             Instance              |        Arc        |  Cell   | Delay | Arrival | Required | 
     |                                   |                   |         |       |  Time   |   Time   | 
     |-----------------------------------+-------------------+---------+-------+---------+----------| 
     | datapath/MEMWB_memToReg_reg       | CK ^              |         |       |   0.169 |    2.498 | 
     | datapath/MEMWB_memToReg_reg       | CK ^ -> QN v      | DFFR_X1 | 0.082 |   0.251 |    2.580 | 
     | datapath/FE_OFC580_MEMWB_memToReg | A v -> ZN ^       | INV_X2  | 0.036 |   0.288 |    2.616 | 
     | datapath/FE_OFC741_FE_RN_2_0      | A ^ -> ZN v       | INV_X4  | 0.028 |   0.316 |    2.645 | 
     | datapath/FE_OFC742_FE_RN_2_0      | A v -> ZN ^       | INV_X1  | 0.073 |   0.389 |    2.717 | 
     | datapath/g26956                   | S ^ -> Z v        | MUX2_X2 | 0.123 |   0.511 |    2.840 | 
     |                                   | dbg_wb_data[30] v |         | 0.000 |   0.511 |    2.840 | 
     +----------------------------------------------------------------------------------------------+ 
Path 8: MET Late External Delay Assertion 
Endpoint:   dbg_wb_data[25]                (v) checked with  leading edge of 
'clk'
Beginpoint: datapath/MEMWB_memToReg_reg/QN (v) triggered by  leading edge of 
'clk'
Path Groups: {clk}
Analysis View: RPT_TYP
Other End Arrival Time          0.000
- External Delay                1.260
+ Phase Shift                   4.200
+ CPPR Adjustment               0.000
- Uncertainty                   0.100
= Required Time                 2.840
- Arrival Time                  0.510
= Slack Time                    2.330
     Clock Rise Edge                 0.000
     + Clock Network Latency (Prop)  0.169
     = Beginpoint Arrival Time       0.169
     +----------------------------------------------------------------------------------------------+ 
     |             Instance              |        Arc        |  Cell   | Delay | Arrival | Required | 
     |                                   |                   |         |       |  Time   |   Time   | 
     |-----------------------------------+-------------------+---------+-------+---------+----------| 
     | datapath/MEMWB_memToReg_reg       | CK ^              |         |       |   0.169 |    2.499 | 
     | datapath/MEMWB_memToReg_reg       | CK ^ -> QN v      | DFFR_X1 | 0.082 |   0.251 |    2.581 | 
     | datapath/FE_OFC580_MEMWB_memToReg | A v -> ZN ^       | INV_X2  | 0.036 |   0.288 |    2.617 | 
     | datapath/FE_OFC741_FE_RN_2_0      | A ^ -> ZN v       | INV_X4  | 0.028 |   0.316 |    2.645 | 
     | datapath/FE_OFC742_FE_RN_2_0      | A v -> ZN ^       | INV_X1  | 0.073 |   0.389 |    2.718 | 
     | datapath/g26954                   | S ^ -> Z v        | MUX2_X2 | 0.122 |   0.510 |    2.840 | 
     |                                   | dbg_wb_data[25] v |         | 0.000 |   0.510 |    2.840 | 
     +----------------------------------------------------------------------------------------------+ 
Path 9: MET Late External Delay Assertion 
Endpoint:   dbg_wb_data[8]                 (^) checked with  leading edge of 
'clk'
Beginpoint: datapath/MEMWB_memToReg_reg/QN (^) triggered by  leading edge of 
'clk'
Path Groups: {clk}
Analysis View: RPT_TYP
Other End Arrival Time          0.000
- External Delay                1.260
+ Phase Shift                   4.200
+ CPPR Adjustment               0.000
- Uncertainty                   0.100
= Required Time                 2.840
- Arrival Time                  0.496
= Slack Time                    2.344
     Clock Rise Edge                 0.000
     + Clock Network Latency (Prop)  0.169
     = Beginpoint Arrival Time       0.169
     +---------------------------------------------------------------------------------------------+ 
     |             Instance              |       Arc        |  Cell   | Delay | Arrival | Required | 
     |                                   |                  |         |       |  Time   |   Time   | 
     |-----------------------------------+------------------+---------+-------+---------+----------| 
     | datapath/MEMWB_memToReg_reg       | CK ^             |         |       |   0.169 |    2.514 | 
     | datapath/MEMWB_memToReg_reg       | CK ^ -> QN ^     | DFFR_X1 | 0.086 |   0.255 |    2.600 | 
     | datapath/FE_OFC580_MEMWB_memToReg | A ^ -> ZN v      | INV_X2  | 0.023 |   0.278 |    2.622 | 
     | datapath/FE_OFC741_FE_RN_2_0      | A v -> ZN ^      | INV_X4  | 0.044 |   0.322 |    2.666 | 
     | datapath/g27003                   | S ^ -> Z v       | MUX2_X1 | 0.094 |   0.416 |    2.760 | 
     | datapath/FE_DBTC9_n_94            | A v -> ZN ^      | INV_X2  | 0.080 |   0.496 |    2.840 | 
     |                                   | dbg_wb_data[8] ^ |         | 0.000 |   0.496 |    2.840 | 
     +---------------------------------------------------------------------------------------------+ 
Path 10: MET Late External Delay Assertion 
Endpoint:   dbg_wb_data[14]                (^) checked with  leading edge of 
'clk'
Beginpoint: datapath/MEMWB_memToReg_reg/QN (^) triggered by  leading edge of 
'clk'
Path Groups: {clk}
Analysis View: RPT_TYP
Other End Arrival Time          0.000
- External Delay                1.260
+ Phase Shift                   4.200
+ CPPR Adjustment               0.000
- Uncertainty                   0.100
= Required Time                 2.840
- Arrival Time                  0.495
= Slack Time                    2.345
     Clock Rise Edge                 0.000
     + Clock Network Latency (Prop)  0.169
     = Beginpoint Arrival Time       0.169
     +----------------------------------------------------------------------------------------------+ 
     |             Instance              |        Arc        |  Cell   | Delay | Arrival | Required | 
     |                                   |                   |         |       |  Time   |   Time   | 
     |-----------------------------------+-------------------+---------+-------+---------+----------| 
     | datapath/MEMWB_memToReg_reg       | CK ^              |         |       |   0.169 |    2.515 | 
     | datapath/MEMWB_memToReg_reg       | CK ^ -> QN ^      | DFFR_X1 | 0.086 |   0.255 |    2.601 | 
     | datapath/FE_OFC580_MEMWB_memToReg | A ^ -> ZN v       | INV_X2  | 0.023 |   0.278 |    2.623 | 
     | datapath/FE_OFC741_FE_RN_2_0      | A v -> ZN ^       | INV_X4  | 0.044 |   0.322 |    2.667 | 
     | datapath/g26997                   | S ^ -> Z v        | MUX2_X1 | 0.095 |   0.416 |    2.762 | 
     | datapath/FE_DBTC15_n_76           | A v -> ZN ^       | INV_X2  | 0.078 |   0.495 |    2.840 | 
     |                                   | dbg_wb_data[14] ^ |         | 0.000 |   0.495 |    2.840 | 
     +----------------------------------------------------------------------------------------------+ 
Path 11: MET Late External Delay Assertion 
Endpoint:   dbg_wb_data[11]                (^) checked with  leading edge of 
'clk'
Beginpoint: datapath/MEMWB_memToReg_reg/QN (^) triggered by  leading edge of 
'clk'
Path Groups: {clk}
Analysis View: RPT_TYP
Other End Arrival Time          0.000
- External Delay                1.260
+ Phase Shift                   4.200
+ CPPR Adjustment               0.000
- Uncertainty                   0.100
= Required Time                 2.840
- Arrival Time                  0.494
= Slack Time                    2.346
     Clock Rise Edge                 0.000
     + Clock Network Latency (Prop)  0.169
     = Beginpoint Arrival Time       0.169
     +----------------------------------------------------------------------------------------------+ 
     |             Instance              |        Arc        |  Cell   | Delay | Arrival | Required | 
     |                                   |                   |         |       |  Time   |   Time   | 
     |-----------------------------------+-------------------+---------+-------+---------+----------| 
     | datapath/MEMWB_memToReg_reg       | CK ^              |         |       |   0.169 |    2.515 | 
     | datapath/MEMWB_memToReg_reg       | CK ^ -> QN ^      | DFFR_X1 | 0.086 |   0.255 |    2.601 | 
     | datapath/FE_OFC580_MEMWB_memToReg | A ^ -> ZN v       | INV_X2  | 0.023 |   0.278 |    2.624 | 
     | datapath/FE_OFC741_FE_RN_2_0      | A v -> ZN ^       | INV_X4  | 0.044 |   0.322 |    2.668 | 
     | datapath/g27001                   | S ^ -> Z v        | MUX2_X1 | 0.095 |   0.417 |    2.762 | 
     | datapath/FE_DBTC12_n_103          | A v -> ZN ^       | INV_X2  | 0.078 |   0.494 |    2.840 | 
     |                                   | dbg_wb_data[11] ^ |         | 0.000 |   0.494 |    2.840 | 
     +----------------------------------------------------------------------------------------------+ 
Path 12: MET Late External Delay Assertion 
Endpoint:   dbg_wb_data[5]                 (^) checked with  leading edge of 
'clk'
Beginpoint: datapath/MEMWB_memToReg_reg/QN (^) triggered by  leading edge of 
'clk'
Path Groups: {clk}
Analysis View: RPT_TYP
Other End Arrival Time          0.000
- External Delay                1.260
+ Phase Shift                   4.200
+ CPPR Adjustment               0.000
- Uncertainty                   0.100
= Required Time                 2.840
- Arrival Time                  0.491
= Slack Time                    2.349
     Clock Rise Edge                 0.000
     + Clock Network Latency (Prop)  0.169
     = Beginpoint Arrival Time       0.169
     +---------------------------------------------------------------------------------------------+ 
     |             Instance              |       Arc        |  Cell   | Delay | Arrival | Required | 
     |                                   |                  |         |       |  Time   |   Time   | 
     |-----------------------------------+------------------+---------+-------+---------+----------| 
     | datapath/MEMWB_memToReg_reg       | CK ^             |         |       |   0.170 |    2.518 | 
     | datapath/MEMWB_memToReg_reg       | CK ^ -> QN ^     | DFFR_X1 | 0.086 |   0.256 |    2.604 | 
     | datapath/FE_OFC580_MEMWB_memToReg | A ^ -> ZN v      | INV_X2  | 0.023 |   0.278 |    2.627 | 
     | datapath/FE_OFC741_FE_RN_2_0      | A v -> ZN ^      | INV_X4  | 0.044 |   0.322 |    2.671 | 
     | datapath/g26962                   | S ^ -> Z v       | MUX2_X1 | 0.088 |   0.410 |    2.758 | 
     | datapath/FE_DBTC6_n_37            | A v -> ZN ^      | INV_X2  | 0.082 |   0.491 |    2.840 | 
     |                                   | dbg_wb_data[5] ^ |         | 0.000 |   0.491 |    2.840 | 
     +---------------------------------------------------------------------------------------------+ 
Path 13: MET Late External Delay Assertion 
Endpoint:   dbg_wb_data[20]                (^) checked with  leading edge of 
'clk'
Beginpoint: datapath/MEMWB_memToReg_reg/QN (^) triggered by  leading edge of 
'clk'
Path Groups: {clk}
Analysis View: RPT_TYP
Other End Arrival Time          0.000
- External Delay                1.260
+ Phase Shift                   4.200
+ CPPR Adjustment               0.000
- Uncertainty                   0.100
= Required Time                 2.840
- Arrival Time                  0.491
= Slack Time                    2.349
     Clock Rise Edge                 0.000
     + Clock Network Latency (Prop)  0.169
     = Beginpoint Arrival Time       0.169
     +----------------------------------------------------------------------------------------------+ 
     |             Instance              |        Arc        |  Cell   | Delay | Arrival | Required | 
     |                                   |                   |         |       |  Time   |   Time   | 
     |-----------------------------------+-------------------+---------+-------+---------+----------| 
     | datapath/MEMWB_memToReg_reg       | CK ^              |         |       |   0.169 |    2.518 | 
     | datapath/MEMWB_memToReg_reg       | CK ^ -> QN ^      | DFFR_X1 | 0.086 |   0.255 |    2.604 | 
     | datapath/FE_OFC580_MEMWB_memToReg | A ^ -> ZN v       | INV_X2  | 0.023 |   0.278 |    2.627 | 
     | datapath/FE_OFC741_FE_RN_2_0      | A v -> ZN ^       | INV_X4  | 0.044 |   0.322 |    2.671 | 
     | datapath/g27006                   | S ^ -> Z v        | MUX2_X1 | 0.092 |   0.414 |    2.763 | 
     | datapath/FE_DBTC19_n_97           | A v -> ZN ^       | INV_X2  | 0.077 |   0.491 |    2.840 | 
     |                                   | dbg_wb_data[20] ^ |         | 0.000 |   0.491 |    2.840 | 
     +----------------------------------------------------------------------------------------------+ 
Path 14: MET Late External Delay Assertion 
Endpoint:   dbg_wb_data[15]                (^) checked with  leading edge of 
'clk'
Beginpoint: datapath/MEMWB_memToReg_reg/QN (^) triggered by  leading edge of 
'clk'
Path Groups: {clk}
Analysis View: RPT_TYP
Other End Arrival Time          0.000
- External Delay                1.260
+ Phase Shift                   4.200
+ CPPR Adjustment               0.000
- Uncertainty                   0.100
= Required Time                 2.840
- Arrival Time                  0.490
= Slack Time                    2.350
     Clock Rise Edge                 0.000
     + Clock Network Latency (Prop)  0.169
     = Beginpoint Arrival Time       0.169
     +----------------------------------------------------------------------------------------------+ 
     |             Instance              |        Arc        |  Cell   | Delay | Arrival | Required | 
     |                                   |                   |         |       |  Time   |   Time   | 
     |-----------------------------------+-------------------+---------+-------+---------+----------| 
     | datapath/MEMWB_memToReg_reg       | CK ^              |         |       |   0.169 |    2.519 | 
     | datapath/MEMWB_memToReg_reg       | CK ^ -> QN ^      | DFFR_X1 | 0.086 |   0.255 |    2.605 | 
     | datapath/FE_OFC580_MEMWB_memToReg | A ^ -> ZN v       | INV_X2  | 0.023 |   0.278 |    2.628 | 
     | datapath/FE_OFC741_FE_RN_2_0      | A v -> ZN ^       | INV_X4  | 0.044 |   0.322 |    2.671 | 
     | datapath/g26996                   | S ^ -> Z v        | MUX2_X1 | 0.092 |   0.414 |    2.763 | 
     | datapath/FE_DBTC16_n_31           | A v -> ZN ^       | INV_X2  | 0.077 |   0.490 |    2.840 | 
     |                                   | dbg_wb_data[15] ^ |         | 0.000 |   0.490 |    2.840 | 
     +----------------------------------------------------------------------------------------------+ 
Path 15: MET Late External Delay Assertion 
Endpoint:   dbg_wb_data[7]                 (^) checked with  leading edge of 
'clk'
Beginpoint: datapath/MEMWB_memToReg_reg/QN (^) triggered by  leading edge of 
'clk'
Path Groups: {clk}
Analysis View: RPT_TYP
Other End Arrival Time          0.000
- External Delay                1.260
+ Phase Shift                   4.200
+ CPPR Adjustment               0.000
- Uncertainty                   0.100
= Required Time                 2.840
- Arrival Time                  0.490
= Slack Time                    2.350
     Clock Rise Edge                 0.000
     + Clock Network Latency (Prop)  0.169
     = Beginpoint Arrival Time       0.169
     +---------------------------------------------------------------------------------------------+ 
     |             Instance              |       Arc        |  Cell   | Delay | Arrival | Required | 
     |                                   |                  |         |       |  Time   |   Time   | 
     |-----------------------------------+------------------+---------+-------+---------+----------| 
     | datapath/MEMWB_memToReg_reg       | CK ^             |         |       |   0.170 |    2.519 | 
     | datapath/MEMWB_memToReg_reg       | CK ^ -> QN ^     | DFFR_X1 | 0.086 |   0.256 |    2.605 | 
     | datapath/FE_OFC580_MEMWB_memToReg | A ^ -> ZN v      | INV_X2  | 0.023 |   0.278 |    2.628 | 
     | datapath/FE_OFC741_FE_RN_2_0      | A v -> ZN ^      | INV_X4  | 0.044 |   0.322 |    2.672 | 
     | datapath/g27005                   | S ^ -> Z v       | MUX2_X1 | 0.087 |   0.409 |    2.758 | 
     | datapath/FE_DBTC8_n_55            | A v -> ZN ^      | INV_X2  | 0.082 |   0.490 |    2.840 | 
     |                                   | dbg_wb_data[7] ^ |         | 0.000 |   0.490 |    2.840 | 
     +---------------------------------------------------------------------------------------------+ 
Path 16: MET Late External Delay Assertion 
Endpoint:   dbg_wb_data[22]                (^) checked with  leading edge of 
'clk'
Beginpoint: datapath/MEMWB_memToReg_reg/QN (^) triggered by  leading edge of 
'clk'
Path Groups: {clk}
Analysis View: RPT_TYP
Other End Arrival Time          0.000
- External Delay                1.260
+ Phase Shift                   4.200
+ CPPR Adjustment               0.000
- Uncertainty                   0.100
= Required Time                 2.840
- Arrival Time                  0.489
= Slack Time                    2.351
     Clock Rise Edge                 0.000
     + Clock Network Latency (Prop)  0.169
     = Beginpoint Arrival Time       0.169
     +----------------------------------------------------------------------------------------------+ 
     |             Instance              |        Arc        |  Cell   | Delay | Arrival | Required | 
     |                                   |                   |         |       |  Time   |   Time   | 
     |-----------------------------------+-------------------+---------+-------+---------+----------| 
     | datapath/MEMWB_memToReg_reg       | CK ^              |         |       |   0.169 |    2.520 | 
     | datapath/MEMWB_memToReg_reg       | CK ^ -> QN ^      | DFFR_X1 | 0.086 |   0.255 |    2.606 | 
     | datapath/FE_OFC580_MEMWB_memToReg | A ^ -> ZN v       | INV_X2  | 0.023 |   0.278 |    2.629 | 
     | datapath/FE_OFC741_FE_RN_2_0      | A v -> ZN ^       | INV_X4  | 0.044 |   0.322 |    2.672 | 
     | datapath/g26998                   | S ^ -> Z v        | MUX2_X1 | 0.092 |   0.414 |    2.764 | 
     | datapath/FE_DBTC21_n_34           | A v -> ZN ^       | INV_X2  | 0.076 |   0.489 |    2.840 | 
     |                                   | dbg_wb_data[22] ^ |         | 0.000 |   0.489 |    2.840 | 
     +----------------------------------------------------------------------------------------------+ 
Path 17: MET Late External Delay Assertion 
Endpoint:   dbg_wb_data[3]                 (^) checked with  leading edge of 
'clk'
Beginpoint: datapath/MEMWB_memToReg_reg/QN (^) triggered by  leading edge of 
'clk'
Path Groups: {clk}
Analysis View: RPT_TYP
Other End Arrival Time          0.000
- External Delay                1.260
+ Phase Shift                   4.200
+ CPPR Adjustment               0.000
- Uncertainty                   0.100
= Required Time                 2.840
- Arrival Time                  0.486
= Slack Time                    2.354
     Clock Rise Edge                 0.000
     + Clock Network Latency (Prop)  0.169
     = Beginpoint Arrival Time       0.169
     +-----------------------------------------------------------------------------------------------+ 
     |             Instance              |       Arc        |   Cell    | Delay | Arrival | Required | 
     |                                   |                  |           |       |  Time   |   Time   | 
     |-----------------------------------+------------------+-----------+-------+---------+----------| 
     | datapath/MEMWB_memToReg_reg       | CK ^             |           |       |   0.170 |    2.523 | 
     | datapath/MEMWB_memToReg_reg       | CK ^ -> QN ^     | DFFR_X1   | 0.086 |   0.256 |    2.609 | 
     | datapath/FE_OFC580_MEMWB_memToReg | A ^ -> ZN v      | INV_X2    | 0.023 |   0.278 |    2.632 | 
     | datapath/FE_OFC741_FE_RN_2_0      | A v -> ZN ^      | INV_X4    | 0.044 |   0.322 |    2.676 | 
     | datapath/FE_RC_4_0                | B1 ^ -> ZN v     | AOI22_X1  | 0.030 |   0.352 |    2.706 | 
     | datapath/FE_OFC609_FE_RN_3_0      | A v -> ZN ^      | INV_X1    | 0.051 |   0.403 |    2.757 | 
     | datapath/FE_OFC610_FE_RN_3_0      | A ^ -> Z ^       | CLKBUF_X3 | 0.083 |   0.486 |    2.840 | 
     |                                   | dbg_wb_data[3] ^ |           | 0.000 |   0.486 |    2.840 | 
     +-----------------------------------------------------------------------------------------------+ 
Path 18: MET Late External Delay Assertion 
Endpoint:   dbg_wb_data[4]                 (^) checked with  leading edge of 
'clk'
Beginpoint: datapath/MEMWB_memToReg_reg/QN (^) triggered by  leading edge of 
'clk'
Path Groups: {clk}
Analysis View: RPT_TYP
Other End Arrival Time          0.000
- External Delay                1.260
+ Phase Shift                   4.200
+ CPPR Adjustment               0.000
- Uncertainty                   0.100
= Required Time                 2.840
- Arrival Time                  0.473
= Slack Time                    2.367
     Clock Rise Edge                 0.000
     + Clock Network Latency (Prop)  0.169
     = Beginpoint Arrival Time       0.169
     +-----------------------------------------------------------------------------------------------+ 
     |             Instance              |       Arc        |   Cell    | Delay | Arrival | Required | 
     |                                   |                  |           |       |  Time   |   Time   | 
     |-----------------------------------+------------------+-----------+-------+---------+----------| 
     | datapath/MEMWB_memToReg_reg       | CK ^             |           |       |   0.170 |    2.537 | 
     | datapath/MEMWB_memToReg_reg       | CK ^ -> QN ^     | DFFR_X1   | 0.086 |   0.256 |    2.623 | 
     | datapath/FE_OFC580_MEMWB_memToReg | A ^ -> ZN v      | INV_X2    | 0.023 |   0.278 |    2.646 | 
     | datapath/FE_OFC741_FE_RN_2_0      | A v -> ZN ^      | INV_X4    | 0.044 |   0.322 |    2.689 | 
     | datapath/FE_RC_49_0               | B1 ^ -> ZN v     | AOI22_X1  | 0.030 |   0.352 |    2.720 | 
     | datapath/FE_OFC617_FE_RN_31_0     | A v -> ZN ^      | INV_X1    | 0.043 |   0.395 |    2.763 | 
     | datapath/FE_OFC618_FE_RN_31_0     | A ^ -> Z ^       | CLKBUF_X3 | 0.077 |   0.473 |    2.840 | 
     |                                   | dbg_wb_data[4] ^ |           | 0.000 |   0.473 |    2.840 | 
     +-----------------------------------------------------------------------------------------------+ 
Path 19: MET Late External Delay Assertion 
Endpoint:   dbg_wb_data[6]                 (^) checked with  leading edge of 
'clk'
Beginpoint: datapath/MEMWB_memToReg_reg/QN (^) triggered by  leading edge of 
'clk'
Path Groups: {clk}
Analysis View: RPT_TYP
Other End Arrival Time          0.000
- External Delay                1.260
+ Phase Shift                   4.200
+ CPPR Adjustment               0.000
- Uncertainty                   0.100
= Required Time                 2.840
- Arrival Time                  0.471
= Slack Time                    2.369
     Clock Rise Edge                 0.000
     + Clock Network Latency (Prop)  0.169
     = Beginpoint Arrival Time       0.169
     +---------------------------------------------------------------------------------------------+ 
     |             Instance              |       Arc        |  Cell   | Delay | Arrival | Required | 
     |                                   |                  |         |       |  Time   |   Time   | 
     |-----------------------------------+------------------+---------+-------+---------+----------| 
     | datapath/MEMWB_memToReg_reg       | CK ^             |         |       |   0.169 |    2.539 | 
     | datapath/MEMWB_memToReg_reg       | CK ^ -> QN ^     | DFFR_X1 | 0.086 |   0.255 |    2.625 | 
     | datapath/FE_OFC580_MEMWB_memToReg | A ^ -> ZN v      | INV_X2  | 0.023 |   0.278 |    2.647 | 
     | datapath/FE_OFC741_FE_RN_2_0      | A v -> ZN ^      | INV_X4  | 0.044 |   0.322 |    2.691 | 
     | datapath/g26986                   | S ^ -> Z v       | MUX2_X1 | 0.098 |   0.420 |    2.790 | 
     | datapath/FE_DBTC7_n_43            | A v -> ZN ^      | INV_X4  | 0.050 |   0.471 |    2.840 | 
     |                                   | dbg_wb_data[6] ^ |         | 0.000 |   0.471 |    2.840 | 
     +---------------------------------------------------------------------------------------------+ 
Path 20: MET Late External Delay Assertion 
Endpoint:   dbg_wb_data[13]                (^) checked with  leading edge of 
'clk'
Beginpoint: datapath/MEMWB_memToReg_reg/QN (^) triggered by  leading edge of 
'clk'
Path Groups: {clk}
Analysis View: RPT_TYP
Other End Arrival Time          0.000
- External Delay                1.260
+ Phase Shift                   4.200
+ CPPR Adjustment               0.000
- Uncertainty                   0.100
= Required Time                 2.840
- Arrival Time                  0.469
= Slack Time                    2.371
     Clock Rise Edge                 0.000
     + Clock Network Latency (Prop)  0.169
     = Beginpoint Arrival Time       0.169
     +----------------------------------------------------------------------------------------------+ 
     |             Instance              |        Arc        |  Cell   | Delay | Arrival | Required | 
     |                                   |                   |         |       |  Time   |   Time   | 
     |-----------------------------------+-------------------+---------+-------+---------+----------| 
     | datapath/MEMWB_memToReg_reg       | CK ^              |         |       |   0.169 |    2.540 | 
     | datapath/MEMWB_memToReg_reg       | CK ^ -> QN ^      | DFFR_X1 | 0.086 |   0.255 |    2.626 | 
     | datapath/FE_OFC580_MEMWB_memToReg | A ^ -> ZN v       | INV_X2  | 0.023 |   0.278 |    2.649 | 
     | datapath/FE_OFC741_FE_RN_2_0      | A v -> ZN ^       | INV_X4  | 0.044 |   0.322 |    2.693 | 
     | datapath/g26999                   | S ^ -> Z v        | MUX2_X1 | 0.100 |   0.421 |    2.792 | 
     | datapath/FE_DBTC14_n_79           | A v -> ZN ^       | INV_X4  | 0.048 |   0.469 |    2.840 | 
     |                                   | dbg_wb_data[13] ^ |         | 0.000 |   0.469 |    2.840 | 
     +----------------------------------------------------------------------------------------------+ 
Path 21: MET Late External Delay Assertion 
Endpoint:   dbg_wb_data[9]                 (^) checked with  leading edge of 
'clk'
Beginpoint: datapath/MEMWB_memToReg_reg/QN (^) triggered by  leading edge of 
'clk'
Path Groups: {clk}
Analysis View: RPT_TYP
Other End Arrival Time          0.000
- External Delay                1.260
+ Phase Shift                   4.200
+ CPPR Adjustment               0.000
- Uncertainty                   0.100
= Required Time                 2.840
- Arrival Time                  0.466
= Slack Time                    2.374
     Clock Rise Edge                 0.000
     + Clock Network Latency (Prop)  0.169
     = Beginpoint Arrival Time       0.169
     +---------------------------------------------------------------------------------------------+ 
     |             Instance              |       Arc        |  Cell   | Delay | Arrival | Required | 
     |                                   |                  |         |       |  Time   |   Time   | 
     |-----------------------------------+------------------+---------+-------+---------+----------| 
     | datapath/MEMWB_memToReg_reg       | CK ^             |         |       |   0.170 |    2.544 | 
     | datapath/MEMWB_memToReg_reg       | CK ^ -> QN ^     | DFFR_X1 | 0.086 |   0.256 |    2.630 | 
     | datapath/FE_OFC580_MEMWB_memToReg | A ^ -> ZN v      | INV_X2  | 0.023 |   0.278 |    2.652 | 
     | datapath/FE_OFC741_FE_RN_2_0      | A v -> ZN ^      | INV_X4  | 0.044 |   0.322 |    2.696 | 
     | datapath/g26993                   | S ^ -> Z v       | MUX2_X1 | 0.097 |   0.419 |    2.793 | 
     | datapath/FE_OFC486_n_88           | A v -> ZN ^      | INV_X4  | 0.047 |   0.466 |    2.840 | 
     |                                   | dbg_wb_data[9] ^ |         | 0.000 |   0.466 |    2.840 | 
     +---------------------------------------------------------------------------------------------+ 
Path 22: MET Late External Delay Assertion 
Endpoint:   dbg_wb_data[21]                (^) checked with  leading edge of 
'clk'
Beginpoint: datapath/MEMWB_memToReg_reg/QN (^) triggered by  leading edge of 
'clk'
Path Groups: {clk}
Analysis View: RPT_TYP
Other End Arrival Time          0.000
- External Delay                1.260
+ Phase Shift                   4.200
+ CPPR Adjustment               0.000
- Uncertainty                   0.100
= Required Time                 2.840
- Arrival Time                  0.466
= Slack Time                    2.374
     Clock Rise Edge                 0.000
     + Clock Network Latency (Prop)  0.169
     = Beginpoint Arrival Time       0.169
     +----------------------------------------------------------------------------------------------+ 
     |             Instance              |        Arc        |  Cell   | Delay | Arrival | Required | 
     |                                   |                   |         |       |  Time   |   Time   | 
     |-----------------------------------+-------------------+---------+-------+---------+----------| 
     | datapath/MEMWB_memToReg_reg       | CK ^              |         |       |   0.169 |    2.544 | 
     | datapath/MEMWB_memToReg_reg       | CK ^ -> QN ^      | DFFR_X1 | 0.086 |   0.255 |    2.630 | 
     | datapath/FE_OFC580_MEMWB_memToReg | A ^ -> ZN v       | INV_X2  | 0.023 |   0.278 |    2.652 | 
     | datapath/FE_OFC741_FE_RN_2_0      | A v -> ZN ^       | INV_X4  | 0.044 |   0.322 |    2.696 | 
     | datapath/g26988                   | S ^ -> Z v        | MUX2_X1 | 0.096 |   0.418 |    2.792 | 
     | datapath/FE_DBTC20_n_85           | A v -> ZN ^       | INV_X4  | 0.048 |   0.466 |    2.840 | 
     |                                   | dbg_wb_data[21] ^ |         | 0.000 |   0.466 |    2.840 | 
     +----------------------------------------------------------------------------------------------+ 
Path 23: MET Late External Delay Assertion 
Endpoint:   dbg_wb_data[17]                (^) checked with  leading edge of 
'clk'
Beginpoint: datapath/MEMWB_memToReg_reg/QN (^) triggered by  leading edge of 
'clk'
Path Groups: {clk}
Analysis View: RPT_TYP
Other End Arrival Time          0.000
- External Delay                1.260
+ Phase Shift                   4.200
+ CPPR Adjustment               0.000
- Uncertainty                   0.100
= Required Time                 2.840
- Arrival Time                  0.465
= Slack Time                    2.375
     Clock Rise Edge                 0.000
     + Clock Network Latency (Prop)  0.169
     = Beginpoint Arrival Time       0.169
     +----------------------------------------------------------------------------------------------+ 
     |             Instance              |        Arc        |  Cell   | Delay | Arrival | Required | 
     |                                   |                   |         |       |  Time   |   Time   | 
     |-----------------------------------+-------------------+---------+-------+---------+----------| 
     | datapath/MEMWB_memToReg_reg       | CK ^              |         |       |   0.169 |    2.544 | 
     | datapath/MEMWB_memToReg_reg       | CK ^ -> QN ^      | DFFR_X1 | 0.086 |   0.255 |    2.630 | 
     | datapath/FE_OFC580_MEMWB_memToReg | A ^ -> ZN v       | INV_X2  | 0.023 |   0.278 |    2.653 | 
     | datapath/FE_OFC741_FE_RN_2_0      | A v -> ZN ^       | INV_X4  | 0.044 |   0.322 |    2.697 | 
     | datapath/g26990                   | S ^ -> Z v        | MUX2_X1 | 0.092 |   0.414 |    2.789 | 
     | datapath/FE_DBTC18_n_67           | A v -> ZN ^       | INV_X4  | 0.051 |   0.465 |    2.840 | 
     |                                   | dbg_wb_data[17] ^ |         | 0.000 |   0.465 |    2.840 | 
     +----------------------------------------------------------------------------------------------+ 
Path 24: MET Late External Delay Assertion 
Endpoint:   dbg_wb_data[23]                (^) checked with  leading edge of 
'clk'
Beginpoint: datapath/MEMWB_memToReg_reg/QN (^) triggered by  leading edge of 
'clk'
Path Groups: {clk}
Analysis View: RPT_TYP
Other End Arrival Time          0.000
- External Delay                1.260
+ Phase Shift                   4.200
+ CPPR Adjustment               0.000
- Uncertainty                   0.100
= Required Time                 2.840
- Arrival Time                  0.465
= Slack Time                    2.375
     Clock Rise Edge                 0.000
     + Clock Network Latency (Prop)  0.169
     = Beginpoint Arrival Time       0.169
     +----------------------------------------------------------------------------------------------+ 
     |             Instance              |        Arc        |  Cell   | Delay | Arrival | Required | 
     |                                   |                   |         |       |  Time   |   Time   | 
     |-----------------------------------+-------------------+---------+-------+---------+----------| 
     | datapath/MEMWB_memToReg_reg       | CK ^              |         |       |   0.169 |    2.545 | 
     | datapath/MEMWB_memToReg_reg       | CK ^ -> QN ^      | DFFR_X1 | 0.086 |   0.255 |    2.631 | 
     | datapath/FE_OFC580_MEMWB_memToReg | A ^ -> ZN v       | INV_X2  | 0.023 |   0.278 |    2.653 | 
     | datapath/FE_OFC741_FE_RN_2_0      | A v -> ZN ^       | INV_X4  | 0.044 |   0.322 |    2.697 | 
     | datapath/g26994                   | S ^ -> Z v        | MUX2_X1 | 0.095 |   0.416 |    2.792 | 
     | datapath/FE_DBTC22_n_100          | A v -> ZN ^       | INV_X4  | 0.048 |   0.465 |    2.840 | 
     |                                   | dbg_wb_data[23] ^ |         | 0.000 |   0.465 |    2.840 | 
     +----------------------------------------------------------------------------------------------+ 
Path 25: MET Late External Delay Assertion 
Endpoint:   dbg_wb_data[10]                (^) checked with  leading edge of 
'clk'
Beginpoint: datapath/MEMWB_memToReg_reg/QN (^) triggered by  leading edge of 
'clk'
Path Groups: {clk}
Analysis View: RPT_TYP
Other End Arrival Time          0.000
- External Delay                1.260
+ Phase Shift                   4.200
+ CPPR Adjustment               0.000
- Uncertainty                   0.100
= Required Time                 2.840
- Arrival Time                  0.464
= Slack Time                    2.375
     Clock Rise Edge                 0.000
     + Clock Network Latency (Prop)  0.169
     = Beginpoint Arrival Time       0.169
     +----------------------------------------------------------------------------------------------+ 
     |             Instance              |        Arc        |  Cell   | Delay | Arrival | Required | 
     |                                   |                   |         |       |  Time   |   Time   | 
     |-----------------------------------+-------------------+---------+-------+---------+----------| 
     | datapath/MEMWB_memToReg_reg       | CK ^              |         |       |   0.170 |    2.545 | 
     | datapath/MEMWB_memToReg_reg       | CK ^ -> QN ^      | DFFR_X1 | 0.086 |   0.256 |    2.631 | 
     | datapath/FE_OFC580_MEMWB_memToReg | A ^ -> ZN v       | INV_X2  | 0.023 |   0.278 |    2.654 | 
     | datapath/FE_OFC741_FE_RN_2_0      | A v -> ZN ^       | INV_X4  | 0.044 |   0.322 |    2.697 | 
     | datapath/g26991                   | S ^ -> Z v        | MUX2_X1 | 0.097 |   0.419 |    2.795 | 
     | datapath/FE_DBTC11_n_52           | A v -> ZN ^       | INV_X4  | 0.045 |   0.464 |    2.840 | 
     |                                   | dbg_wb_data[10] ^ |         | 0.000 |   0.464 |    2.840 | 
     +----------------------------------------------------------------------------------------------+ 
Path 26: MET Late External Delay Assertion 
Endpoint:   dbg_wb_data[12]                (^) checked with  leading edge of 
'clk'
Beginpoint: datapath/MEMWB_memToReg_reg/QN (^) triggered by  leading edge of 
'clk'
Path Groups: {clk}
Analysis View: RPT_TYP
Other End Arrival Time          0.000
- External Delay                1.260
+ Phase Shift                   4.200
+ CPPR Adjustment               0.000
- Uncertainty                   0.100
= Required Time                 2.840
- Arrival Time                  0.464
= Slack Time                    2.376
     Clock Rise Edge                 0.000
     + Clock Network Latency (Prop)  0.169
     = Beginpoint Arrival Time       0.169
     +----------------------------------------------------------------------------------------------+ 
     |             Instance              |        Arc        |  Cell   | Delay | Arrival | Required | 
     |                                   |                   |         |       |  Time   |   Time   | 
     |-----------------------------------+-------------------+---------+-------+---------+----------| 
     | datapath/MEMWB_memToReg_reg       | CK ^              |         |       |   0.169 |    2.545 | 
     | datapath/MEMWB_memToReg_reg       | CK ^ -> QN ^      | DFFR_X1 | 0.086 |   0.255 |    2.631 | 
     | datapath/FE_OFC580_MEMWB_memToReg | A ^ -> ZN v       | INV_X2  | 0.023 |   0.278 |    2.654 | 
     | datapath/FE_OFC741_FE_RN_2_0      | A v -> ZN ^       | INV_X4  | 0.044 |   0.322 |    2.698 | 
     | datapath/g27000                   | S ^ -> Z v        | MUX2_X1 | 0.099 |   0.420 |    2.796 | 
     | datapath/FE_OFC474_n_58           | A v -> ZN ^       | INV_X4  | 0.044 |   0.464 |    2.840 | 
     |                                   | dbg_wb_data[12] ^ |         | 0.000 |   0.464 |    2.840 | 
     +----------------------------------------------------------------------------------------------+ 
Path 27: MET Late External Delay Assertion 
Endpoint:   dbg_wb_data[16]                (^) checked with  leading edge of 
'clk'
Beginpoint: datapath/MEMWB_memToReg_reg/QN (^) triggered by  leading edge of 
'clk'
Path Groups: {clk}
Analysis View: RPT_TYP
Other End Arrival Time          0.000
- External Delay                1.260
+ Phase Shift                   4.200
+ CPPR Adjustment               0.000
- Uncertainty                   0.100
= Required Time                 2.840
- Arrival Time                  0.463
= Slack Time                    2.377
     Clock Rise Edge                 0.000
     + Clock Network Latency (Prop)  0.169
     = Beginpoint Arrival Time       0.169
     +----------------------------------------------------------------------------------------------+ 
     |             Instance              |        Arc        |  Cell   | Delay | Arrival | Required | 
     |                                   |                   |         |       |  Time   |   Time   | 
     |-----------------------------------+-------------------+---------+-------+---------+----------| 
     | datapath/MEMWB_memToReg_reg       | CK ^              |         |       |   0.170 |    2.547 | 
     | datapath/MEMWB_memToReg_reg       | CK ^ -> QN ^      | DFFR_X1 | 0.086 |   0.256 |    2.633 | 
     | datapath/FE_OFC580_MEMWB_memToReg | A ^ -> ZN v       | INV_X2  | 0.023 |   0.278 |    2.655 | 
     | datapath/FE_OFC741_FE_RN_2_0      | A v -> ZN ^       | INV_X4  | 0.044 |   0.322 |    2.699 | 
     | datapath/g26992                   | S ^ -> Z v        | MUX2_X1 | 0.092 |   0.414 |    2.791 | 
     | datapath/FE_DBTC17_n_121          | A v -> ZN ^       | INV_X4  | 0.049 |   0.463 |    2.840 | 
     |                                   | dbg_wb_data[16] ^ |         | 0.000 |   0.463 |    2.840 | 
     +----------------------------------------------------------------------------------------------+ 
Path 28: MET Late External Delay Assertion 
Endpoint:   dbg_wb_data[18]                (^) checked with  leading edge of 
'clk'
Beginpoint: datapath/MEMWB_memToReg_reg/QN (v) triggered by  leading edge of 
'clk'
Path Groups: {clk}
Analysis View: RPT_TYP
Other End Arrival Time          0.000
- External Delay                1.260
+ Phase Shift                   4.200
+ CPPR Adjustment               0.000
- Uncertainty                   0.100
= Required Time                 2.840
- Arrival Time                  0.457
= Slack Time                    2.383
     Clock Rise Edge                 0.000
     + Clock Network Latency (Prop)  0.169
     = Beginpoint Arrival Time       0.169
     +----------------------------------------------------------------------------------------------+ 
     |             Instance              |        Arc        |  Cell   | Delay | Arrival | Required | 
     |                                   |                   |         |       |  Time   |   Time   | 
     |-----------------------------------+-------------------+---------+-------+---------+----------| 
     | datapath/MEMWB_memToReg_reg       | CK ^              |         |       |   0.169 |    2.552 | 
     | datapath/MEMWB_memToReg_reg       | CK ^ -> QN v      | DFFR_X1 | 0.082 |   0.251 |    2.634 | 
     | datapath/FE_OFC580_MEMWB_memToReg | A v -> ZN ^       | INV_X2  | 0.036 |   0.288 |    2.670 | 
     | datapath/FE_OFC741_FE_RN_2_0      | A ^ -> ZN v       | INV_X4  | 0.028 |   0.316 |    2.699 | 
     | datapath/g26963                   | S v -> Z ^        | MUX2_X2 | 0.141 |   0.457 |    2.840 | 
     |                                   | dbg_wb_data[18] ^ |         | 0.000 |   0.457 |    2.840 | 
     +----------------------------------------------------------------------------------------------+ 
Path 29: MET Late External Delay Assertion 
Endpoint:   dbg_wb_data[19]                (^) checked with  leading edge of 
'clk'
Beginpoint: datapath/MEMWB_memToReg_reg/QN (v) triggered by  leading edge of 
'clk'
Path Groups: {clk}
Analysis View: RPT_TYP
Other End Arrival Time          0.000
- External Delay                1.260
+ Phase Shift                   4.200
+ CPPR Adjustment               0.000
- Uncertainty                   0.100
= Required Time                 2.840
- Arrival Time                  0.454
= Slack Time                    2.386
     Clock Rise Edge                 0.000
     + Clock Network Latency (Prop)  0.169
     = Beginpoint Arrival Time       0.169
     +----------------------------------------------------------------------------------------------+ 
     |             Instance              |        Arc        |  Cell   | Delay | Arrival | Required | 
     |                                   |                   |         |       |  Time   |   Time   | 
     |-----------------------------------+-------------------+---------+-------+---------+----------| 
     | datapath/MEMWB_memToReg_reg       | CK ^              |         |       |   0.169 |    2.555 | 
     | datapath/MEMWB_memToReg_reg       | CK ^ -> QN v      | DFFR_X1 | 0.082 |   0.251 |    2.637 | 
     | datapath/FE_OFC580_MEMWB_memToReg | A v -> ZN ^       | INV_X2  | 0.036 |   0.288 |    2.673 | 
     | datapath/FE_OFC741_FE_RN_2_0      | A ^ -> ZN v       | INV_X4  | 0.028 |   0.316 |    2.702 | 
     | datapath/g27004                   | S v -> Z ^        | MUX2_X2 | 0.138 |   0.454 |    2.840 | 
     |                                   | dbg_wb_data[19] ^ |         | 0.000 |   0.454 |    2.840 | 
     +----------------------------------------------------------------------------------------------+ 
Path 30: MET Late External Delay Assertion 
Endpoint:   dbg_wb_data[0]                 (v) checked with  leading edge of 
'clk'
Beginpoint: datapath/MEMWB_memToReg_reg/QN (^) triggered by  leading edge of 
'clk'
Path Groups: {clk}
Analysis View: RPT_TYP
Other End Arrival Time          0.000
- External Delay                1.260
+ Phase Shift                   4.200
+ CPPR Adjustment               0.000
- Uncertainty                   0.100
= Required Time                 2.840
- Arrival Time                  0.431
= Slack Time                    2.409
     Clock Rise Edge                 0.000
     + Clock Network Latency (Prop)  0.169
     = Beginpoint Arrival Time       0.169
     +-----------------------------------------------------------------------------------------------+ 
     |             Instance              |       Arc        |   Cell    | Delay | Arrival | Required | 
     |                                   |                  |           |       |  Time   |   Time   | 
     |-----------------------------------+------------------+-----------+-------+---------+----------| 
     | datapath/MEMWB_memToReg_reg       | CK ^             |           |       |   0.170 |    2.578 | 
     | datapath/MEMWB_memToReg_reg       | CK ^ -> QN ^     | DFFR_X1   | 0.086 |   0.256 |    2.664 | 
     | datapath/FE_OFC580_MEMWB_memToReg | A ^ -> ZN v      | INV_X2    | 0.023 |   0.278 |    2.687 | 
     | datapath/FE_RC_221_0              | B1 v -> ZN ^     | AOI22_X1  | 0.053 |   0.331 |    2.739 | 
     | datapath/FE_OFC613_FE_RN_1_0      | A ^ -> ZN v      | INV_X2    | 0.026 |   0.357 |    2.765 | 
     | datapath/FE_OFC489_FE_RN_1_0      | A v -> Z v       | CLKBUF_X3 | 0.075 |   0.431 |    2.840 | 
     |                                   | dbg_wb_data[0] v |           | 0.000 |   0.431 |    2.840 | 
     +-----------------------------------------------------------------------------------------------+ 
Path 31: MET Late External Delay Assertion 
Endpoint:   dbg_wb_data[2]                 (^) checked with  leading edge of 
'clk'
Beginpoint: datapath/MEMWB_memToReg_reg/QN (^) triggered by  leading edge of 
'clk'
Path Groups: {clk}
Analysis View: RPT_TYP
Other End Arrival Time          0.000
- External Delay                1.260
+ Phase Shift                   4.200
+ CPPR Adjustment               0.000
- Uncertainty                   0.100
= Required Time                 2.840
- Arrival Time                  0.431
= Slack Time                    2.409
     Clock Rise Edge                 0.000
     + Clock Network Latency (Prop)  0.169
     = Beginpoint Arrival Time       0.169
     +---------------------------------------------------------------------------------------------+ 
     |             Instance              |       Arc        |  Cell   | Delay | Arrival | Required | 
     |                                   |                  |         |       |  Time   |   Time   | 
     |-----------------------------------+------------------+---------+-------+---------+----------| 
     | datapath/MEMWB_memToReg_reg       | CK ^             |         |       |   0.169 |    2.579 | 
     | datapath/MEMWB_memToReg_reg       | CK ^ -> QN ^     | DFFR_X1 | 0.086 |   0.255 |    2.665 | 
     | datapath/FE_OFC580_MEMWB_memToReg | A ^ -> ZN v      | INV_X2  | 0.023 |   0.278 |    2.687 | 
     | datapath/FE_OFC740_FE_RN_2_0      | A v -> ZN ^      | INV_X1  | 0.026 |   0.304 |    2.713 | 
     | datapath/g26989                   | S ^ -> Z v       | MUX2_X1 | 0.080 |   0.384 |    2.793 | 
     | datapath/g26969                   | A v -> ZN ^      | INV_X4  | 0.047 |   0.431 |    2.840 | 
     |                                   | dbg_wb_data[2] ^ |         | 0.000 |   0.431 |    2.840 | 
     +---------------------------------------------------------------------------------------------+ 
Path 32: MET Late External Delay Assertion 
Endpoint:   dbg_wb_data[1]                 (^) checked with  leading edge of 
'clk'
Beginpoint: datapath/MEMWB_memToReg_reg/QN (^) triggered by  leading edge of 
'clk'
Path Groups: {clk}
Analysis View: RPT_TYP
Other End Arrival Time          0.000
- External Delay                1.260
+ Phase Shift                   4.200
+ CPPR Adjustment               0.000
- Uncertainty                   0.100
= Required Time                 2.840
- Arrival Time                  0.375
= Slack Time                    2.465
     Clock Rise Edge                 0.000
     + Clock Network Latency (Prop)  0.169
     = Beginpoint Arrival Time       0.169
     +----------------------------------------------------------------------------------------------+ 
     |             Instance              |       Arc        |   Cell   | Delay | Arrival | Required | 
     |                                   |                  |          |       |  Time   |   Time   | 
     |-----------------------------------+------------------+----------+-------+---------+----------| 
     | datapath/MEMWB_memToReg_reg       | CK ^             |          |       |   0.169 |    2.635 | 
     | datapath/MEMWB_memToReg_reg       | CK ^ -> QN ^     | DFFR_X1  | 0.086 |   0.255 |    2.721 | 
     | datapath/FE_OFC580_MEMWB_memToReg | A ^ -> ZN v      | INV_X2   | 0.023 |   0.278 |    2.743 | 
     | datapath/FE_OFC740_FE_RN_2_0      | A v -> ZN ^      | INV_X1   | 0.026 |   0.304 |    2.769 | 
     | datapath/FE_RC_23_0               | A2 ^ -> ZN v     | NAND2_X1 | 0.024 |   0.328 |    2.793 | 
     | datapath/FE_RC_21_0               | A2 v -> ZN ^     | NAND2_X4 | 0.046 |   0.375 |    2.840 | 
     |                                   | dbg_wb_data[1] ^ |          | 0.000 |   0.375 |    2.840 | 
     +----------------------------------------------------------------------------------------------+ 
Path 33: MET Late External Delay Assertion 
Endpoint:   dbg_wb_addr[1]              (^) checked with  leading edge of 'clk'
Beginpoint: datapath/MEMWB_rd_reg[1]/QN (v) triggered by  leading edge of 'clk'
Path Groups: {clk}
Analysis View: RPT_TYP
Other End Arrival Time          0.000
- External Delay                1.260
+ Phase Shift                   4.200
+ CPPR Adjustment               0.000
- Uncertainty                   0.100
= Required Time                 2.840
- Arrival Time                  0.328
= Slack Time                    2.512
     Clock Rise Edge                 0.000
     + Clock Network Latency (Prop)  0.170
     = Beginpoint Arrival Time       0.170
     +------------------------------------------------------------------------------------------------+ 
     |               Instance               |       Arc        |  Cell   | Delay | Arrival | Required | 
     |                                      |                  |         |       |  Time   |   Time   | 
     |--------------------------------------+------------------+---------+-------+---------+----------| 
     | datapath/MEMWB_rd_reg[1]             | CK ^             |         |       |   0.170 |    2.683 | 
     | datapath/MEMWB_rd_reg[1]             | CK ^ -> QN v     | DFFR_X1 | 0.075 |   0.245 |    2.757 | 
     | datapath/FE_OCPC368_n_497            | A v -> ZN ^      | INV_X2  | 0.024 |   0.269 |    2.781 | 
     | datapath/FE_OFC729_FE_OCPN2703_n_497 | A ^ -> Z ^       | BUF_X1  | 0.059 |   0.328 |    2.840 | 
     |                                      | dbg_wb_addr[1] ^ |         | 0.000 |   0.328 |    2.840 | 
     +------------------------------------------------------------------------------------------------+ 
Path 34: MET Late External Delay Assertion 
Endpoint:   dbg_wb_addr[2]              (^) checked with  leading edge of 'clk'
Beginpoint: datapath/MEMWB_rd_reg[2]/QN (v) triggered by  leading edge of 'clk'
Path Groups: {clk}
Analysis View: RPT_TYP
Other End Arrival Time          0.000
- External Delay                1.260
+ Phase Shift                   4.200
+ CPPR Adjustment               0.000
- Uncertainty                   0.100
= Required Time                 2.840
- Arrival Time                  0.323
= Slack Time                    2.517
     Clock Rise Edge                 0.000
     + Clock Network Latency (Prop)  0.170
     = Beginpoint Arrival Time       0.170
     +--------------------------------------------------------------------------------------------+ 
     |             Instance             |       Arc        |  Cell   | Delay | Arrival | Required | 
     |                                  |                  |         |       |  Time   |   Time   | 
     |----------------------------------+------------------+---------+-------+---------+----------| 
     | datapath/MEMWB_rd_reg[2]         | CK ^             |         |       |   0.170 |    2.688 | 
     | datapath/MEMWB_rd_reg[2]         | CK ^ -> QN v     | DFFR_X1 | 0.088 |   0.258 |    2.776 | 
     | datapath/FE_OFC593_FE_OCPN2657_n | A v -> ZN ^      | INV_X1  | 0.064 |   0.323 |    2.840 | 
     |                                  | dbg_wb_addr[2] ^ |         | 0.000 |   0.323 |    2.840 | 
     +--------------------------------------------------------------------------------------------+ 
Path 35: MET Late External Delay Assertion 
Endpoint:   dbg_pc[27]               (^) checked with  leading edge of 'clk'
Beginpoint: datapath/IF_pc_reg[27]/Q (^) triggered by  leading edge of 'clk'
Path Groups: {clk}
Analysis View: RPT_TYP
Other End Arrival Time          0.000
- External Delay                1.260
+ Phase Shift                   4.200
+ CPPR Adjustment               0.000
- Uncertainty                   0.100
= Required Time                 2.840
- Arrival Time                  0.300
= Slack Time                    2.540
     Clock Rise Edge                 0.000
     + Clock Network Latency (Prop)  0.168
     = Beginpoint Arrival Time       0.168
     +--------------------------------------------------------------------------------+ 
     |        Instance        |     Arc      |   Cell    | Delay | Arrival | Required | 
     |                        |              |           |       |  Time   |   Time   | 
     |------------------------+--------------+-----------+-------+---------+----------| 
     | datapath/IF_pc_reg[27] | CK ^         |           |       |   0.168 |    2.708 | 
     | datapath/IF_pc_reg[27] | CK ^ -> Q ^  | SDFFRS_X1 | 0.132 |   0.300 |    2.840 | 
     |                        | dbg_pc[27] ^ |           | 0.000 |   0.300 |    2.840 | 
     +--------------------------------------------------------------------------------+ 
Path 36: MET Late External Delay Assertion 
Endpoint:   imem_addr[27]            (^) checked with  leading edge of 'clk'
Beginpoint: datapath/IF_pc_reg[27]/Q (^) triggered by  leading edge of 'clk'
Path Groups: {clk}
Analysis View: RPT_TYP
Other End Arrival Time          0.000
- External Delay                1.260
+ Phase Shift                   4.200
+ CPPR Adjustment               0.000
- Uncertainty                   0.100
= Required Time                 2.840
- Arrival Time                  0.300
= Slack Time                    2.540
     Clock Rise Edge                 0.000
     + Clock Network Latency (Prop)  0.168
     = Beginpoint Arrival Time       0.168
     +-----------------------------------------------------------------------------------+ 
     |        Instance        |       Arc       |   Cell    | Delay | Arrival | Required | 
     |                        |                 |           |       |  Time   |   Time   | 
     |------------------------+-----------------+-----------+-------+---------+----------| 
     | datapath/IF_pc_reg[27] | CK ^            |           |       |   0.168 |    2.708 | 
     | datapath/IF_pc_reg[27] | CK ^ -> Q ^     | SDFFRS_X1 | 0.132 |   0.300 |    2.840 | 
     |                        | imem_addr[27] ^ |           | 0.000 |   0.300 |    2.840 | 
     +-----------------------------------------------------------------------------------+ 
Path 37: MET Late External Delay Assertion 
Endpoint:   dmem_addr[27]                      (^) checked with  leading edge 
of 'clk'
Beginpoint: datapath/EXMEM_aluResult_reg[27]/Q (^) triggered by  leading edge 
of 'clk'
Path Groups: {clk}
Analysis View: RPT_TYP
Other End Arrival Time          0.000
- External Delay                1.260
+ Phase Shift                   4.200
+ CPPR Adjustment               0.000
- Uncertainty                   0.100
= Required Time                 2.840
- Arrival Time                  0.300
= Slack Time                    2.540
     Clock Rise Edge                 0.000
     + Clock Network Latency (Prop)  0.169
     = Beginpoint Arrival Time       0.169
     +-------------------------------------------------------------------------------------------+ 
     |             Instance             |       Arc       |  Cell   | Delay | Arrival | Required | 
     |                                  |                 |         |       |  Time   |   Time   | 
     |----------------------------------+-----------------+---------+-------+---------+----------| 
     | datapath/EXMEM_aluResult_reg[27] | CK ^            |         |       |   0.169 |    2.708 | 
     | datapath/EXMEM_aluResult_reg[27] | CK ^ -> Q ^     | DFFR_X1 | 0.132 |   0.300 |    2.840 | 
     |                                  | dmem_addr[27] ^ |         | 0.000 |   0.300 |    2.840 | 
     +-------------------------------------------------------------------------------------------+ 
Path 38: MET Late External Delay Assertion 
Endpoint:   dmem_addr[3]                      (^) checked with  leading edge of 
'clk'
Beginpoint: datapath/EXMEM_aluResult_reg[3]/Q (^) triggered by  leading edge of 
'clk'
Path Groups: {clk}
Analysis View: RPT_TYP
Other End Arrival Time          0.000
- External Delay                1.260
+ Phase Shift                   4.200
+ CPPR Adjustment               0.000
- Uncertainty                   0.100
= Required Time                 2.840
- Arrival Time                  0.299
= Slack Time                    2.541
     Clock Rise Edge                 0.000
     + Clock Network Latency (Prop)  0.168
     = Beginpoint Arrival Time       0.168
     +-----------------------------------------------------------------------------------------+ 
     |            Instance             |      Arc       |  Cell   | Delay | Arrival | Required | 
     |                                 |                |         |       |  Time   |   Time   | 
     |---------------------------------+----------------+---------+-------+---------+----------| 
     | datapath/EXMEM_aluResult_reg[3] | CK ^           |         |       |   0.168 |    2.709 | 
     | datapath/EXMEM_aluResult_reg[3] | CK ^ -> Q ^    | DFFR_X1 | 0.131 |   0.299 |    2.840 | 
     |                                 | dmem_addr[3] ^ |         | 0.000 |   0.299 |    2.840 | 
     +-----------------------------------------------------------------------------------------+ 
Path 39: MET Late External Delay Assertion 
Endpoint:   dmem_addr[28]                      (^) checked with  leading edge 
of 'clk'
Beginpoint: datapath/EXMEM_aluResult_reg[28]/Q (^) triggered by  leading edge 
of 'clk'
Path Groups: {clk}
Analysis View: RPT_TYP
Other End Arrival Time          0.000
- External Delay                1.260
+ Phase Shift                   4.200
+ CPPR Adjustment               0.000
- Uncertainty                   0.100
= Required Time                 2.840
- Arrival Time                  0.299
= Slack Time                    2.541
     Clock Rise Edge                 0.000
     + Clock Network Latency (Prop)  0.169
     = Beginpoint Arrival Time       0.169
     +-------------------------------------------------------------------------------------------+ 
     |             Instance             |       Arc       |  Cell   | Delay | Arrival | Required | 
     |                                  |                 |         |       |  Time   |   Time   | 
     |----------------------------------+-----------------+---------+-------+---------+----------| 
     | datapath/EXMEM_aluResult_reg[28] | CK ^            |         |       |   0.169 |    2.710 | 
     | datapath/EXMEM_aluResult_reg[28] | CK ^ -> Q ^     | DFFR_X1 | 0.130 |   0.299 |    2.840 | 
     |                                  | dmem_addr[28] ^ |         | 0.000 |   0.299 |    2.840 | 
     +-------------------------------------------------------------------------------------------+ 
Path 40: MET Late External Delay Assertion 
Endpoint:   dmem_addr[25]                      (^) checked with  leading edge 
of 'clk'
Beginpoint: datapath/EXMEM_aluResult_reg[25]/Q (^) triggered by  leading edge 
of 'clk'
Path Groups: {clk}
Analysis View: RPT_TYP
Other End Arrival Time          0.000
- External Delay                1.260
+ Phase Shift                   4.200
+ CPPR Adjustment               0.000
- Uncertainty                   0.100
= Required Time                 2.840
- Arrival Time                  0.297
= Slack Time                    2.543
     Clock Rise Edge                 0.000
     + Clock Network Latency (Prop)  0.169
     = Beginpoint Arrival Time       0.169
     +-------------------------------------------------------------------------------------------+ 
     |             Instance             |       Arc       |  Cell   | Delay | Arrival | Required | 
     |                                  |                 |         |       |  Time   |   Time   | 
     |----------------------------------+-----------------+---------+-------+---------+----------| 
     | datapath/EXMEM_aluResult_reg[25] | CK ^            |         |       |   0.168 |    2.711 | 
     | datapath/EXMEM_aluResult_reg[25] | CK ^ -> Q ^     | DFFR_X1 | 0.129 |   0.297 |    2.840 | 
     |                                  | dmem_addr[25] ^ |         | 0.000 |   0.297 |    2.840 | 
     +-------------------------------------------------------------------------------------------+ 
Path 41: MET Late External Delay Assertion 
Endpoint:   dmem_addr[24]                      (^) checked with  leading edge 
of 'clk'
Beginpoint: datapath/EXMEM_aluResult_reg[24]/Q (^) triggered by  leading edge 
of 'clk'
Path Groups: {clk}
Analysis View: RPT_TYP
Other End Arrival Time          0.000
- External Delay                1.260
+ Phase Shift                   4.200
+ CPPR Adjustment               0.000
- Uncertainty                   0.100
= Required Time                 2.840
- Arrival Time                  0.297
= Slack Time                    2.543
     Clock Rise Edge                 0.000
     + Clock Network Latency (Prop)  0.169
     = Beginpoint Arrival Time       0.169
     +-------------------------------------------------------------------------------------------+ 
     |             Instance             |       Arc       |  Cell   | Delay | Arrival | Required | 
     |                                  |                 |         |       |  Time   |   Time   | 
     |----------------------------------+-----------------+---------+-------+---------+----------| 
     | datapath/EXMEM_aluResult_reg[24] | CK ^            |         |       |   0.168 |    2.711 | 
     | datapath/EXMEM_aluResult_reg[24] | CK ^ -> Q ^     | DFFR_X1 | 0.129 |   0.297 |    2.840 | 
     |                                  | dmem_addr[24] ^ |         | 0.000 |   0.297 |    2.840 | 
     +-------------------------------------------------------------------------------------------+ 
Path 42: MET Late External Delay Assertion 
Endpoint:   dmem_addr[29]                      (^) checked with  leading edge 
of 'clk'
Beginpoint: datapath/EXMEM_aluResult_reg[29]/Q (^) triggered by  leading edge 
of 'clk'
Path Groups: {clk}
Analysis View: RPT_TYP
Other End Arrival Time          0.000
- External Delay                1.260
+ Phase Shift                   4.200
+ CPPR Adjustment               0.000
- Uncertainty                   0.100
= Required Time                 2.840
- Arrival Time                  0.297
= Slack Time                    2.543
     Clock Rise Edge                 0.000
     + Clock Network Latency (Prop)  0.169
     = Beginpoint Arrival Time       0.169
     +-------------------------------------------------------------------------------------------+ 
     |             Instance             |       Arc       |  Cell   | Delay | Arrival | Required | 
     |                                  |                 |         |       |  Time   |   Time   | 
     |----------------------------------+-----------------+---------+-------+---------+----------| 
     | datapath/EXMEM_aluResult_reg[29] | CK ^            |         |       |   0.169 |    2.712 | 
     | datapath/EXMEM_aluResult_reg[29] | CK ^ -> Q ^     | DFFR_X1 | 0.128 |   0.297 |    2.840 | 
     |                                  | dmem_addr[29] ^ |         | 0.000 |   0.297 |    2.840 | 
     +-------------------------------------------------------------------------------------------+ 
Path 43: MET Late External Delay Assertion 
Endpoint:   dmem_addr[30]                      (^) checked with  leading edge 
of 'clk'
Beginpoint: datapath/EXMEM_aluResult_reg[30]/Q (^) triggered by  leading edge 
of 'clk'
Path Groups: {clk}
Analysis View: RPT_TYP
Other End Arrival Time          0.000
- External Delay                1.260
+ Phase Shift                   4.200
+ CPPR Adjustment               0.000
- Uncertainty                   0.100
= Required Time                 2.840
- Arrival Time                  0.297
= Slack Time                    2.543
     Clock Rise Edge                 0.000
     + Clock Network Latency (Prop)  0.169
     = Beginpoint Arrival Time       0.169
     +-------------------------------------------------------------------------------------------+ 
     |             Instance             |       Arc       |  Cell   | Delay | Arrival | Required | 
     |                                  |                 |         |       |  Time   |   Time   | 
     |----------------------------------+-----------------+---------+-------+---------+----------| 
     | datapath/EXMEM_aluResult_reg[30] | CK ^            |         |       |   0.168 |    2.711 | 
     | datapath/EXMEM_aluResult_reg[30] | CK ^ -> Q ^     | DFFR_X1 | 0.128 |   0.297 |    2.840 | 
     |                                  | dmem_addr[30] ^ |         | 0.000 |   0.297 |    2.840 | 
     +-------------------------------------------------------------------------------------------+ 
Path 44: MET Late External Delay Assertion 
Endpoint:   dmem_addr[2]                      (^) checked with  leading edge of 
'clk'
Beginpoint: datapath/EXMEM_aluResult_reg[2]/Q (^) triggered by  leading edge of 
'clk'
Path Groups: {clk}
Analysis View: RPT_TYP
Other End Arrival Time          0.000
- External Delay                1.260
+ Phase Shift                   4.200
+ CPPR Adjustment               0.000
- Uncertainty                   0.100
= Required Time                 2.840
- Arrival Time                  0.297
= Slack Time                    2.543
     Clock Rise Edge                 0.000
     + Clock Network Latency (Prop)  0.166
     = Beginpoint Arrival Time       0.166
     +-----------------------------------------------------------------------------------------+ 
     |            Instance             |      Arc       |  Cell   | Delay | Arrival | Required | 
     |                                 |                |         |       |  Time   |   Time   | 
     |---------------------------------+----------------+---------+-------+---------+----------| 
     | datapath/EXMEM_aluResult_reg[2] | CK ^           |         |       |   0.166 |    2.710 | 
     | datapath/EXMEM_aluResult_reg[2] | CK ^ -> Q ^    | DFFR_X1 | 0.130 |   0.297 |    2.840 | 
     |                                 | dmem_addr[2] ^ |         | 0.000 |   0.297 |    2.840 | 
     +-----------------------------------------------------------------------------------------+ 
Path 45: MET Late External Delay Assertion 
Endpoint:   dmem_addr[26]                      (^) checked with  leading edge 
of 'clk'
Beginpoint: datapath/EXMEM_aluResult_reg[26]/Q (^) triggered by  leading edge 
of 'clk'
Path Groups: {clk}
Analysis View: RPT_TYP
Other End Arrival Time          0.000
- External Delay                1.260
+ Phase Shift                   4.200
+ CPPR Adjustment               0.000
- Uncertainty                   0.100
= Required Time                 2.840
- Arrival Time                  0.296
= Slack Time                    2.544
     Clock Rise Edge                 0.000
     + Clock Network Latency (Prop)  0.169
     = Beginpoint Arrival Time       0.169
     +-------------------------------------------------------------------------------------------+ 
     |             Instance             |       Arc       |  Cell   | Delay | Arrival | Required | 
     |                                  |                 |         |       |  Time   |   Time   | 
     |----------------------------------+-----------------+---------+-------+---------+----------| 
     | datapath/EXMEM_aluResult_reg[26] | CK ^            |         |       |   0.169 |    2.713 | 
     | datapath/EXMEM_aluResult_reg[26] | CK ^ -> Q ^     | DFFR_X1 | 0.127 |   0.296 |    2.840 | 
     |                                  | dmem_addr[26] ^ |         | 0.000 |   0.296 |    2.840 | 
     +-------------------------------------------------------------------------------------------+ 
Path 46: MET Late External Delay Assertion 
Endpoint:   dmem_addr[1]                      (^) checked with  leading edge of 
'clk'
Beginpoint: datapath/EXMEM_aluResult_reg[1]/Q (^) triggered by  leading edge of 
'clk'
Path Groups: {clk}
Analysis View: RPT_TYP
Other End Arrival Time          0.000
- External Delay                1.260
+ Phase Shift                   4.200
+ CPPR Adjustment               0.000
- Uncertainty                   0.100
= Required Time                 2.840
- Arrival Time                  0.294
= Slack Time                    2.546
     Clock Rise Edge                 0.000
     + Clock Network Latency (Prop)  0.166
     = Beginpoint Arrival Time       0.166
     +-----------------------------------------------------------------------------------------+ 
     |            Instance             |      Arc       |  Cell   | Delay | Arrival | Required | 
     |                                 |                |         |       |  Time   |   Time   | 
     |---------------------------------+----------------+---------+-------+---------+----------| 
     | datapath/EXMEM_aluResult_reg[1] | CK ^           |         |       |   0.166 |    2.712 | 
     | datapath/EXMEM_aluResult_reg[1] | CK ^ -> Q ^    | DFFR_X1 | 0.128 |   0.294 |    2.840 | 
     |                                 | dmem_addr[1] ^ |         | 0.000 |   0.294 |    2.840 | 
     +-----------------------------------------------------------------------------------------+ 
Path 47: MET Late External Delay Assertion 
Endpoint:   dmem_addr[31]                      (^) checked with  leading edge 
of 'clk'
Beginpoint: datapath/EXMEM_aluResult_reg[31]/Q (^) triggered by  leading edge 
of 'clk'
Path Groups: {clk}
Analysis View: RPT_TYP
Other End Arrival Time          0.000
- External Delay                1.260
+ Phase Shift                   4.200
+ CPPR Adjustment               0.000
- Uncertainty                   0.100
= Required Time                 2.840
- Arrival Time                  0.294
= Slack Time                    2.546
     Clock Rise Edge                 0.000
     + Clock Network Latency (Prop)  0.169
     = Beginpoint Arrival Time       0.169
     +-------------------------------------------------------------------------------------------+ 
     |             Instance             |       Arc       |  Cell   | Delay | Arrival | Required | 
     |                                  |                 |         |       |  Time   |   Time   | 
     |----------------------------------+-----------------+---------+-------+---------+----------| 
     | datapath/EXMEM_aluResult_reg[31] | CK ^            |         |       |   0.169 |    2.715 | 
     | datapath/EXMEM_aluResult_reg[31] | CK ^ -> Q ^     | DFFR_X1 | 0.125 |   0.294 |    2.840 | 
     |                                  | dmem_addr[31] ^ |         | 0.000 |   0.294 |    2.840 | 
     +-------------------------------------------------------------------------------------------+ 
Path 48: MET Late External Delay Assertion 
Endpoint:   dmem_addr[0]                      (^) checked with  leading edge of 
'clk'
Beginpoint: datapath/EXMEM_aluResult_reg[0]/Q (^) triggered by  leading edge of 
'clk'
Path Groups: {clk}
Analysis View: RPT_TYP
Other End Arrival Time          0.000
- External Delay                1.260
+ Phase Shift                   4.200
+ CPPR Adjustment               0.000
- Uncertainty                   0.100
= Required Time                 2.840
- Arrival Time                  0.294
= Slack Time                    2.546
     Clock Rise Edge                 0.000
     + Clock Network Latency (Prop)  0.166
     = Beginpoint Arrival Time       0.166
     +-----------------------------------------------------------------------------------------+ 
     |            Instance             |      Arc       |  Cell   | Delay | Arrival | Required | 
     |                                 |                |         |       |  Time   |   Time   | 
     |---------------------------------+----------------+---------+-------+---------+----------| 
     | datapath/EXMEM_aluResult_reg[0] | CK ^           |         |       |   0.166 |    2.713 | 
     | datapath/EXMEM_aluResult_reg[0] | CK ^ -> Q ^    | DFFR_X1 | 0.127 |   0.293 |    2.840 | 
     |                                 | dmem_addr[0] ^ |         | 0.000 |   0.294 |    2.840 | 
     +-----------------------------------------------------------------------------------------+ 
Path 49: MET Late External Delay Assertion 
Endpoint:   dmem_addr[4]                      (^) checked with  leading edge of 
'clk'
Beginpoint: datapath/EXMEM_aluResult_reg[4]/Q (^) triggered by  leading edge of 
'clk'
Path Groups: {clk}
Analysis View: RPT_TYP
Other End Arrival Time          0.000
- External Delay                1.260
+ Phase Shift                   4.200
+ CPPR Adjustment               0.000
- Uncertainty                   0.100
= Required Time                 2.840
- Arrival Time                  0.292
= Slack Time                    2.548
     Clock Rise Edge                 0.000
     + Clock Network Latency (Prop)  0.168
     = Beginpoint Arrival Time       0.168
     +-----------------------------------------------------------------------------------------+ 
     |            Instance             |      Arc       |  Cell   | Delay | Arrival | Required | 
     |                                 |                |         |       |  Time   |   Time   | 
     |---------------------------------+----------------+---------+-------+---------+----------| 
     | datapath/EXMEM_aluResult_reg[4] | CK ^           |         |       |   0.168 |    2.715 | 
     | datapath/EXMEM_aluResult_reg[4] | CK ^ -> Q ^    | DFFR_X1 | 0.124 |   0.292 |    2.840 | 
     |                                 | dmem_addr[4] ^ |         | 0.000 |   0.292 |    2.840 | 
     +-----------------------------------------------------------------------------------------+ 
Path 50: MET Late External Delay Assertion 
Endpoint:   dbg_pc[28]               (^) checked with  leading edge of 'clk'
Beginpoint: datapath/IF_pc_reg[28]/Q (^) triggered by  leading edge of 'clk'
Path Groups: {clk}
Analysis View: RPT_TYP
Other End Arrival Time          0.000
- External Delay                1.260
+ Phase Shift                   4.200
+ CPPR Adjustment               0.000
- Uncertainty                   0.100
= Required Time                 2.840
- Arrival Time                  0.289
= Slack Time                    2.551
     Clock Rise Edge                 0.000
     + Clock Network Latency (Prop)  0.168
     = Beginpoint Arrival Time       0.168
     +------------------------------------------------------------------------------+ 
     |        Instance        |     Arc      |  Cell   | Delay | Arrival | Required | 
     |                        |              |         |       |  Time   |   Time   | 
     |------------------------+--------------+---------+-------+---------+----------| 
     | datapath/IF_pc_reg[28] | CK ^         |         |       |   0.168 |    2.719 | 
     | datapath/IF_pc_reg[28] | CK ^ -> Q ^  | DFFR_X1 | 0.121 |   0.289 |    2.840 | 
     |                        | dbg_pc[28] ^ |         | 0.000 |   0.289 |    2.840 | 
     +------------------------------------------------------------------------------+ 

