###############################################################
#  Generated by:      Cadence Innovus 23.12-s091_1
#  OS:                Linux x86_64(Host ID nanohub-2907946-1)
#  Generated on:      Tue Aug 11 18:58:57 2026
#  Design:            pipelined_cpu_core
#  Command:           route_opt_design
###############################################################

------------------------------------------------------------------
     optDesign Final SI Timing Summary
------------------------------------------------------------------

+--------------------+---------+---------+---------+
|     Setup mode     |   all   | reg2reg | default |
+--------------------+---------+---------+---------+
|           WNS (ns):| -0.030  | -0.030  |  1.650  |
|           TNS (ns):| -0.252  | -0.252  |  0.000  |
|    Violating Paths:|   39    |   39    |    0    |
|          All Paths:|  3551   |  3353   |   230   |
+--------------------+---------+---------+---------+

+----------------+-------------------------------+------------------+
|                |              Real             |       Total      |
|    DRVs        +------------------+------------+------------------|
|                |  Nr nets(terms)  | Worst Vio  |  Nr nets(terms)  |
+----------------+------------------+------------+------------------+
|   max_cap      |      0 (0)       |   0.000    |      0 (0)       |
|   max_tran     |      0 (0)       |   0.000    |      0 (0)       |
|   max_fanout   |    164 (164)     |    -55     |    164 (164)     |
|   max_length   |      0 (0)       |     0      |      0 (0)       |
+----------------+------------------+------------+------------------+

Density: 72.989%
       (100.000% with Fillers)
------------------------------------------------------------------
