 ------------------------------------------------------------------------------------------------------------------------------------------------------------------- 
| Snapshot                | WNS                  | TNS                  | Density (%) | Hotspot                   | Resource               | DRVs       | Layer-OPT |
|                         | HEPG (ns) | ALL (ns) | HEPG (ns) | ALL (ns) |             | Max (bins) | Total (bins) | Real (s) | Memory (MB) | Tran | Cap | metal4    |
|-------------------------+-----------+----------+-----------+----------+-------------+------------+--------------+----------+-------------+------+-----+-----------|
| initial_summary         |           |   -2.670 |           |     -294 |       69.92 |            |              | 0:00:06  |        3318 |  230 |  91 |           |
| simplify_netlist        |           |          |           |          |             |            |              | 0:00:02  |        3320 |      |     |           |
| drv_fixing              |     0.000 |   -2.670 |         0 |     -294 |       70.18 |            |              | 0:00:01  |        3351 |      |     |           |
| drv_fixing_2            |     0.000 |   -0.962 |         0 |      -83 |       71.24 |            |              | 0:00:04  |        3359 |   32 |  32 |         1 |
| global_opt              |           |   -0.281 |           |       -1 |       71.49 |            |              | 0:00:07  |        3378 |      |     |        14 |
| area_reclaiming         |     0.000 |   -0.281 |         0 |       -1 |       71.29 |            |              | 0:00:03  |        3380 |      |     |         8 |
| incremental_replacement |    -0.287 |   -0.287 |           |       -1 |             |       0.00 |         0.00 | 0:00:30  |        3376 |      |     |           |
| drv_fixing_3            |    -0.287 |   -0.287 |        -1 |       -1 |       71.37 |            |              | 0:00:03  |        3385 |    0 |   0 |         8 |
| tns_fixing              |    -0.244 |   -0.244 |        -0 |       -0 |       71.50 |            |              | 0:00:03  |        3513 |      |     |         9 |
| wns_fixing              |     0.046 |    0.046 |         0 |        0 |       72.39 |            |              | 0:01:17  |        3484 |      |     |        20 |
| area_reclaiming_2       |     0.000 |    0.000 |         0 |        0 |       71.98 |            |              | 0:00:07  |        3420 |      |     |        19 |
| area_reclaiming_3       |    -0.003 |   -0.003 |        -0 |       -0 |       71.81 |            |              | 0:00:02  |        3419 |      |     |         4 |
| drv_eco_fixing          |    -0.003 |   -0.003 |        -0 |       -0 |       71.81 |            |              | 0:00:01  |        3417 |   10 |   0 |         4 |
| tns_eco_fixing          |     0.002 |    0.002 |         0 |        0 |       71.81 |            |              | 0:00:01  |        3501 |      |     |         5 |
| final_summary           |    -0.010 |   -0.010 |           |       -0 |       71.81 |            |              | 0:00:03  |        3373 |    0 |   0 |           |
 ------------------------------------------------------------------------------------------------------------------------------------------------------------------- 
