###############################################################
#  Generated by:      Cadence Innovus 23.12-s091_1
#  OS:                Linux x86_64(Host ID nanohub-2907376-4)
#  Generated on:      Mon Aug 10 01:35:00 2026
#  Design:            pipelined_cpu_core
#  Command:           report_timing -late > reports/10_place_timing.rpt
###############################################################
Path 1: VIOLATED Setup Check with Pin datapath/EXMEM_aluResult_reg[0]/CK 
Endpoint:   datapath/EXMEM_aluResult_reg[0]/D (^) checked with  leading edge of 
'clk'
Beginpoint: datapath/MEMWB_rd_reg[1]/Q        (^) triggered by  leading edge of 
'clk'
Path Groups: {clk}
Analysis View: WC_VIEW
Other End Arrival Time          0.000
- Setup                         0.064
+ Phase Shift                   2.800
+ CPPR Adjustment               0.000
- Uncertainty                   0.100
= Required Time                 2.636
- Arrival Time                  3.992
= Slack Time                   -1.356
     Clock Rise Edge                 0.000
     + Clock Network Latency (Ideal) -0.300
     = Beginpoint Arrival Time       -0.300
     +-----------------------------------------------------------------------------------------------------------+ 
     |                      Instance                      |     Arc      |   Cell   | Delay | Arrival | Required | 
     |                                                    |              |          |       |  Time   |   Time   | 
     |----------------------------------------------------+--------------+----------+-------+---------+----------| 
     | datapath/MEMWB_rd_reg[1]                           | CK ^         |          |       |  -0.300 |   -1.656 | 
     | datapath/MEMWB_rd_reg[1]                           | CK ^ -> Q ^  | DFFR_X1  | 0.515 |   0.215 |   -1.141 | 
     | ALU_forward/FE_RC_2040_0                           | A1 ^ -> ZN v | NAND2_X1 | 0.066 |   0.281 |   -1.075 | 
     | ALU_forward/FE_RC_2038_0                           | A1 v -> ZN ^ | NAND2_X1 | 0.063 |   0.344 |   -1.012 | 
     | ALU_forward/FE_RC_2028_0                           | A2 ^ -> ZN v | NAND3_X1 | 0.069 |   0.413 |   -0.943 | 
     | ALU_forward/FE_RC_385_0                            | A v -> ZN ^  | INV_X2   | 0.056 |   0.469 |   -0.887 | 
     | ALU_forward/FE_RC_1527_0                           | A1 ^ -> ZN v | NAND3_X2 | 0.060 |   0.529 |   -0.827 | 
     | ALU_forward/FE_RC_1077_0                           | A1 v -> ZN ^ | NOR2_X4  | 0.124 |   0.653 |   -0.703 | 
     | datapath/FE_RC_1719_0                              | A1 ^ -> ZN v | NAND2_X2 | 0.066 |   0.720 |   -0.636 | 
     | datapath/FE_OCPC673_FE_RN_1166_0                   | A v -> ZN ^  | INV_X4   | 0.060 |   0.780 |   -0.576 | 
     | datapath/FE_RC_1541_0                              | A1 ^ -> ZN v | NAND2_X2 | 0.042 |   0.821 |   -0.535 | 
     | datapath/FE_RC_1438_0                              | A1 v -> ZN ^ | NAND2_X2 | 0.042 |   0.863 |   -0.493 | 
     | datapath/FE_RC_1436_0                              | A1 ^ -> ZN v | NAND2_X1 | 0.042 |   0.905 |   -0.451 | 
     | datapath/FE_RC_1435_0                              | A1 v -> ZN ^ | NAND3_X2 | 0.065 |   0.969 |   -0.387 | 
     | datapath/ALU_ALU_GEN[1].slice_i_bitAdder/FE_RC_127 | A ^ -> ZN v  | INV_X2   | 0.038 |   1.007 |   -0.349 | 
     | 9_0                                                |              |          |       |         |          | 
     | datapath/ALU_ALU_GEN[1].slice_i_bitAdder/FE_RC_131 | A1 v -> ZN ^ | NAND2_X4 | 0.043 |   1.050 |   -0.306 | 
     | 9_0                                                |              |          |       |         |          | 
     | datapath/ALU_ALU_GEN[1].slice_i_bitAdder/FE_RC_132 | A2 ^ -> ZN v | NAND2_X4 | 0.038 |   1.088 |   -0.269 | 
     | 8_0                                                |              |          |       |         |          | 
     | datapath/ALU_ALU_GEN[1].slice_i_bitAdder/FE_RC_132 | A1 v -> ZN ^ | NAND2_X4 | 0.048 |   1.135 |   -0.221 | 
     | 7_0                                                |              |          |       |         |          | 
     | datapath/ALU_ALU_GEN[2].slice_i_bitAdder/FE_RC_367 | A1 ^ -> ZN v | NAND2_X4 | 0.038 |   1.173 |   -0.183 | 
     | _0                                                 |              |          |       |         |          | 
     | datapath/ALU_ALU_GEN[2].slice_i_bitAdder/g77__6260 | A1 v -> ZN ^ | NAND2_X4 | 0.044 |   1.218 |   -0.139 | 
     | datapath/ALU_ALU_GEN[3].slice_i_bitAdder/FE_RC_166 | A1 ^ -> ZN v | NAND2_X4 | 0.036 |   1.254 |   -0.102 | 
     | 5_0                                                |              |          |       |         |          | 
     | datapath/ALU_ALU_GEN[3].slice_i_bitAdder/FE_RC_152 | A1 v -> ZN ^ | NAND2_X4 | 0.048 |   1.302 |   -0.055 | 
     | 5_0                                                |              |          |       |         |          | 
     | datapath/ALU_ALU_GEN[4].slice_i_bitAdder/FE_RC_127 | A1 ^ -> ZN v | NAND2_X4 | 0.037 |   1.339 |   -0.017 | 
     | 2_0                                                |              |          |       |         |          | 
     | datapath/ALU_ALU_GEN[4].slice_i_bitAdder/FE_RC_127 | A1 v -> ZN ^ | NAND2_X4 | 0.044 |   1.383 |    0.026 | 
     | 1_0                                                |              |          |       |         |          | 
     | datapath/ALU_ALU_GEN[5].slice_i_bitAdder/FE_RC_160 | A1 ^ -> ZN v | NAND2_X4 | 0.035 |   1.418 |    0.062 | 
     | 3_0                                                |              |          |       |         |          | 
     | datapath/ALU_ALU_GEN[5].slice_i_bitAdder/g77__1666 | A1 v -> ZN ^ | NAND2_X4 | 0.044 |   1.462 |    0.105 | 
     | datapath/ALU_ALU_GEN[6].slice_i_bitAdder/FE_RC_166 | A1 ^ -> ZN v | NAND2_X4 | 0.036 |   1.497 |    0.141 | 
     | 4_0                                                |              |          |       |         |          | 
     | datapath/ALU_ALU_GEN[6].slice_i_bitAdder/FE_RC_124 | A1 v -> ZN ^ | NAND2_X4 | 0.044 |   1.541 |    0.184 | 
     | 0_0                                                |              |          |       |         |          | 
     | datapath/ALU_ALU_GEN[7].slice_i_bitAdder/FE_RC_136 | A1 ^ -> ZN v | NAND2_X4 | 0.036 |   1.577 |    0.220 | 
     | 2_0                                                |              |          |       |         |          | 
     | datapath/ALU_ALU_GEN[7].slice_i_bitAdder/g77__5122 | A1 v -> ZN ^ | NAND2_X4 | 0.043 |   1.620 |    0.264 | 
     | datapath/ALU_ALU_GEN[8].slice_i_bitAdder/FE_RC_132 | A1 ^ -> ZN v | NAND2_X4 | 0.035 |   1.655 |    0.299 | 
     | 5_0                                                |              |          |       |         |          | 
     | datapath/ALU_ALU_GEN[8].slice_i_bitAdder/FE_RC_124 | A1 v -> ZN ^ | NAND2_X4 | 0.046 |   1.701 |    0.345 | 
     | 4_0                                                |              |          |       |         |          | 
     | datapath/ALU_ALU_GEN[9].slice_i_bitAdder/FE_RC_158 | A1 ^ -> ZN v | NAND2_X4 | 0.037 |   1.738 |    0.382 | 
     | 7_0                                                |              |          |       |         |          | 
     | datapath/ALU_ALU_GEN[9].slice_i_bitAdder/FE_RC_124 | A1 v -> ZN ^ | NAND2_X4 | 0.045 |   1.783 |    0.427 | 
     | 8_0                                                |              |          |       |         |          | 
     | datapath/ALU_ALU_GEN[10].slice_i_bitAdder/FE_RC_20 | A1 ^ -> ZN v | NAND2_X4 | 0.036 |   1.819 |    0.463 | 
     | 11_0                                               |              |          |       |         |          | 
     | datapath/ALU_ALU_GEN[10].slice_i_bitAdder/FE_RC_20 | A1 v -> ZN ^ | NAND2_X4 | 0.043 |   1.862 |    0.506 | 
     | 10_0                                               |              |          |       |         |          | 
     | datapath/ALU_ALU_GEN[11].slice_i_bitAdder/FE_RC_15 | A1 ^ -> ZN v | NAND2_X4 | 0.036 |   1.898 |    0.542 | 
     | 99_0                                               |              |          |       |         |          | 
     | datapath/ALU_ALU_GEN[11].slice_i_bitAdder/FE_RC_15 | A1 v -> ZN ^ | NAND2_X4 | 0.048 |   1.946 |    0.590 | 
     | 98_0                                               |              |          |       |         |          | 
     | datapath/ALU_ALU_GEN[12].slice_i_bitAdder/FE_RC_17 | A1 ^ -> ZN v | NAND2_X4 | 0.037 |   1.983 |    0.627 | 
     | 73_0                                               |              |          |       |         |          | 
     | datapath/ALU_ALU_GEN[12].slice_i_bitAdder/FE_RC_17 | A1 v -> ZN ^ | NAND2_X4 | 0.043 |   2.027 |    0.670 | 
     | 72_0                                               |              |          |       |         |          | 
     | datapath/ALU_ALU_GEN[13].slice_i_bitAdder/FE_RC_17 | A1 ^ -> ZN v | NAND2_X4 | 0.036 |   2.063 |    0.707 | 
     | 43_0                                               |              |          |       |         |          | 
     | datapath/ALU_ALU_GEN[13].slice_i_bitAdder/g77__510 | A1 v -> ZN ^ | NAND2_X4 | 0.043 |   2.106 |    0.750 | 
     | 7                                                  |              |          |       |         |          | 
     | datapath/ALU_ALU_GEN[14].slice_i_bitAdder/FE_RC_16 | A1 ^ -> ZN v | NAND2_X4 | 0.035 |   2.141 |    0.785 | 
     | 02_0                                               |              |          |       |         |          | 
     | datapath/ALU_ALU_GEN[14].slice_i_bitAdder/g77__280 | A1 v -> ZN ^ | NAND2_X4 | 0.045 |   2.186 |    0.830 | 
     | 2                                                  |              |          |       |         |          | 
     | datapath/ALU_ALU_GEN[15].slice_i_bitAdder/FE_RC_11 | A1 ^ -> ZN v | NAND2_X4 | 0.036 |   2.222 |    0.866 | 
     | 44_0                                               |              |          |       |         |          | 
     | datapath/ALU_ALU_GEN[15].slice_i_bitAdder/FE_RC_11 | A1 v -> ZN ^ | NAND2_X4 | 0.051 |   2.273 |    0.917 | 
     | 43_0                                               |              |          |       |         |          | 
     | datapath/ALU_ALU_GEN[16].slice_i_bitAdder/FE_RC_23 | A1 ^ -> ZN v | NAND2_X4 | 0.039 |   2.312 |    0.956 | 
     | 1_0                                                |              |          |       |         |          | 
     | datapath/ALU_ALU_GEN[16].slice_i_bitAdder/g77__166 | A1 v -> ZN ^ | NAND2_X4 | 0.044 |   2.356 |    1.000 | 
     | 6                                                  |              |          |       |         |          | 
     | datapath/ALU_ALU_GEN[17].slice_i_bitAdder/FE_RC_13 | A1 ^ -> ZN v | NAND2_X4 | 0.035 |   2.392 |    1.035 | 
     | 26_0                                               |              |          |       |         |          | 
     | datapath/ALU_ALU_GEN[17].slice_i_bitAdder/FE_RC_11 | A1 v -> ZN ^ | NAND2_X4 | 0.050 |   2.441 |    1.085 | 
     | 75_0                                               |              |          |       |         |          | 
     | datapath/ALU_ALU_GEN[18].slice_i_bitAdder/FE_RC_11 | A1 ^ -> ZN v | NAND2_X4 | 0.040 |   2.481 |    1.125 | 
     | 72_0                                               |              |          |       |         |          | 
     | datapath/ALU_ALU_GEN[18].slice_i_bitAdder/FE_RC_11 | A1 v -> ZN ^ | NAND2_X4 | 0.045 |   2.526 |    1.170 | 
     | 71_0                                               |              |          |       |         |          | 
     | datapath/ALU_ALU_GEN[19].slice_i_bitAdder/FE_RC_11 | A1 ^ -> ZN v | NAND2_X4 | 0.036 |   2.562 |    1.205 | 
     | 40_0                                               |              |          |       |         |          | 
     | datapath/ALU_ALU_GEN[19].slice_i_bitAdder/FE_RC_11 | A1 v -> ZN ^ | NAND2_X4 | 0.047 |   2.609 |    1.253 | 
     | 39_0                                               |              |          |       |         |          | 
     | datapath/ALU_ALU_GEN[20].slice_i_bitAdder/FE_RC_25 | A1 ^ -> ZN v | NAND2_X4 | 0.037 |   2.646 |    1.290 | 
     | 8_0                                                |              |          |       |         |          | 
     | datapath/ALU_ALU_GEN[20].slice_i_bitAdder/g77__741 | A1 v -> ZN ^ | NAND2_X4 | 0.043 |   2.690 |    1.334 | 
     | 0                                                  |              |          |       |         |          | 
     | datapath/ALU_ALU_GEN[21].slice_i_bitAdder/FE_RC_12 | A1 ^ -> ZN v | NAND2_X4 | 0.035 |   2.725 |    1.369 | 
     | 33_0                                               |              |          |       |         |          | 
     | datapath/ALU_ALU_GEN[21].slice_i_bitAdder/FE_RC_12 | A1 v -> ZN ^ | NAND2_X4 | 0.044 |   2.769 |    1.413 | 
     | 32_0                                               |              |          |       |         |          | 
     | datapath/ALU_ALU_GEN[22].slice_i_bitAdder/FE_RC_17 | A1 ^ -> ZN v | NAND2_X4 | 0.035 |   2.804 |    1.448 | 
     | 3_0                                                |              |          |       |         |          | 
     | datapath/ALU_ALU_GEN[22].slice_i_bitAdder/FE_RC_17 | A1 v -> ZN ^ | NAND2_X4 | 0.046 |   2.850 |    1.494 | 
     | 2_0                                                |              |          |       |         |          | 
     | datapath/ALU_ALU_GEN[23].slice_i_bitAdder/FE_RC_11 | A1 ^ -> ZN v | NAND2_X4 | 0.038 |   2.888 |    1.531 | 
     | 68_0                                               |              |          |       |         |          | 
     | datapath/ALU_ALU_GEN[23].slice_i_bitAdder/FE_RC_11 | A1 v -> ZN ^ | NAND2_X4 | 0.048 |   2.935 |    1.579 | 
     | 67_0                                               |              |          |       |         |          | 
     | datapath/ALU_ALU_GEN[24].slice_i_bitAdder/FE_RC_14 | A1 ^ -> ZN v | NAND2_X4 | 0.039 |   2.974 |    1.618 | 
     | 1_0                                                |              |          |       |         |          | 
     | datapath/ALU_ALU_GEN[24].slice_i_bitAdder/FE_RC_14 | A1 v -> ZN ^ | NAND2_X4 | 0.045 |   3.020 |    1.664 | 
     | 0_0                                                |              |          |       |         |          | 
     | datapath/ALU_ALU_GEN[25].slice_i_bitAdder/FE_RC_11 | A1 ^ -> ZN v | NAND2_X4 | 0.037 |   3.057 |    1.700 | 
     | 36_0                                               |              |          |       |         |          | 
     | datapath/ALU_ALU_GEN[25].slice_i_bitAdder/FE_RC_11 | A1 v -> ZN ^ | NAND2_X4 | 0.050 |   3.106 |    1.750 | 
     | 35_0                                               |              |          |       |         |          | 
     | datapath/ALU_ALU_GEN[26].slice_i_bitAdder/FE_RC_10 | A1 ^ -> ZN v | NAND2_X4 | 0.040 |   3.146 |    1.790 | 
     | 9_0                                                |              |          |       |         |          | 
     | datapath/ALU_ALU_GEN[26].slice_i_bitAdder/FE_RC_10 | A1 v -> ZN ^ | NAND2_X4 | 0.050 |   3.196 |    1.840 | 
     | 8_0                                                |              |          |       |         |          | 
     | datapath/ALU_ALU_GEN[27].slice_i_bitAdder/FE_RC_92 | A1 ^ -> ZN v | NAND2_X4 | 0.038 |   3.234 |    1.878 | 
     | _0                                                 |              |          |       |         |          | 
     | datapath/ALU_ALU_GEN[27].slice_i_bitAdder/FE_RC_91 | A1 v -> ZN ^ | NAND2_X4 | 0.046 |   3.281 |    1.924 | 
     | _0                                                 |              |          |       |         |          | 
     | datapath/ALU_ALU_GEN[28].slice_i_bitAdder/FE_RC_11 | A1 ^ -> ZN v | NAND2_X4 | 0.038 |   3.319 |    1.963 | 
     | 48_0                                               |              |          |       |         |          | 
     | datapath/ALU_ALU_GEN[28].slice_i_bitAdder/FE_RC_11 | A1 v -> ZN ^ | NAND2_X4 | 0.047 |   3.366 |    2.010 | 
     | 47_0                                               |              |          |       |         |          | 
     | datapath/ALU_ALU_GEN[29].slice_i_bitAdder/FE_RC_12 | A1 ^ -> ZN v | NAND2_X4 | 0.039 |   3.405 |    2.049 | 
     | 37_0                                               |              |          |       |         |          | 
     | datapath/ALU_ALU_GEN[29].slice_i_bitAdder/FE_RC_12 | A1 v -> ZN ^ | NAND2_X4 | 0.046 |   3.451 |    2.095 | 
     | 36_0                                               |              |          |       |         |          | 
     | datapath/ALU_ALU_GEN[30].slice_i_bitAdder/FE_RC_12 | A1 ^ -> ZN v | NAND2_X4 | 0.037 |   3.487 |    2.131 | 
     | 11_0                                               |              |          |       |         |          | 
     | datapath/ALU_ALU_GEN[30].slice_i_bitAdder/FE_RC_12 | A1 v -> ZN ^ | NAND2_X4 | 0.064 |   3.551 |    2.195 | 
     | 10_0                                               |              |          |       |         |          | 
     | datapath/ALU_msb_bitAdder/FE_RC_1361_0             | A1 ^ -> ZN v | NAND2_X4 | 0.044 |   3.595 |    2.239 | 
     | datapath/ALU_msb_bitAdder/FE_RC_1281_0             | A1 v -> ZN ^ | NAND2_X4 | 0.040 |   3.635 |    2.279 | 
     | datapath/FE_RC_1110_0                              | A ^ -> ZN ^  | XNOR2_X2 | 0.115 |   3.750 |    2.394 | 
     | datapath/FE_RC_1109_0                              | A ^ -> ZN ^  | XNOR2_X2 | 0.137 |   3.888 |    2.531 | 
     | datapath/ALU_ALU_GEN[0].slice_i_resultMux/FE_RC_15 | A1 ^ -> ZN v | NAND2_X2 | 0.059 |   3.946 |    2.590 | 
     | 92_0                                               |              |          |       |         |          | 
     | datapath/ALU_ALU_GEN[0].slice_i_resultMux/FE_RC_15 | A1 v -> ZN ^ | NAND2_X2 | 0.046 |   3.992 |    2.636 | 
     | 91_0                                               |              |          |       |         |          | 
     | datapath/EXMEM_aluResult_reg[0]                    | D ^          | DFFR_X2  | 0.000 |   3.992 |    2.636 | 
     +-----------------------------------------------------------------------------------------------------------+ 

