###############################################################
#  Generated by:      Cadence Innovus 23.12-s091_1
#  OS:                Linux x86_64(Host ID nanohub-2907376-4)
#  Generated on:      Mon Aug 10 01:40:56 2026
#  Design:            pipelined_cpu_core
#  Command:           report_timing -late  > reports/20_cts_setup.rpt
###############################################################
Path 1: VIOLATED Setup Check with Pin datapath/EXMEM_aluResult_reg[0]/CK 
Endpoint:   datapath/EXMEM_aluResult_reg[0]/D (^) checked with  leading edge of 
'clk'
Beginpoint: datapath/EXMEM_aluResult_reg[0]/Q (^) triggered by  leading edge of 
'clk'
Path Groups: {clk}
Analysis View: WC_VIEW
Other End Arrival Time          0.805
- Setup                         0.073
+ Phase Shift                   2.800
+ CPPR Adjustment               0.002
- Uncertainty                   0.100
= Required Time                 3.434
- Arrival Time                  4.387
= Slack Time                   -0.953
     Clock Rise Edge                 0.000
     + Clock Network Latency (Prop)  0.807
     = Beginpoint Arrival Time       0.807
     +-----------------------------------------------------------------------------------------------------------+ 
     |                      Instance                      |     Arc      |   Cell   | Delay | Arrival | Required | 
     |                                                    |              |          |       |  Time   |   Time   | 
     |----------------------------------------------------+--------------+----------+-------+---------+----------| 
     | datapath/EXMEM_aluResult_reg[0]                    | CK ^         |          |       |   0.807 |   -0.146 | 
     | datapath/EXMEM_aluResult_reg[0]                    | CK ^ -> Q ^  | DFFR_X1  | 0.427 |   1.234 |    0.281 | 
     | datapath/FE_RC_3165_0                              | B1 ^ -> ZN v | OAI21_X2 | 0.074 |   1.308 |    0.355 | 
     | datapath/FE_RC_3157_0                              | A v -> ZN ^  | INV_X4   | 0.054 |   1.362 |    0.409 | 
     | datapath/ALU_ALU_GEN[0].slice_i_bitAdder/FE_RC_318 | A1 ^ -> ZN v | NAND2_X2 | 0.041 |   1.403 |    0.450 | 
     | 5_0                                                |              |          |       |         |          | 
     | datapath/ALU_ALU_GEN[0].slice_i_bitAdder/FE_RC_318 | A2 v -> ZN ^ | NAND2_X4 | 0.056 |   1.459 |    0.506 | 
     | 3_0                                                |              |          |       |         |          | 
     | datapath/ALU_ALU_GEN[1].slice_i_bitAdder/FE_RC_319 | A1 ^ -> ZN v | NAND2_X4 | 0.036 |   1.495 |    0.542 | 
     | 0_0                                                |              |          |       |         |          | 
     | datapath/ALU_ALU_GEN[1].slice_i_bitAdder/FE_RC_132 | A1 v -> ZN ^ | NAND2_X4 | 0.048 |   1.543 |    0.590 | 
     | 7_0                                                |              |          |       |         |          | 
     | datapath/ALU_ALU_GEN[2].slice_i_bitAdder/FE_RC_367 | A1 ^ -> ZN v | NAND2_X4 | 0.038 |   1.581 |    0.628 | 
     | _0                                                 |              |          |       |         |          | 
     | datapath/ALU_ALU_GEN[2].slice_i_bitAdder/g77__6260 | A1 v -> ZN ^ | NAND2_X4 | 0.045 |   1.626 |    0.673 | 
     | datapath/ALU_ALU_GEN[3].slice_i_bitAdder/FE_RC_166 | A1 ^ -> ZN v | NAND2_X4 | 0.036 |   1.661 |    0.708 | 
     | 5_0                                                |              |          |       |         |          | 
     | datapath/ALU_ALU_GEN[3].slice_i_bitAdder/FE_RC_152 | A1 v -> ZN ^ | NAND2_X4 | 0.049 |   1.711 |    0.758 | 
     | 5_0                                                |              |          |       |         |          | 
     | datapath/ALU_ALU_GEN[4].slice_i_bitAdder/FE_RC_127 | A1 ^ -> ZN v | NAND2_X4 | 0.038 |   1.749 |    0.796 | 
     | 2_0                                                |              |          |       |         |          | 
     | datapath/ALU_ALU_GEN[4].slice_i_bitAdder/FE_RC_127 | A1 v -> ZN ^ | NAND2_X4 | 0.044 |   1.793 |    0.840 | 
     | 1_0                                                |              |          |       |         |          | 
     | datapath/ALU_ALU_GEN[5].slice_i_bitAdder/FE_RC_160 | A1 ^ -> ZN v | NAND2_X4 | 0.035 |   1.828 |    0.875 | 
     | 3_0                                                |              |          |       |         |          | 
     | datapath/ALU_ALU_GEN[5].slice_i_bitAdder/g77__1666 | A1 v -> ZN ^ | NAND2_X4 | 0.044 |   1.872 |    0.919 | 
     | datapath/ALU_ALU_GEN[6].slice_i_bitAdder/FE_RC_166 | A1 ^ -> ZN v | NAND2_X4 | 0.035 |   1.908 |    0.955 | 
     | 4_0                                                |              |          |       |         |          | 
     | datapath/ALU_ALU_GEN[6].slice_i_bitAdder/FE_RC_124 | A1 v -> ZN ^ | NAND2_X4 | 0.045 |   1.952 |    0.999 | 
     | 0_0                                                |              |          |       |         |          | 
     | datapath/ALU_ALU_GEN[7].slice_i_bitAdder/FE_RC_136 | A1 ^ -> ZN v | NAND2_X4 | 0.036 |   1.988 |    1.035 | 
     | 2_0                                                |              |          |       |         |          | 
     | datapath/ALU_ALU_GEN[7].slice_i_bitAdder/g77__5122 | A1 v -> ZN ^ | NAND2_X4 | 0.045 |   2.033 |    1.080 | 
     | datapath/ALU_ALU_GEN[8].slice_i_bitAdder/FE_RC_132 | A1 ^ -> ZN v | NAND2_X4 | 0.036 |   2.069 |    1.116 | 
     | 5_0                                                |              |          |       |         |          | 
     | datapath/ALU_ALU_GEN[8].slice_i_bitAdder/FE_RC_124 | A1 v -> ZN ^ | NAND2_X4 | 0.044 |   2.113 |    1.160 | 
     | 4_0                                                |              |          |       |         |          | 
     | datapath/ALU_ALU_GEN[9].slice_i_bitAdder/FE_RC_158 | A1 ^ -> ZN v | NAND2_X4 | 0.035 |   2.148 |    1.195 | 
     | 7_0                                                |              |          |       |         |          | 
     | datapath/ALU_ALU_GEN[9].slice_i_bitAdder/FE_RC_124 | A1 v -> ZN ^ | NAND2_X4 | 0.045 |   2.193 |    1.240 | 
     | 8_0                                                |              |          |       |         |          | 
     | datapath/ALU_ALU_GEN[10].slice_i_bitAdder/FE_RC_20 | A1 ^ -> ZN v | NAND2_X4 | 0.036 |   2.228 |    1.275 | 
     | 11_0                                               |              |          |       |         |          | 
     | datapath/ALU_ALU_GEN[10].slice_i_bitAdder/FE_RC_20 | A1 v -> ZN ^ | NAND2_X4 | 0.044 |   2.273 |    1.319 | 
     | 10_0                                               |              |          |       |         |          | 
     | datapath/ALU_ALU_GEN[11].slice_i_bitAdder/FE_RC_15 | A1 ^ -> ZN v | NAND2_X4 | 0.036 |   2.308 |    1.355 | 
     | 99_0                                               |              |          |       |         |          | 
     | datapath/ALU_ALU_GEN[11].slice_i_bitAdder/FE_RC_15 | A1 v -> ZN ^ | NAND2_X4 | 0.048 |   2.356 |    1.403 | 
     | 98_0                                               |              |          |       |         |          | 
     | datapath/ALU_ALU_GEN[12].slice_i_bitAdder/FE_RC_17 | A1 ^ -> ZN v | NAND2_X4 | 0.037 |   2.393 |    1.440 | 
     | 73_0                                               |              |          |       |         |          | 
     | datapath/ALU_ALU_GEN[12].slice_i_bitAdder/FE_RC_17 | A1 v -> ZN ^ | NAND2_X4 | 0.044 |   2.437 |    1.484 | 
     | 72_0                                               |              |          |       |         |          | 
     | datapath/ALU_ALU_GEN[13].slice_i_bitAdder/FE_RC_17 | A1 ^ -> ZN v | NAND2_X4 | 0.037 |   2.474 |    1.521 | 
     | 43_0                                               |              |          |       |         |          | 
     | datapath/ALU_ALU_GEN[13].slice_i_bitAdder/g77__510 | A1 v -> ZN ^ | NAND2_X4 | 0.044 |   2.518 |    1.565 | 
     | 7                                                  |              |          |       |         |          | 
     | datapath/ALU_ALU_GEN[14].slice_i_bitAdder/FE_RC_16 | A1 ^ -> ZN v | NAND2_X4 | 0.035 |   2.553 |    1.600 | 
     | 02_0                                               |              |          |       |         |          | 
     | datapath/ALU_ALU_GEN[14].slice_i_bitAdder/g77__280 | A1 v -> ZN ^ | NAND2_X4 | 0.045 |   2.599 |    1.645 | 
     | 2                                                  |              |          |       |         |          | 
     | datapath/ALU_ALU_GEN[15].slice_i_bitAdder/FE_RC_11 | A1 ^ -> ZN v | NAND2_X4 | 0.035 |   2.634 |    1.681 | 
     | 44_0                                               |              |          |       |         |          | 
     | datapath/ALU_ALU_GEN[15].slice_i_bitAdder/FE_RC_11 | A1 v -> ZN ^ | NAND2_X4 | 0.053 |   2.687 |    1.734 | 
     | 43_0                                               |              |          |       |         |          | 
     | datapath/ALU_ALU_GEN[16].slice_i_bitAdder/FE_RC_23 | A1 ^ -> ZN v | NAND2_X4 | 0.039 |   2.727 |    1.773 | 
     | 1_0                                                |              |          |       |         |          | 
     | datapath/ALU_ALU_GEN[16].slice_i_bitAdder/g77__166 | A1 v -> ZN ^ | NAND2_X4 | 0.046 |   2.773 |    1.820 | 
     | 6                                                  |              |          |       |         |          | 
     | datapath/ALU_ALU_GEN[17].slice_i_bitAdder/FE_RC_13 | A1 ^ -> ZN v | NAND2_X4 | 0.036 |   2.808 |    1.855 | 
     | 26_0                                               |              |          |       |         |          | 
     | datapath/ALU_ALU_GEN[17].slice_i_bitAdder/FE_RC_11 | A1 v -> ZN ^ | NAND2_X4 | 0.044 |   2.852 |    1.899 | 
     | 75_0                                               |              |          |       |         |          | 
     | datapath/ALU_ALU_GEN[18].slice_i_bitAdder/FE_RC_11 | A1 ^ -> ZN v | NAND2_X4 | 0.035 |   2.887 |    1.934 | 
     | 72_0                                               |              |          |       |         |          | 
     | datapath/ALU_ALU_GEN[18].slice_i_bitAdder/FE_RC_11 | A1 v -> ZN ^ | NAND2_X4 | 0.044 |   2.931 |    1.978 | 
     | 71_0                                               |              |          |       |         |          | 
     | datapath/ALU_ALU_GEN[19].slice_i_bitAdder/FE_RC_11 | A1 ^ -> ZN v | NAND2_X4 | 0.036 |   2.967 |    2.014 | 
     | 40_0                                               |              |          |       |         |          | 
     | datapath/ALU_ALU_GEN[19].slice_i_bitAdder/FE_RC_11 | A1 v -> ZN ^ | NAND2_X4 | 0.049 |   3.016 |    2.063 | 
     | 39_0                                               |              |          |       |         |          | 
     | datapath/ALU_ALU_GEN[20].slice_i_bitAdder/FE_RC_25 | A1 ^ -> ZN v | NAND2_X4 | 0.037 |   3.053 |    2.100 | 
     | 8_0                                                |              |          |       |         |          | 
     | datapath/ALU_ALU_GEN[20].slice_i_bitAdder/g77__741 | A1 v -> ZN ^ | NAND2_X4 | 0.044 |   3.097 |    2.144 | 
     | 0                                                  |              |          |       |         |          | 
     | datapath/ALU_ALU_GEN[21].slice_i_bitAdder/FE_RC_12 | A1 ^ -> ZN v | NAND2_X4 | 0.035 |   3.133 |    2.179 | 
     | 33_0                                               |              |          |       |         |          | 
     | datapath/ALU_ALU_GEN[21].slice_i_bitAdder/FE_RC_12 | A1 v -> ZN ^ | NAND2_X4 | 0.045 |   3.177 |    2.224 | 
     | 32_0                                               |              |          |       |         |          | 
     | datapath/ALU_ALU_GEN[22].slice_i_bitAdder/FE_RC_17 | A1 ^ -> ZN v | NAND2_X4 | 0.036 |   3.213 |    2.260 | 
     | 3_0                                                |              |          |       |         |          | 
     | datapath/ALU_ALU_GEN[22].slice_i_bitAdder/FE_RC_17 | A1 v -> ZN ^ | NAND2_X4 | 0.045 |   3.258 |    2.305 | 
     | 2_0                                                |              |          |       |         |          | 
     | datapath/ALU_ALU_GEN[23].slice_i_bitAdder/FE_RC_11 | A1 ^ -> ZN v | NAND2_X4 | 0.036 |   3.294 |    2.341 | 
     | 68_0                                               |              |          |       |         |          | 
     | datapath/ALU_ALU_GEN[23].slice_i_bitAdder/FE_RC_11 | A1 v -> ZN ^ | NAND2_X4 | 0.047 |   3.341 |    2.388 | 
     | 67_0                                               |              |          |       |         |          | 
     | datapath/ALU_ALU_GEN[24].slice_i_bitAdder/FE_RC_14 | A1 ^ -> ZN v | NAND2_X4 | 0.039 |   3.379 |    2.426 | 
     | 1_0                                                |              |          |       |         |          | 
     | datapath/ALU_ALU_GEN[24].slice_i_bitAdder/FE_RC_14 | A1 v -> ZN ^ | NAND2_X4 | 0.045 |   3.424 |    2.471 | 
     | 0_0                                                |              |          |       |         |          | 
     | datapath/ALU_ALU_GEN[25].slice_i_bitAdder/FE_RC_11 | A1 ^ -> ZN v | NAND2_X4 | 0.035 |   3.459 |    2.506 | 
     | 36_0                                               |              |          |       |         |          | 
     | datapath/ALU_ALU_GEN[25].slice_i_bitAdder/FE_RC_11 | A1 v -> ZN ^ | NAND2_X4 | 0.047 |   3.506 |    2.553 | 
     | 35_0                                               |              |          |       |         |          | 
     | datapath/ALU_ALU_GEN[26].slice_i_bitAdder/FE_RC_10 | A1 ^ -> ZN v | NAND2_X4 | 0.038 |   3.545 |    2.592 | 
     | 9_0                                                |              |          |       |         |          | 
     | datapath/ALU_ALU_GEN[26].slice_i_bitAdder/FE_RC_10 | A1 v -> ZN ^ | NAND2_X4 | 0.049 |   3.593 |    2.640 | 
     | 8_0                                                |              |          |       |         |          | 
     | datapath/ALU_ALU_GEN[27].slice_i_bitAdder/FE_RC_92 | A1 ^ -> ZN v | NAND2_X4 | 0.038 |   3.631 |    2.678 | 
     | _0                                                 |              |          |       |         |          | 
     | datapath/ALU_ALU_GEN[27].slice_i_bitAdder/FE_RC_91 | A1 v -> ZN ^ | NAND2_X4 | 0.046 |   3.677 |    2.724 | 
     | _0                                                 |              |          |       |         |          | 
     | datapath/ALU_ALU_GEN[28].slice_i_bitAdder/FE_RC_11 | A1 ^ -> ZN v | NAND2_X4 | 0.038 |   3.715 |    2.762 | 
     | 48_0                                               |              |          |       |         |          | 
     | datapath/ALU_ALU_GEN[28].slice_i_bitAdder/FE_RC_11 | A1 v -> ZN ^ | NAND2_X4 | 0.047 |   3.763 |    2.810 | 
     | 47_0                                               |              |          |       |         |          | 
     | datapath/ALU_ALU_GEN[29].slice_i_bitAdder/FE_RC_12 | A1 ^ -> ZN v | NAND2_X4 | 0.039 |   3.801 |    2.848 | 
     | 37_0                                               |              |          |       |         |          | 
     | datapath/ALU_ALU_GEN[29].slice_i_bitAdder/FE_RC_12 | A1 v -> ZN ^ | NAND2_X4 | 0.047 |   3.848 |    2.895 | 
     | 36_0                                               |              |          |       |         |          | 
     | datapath/ALU_ALU_GEN[30].slice_i_bitAdder/FE_RC_12 | A1 ^ -> ZN v | NAND2_X4 | 0.037 |   3.885 |    2.932 | 
     | 11_0                                               |              |          |       |         |          | 
     | datapath/ALU_ALU_GEN[30].slice_i_bitAdder/FE_RC_12 | A1 v -> ZN ^ | NAND2_X4 | 0.062 |   3.947 |    2.994 | 
     | 10_0                                               |              |          |       |         |          | 
     | datapath/ALU_msb_bitAdder/FE_RC_1361_0             | A1 ^ -> ZN v | NAND2_X4 | 0.042 |   3.989 |    3.036 | 
     | datapath/ALU_msb_bitAdder/FE_RC_1281_0             | A1 v -> ZN ^ | NAND2_X4 | 0.045 |   4.034 |    3.081 | 
     | datapath/FE_RC_3181_0                              | A1 ^ -> ZN v | NAND2_X2 | 0.039 |   4.072 |    3.119 | 
     | datapath/FE_RC_3180_0                              | A v -> ZN ^  | OAI21_X2 | 0.067 |   4.139 |    3.186 | 
     | datapath/FE_RC_1109_0                              | A ^ -> ZN ^  | XNOR2_X2 | 0.147 |   4.286 |    3.333 | 
     | datapath/ALU_ALU_GEN[0].slice_i_resultMux/FE_RC_15 | A1 ^ -> ZN v | NAND2_X2 | 0.056 |   4.343 |    3.390 | 
     | 92_0                                               |              |          |       |         |          | 
     | datapath/ALU_ALU_GEN[0].slice_i_resultMux/FE_RC_15 | A1 v -> ZN ^ | NAND2_X2 | 0.044 |   4.387 |    3.434 | 
     | 91_0                                               |              |          |       |         |          | 
     | datapath/EXMEM_aluResult_reg[0]                    | D ^          | DFFR_X1  | 0.000 |   4.387 |    3.434 | 
     +-----------------------------------------------------------------------------------------------------------+ 

