###############################################################
#  Generated by:      Cadence Innovus 23.12-s091_1
#  OS:                Linux x86_64(Host ID nanohub-2907570-14)
#  Generated on:      Mon Aug 10 15:48:08 2026
#  Design:            pipelined_cpu_core
#  Command:           report_timing -early -view RPT_SLOW -max_paths 50 -nworst 1 > reports/41_hold_slow.rpt
###############################################################
Path 1: VIOLATED Hold Check with Pin datapath/MEMWB_memData_reg[27]/CK 
Endpoint:   datapath/MEMWB_memData_reg[27]/D (^) checked with  leading edge of 
'clk'
Beginpoint: dmem_rdata[27]                   (^) triggered by  leading edge of 
'clk'
Path Groups: {clk}
Analysis View: RPT_SLOW
Other End Arrival Time          1.488
+ Hold                          0.039
+ Phase Shift                   0.000
- CPPR Adjustment               0.000
+ Uncertainty                   0.020
= Required Time                 1.547
  Arrival Time                  0.847
  Slack Time                   -0.700
     Clock Rise Edge                      0.000
     + Input Delay                        0.840
     + Drive Adjustment                   0.007
     = Beginpoint Arrival Time            0.847
     +------------------------------------------------------------------------------------------+ 
     |            Instance            |       Arc        |  Cell   | Delay | Arrival | Required | 
     |                                |                  |         |       |  Time   |   Time   | 
     |--------------------------------+------------------+---------+-------+---------+----------| 
     |                                | dmem_rdata[27] ^ |         |       |   0.847 |    1.547 | 
     | datapath/MEMWB_memData_reg[27] | D ^              | DFFR_X1 | 0.000 |   0.847 |    1.547 | 
     +------------------------------------------------------------------------------------------+ 
Path 2: VIOLATED Hold Check with Pin datapath/MEMWB_memData_reg[19]/CK 
Endpoint:   datapath/MEMWB_memData_reg[19]/D (^) checked with  leading edge of 
'clk'
Beginpoint: dmem_rdata[19]                   (^) triggered by  leading edge of 
'clk'
Path Groups: {clk}
Analysis View: RPT_SLOW
Other End Arrival Time          1.488
+ Hold                          0.039
+ Phase Shift                   0.000
- CPPR Adjustment               0.000
+ Uncertainty                   0.020
= Required Time                 1.547
  Arrival Time                  0.847
  Slack Time                   -0.700
     Clock Rise Edge                      0.000
     + Input Delay                        0.840
     + Drive Adjustment                   0.007
     = Beginpoint Arrival Time            0.847
     +------------------------------------------------------------------------------------------+ 
     |            Instance            |       Arc        |  Cell   | Delay | Arrival | Required | 
     |                                |                  |         |       |  Time   |   Time   | 
     |--------------------------------+------------------+---------+-------+---------+----------| 
     |                                | dmem_rdata[19] ^ |         |       |   0.847 |    1.547 | 
     | datapath/MEMWB_memData_reg[19] | D ^              | DFFR_X1 | 0.000 |   0.847 |    1.547 | 
     +------------------------------------------------------------------------------------------+ 
Path 3: VIOLATED Hold Check with Pin datapath/MEMWB_memData_reg[18]/CK 
Endpoint:   datapath/MEMWB_memData_reg[18]/D (^) checked with  leading edge of 
'clk'
Beginpoint: dmem_rdata[18]                   (^) triggered by  leading edge of 
'clk'
Path Groups: {clk}
Analysis View: RPT_SLOW
Other End Arrival Time          1.488
+ Hold                          0.039
+ Phase Shift                   0.000
- CPPR Adjustment               0.000
+ Uncertainty                   0.020
= Required Time                 1.547
  Arrival Time                  0.847
  Slack Time                   -0.700
     Clock Rise Edge                      0.000
     + Input Delay                        0.840
     + Drive Adjustment                   0.007
     = Beginpoint Arrival Time            0.847
     +------------------------------------------------------------------------------------------+ 
     |            Instance            |       Arc        |  Cell   | Delay | Arrival | Required | 
     |                                |                  |         |       |  Time   |   Time   | 
     |--------------------------------+------------------+---------+-------+---------+----------| 
     |                                | dmem_rdata[18] ^ |         |       |   0.847 |    1.547 | 
     | datapath/MEMWB_memData_reg[18] | D ^              | DFFR_X1 | 0.000 |   0.847 |    1.547 | 
     +------------------------------------------------------------------------------------------+ 
Path 4: VIOLATED Hold Check with Pin datapath/IFID_instr_reg[25]/CK 
Endpoint:   datapath/IFID_instr_reg[25]/D (^) checked with  leading edge of 
'clk'
Beginpoint: imem_rdata[25]                (^) triggered by  leading edge of 
'clk'
Path Groups: {clk}
Analysis View: RPT_SLOW
Other End Arrival Time          1.464
+ Hold                          0.058
+ Phase Shift                   0.000
- CPPR Adjustment               0.000
+ Uncertainty                   0.020
= Required Time                 1.542
  Arrival Time                  0.973
  Slack Time                   -0.568
     Clock Rise Edge                      0.000
     + Input Delay                        0.840
     + Drive Adjustment                   0.009
     = Beginpoint Arrival Time            0.849
     +----------------------------------------------------------------------------------------+ 
     |          Instance           |       Arc        |   Cell   | Delay | Arrival | Required | 
     |                             |                  |          |       |  Time   |   Time   | 
     |-----------------------------+------------------+----------+-------+---------+----------| 
     |                             | imem_rdata[25] ^ |          |       |   0.849 |    1.418 | 
     | datapath/g37604             | A1 ^ -> ZN v     | AOI22_X1 | 0.032 |   0.881 |    1.449 | 
     | datapath/g37453             | A2 v -> ZN ^     | NOR2_X1  | 0.093 |   0.973 |    1.542 | 
     | datapath/IFID_instr_reg[25] | D ^              | DFFR_X1  | 0.000 |   0.973 |    1.542 | 
     +----------------------------------------------------------------------------------------+ 
Path 5: VIOLATED Hold Check with Pin datapath/IFID_instr_reg[27]/CK 
Endpoint:   datapath/IFID_instr_reg[27]/D (^) checked with  leading edge of 
'clk'
Beginpoint: imem_rdata[27]                (^) triggered by  leading edge of 
'clk'
Path Groups: {clk}
Analysis View: RPT_SLOW
Other End Arrival Time          1.458
+ Hold                          0.057
+ Phase Shift                   0.000
- CPPR Adjustment               0.000
+ Uncertainty                   0.020
= Required Time                 1.535
  Arrival Time                  0.973
  Slack Time                   -0.561
     Clock Rise Edge                      0.000
     + Input Delay                        0.840
     + Drive Adjustment                   0.009
     = Beginpoint Arrival Time            0.849
     +----------------------------------------------------------------------------------------+ 
     |          Instance           |       Arc        |   Cell   | Delay | Arrival | Required | 
     |                             |                  |          |       |  Time   |   Time   | 
     |-----------------------------+------------------+----------+-------+---------+----------| 
     |                             | imem_rdata[27] ^ |          |       |   0.849 |    1.411 | 
     | datapath/g37607             | A1 ^ -> ZN v     | AOI22_X1 | 0.032 |   0.881 |    1.442 | 
     | datapath/g37457             | A2 v -> ZN ^     | NOR2_X1  | 0.092 |   0.973 |    1.535 | 
     | datapath/IFID_instr_reg[27] | D ^              | DFFR_X1  | 0.000 |   0.973 |    1.535 | 
     +----------------------------------------------------------------------------------------+ 
Path 6: VIOLATED Hold Check with Pin datapath/IFID_instr_reg[26]/CK 
Endpoint:   datapath/IFID_instr_reg[26]/D (^) checked with  leading edge of 
'clk'
Beginpoint: imem_rdata[26]                (^) triggered by  leading edge of 
'clk'
Path Groups: {clk}
Analysis View: RPT_SLOW
Other End Arrival Time          1.464
+ Hold                          0.066
+ Phase Shift                   0.000
- CPPR Adjustment               0.000
+ Uncertainty                   0.020
= Required Time                 1.550
  Arrival Time                  0.989
  Slack Time                   -0.561
     Clock Rise Edge                      0.000
     + Input Delay                        0.840
     + Drive Adjustment                   0.009
     = Beginpoint Arrival Time            0.849
     +----------------------------------------------------------------------------------------+ 
     |          Instance           |       Arc        |   Cell   | Delay | Arrival | Required | 
     |                             |                  |          |       |  Time   |   Time   | 
     |-----------------------------+------------------+----------+-------+---------+----------| 
     |                             | imem_rdata[26] ^ |          |       |   0.849 |    1.410 | 
     | datapath/g37606             | A1 ^ -> ZN v     | AOI22_X1 | 0.032 |   0.881 |    1.442 | 
     | datapath/g37455             | A2 v -> ZN ^     | NOR2_X1  | 0.108 |   0.989 |    1.550 | 
     | datapath/IFID_instr_reg[26] | D ^              | DFFR_X1  | 0.000 |   0.989 |    1.550 | 
     +----------------------------------------------------------------------------------------+ 
Path 7: VIOLATED Hold Check with Pin datapath/IFID_instr_reg[28]/CK 
Endpoint:   datapath/IFID_instr_reg[28]/D (^) checked with  leading edge of 
'clk'
Beginpoint: imem_rdata[28]                (^) triggered by  leading edge of 
'clk'
Path Groups: {clk}
Analysis View: RPT_SLOW
Other End Arrival Time          1.458
+ Hold                          0.056
+ Phase Shift                   0.000
- CPPR Adjustment               0.000
+ Uncertainty                   0.020
= Required Time                 1.534
  Arrival Time                  0.973
  Slack Time                   -0.561
     Clock Rise Edge                      0.000
     + Input Delay                        0.840
     + Drive Adjustment                   0.009
     = Beginpoint Arrival Time            0.849
     +----------------------------------------------------------------------------------------+ 
     |          Instance           |       Arc        |   Cell   | Delay | Arrival | Required | 
     |                             |                  |          |       |  Time   |   Time   | 
     |-----------------------------+------------------+----------+-------+---------+----------| 
     |                             | imem_rdata[28] ^ |          |       |   0.849 |    1.410 | 
     | datapath/g37608             | A1 ^ -> ZN v     | AOI22_X1 | 0.032 |   0.882 |    1.443 | 
     | datapath/g37456             | A2 v -> ZN ^     | NOR2_X1  | 0.091 |   0.973 |    1.534 | 
     | datapath/IFID_instr_reg[28] | D ^              | DFFR_X1  | 0.000 |   0.973 |    1.534 | 
     +----------------------------------------------------------------------------------------+ 
Path 8: VIOLATED Hold Check with Pin datapath/IFID_instr_reg[29]/CK 
Endpoint:   datapath/IFID_instr_reg[29]/D (^) checked with  leading edge of 
'clk'
Beginpoint: imem_rdata[29]                (^) triggered by  leading edge of 
'clk'
Path Groups: {clk}
Analysis View: RPT_SLOW
Other End Arrival Time          1.458
+ Hold                          0.057
+ Phase Shift                   0.000
- CPPR Adjustment               0.000
+ Uncertainty                   0.020
= Required Time                 1.534
  Arrival Time                  0.974
  Slack Time                   -0.561
     Clock Rise Edge                      0.000
     + Input Delay                        0.840
     + Drive Adjustment                   0.009
     = Beginpoint Arrival Time            0.849
     +----------------------------------------------------------------------------------------+ 
     |          Instance           |       Arc        |   Cell   | Delay | Arrival | Required | 
     |                             |                  |          |       |  Time   |   Time   | 
     |-----------------------------+------------------+----------+-------+---------+----------| 
     |                             | imem_rdata[29] ^ |          |       |   0.849 |    1.410 | 
     | datapath/g37609             | A1 ^ -> ZN v     | AOI22_X1 | 0.032 |   0.882 |    1.442 | 
     | datapath/g37458             | A2 v -> ZN ^     | NOR2_X1  | 0.092 |   0.974 |    1.534 | 
     | datapath/IFID_instr_reg[29] | D ^              | DFFR_X1  | 0.000 |   0.974 |    1.534 | 
     +----------------------------------------------------------------------------------------+ 
Path 9: VIOLATED Hold Check with Pin datapath/EXMEM_storeData_reg[4]/CK 
Endpoint:   datapath/EXMEM_storeData_reg[4]/D (v) checked with  leading edge of 
'clk'
Beginpoint: datapath/MEMWB_memToReg_reg/Q     (v) triggered by  leading edge of 
'clk'
Path Groups: {reg2reg}
Analysis View: RPT_SLOW
Other End Arrival Time          1.560
+ Hold                          0.020
+ Phase Shift                   0.000
- CPPR Adjustment               0.000
+ Uncertainty                   0.020
= Required Time                 1.600
  Arrival Time                  1.048
  Slack Time                   -0.552
     Clock Rise Edge                 0.000
     + Clock Network Latency (Prop)  0.238
     = Beginpoint Arrival Time       0.238
     +------------------------------------------------------------------------------------------------+ 
     |                Instance                |     Arc      |   Cell    | Delay | Arrival | Required | 
     |                                        |              |           |       |  Time   |   Time   | 
     |----------------------------------------+--------------+-----------+-------+---------+----------| 
     | datapath/MEMWB_memToReg_reg            | CK ^         |           |       |   0.238 |    0.789 | 
     | datapath/MEMWB_memToReg_reg            | CK ^ -> Q v  | DFFR_X1   | 0.291 |   0.529 |    1.080 | 
     | datapath/FE_OFC247_MEMWB_memToReg      | A v -> Z v   | BUF_X4    | 0.098 |   0.626 |    1.178 | 
     | datapath/FE_RC_3137_0                  | A2 v -> ZN ^ | AOI22_X4  | 0.113 |   0.739 |    1.291 | 
     | datapath/FE_RC_3138_0                  | A ^ -> ZN v  | INV_X8    | 0.059 |   0.799 |    1.350 | 
     | datapath/FE_RC_1594_0                  | A2 v -> ZN ^ | NAND2_X2  | 0.093 |   0.892 |    1.443 | 
     | datapath/FE_RC_3155_0                  | A3 ^ -> ZN v | NAND3_X4  | 0.066 |   0.957 |    1.509 | 
     | datapath/FE_OCPC533_IDEX_forwardBOut_4 | A v -> Z v   | CLKBUF_X1 | 0.091 |   1.048 |    1.600 | 
     | datapath/EXMEM_storeData_reg[4]        | D v          | DFFR_X1   | 0.000 |   1.048 |    1.600 | 
     +------------------------------------------------------------------------------------------------+ 
Path 10: VIOLATED Hold Check with Pin datapath/EXMEM_storeData_reg[8]/CK 
Endpoint:   datapath/EXMEM_storeData_reg[8]/D (^) checked with  leading edge of 
'clk'
Beginpoint: datapath/MEMWB_memToReg_reg/Q     (v) triggered by  leading edge of 
'clk'
Path Groups: {reg2reg}
Analysis View: RPT_SLOW
Other End Arrival Time          1.454
+ Hold                          0.050
+ Phase Shift                   0.000
- CPPR Adjustment               0.000
+ Uncertainty                   0.020
= Required Time                 1.524
  Arrival Time                  1.022
  Slack Time                   -0.502
     Clock Rise Edge                 0.000
     + Clock Network Latency (Prop)  0.238
     = Beginpoint Arrival Time       0.238
     +----------------------------------------------------------------------------------------------+ 
     |               Instance                |     Arc      |   Cell   | Delay | Arrival | Required | 
     |                                       |              |          |       |  Time   |   Time   | 
     |---------------------------------------+--------------+----------+-------+---------+----------| 
     | datapath/MEMWB_memToReg_reg           | CK ^         |          |       |   0.238 |    0.740 | 
     | datapath/MEMWB_memToReg_reg           | CK ^ -> Q v  | DFFR_X1  | 0.291 |   0.529 |    1.031 | 
     | datapath/FE_OFC247_MEMWB_memToReg     | A v -> Z v   | BUF_X4   | 0.098 |   0.626 |    1.128 | 
     | datapath/FE_OFC979_MEMWB_memToReg     | A v -> Z v   | BUF_X2   | 0.125 |   0.751 |    1.253 | 
     | datapath/FE_OFC1313_FE_OCPN2552_n_428 | A v -> ZN ^  | INV_X1   | 0.050 |   0.801 |    1.303 | 
     | datapath/FE_RC_3893_0                 | A2 ^ -> ZN v | NAND2_X1 | 0.056 |   0.857 |    1.359 | 
     | datapath/FE_RC_3891_0                 | A2 v -> ZN ^ | NAND2_X4 | 0.062 |   0.919 |    1.421 | 
     | datapath/FE_RC_1764_0                 | A2 ^ -> ZN v | AOI22_X2 | 0.040 |   0.959 |    1.461 | 
     | datapath/FE_RC_1763_0                 | A1 v -> ZN ^ | NAND2_X2 | 0.063 |   1.022 |    1.524 | 
     | datapath/EXMEM_storeData_reg[8]       | D ^          | DFFR_X1  | 0.000 |   1.022 |    1.524 | 
     +----------------------------------------------------------------------------------------------+ 
Path 11: VIOLATED Hold Check with Pin datapath/EXMEM_storeData_reg[19]/CK 
Endpoint:   datapath/EXMEM_storeData_reg[19]/D (^) checked with  leading edge 
of 'clk'
Beginpoint: datapath/MEMWB_memToReg_reg/Q      (v) triggered by  leading edge 
of 'clk'
Path Groups: {reg2reg}
Analysis View: RPT_SLOW
Other End Arrival Time          1.464
+ Hold                          0.065
+ Phase Shift                   0.000
- CPPR Adjustment               0.000
+ Uncertainty                   0.020
= Required Time                 1.549
  Arrival Time                  1.048
  Slack Time                   -0.501
     Clock Rise Edge                 0.000
     + Clock Network Latency (Prop)  0.238
     = Beginpoint Arrival Time       0.238
     +-------------------------------------------------------------------------------------------+ 
     |             Instance              |     Arc      |   Cell    | Delay | Arrival | Required | 
     |                                   |              |           |       |  Time   |   Time   | 
     |-----------------------------------+--------------+-----------+-------+---------+----------| 
     | datapath/MEMWB_memToReg_reg       | CK ^         |           |       |   0.238 |    0.738 | 
     | datapath/MEMWB_memToReg_reg       | CK ^ -> Q v  | DFFR_X1   | 0.291 |   0.529 |    1.029 | 
     | datapath/FE_OFC247_MEMWB_memToReg | A v -> Z v   | BUF_X4    | 0.098 |   0.626 |    1.127 | 
     | datapath/FE_OFC977_MEMWB_memToReg | A v -> Z v   | BUF_X4    | 0.117 |   0.744 |    1.244 | 
     | datapath/FE_OFC1301_FE_RN_1209_0  | A v -> ZN ^  | INV_X1    | 0.056 |   0.800 |    1.300 | 
     | datapath/FE_RC_3573_0             | A2 ^ -> ZN v | NAND2_X1  | 0.045 |   0.845 |    1.345 | 
     | datapath/FE_RC_3572_0             | A2 v -> ZN ^ | NAND2_X2  | 0.069 |   0.914 |    1.414 | 
     | datapath/g27994                   | A2 ^ -> ZN v | AOI222_X1 | 0.051 |   0.965 |    1.466 | 
     | datapath/FE_OFC928_n_853          | A v -> ZN ^  | INV_X1    | 0.083 |   1.048 |    1.549 | 
     | datapath/EXMEM_storeData_reg[19]  | D ^          | DFFR_X1   | 0.000 |   1.048 |    1.549 | 
     +-------------------------------------------------------------------------------------------+ 
Path 12: VIOLATED Hold Check with Pin datapath/EXMEM_storeData_reg[11]/CK 
Endpoint:   datapath/EXMEM_storeData_reg[11]/D (^) checked with  leading edge 
of 'clk'
Beginpoint: datapath/MEMWB_memToReg_reg/QN     (^) triggered by  leading edge 
of 'clk'
Path Groups: {reg2reg}
Analysis View: RPT_SLOW
Other End Arrival Time          1.458
+ Hold                          0.053
+ Phase Shift                   0.000
- CPPR Adjustment               0.000
+ Uncertainty                   0.020
= Required Time                 1.530
  Arrival Time                  1.101
  Slack Time                   -0.429
     Clock Rise Edge                 0.000
     + Clock Network Latency (Prop)  0.238
     = Beginpoint Arrival Time       0.238
     +------------------------------------------------------------------------------------------+ 
     |             Instance             |     Arc      |   Cell    | Delay | Arrival | Required | 
     |                                  |              |           |       |  Time   |   Time   | 
     |----------------------------------+--------------+-----------+-------+---------+----------| 
     | datapath/MEMWB_memToReg_reg      | CK ^         |           |       |   0.238 |    0.667 | 
     | datapath/MEMWB_memToReg_reg      | CK ^ -> QN ^ | DFFR_X1   | 0.247 |   0.484 |    0.914 | 
     | datapath/FE_OFC935_n_427         | A ^ -> ZN v  | INV_X1    | 0.061 |   0.545 |    0.974 | 
     | datapath/FE_OFC936_n_427         | A v -> ZN ^  | INV_X1    | 0.129 |   0.674 |    1.103 | 
     | datapath/FE_RC_3578_0            | A2 ^ -> ZN v | NAND2_X2  | 0.073 |   0.747 |    1.176 | 
     | datapath/FE_RC_3575_0            | A2 v -> ZN ^ | NAND2_X4  | 0.182 |   0.929 |    1.358 | 
     | datapath/FE_RC_3126_0            | C2 ^ -> ZN v | AOI222_X2 | 0.107 |   1.035 |    1.465 | 
     | datapath/FE_OFC766_n_845         | A v -> ZN ^  | INV_X1    | 0.066 |   1.101 |    1.530 | 
     | datapath/EXMEM_storeData_reg[11] | D ^          | DFFR_X1   | 0.000 |   1.101 |    1.530 | 
     +------------------------------------------------------------------------------------------+ 
Path 13: VIOLATED Hold Check with Pin datapath/EXMEM_storeData_reg[0]/CK 
Endpoint:   datapath/EXMEM_storeData_reg[0]/D (^) checked with  leading edge of 
'clk'
Beginpoint: datapath/MEMWB_memToReg_reg/QN    (^) triggered by  leading edge of 
'clk'
Path Groups: {reg2reg}
Analysis View: RPT_SLOW
Other End Arrival Time          1.180
+ Hold                          0.043
+ Phase Shift                   0.000
- CPPR Adjustment               0.000
+ Uncertainty                   0.020
= Required Time                 1.243
  Arrival Time                  0.814
  Slack Time                   -0.428
     Clock Rise Edge                 0.000
     + Clock Network Latency (Prop)  0.238
     = Beginpoint Arrival Time       0.238
     +-----------------------------------------------------------------------------------------+ 
     |            Instance             |     Arc      |   Cell    | Delay | Arrival | Required | 
     |                                 |              |           |       |  Time   |   Time   | 
     |---------------------------------+--------------+-----------+-------+---------+----------| 
     | datapath/MEMWB_memToReg_reg     | CK ^         |           |       |   0.238 |    0.666 | 
     | datapath/MEMWB_memToReg_reg     | CK ^ -> QN ^ | DFFR_X1   | 0.247 |   0.484 |    0.913 | 
     | datapath/FE_RC_3215_0           | A1 ^ -> ZN v | NAND2_X1  | 0.072 |   0.556 |    0.985 | 
     | datapath/FE_RC_3213_0           | A2 v -> ZN ^ | NAND2_X2  | 0.076 |   0.633 |    1.061 | 
     | datapath/FE_RC_3199_0           | A1 ^ -> ZN v | NAND2_X4  | 0.043 |   0.676 |    1.104 | 
     | datapath/FE_OCPC658_FE_RN_997_0 | A v -> Z v   | CLKBUF_X1 | 0.089 |   0.765 |    1.193 | 
     | datapath/FE_RC_1611_0           | A1 v -> ZN ^ | NAND3_X1  | 0.049 |   0.814 |    1.243 | 
     | datapath/EXMEM_storeData_reg[0] | D ^          | DFFR_X1   | 0.000 |   0.814 |    1.243 | 
     +-----------------------------------------------------------------------------------------+ 
Path 14: VIOLATED Hold Check with Pin datapath/EXMEM_storeData_reg[14]/CK 
Endpoint:   datapath/EXMEM_storeData_reg[14]/D (^) checked with  leading edge 
of 'clk'
Beginpoint: datapath/MEMWB_memToReg_reg/Q      (v) triggered by  leading edge 
of 'clk'
Path Groups: {reg2reg}
Analysis View: RPT_SLOW
Other End Arrival Time          1.454
+ Hold                          0.072
+ Phase Shift                   0.000
- CPPR Adjustment               0.000
+ Uncertainty                   0.020
= Required Time                 1.545
  Arrival Time                  1.153
  Slack Time                   -0.392
     Clock Rise Edge                 0.000
     + Clock Network Latency (Prop)  0.238
     = Beginpoint Arrival Time       0.238
     +-------------------------------------------------------------------------------------------+ 
     |             Instance              |     Arc      |   Cell    | Delay | Arrival | Required | 
     |                                   |              |           |       |  Time   |   Time   | 
     |-----------------------------------+--------------+-----------+-------+---------+----------| 
     | datapath/MEMWB_memToReg_reg       | CK ^         |           |       |   0.238 |    0.629 | 
     | datapath/MEMWB_memToReg_reg       | CK ^ -> Q v  | DFFR_X1   | 0.291 |   0.529 |    0.921 | 
     | datapath/FE_OFC247_MEMWB_memToReg | A v -> Z v   | BUF_X4    | 0.098 |   0.626 |    1.018 | 
     | datapath/FE_OFC978_MEMWB_memToReg | A v -> ZN ^  | INV_X2    | 0.208 |   0.835 |    1.226 | 
     | datapath/FE_RC_3614_0             | A2 ^ -> ZN v | NAND2_X1  | 0.083 |   0.917 |    1.309 | 
     | datapath/FE_RC_3612_0             | A1 v -> ZN ^ | NAND2_X1  | 0.079 |   0.996 |    1.388 | 
     | datapath/g28005                   | A2 ^ -> ZN v | AOI222_X1 | 0.056 |   1.052 |    1.444 | 
     | datapath/FE_OFC881_n_842          | A v -> ZN ^  | INV_X1    | 0.101 |   1.153 |    1.545 | 
     | datapath/EXMEM_storeData_reg[14]  | D ^          | DFFR_X1   | 0.000 |   1.153 |    1.545 | 
     +-------------------------------------------------------------------------------------------+ 
Path 15: VIOLATED Hold Check with Pin datapath/EXMEM_storeData_reg[18]/CK 
Endpoint:   datapath/EXMEM_storeData_reg[18]/D (^) checked with  leading edge 
of 'clk'
Beginpoint: datapath/MEMWB_memToReg_reg/Q      (v) triggered by  leading edge 
of 'clk'
Path Groups: {reg2reg}
Analysis View: RPT_SLOW
Other End Arrival Time          1.464
+ Hold                          0.066
+ Phase Shift                   0.000
- CPPR Adjustment               0.000
+ Uncertainty                   0.020
= Required Time                 1.551
  Arrival Time                  1.161
  Slack Time                   -0.390
     Clock Rise Edge                 0.000
     + Clock Network Latency (Prop)  0.238
     = Beginpoint Arrival Time       0.238
     +-------------------------------------------------------------------------------------------+ 
     |             Instance              |     Arc      |   Cell    | Delay | Arrival | Required | 
     |                                   |              |           |       |  Time   |   Time   | 
     |-----------------------------------+--------------+-----------+-------+---------+----------| 
     | datapath/MEMWB_memToReg_reg       | CK ^         |           |       |   0.238 |    0.628 | 
     | datapath/MEMWB_memToReg_reg       | CK ^ -> Q v  | DFFR_X1   | 0.291 |   0.529 |    0.919 | 
     | datapath/FE_OFC247_MEMWB_memToReg | A v -> Z v   | BUF_X4    | 0.098 |   0.626 |    1.016 | 
     | datapath/FE_OFC977_MEMWB_memToReg | A v -> Z v   | BUF_X4    | 0.117 |   0.744 |    1.134 | 
     | datapath/FE_OFC1300_FE_RN_1209_0  | A v -> ZN ^  | INV_X1    | 0.058 |   0.802 |    1.192 | 
     | datapath/FE_RC_3582_0             | A2 ^ -> ZN v | NAND2_X1  | 0.058 |   0.860 |    1.250 | 
     | datapath/FE_RC_3580_0             | A2 v -> ZN ^ | NAND2_X4  | 0.074 |   0.934 |    1.324 | 
     | datapath/FE_RC_3579_0             | A ^ -> Z ^   | BUF_X16   | 0.087 |   1.021 |    1.411 | 
     | datapath/g28009                   | A2 ^ -> ZN v | AOI222_X2 | 0.053 |   1.074 |    1.464 | 
     | datapath/FE_OFC930_n_838          | A v -> ZN ^  | INV_X1    | 0.087 |   1.161 |    1.551 | 
     | datapath/EXMEM_storeData_reg[18]  | D ^          | DFFR_X1   | 0.000 |   1.161 |    1.551 | 
     +-------------------------------------------------------------------------------------------+ 
Path 16: VIOLATED Hold Check with Pin datapath/MEMWB_memData_reg[24]/CK 
Endpoint:   datapath/MEMWB_memData_reg[24]/D (^) checked with  leading edge of 
'clk'
Beginpoint: dmem_rdata[24]                   (^) triggered by  leading edge of 
'clk'
Path Groups: {clk}
Analysis View: RPT_SLOW
Other End Arrival Time          1.180
+ Hold                          0.033
+ Phase Shift                   0.000
- CPPR Adjustment               0.000
+ Uncertainty                   0.020
= Required Time                 1.233
  Arrival Time                  0.847
  Slack Time                   -0.386
     Clock Rise Edge                      0.000
     + Input Delay                        0.840
     + Drive Adjustment                   0.007
     = Beginpoint Arrival Time            0.847
     +------------------------------------------------------------------------------------------+ 
     |            Instance            |       Arc        |  Cell   | Delay | Arrival | Required | 
     |                                |                  |         |       |  Time   |   Time   | 
     |--------------------------------+------------------+---------+-------+---------+----------| 
     |                                | dmem_rdata[24] ^ |         |       |   0.847 |    1.233 | 
     | datapath/MEMWB_memData_reg[24] | D ^              | DFFR_X1 | 0.000 |   0.847 |    1.233 | 
     +------------------------------------------------------------------------------------------+ 
Path 17: VIOLATED Hold Check with Pin datapath/MEMWB_memData_reg[22]/CK 
Endpoint:   datapath/MEMWB_memData_reg[22]/D (^) checked with  leading edge of 
'clk'
Beginpoint: dmem_rdata[22]                   (^) triggered by  leading edge of 
'clk'
Path Groups: {clk}
Analysis View: RPT_SLOW
Other End Arrival Time          1.179
+ Hold                          0.033
+ Phase Shift                   0.000
- CPPR Adjustment               0.000
+ Uncertainty                   0.020
= Required Time                 1.233
  Arrival Time                  0.847
  Slack Time                   -0.386
     Clock Rise Edge                      0.000
     + Input Delay                        0.840
     + Drive Adjustment                   0.007
     = Beginpoint Arrival Time            0.847
     +------------------------------------------------------------------------------------------+ 
     |            Instance            |       Arc        |  Cell   | Delay | Arrival | Required | 
     |                                |                  |         |       |  Time   |   Time   | 
     |--------------------------------+------------------+---------+-------+---------+----------| 
     |                                | dmem_rdata[22] ^ |         |       |   0.847 |    1.233 | 
     | datapath/MEMWB_memData_reg[22] | D ^              | DFFR_X1 | 0.000 |   0.847 |    1.233 | 
     +------------------------------------------------------------------------------------------+ 
Path 18: VIOLATED Hold Check with Pin datapath/EXMEM_storeData_reg[27]/CK 
Endpoint:   datapath/EXMEM_storeData_reg[27]/D (^) checked with  leading edge 
of 'clk'
Beginpoint: datapath/MEMWB_memToReg_reg/Q      (v) triggered by  leading edge 
of 'clk'
Path Groups: {reg2reg}
Analysis View: RPT_SLOW
Other End Arrival Time          1.560
+ Hold                          0.044
+ Phase Shift                   0.000
- CPPR Adjustment               0.000
+ Uncertainty                   0.020
= Required Time                 1.624
  Arrival Time                  1.249
  Slack Time                   -0.376
     Clock Rise Edge                 0.000
     + Clock Network Latency (Prop)  0.238
     = Beginpoint Arrival Time       0.238
     +-------------------------------------------------------------------------------------------+ 
     |             Instance              |     Arc      |   Cell    | Delay | Arrival | Required | 
     |                                   |              |           |       |  Time   |   Time   | 
     |-----------------------------------+--------------+-----------+-------+---------+----------| 
     | datapath/MEMWB_memToReg_reg       | CK ^         |           |       |   0.238 |    0.613 | 
     | datapath/MEMWB_memToReg_reg       | CK ^ -> Q v  | DFFR_X1   | 0.291 |   0.529 |    0.904 | 
     | datapath/FE_OFC247_MEMWB_memToReg | A v -> Z v   | BUF_X4    | 0.098 |   0.626 |    1.002 | 
     | datapath/FE_OFC978_MEMWB_memToReg | A v -> ZN ^  | INV_X2    | 0.208 |   0.835 |    1.210 | 
     | datapath/FE_RC_3556_0             | A2 ^ -> ZN v | AOI22_X4  | 0.095 |   0.929 |    1.305 | 
     | datapath/FE_RC_3557_0             | A v -> ZN ^  | INV_X8    | 0.101 |   1.030 |    1.406 | 
     | datapath/g28010                   | A2 ^ -> ZN v | AOI222_X1 | 0.064 |   1.094 |    1.469 | 
     | datapath/FE_OFC174_n_837          | A v -> Z v   | BUF_X1    | 0.100 |   1.194 |    1.569 | 
     | datapath/g27978                   | A v -> ZN ^  | INV_X1    | 0.055 |   1.249 |    1.624 | 
     | datapath/EXMEM_storeData_reg[27]  | D ^          | DFFR_X1   | 0.000 |   1.249 |    1.624 | 
     +-------------------------------------------------------------------------------------------+ 
Path 19: VIOLATED Hold Check with Pin datapath/MEMWB_memData_reg[10]/CK 
Endpoint:   datapath/MEMWB_memData_reg[10]/D (^) checked with  leading edge of 
'clk'
Beginpoint: dmem_rdata[10]                   (^) triggered by  leading edge of 
'clk'
Path Groups: {clk}
Analysis View: RPT_SLOW
Other End Arrival Time          1.154
+ Hold                          0.032
+ Phase Shift                   0.000
- CPPR Adjustment               0.000
+ Uncertainty                   0.020
= Required Time                 1.205
  Arrival Time                  0.847
  Slack Time                   -0.358
     Clock Rise Edge                      0.000
     + Input Delay                        0.840
     + Drive Adjustment                   0.007
     = Beginpoint Arrival Time            0.847
     +------------------------------------------------------------------------------------------+ 
     |            Instance            |       Arc        |  Cell   | Delay | Arrival | Required | 
     |                                |                  |         |       |  Time   |   Time   | 
     |--------------------------------+------------------+---------+-------+---------+----------| 
     |                                | dmem_rdata[10] ^ |         |       |   0.847 |    1.205 | 
     | datapath/MEMWB_memData_reg[10] | D ^              | DFFR_X1 | 0.000 |   0.847 |    1.205 | 
     +------------------------------------------------------------------------------------------+ 
Path 20: VIOLATED Hold Check with Pin datapath/MEMWB_memData_reg[4]/CK 
Endpoint:   datapath/MEMWB_memData_reg[4]/D (^) checked with  leading edge of 
'clk'
Beginpoint: dmem_rdata[4]                   (^) triggered by  leading edge of 
'clk'
Path Groups: {clk}
Analysis View: RPT_SLOW
Other End Arrival Time          1.154
+ Hold                          0.032
+ Phase Shift                   0.000
- CPPR Adjustment               0.000
+ Uncertainty                   0.020
= Required Time                 1.205
  Arrival Time                  0.847
  Slack Time                   -0.358
     Clock Rise Edge                      0.000
     + Input Delay                        0.840
     + Drive Adjustment                   0.007
     = Beginpoint Arrival Time            0.847
     +----------------------------------------------------------------------------------------+ 
     |           Instance            |       Arc       |  Cell   | Delay | Arrival | Required | 
     |                               |                 |         |       |  Time   |   Time   | 
     |-------------------------------+-----------------+---------+-------+---------+----------| 
     |                               | dmem_rdata[4] ^ |         |       |   0.847 |    1.205 | 
     | datapath/MEMWB_memData_reg[4] | D ^             | DFFR_X1 | 0.000 |   0.847 |    1.205 | 
     +----------------------------------------------------------------------------------------+ 
Path 21: VIOLATED Hold Check with Pin datapath/MEMWB_memData_reg[11]/CK 
Endpoint:   datapath/MEMWB_memData_reg[11]/D (^) checked with  leading edge of 
'clk'
Beginpoint: dmem_rdata[11]                   (^) triggered by  leading edge of 
'clk'
Path Groups: {clk}
Analysis View: RPT_SLOW
Other End Arrival Time          1.153
+ Hold                          0.032
+ Phase Shift                   0.000
- CPPR Adjustment               0.000
+ Uncertainty                   0.020
= Required Time                 1.205
  Arrival Time                  0.847
  Slack Time                   -0.358
     Clock Rise Edge                      0.000
     + Input Delay                        0.840
     + Drive Adjustment                   0.007
     = Beginpoint Arrival Time            0.847
     +------------------------------------------------------------------------------------------+ 
     |            Instance            |       Arc        |  Cell   | Delay | Arrival | Required | 
     |                                |                  |         |       |  Time   |   Time   | 
     |--------------------------------+------------------+---------+-------+---------+----------| 
     |                                | dmem_rdata[11] ^ |         |       |   0.847 |    1.205 | 
     | datapath/MEMWB_memData_reg[11] | D ^              | DFFR_X1 | 0.000 |   0.847 |    1.205 | 
     +------------------------------------------------------------------------------------------+ 
Path 22: VIOLATED Hold Check with Pin datapath/EXMEM_storeData_reg[30]/CK 
Endpoint:   datapath/EXMEM_storeData_reg[30]/D (^) checked with  leading edge 
of 'clk'
Beginpoint: datapath/MEMWB_memToReg_reg/Q      (v) triggered by  leading edge 
of 'clk'
Path Groups: {reg2reg}
Analysis View: RPT_SLOW
Other End Arrival Time          1.560
+ Hold                          0.044
+ Phase Shift                   0.000
- CPPR Adjustment               0.000
+ Uncertainty                   0.020
= Required Time                 1.624
  Arrival Time                  1.274
  Slack Time                   -0.350
     Clock Rise Edge                 0.000
     + Clock Network Latency (Prop)  0.238
     = Beginpoint Arrival Time       0.238
     +-------------------------------------------------------------------------------------------+ 
     |             Instance              |     Arc      |   Cell    | Delay | Arrival | Required | 
     |                                   |              |           |       |  Time   |   Time   | 
     |-----------------------------------+--------------+-----------+-------+---------+----------| 
     | datapath/MEMWB_memToReg_reg       | CK ^         |           |       |   0.238 |    0.587 | 
     | datapath/MEMWB_memToReg_reg       | CK ^ -> Q v  | DFFR_X1   | 0.291 |   0.529 |    0.878 | 
     | datapath/FE_OFC247_MEMWB_memToReg | A v -> Z v   | BUF_X4    | 0.098 |   0.626 |    0.976 | 
     | datapath/FE_OFC978_MEMWB_memToReg | A v -> ZN ^  | INV_X2    | 0.208 |   0.834 |    1.184 | 
     | datapath/FE_RC_3546_0             | B2 ^ -> ZN v | AOI21_X2  | 0.118 |   0.952 |    1.302 | 
     | datapath/FE_RC_3547_0             | A v -> ZN ^  | INV_X8    | 0.091 |   1.043 |    1.393 | 
     | datapath/g27997                   | A2 ^ -> ZN v | AOI222_X1 | 0.063 |   1.106 |    1.456 | 
     | datapath/FE_OFC185_n_850          | A v -> Z v   | CLKBUF_X1 | 0.110 |   1.216 |    1.566 | 
     | datapath/g27965                   | A v -> ZN ^  | INV_X1    | 0.059 |   1.274 |    1.624 | 
     | datapath/EXMEM_storeData_reg[30]  | D ^          | DFFR_X1   | 0.000 |   1.274 |    1.624 | 
     +-------------------------------------------------------------------------------------------+ 
Path 23: VIOLATED Hold Check with Pin datapath/MEMWB_memData_reg[13]/CK 
Endpoint:   datapath/MEMWB_memData_reg[13]/D (^) checked with  leading edge of 
'clk'
Beginpoint: dmem_rdata[13]                   (^) triggered by  leading edge of 
'clk'
Path Groups: {clk}
Analysis View: RPT_SLOW
Other End Arrival Time          1.119
+ Hold                          0.042
+ Phase Shift                   0.000
- CPPR Adjustment               0.000
+ Uncertainty                   0.020
= Required Time                 1.180
  Arrival Time                  0.847
  Slack Time                   -0.334
     Clock Rise Edge                      0.000
     + Input Delay                        0.840
     + Drive Adjustment                   0.007
     = Beginpoint Arrival Time            0.847
     +------------------------------------------------------------------------------------------+ 
     |            Instance            |       Arc        |  Cell   | Delay | Arrival | Required | 
     |                                |                  |         |       |  Time   |   Time   | 
     |--------------------------------+------------------+---------+-------+---------+----------| 
     |                                | dmem_rdata[13] ^ |         |       |   0.847 |    1.180 | 
     | datapath/MEMWB_memData_reg[13] | D ^              | DFFR_X1 | 0.000 |   0.847 |    1.180 | 
     +------------------------------------------------------------------------------------------+ 
Path 24: VIOLATED Hold Check with Pin datapath/EXMEM_storeData_reg[12]/CK 
Endpoint:   datapath/EXMEM_storeData_reg[12]/D (^) checked with  leading edge 
of 'clk'
Beginpoint: datapath/MEMWB_memToReg_reg/Q      (v) triggered by  leading edge 
of 'clk'
Path Groups: {reg2reg}
Analysis View: RPT_SLOW
Other End Arrival Time          1.454
+ Hold                          0.068
+ Phase Shift                   0.000
- CPPR Adjustment               0.000
+ Uncertainty                   0.020
= Required Time                 1.542
  Arrival Time                  1.209
  Slack Time                   -0.333
     Clock Rise Edge                 0.000
     + Clock Network Latency (Prop)  0.238
     = Beginpoint Arrival Time       0.238
     +-----------------------------------------------------------------------------------------------+ 
     |               Instance                |     Arc      |   Cell    | Delay | Arrival | Required | 
     |                                       |              |           |       |  Time   |   Time   | 
     |---------------------------------------+--------------+-----------+-------+---------+----------| 
     | datapath/MEMWB_memToReg_reg           | CK ^         |           |       |   0.238 |    0.571 | 
     | datapath/MEMWB_memToReg_reg           | CK ^ -> Q v  | DFFR_X1   | 0.291 |   0.529 |    0.862 | 
     | datapath/FE_OFC247_MEMWB_memToReg     | A v -> Z v   | BUF_X4    | 0.098 |   0.626 |    0.960 | 
     | datapath/FE_OFC979_MEMWB_memToReg     | A v -> Z v   | BUF_X2    | 0.125 |   0.751 |    1.084 | 
     | datapath/FE_OFC1315_FE_OCPN2552_n_428 | A v -> Z v   | BUF_X1    | 0.135 |   0.886 |    1.219 | 
     | datapath/FE_RC_3589_0                 | A2 v -> ZN ^ | OAI22_X2  | 0.155 |   1.041 |    1.374 | 
     | datapath/g28003                       | A2 ^ -> ZN v | AOI222_X1 | 0.073 |   1.114 |    1.447 | 
     | datapath/FE_OFC1175_n_844             | A v -> ZN ^  | INV_X1    | 0.094 |   1.209 |    1.542 | 
     | datapath/EXMEM_storeData_reg[12]      | D ^          | DFFR_X1   | 0.000 |   1.209 |    1.542 | 
     +-----------------------------------------------------------------------------------------------+ 
Path 25: VIOLATED Hold Check with Pin datapath/MEMWB_memData_reg[30]/CK 
Endpoint:   datapath/MEMWB_memData_reg[30]/D (^) checked with  leading edge of 
'clk'
Beginpoint: dmem_rdata[30]                   (^) triggered by  leading edge of 
'clk'
Path Groups: {clk}
Analysis View: RPT_SLOW
Other End Arrival Time          1.117
+ Hold                          0.041
+ Phase Shift                   0.000
- CPPR Adjustment               0.000
+ Uncertainty                   0.020
= Required Time                 1.178
  Arrival Time                  0.847
  Slack Time                   -0.331
     Clock Rise Edge                      0.000
     + Input Delay                        0.840
     + Drive Adjustment                   0.007
     = Beginpoint Arrival Time            0.847
     +------------------------------------------------------------------------------------------+ 
     |            Instance            |       Arc        |  Cell   | Delay | Arrival | Required | 
     |                                |                  |         |       |  Time   |   Time   | 
     |--------------------------------+------------------+---------+-------+---------+----------| 
     |                                | dmem_rdata[30] ^ |         |       |   0.847 |    1.178 | 
     | datapath/MEMWB_memData_reg[30] | D ^              | DFFR_X1 | 0.000 |   0.847 |    1.178 | 
     +------------------------------------------------------------------------------------------+ 
Path 26: VIOLATED Hold Check with Pin datapath/MEMWB_memData_reg[29]/CK 
Endpoint:   datapath/MEMWB_memData_reg[29]/D (^) checked with  leading edge of 
'clk'
Beginpoint: dmem_rdata[29]                   (^) triggered by  leading edge of 
'clk'
Path Groups: {clk}
Analysis View: RPT_SLOW
Other End Arrival Time          1.117
+ Hold                          0.041
+ Phase Shift                   0.000
- CPPR Adjustment               0.000
+ Uncertainty                   0.020
= Required Time                 1.178
  Arrival Time                  0.847
  Slack Time                   -0.331
     Clock Rise Edge                      0.000
     + Input Delay                        0.840
     + Drive Adjustment                   0.007
     = Beginpoint Arrival Time            0.847
     +------------------------------------------------------------------------------------------+ 
     |            Instance            |       Arc        |  Cell   | Delay | Arrival | Required | 
     |                                |                  |         |       |  Time   |   Time   | 
     |--------------------------------+------------------+---------+-------+---------+----------| 
     |                                | dmem_rdata[29] ^ |         |       |   0.847 |    1.178 | 
     | datapath/MEMWB_memData_reg[29] | D ^              | DFFR_X1 | 0.000 |   0.847 |    1.178 | 
     +------------------------------------------------------------------------------------------+ 
Path 27: VIOLATED Hold Check with Pin datapath/MEMWB_memData_reg[28]/CK 
Endpoint:   datapath/MEMWB_memData_reg[28]/D (^) checked with  leading edge of 
'clk'
Beginpoint: dmem_rdata[28]                   (^) triggered by  leading edge of 
'clk'
Path Groups: {clk}
Analysis View: RPT_SLOW
Other End Arrival Time          1.117
+ Hold                          0.041
+ Phase Shift                   0.000
- CPPR Adjustment               0.000
+ Uncertainty                   0.020
= Required Time                 1.178
  Arrival Time                  0.847
  Slack Time                   -0.331
     Clock Rise Edge                      0.000
     + Input Delay                        0.840
     + Drive Adjustment                   0.007
     = Beginpoint Arrival Time            0.847
     +------------------------------------------------------------------------------------------+ 
     |            Instance            |       Arc        |  Cell   | Delay | Arrival | Required | 
     |                                |                  |         |       |  Time   |   Time   | 
     |--------------------------------+------------------+---------+-------+---------+----------| 
     |                                | dmem_rdata[28] ^ |         |       |   0.847 |    1.178 | 
     | datapath/MEMWB_memData_reg[28] | D ^              | DFFR_X1 | 0.000 |   0.847 |    1.178 | 
     +------------------------------------------------------------------------------------------+ 
Path 28: VIOLATED Hold Check with Pin datapath/MEMWB_memData_reg[15]/CK 
Endpoint:   datapath/MEMWB_memData_reg[15]/D (^) checked with  leading edge of 
'clk'
Beginpoint: dmem_rdata[15]                   (^) triggered by  leading edge of 
'clk'
Path Groups: {clk}
Analysis View: RPT_SLOW
Other End Arrival Time          1.115
+ Hold                          0.040
+ Phase Shift                   0.000
- CPPR Adjustment               0.000
+ Uncertainty                   0.020
= Required Time                 1.175
  Arrival Time                  0.847
  Slack Time                   -0.328
     Clock Rise Edge                      0.000
     + Input Delay                        0.840
     + Drive Adjustment                   0.007
     = Beginpoint Arrival Time            0.847
     +------------------------------------------------------------------------------------------+ 
     |            Instance            |       Arc        |  Cell   | Delay | Arrival | Required | 
     |                                |                  |         |       |  Time   |   Time   | 
     |--------------------------------+------------------+---------+-------+---------+----------| 
     |                                | dmem_rdata[15] ^ |         |       |   0.847 |    1.175 | 
     | datapath/MEMWB_memData_reg[15] | D ^              | DFFR_X1 | 0.000 |   0.847 |    1.175 | 
     +------------------------------------------------------------------------------------------+ 
Path 29: VIOLATED Hold Check with Pin datapath/MEMWB_memData_reg[9]/CK 
Endpoint:   datapath/MEMWB_memData_reg[9]/D (^) checked with  leading edge of 
'clk'
Beginpoint: dmem_rdata[9]                   (^) triggered by  leading edge of 
'clk'
Path Groups: {clk}
Analysis View: RPT_SLOW
Other End Arrival Time          1.115
+ Hold                          0.040
+ Phase Shift                   0.000
- CPPR Adjustment               0.000
+ Uncertainty                   0.020
= Required Time                 1.175
  Arrival Time                  0.847
  Slack Time                   -0.328
     Clock Rise Edge                      0.000
     + Input Delay                        0.840
     + Drive Adjustment                   0.007
     = Beginpoint Arrival Time            0.847
     +----------------------------------------------------------------------------------------+ 
     |           Instance            |       Arc       |  Cell   | Delay | Arrival | Required | 
     |                               |                 |         |       |  Time   |   Time   | 
     |-------------------------------+-----------------+---------+-------+---------+----------| 
     |                               | dmem_rdata[9] ^ |         |       |   0.847 |    1.175 | 
     | datapath/MEMWB_memData_reg[9] | D ^             | DFFR_X1 | 0.000 |   0.847 |    1.175 | 
     +----------------------------------------------------------------------------------------+ 
Path 30: VIOLATED Hold Check with Pin datapath/MEMWB_memData_reg[12]/CK 
Endpoint:   datapath/MEMWB_memData_reg[12]/D (^) checked with  leading edge of 
'clk'
Beginpoint: dmem_rdata[12]                   (^) triggered by  leading edge of 
'clk'
Path Groups: {clk}
Analysis View: RPT_SLOW
Other End Arrival Time          1.115
+ Hold                          0.040
+ Phase Shift                   0.000
- CPPR Adjustment               0.000
+ Uncertainty                   0.020
= Required Time                 1.175
  Arrival Time                  0.847
  Slack Time                   -0.328
     Clock Rise Edge                      0.000
     + Input Delay                        0.840
     + Drive Adjustment                   0.007
     = Beginpoint Arrival Time            0.847
     +------------------------------------------------------------------------------------------+ 
     |            Instance            |       Arc        |  Cell   | Delay | Arrival | Required | 
     |                                |                  |         |       |  Time   |   Time   | 
     |--------------------------------+------------------+---------+-------+---------+----------| 
     |                                | dmem_rdata[12] ^ |         |       |   0.847 |    1.175 | 
     | datapath/MEMWB_memData_reg[12] | D ^              | DFFR_X1 | 0.000 |   0.847 |    1.175 | 
     +------------------------------------------------------------------------------------------+ 
Path 31: VIOLATED Hold Check with Pin datapath/MEMWB_memData_reg[8]/CK 
Endpoint:   datapath/MEMWB_memData_reg[8]/D (^) checked with  leading edge of 
'clk'
Beginpoint: dmem_rdata[8]                   (^) triggered by  leading edge of 
'clk'
Path Groups: {clk}
Analysis View: RPT_SLOW
Other End Arrival Time          1.115
+ Hold                          0.040
+ Phase Shift                   0.000
- CPPR Adjustment               0.000
+ Uncertainty                   0.020
= Required Time                 1.175
  Arrival Time                  0.847
  Slack Time                   -0.328
     Clock Rise Edge                      0.000
     + Input Delay                        0.840
     + Drive Adjustment                   0.007
     = Beginpoint Arrival Time            0.847
     +----------------------------------------------------------------------------------------+ 
     |           Instance            |       Arc       |  Cell   | Delay | Arrival | Required | 
     |                               |                 |         |       |  Time   |   Time   | 
     |-------------------------------+-----------------+---------+-------+---------+----------| 
     |                               | dmem_rdata[8] ^ |         |       |   0.847 |    1.175 | 
     | datapath/MEMWB_memData_reg[8] | D ^             | DFFR_X1 | 0.000 |   0.847 |    1.175 | 
     +----------------------------------------------------------------------------------------+ 
Path 32: VIOLATED Hold Check with Pin datapath/EXMEM_storeData_reg[1]/CK 
Endpoint:   datapath/EXMEM_storeData_reg[1]/D (v) checked with  leading edge of 
'clk'
Beginpoint: datapath/MEMWB_memToReg_reg/QN    (^) triggered by  leading edge of 
'clk'
Path Groups: {reg2reg}
Analysis View: RPT_SLOW
Other End Arrival Time          1.180
+ Hold                          0.020
+ Phase Shift                   0.000
- CPPR Adjustment               0.000
+ Uncertainty                   0.020
= Required Time                 1.220
  Arrival Time                  0.893
  Slack Time                   -0.327
     Clock Rise Edge                 0.000
     + Clock Network Latency (Prop)  0.238
     = Beginpoint Arrival Time       0.238
     +-------------------------------------------------------------------------------------------------+ 
     |                Instance                 |     Arc      |   Cell    | Delay | Arrival | Required | 
     |                                         |              |           |       |  Time   |   Time   | 
     |-----------------------------------------+--------------+-----------+-------+---------+----------| 
     | datapath/MEMWB_memToReg_reg             | CK ^         |           |       |   0.238 |    0.565 | 
     | datapath/MEMWB_memToReg_reg             | CK ^ -> QN ^ | DFFR_X1   | 0.247 |   0.484 |    0.812 | 
     | datapath/FE_OFC935_n_427                | A ^ -> ZN v  | INV_X1    | 0.061 |   0.545 |    0.872 | 
     | datapath/FE_RC_3151_0                   | A1 v -> ZN ^ | NAND2_X1  | 0.051 |   0.596 |    0.924 | 
     | datapath/FE_RC_3179_0                   | A ^ -> ZN v  | INV_X1    | 0.034 |   0.630 |    0.957 | 
     | datapath/FE_RC_3176_0                   | B2 v -> ZN ^ | OAI21_X2  | 0.136 |   0.766 |    1.093 | 
     | datapath/FE_RC_1438_0                   | A1 ^ -> ZN v | NAND2_X2  | 0.041 |   0.807 |    1.134 | 
     | datapath/FE_OCPC1029_IDEX_forwardBOut_1 | A v -> Z v   | CLKBUF_X1 | 0.086 |   0.893 |    1.220 | 
     | datapath/EXMEM_storeData_reg[1]         | D v          | DFFR_X1   | 0.000 |   0.893 |    1.220 | 
     +-------------------------------------------------------------------------------------------------+ 
Path 33: VIOLATED Hold Check with Pin datapath/EXMEM_storeData_reg[3]/CK 
Endpoint:   datapath/EXMEM_storeData_reg[3]/D (v) checked with  leading edge of 
'clk'
Beginpoint: datapath/MEMWB_memToReg_reg/Q     (v) triggered by  leading edge of 
'clk'
Path Groups: {reg2reg}
Analysis View: RPT_SLOW
Other End Arrival Time          1.276
+ Hold                          0.020
+ Phase Shift                   0.000
- CPPR Adjustment               0.000
+ Uncertainty                   0.020
= Required Time                 1.316
  Arrival Time                  0.994
  Slack Time                   -0.323
     Clock Rise Edge                 0.000
     + Clock Network Latency (Prop)  0.238
     = Beginpoint Arrival Time       0.238
     +------------------------------------------------------------------------------------------+ 
     |             Instance              |     Arc      |   Cell   | Delay | Arrival | Required | 
     |                                   |              |          |       |  Time   |   Time   | 
     |-----------------------------------+--------------+----------+-------+---------+----------| 
     | datapath/MEMWB_memToReg_reg       | CK ^         |          |       |   0.238 |    0.560 | 
     | datapath/MEMWB_memToReg_reg       | CK ^ -> Q v  | DFFR_X1  | 0.291 |   0.529 |    0.851 | 
     | datapath/FE_OFC247_MEMWB_memToReg | A v -> Z v   | BUF_X4   | 0.098 |   0.626 |    0.949 | 
     | datapath/FE_OFC977_MEMWB_memToReg | A v -> Z v   | BUF_X4   | 0.117 |   0.744 |    1.066 | 
     | datapath/FE_RC_3599_0             | A2 v -> ZN ^ | NAND2_X2 | 0.082 |   0.826 |    1.148 | 
     | datapath/FE_RC_3597_0             | A2 ^ -> ZN v | NAND2_X4 | 0.049 |   0.875 |    1.198 | 
     | datapath/FE_RC_1556_0             | A2 v -> ZN ^ | NAND2_X1 | 0.072 |   0.947 |    1.270 | 
     | datapath/FE_RC_1628_0             | A2 ^ -> ZN v | NAND2_X1 | 0.046 |   0.994 |    1.316 | 
     | datapath/EXMEM_storeData_reg[3]   | D v          | DFFR_X1  | 0.000 |   0.994 |    1.316 | 
     +------------------------------------------------------------------------------------------+ 
Path 34: VIOLATED Hold Check with Pin datapath/MEMWB_memData_reg[6]/CK 
Endpoint:   datapath/MEMWB_memData_reg[6]/D (^) checked with  leading edge of 
'clk'
Beginpoint: dmem_rdata[6]                   (^) triggered by  leading edge of 
'clk'
Path Groups: {clk}
Analysis View: RPT_SLOW
Other End Arrival Time          1.109
+ Hold                          0.038
+ Phase Shift                   0.000
- CPPR Adjustment               0.000
+ Uncertainty                   0.020
= Required Time                 1.167
  Arrival Time                  0.847
  Slack Time                   -0.321
     Clock Rise Edge                      0.000
     + Input Delay                        0.840
     + Drive Adjustment                   0.007
     = Beginpoint Arrival Time            0.847
     +----------------------------------------------------------------------------------------+ 
     |           Instance            |       Arc       |  Cell   | Delay | Arrival | Required | 
     |                               |                 |         |       |  Time   |   Time   | 
     |-------------------------------+-----------------+---------+-------+---------+----------| 
     |                               | dmem_rdata[6] ^ |         |       |   0.847 |    1.167 | 
     | datapath/MEMWB_memData_reg[6] | D ^             | DFFR_X1 | 0.000 |   0.847 |    1.167 | 
     +----------------------------------------------------------------------------------------+ 
Path 35: VIOLATED Hold Check with Pin datapath/MEMWB_memData_reg[14]/CK 
Endpoint:   datapath/MEMWB_memData_reg[14]/D (^) checked with  leading edge of 
'clk'
Beginpoint: dmem_rdata[14]                   (^) triggered by  leading edge of 
'clk'
Path Groups: {clk}
Analysis View: RPT_SLOW
Other End Arrival Time          1.108
+ Hold                          0.038
+ Phase Shift                   0.000
- CPPR Adjustment               0.000
+ Uncertainty                   0.020
= Required Time                 1.166
  Arrival Time                  0.847
  Slack Time                   -0.319
     Clock Rise Edge                      0.000
     + Input Delay                        0.840
     + Drive Adjustment                   0.007
     = Beginpoint Arrival Time            0.847
     +------------------------------------------------------------------------------------------+ 
     |            Instance            |       Arc        |  Cell   | Delay | Arrival | Required | 
     |                                |                  |         |       |  Time   |   Time   | 
     |--------------------------------+------------------+---------+-------+---------+----------| 
     |                                | dmem_rdata[14] ^ |         |       |   0.847 |    1.166 | 
     | datapath/MEMWB_memData_reg[14] | D ^              | DFFR_X1 | 0.000 |   0.847 |    1.166 | 
     +------------------------------------------------------------------------------------------+ 
Path 36: VIOLATED Hold Check with Pin datapath/MEMWB_memData_reg[7]/CK 
Endpoint:   datapath/MEMWB_memData_reg[7]/D (^) checked with  leading edge of 
'clk'
Beginpoint: dmem_rdata[7]                   (^) triggered by  leading edge of 
'clk'
Path Groups: {clk}
Analysis View: RPT_SLOW
Other End Arrival Time          1.108
+ Hold                          0.038
+ Phase Shift                   0.000
- CPPR Adjustment               0.000
+ Uncertainty                   0.020
= Required Time                 1.166
  Arrival Time                  0.847
  Slack Time                   -0.319
     Clock Rise Edge                      0.000
     + Input Delay                        0.840
     + Drive Adjustment                   0.007
     = Beginpoint Arrival Time            0.847
     +----------------------------------------------------------------------------------------+ 
     |           Instance            |       Arc       |  Cell   | Delay | Arrival | Required | 
     |                               |                 |         |       |  Time   |   Time   | 
     |-------------------------------+-----------------+---------+-------+---------+----------| 
     |                               | dmem_rdata[7] ^ |         |       |   0.847 |    1.166 | 
     | datapath/MEMWB_memData_reg[7] | D ^             | DFFR_X1 | 0.000 |   0.847 |    1.166 | 
     +----------------------------------------------------------------------------------------+ 
Path 37: VIOLATED Hold Check with Pin datapath/MEMWB_memData_reg[5]/CK 
Endpoint:   datapath/MEMWB_memData_reg[5]/D (^) checked with  leading edge of 
'clk'
Beginpoint: dmem_rdata[5]                   (^) triggered by  leading edge of 
'clk'
Path Groups: {clk}
Analysis View: RPT_SLOW
Other End Arrival Time          1.108
+ Hold                          0.038
+ Phase Shift                   0.000
- CPPR Adjustment               0.000
+ Uncertainty                   0.020
= Required Time                 1.166
  Arrival Time                  0.847
  Slack Time                   -0.319
     Clock Rise Edge                      0.000
     + Input Delay                        0.840
     + Drive Adjustment                   0.007
     = Beginpoint Arrival Time            0.847
     +----------------------------------------------------------------------------------------+ 
     |           Instance            |       Arc       |  Cell   | Delay | Arrival | Required | 
     |                               |                 |         |       |  Time   |   Time   | 
     |-------------------------------+-----------------+---------+-------+---------+----------| 
     |                               | dmem_rdata[5] ^ |         |       |   0.847 |    1.166 | 
     | datapath/MEMWB_memData_reg[5] | D ^             | DFFR_X1 | 0.000 |   0.847 |    1.166 | 
     +----------------------------------------------------------------------------------------+ 
Path 38: VIOLATED Hold Check with Pin datapath/EXMEM_storeData_reg[15]/CK 
Endpoint:   datapath/EXMEM_storeData_reg[15]/D (^) checked with  leading edge 
of 'clk'
Beginpoint: datapath/EXMEM_regWrite_reg/Q      (v) triggered by  leading edge 
of 'clk'
Path Groups: {reg2reg}
Analysis View: RPT_SLOW
Other End Arrival Time          1.454
+ Hold                          0.072
+ Phase Shift                   0.000
- CPPR Adjustment               0.000
+ Uncertainty                   0.020
= Required Time                 1.545
  Arrival Time                  1.241
  Slack Time                   -0.305
     Clock Rise Edge                 0.000
     + Clock Network Latency (Prop)  0.238
     = Beginpoint Arrival Time       0.238
     +-------------------------------------------------------------------------------------------------+ 
     |                Instance                 |     Arc      |   Cell    | Delay | Arrival | Required | 
     |                                         |              |           |       |  Time   |   Time   | 
     |-----------------------------------------+--------------+-----------+-------+---------+----------| 
     | datapath/EXMEM_regWrite_reg             | CK ^         |           |       |   0.238 |    0.542 | 
     | datapath/EXMEM_regWrite_reg             | CK ^ -> Q v  | DFFR_X1   | 0.306 |   0.543 |    0.848 | 
     | ALU_forward/FE_RC_2036_0                | A3 v -> ZN ^ | NAND3_X1  | 0.072 |   0.616 |    0.920 | 
     | ALU_forward/FE_OFC1271_FE_RN_1353_0     | A ^ -> ZN v  | INV_X1    | 0.030 |   0.645 |    0.950 | 
     | ALU_forward/FE_RC_3112_0                | A2 v -> ZN ^ | NAND3_X2  | 0.068 |   0.714 |    1.019 | 
     | ALU_forward/FE_OCPC1032_IDEX_forwardB_1 | A ^ -> ZN v  | INV_X4    | 0.039 |   0.753 |    1.058 | 
     | datapath/FE_OCPC1034_IDEX_forwardB_1    | A v -> ZN ^  | INV_X1    | 0.055 |   0.808 |    1.112 | 
     | datapath/FE_RC_1719_0                   | A2 ^ -> ZN v | NAND2_X2  | 0.048 |   0.855 |    1.160 | 
     | datapath/FE_OCPC673_FE_RN_1166_0        | A v -> ZN ^  | INV_X4    | 0.052 |   0.908 |    1.213 | 
     | datapath/FE_OCPC674_FE_RN_1166_0        | A ^ -> ZN v  | INV_X2    | 0.035 |   0.943 |    1.248 | 
     | datapath/FE_OFC1192_FE_OCPN2691_n       | A v -> ZN ^  | INV_X4    | 0.058 |   1.002 |    1.306 | 
     | datapath/FE_OFC1193_FE_OCPN2691_n       | A ^ -> Z ^   | BUF_X4    | 0.088 |   1.090 |    1.395 | 
     | datapath/g28006                         | A1 ^ -> ZN v | AOI222_X1 | 0.051 |   1.140 |    1.445 | 
     | datapath/FE_OFC980_n_841                | A v -> ZN ^  | INV_X1    | 0.100 |   1.241 |    1.545 | 
     | datapath/EXMEM_storeData_reg[15]        | D ^          | DFFR_X1   | 0.000 |   1.241 |    1.545 | 
     +-------------------------------------------------------------------------------------------------+ 
Path 39: VIOLATED Hold Check with Pin datapath/MEMWB_memData_reg[25]/CK 
Endpoint:   datapath/MEMWB_memData_reg[25]/D (^) checked with  leading edge of 
'clk'
Beginpoint: dmem_rdata[25]                   (^) triggered by  leading edge of 
'clk'
Path Groups: {clk}
Analysis View: RPT_SLOW
Other End Arrival Time          1.078
+ Hold                          0.035
+ Phase Shift                   0.000
- CPPR Adjustment               0.000
+ Uncertainty                   0.020
= Required Time                 1.133
  Arrival Time                  0.847
  Slack Time                   -0.287
     Clock Rise Edge                      0.000
     + Input Delay                        0.840
     + Drive Adjustment                   0.007
     = Beginpoint Arrival Time            0.847
     +------------------------------------------------------------------------------------------+ 
     |            Instance            |       Arc        |  Cell   | Delay | Arrival | Required | 
     |                                |                  |         |       |  Time   |   Time   | 
     |--------------------------------+------------------+---------+-------+---------+----------| 
     |                                | dmem_rdata[25] ^ |         |       |   0.847 |    1.133 | 
     | datapath/MEMWB_memData_reg[25] | D ^              | DFFR_X1 | 0.000 |   0.847 |    1.133 | 
     +------------------------------------------------------------------------------------------+ 
Path 40: VIOLATED Hold Check with Pin datapath/MEMWB_memData_reg[20]/CK 
Endpoint:   datapath/MEMWB_memData_reg[20]/D (^) checked with  leading edge of 
'clk'
Beginpoint: dmem_rdata[20]                   (^) triggered by  leading edge of 
'clk'
Path Groups: {clk}
Analysis View: RPT_SLOW
Other End Arrival Time          1.078
+ Hold                          0.035
+ Phase Shift                   0.000
- CPPR Adjustment               0.000
+ Uncertainty                   0.020
= Required Time                 1.133
  Arrival Time                  0.847
  Slack Time                   -0.286
     Clock Rise Edge                      0.000
     + Input Delay                        0.840
     + Drive Adjustment                   0.007
     = Beginpoint Arrival Time            0.847
     +------------------------------------------------------------------------------------------+ 
     |            Instance            |       Arc        |  Cell   | Delay | Arrival | Required | 
     |                                |                  |         |       |  Time   |   Time   | 
     |--------------------------------+------------------+---------+-------+---------+----------| 
     |                                | dmem_rdata[20] ^ |         |       |   0.847 |    1.133 | 
     | datapath/MEMWB_memData_reg[20] | D ^              | DFFR_X1 | 0.000 |   0.847 |    1.133 | 
     +------------------------------------------------------------------------------------------+ 
Path 41: VIOLATED Hold Check with Pin datapath/MEMWB_memData_reg[0]/CK 
Endpoint:   datapath/MEMWB_memData_reg[0]/D (^) checked with  leading edge of 
'clk'
Beginpoint: dmem_rdata[0]                   (^) triggered by  leading edge of 
'clk'
Path Groups: {clk}
Analysis View: RPT_SLOW
Other End Arrival Time          1.078
+ Hold                          0.035
+ Phase Shift                   0.000
- CPPR Adjustment               0.000
+ Uncertainty                   0.020
= Required Time                 1.133
  Arrival Time                  0.847
  Slack Time                   -0.286
     Clock Rise Edge                      0.000
     + Input Delay                        0.840
     + Drive Adjustment                   0.007
     = Beginpoint Arrival Time            0.847
     +----------------------------------------------------------------------------------------+ 
     |           Instance            |       Arc       |  Cell   | Delay | Arrival | Required | 
     |                               |                 |         |       |  Time   |   Time   | 
     |-------------------------------+-----------------+---------+-------+---------+----------| 
     |                               | dmem_rdata[0] ^ |         |       |   0.847 |    1.133 | 
     | datapath/MEMWB_memData_reg[0] | D ^             | DFFR_X1 | 0.000 |   0.847 |    1.133 | 
     +----------------------------------------------------------------------------------------+ 
Path 42: VIOLATED Hold Check with Pin datapath/MEMWB_memData_reg[21]/CK 
Endpoint:   datapath/MEMWB_memData_reg[21]/D (^) checked with  leading edge of 
'clk'
Beginpoint: dmem_rdata[21]                   (^) triggered by  leading edge of 
'clk'
Path Groups: {clk}
Analysis View: RPT_SLOW
Other End Arrival Time          1.078
+ Hold                          0.035
+ Phase Shift                   0.000
- CPPR Adjustment               0.000
+ Uncertainty                   0.020
= Required Time                 1.132
  Arrival Time                  0.847
  Slack Time                   -0.286
     Clock Rise Edge                      0.000
     + Input Delay                        0.840
     + Drive Adjustment                   0.007
     = Beginpoint Arrival Time            0.847
     +------------------------------------------------------------------------------------------+ 
     |            Instance            |       Arc        |  Cell   | Delay | Arrival | Required | 
     |                                |                  |         |       |  Time   |   Time   | 
     |--------------------------------+------------------+---------+-------+---------+----------| 
     |                                | dmem_rdata[21] ^ |         |       |   0.847 |    1.132 | 
     | datapath/MEMWB_memData_reg[21] | D ^              | DFFR_X1 | 0.000 |   0.847 |    1.132 | 
     +------------------------------------------------------------------------------------------+ 
Path 43: VIOLATED Hold Check with Pin datapath/MEMWB_memData_reg[17]/CK 
Endpoint:   datapath/MEMWB_memData_reg[17]/D (^) checked with  leading edge of 
'clk'
Beginpoint: dmem_rdata[17]                   (^) triggered by  leading edge of 
'clk'
Path Groups: {clk}
Analysis View: RPT_SLOW
Other End Arrival Time          1.066
+ Hold                          0.041
+ Phase Shift                   0.000
- CPPR Adjustment               0.000
+ Uncertainty                   0.020
= Required Time                 1.127
  Arrival Time                  0.847
  Slack Time                   -0.280
     Clock Rise Edge                      0.000
     + Input Delay                        0.840
     + Drive Adjustment                   0.007
     = Beginpoint Arrival Time            0.847
     +------------------------------------------------------------------------------------------+ 
     |            Instance            |       Arc        |  Cell   | Delay | Arrival | Required | 
     |                                |                  |         |       |  Time   |   Time   | 
     |--------------------------------+------------------+---------+-------+---------+----------| 
     |                                | dmem_rdata[17] ^ |         |       |   0.847 |    1.127 | 
     | datapath/MEMWB_memData_reg[17] | D ^              | DFFR_X1 | 0.000 |   0.847 |    1.127 | 
     +------------------------------------------------------------------------------------------+ 
Path 44: VIOLATED Hold Check with Pin datapath/MEMWB_memData_reg[16]/CK 
Endpoint:   datapath/MEMWB_memData_reg[16]/D (^) checked with  leading edge of 
'clk'
Beginpoint: dmem_rdata[16]                   (^) triggered by  leading edge of 
'clk'
Path Groups: {clk}
Analysis View: RPT_SLOW
Other End Arrival Time          1.066
+ Hold                          0.041
+ Phase Shift                   0.000
- CPPR Adjustment               0.000
+ Uncertainty                   0.020
= Required Time                 1.127
  Arrival Time                  0.847
  Slack Time                   -0.280
     Clock Rise Edge                      0.000
     + Input Delay                        0.840
     + Drive Adjustment                   0.007
     = Beginpoint Arrival Time            0.847
     +------------------------------------------------------------------------------------------+ 
     |            Instance            |       Arc        |  Cell   | Delay | Arrival | Required | 
     |                                |                  |         |       |  Time   |   Time   | 
     |--------------------------------+------------------+---------+-------+---------+----------| 
     |                                | dmem_rdata[16] ^ |         |       |   0.847 |    1.127 | 
     | datapath/MEMWB_memData_reg[16] | D ^              | DFFR_X1 | 0.000 |   0.847 |    1.127 | 
     +------------------------------------------------------------------------------------------+ 
Path 45: VIOLATED Hold Check with Pin datapath/MEMWB_memData_reg[2]/CK 
Endpoint:   datapath/MEMWB_memData_reg[2]/D (^) checked with  leading edge of 
'clk'
Beginpoint: dmem_rdata[2]                   (^) triggered by  leading edge of 
'clk'
Path Groups: {clk}
Analysis View: RPT_SLOW
Other End Arrival Time          1.066
+ Hold                          0.041
+ Phase Shift                   0.000
- CPPR Adjustment               0.000
+ Uncertainty                   0.020
= Required Time                 1.127
  Arrival Time                  0.847
  Slack Time                   -0.280
     Clock Rise Edge                      0.000
     + Input Delay                        0.840
     + Drive Adjustment                   0.007
     = Beginpoint Arrival Time            0.847
     +----------------------------------------------------------------------------------------+ 
     |           Instance            |       Arc       |  Cell   | Delay | Arrival | Required | 
     |                               |                 |         |       |  Time   |   Time   | 
     |-------------------------------+-----------------+---------+-------+---------+----------| 
     |                               | dmem_rdata[2] ^ |         |       |   0.847 |    1.127 | 
     | datapath/MEMWB_memData_reg[2] | D ^             | DFFR_X1 | 0.000 |   0.847 |    1.127 | 
     +----------------------------------------------------------------------------------------+ 
Path 46: VIOLATED Hold Check with Pin datapath/IFID_instr_reg[14]/CK 
Endpoint:   datapath/IFID_instr_reg[14]/D (^) checked with  leading edge of 
'clk'
Beginpoint: imem_rdata[14]                (^) triggered by  leading edge of 
'clk'
Path Groups: {clk}
Analysis View: RPT_SLOW
Other End Arrival Time          1.180
+ Hold                          0.058
+ Phase Shift                   0.000
- CPPR Adjustment               0.000
+ Uncertainty                   0.020
= Required Time                 1.257
  Arrival Time                  0.979
  Slack Time                   -0.279
     Clock Rise Edge                      0.000
     + Input Delay                        0.840
     + Drive Adjustment                   0.009
     = Beginpoint Arrival Time            0.849
     +----------------------------------------------------------------------------------------+ 
     |          Instance           |       Arc        |   Cell   | Delay | Arrival | Required | 
     |                             |                  |          |       |  Time   |   Time   | 
     |-----------------------------+------------------+----------+-------+---------+----------| 
     |                             | imem_rdata[14] ^ |          |       |   0.849 |    1.128 | 
     | datapath/g37569             | A1 ^ -> ZN v     | AOI22_X1 | 0.033 |   0.882 |    1.161 | 
     | datapath/g37447             | A2 v -> ZN ^     | NOR2_X1  | 0.097 |   0.979 |    1.257 | 
     | datapath/IFID_instr_reg[14] | D ^              | DFFR_X1  | 0.000 |   0.979 |    1.257 | 
     +----------------------------------------------------------------------------------------+ 
Path 47: VIOLATED Hold Check with Pin datapath/IFID_instr_reg[21]/CK 
Endpoint:   datapath/IFID_instr_reg[21]/D (^) checked with  leading edge of 
'clk'
Beginpoint: imem_rdata[21]                (^) triggered by  leading edge of 
'clk'
Path Groups: {clk}
Analysis View: RPT_SLOW
Other End Arrival Time          1.180
+ Hold                          0.056
+ Phase Shift                   0.000
- CPPR Adjustment               0.000
+ Uncertainty                   0.020
= Required Time                 1.255
  Arrival Time                  0.981
  Slack Time                   -0.274
     Clock Rise Edge                      0.000
     + Input Delay                        0.840
     + Drive Adjustment                   0.009
     = Beginpoint Arrival Time            0.849
     +----------------------------------------------------------------------------------------+ 
     |          Instance           |       Arc        |   Cell   | Delay | Arrival | Required | 
     |                             |                  |          |       |  Time   |   Time   | 
     |-----------------------------+------------------+----------+-------+---------+----------| 
     |                             | imem_rdata[21] ^ |          |       |   0.849 |    1.124 | 
     | datapath/g37575             | A1 ^ -> ZN v     | AOI22_X1 | 0.037 |   0.886 |    1.161 | 
     | datapath/g37437             | A2 v -> ZN ^     | NOR2_X1  | 0.095 |   0.981 |    1.255 | 
     | datapath/IFID_instr_reg[21] | D ^              | DFFR_X1  | 0.000 |   0.981 |    1.255 | 
     +----------------------------------------------------------------------------------------+ 
Path 48: VIOLATED Hold Check with Pin datapath/MEMWB_memData_reg[31]/CK 
Endpoint:   datapath/MEMWB_memData_reg[31]/D (^) checked with  leading edge of 
'clk'
Beginpoint: dmem_rdata[31]                   (^) triggered by  leading edge of 
'clk'
Path Groups: {clk}
Analysis View: RPT_SLOW
Other End Arrival Time          1.061
+ Hold                          0.039
+ Phase Shift                   0.000
- CPPR Adjustment               0.000
+ Uncertainty                   0.020
= Required Time                 1.120
  Arrival Time                  0.847
  Slack Time                   -0.273
     Clock Rise Edge                      0.000
     + Input Delay                        0.840
     + Drive Adjustment                   0.007
     = Beginpoint Arrival Time            0.847
     +------------------------------------------------------------------------------------------+ 
     |            Instance            |       Arc        |  Cell   | Delay | Arrival | Required | 
     |                                |                  |         |       |  Time   |   Time   | 
     |--------------------------------+------------------+---------+-------+---------+----------| 
     |                                | dmem_rdata[31] ^ |         |       |   0.847 |    1.120 | 
     | datapath/MEMWB_memData_reg[31] | D ^              | DFFR_X1 | 0.000 |   0.847 |    1.120 | 
     +------------------------------------------------------------------------------------------+ 
Path 49: VIOLATED Hold Check with Pin datapath/MEMWB_memData_reg[3]/CK 
Endpoint:   datapath/MEMWB_memData_reg[3]/D (^) checked with  leading edge of 
'clk'
Beginpoint: dmem_rdata[3]                   (^) triggered by  leading edge of 
'clk'
Path Groups: {clk}
Analysis View: RPT_SLOW
Other End Arrival Time          1.061
+ Hold                          0.039
+ Phase Shift                   0.000
- CPPR Adjustment               0.000
+ Uncertainty                   0.020
= Required Time                 1.120
  Arrival Time                  0.847
  Slack Time                   -0.273
     Clock Rise Edge                      0.000
     + Input Delay                        0.840
     + Drive Adjustment                   0.007
     = Beginpoint Arrival Time            0.847
     +----------------------------------------------------------------------------------------+ 
     |           Instance            |       Arc       |  Cell   | Delay | Arrival | Required | 
     |                               |                 |         |       |  Time   |   Time   | 
     |-------------------------------+-----------------+---------+-------+---------+----------| 
     |                               | dmem_rdata[3] ^ |         |       |   0.847 |    1.120 | 
     | datapath/MEMWB_memData_reg[3] | D ^             | DFFR_X1 | 0.000 |   0.847 |    1.120 | 
     +----------------------------------------------------------------------------------------+ 
Path 50: VIOLATED Hold Check with Pin datapath/EXMEM_storeData_reg[13]/CK 
Endpoint:   datapath/EXMEM_storeData_reg[13]/D (^) checked with  leading edge 
of 'clk'
Beginpoint: datapath/MEMWB_memToReg_reg/Q      (v) triggered by  leading edge 
of 'clk'
Path Groups: {reg2reg}
Analysis View: RPT_SLOW
Other End Arrival Time          1.454
+ Hold                          0.043
+ Phase Shift                   0.000
- CPPR Adjustment               0.000
+ Uncertainty                   0.020
= Required Time                 1.517
  Arrival Time                  1.250
  Slack Time                   -0.267
     Clock Rise Edge                 0.000
     + Clock Network Latency (Prop)  0.238
     = Beginpoint Arrival Time       0.238
     +-----------------------------------------------------------------------------------------------+ 
     |               Instance                |     Arc      |   Cell    | Delay | Arrival | Required | 
     |                                       |              |           |       |  Time   |   Time   | 
     |---------------------------------------+--------------+-----------+-------+---------+----------| 
     | datapath/MEMWB_memToReg_reg           | CK ^         |           |       |   0.238 |    0.505 | 
     | datapath/MEMWB_memToReg_reg           | CK ^ -> Q v  | DFFR_X1   | 0.291 |   0.529 |    0.796 | 
     | datapath/FE_OFC247_MEMWB_memToReg     | A v -> Z v   | BUF_X4    | 0.098 |   0.626 |    0.893 | 
     | datapath/FE_OFC979_MEMWB_memToReg     | A v -> Z v   | BUF_X2    | 0.125 |   0.751 |    1.018 | 
     | datapath/FE_OFC1315_FE_OCPN2552_n_428 | A v -> Z v   | BUF_X1    | 0.135 |   0.886 |    1.153 | 
     | datapath/FE_RC_3595_0                 | A2 v -> ZN ^ | OAI22_X2  | 0.156 |   1.042 |    1.309 | 
     | datapath/g28004                       | A2 ^ -> ZN v | AOI222_X1 | 0.071 |   1.112 |    1.380 | 
     | datapath/FE_OFC180_n_843              | A v -> Z v   | BUF_X2    | 0.087 |   1.200 |    1.467 | 
     | datapath/g27972                       | A v -> ZN ^  | INV_X1    | 0.050 |   1.250 |    1.517 | 
     | datapath/EXMEM_storeData_reg[13]      | D ^          | DFFR_X1   | 0.000 |   1.250 |    1.517 | 
     +-----------------------------------------------------------------------------------------------+ 

