###############################################################
#  Generated by:      Cadence Innovus 23.12-s091_1
#  OS:                Linux x86_64(Host ID nanohub-2907376-4)
#  Generated on:      Mon Aug 10 01:44:12 2026
#  Design:            pipelined_cpu_core
#  Command:           route_opt_design
###############################################################

------------------------------------------------------------------
     optDesign Final SI Timing Summary
------------------------------------------------------------------

+--------------------+---------+---------+---------+
|     Setup mode     |   all   | reg2reg | default |
+--------------------+---------+---------+---------+
|           WNS (ns):| -0.968  | -0.968  |  0.295  |
|           TNS (ns):| -82.769 | -82.769 |  0.000  |
|    Violating Paths:|   362   |   362   |    0    |
|          All Paths:|  3559   |  3361   |   230   |
+--------------------+---------+---------+---------+

+----------------+-------------------------------+------------------+
|                |              Real             |       Total      |
|    DRVs        +------------------+------------+------------------|
|                |  Nr nets(terms)  | Worst Vio  |  Nr nets(terms)  |
+----------------+------------------+------------+------------------+
|   max_cap      |      0 (0)       |   0.000    |      0 (0)       |
|   max_tran     |      0 (0)       |   0.000    |      0 (0)       |
|   max_fanout   |    145 (145)     |    -50     |    145 (145)     |
|   max_length   |      0 (0)       |     0      |      0 (0)       |
+----------------+------------------+------------+------------------+

Density: 85.074%
       (99.992% with Fillers)
------------------------------------------------------------------
