###############################################################
#  Generated by:      Cadence Innovus 23.12-s091_1
#  OS:                Linux x86_64(Host ID nanohub-2907570-14)
#  Generated on:      Mon Aug 10 15:49:03 2026
#  Design:            pipelined_cpu_core
#  Command:           timeDesign -postRoute -expandedViews -outDir cornerReports
###############################################################

------------------------------------------------------------------
          timeDesign Summary
------------------------------------------------------------------

+--------------------+---------+---------+---------+
|     Setup mode     |   all   | reg2reg | default |
+--------------------+---------+---------+---------+
|           WNS (ns):| -0.968  | -0.968  | -0.239  |
|           TNS (ns):| -92.278 | -89.402 | -2.877  |
|    Violating Paths:|   469   |   437   |   32    |
|          All Paths:|  3559   |  3361   |   230   |
+--------------------+---------+---------+---------+
|RPT_SLOW            | -0.968  | -0.968  | -0.239  |
|                    | -92.278 | -89.402 | -2.877  |
|                    |   469   |   437   |   32    |
|                    |  3559   |  3361   |   230   |
+--------------------+---------+---------+---------+
|RPT_TYP             |  0.700  |  0.700  |  1.135  |
|                    |  0.000  |  0.000  |  0.000  |
|                    |    0    |    0    |    0    |
|                    |  3559   |  3361   |   230   |
+--------------------+---------+---------+---------+
|RPT_FAST            |  0.931  |  0.931  |  1.394  |
|                    |  0.000  |  0.000  |  0.000  |
|                    |    0    |    0    |    0    |
|                    |  3559   |  3361   |   230   |
+--------------------+---------+---------+---------+

+----------------+-------------------------------+------------------+
|                |              Real             |       Total      |
|    DRVs        +------------------+------------+------------------|
|                |  Nr nets(terms)  | Worst Vio  |  Nr nets(terms)  |
+----------------+------------------+------------+------------------+
|   max_cap      |      0 (0)       |   0.000    |      0 (0)       |
|   max_tran     |      0 (0)       |   0.000    |      0 (0)       |
|   max_fanout   |    145 (145)     |    -50     |    145 (145)     |
|   max_length   |      0 (0)       |     0      |      0 (0)       |
+----------------+------------------+------------+------------------+

Density: 85.074%
       (99.992% with Fillers)
------------------------------------------------------------------
