###############################################################
#  Generated by:      Cadence Innovus 23.12-s091_1
#  OS:                Linux x86_64(Host ID nanohub-2908156-5)
#  Generated on:      Wed Aug 12 15:59:33 2026
#  Design:            pipelined_cpu_core
#  Command:           report_timing -early > reports/21_cts_hold.rpt
###############################################################
Path 1: MET Hold Check with Pin datapath/IDEX_readData1_reg[2]/CK 
Endpoint:   datapath/IDEX_readData1_reg[2]/D (v) checked with  leading edge of 
'clk'
Beginpoint: datapath/MEMWB_memToReg_reg/QN   (v) triggered by  leading edge of 
'clk'
Path Groups: {clk}
Analysis View: BC_VIEW
Other End Arrival Time          0.008
+ Hold                          0.005
+ Phase Shift                   0.000
- CPPR Adjustment               0.000
+ Uncertainty                   0.020
= Required Time                 0.033
  Arrival Time                  0.058
  Slack Time                    0.026
     Clock Rise Edge                 0.000
     + Clock Network Latency (Prop)  -0.053
     = Beginpoint Arrival Time       -0.053
     +------------------------------------------------------------------------------------------+ 
     |             Instance              |     Arc      |   Cell   | Delay | Arrival | Required | 
     |                                   |              |          |       |  Time   |   Time   | 
     |-----------------------------------+--------------+----------+-------+---------+----------| 
     | datapath/MEMWB_memToReg_reg       | CK ^         |          |       |  -0.053 |   -0.079 | 
     | datapath/MEMWB_memToReg_reg       | CK ^ -> QN v | DFFR_X1  | 0.040 |  -0.013 |   -0.039 | 
     | datapath/FE_OFC692_MEMWB_memToReg | A v -> ZN ^  | INV_X1   | 0.023 |   0.010 |   -0.016 | 
     | datapath/FE_RC_583_0              | B2 ^ -> ZN v | AOI22_X1 | 0.015 |   0.025 |   -0.000 | 
     | datapath/FE_RC_439_0              | A v -> ZN ^  | INV_X1   | 0.020 |   0.045 |    0.019 | 
     | datapath/g26398                   | B2 ^ -> ZN v | OAI21_X1 | 0.014 |   0.058 |    0.033 | 
     | datapath/IDEX_readData1_reg[2]    | D v          | DFFR_X1  | 0.000 |   0.058 |    0.033 | 
     +------------------------------------------------------------------------------------------+ 

