###############################################################
#  Generated by:      Cadence Innovus 23.12-s091_1
#  OS:                Linux x86_64(Host ID nanohub-2908156-5)
#  Generated on:      Wed Aug 12 16:33:05 2026
#  Design:            pipelined_cpu_core
#  Command:           report_timing -late  -view RPT_TYP -max_paths 50 -nworst 1 > reports/40_setup_typ.rpt
###############################################################
Path 1: MET Late External Delay Assertion 
Endpoint:   dbg_wb_data[4]                  (^) checked with  leading edge of 
'clk'
Beginpoint: datapath/MEMWB_memData_reg[4]/Q (^) triggered by  leading edge of 
'clk'
Path Groups: {clk}
Analysis View: RPT_TYP
Other End Arrival Time          0.000
- External Delay                1.200
+ Phase Shift                   4.000
+ CPPR Adjustment               0.000
- Uncertainty                   0.100
= Required Time                 2.700
- Arrival Time                  0.471
= Slack Time                    2.229
     Clock Rise Edge                 0.000
     + Clock Network Latency (Prop)  0.230
     = Beginpoint Arrival Time       0.230
     +------------------------------------------------------------------------------------------+ 
     |            Instance            |       Arc        |  Cell   | Delay | Arrival | Required | 
     |                                |                  |         |       |  Time   |   Time   | 
     |--------------------------------+------------------+---------+-------+---------+----------| 
     | datapath/MEMWB_memData_reg[4]  | CK ^             |         |       |   0.230 |    2.459 | 
     | datapath/MEMWB_memData_reg[4]  | CK ^ -> Q ^      | DFFR_X1 | 0.107 |   0.336 |    2.565 | 
     | datapath/FE_RC_492_0           | A ^ -> Z ^       | MUX2_X2 | 0.070 |   0.406 |    2.635 | 
     | datapath/FE_OFC623_FE_RN_238_0 | A ^ -> Z ^       | BUF_X2  | 0.065 |   0.471 |    2.700 | 
     |                                | dbg_wb_data[4] ^ |         | 0.000 |   0.471 |    2.700 | 
     +------------------------------------------------------------------------------------------+ 
Path 2: MET Late External Delay Assertion 
Endpoint:   dbg_wb_data[3]                  (^) checked with  leading edge of 
'clk'
Beginpoint: datapath/MEMWB_memData_reg[3]/Q (^) triggered by  leading edge of 
'clk'
Path Groups: {clk}
Analysis View: RPT_TYP
Other End Arrival Time          0.000
- External Delay                1.200
+ Phase Shift                   4.000
+ CPPR Adjustment               0.000
- Uncertainty                   0.100
= Required Time                 2.700
- Arrival Time                  0.471
= Slack Time                    2.229
     Clock Rise Edge                 0.000
     + Clock Network Latency (Prop)  0.232
     = Beginpoint Arrival Time       0.232
     +--------------------------------------------------------------------------------------------+ 
     |            Instance            |       Arc        |   Cell    | Delay | Arrival | Required | 
     |                                |                  |           |       |  Time   |   Time   | 
     |--------------------------------+------------------+-----------+-------+---------+----------| 
     | datapath/MEMWB_memData_reg[3]  | CK ^             |           |       |   0.232 |    2.461 | 
     | datapath/MEMWB_memData_reg[3]  | CK ^ -> Q ^      | DFFR_X1   | 0.108 |   0.339 |    2.568 | 
     | datapath/FE_RC_86_0            | A ^ -> ZN v      | INV_X1    | 0.008 |   0.347 |    2.576 | 
     | datapath/FE_RC_443_0           | B1 v -> ZN ^     | OAI21_X1  | 0.036 |   0.383 |    2.612 | 
     | datapath/FE_OFC817_FE_RN_232_0 | A ^ -> Z ^       | CLKBUF_X2 | 0.088 |   0.471 |    2.700 | 
     |                                | dbg_wb_data[3] ^ |           | 0.000 |   0.471 |    2.700 | 
     +--------------------------------------------------------------------------------------------+ 
Path 3: MET Late External Delay Assertion 
Endpoint:   dbg_wb_data[7]                   (^) checked with  leading edge of 
'clk'
Beginpoint: datapath/MEMWB_memData_reg[7]/QN (v) triggered by  leading edge of 
'clk'
Path Groups: {clk}
Analysis View: RPT_TYP
Other End Arrival Time          0.000
- External Delay                1.200
+ Phase Shift                   4.000
+ CPPR Adjustment               0.000
- Uncertainty                   0.100
= Required Time                 2.700
- Arrival Time                  0.468
= Slack Time                    2.232
     Clock Rise Edge                 0.000
     + Clock Network Latency (Prop)  0.232
     = Beginpoint Arrival Time       0.232
     +-----------------------------------------------------------------------------------------+ 
     |           Instance            |       Arc        |  Cell   | Delay | Arrival | Required | 
     |                               |                  |         |       |  Time   |   Time   | 
     |-------------------------------+------------------+---------+-------+---------+----------| 
     | datapath/MEMWB_memData_reg[7] | CK ^             |         |       |   0.232 |    2.464 | 
     | datapath/MEMWB_memData_reg[7] | CK ^ -> QN v     | DFFR_X1 | 0.071 |   0.303 |    2.535 | 
     | datapath/g26563               | A v -> Z v       | MUX2_X1 | 0.087 |   0.389 |    2.621 | 
     | datapath/g26544               | A v -> ZN ^      | INV_X2  | 0.079 |   0.468 |    2.700 | 
     |                               | dbg_wb_data[7] ^ |         | 0.000 |   0.468 |    2.700 | 
     +-----------------------------------------------------------------------------------------+ 
Path 4: MET Late External Delay Assertion 
Endpoint:   dbg_wb_data[6]                   (^) checked with  leading edge of 
'clk'
Beginpoint: datapath/MEMWB_memData_reg[6]/QN (v) triggered by  leading edge of 
'clk'
Path Groups: {clk}
Analysis View: RPT_TYP
Other End Arrival Time          0.000
- External Delay                1.200
+ Phase Shift                   4.000
+ CPPR Adjustment               0.000
- Uncertainty                   0.100
= Required Time                 2.700
- Arrival Time                  0.466
= Slack Time                    2.234
     Clock Rise Edge                 0.000
     + Clock Network Latency (Prop)  0.232
     = Beginpoint Arrival Time       0.232
     +-----------------------------------------------------------------------------------------+ 
     |           Instance            |       Arc        |  Cell   | Delay | Arrival | Required | 
     |                               |                  |         |       |  Time   |   Time   | 
     |-------------------------------+------------------+---------+-------+---------+----------| 
     | datapath/MEMWB_memData_reg[6] | CK ^             |         |       |   0.232 |    2.466 | 
     | datapath/MEMWB_memData_reg[6] | CK ^ -> QN v     | DFFR_X1 | 0.070 |   0.303 |    2.536 | 
     | datapath/g26565               | A v -> Z v       | MUX2_X1 | 0.085 |   0.387 |    2.621 | 
     | datapath/g26545               | A v -> ZN ^      | INV_X2  | 0.079 |   0.466 |    2.700 | 
     |                               | dbg_wb_data[6] ^ |         | 0.000 |   0.466 |    2.700 | 
     +-----------------------------------------------------------------------------------------+ 
Path 5: MET Late External Delay Assertion 
Endpoint:   dbg_wb_data[29]                (v) checked with  leading edge of 
'clk'
Beginpoint: datapath/MEMWB_memToReg_reg/QN (v) triggered by  leading edge of 
'clk'
Path Groups: {clk}
Analysis View: RPT_TYP
Other End Arrival Time          0.000
- External Delay                1.200
+ Phase Shift                   4.000
+ CPPR Adjustment               0.000
- Uncertainty                   0.100
= Required Time                 2.700
- Arrival Time                  0.466
= Slack Time                    2.234
     Clock Rise Edge                 0.000
     + Clock Network Latency (Prop)  0.119
     = Beginpoint Arrival Time       0.119
     +---------------------------------------------------------------------------------------------------------------+ 
     |                      Instance                      |        Arc        |  Cell   | Delay | Arrival | Required | 
     |                                                    |                   |         |       |  Time   |   Time   | 
     |----------------------------------------------------+-------------------+---------+-------+---------+----------| 
     | datapath/MEMWB_memToReg_reg                        | CK ^              |         |       |   0.119 |    2.353 | 
     | datapath/MEMWB_memToReg_reg                        | CK ^ -> QN v      | DFFR_X1 | 0.071 |   0.190 |    2.425 | 
     | datapath/FE_OFC692_MEMWB_memToReg                  | A v -> ZN ^       | INV_X1  | 0.042 |   0.233 |    2.467 | 
     | datapath/FE_OFC856_FE_OCPN2699_FE_OFN65_MEMWB_memT | A ^ -> ZN v       | INV_X4  | 0.036 |   0.269 |    2.503 | 
     | oReg                                               |                   |         |       |         |          | 
     | datapath/FE_OFC857_FE_OCPN2699_FE_OFN65_MEMWB_memT | A v -> ZN ^       | INV_X1  | 0.076 |   0.345 |    2.579 | 
     | oReg                                               |                   |         |       |         |          | 
     | datapath/g26518                                    | S ^ -> Z v        | MUX2_X2 | 0.121 |   0.465 |    2.700 | 
     |                                                    | dbg_wb_data[29] v |         | 0.000 |   0.466 |    2.700 | 
     +---------------------------------------------------------------------------------------------------------------+ 
Path 6: MET Late External Delay Assertion 
Endpoint:   dbg_wb_data[28]                (v) checked with  leading edge of 
'clk'
Beginpoint: datapath/MEMWB_memToReg_reg/QN (v) triggered by  leading edge of 
'clk'
Path Groups: {clk}
Analysis View: RPT_TYP
Other End Arrival Time          0.000
- External Delay                1.200
+ Phase Shift                   4.000
+ CPPR Adjustment               0.000
- Uncertainty                   0.100
= Required Time                 2.700
- Arrival Time                  0.464
= Slack Time                    2.236
     Clock Rise Edge                 0.000
     + Clock Network Latency (Prop)  0.119
     = Beginpoint Arrival Time       0.119
     +---------------------------------------------------------------------------------------------------------------+ 
     |                      Instance                      |        Arc        |  Cell   | Delay | Arrival | Required | 
     |                                                    |                   |         |       |  Time   |   Time   | 
     |----------------------------------------------------+-------------------+---------+-------+---------+----------| 
     | datapath/MEMWB_memToReg_reg                        | CK ^              |         |       |   0.119 |    2.355 | 
     | datapath/MEMWB_memToReg_reg                        | CK ^ -> QN v      | DFFR_X1 | 0.071 |   0.190 |    2.426 | 
     | datapath/FE_OFC692_MEMWB_memToReg                  | A v -> ZN ^       | INV_X1  | 0.042 |   0.233 |    2.468 | 
     | datapath/FE_OFC856_FE_OCPN2699_FE_OFN65_MEMWB_memT | A ^ -> ZN v       | INV_X4  | 0.036 |   0.269 |    2.504 | 
     | oReg                                               |                   |         |       |         |          | 
     | datapath/FE_OFC857_FE_OCPN2699_FE_OFN65_MEMWB_memT | A v -> ZN ^       | INV_X1  | 0.076 |   0.345 |    2.580 | 
     | oReg                                               |                   |         |       |         |          | 
     | datapath/g26515                                    | S ^ -> Z v        | MUX2_X2 | 0.120 |   0.464 |    2.700 | 
     |                                                    | dbg_wb_data[28] v |         | 0.000 |   0.464 |    2.700 | 
     +---------------------------------------------------------------------------------------------------------------+ 
Path 7: MET Late External Delay Assertion 
Endpoint:   dbg_wb_data[26]                (v) checked with  leading edge of 
'clk'
Beginpoint: datapath/MEMWB_memToReg_reg/QN (v) triggered by  leading edge of 
'clk'
Path Groups: {clk}
Analysis View: RPT_TYP
Other End Arrival Time          0.000
- External Delay                1.200
+ Phase Shift                   4.000
+ CPPR Adjustment               0.000
- Uncertainty                   0.100
= Required Time                 2.700
- Arrival Time                  0.464
= Slack Time                    2.237
     Clock Rise Edge                 0.000
     + Clock Network Latency (Prop)  0.119
     = Beginpoint Arrival Time       0.119
     +---------------------------------------------------------------------------------------------------------------+ 
     |                      Instance                      |        Arc        |  Cell   | Delay | Arrival | Required | 
     |                                                    |                   |         |       |  Time   |   Time   | 
     |----------------------------------------------------+-------------------+---------+-------+---------+----------| 
     | datapath/MEMWB_memToReg_reg                        | CK ^              |         |       |   0.119 |    2.356 | 
     | datapath/MEMWB_memToReg_reg                        | CK ^ -> QN v      | DFFR_X1 | 0.071 |   0.190 |    2.427 | 
     | datapath/FE_OFC692_MEMWB_memToReg                  | A v -> ZN ^       | INV_X1  | 0.042 |   0.233 |    2.469 | 
     | datapath/FE_OFC856_FE_OCPN2699_FE_OFN65_MEMWB_memT | A ^ -> ZN v       | INV_X4  | 0.036 |   0.269 |    2.505 | 
     | oReg                                               |                   |         |       |         |          | 
     | datapath/FE_OFC857_FE_OCPN2699_FE_OFN65_MEMWB_memT | A v -> ZN ^       | INV_X1  | 0.076 |   0.345 |    2.581 | 
     | oReg                                               |                   |         |       |         |          | 
     | datapath/g26517                                    | S ^ -> Z v        | MUX2_X2 | 0.119 |   0.464 |    2.700 | 
     |                                                    | dbg_wb_data[26] v |         | 0.000 |   0.464 |    2.700 | 
     +---------------------------------------------------------------------------------------------------------------+ 
Path 8: MET Late External Delay Assertion 
Endpoint:   dbg_wb_data[8]                   (^) checked with  leading edge of 
'clk'
Beginpoint: datapath/MEMWB_memData_reg[8]/QN (v) triggered by  leading edge of 
'clk'
Path Groups: {clk}
Analysis View: RPT_TYP
Other End Arrival Time          0.000
- External Delay                1.200
+ Phase Shift                   4.000
+ CPPR Adjustment               0.000
- Uncertainty                   0.100
= Required Time                 2.700
- Arrival Time                  0.463
= Slack Time                    2.237
     Clock Rise Edge                 0.000
     + Clock Network Latency (Prop)  0.232
     = Beginpoint Arrival Time       0.232
     +-----------------------------------------------------------------------------------------+ 
     |           Instance            |       Arc        |  Cell   | Delay | Arrival | Required | 
     |                               |                  |         |       |  Time   |   Time   | 
     |-------------------------------+------------------+---------+-------+---------+----------| 
     | datapath/MEMWB_memData_reg[8] | CK ^             |         |       |   0.232 |    2.469 | 
     | datapath/MEMWB_memData_reg[8] | CK ^ -> QN v     | DFFR_X1 | 0.070 |   0.303 |    2.539 | 
     | datapath/g26561               | A v -> Z v       | MUX2_X1 | 0.083 |   0.385 |    2.622 | 
     | datapath/FE_DBTC9_n_82        | A v -> ZN ^      | INV_X2  | 0.078 |   0.463 |    2.700 | 
     |                               | dbg_wb_data[8] ^ |         | 0.000 |   0.463 |    2.700 | 
     +-----------------------------------------------------------------------------------------+ 
Path 9: MET Late External Delay Assertion 
Endpoint:   dbg_wb_data[31]                (v) checked with  leading edge of 
'clk'
Beginpoint: datapath/MEMWB_memToReg_reg/QN (v) triggered by  leading edge of 
'clk'
Path Groups: {clk}
Analysis View: RPT_TYP
Other End Arrival Time          0.000
- External Delay                1.200
+ Phase Shift                   4.000
+ CPPR Adjustment               0.000
- Uncertainty                   0.100
= Required Time                 2.700
- Arrival Time                  0.463
= Slack Time                    2.237
     Clock Rise Edge                 0.000
     + Clock Network Latency (Prop)  0.119
     = Beginpoint Arrival Time       0.119
     +---------------------------------------------------------------------------------------------------------------+ 
     |                      Instance                      |        Arc        |  Cell   | Delay | Arrival | Required | 
     |                                                    |                   |         |       |  Time   |   Time   | 
     |----------------------------------------------------+-------------------+---------+-------+---------+----------| 
     | datapath/MEMWB_memToReg_reg                        | CK ^              |         |       |   0.119 |    2.356 | 
     | datapath/MEMWB_memToReg_reg                        | CK ^ -> QN v      | DFFR_X1 | 0.071 |   0.190 |    2.427 | 
     | datapath/FE_OFC692_MEMWB_memToReg                  | A v -> ZN ^       | INV_X1  | 0.042 |   0.233 |    2.470 | 
     | datapath/FE_OFC856_FE_OCPN2699_FE_OFN65_MEMWB_memT | A ^ -> ZN v       | INV_X4  | 0.036 |   0.269 |    2.506 | 
     | oReg                                               |                   |         |       |         |          | 
     | datapath/FE_OFC857_FE_OCPN2699_FE_OFN65_MEMWB_memT | A v -> ZN ^       | INV_X1  | 0.076 |   0.345 |    2.582 | 
     | oReg                                               |                   |         |       |         |          | 
     | datapath/g26516                                    | S ^ -> Z v        | MUX2_X2 | 0.118 |   0.463 |    2.700 | 
     |                                                    | dbg_wb_data[31] v |         | 0.000 |   0.463 |    2.700 | 
     +---------------------------------------------------------------------------------------------------------------+ 
Path 10: MET Late External Delay Assertion 
Endpoint:   dbg_wb_data[27]                (v) checked with  leading edge of 
'clk'
Beginpoint: datapath/MEMWB_memToReg_reg/QN (v) triggered by  leading edge of 
'clk'
Path Groups: {clk}
Analysis View: RPT_TYP
Other End Arrival Time          0.000
- External Delay                1.200
+ Phase Shift                   4.000
+ CPPR Adjustment               0.000
- Uncertainty                   0.100
= Required Time                 2.700
- Arrival Time                  0.463
= Slack Time                    2.237
     Clock Rise Edge                 0.000
     + Clock Network Latency (Prop)  0.119
     = Beginpoint Arrival Time       0.119
     +---------------------------------------------------------------------------------------------------------------+ 
     |                      Instance                      |        Arc        |  Cell   | Delay | Arrival | Required | 
     |                                                    |                   |         |       |  Time   |   Time   | 
     |----------------------------------------------------+-------------------+---------+-------+---------+----------| 
     | datapath/MEMWB_memToReg_reg                        | CK ^              |         |       |   0.119 |    2.356 | 
     | datapath/MEMWB_memToReg_reg                        | CK ^ -> QN v      | DFFR_X1 | 0.071 |   0.190 |    2.428 | 
     | datapath/FE_OFC692_MEMWB_memToReg                  | A v -> ZN ^       | INV_X1  | 0.042 |   0.233 |    2.470 | 
     | datapath/FE_OFC856_FE_OCPN2699_FE_OFN65_MEMWB_memT | A ^ -> ZN v       | INV_X4  | 0.036 |   0.269 |    2.506 | 
     | oReg                                               |                   |         |       |         |          | 
     | datapath/FE_OFC857_FE_OCPN2699_FE_OFN65_MEMWB_memT | A v -> ZN ^       | INV_X1  | 0.076 |   0.345 |    2.582 | 
     | oReg                                               |                   |         |       |         |          | 
     | datapath/g26519                                    | S ^ -> Z v        | MUX2_X2 | 0.118 |   0.463 |    2.700 | 
     |                                                    | dbg_wb_data[27] v |         | 0.000 |   0.463 |    2.700 | 
     +---------------------------------------------------------------------------------------------------------------+ 
Path 11: MET Late External Delay Assertion 
Endpoint:   dbg_wb_data[30]                (v) checked with  leading edge of 
'clk'
Beginpoint: datapath/MEMWB_memToReg_reg/QN (v) triggered by  leading edge of 
'clk'
Path Groups: {clk}
Analysis View: RPT_TYP
Other End Arrival Time          0.000
- External Delay                1.200
+ Phase Shift                   4.000
+ CPPR Adjustment               0.000
- Uncertainty                   0.100
= Required Time                 2.700
- Arrival Time                  0.463
= Slack Time                    2.237
     Clock Rise Edge                 0.000
     + Clock Network Latency (Prop)  0.119
     = Beginpoint Arrival Time       0.119
     +---------------------------------------------------------------------------------------------------------------+ 
     |                      Instance                      |        Arc        |  Cell   | Delay | Arrival | Required | 
     |                                                    |                   |         |       |  Time   |   Time   | 
     |----------------------------------------------------+-------------------+---------+-------+---------+----------| 
     | datapath/MEMWB_memToReg_reg                        | CK ^              |         |       |   0.119 |    2.356 | 
     | datapath/MEMWB_memToReg_reg                        | CK ^ -> QN v      | DFFR_X1 | 0.071 |   0.190 |    2.428 | 
     | datapath/FE_OFC692_MEMWB_memToReg                  | A v -> ZN ^       | INV_X1  | 0.042 |   0.233 |    2.470 | 
     | datapath/FE_OFC856_FE_OCPN2699_FE_OFN65_MEMWB_memT | A ^ -> ZN v       | INV_X4  | 0.036 |   0.269 |    2.506 | 
     | oReg                                               |                   |         |       |         |          | 
     | datapath/FE_OFC857_FE_OCPN2699_FE_OFN65_MEMWB_memT | A v -> ZN ^       | INV_X1  | 0.076 |   0.345 |    2.582 | 
     | oReg                                               |                   |         |       |         |          | 
     | datapath/g26520                                    | S ^ -> Z v        | MUX2_X2 | 0.118 |   0.463 |    2.700 | 
     |                                                    | dbg_wb_data[30] v |         | 0.000 |   0.463 |    2.700 | 
     +---------------------------------------------------------------------------------------------------------------+ 
Path 12: MET Late External Delay Assertion 
Endpoint:   dbg_wb_data[13]                     (^) checked with  leading edge 
of 'clk'
Beginpoint: datapath/MEMWB_aluResult_reg[13]/QN (v) triggered by  leading edge 
of 'clk'
Path Groups: {clk}
Analysis View: RPT_TYP
Other End Arrival Time          0.000
- External Delay                1.200
+ Phase Shift                   4.000
+ CPPR Adjustment               0.000
- Uncertainty                   0.100
= Required Time                 2.700
- Arrival Time                  0.463
= Slack Time                    2.237
     Clock Rise Edge                 0.000
     + Clock Network Latency (Prop)  0.231
     = Beginpoint Arrival Time       0.231
     +---------------------------------------------------------------------------------------------+ 
     |             Instance             |        Arc        |  Cell   | Delay | Arrival | Required | 
     |                                  |                   |         |       |  Time   |   Time   | 
     |----------------------------------+-------------------+---------+-------+---------+----------| 
     | datapath/MEMWB_aluResult_reg[13] | CK ^              |         |       |   0.231 |    2.469 | 
     | datapath/MEMWB_aluResult_reg[13] | CK ^ -> QN v      | DFFR_X1 | 0.071 |   0.302 |    2.539 | 
     | datapath/g26554                  | B v -> Z v        | MUX2_X1 | 0.083 |   0.385 |    2.623 | 
     | datapath/FE_DBTC13_n_100         | A v -> ZN ^       | INV_X2  | 0.077 |   0.463 |    2.700 | 
     |                                  | dbg_wb_data[13] ^ |         | 0.000 |   0.463 |    2.700 | 
     +---------------------------------------------------------------------------------------------+ 
Path 13: MET Late External Delay Assertion 
Endpoint:   dbg_wb_data[10]                   (^) checked with  leading edge of 
'clk'
Beginpoint: datapath/MEMWB_memData_reg[10]/QN (v) triggered by  leading edge of 
'clk'
Path Groups: {clk}
Analysis View: RPT_TYP
Other End Arrival Time          0.000
- External Delay                1.200
+ Phase Shift                   4.000
+ CPPR Adjustment               0.000
- Uncertainty                   0.100
= Required Time                 2.700
- Arrival Time                  0.462
= Slack Time                    2.238
     Clock Rise Edge                 0.000
     + Clock Network Latency (Prop)  0.231
     = Beginpoint Arrival Time       0.231
     +-------------------------------------------------------------------------------------------+ 
     |            Instance            |        Arc        |  Cell   | Delay | Arrival | Required | 
     |                                |                   |         |       |  Time   |   Time   | 
     |--------------------------------+-------------------+---------+-------+---------+----------| 
     | datapath/MEMWB_memData_reg[10] | CK ^              |         |       |   0.231 |    2.469 | 
     | datapath/MEMWB_memData_reg[10] | CK ^ -> QN v      | DFFR_X1 | 0.071 |   0.303 |    2.540 | 
     | datapath/g26556                | A v -> Z v        | MUX2_X1 | 0.082 |   0.385 |    2.622 | 
     | datapath/FE_DBTC11_n_88        | A v -> ZN ^       | INV_X2  | 0.078 |   0.462 |    2.700 | 
     |                                | dbg_wb_data[10] ^ |         | 0.000 |   0.462 |    2.700 | 
     +-------------------------------------------------------------------------------------------+ 
Path 14: MET Late External Delay Assertion 
Endpoint:   dbg_wb_data[11]                   (^) checked with  leading edge of 
'clk'
Beginpoint: datapath/MEMWB_memData_reg[11]/QN (v) triggered by  leading edge of 
'clk'
Path Groups: {clk}
Analysis View: RPT_TYP
Other End Arrival Time          0.000
- External Delay                1.200
+ Phase Shift                   4.000
+ CPPR Adjustment               0.000
- Uncertainty                   0.100
= Required Time                 2.700
- Arrival Time                  0.461
= Slack Time                    2.240
     Clock Rise Edge                 0.000
     + Clock Network Latency (Prop)  0.233
     = Beginpoint Arrival Time       0.233
     +-------------------------------------------------------------------------------------------+ 
     |            Instance            |        Arc        |  Cell   | Delay | Arrival | Required | 
     |                                |                   |         |       |  Time   |   Time   | 
     |--------------------------------+-------------------+---------+-------+---------+----------| 
     | datapath/MEMWB_memData_reg[11] | CK ^              |         |       |   0.233 |    2.472 | 
     | datapath/MEMWB_memData_reg[11] | CK ^ -> QN v      | DFFR_X1 | 0.069 |   0.301 |    2.541 | 
     | datapath/g26525                | A v -> Z v        | MUX2_X1 | 0.082 |   0.383 |    2.623 | 
     | datapath/FE_DBTC12_n_34        | A v -> ZN ^       | INV_X2  | 0.077 |   0.461 |    2.700 | 
     |                                | dbg_wb_data[11] ^ |         | 0.000 |   0.461 |    2.700 | 
     +-------------------------------------------------------------------------------------------+ 
Path 15: MET Late External Delay Assertion 
Endpoint:   dbg_wb_data[15]                     (^) checked with  leading edge 
of 'clk'
Beginpoint: datapath/MEMWB_aluResult_reg[15]/QN (v) triggered by  leading edge 
of 'clk'
Path Groups: {clk}
Analysis View: RPT_TYP
Other End Arrival Time          0.000
- External Delay                1.200
+ Phase Shift                   4.000
+ CPPR Adjustment               0.000
- Uncertainty                   0.100
= Required Time                 2.700
- Arrival Time                  0.461
= Slack Time                    2.240
     Clock Rise Edge                 0.000
     + Clock Network Latency (Prop)  0.232
     = Beginpoint Arrival Time       0.232
     +---------------------------------------------------------------------------------------------+ 
     |             Instance             |        Arc        |  Cell   | Delay | Arrival | Required | 
     |                                  |                   |         |       |  Time   |   Time   | 
     |----------------------------------+-------------------+---------+-------+---------+----------| 
     | datapath/MEMWB_aluResult_reg[15] | CK ^              |         |       |   0.232 |    2.471 | 
     | datapath/MEMWB_aluResult_reg[15] | CK ^ -> QN v      | DFFR_X1 | 0.071 |   0.302 |    2.542 | 
     | datapath/g26552                  | B v -> Z v        | MUX2_X1 | 0.083 |   0.385 |    2.625 | 
     | datapath/FE_DBTC15_n_73          | A v -> ZN ^       | INV_X2  | 0.075 |   0.461 |    2.700 | 
     |                                  | dbg_wb_data[15] ^ |         | 0.000 |   0.461 |    2.700 | 
     +---------------------------------------------------------------------------------------------+ 
Path 16: MET Late External Delay Assertion 
Endpoint:   dbg_wb_data[19]                     (^) checked with  leading edge 
of 'clk'
Beginpoint: datapath/MEMWB_aluResult_reg[19]/QN (v) triggered by  leading edge 
of 'clk'
Path Groups: {clk}
Analysis View: RPT_TYP
Other End Arrival Time          0.000
- External Delay                1.200
+ Phase Shift                   4.000
+ CPPR Adjustment               0.000
- Uncertainty                   0.100
= Required Time                 2.700
- Arrival Time                  0.460
= Slack Time                    2.240
     Clock Rise Edge                 0.000
     + Clock Network Latency (Prop)  0.232
     = Beginpoint Arrival Time       0.232
     +---------------------------------------------------------------------------------------------+ 
     |             Instance             |        Arc        |  Cell   | Delay | Arrival | Required | 
     |                                  |                   |         |       |  Time   |   Time   | 
     |----------------------------------+-------------------+---------+-------+---------+----------| 
     | datapath/MEMWB_aluResult_reg[19] | CK ^              |         |       |   0.232 |    2.472 | 
     | datapath/MEMWB_aluResult_reg[19] | CK ^ -> QN v      | DFFR_X1 | 0.069 |   0.302 |    2.541 | 
     | datapath/g26562                  | B v -> Z v        | MUX2_X1 | 0.084 |   0.385 |    2.625 | 
     | datapath/FE_DBTC17_n_61          | A v -> ZN ^       | INV_X2  | 0.075 |   0.460 |    2.700 | 
     |                                  | dbg_wb_data[19] ^ |         | 0.000 |   0.460 |    2.700 | 
     +---------------------------------------------------------------------------------------------+ 
Path 17: MET Late External Delay Assertion 
Endpoint:   dbg_wb_data[9]                   (^) checked with  leading edge of 
'clk'
Beginpoint: datapath/MEMWB_memData_reg[9]/QN (v) triggered by  leading edge of 
'clk'
Path Groups: {clk}
Analysis View: RPT_TYP
Other End Arrival Time          0.000
- External Delay                1.200
+ Phase Shift                   4.000
+ CPPR Adjustment               0.000
- Uncertainty                   0.100
= Required Time                 2.700
- Arrival Time                  0.460
= Slack Time                    2.240
     Clock Rise Edge                 0.000
     + Clock Network Latency (Prop)  0.233
     = Beginpoint Arrival Time       0.233
     +-----------------------------------------------------------------------------------------+ 
     |           Instance            |       Arc        |  Cell   | Delay | Arrival | Required | 
     |                               |                  |         |       |  Time   |   Time   | 
     |-------------------------------+------------------+---------+-------+---------+----------| 
     | datapath/MEMWB_memData_reg[9] | CK ^             |         |       |   0.233 |    2.472 | 
     | datapath/MEMWB_memData_reg[9] | CK ^ -> QN v     | DFFR_X1 | 0.071 |   0.304 |    2.543 | 
     | datapath/g26560               | A v -> Z v       | MUX2_X1 | 0.082 |   0.385 |    2.625 | 
     | datapath/FE_DBTC10_n_85       | A v -> ZN ^      | INV_X2  | 0.075 |   0.460 |    2.700 | 
     |                               | dbg_wb_data[9] ^ |         | 0.000 |   0.460 |    2.700 | 
     +-----------------------------------------------------------------------------------------+ 
Path 18: MET Late External Delay Assertion 
Endpoint:   dbg_wb_data[25]                   (^) checked with  leading edge of 
'clk'
Beginpoint: datapath/MEMWB_memData_reg[25]/QN (v) triggered by  leading edge of 
'clk'
Path Groups: {clk}
Analysis View: RPT_TYP
Other End Arrival Time          0.000
- External Delay                1.200
+ Phase Shift                   4.000
+ CPPR Adjustment               0.000
- Uncertainty                   0.100
= Required Time                 2.700
- Arrival Time                  0.460
= Slack Time                    2.240
     Clock Rise Edge                 0.000
     + Clock Network Latency (Prop)  0.231
     = Beginpoint Arrival Time       0.231
     +-------------------------------------------------------------------------------------------+ 
     |            Instance            |        Arc        |  Cell   | Delay | Arrival | Required | 
     |                                |                   |         |       |  Time   |   Time   | 
     |--------------------------------+-------------------+---------+-------+---------+----------| 
     | datapath/MEMWB_memData_reg[25] | CK ^              |         |       |   0.231 |    2.471 | 
     | datapath/MEMWB_memData_reg[25] | CK ^ -> QN v      | DFFR_X1 | 0.069 |   0.300 |    2.540 | 
     | datapath/g26524                | A v -> Z v        | MUX2_X1 | 0.081 |   0.382 |    2.621 | 
     | datapath/FE_DBTC19_n_28        | A v -> ZN ^       | INV_X2  | 0.079 |   0.460 |    2.700 | 
     |                                | dbg_wb_data[25] ^ |         | 0.000 |   0.460 |    2.700 | 
     +-------------------------------------------------------------------------------------------+ 
Path 19: MET Late External Delay Assertion 
Endpoint:   dbg_wb_data[24]                     (^) checked with  leading edge 
of 'clk'
Beginpoint: datapath/MEMWB_aluResult_reg[24]/QN (v) triggered by  leading edge 
of 'clk'
Path Groups: {clk}
Analysis View: RPT_TYP
Other End Arrival Time          0.000
- External Delay                1.200
+ Phase Shift                   4.000
+ CPPR Adjustment               0.000
- Uncertainty                   0.100
= Required Time                 2.700
- Arrival Time                  0.457
= Slack Time                    2.243
     Clock Rise Edge                 0.000
     + Clock Network Latency (Prop)  0.231
     = Beginpoint Arrival Time       0.231
     +---------------------------------------------------------------------------------------------+ 
     |             Instance             |        Arc        |  Cell   | Delay | Arrival | Required | 
     |                                  |                   |         |       |  Time   |   Time   | 
     |----------------------------------+-------------------+---------+-------+---------+----------| 
     | datapath/MEMWB_aluResult_reg[24] | CK ^              |         |       |   0.231 |    2.474 | 
     | datapath/MEMWB_aluResult_reg[24] | CK ^ -> QN v      | DFFR_X1 | 0.069 |   0.301 |    2.544 | 
     | datapath/g26549                  | B v -> Z v        | MUX2_X1 | 0.079 |   0.379 |    2.622 | 
     | datapath/FE_DBTC18_n_40          | A v -> ZN ^       | INV_X2  | 0.078 |   0.457 |    2.700 | 
     |                                  | dbg_wb_data[24] ^ |         | 0.000 |   0.457 |    2.700 | 
     +---------------------------------------------------------------------------------------------+ 
Path 20: MET Late External Delay Assertion 
Endpoint:   dbg_wb_data[12]                   (^) checked with  leading edge of 
'clk'
Beginpoint: datapath/MEMWB_memData_reg[12]/QN (v) triggered by  leading edge of 
'clk'
Path Groups: {clk}
Analysis View: RPT_TYP
Other End Arrival Time          0.000
- External Delay                1.200
+ Phase Shift                   4.000
+ CPPR Adjustment               0.000
- Uncertainty                   0.100
= Required Time                 2.700
- Arrival Time                  0.456
= Slack Time                    2.244
     Clock Rise Edge                 0.000
     + Clock Network Latency (Prop)  0.231
     = Beginpoint Arrival Time       0.231
     +-------------------------------------------------------------------------------------------+ 
     |            Instance            |        Arc        |  Cell   | Delay | Arrival | Required | 
     |                                |                   |         |       |  Time   |   Time   | 
     |--------------------------------+-------------------+---------+-------+---------+----------| 
     | datapath/MEMWB_memData_reg[12] | CK ^              |         |       |   0.231 |    2.475 | 
     | datapath/MEMWB_memData_reg[12] | CK ^ -> QN v      | DFFR_X1 | 0.070 |   0.301 |    2.545 | 
     | datapath/g26557                | A v -> Z v        | MUX2_X1 | 0.079 |   0.380 |    2.624 | 
     | datapath/g26538                | A v -> ZN ^       | INV_X2  | 0.076 |   0.456 |    2.700 | 
     |                                | dbg_wb_data[12] ^ |         | 0.000 |   0.456 |    2.700 | 
     +-------------------------------------------------------------------------------------------+ 
Path 21: MET Late External Delay Assertion 
Endpoint:   dbg_wb_data[18]                   (^) checked with  leading edge of 
'clk'
Beginpoint: datapath/MEMWB_memData_reg[18]/QN (v) triggered by  leading edge of 
'clk'
Path Groups: {clk}
Analysis View: RPT_TYP
Other End Arrival Time          0.000
- External Delay                1.200
+ Phase Shift                   4.000
+ CPPR Adjustment               0.000
- Uncertainty                   0.100
= Required Time                 2.700
- Arrival Time                  0.456
= Slack Time                    2.244
     Clock Rise Edge                 0.000
     + Clock Network Latency (Prop)  0.231
     = Beginpoint Arrival Time       0.231
     +-------------------------------------------------------------------------------------------+ 
     |            Instance            |        Arc        |  Cell   | Delay | Arrival | Required | 
     |                                |                   |         |       |  Time   |   Time   | 
     |--------------------------------+-------------------+---------+-------+---------+----------| 
     | datapath/MEMWB_memData_reg[18] | CK ^              |         |       |   0.231 |    2.475 | 
     | datapath/MEMWB_memData_reg[18] | CK ^ -> QN v      | DFFR_X1 | 0.070 |   0.301 |    2.545 | 
     | datapath/g26523                | A v -> Z v        | MUX2_X1 | 0.082 |   0.383 |    2.627 | 
     | datapath/FE_DBTC16_n_64        | A v -> ZN ^       | INV_X2  | 0.073 |   0.456 |    2.700 | 
     |                                | dbg_wb_data[18] ^ |         | 0.000 |   0.456 |    2.700 | 
     +-------------------------------------------------------------------------------------------+ 
Path 22: MET Late External Delay Assertion 
Endpoint:   dbg_wb_data[14]                     (^) checked with  leading edge 
of 'clk'
Beginpoint: datapath/MEMWB_aluResult_reg[14]/QN (v) triggered by  leading edge 
of 'clk'
Path Groups: {clk}
Analysis View: RPT_TYP
Other End Arrival Time          0.000
- External Delay                1.200
+ Phase Shift                   4.000
+ CPPR Adjustment               0.000
- Uncertainty                   0.100
= Required Time                 2.700
- Arrival Time                  0.456
= Slack Time                    2.244
     Clock Rise Edge                 0.000
     + Clock Network Latency (Prop)  0.231
     = Beginpoint Arrival Time       0.231
     +---------------------------------------------------------------------------------------------+ 
     |             Instance             |        Arc        |  Cell   | Delay | Arrival | Required | 
     |                                  |                   |         |       |  Time   |   Time   | 
     |----------------------------------+-------------------+---------+-------+---------+----------| 
     | datapath/MEMWB_aluResult_reg[14] | CK ^              |         |       |   0.231 |    2.476 | 
     | datapath/MEMWB_aluResult_reg[14] | CK ^ -> QN v      | DFFR_X1 | 0.071 |   0.302 |    2.546 | 
     | datapath/g26522                  | B v -> Z v        | MUX2_X1 | 0.080 |   0.381 |    2.626 | 
     | datapath/FE_DBTC14_n_37          | A v -> ZN ^       | INV_X2  | 0.074 |   0.456 |    2.700 | 
     |                                  | dbg_wb_data[14] ^ |         | 0.000 |   0.456 |    2.700 | 
     +---------------------------------------------------------------------------------------------+ 
Path 23: MET Late External Delay Assertion 
Endpoint:   dbg_wb_data[5]                     (^) checked with  leading edge 
of 'clk'
Beginpoint: datapath/MEMWB_aluResult_reg[5]/QN (v) triggered by  leading edge 
of 'clk'
Path Groups: {clk}
Analysis View: RPT_TYP
Other End Arrival Time          0.000
- External Delay                1.200
+ Phase Shift                   4.000
+ CPPR Adjustment               0.000
- Uncertainty                   0.100
= Required Time                 2.700
- Arrival Time                  0.454
= Slack Time                    2.247
     Clock Rise Edge                 0.000
     + Clock Network Latency (Prop)  0.229
     = Beginpoint Arrival Time       0.229
     +-------------------------------------------------------------------------------------------+ 
     |            Instance             |       Arc        |  Cell   | Delay | Arrival | Required | 
     |                                 |                  |         |       |  Time   |   Time   | 
     |---------------------------------+------------------+---------+-------+---------+----------| 
     | datapath/MEMWB_aluResult_reg[5] | CK ^             |         |       |   0.229 |    2.476 | 
     | datapath/MEMWB_aluResult_reg[5] | CK ^ -> QN v     | DFFR_X1 | 0.070 |   0.299 |    2.545 | 
     | datapath/g26521                 | B v -> Z v       | MUX2_X1 | 0.079 |   0.377 |    2.624 | 
     | datapath/g26502                 | A v -> ZN ^      | INV_X2  | 0.076 |   0.454 |    2.700 | 
     |                                 | dbg_wb_data[5] ^ |         | 0.000 |   0.454 |    2.700 | 
     +-------------------------------------------------------------------------------------------+ 
Path 24: MET Late External Delay Assertion 
Endpoint:   dbg_wb_data[1]                     (^) checked with  leading edge 
of 'clk'
Beginpoint: datapath/MEMWB_aluResult_reg[1]/QN (v) triggered by  leading edge 
of 'clk'
Path Groups: {clk}
Analysis View: RPT_TYP
Other End Arrival Time          0.000
- External Delay                1.200
+ Phase Shift                   4.000
+ CPPR Adjustment               0.000
- Uncertainty                   0.100
= Required Time                 2.700
- Arrival Time                  0.447
= Slack Time                    2.253
     Clock Rise Edge                 0.000
     + Clock Network Latency (Prop)  0.217
     = Beginpoint Arrival Time       0.217
     +--------------------------------------------------------------------------------------------+ 
     |            Instance             |       Arc        |   Cell   | Delay | Arrival | Required | 
     |                                 |                  |          |       |  Time   |   Time   | 
     |---------------------------------+------------------+----------+-------+---------+----------| 
     | datapath/MEMWB_aluResult_reg[1] | CK ^             |          |       |   0.217 |    2.470 | 
     | datapath/MEMWB_aluResult_reg[1] | CK ^ -> QN v     | DFFR_X1  | 0.072 |   0.289 |    2.542 | 
     | datapath/FE_RC_356_0            | A v -> ZN ^      | INV_X1   | 0.014 |   0.303 |    2.556 | 
     | datapath/FE_RC_355_0            | A2 ^ -> ZN v     | NAND2_X1 | 0.022 |   0.325 |    2.578 | 
     | datapath/FE_RC_354_0            | A v -> ZN ^      | OAI21_X4 | 0.032 |   0.357 |    2.610 | 
     | datapath/FE_OFC736_FE_RN_115_0  | A ^ -> ZN v      | INV_X1   | 0.019 |   0.376 |    2.629 | 
     | datapath/g26539                 | A v -> ZN ^      | INV_X2   | 0.071 |   0.447 |    2.700 | 
     |                                 | dbg_wb_data[1] ^ |          | 0.000 |   0.447 |    2.700 | 
     +--------------------------------------------------------------------------------------------+ 
Path 25: MET Late External Delay Assertion 
Endpoint:   dbg_wb_data[17]                  (^) checked with  leading edge of 
'clk'
Beginpoint: datapath/MEMWB_memData_reg[17]/Q (^) triggered by  leading edge of 
'clk'
Path Groups: {clk}
Analysis View: RPT_TYP
Other End Arrival Time          0.000
- External Delay                1.200
+ Phase Shift                   4.000
+ CPPR Adjustment               0.000
- Uncertainty                   0.100
= Required Time                 2.700
- Arrival Time                  0.442
= Slack Time                    2.258
     Clock Rise Edge                 0.000
     + Clock Network Latency (Prop)  0.230
     = Beginpoint Arrival Time       0.230
     +-------------------------------------------------------------------------------------------+ 
     |            Instance            |        Arc        |  Cell   | Delay | Arrival | Required | 
     |                                |                   |         |       |  Time   |   Time   | 
     |--------------------------------+-------------------+---------+-------+---------+----------| 
     | datapath/MEMWB_memData_reg[17] | CK ^              |         |       |   0.230 |    2.487 | 
     | datapath/MEMWB_memData_reg[17] | CK ^ -> Q ^       | DFFR_X1 | 0.107 |   0.337 |    2.594 | 
     | datapath/g26550                | A ^ -> Z ^        | MUX2_X2 | 0.106 |   0.443 |    2.700 | 
     |                                | dbg_wb_data[17] ^ |         | 0.000 |   0.442 |    2.700 | 
     +-------------------------------------------------------------------------------------------+ 
Path 26: MET Late External Delay Assertion 
Endpoint:   dbg_wb_data[20]                  (^) checked with  leading edge of 
'clk'
Beginpoint: datapath/MEMWB_memData_reg[20]/Q (^) triggered by  leading edge of 
'clk'
Path Groups: {clk}
Analysis View: RPT_TYP
Other End Arrival Time          0.000
- External Delay                1.200
+ Phase Shift                   4.000
+ CPPR Adjustment               0.000
- Uncertainty                   0.100
= Required Time                 2.700
- Arrival Time                  0.438
= Slack Time                    2.262
     Clock Rise Edge                 0.000
     + Clock Network Latency (Prop)  0.232
     = Beginpoint Arrival Time       0.232
     +-------------------------------------------------------------------------------------------+ 
     |            Instance            |        Arc        |  Cell   | Delay | Arrival | Required | 
     |                                |                   |         |       |  Time   |   Time   | 
     |--------------------------------+-------------------+---------+-------+---------+----------| 
     | datapath/MEMWB_memData_reg[20] | CK ^              |         |       |   0.232 |    2.493 | 
     | datapath/MEMWB_memData_reg[20] | CK ^ -> Q ^       | DFFR_X1 | 0.108 |   0.339 |    2.601 | 
     | datapath/g26559                | A ^ -> Z ^        | MUX2_X2 | 0.099 |   0.438 |    2.700 | 
     |                                | dbg_wb_data[20] ^ |         | 0.000 |   0.438 |    2.700 | 
     +-------------------------------------------------------------------------------------------+ 
Path 27: MET Late External Delay Assertion 
Endpoint:   dbg_wb_data[21]                  (^) checked with  leading edge of 
'clk'
Beginpoint: datapath/MEMWB_memData_reg[21]/Q (^) triggered by  leading edge of 
'clk'
Path Groups: {clk}
Analysis View: RPT_TYP
Other End Arrival Time          0.000
- External Delay                1.200
+ Phase Shift                   4.000
+ CPPR Adjustment               0.000
- Uncertainty                   0.100
= Required Time                 2.700
- Arrival Time                  0.437
= Slack Time                    2.263
     Clock Rise Edge                 0.000
     + Clock Network Latency (Prop)  0.230
     = Beginpoint Arrival Time       0.230
     +-------------------------------------------------------------------------------------------+ 
     |            Instance            |        Arc        |  Cell   | Delay | Arrival | Required | 
     |                                |                   |         |       |  Time   |   Time   | 
     |--------------------------------+-------------------+---------+-------+---------+----------| 
     | datapath/MEMWB_memData_reg[21] | CK ^              |         |       |   0.230 |    2.493 | 
     | datapath/MEMWB_memData_reg[21] | CK ^ -> Q ^       | DFFR_X1 | 0.107 |   0.337 |    2.600 | 
     | datapath/g26547                | A ^ -> Z ^        | MUX2_X2 | 0.100 |   0.437 |    2.700 | 
     |                                | dbg_wb_data[21] ^ |         | 0.000 |   0.437 |    2.700 | 
     +-------------------------------------------------------------------------------------------+ 
Path 28: MET Late External Delay Assertion 
Endpoint:   dbg_wb_data[16]                  (^) checked with  leading edge of 
'clk'
Beginpoint: datapath/MEMWB_memData_reg[16]/Q (^) triggered by  leading edge of 
'clk'
Path Groups: {clk}
Analysis View: RPT_TYP
Other End Arrival Time          0.000
- External Delay                1.200
+ Phase Shift                   4.000
+ CPPR Adjustment               0.000
- Uncertainty                   0.100
= Required Time                 2.700
- Arrival Time                  0.437
= Slack Time                    2.263
     Clock Rise Edge                 0.000
     + Clock Network Latency (Prop)  0.232
     = Beginpoint Arrival Time       0.232
     +-------------------------------------------------------------------------------------------+ 
     |            Instance            |        Arc        |  Cell   | Delay | Arrival | Required | 
     |                                |                   |         |       |  Time   |   Time   | 
     |--------------------------------+-------------------+---------+-------+---------+----------| 
     | datapath/MEMWB_memData_reg[16] | CK ^              |         |       |   0.232 |    2.495 | 
     | datapath/MEMWB_memData_reg[16] | CK ^ -> Q ^       | DFFR_X1 | 0.106 |   0.338 |    2.601 | 
     | datapath/g26551                | A ^ -> Z ^        | MUX2_X2 | 0.099 |   0.437 |    2.700 | 
     |                                | dbg_wb_data[16] ^ |         | 0.000 |   0.437 |    2.700 | 
     +-------------------------------------------------------------------------------------------+ 
Path 29: MET Late External Delay Assertion 
Endpoint:   dbg_wb_data[23]                  (^) checked with  leading edge of 
'clk'
Beginpoint: datapath/MEMWB_memData_reg[23]/Q (^) triggered by  leading edge of 
'clk'
Path Groups: {clk}
Analysis View: RPT_TYP
Other End Arrival Time          0.000
- External Delay                1.200
+ Phase Shift                   4.000
+ CPPR Adjustment               0.000
- Uncertainty                   0.100
= Required Time                 2.700
- Arrival Time                  0.436
= Slack Time                    2.264
     Clock Rise Edge                 0.000
     + Clock Network Latency (Prop)  0.232
     = Beginpoint Arrival Time       0.232
     +-------------------------------------------------------------------------------------------+ 
     |            Instance            |        Arc        |  Cell   | Delay | Arrival | Required | 
     |                                |                   |         |       |  Time   |   Time   | 
     |--------------------------------+-------------------+---------+-------+---------+----------| 
     | datapath/MEMWB_memData_reg[23] | CK ^              |         |       |   0.232 |    2.496 | 
     | datapath/MEMWB_memData_reg[23] | CK ^ -> Q ^       | DFFR_X1 | 0.106 |   0.338 |    2.602 | 
     | datapath/g26553                | A ^ -> Z ^        | MUX2_X2 | 0.098 |   0.436 |    2.700 | 
     |                                | dbg_wb_data[23] ^ |         | 0.000 |   0.436 |    2.700 | 
     +-------------------------------------------------------------------------------------------+ 
Path 30: MET Late External Delay Assertion 
Endpoint:   dbg_wb_data[2]                     (^) checked with  leading edge 
of 'clk'
Beginpoint: datapath/MEMWB_aluResult_reg[2]/QN (v) triggered by  leading edge 
of 'clk'
Path Groups: {clk}
Analysis View: RPT_TYP
Other End Arrival Time          0.000
- External Delay                1.200
+ Phase Shift                   4.000
+ CPPR Adjustment               0.000
- Uncertainty                   0.100
= Required Time                 2.700
- Arrival Time                  0.435
= Slack Time                    2.265
     Clock Rise Edge                 0.000
     + Clock Network Latency (Prop)  0.233
     = Beginpoint Arrival Time       0.233
     +--------------------------------------------------------------------------------------------+ 
     |            Instance             |       Arc        |   Cell   | Delay | Arrival | Required | 
     |                                 |                  |          |       |  Time   |   Time   | 
     |---------------------------------+------------------+----------+-------+---------+----------| 
     | datapath/MEMWB_aluResult_reg[2] | CK ^             |          |       |   0.233 |    2.497 | 
     | datapath/MEMWB_aluResult_reg[2] | CK ^ -> QN v     | DFFR_X1  | 0.070 |   0.303 |    2.568 | 
     | datapath/FE_RC_583_0            | A1 v -> ZN ^     | AOI22_X1 | 0.034 |   0.337 |    2.602 | 
     | datapath/FE_RC_439_0            | A ^ -> ZN v      | INV_X1   | 0.025 |   0.363 |    2.627 | 
     | datapath/g26529                 | A v -> ZN ^      | INV_X2   | 0.073 |   0.435 |    2.700 | 
     |                                 | dbg_wb_data[2] ^ |          | 0.000 |   0.435 |    2.700 | 
     +--------------------------------------------------------------------------------------------+ 
Path 31: MET Late External Delay Assertion 
Endpoint:   dbg_wb_data[22]                  (^) checked with  leading edge of 
'clk'
Beginpoint: datapath/MEMWB_memData_reg[22]/Q (^) triggered by  leading edge of 
'clk'
Path Groups: {clk}
Analysis View: RPT_TYP
Other End Arrival Time          0.000
- External Delay                1.200
+ Phase Shift                   4.000
+ CPPR Adjustment               0.000
- Uncertainty                   0.100
= Required Time                 2.700
- Arrival Time                  0.434
= Slack Time                    2.266
     Clock Rise Edge                 0.000
     + Clock Network Latency (Prop)  0.231
     = Beginpoint Arrival Time       0.231
     +-------------------------------------------------------------------------------------------+ 
     |            Instance            |        Arc        |  Cell   | Delay | Arrival | Required | 
     |                                |                   |         |       |  Time   |   Time   | 
     |--------------------------------+-------------------+---------+-------+---------+----------| 
     | datapath/MEMWB_memData_reg[22] | CK ^              |         |       |   0.231 |    2.496 | 
     | datapath/MEMWB_memData_reg[22] | CK ^ -> Q ^       | DFFR_X1 | 0.106 |   0.337 |    2.603 | 
     | datapath/g26555                | A ^ -> Z ^        | MUX2_X2 | 0.097 |   0.434 |    2.700 | 
     |                                | dbg_wb_data[22] ^ |         | 0.000 |   0.434 |    2.700 | 
     +-------------------------------------------------------------------------------------------+ 
Path 32: MET Late External Delay Assertion 
Endpoint:   dbg_wb_data[0]                    (^) checked with  leading edge of 
'clk'
Beginpoint: datapath/MEMWB_aluResult_reg[0]/Q (^) triggered by  leading edge of 
'clk'
Path Groups: {clk}
Analysis View: RPT_TYP
Other End Arrival Time          0.000
- External Delay                1.200
+ Phase Shift                   4.000
+ CPPR Adjustment               0.000
- Uncertainty                   0.100
= Required Time                 2.700
- Arrival Time                  0.406
= Slack Time                    2.294
     Clock Rise Edge                 0.000
     + Clock Network Latency (Prop)  0.165
     = Beginpoint Arrival Time       0.165
     +---------------------------------------------------------------------------------------------+ 
     |            Instance             |       Arc        |   Cell    | Delay | Arrival | Required | 
     |                                 |                  |           |       |  Time   |   Time   | 
     |---------------------------------+------------------+-----------+-------+---------+----------| 
     | datapath/MEMWB_aluResult_reg[0] | CK ^             |           |       |   0.165 |    2.459 | 
     | datapath/MEMWB_aluResult_reg[0] | CK ^ -> Q ^      | DFFR_X1   | 0.105 |   0.270 |    2.564 | 
     | datapath/FE_RC_372_0            | B2 ^ -> ZN v     | AOI22_X1  | 0.021 |   0.290 |    2.584 | 
     | datapath/FE_OFC639_FE_RN_101_0  | A v -> ZN ^      | INV_X1    | 0.038 |   0.329 |    2.623 | 
     | datapath/FE_OFC640_FE_RN_101_0  | A ^ -> Z ^       | CLKBUF_X3 | 0.077 |   0.406 |    2.700 | 
     |                                 | dbg_wb_data[0] ^ |           | 0.000 |   0.406 |    2.700 | 
     +---------------------------------------------------------------------------------------------+ 
Path 33: MET Late External Delay Assertion 
Endpoint:   dmem_addr[0]                      (^) checked with  leading edge of 
'clk'
Beginpoint: datapath/EXMEM_aluResult_reg[0]/Q (^) triggered by  leading edge of 
'clk'
Path Groups: {clk}
Analysis View: RPT_TYP
Other End Arrival Time          0.000
- External Delay                1.200
+ Phase Shift                   4.000
+ CPPR Adjustment               0.000
- Uncertainty                   0.100
= Required Time                 2.700
- Arrival Time                  0.402
= Slack Time                    2.298
     Clock Rise Edge                 0.000
     + Clock Network Latency (Prop)  0.268
     = Beginpoint Arrival Time       0.268
     +-----------------------------------------------------------------------------------------+ 
     |            Instance             |      Arc       |  Cell   | Delay | Arrival | Required | 
     |                                 |                |         |       |  Time   |   Time   | 
     |---------------------------------+----------------+---------+-------+---------+----------| 
     | datapath/EXMEM_aluResult_reg[0] | CK ^           |         |       |   0.267 |    2.566 | 
     | datapath/EXMEM_aluResult_reg[0] | CK ^ -> Q ^    | DFFR_X1 | 0.134 |   0.402 |    2.700 | 
     |                                 | dmem_addr[0] ^ |         | 0.000 |   0.402 |    2.700 | 
     +-----------------------------------------------------------------------------------------+ 
Path 34: MET Late External Delay Assertion 
Endpoint:   dmem_addr[31]                      (^) checked with  leading edge 
of 'clk'
Beginpoint: datapath/EXMEM_aluResult_reg[31]/Q (^) triggered by  leading edge 
of 'clk'
Path Groups: {clk}
Analysis View: RPT_TYP
Other End Arrival Time          0.000
- External Delay                1.200
+ Phase Shift                   4.000
+ CPPR Adjustment               0.000
- Uncertainty                   0.100
= Required Time                 2.700
- Arrival Time                  0.372
= Slack Time                    2.328
     Clock Rise Edge                 0.000
     + Clock Network Latency (Prop)  0.229
     = Beginpoint Arrival Time       0.229
     +-------------------------------------------------------------------------------------------+ 
     |             Instance             |       Arc       |  Cell   | Delay | Arrival | Required | 
     |                                  |                 |         |       |  Time   |   Time   | 
     |----------------------------------+-----------------+---------+-------+---------+----------| 
     | datapath/EXMEM_aluResult_reg[31] | CK ^            |         |       |   0.229 |    2.558 | 
     | datapath/EXMEM_aluResult_reg[31] | CK ^ -> Q ^     | DFFR_X2 | 0.142 |   0.372 |    2.700 | 
     |                                  | dmem_addr[31] ^ |         | 0.000 |   0.372 |    2.700 | 
     +-------------------------------------------------------------------------------------------+ 
Path 35: MET Late External Delay Assertion 
Endpoint:   dbg_pc[25]               (^) checked with  leading edge of 'clk'
Beginpoint: datapath/IF_pc_reg[25]/Q (^) triggered by  leading edge of 'clk'
Path Groups: {clk}
Analysis View: RPT_TYP
Other End Arrival Time          0.000
- External Delay                1.200
+ Phase Shift                   4.000
+ CPPR Adjustment               0.000
- Uncertainty                   0.100
= Required Time                 2.700
- Arrival Time                  0.366
= Slack Time                    2.334
     Clock Rise Edge                 0.000
     + Clock Network Latency (Prop)  0.230
     = Beginpoint Arrival Time       0.230
     +--------------------------------------------------------------------------------+ 
     |        Instance        |     Arc      |   Cell    | Delay | Arrival | Required | 
     |                        |              |           |       |  Time   |   Time   | 
     |------------------------+--------------+-----------+-------+---------+----------| 
     | datapath/IF_pc_reg[25] | CK ^         |           |       |   0.230 |    2.564 | 
     | datapath/IF_pc_reg[25] | CK ^ -> Q ^  | SDFFRS_X1 | 0.136 |   0.366 |    2.700 | 
     |                        | dbg_pc[25] ^ |           | 0.000 |   0.366 |    2.700 | 
     +--------------------------------------------------------------------------------+ 
Path 36: MET Late External Delay Assertion 
Endpoint:   imem_addr[25]            (^) checked with  leading edge of 'clk'
Beginpoint: datapath/IF_pc_reg[25]/Q (^) triggered by  leading edge of 'clk'
Path Groups: {clk}
Analysis View: RPT_TYP
Other End Arrival Time          0.000
- External Delay                1.200
+ Phase Shift                   4.000
+ CPPR Adjustment               0.000
- Uncertainty                   0.100
= Required Time                 2.700
- Arrival Time                  0.366
= Slack Time                    2.334
     Clock Rise Edge                 0.000
     + Clock Network Latency (Prop)  0.230
     = Beginpoint Arrival Time       0.230
     +-----------------------------------------------------------------------------------+ 
     |        Instance        |       Arc       |   Cell    | Delay | Arrival | Required | 
     |                        |                 |           |       |  Time   |   Time   | 
     |------------------------+-----------------+-----------+-------+---------+----------| 
     | datapath/IF_pc_reg[25] | CK ^            |           |       |   0.230 |    2.564 | 
     | datapath/IF_pc_reg[25] | CK ^ -> Q ^     | SDFFRS_X1 | 0.136 |   0.366 |    2.700 | 
     |                        | imem_addr[25] ^ |           | 0.000 |   0.366 |    2.700 | 
     +-----------------------------------------------------------------------------------+ 
Path 37: MET Late External Delay Assertion 
Endpoint:   dmem_addr[2]                      (^) checked with  leading edge of 
'clk'
Beginpoint: datapath/EXMEM_aluResult_reg[2]/Q (^) triggered by  leading edge of 
'clk'
Path Groups: {clk}
Analysis View: RPT_TYP
Other End Arrival Time          0.000
- External Delay                1.200
+ Phase Shift                   4.000
+ CPPR Adjustment               0.000
- Uncertainty                   0.100
= Required Time                 2.700
- Arrival Time                  0.364
= Slack Time                    2.336
     Clock Rise Edge                 0.000
     + Clock Network Latency (Prop)  0.233
     = Beginpoint Arrival Time       0.233
     +-----------------------------------------------------------------------------------------+ 
     |            Instance             |      Arc       |  Cell   | Delay | Arrival | Required | 
     |                                 |                |         |       |  Time   |   Time   | 
     |---------------------------------+----------------+---------+-------+---------+----------| 
     | datapath/EXMEM_aluResult_reg[2] | CK ^           |         |       |   0.233 |    2.569 | 
     | datapath/EXMEM_aluResult_reg[2] | CK ^ -> Q ^    | DFFR_X1 | 0.131 |   0.364 |    2.700 | 
     |                                 | dmem_addr[2] ^ |         | 0.000 |   0.364 |    2.700 | 
     +-----------------------------------------------------------------------------------------+ 
Path 38: MET Late External Delay Assertion 
Endpoint:   dmem_addr[27]                      (^) checked with  leading edge 
of 'clk'
Beginpoint: datapath/EXMEM_aluResult_reg[27]/Q (^) triggered by  leading edge 
of 'clk'
Path Groups: {clk}
Analysis View: RPT_TYP
Other End Arrival Time          0.000
- External Delay                1.200
+ Phase Shift                   4.000
+ CPPR Adjustment               0.000
- Uncertainty                   0.100
= Required Time                 2.700
- Arrival Time                  0.363
= Slack Time                    2.337
     Clock Rise Edge                 0.000
     + Clock Network Latency (Prop)  0.231
     = Beginpoint Arrival Time       0.231
     +-------------------------------------------------------------------------------------------+ 
     |             Instance             |       Arc       |  Cell   | Delay | Arrival | Required | 
     |                                  |                 |         |       |  Time   |   Time   | 
     |----------------------------------+-----------------+---------+-------+---------+----------| 
     | datapath/EXMEM_aluResult_reg[27] | CK ^            |         |       |   0.231 |    2.568 | 
     | datapath/EXMEM_aluResult_reg[27] | CK ^ -> Q ^     | DFFR_X1 | 0.132 |   0.363 |    2.700 | 
     |                                  | dmem_addr[27] ^ |         | 0.000 |   0.363 |    2.700 | 
     +-------------------------------------------------------------------------------------------+ 
Path 39: MET Late External Delay Assertion 
Endpoint:   dmem_addr[29]                      (^) checked with  leading edge 
of 'clk'
Beginpoint: datapath/EXMEM_aluResult_reg[29]/Q (^) triggered by  leading edge 
of 'clk'
Path Groups: {clk}
Analysis View: RPT_TYP
Other End Arrival Time          0.000
- External Delay                1.200
+ Phase Shift                   4.000
+ CPPR Adjustment               0.000
- Uncertainty                   0.100
= Required Time                 2.700
- Arrival Time                  0.359
= Slack Time                    2.341
     Clock Rise Edge                 0.000
     + Clock Network Latency (Prop)  0.231
     = Beginpoint Arrival Time       0.231
     +-------------------------------------------------------------------------------------------+ 
     |             Instance             |       Arc       |  Cell   | Delay | Arrival | Required | 
     |                                  |                 |         |       |  Time   |   Time   | 
     |----------------------------------+-----------------+---------+-------+---------+----------| 
     | datapath/EXMEM_aluResult_reg[29] | CK ^            |         |       |   0.231 |    2.572 | 
     | datapath/EXMEM_aluResult_reg[29] | CK ^ -> Q ^     | DFFR_X1 | 0.128 |   0.359 |    2.700 | 
     |                                  | dmem_addr[29] ^ |         | 0.000 |   0.359 |    2.700 | 
     +-------------------------------------------------------------------------------------------+ 
Path 40: MET Late External Delay Assertion 
Endpoint:   dmem_addr[30]                      (^) checked with  leading edge 
of 'clk'
Beginpoint: datapath/EXMEM_aluResult_reg[30]/Q (^) triggered by  leading edge 
of 'clk'
Path Groups: {clk}
Analysis View: RPT_TYP
Other End Arrival Time          0.000
- External Delay                1.200
+ Phase Shift                   4.000
+ CPPR Adjustment               0.000
- Uncertainty                   0.100
= Required Time                 2.700
- Arrival Time                  0.358
= Slack Time                    2.342
     Clock Rise Edge                 0.000
     + Clock Network Latency (Prop)  0.231
     = Beginpoint Arrival Time       0.231
     +-------------------------------------------------------------------------------------------+ 
     |             Instance             |       Arc       |  Cell   | Delay | Arrival | Required | 
     |                                  |                 |         |       |  Time   |   Time   | 
     |----------------------------------+-----------------+---------+-------+---------+----------| 
     | datapath/EXMEM_aluResult_reg[30] | CK ^            |         |       |   0.231 |    2.573 | 
     | datapath/EXMEM_aluResult_reg[30] | CK ^ -> Q ^     | DFFR_X1 | 0.127 |   0.358 |    2.700 | 
     |                                  | dmem_addr[30] ^ |         | 0.000 |   0.358 |    2.700 | 
     +-------------------------------------------------------------------------------------------+ 
Path 41: MET Late External Delay Assertion 
Endpoint:   dmem_addr[3]                      (^) checked with  leading edge of 
'clk'
Beginpoint: datapath/EXMEM_aluResult_reg[3]/Q (^) triggered by  leading edge of 
'clk'
Path Groups: {clk}
Analysis View: RPT_TYP
Other End Arrival Time          0.000
- External Delay                1.200
+ Phase Shift                   4.000
+ CPPR Adjustment               0.000
- Uncertainty                   0.100
= Required Time                 2.700
- Arrival Time                  0.357
= Slack Time                    2.343
     Clock Rise Edge                 0.000
     + Clock Network Latency (Prop)  0.229
     = Beginpoint Arrival Time       0.229
     +-----------------------------------------------------------------------------------------+ 
     |            Instance             |      Arc       |  Cell   | Delay | Arrival | Required | 
     |                                 |                |         |       |  Time   |   Time   | 
     |---------------------------------+----------------+---------+-------+---------+----------| 
     | datapath/EXMEM_aluResult_reg[3] | CK ^           |         |       |   0.229 |    2.572 | 
     | datapath/EXMEM_aluResult_reg[3] | CK ^ -> Q ^    | DFFR_X1 | 0.128 |   0.357 |    2.700 | 
     |                                 | dmem_addr[3] ^ |         | 0.000 |   0.357 |    2.700 | 
     +-----------------------------------------------------------------------------------------+ 
Path 42: MET Late External Delay Assertion 
Endpoint:   dmem_addr[28]                      (^) checked with  leading edge 
of 'clk'
Beginpoint: datapath/EXMEM_aluResult_reg[28]/Q (^) triggered by  leading edge 
of 'clk'
Path Groups: {clk}
Analysis View: RPT_TYP
Other End Arrival Time          0.000
- External Delay                1.200
+ Phase Shift                   4.000
+ CPPR Adjustment               0.000
- Uncertainty                   0.100
= Required Time                 2.700
- Arrival Time                  0.357
= Slack Time                    2.343
     Clock Rise Edge                 0.000
     + Clock Network Latency (Prop)  0.231
     = Beginpoint Arrival Time       0.231
     +-------------------------------------------------------------------------------------------+ 
     |             Instance             |       Arc       |  Cell   | Delay | Arrival | Required | 
     |                                  |                 |         |       |  Time   |   Time   | 
     |----------------------------------+-----------------+---------+-------+---------+----------| 
     | datapath/EXMEM_aluResult_reg[28] | CK ^            |         |       |   0.231 |    2.574 | 
     | datapath/EXMEM_aluResult_reg[28] | CK ^ -> Q ^     | DFFR_X1 | 0.126 |   0.357 |    2.700 | 
     |                                  | dmem_addr[28] ^ |         | 0.000 |   0.357 |    2.700 | 
     +-------------------------------------------------------------------------------------------+ 
Path 43: MET Late External Delay Assertion 
Endpoint:   dmem_addr[26]                      (^) checked with  leading edge 
of 'clk'
Beginpoint: datapath/EXMEM_aluResult_reg[26]/Q (^) triggered by  leading edge 
of 'clk'
Path Groups: {clk}
Analysis View: RPT_TYP
Other End Arrival Time          0.000
- External Delay                1.200
+ Phase Shift                   4.000
+ CPPR Adjustment               0.000
- Uncertainty                   0.100
= Required Time                 2.700
- Arrival Time                  0.355
= Slack Time                    2.345
     Clock Rise Edge                 0.000
     + Clock Network Latency (Prop)  0.229
     = Beginpoint Arrival Time       0.229
     +-------------------------------------------------------------------------------------------+ 
     |             Instance             |       Arc       |  Cell   | Delay | Arrival | Required | 
     |                                  |                 |         |       |  Time   |   Time   | 
     |----------------------------------+-----------------+---------+-------+---------+----------| 
     | datapath/EXMEM_aluResult_reg[26] | CK ^            |         |       |   0.229 |    2.574 | 
     | datapath/EXMEM_aluResult_reg[26] | CK ^ -> Q ^     | DFFR_X1 | 0.126 |   0.355 |    2.700 | 
     |                                  | dmem_addr[26] ^ |         | 0.000 |   0.355 |    2.700 | 
     +-------------------------------------------------------------------------------------------+ 
Path 44: MET Late External Delay Assertion 
Endpoint:   dmem_addr[17]                      (^) checked with  leading edge 
of 'clk'
Beginpoint: datapath/EXMEM_aluResult_reg[17]/Q (^) triggered by  leading edge 
of 'clk'
Path Groups: {clk}
Analysis View: RPT_TYP
Other End Arrival Time          0.000
- External Delay                1.200
+ Phase Shift                   4.000
+ CPPR Adjustment               0.000
- Uncertainty                   0.100
= Required Time                 2.700
- Arrival Time                  0.354
= Slack Time                    2.346
     Clock Rise Edge                 0.000
     + Clock Network Latency (Prop)  0.231
     = Beginpoint Arrival Time       0.231
     +-------------------------------------------------------------------------------------------+ 
     |             Instance             |       Arc       |  Cell   | Delay | Arrival | Required | 
     |                                  |                 |         |       |  Time   |   Time   | 
     |----------------------------------+-----------------+---------+-------+---------+----------| 
     | datapath/EXMEM_aluResult_reg[17] | CK ^            |         |       |   0.231 |    2.577 | 
     | datapath/EXMEM_aluResult_reg[17] | CK ^ -> Q ^     | DFFR_X1 | 0.123 |   0.354 |    2.700 | 
     |                                  | dmem_addr[17] ^ |         | 0.000 |   0.354 |    2.700 | 
     +-------------------------------------------------------------------------------------------+ 
Path 45: MET Late External Delay Assertion 
Endpoint:   dbg_pc[28]               (^) checked with  leading edge of 'clk'
Beginpoint: datapath/IF_pc_reg[28]/Q (^) triggered by  leading edge of 'clk'
Path Groups: {clk}
Analysis View: RPT_TYP
Other End Arrival Time          0.000
- External Delay                1.200
+ Phase Shift                   4.000
+ CPPR Adjustment               0.000
- Uncertainty                   0.100
= Required Time                 2.700
- Arrival Time                  0.352
= Slack Time                    2.348
     Clock Rise Edge                 0.000
     + Clock Network Latency (Prop)  0.230
     = Beginpoint Arrival Time       0.230
     +------------------------------------------------------------------------------+ 
     |        Instance        |     Arc      |  Cell   | Delay | Arrival | Required | 
     |                        |              |         |       |  Time   |   Time   | 
     |------------------------+--------------+---------+-------+---------+----------| 
     | datapath/IF_pc_reg[28] | CK ^         |         |       |   0.230 |    2.579 | 
     | datapath/IF_pc_reg[28] | CK ^ -> Q ^  | DFFR_X1 | 0.121 |   0.352 |    2.700 | 
     |                        | dbg_pc[28] ^ |         | 0.000 |   0.352 |    2.700 | 
     +------------------------------------------------------------------------------+ 
Path 46: MET Late External Delay Assertion 
Endpoint:   imem_addr[28]            (^) checked with  leading edge of 'clk'
Beginpoint: datapath/IF_pc_reg[28]/Q (^) triggered by  leading edge of 'clk'
Path Groups: {clk}
Analysis View: RPT_TYP
Other End Arrival Time          0.000
- External Delay                1.200
+ Phase Shift                   4.000
+ CPPR Adjustment               0.000
- Uncertainty                   0.100
= Required Time                 2.700
- Arrival Time                  0.352
= Slack Time                    2.348
     Clock Rise Edge                 0.000
     + Clock Network Latency (Prop)  0.230
     = Beginpoint Arrival Time       0.230
     +---------------------------------------------------------------------------------+ 
     |        Instance        |       Arc       |  Cell   | Delay | Arrival | Required | 
     |                        |                 |         |       |  Time   |   Time   | 
     |------------------------+-----------------+---------+-------+---------+----------| 
     | datapath/IF_pc_reg[28] | CK ^            |         |       |   0.230 |    2.579 | 
     | datapath/IF_pc_reg[28] | CK ^ -> Q ^     | DFFR_X1 | 0.121 |   0.352 |    2.700 | 
     |                        | imem_addr[28] ^ |         | 0.000 |   0.352 |    2.700 | 
     +---------------------------------------------------------------------------------+ 
Path 47: MET Late External Delay Assertion 
Endpoint:   dbg_pc[30]               (^) checked with  leading edge of 'clk'
Beginpoint: datapath/IF_pc_reg[30]/Q (^) triggered by  leading edge of 'clk'
Path Groups: {clk}
Analysis View: RPT_TYP
Other End Arrival Time          0.000
- External Delay                1.200
+ Phase Shift                   4.000
+ CPPR Adjustment               0.000
- Uncertainty                   0.100
= Required Time                 2.700
- Arrival Time                  0.351
= Slack Time                    2.349
     Clock Rise Edge                 0.000
     + Clock Network Latency (Prop)  0.231
     = Beginpoint Arrival Time       0.231
     +------------------------------------------------------------------------------+ 
     |        Instance        |     Arc      |  Cell   | Delay | Arrival | Required | 
     |                        |              |         |       |  Time   |   Time   | 
     |------------------------+--------------+---------+-------+---------+----------| 
     | datapath/IF_pc_reg[30] | CK ^         |         |       |   0.231 |    2.579 | 
     | datapath/IF_pc_reg[30] | CK ^ -> Q ^  | DFFR_X1 | 0.120 |   0.351 |    2.700 | 
     |                        | dbg_pc[30] ^ |         | 0.000 |   0.351 |    2.700 | 
     +------------------------------------------------------------------------------+ 
Path 48: MET Late External Delay Assertion 
Endpoint:   imem_addr[30]            (^) checked with  leading edge of 'clk'
Beginpoint: datapath/IF_pc_reg[30]/Q (^) triggered by  leading edge of 'clk'
Path Groups: {clk}
Analysis View: RPT_TYP
Other End Arrival Time          0.000
- External Delay                1.200
+ Phase Shift                   4.000
+ CPPR Adjustment               0.000
- Uncertainty                   0.100
= Required Time                 2.700
- Arrival Time                  0.351
= Slack Time                    2.349
     Clock Rise Edge                 0.000
     + Clock Network Latency (Prop)  0.231
     = Beginpoint Arrival Time       0.231
     +---------------------------------------------------------------------------------+ 
     |        Instance        |       Arc       |  Cell   | Delay | Arrival | Required | 
     |                        |                 |         |       |  Time   |   Time   | 
     |------------------------+-----------------+---------+-------+---------+----------| 
     | datapath/IF_pc_reg[30] | CK ^            |         |       |   0.231 |    2.579 | 
     | datapath/IF_pc_reg[30] | CK ^ -> Q ^     | DFFR_X1 | 0.120 |   0.351 |    2.700 | 
     |                        | imem_addr[30] ^ |         | 0.000 |   0.351 |    2.700 | 
     +---------------------------------------------------------------------------------+ 
Path 49: MET Late External Delay Assertion 
Endpoint:   dbg_pc[27]               (^) checked with  leading edge of 'clk'
Beginpoint: datapath/IF_pc_reg[27]/Q (^) triggered by  leading edge of 'clk'
Path Groups: {clk}
Analysis View: RPT_TYP
Other End Arrival Time          0.000
- External Delay                1.200
+ Phase Shift                   4.000
+ CPPR Adjustment               0.000
- Uncertainty                   0.100
= Required Time                 2.700
- Arrival Time                  0.351
= Slack Time                    2.349
     Clock Rise Edge                 0.000
     + Clock Network Latency (Prop)  0.231
     = Beginpoint Arrival Time       0.231
     +------------------------------------------------------------------------------+ 
     |        Instance        |     Arc      |  Cell   | Delay | Arrival | Required | 
     |                        |              |         |       |  Time   |   Time   | 
     |------------------------+--------------+---------+-------+---------+----------| 
     | datapath/IF_pc_reg[27] | CK ^         |         |       |   0.231 |    2.580 | 
     | datapath/IF_pc_reg[27] | CK ^ -> Q ^  | DFFR_X1 | 0.120 |   0.351 |    2.700 | 
     |                        | dbg_pc[27] ^ |         | 0.000 |   0.351 |    2.700 | 
     +------------------------------------------------------------------------------+ 
Path 50: MET Late External Delay Assertion 
Endpoint:   imem_addr[27]            (^) checked with  leading edge of 'clk'
Beginpoint: datapath/IF_pc_reg[27]/Q (^) triggered by  leading edge of 'clk'
Path Groups: {clk}
Analysis View: RPT_TYP
Other End Arrival Time          0.000
- External Delay                1.200
+ Phase Shift                   4.000
+ CPPR Adjustment               0.000
- Uncertainty                   0.100
= Required Time                 2.700
- Arrival Time                  0.351
= Slack Time                    2.349
     Clock Rise Edge                 0.000
     + Clock Network Latency (Prop)  0.231
     = Beginpoint Arrival Time       0.231
     +---------------------------------------------------------------------------------+ 
     |        Instance        |       Arc       |  Cell   | Delay | Arrival | Required | 
     |                        |                 |         |       |  Time   |   Time   | 
     |------------------------+-----------------+---------+-------+---------+----------| 
     | datapath/IF_pc_reg[27] | CK ^            |         |       |   0.231 |    2.580 | 
     | datapath/IF_pc_reg[27] | CK ^ -> Q ^     | DFFR_X1 | 0.120 |   0.351 |    2.700 | 
     |                        | imem_addr[27] ^ |         | 0.000 |   0.351 |    2.700 | 
     +---------------------------------------------------------------------------------+ 

