###############################################################
#  Generated by:      Cadence Innovus 23.12-s091_1
#  OS:                Linux x86_64(Host ID nanohub-2907946-1)
#  Generated on:      Tue Aug 11 17:26:26 2026
#  Design:            pipelined_cpu_core
#  Command:           report_timing -early -view RPT_TYP -max_paths 50 -nworst 1 > reports/41_hold_typ.rpt
###############################################################
Path 1: MET Hold Check with Pin datapath/MEMWB_rd_reg[0]/CK 
Endpoint:   datapath/MEMWB_rd_reg[0]/D  (^) checked with  leading edge of 'clk'
Beginpoint: datapath/EXMEM_rd_reg[0]/QN (v) triggered by  leading edge of 'clk'
Path Groups: {reg2reg}
Analysis View: RPT_TYP
Other End Arrival Time          0.185
+ Hold                          0.012
+ Phase Shift                   0.000
- CPPR Adjustment               0.000
+ Uncertainty                   0.020
= Required Time                 0.217
  Arrival Time                  0.262
  Slack Time                    0.045
     Clock Rise Edge                 0.000
     + Clock Network Latency (Prop)  0.147
     = Beginpoint Arrival Time       0.147
     +---------------------------------------------------------------------------------+ 
     |         Instance          |     Arc      |  Cell   | Delay | Arrival | Required | 
     |                           |              |         |       |  Time   |   Time   | 
     |---------------------------+--------------+---------+-------+---------+----------| 
     | datapath/EXMEM_rd_reg[0]  | CK ^         |         |       |   0.147 |    0.102 | 
     | datapath/EXMEM_rd_reg[0]  | CK ^ -> QN v | DFFR_X1 | 0.088 |   0.235 |    0.190 | 
     | datapath/FE_OCPC464_n_467 | A v -> ZN ^  | INV_X1  | 0.026 |   0.262 |    0.217 | 
     | datapath/MEMWB_rd_reg[0]  | D ^          | DFFR_X1 | 0.000 |   0.262 |    0.217 | 
     +---------------------------------------------------------------------------------+ 
Path 2: MET Hold Check with Pin datapath/IDEX_rd_reg[4]/CK 
Endpoint:   datapath/IDEX_rd_reg[4]/D      (v) checked with  leading edge of 
'clk'
Beginpoint: datapath/IFID_instr_reg[11]/QN (^) triggered by  leading edge of 
'clk'
Path Groups: {reg2reg}
Analysis View: RPT_TYP
Other End Arrival Time          0.200
+ Hold                          0.006
+ Phase Shift                   0.000
- CPPR Adjustment               0.000
+ Uncertainty                   0.020
= Required Time                 0.226
  Arrival Time                  0.278
  Slack Time                    0.053
     Clock Rise Edge                 0.000
     + Clock Network Latency (Prop)  0.197
     = Beginpoint Arrival Time       0.197
     +-----------------------------------------------------------------------------------+ 
     |          Instance           |     Arc      |  Cell   | Delay | Arrival | Required | 
     |                             |              |         |       |  Time   |   Time   | 
     |-----------------------------+--------------+---------+-------+---------+----------| 
     | datapath/IFID_instr_reg[11] | CK ^         |         |       |   0.197 |    0.145 | 
     | datapath/IFID_instr_reg[11] | CK ^ -> QN ^ | DFFR_X1 | 0.072 |   0.269 |    0.216 | 
     | datapath/g35704             | A2 ^ -> ZN v | NOR2_X1 | 0.010 |   0.278 |    0.226 | 
     | datapath/IDEX_rd_reg[4]     | D v          | DFFR_X1 | 0.000 |   0.278 |    0.226 | 
     +-----------------------------------------------------------------------------------+ 
Path 3: MET Hold Check with Pin datapath/IDEX_rd_reg[1]/CK 
Endpoint:   datapath/IDEX_rd_reg[1]/D     (v) checked with  leading edge of 
'clk'
Beginpoint: datapath/IFID_instr_reg[8]/QN (^) triggered by  leading edge of 
'clk'
Path Groups: {reg2reg}
Analysis View: RPT_TYP
Other End Arrival Time          0.200
+ Hold                          0.006
+ Phase Shift                   0.000
- CPPR Adjustment               0.000
+ Uncertainty                   0.020
= Required Time                 0.226
  Arrival Time                  0.279
  Slack Time                    0.053
     Clock Rise Edge                 0.000
     + Clock Network Latency (Prop)  0.197
     = Beginpoint Arrival Time       0.197
     +----------------------------------------------------------------------------------+ 
     |          Instance          |     Arc      |  Cell   | Delay | Arrival | Required | 
     |                            |              |         |       |  Time   |   Time   | 
     |----------------------------+--------------+---------+-------+---------+----------| 
     | datapath/IFID_instr_reg[8] | CK ^         |         |       |   0.197 |    0.145 | 
     | datapath/IFID_instr_reg[8] | CK ^ -> QN ^ | DFFR_X1 | 0.072 |   0.269 |    0.216 | 
     | datapath/g35707            | A2 ^ -> ZN v | NOR2_X1 | 0.010 |   0.279 |    0.226 | 
     | datapath/IDEX_rd_reg[1]    | D v          | DFFR_X1 | 0.000 |   0.279 |    0.226 | 
     +----------------------------------------------------------------------------------+ 
Path 4: MET Hold Check with Pin datapath/IDEX_rd_reg[3]/CK 
Endpoint:   datapath/IDEX_rd_reg[3]/D      (v) checked with  leading edge of 
'clk'
Beginpoint: datapath/IFID_instr_reg[10]/QN (^) triggered by  leading edge of 
'clk'
Path Groups: {reg2reg}
Analysis View: RPT_TYP
Other End Arrival Time          0.200
+ Hold                          0.006
+ Phase Shift                   0.000
- CPPR Adjustment               0.000
+ Uncertainty                   0.020
= Required Time                 0.226
  Arrival Time                  0.279
  Slack Time                    0.053
     Clock Rise Edge                 0.000
     + Clock Network Latency (Prop)  0.197
     = Beginpoint Arrival Time       0.197
     +-----------------------------------------------------------------------------------+ 
     |          Instance           |     Arc      |  Cell   | Delay | Arrival | Required | 
     |                             |              |         |       |  Time   |   Time   | 
     |-----------------------------+--------------+---------+-------+---------+----------| 
     | datapath/IFID_instr_reg[10] | CK ^         |         |       |   0.197 |    0.144 | 
     | datapath/IFID_instr_reg[10] | CK ^ -> QN ^ | DFFR_X1 | 0.072 |   0.269 |    0.216 | 
     | datapath/g35705             | A2 ^ -> ZN v | NOR2_X1 | 0.010 |   0.279 |    0.226 | 
     | datapath/IDEX_rd_reg[3]     | D v          | DFFR_X1 | 0.000 |   0.279 |    0.226 | 
     +-----------------------------------------------------------------------------------+ 
Path 5: MET Hold Check with Pin datapath/IDEX_rd_reg[2]/CK 
Endpoint:   datapath/IDEX_rd_reg[2]/D     (v) checked with  leading edge of 
'clk'
Beginpoint: datapath/IFID_instr_reg[9]/QN (^) triggered by  leading edge of 
'clk'
Path Groups: {reg2reg}
Analysis View: RPT_TYP
Other End Arrival Time          0.200
+ Hold                          0.006
+ Phase Shift                   0.000
- CPPR Adjustment               0.000
+ Uncertainty                   0.020
= Required Time                 0.226
  Arrival Time                  0.280
  Slack Time                    0.054
     Clock Rise Edge                 0.000
     + Clock Network Latency (Prop)  0.197
     = Beginpoint Arrival Time       0.197
     +----------------------------------------------------------------------------------+ 
     |          Instance          |     Arc      |  Cell   | Delay | Arrival | Required | 
     |                            |              |         |       |  Time   |   Time   | 
     |----------------------------+--------------+---------+-------+---------+----------| 
     | datapath/IFID_instr_reg[9] | CK ^         |         |       |   0.197 |    0.144 | 
     | datapath/IFID_instr_reg[9] | CK ^ -> QN ^ | DFFR_X1 | 0.073 |   0.270 |    0.216 | 
     | datapath/g35702            | A2 ^ -> ZN v | NOR2_X1 | 0.010 |   0.280 |    0.226 | 
     | datapath/IDEX_rd_reg[2]    | D v          | DFFR_X1 | 0.000 |   0.280 |    0.226 | 
     +----------------------------------------------------------------------------------+ 
Path 6: MET Hold Check with Pin datapath/IDEX_rd_reg[0]/CK 
Endpoint:   datapath/IDEX_rd_reg[0]/D     (v) checked with  leading edge of 
'clk'
Beginpoint: datapath/IFID_instr_reg[7]/QN (^) triggered by  leading edge of 
'clk'
Path Groups: {reg2reg}
Analysis View: RPT_TYP
Other End Arrival Time          0.200
+ Hold                          0.006
+ Phase Shift                   0.000
- CPPR Adjustment               0.000
+ Uncertainty                   0.020
= Required Time                 0.226
  Arrival Time                  0.280
  Slack Time                    0.054
     Clock Rise Edge                 0.000
     + Clock Network Latency (Prop)  0.197
     = Beginpoint Arrival Time       0.197
     +----------------------------------------------------------------------------------+ 
     |          Instance          |     Arc      |  Cell   | Delay | Arrival | Required | 
     |                            |              |         |       |  Time   |   Time   | 
     |----------------------------+--------------+---------+-------+---------+----------| 
     | datapath/IFID_instr_reg[7] | CK ^         |         |       |   0.197 |    0.143 | 
     | datapath/IFID_instr_reg[7] | CK ^ -> QN ^ | DFFR_X1 | 0.073 |   0.270 |    0.216 | 
     | datapath/g35706            | A2 ^ -> ZN v | NOR2_X1 | 0.010 |   0.280 |    0.226 | 
     | datapath/IDEX_rd_reg[0]    | D v          | DFFR_X1 | 0.000 |   0.280 |    0.226 | 
     +----------------------------------------------------------------------------------+ 
Path 7: MET Hold Check with Pin datapath/EXMEM_storeData_reg[16]/CK 
Endpoint:   datapath/EXMEM_storeData_reg[16]/D (v) checked with  leading edge 
of 'clk'
Beginpoint: datapath/IDEX_readData2_reg[16]/QN (^) triggered by  leading edge 
of 'clk'
Path Groups: {reg2reg}
Analysis View: RPT_TYP
Other End Arrival Time          0.208
+ Hold                          0.006
+ Phase Shift                   0.000
- CPPR Adjustment               0.000
+ Uncertainty                   0.020
= Required Time                 0.233
  Arrival Time                  0.294
  Slack Time                    0.061
     Clock Rise Edge                 0.000
     + Clock Network Latency (Prop)  0.199
     = Beginpoint Arrival Time       0.199
     +-----------------------------------------------------------------------------------------+ 
     |             Instance             |     Arc      |   Cell   | Delay | Arrival | Required | 
     |                                  |              |          |       |  Time   |   Time   | 
     |----------------------------------+--------------+----------+-------+---------+----------| 
     | datapath/IDEX_readData2_reg[16]  | CK ^         |          |       |   0.199 |    0.139 | 
     | datapath/IDEX_readData2_reg[16]  | CK ^ -> QN ^ | DFFR_X1  | 0.072 |   0.271 |    0.211 | 
     | datapath/g26320                  | B2 ^ -> ZN v | OAI21_X1 | 0.022 |   0.294 |    0.233 | 
     | datapath/EXMEM_storeData_reg[16] | D v          | DFFR_X1  | 0.000 |   0.294 |    0.233 | 
     +-----------------------------------------------------------------------------------------+ 
Path 8: MET Hold Check with Pin datapath/EXMEM_storeData_reg[17]/CK 
Endpoint:   datapath/EXMEM_storeData_reg[17]/D (v) checked with  leading edge 
of 'clk'
Beginpoint: datapath/IDEX_readData2_reg[17]/QN (^) triggered by  leading edge 
of 'clk'
Path Groups: {reg2reg}
Analysis View: RPT_TYP
Other End Arrival Time          0.208
+ Hold                          0.006
+ Phase Shift                   0.000
- CPPR Adjustment               0.000
+ Uncertainty                   0.020
= Required Time                 0.233
  Arrival Time                  0.294
  Slack Time                    0.061
     Clock Rise Edge                 0.000
     + Clock Network Latency (Prop)  0.199
     = Beginpoint Arrival Time       0.199
     +-----------------------------------------------------------------------------------------+ 
     |             Instance             |     Arc      |   Cell   | Delay | Arrival | Required | 
     |                                  |              |          |       |  Time   |   Time   | 
     |----------------------------------+--------------+----------+-------+---------+----------| 
     | datapath/IDEX_readData2_reg[17]  | CK ^         |          |       |   0.199 |    0.139 | 
     | datapath/IDEX_readData2_reg[17]  | CK ^ -> QN ^ | DFFR_X1  | 0.072 |   0.271 |    0.211 | 
     | datapath/g26319                  | B2 ^ -> ZN v | OAI21_X1 | 0.023 |   0.294 |    0.233 | 
     | datapath/EXMEM_storeData_reg[17] | D v          | DFFR_X1  | 0.000 |   0.294 |    0.233 | 
     +-----------------------------------------------------------------------------------------+ 
Path 9: MET Hold Check with Pin datapath/MEMWB_aluResult_reg[8]/CK 
Endpoint:   datapath/MEMWB_aluResult_reg[8]/D (v) checked with  leading edge of 
'clk'
Beginpoint: datapath/EXMEM_aluResult_reg[8]/Q (v) triggered by  leading edge of 
'clk'
Path Groups: {reg2reg}
Analysis View: RPT_TYP
Other End Arrival Time          0.209
+ Hold                          0.006
+ Phase Shift                   0.000
- CPPR Adjustment               0.000
+ Uncertainty                   0.020
= Required Time                 0.235
  Arrival Time                  0.296
  Slack Time                    0.061
     Clock Rise Edge                 0.000
     + Clock Network Latency (Prop)  0.206
     = Beginpoint Arrival Time       0.206
     +--------------------------------------------------------------------------------------+ 
     |            Instance             |     Arc     |  Cell   | Delay | Arrival | Required | 
     |                                 |             |         |       |  Time   |   Time   | 
     |---------------------------------+-------------+---------+-------+---------+----------| 
     | datapath/EXMEM_aluResult_reg[8] | CK ^        |         |       |   0.206 |    0.145 | 
     | datapath/EXMEM_aluResult_reg[8] | CK ^ -> Q v | DFFR_X1 | 0.090 |   0.296 |    0.235 | 
     | datapath/MEMWB_aluResult_reg[8] | D v         | DFFR_X1 | 0.000 |   0.296 |    0.235 | 
     +--------------------------------------------------------------------------------------+ 
Path 10: MET Hold Check with Pin datapath/MEMWB_aluResult_reg[10]/CK 
Endpoint:   datapath/MEMWB_aluResult_reg[10]/D (v) checked with  leading edge 
of 'clk'
Beginpoint: datapath/EXMEM_aluResult_reg[10]/Q (v) triggered by  leading edge 
of 'clk'
Path Groups: {reg2reg}
Analysis View: RPT_TYP
Other End Arrival Time          0.208
+ Hold                          0.006
+ Phase Shift                   0.000
- CPPR Adjustment               0.000
+ Uncertainty                   0.020
= Required Time                 0.234
  Arrival Time                  0.295
  Slack Time                    0.061
     Clock Rise Edge                 0.000
     + Clock Network Latency (Prop)  0.204
     = Beginpoint Arrival Time       0.204
     +---------------------------------------------------------------------------------------+ 
     |             Instance             |     Arc     |  Cell   | Delay | Arrival | Required | 
     |                                  |             |         |       |  Time   |   Time   | 
     |----------------------------------+-------------+---------+-------+---------+----------| 
     | datapath/EXMEM_aluResult_reg[10] | CK ^        |         |       |   0.204 |    0.143 | 
     | datapath/EXMEM_aluResult_reg[10] | CK ^ -> Q v | DFFR_X1 | 0.091 |   0.295 |    0.234 | 
     | datapath/MEMWB_aluResult_reg[10] | D v         | DFFR_X1 | 0.000 |   0.295 |    0.234 | 
     +---------------------------------------------------------------------------------------+ 
Path 11: MET Hold Check with Pin datapath/MEMWB_aluResult_reg[9]/CK 
Endpoint:   datapath/MEMWB_aluResult_reg[9]/D (v) checked with  leading edge of 
'clk'
Beginpoint: datapath/EXMEM_aluResult_reg[9]/Q (v) triggered by  leading edge of 
'clk'
Path Groups: {reg2reg}
Analysis View: RPT_TYP
Other End Arrival Time          0.208
+ Hold                          0.006
+ Phase Shift                   0.000
- CPPR Adjustment               0.000
+ Uncertainty                   0.020
= Required Time                 0.234
  Arrival Time                  0.295
  Slack Time                    0.061
     Clock Rise Edge                 0.000
     + Clock Network Latency (Prop)  0.204
     = Beginpoint Arrival Time       0.204
     +--------------------------------------------------------------------------------------+ 
     |            Instance             |     Arc     |  Cell   | Delay | Arrival | Required | 
     |                                 |             |         |       |  Time   |   Time   | 
     |---------------------------------+-------------+---------+-------+---------+----------| 
     | datapath/EXMEM_aluResult_reg[9] | CK ^        |         |       |   0.204 |    0.143 | 
     | datapath/EXMEM_aluResult_reg[9] | CK ^ -> Q v | DFFR_X1 | 0.091 |   0.295 |    0.234 | 
     | datapath/MEMWB_aluResult_reg[9] | D v         | DFFR_X1 | 0.000 |   0.295 |    0.234 | 
     +--------------------------------------------------------------------------------------+ 
Path 12: MET Hold Check with Pin datapath/MEMWB_aluResult_reg[11]/CK 
Endpoint:   datapath/MEMWB_aluResult_reg[11]/D (v) checked with  leading edge 
of 'clk'
Beginpoint: datapath/EXMEM_aluResult_reg[11]/Q (v) triggered by  leading edge 
of 'clk'
Path Groups: {reg2reg}
Analysis View: RPT_TYP
Other End Arrival Time          0.208
+ Hold                          0.006
+ Phase Shift                   0.000
- CPPR Adjustment               0.000
+ Uncertainty                   0.020
= Required Time                 0.234
  Arrival Time                  0.295
  Slack Time                    0.061
     Clock Rise Edge                 0.000
     + Clock Network Latency (Prop)  0.204
     = Beginpoint Arrival Time       0.204
     +---------------------------------------------------------------------------------------+ 
     |             Instance             |     Arc     |  Cell   | Delay | Arrival | Required | 
     |                                  |             |         |       |  Time   |   Time   | 
     |----------------------------------+-------------+---------+-------+---------+----------| 
     | datapath/EXMEM_aluResult_reg[11] | CK ^        |         |       |   0.204 |    0.143 | 
     | datapath/EXMEM_aluResult_reg[11] | CK ^ -> Q v | DFFR_X1 | 0.091 |   0.295 |    0.234 | 
     | datapath/MEMWB_aluResult_reg[11] | D v         | DFFR_X1 | 0.000 |   0.295 |    0.234 | 
     +---------------------------------------------------------------------------------------+ 
Path 13: MET Hold Check with Pin datapath/EXMEM_memWrite_reg/CK 
Endpoint:   datapath/EXMEM_memWrite_reg/D (v) checked with  leading edge of 
'clk'
Beginpoint: datapath/IDEX_memWrite_reg/Q  (v) triggered by  leading edge of 
'clk'
Path Groups: {reg2reg}
Analysis View: RPT_TYP
Other End Arrival Time          0.201
+ Hold                          0.006
+ Phase Shift                   0.000
- CPPR Adjustment               0.000
+ Uncertainty                   0.020
= Required Time                 0.227
  Arrival Time                  0.288
  Slack Time                    0.061
     Clock Rise Edge                 0.000
     + Clock Network Latency (Prop)  0.198
     = Beginpoint Arrival Time       0.198
     +----------------------------------------------------------------------------------+ 
     |          Instance           |     Arc     |  Cell   | Delay | Arrival | Required | 
     |                             |             |         |       |  Time   |   Time   | 
     |-----------------------------+-------------+---------+-------+---------+----------| 
     | datapath/IDEX_memWrite_reg  | CK ^        |         |       |   0.198 |    0.137 | 
     | datapath/IDEX_memWrite_reg  | CK ^ -> Q v | DFFR_X1 | 0.090 |   0.288 |    0.227 | 
     | datapath/EXMEM_memWrite_reg | D v         | DFFR_X1 | 0.000 |   0.288 |    0.227 | 
     +----------------------------------------------------------------------------------+ 
Path 14: MET Hold Check with Pin datapath/MEMWB_aluResult_reg[18]/CK 
Endpoint:   datapath/MEMWB_aluResult_reg[18]/D (v) checked with  leading edge 
of 'clk'
Beginpoint: datapath/EXMEM_aluResult_reg[18]/Q (v) triggered by  leading edge 
of 'clk'
Path Groups: {reg2reg}
Analysis View: RPT_TYP
Other End Arrival Time          0.211
+ Hold                          0.006
+ Phase Shift                   0.000
- CPPR Adjustment               0.000
+ Uncertainty                   0.020
= Required Time                 0.237
  Arrival Time                  0.298
  Slack Time                    0.061
     Clock Rise Edge                 0.000
     + Clock Network Latency (Prop)  0.207
     = Beginpoint Arrival Time       0.207
     +---------------------------------------------------------------------------------------+ 
     |             Instance             |     Arc     |  Cell   | Delay | Arrival | Required | 
     |                                  |             |         |       |  Time   |   Time   | 
     |----------------------------------+-------------+---------+-------+---------+----------| 
     | datapath/EXMEM_aluResult_reg[18] | CK ^        |         |       |   0.207 |    0.146 | 
     | datapath/EXMEM_aluResult_reg[18] | CK ^ -> Q v | DFFR_X1 | 0.091 |   0.298 |    0.237 | 
     | datapath/MEMWB_aluResult_reg[18] | D v         | DFFR_X1 | 0.000 |   0.298 |    0.237 | 
     +---------------------------------------------------------------------------------------+ 
Path 15: MET Hold Check with Pin datapath/MEMWB_aluResult_reg[19]/CK 
Endpoint:   datapath/MEMWB_aluResult_reg[19]/D (v) checked with  leading edge 
of 'clk'
Beginpoint: datapath/EXMEM_aluResult_reg[19]/Q (v) triggered by  leading edge 
of 'clk'
Path Groups: {reg2reg}
Analysis View: RPT_TYP
Other End Arrival Time          0.207
+ Hold                          0.006
+ Phase Shift                   0.000
- CPPR Adjustment               0.000
+ Uncertainty                   0.020
= Required Time                 0.233
  Arrival Time                  0.295
  Slack Time                    0.062
     Clock Rise Edge                 0.000
     + Clock Network Latency (Prop)  0.203
     = Beginpoint Arrival Time       0.203
     +---------------------------------------------------------------------------------------+ 
     |             Instance             |     Arc     |  Cell   | Delay | Arrival | Required | 
     |                                  |             |         |       |  Time   |   Time   | 
     |----------------------------------+-------------+---------+-------+---------+----------| 
     | datapath/EXMEM_aluResult_reg[19] | CK ^        |         |       |   0.203 |    0.142 | 
     | datapath/EXMEM_aluResult_reg[19] | CK ^ -> Q v | DFFR_X1 | 0.091 |   0.295 |    0.233 | 
     | datapath/MEMWB_aluResult_reg[19] | D v         | DFFR_X1 | 0.000 |   0.295 |    0.233 | 
     +---------------------------------------------------------------------------------------+ 
Path 16: MET Hold Check with Pin datapath/MEMWB_aluResult_reg[21]/CK 
Endpoint:   datapath/MEMWB_aluResult_reg[21]/D (v) checked with  leading edge 
of 'clk'
Beginpoint: datapath/EXMEM_aluResult_reg[21]/Q (v) triggered by  leading edge 
of 'clk'
Path Groups: {reg2reg}
Analysis View: RPT_TYP
Other End Arrival Time          0.207
+ Hold                          0.006
+ Phase Shift                   0.000
- CPPR Adjustment               0.000
+ Uncertainty                   0.020
= Required Time                 0.233
  Arrival Time                  0.294
  Slack Time                    0.062
     Clock Rise Edge                 0.000
     + Clock Network Latency (Prop)  0.203
     = Beginpoint Arrival Time       0.203
     +---------------------------------------------------------------------------------------+ 
     |             Instance             |     Arc     |  Cell   | Delay | Arrival | Required | 
     |                                  |             |         |       |  Time   |   Time   | 
     |----------------------------------+-------------+---------+-------+---------+----------| 
     | datapath/EXMEM_aluResult_reg[21] | CK ^        |         |       |   0.203 |    0.141 | 
     | datapath/EXMEM_aluResult_reg[21] | CK ^ -> Q v | DFFR_X1 | 0.091 |   0.294 |    0.233 | 
     | datapath/MEMWB_aluResult_reg[21] | D v         | DFFR_X1 | 0.000 |   0.294 |    0.233 | 
     +---------------------------------------------------------------------------------------+ 
Path 17: MET Hold Check with Pin datapath/MEMWB_rd_reg[4]/CK 
Endpoint:   datapath/MEMWB_rd_reg[4]/D  (v) checked with  leading edge of 'clk'
Beginpoint: datapath/EXMEM_rd_reg[4]/QN (^) triggered by  leading edge of 'clk'
Path Groups: {reg2reg}
Analysis View: RPT_TYP
Other End Arrival Time          0.183
+ Hold                          0.005
+ Phase Shift                   0.000
- CPPR Adjustment               0.000
+ Uncertainty                   0.020
= Required Time                 0.208
  Arrival Time                  0.270
  Slack Time                    0.062
     Clock Rise Edge                 0.000
     + Clock Network Latency (Prop)  0.135
     = Beginpoint Arrival Time       0.135
     +-------------------------------------------------------------------------------------+ 
     |           Instance            |     Arc      |  Cell   | Delay | Arrival | Required | 
     |                               |              |         |       |  Time   |   Time   | 
     |-------------------------------+--------------+---------+-------+---------+----------| 
     | datapath/EXMEM_rd_reg[4]      | CK ^         |         |       |   0.135 |    0.073 | 
     | datapath/EXMEM_rd_reg[4]      | CK ^ -> QN ^ | DFFR_X1 | 0.076 |   0.211 |    0.149 | 
     | datapath/FE_OFC286_n_471      | A ^ -> ZN v  | INV_X2  | 0.013 |   0.224 |    0.162 | 
     | datapath/FE_OFC580_EXMEM_rd_4 | A v -> Z v   | BUF_X1  | 0.046 |   0.269 |    0.207 | 
     | datapath/MEMWB_rd_reg[4]      | D v          | DFFR_X1 | 0.000 |   0.270 |    0.208 | 
     +-------------------------------------------------------------------------------------+ 
Path 18: MET Hold Check with Pin datapath/EXMEM_storeData_reg[24]/CK 
Endpoint:   datapath/EXMEM_storeData_reg[24]/D (v) checked with  leading edge 
of 'clk'
Beginpoint: datapath/IDEX_readData2_reg[24]/QN (^) triggered by  leading edge 
of 'clk'
Path Groups: {reg2reg}
Analysis View: RPT_TYP
Other End Arrival Time          0.210
+ Hold                          0.006
+ Phase Shift                   0.000
- CPPR Adjustment               0.000
+ Uncertainty                   0.020
= Required Time                 0.236
  Arrival Time                  0.300
  Slack Time                    0.064
     Clock Rise Edge                 0.000
     + Clock Network Latency (Prop)  0.205
     = Beginpoint Arrival Time       0.205
     +-----------------------------------------------------------------------------------------+ 
     |             Instance             |     Arc      |   Cell   | Delay | Arrival | Required | 
     |                                  |              |          |       |  Time   |   Time   | 
     |----------------------------------+--------------+----------+-------+---------+----------| 
     | datapath/IDEX_readData2_reg[24]  | CK ^         |          |       |   0.205 |    0.141 | 
     | datapath/IDEX_readData2_reg[24]  | CK ^ -> QN ^ | DFFR_X1  | 0.073 |   0.278 |    0.214 | 
     | datapath/g26317                  | B2 ^ -> ZN v | OAI21_X1 | 0.022 |   0.300 |    0.236 | 
     | datapath/EXMEM_storeData_reg[24] | D v          | DFFR_X1  | 0.000 |   0.300 |    0.236 | 
     +-----------------------------------------------------------------------------------------+ 
Path 19: MET Hold Check with Pin datapath/MEMWB_aluResult_reg[24]/CK 
Endpoint:   datapath/MEMWB_aluResult_reg[24]/D (v) checked with  leading edge 
of 'clk'
Beginpoint: datapath/EXMEM_aluResult_reg[24]/Q (v) triggered by  leading edge 
of 'clk'
Path Groups: {reg2reg}
Analysis View: RPT_TYP
Other End Arrival Time          0.209
+ Hold                          0.006
+ Phase Shift                   0.000
- CPPR Adjustment               0.000
+ Uncertainty                   0.020
= Required Time                 0.235
  Arrival Time                  0.300
  Slack Time                    0.064
     Clock Rise Edge                 0.000
     + Clock Network Latency (Prop)  0.206
     = Beginpoint Arrival Time       0.206
     +---------------------------------------------------------------------------------------+ 
     |             Instance             |     Arc     |  Cell   | Delay | Arrival | Required | 
     |                                  |             |         |       |  Time   |   Time   | 
     |----------------------------------+-------------+---------+-------+---------+----------| 
     | datapath/EXMEM_aluResult_reg[24] | CK ^        |         |       |   0.206 |    0.141 | 
     | datapath/EXMEM_aluResult_reg[24] | CK ^ -> Q v | DFFR_X1 | 0.094 |   0.300 |    0.235 | 
     | datapath/MEMWB_aluResult_reg[24] | D v         | DFFR_X1 | 0.000 |   0.300 |    0.235 | 
     +---------------------------------------------------------------------------------------+ 
Path 20: MET Hold Check with Pin datapath/MEMWB_aluResult_reg[14]/CK 
Endpoint:   datapath/MEMWB_aluResult_reg[14]/D (v) checked with  leading edge 
of 'clk'
Beginpoint: datapath/EXMEM_aluResult_reg[14]/Q (v) triggered by  leading edge 
of 'clk'
Path Groups: {reg2reg}
Analysis View: RPT_TYP
Other End Arrival Time          0.208
+ Hold                          0.006
+ Phase Shift                   0.000
- CPPR Adjustment               0.000
+ Uncertainty                   0.020
= Required Time                 0.234
  Arrival Time                  0.298
  Slack Time                    0.064
     Clock Rise Edge                 0.000
     + Clock Network Latency (Prop)  0.203
     = Beginpoint Arrival Time       0.203
     +---------------------------------------------------------------------------------------+ 
     |             Instance             |     Arc     |  Cell   | Delay | Arrival | Required | 
     |                                  |             |         |       |  Time   |   Time   | 
     |----------------------------------+-------------+---------+-------+---------+----------| 
     | datapath/EXMEM_aluResult_reg[14] | CK ^        |         |       |   0.203 |    0.139 | 
     | datapath/EXMEM_aluResult_reg[14] | CK ^ -> Q v | DFFR_X1 | 0.095 |   0.298 |    0.234 | 
     | datapath/MEMWB_aluResult_reg[14] | D v         | DFFR_X1 | 0.000 |   0.298 |    0.234 | 
     +---------------------------------------------------------------------------------------+ 
Path 21: MET Hold Check with Pin datapath/MEMWB_aluResult_reg[7]/CK 
Endpoint:   datapath/MEMWB_aluResult_reg[7]/D (v) checked with  leading edge of 
'clk'
Beginpoint: datapath/EXMEM_aluResult_reg[7]/Q (v) triggered by  leading edge of 
'clk'
Path Groups: {reg2reg}
Analysis View: RPT_TYP
Other End Arrival Time          0.209
+ Hold                          0.006
+ Phase Shift                   0.000
- CPPR Adjustment               0.000
+ Uncertainty                   0.020
= Required Time                 0.235
  Arrival Time                  0.300
  Slack Time                    0.065
     Clock Rise Edge                 0.000
     + Clock Network Latency (Prop)  0.206
     = Beginpoint Arrival Time       0.206
     +--------------------------------------------------------------------------------------+ 
     |            Instance             |     Arc     |  Cell   | Delay | Arrival | Required | 
     |                                 |             |         |       |  Time   |   Time   | 
     |---------------------------------+-------------+---------+-------+---------+----------| 
     | datapath/EXMEM_aluResult_reg[7] | CK ^        |         |       |   0.206 |    0.141 | 
     | datapath/EXMEM_aluResult_reg[7] | CK ^ -> Q v | DFFR_X1 | 0.094 |   0.300 |    0.235 | 
     | datapath/MEMWB_aluResult_reg[7] | D v         | DFFR_X1 | 0.000 |   0.300 |    0.235 | 
     +--------------------------------------------------------------------------------------+ 
Path 22: MET Hold Check with Pin datapath/EXMEM_memRead_reg/CK 
Endpoint:   datapath/EXMEM_memRead_reg/D (v) checked with  leading edge of 'clk'
Beginpoint: datapath/IDEX_memRead_reg/Q  (v) triggered by  leading edge of 'clk'
Path Groups: {reg2reg}
Analysis View: RPT_TYP
Other End Arrival Time          0.185
+ Hold                          0.006
+ Phase Shift                   0.000
- CPPR Adjustment               0.000
+ Uncertainty                   0.020
= Required Time                 0.211
  Arrival Time                  0.277
  Slack Time                    0.065
     Clock Rise Edge                 0.000
     + Clock Network Latency (Prop)  0.182
     = Beginpoint Arrival Time       0.182
     +---------------------------------------------------------------------------------+ 
     |          Instance          |     Arc     |  Cell   | Delay | Arrival | Required | 
     |                            |             |         |       |  Time   |   Time   | 
     |----------------------------+-------------+---------+-------+---------+----------| 
     | datapath/IDEX_memRead_reg  | CK ^        |         |       |   0.182 |    0.117 | 
     | datapath/IDEX_memRead_reg  | CK ^ -> Q v | DFFR_X1 | 0.094 |   0.277 |    0.211 | 
     | datapath/EXMEM_memRead_reg | D v         | DFFR_X1 | 0.000 |   0.277 |    0.211 | 
     +---------------------------------------------------------------------------------+ 
Path 23: MET Hold Check with Pin datapath/MEMWB_aluResult_reg[17]/CK 
Endpoint:   datapath/MEMWB_aluResult_reg[17]/D (v) checked with  leading edge 
of 'clk'
Beginpoint: datapath/EXMEM_aluResult_reg[17]/Q (v) triggered by  leading edge 
of 'clk'
Path Groups: {reg2reg}
Analysis View: RPT_TYP
Other End Arrival Time          0.203
+ Hold                          0.006
+ Phase Shift                   0.000
- CPPR Adjustment               0.000
+ Uncertainty                   0.020
= Required Time                 0.228
  Arrival Time                  0.294
  Slack Time                    0.066
     Clock Rise Edge                 0.000
     + Clock Network Latency (Prop)  0.199
     = Beginpoint Arrival Time       0.199
     +---------------------------------------------------------------------------------------+ 
     |             Instance             |     Arc     |  Cell   | Delay | Arrival | Required | 
     |                                  |             |         |       |  Time   |   Time   | 
     |----------------------------------+-------------+---------+-------+---------+----------| 
     | datapath/EXMEM_aluResult_reg[17] | CK ^        |         |       |   0.199 |    0.134 | 
     | datapath/EXMEM_aluResult_reg[17] | CK ^ -> Q v | DFFR_X1 | 0.095 |   0.294 |    0.228 | 
     | datapath/MEMWB_aluResult_reg[17] | D v         | DFFR_X1 | 0.000 |   0.294 |    0.228 | 
     +---------------------------------------------------------------------------------------+ 
Path 24: MET Hold Check with Pin datapath/MEMWB_aluResult_reg[4]/CK 
Endpoint:   datapath/MEMWB_aluResult_reg[4]/D (v) checked with  leading edge of 
'clk'
Beginpoint: datapath/EXMEM_aluResult_reg[4]/Q (v) triggered by  leading edge of 
'clk'
Path Groups: {reg2reg}
Analysis View: RPT_TYP
Other End Arrival Time          0.202
+ Hold                          0.006
+ Phase Shift                   0.000
- CPPR Adjustment               0.000
+ Uncertainty                   0.020
= Required Time                 0.228
  Arrival Time                  0.294
  Slack Time                    0.066
     Clock Rise Edge                 0.000
     + Clock Network Latency (Prop)  0.199
     = Beginpoint Arrival Time       0.199
     +--------------------------------------------------------------------------------------+ 
     |            Instance             |     Arc     |  Cell   | Delay | Arrival | Required | 
     |                                 |             |         |       |  Time   |   Time   | 
     |---------------------------------+-------------+---------+-------+---------+----------| 
     | datapath/EXMEM_aluResult_reg[4] | CK ^        |         |       |   0.199 |    0.134 | 
     | datapath/EXMEM_aluResult_reg[4] | CK ^ -> Q v | DFFR_X1 | 0.095 |   0.294 |    0.228 | 
     | datapath/MEMWB_aluResult_reg[4] | D v         | DFFR_X1 | 0.000 |   0.294 |    0.228 | 
     +--------------------------------------------------------------------------------------+ 
Path 25: MET Hold Check with Pin datapath/EXMEM_storeData_reg[15]/CK 
Endpoint:   datapath/EXMEM_storeData_reg[15]/D (v) checked with  leading edge 
of 'clk'
Beginpoint: datapath/IDEX_readData2_reg[15]/QN (^) triggered by  leading edge 
of 'clk'
Path Groups: {reg2reg}
Analysis View: RPT_TYP
Other End Arrival Time          0.211
+ Hold                          0.006
+ Phase Shift                   0.000
- CPPR Adjustment               0.000
+ Uncertainty                   0.020
= Required Time                 0.237
  Arrival Time                  0.302
  Slack Time                    0.066
     Clock Rise Edge                 0.000
     + Clock Network Latency (Prop)  0.206
     = Beginpoint Arrival Time       0.206
     +------------------------------------------------------------------------------------------+ 
     |             Instance             |     Arc      |   Cell    | Delay | Arrival | Required | 
     |                                  |              |           |       |  Time   |   Time   | 
     |----------------------------------+--------------+-----------+-------+---------+----------| 
     | datapath/IDEX_readData2_reg[15]  | CK ^         |           |       |   0.206 |    0.140 | 
     | datapath/IDEX_readData2_reg[15]  | CK ^ -> QN ^ | DFFR_X1   | 0.074 |   0.279 |    0.214 | 
     | datapath/g26275                  | A2 ^ -> ZN v | OAI222_X1 | 0.023 |   0.302 |    0.237 | 
     | datapath/EXMEM_storeData_reg[15] | D v          | DFFR_X1   | 0.000 |   0.302 |    0.237 | 
     +------------------------------------------------------------------------------------------+ 
Path 26: MET Hold Check with Pin datapath/MEMWB_aluResult_reg[22]/CK 
Endpoint:   datapath/MEMWB_aluResult_reg[22]/D (v) checked with  leading edge 
of 'clk'
Beginpoint: datapath/EXMEM_aluResult_reg[22]/Q (v) triggered by  leading edge 
of 'clk'
Path Groups: {reg2reg}
Analysis View: RPT_TYP
Other End Arrival Time          0.209
+ Hold                          0.006
+ Phase Shift                   0.000
- CPPR Adjustment               0.000
+ Uncertainty                   0.020
= Required Time                 0.235
  Arrival Time                  0.301
  Slack Time                    0.066
     Clock Rise Edge                 0.000
     + Clock Network Latency (Prop)  0.206
     = Beginpoint Arrival Time       0.206
     +---------------------------------------------------------------------------------------+ 
     |             Instance             |     Arc     |  Cell   | Delay | Arrival | Required | 
     |                                  |             |         |       |  Time   |   Time   | 
     |----------------------------------+-------------+---------+-------+---------+----------| 
     | datapath/EXMEM_aluResult_reg[22] | CK ^        |         |       |   0.206 |    0.140 | 
     | datapath/EXMEM_aluResult_reg[22] | CK ^ -> Q v | DFFR_X1 | 0.095 |   0.301 |    0.235 | 
     | datapath/MEMWB_aluResult_reg[22] | D v         | DFFR_X1 | 0.000 |   0.301 |    0.235 | 
     +---------------------------------------------------------------------------------------+ 
Path 27: MET Hold Check with Pin datapath/MEMWB_memToReg_reg/CK 
Endpoint:   datapath/MEMWB_memToReg_reg/D (v) checked with  leading edge of 
'clk'
Beginpoint: datapath/EXMEM_memRead_reg/Q  (v) triggered by  leading edge of 
'clk'
Path Groups: {reg2reg}
Analysis View: RPT_TYP
Other End Arrival Time          0.185
+ Hold                          0.006
+ Phase Shift                   0.000
- CPPR Adjustment               0.000
+ Uncertainty                   0.020
= Required Time                 0.211
  Arrival Time                  0.277
  Slack Time                    0.066
     Clock Rise Edge                 0.000
     + Clock Network Latency (Prop)  0.182
     = Beginpoint Arrival Time       0.182
     +----------------------------------------------------------------------------------+ 
     |          Instance           |     Arc     |  Cell   | Delay | Arrival | Required | 
     |                             |             |         |       |  Time   |   Time   | 
     |-----------------------------+-------------+---------+-------+---------+----------| 
     | datapath/EXMEM_memRead_reg  | CK ^        |         |       |   0.182 |    0.117 | 
     | datapath/EXMEM_memRead_reg  | CK ^ -> Q v | DFFR_X1 | 0.095 |   0.277 |    0.211 | 
     | datapath/MEMWB_memToReg_reg | D v         | DFFR_X1 | 0.000 |   0.277 |    0.211 | 
     +----------------------------------------------------------------------------------+ 
Path 28: MET Hold Check with Pin datapath/EXMEM_storeData_reg[13]/CK 
Endpoint:   datapath/EXMEM_storeData_reg[13]/D (v) checked with  leading edge 
of 'clk'
Beginpoint: datapath/IDEX_readData2_reg[13]/QN (^) triggered by  leading edge 
of 'clk'
Path Groups: {reg2reg}
Analysis View: RPT_TYP
Other End Arrival Time          0.208
+ Hold                          0.006
+ Phase Shift                   0.000
- CPPR Adjustment               0.000
+ Uncertainty                   0.020
= Required Time                 0.234
  Arrival Time                  0.300
  Slack Time                    0.066
     Clock Rise Edge                 0.000
     + Clock Network Latency (Prop)  0.204
     = Beginpoint Arrival Time       0.204
     +------------------------------------------------------------------------------------------+ 
     |             Instance             |     Arc      |   Cell    | Delay | Arrival | Required | 
     |                                  |              |           |       |  Time   |   Time   | 
     |----------------------------------+--------------+-----------+-------+---------+----------| 
     | datapath/IDEX_readData2_reg[13]  | CK ^         |           |       |   0.204 |    0.138 | 
     | datapath/IDEX_readData2_reg[13]  | CK ^ -> QN ^ | DFFR_X1   | 0.074 |   0.278 |    0.212 | 
     | datapath/g26273                  | A2 ^ -> ZN v | OAI222_X1 | 0.022 |   0.300 |    0.234 | 
     | datapath/EXMEM_storeData_reg[13] | D v          | DFFR_X1   | 0.000 |   0.300 |    0.234 | 
     +------------------------------------------------------------------------------------------+ 
Path 29: MET Hold Check with Pin datapath/EXMEM_storeData_reg[21]/CK 
Endpoint:   datapath/EXMEM_storeData_reg[21]/D (v) checked with  leading edge 
of 'clk'
Beginpoint: datapath/IDEX_readData2_reg[21]/QN (^) triggered by  leading edge 
of 'clk'
Path Groups: {reg2reg}
Analysis View: RPT_TYP
Other End Arrival Time          0.208
+ Hold                          0.006
+ Phase Shift                   0.000
- CPPR Adjustment               0.000
+ Uncertainty                   0.020
= Required Time                 0.234
  Arrival Time                  0.300
  Slack Time                    0.066
     Clock Rise Edge                 0.000
     + Clock Network Latency (Prop)  0.204
     = Beginpoint Arrival Time       0.204
     +------------------------------------------------------------------------------------------+ 
     |             Instance             |     Arc      |   Cell    | Delay | Arrival | Required | 
     |                                  |              |           |       |  Time   |   Time   | 
     |----------------------------------+--------------+-----------+-------+---------+----------| 
     | datapath/IDEX_readData2_reg[21]  | CK ^         |           |       |   0.204 |    0.138 | 
     | datapath/IDEX_readData2_reg[21]  | CK ^ -> QN ^ | DFFR_X1   | 0.073 |   0.278 |    0.212 | 
     | datapath/g26259                  | A2 ^ -> ZN v | OAI222_X1 | 0.022 |   0.300 |    0.234 | 
     | datapath/EXMEM_storeData_reg[21] | D v          | DFFR_X1   | 0.000 |   0.300 |    0.234 | 
     +------------------------------------------------------------------------------------------+ 
Path 30: MET Hold Check with Pin datapath/EXMEM_storeData_reg[14]/CK 
Endpoint:   datapath/EXMEM_storeData_reg[14]/D (v) checked with  leading edge 
of 'clk'
Beginpoint: datapath/IDEX_readData2_reg[14]/QN (^) triggered by  leading edge 
of 'clk'
Path Groups: {reg2reg}
Analysis View: RPT_TYP
Other End Arrival Time          0.208
+ Hold                          0.006
+ Phase Shift                   0.000
- CPPR Adjustment               0.000
+ Uncertainty                   0.020
= Required Time                 0.234
  Arrival Time                  0.300
  Slack Time                    0.066
     Clock Rise Edge                 0.000
     + Clock Network Latency (Prop)  0.204
     = Beginpoint Arrival Time       0.204
     +------------------------------------------------------------------------------------------+ 
     |             Instance             |     Arc      |   Cell    | Delay | Arrival | Required | 
     |                                  |              |           |       |  Time   |   Time   | 
     |----------------------------------+--------------+-----------+-------+---------+----------| 
     | datapath/IDEX_readData2_reg[14]  | CK ^         |           |       |   0.204 |    0.138 | 
     | datapath/IDEX_readData2_reg[14]  | CK ^ -> QN ^ | DFFR_X1   | 0.073 |   0.278 |    0.212 | 
     | datapath/g26274                  | A2 ^ -> ZN v | OAI222_X1 | 0.023 |   0.300 |    0.234 | 
     | datapath/EXMEM_storeData_reg[14] | D v          | DFFR_X1   | 0.000 |   0.300 |    0.234 | 
     +------------------------------------------------------------------------------------------+ 
Path 31: MET Hold Check with Pin datapath/MEMWB_aluResult_reg[30]/CK 
Endpoint:   datapath/MEMWB_aluResult_reg[30]/D (v) checked with  leading edge 
of 'clk'
Beginpoint: datapath/EXMEM_aluResult_reg[30]/Q (v) triggered by  leading edge 
of 'clk'
Path Groups: {reg2reg}
Analysis View: RPT_TYP
Other End Arrival Time          0.211
+ Hold                          0.006
+ Phase Shift                   0.000
- CPPR Adjustment               0.000
+ Uncertainty                   0.020
= Required Time                 0.237
  Arrival Time                  0.303
  Slack Time                    0.066
     Clock Rise Edge                 0.000
     + Clock Network Latency (Prop)  0.199
     = Beginpoint Arrival Time       0.199
     +---------------------------------------------------------------------------------------+ 
     |             Instance             |     Arc     |  Cell   | Delay | Arrival | Required | 
     |                                  |             |         |       |  Time   |   Time   | 
     |----------------------------------+-------------+---------+-------+---------+----------| 
     | datapath/EXMEM_aluResult_reg[30] | CK ^        |         |       |   0.199 |    0.133 | 
     | datapath/EXMEM_aluResult_reg[30] | CK ^ -> Q v | DFFR_X1 | 0.104 |   0.303 |    0.237 | 
     | datapath/MEMWB_aluResult_reg[30] | D v         | DFFR_X1 | 0.000 |   0.303 |    0.237 | 
     +---------------------------------------------------------------------------------------+ 
Path 32: MET Hold Check with Pin datapath/MEMWB_aluResult_reg[13]/CK 
Endpoint:   datapath/MEMWB_aluResult_reg[13]/D (v) checked with  leading edge 
of 'clk'
Beginpoint: datapath/EXMEM_aluResult_reg[13]/Q (v) triggered by  leading edge 
of 'clk'
Path Groups: {reg2reg}
Analysis View: RPT_TYP
Other End Arrival Time          0.207
+ Hold                          0.006
+ Phase Shift                   0.000
- CPPR Adjustment               0.000
+ Uncertainty                   0.020
= Required Time                 0.233
  Arrival Time                  0.299
  Slack Time                    0.066
     Clock Rise Edge                 0.000
     + Clock Network Latency (Prop)  0.203
     = Beginpoint Arrival Time       0.203
     +---------------------------------------------------------------------------------------+ 
     |             Instance             |     Arc     |  Cell   | Delay | Arrival | Required | 
     |                                  |             |         |       |  Time   |   Time   | 
     |----------------------------------+-------------+---------+-------+---------+----------| 
     | datapath/EXMEM_aluResult_reg[13] | CK ^        |         |       |   0.203 |    0.137 | 
     | datapath/EXMEM_aluResult_reg[13] | CK ^ -> Q v | DFFR_X1 | 0.095 |   0.299 |    0.233 | 
     | datapath/MEMWB_aluResult_reg[13] | D v         | DFFR_X1 | 0.000 |   0.299 |    0.233 | 
     +---------------------------------------------------------------------------------------+ 
Path 33: MET Hold Check with Pin datapath/EXMEM_regWrite_reg/CK 
Endpoint:   datapath/EXMEM_regWrite_reg/D (v) checked with  leading edge of 
'clk'
Beginpoint: datapath/IDEX_regWrite_reg/Q  (v) triggered by  leading edge of 
'clk'
Path Groups: {reg2reg}
Analysis View: RPT_TYP
Other End Arrival Time          0.185
+ Hold                          0.006
+ Phase Shift                   0.000
- CPPR Adjustment               0.000
+ Uncertainty                   0.020
= Required Time                 0.211
  Arrival Time                  0.277
  Slack Time                    0.066
     Clock Rise Edge                 0.000
     + Clock Network Latency (Prop)  0.182
     = Beginpoint Arrival Time       0.182
     +-----------------------------------------------------------------------------------+ 
     |          Instance           |     Arc     |   Cell   | Delay | Arrival | Required | 
     |                             |             |          |       |  Time   |   Time   | 
     |-----------------------------+-------------+----------+-------+---------+----------| 
     | datapath/IDEX_regWrite_reg  | CK ^        |          |       |   0.182 |    0.116 | 
     | datapath/IDEX_regWrite_reg  | CK ^ -> Q v | DFFR_X1  | 0.095 |   0.277 |    0.211 | 
     | datapath/EXMEM_regWrite_reg | D v         | DFFRS_X2 | 0.000 |   0.277 |    0.211 | 
     +-----------------------------------------------------------------------------------+ 
Path 34: MET Hold Check with Pin datapath/EXMEM_storeData_reg[11]/CK 
Endpoint:   datapath/EXMEM_storeData_reg[11]/D (v) checked with  leading edge 
of 'clk'
Beginpoint: datapath/IDEX_readData2_reg[11]/QN (^) triggered by  leading edge 
of 'clk'
Path Groups: {reg2reg}
Analysis View: RPT_TYP
Other End Arrival Time          0.208
+ Hold                          0.006
+ Phase Shift                   0.000
- CPPR Adjustment               0.000
+ Uncertainty                   0.020
= Required Time                 0.234
  Arrival Time                  0.300
  Slack Time                    0.066
     Clock Rise Edge                 0.000
     + Clock Network Latency (Prop)  0.204
     = Beginpoint Arrival Time       0.204
     +------------------------------------------------------------------------------------------+ 
     |             Instance             |     Arc      |   Cell    | Delay | Arrival | Required | 
     |                                  |              |           |       |  Time   |   Time   | 
     |----------------------------------+--------------+-----------+-------+---------+----------| 
     | datapath/IDEX_readData2_reg[11]  | CK ^         |           |       |   0.204 |    0.138 | 
     | datapath/IDEX_readData2_reg[11]  | CK ^ -> QN ^ | DFFR_X1   | 0.073 |   0.278 |    0.211 | 
     | datapath/g26271                  | A2 ^ -> ZN v | OAI222_X1 | 0.023 |   0.300 |    0.234 | 
     | datapath/EXMEM_storeData_reg[11] | D v          | DFFR_X1   | 0.000 |   0.300 |    0.234 | 
     +------------------------------------------------------------------------------------------+ 
Path 35: MET Hold Check with Pin datapath/MEMWB_aluResult_reg[16]/CK 
Endpoint:   datapath/MEMWB_aluResult_reg[16]/D (v) checked with  leading edge 
of 'clk'
Beginpoint: datapath/EXMEM_aluResult_reg[16]/Q (v) triggered by  leading edge 
of 'clk'
Path Groups: {reg2reg}
Analysis View: RPT_TYP
Other End Arrival Time          0.209
+ Hold                          0.006
+ Phase Shift                   0.000
- CPPR Adjustment               0.000
+ Uncertainty                   0.020
= Required Time                 0.235
  Arrival Time                  0.302
  Slack Time                    0.067
     Clock Rise Edge                 0.000
     + Clock Network Latency (Prop)  0.207
     = Beginpoint Arrival Time       0.207
     +---------------------------------------------------------------------------------------+ 
     |             Instance             |     Arc     |  Cell   | Delay | Arrival | Required | 
     |                                  |             |         |       |  Time   |   Time   | 
     |----------------------------------+-------------+---------+-------+---------+----------| 
     | datapath/EXMEM_aluResult_reg[16] | CK ^        |         |       |   0.207 |    0.140 | 
     | datapath/EXMEM_aluResult_reg[16] | CK ^ -> Q v | DFFR_X1 | 0.095 |   0.302 |    0.235 | 
     | datapath/MEMWB_aluResult_reg[16] | D v         | DFFR_X1 | 0.000 |   0.302 |    0.235 | 
     +---------------------------------------------------------------------------------------+ 
Path 36: MET Hold Check with Pin datapath/MEMWB_aluResult_reg[20]/CK 
Endpoint:   datapath/MEMWB_aluResult_reg[20]/D (v) checked with  leading edge 
of 'clk'
Beginpoint: datapath/EXMEM_aluResult_reg[20]/Q (v) triggered by  leading edge 
of 'clk'
Path Groups: {reg2reg}
Analysis View: RPT_TYP
Other End Arrival Time          0.207
+ Hold                          0.006
+ Phase Shift                   0.000
- CPPR Adjustment               0.000
+ Uncertainty                   0.020
= Required Time                 0.233
  Arrival Time                  0.300
  Slack Time                    0.067
     Clock Rise Edge                 0.000
     + Clock Network Latency (Prop)  0.204
     = Beginpoint Arrival Time       0.204
     +---------------------------------------------------------------------------------------+ 
     |             Instance             |     Arc     |  Cell   | Delay | Arrival | Required | 
     |                                  |             |         |       |  Time   |   Time   | 
     |----------------------------------+-------------+---------+-------+---------+----------| 
     | datapath/EXMEM_aluResult_reg[20] | CK ^        |         |       |   0.204 |    0.137 | 
     | datapath/EXMEM_aluResult_reg[20] | CK ^ -> Q v | DFFR_X1 | 0.096 |   0.300 |    0.233 | 
     | datapath/MEMWB_aluResult_reg[20] | D v         | DFFR_X1 | 0.000 |   0.300 |    0.233 | 
     +---------------------------------------------------------------------------------------+ 
Path 37: MET Hold Check with Pin datapath/MEMWB_aluResult_reg[12]/CK 
Endpoint:   datapath/MEMWB_aluResult_reg[12]/D (v) checked with  leading edge 
of 'clk'
Beginpoint: datapath/EXMEM_aluResult_reg[12]/Q (v) triggered by  leading edge 
of 'clk'
Path Groups: {reg2reg}
Analysis View: RPT_TYP
Other End Arrival Time          0.208
+ Hold                          0.006
+ Phase Shift                   0.000
- CPPR Adjustment               0.000
+ Uncertainty                   0.020
= Required Time                 0.234
  Arrival Time                  0.301
  Slack Time                    0.067
     Clock Rise Edge                 0.000
     + Clock Network Latency (Prop)  0.204
     = Beginpoint Arrival Time       0.204
     +---------------------------------------------------------------------------------------+ 
     |             Instance             |     Arc     |  Cell   | Delay | Arrival | Required | 
     |                                  |             |         |       |  Time   |   Time   | 
     |----------------------------------+-------------+---------+-------+---------+----------| 
     | datapath/EXMEM_aluResult_reg[12] | CK ^        |         |       |   0.204 |    0.137 | 
     | datapath/EXMEM_aluResult_reg[12] | CK ^ -> Q v | DFFR_X1 | 0.097 |   0.301 |    0.234 | 
     | datapath/MEMWB_aluResult_reg[12] | D v         | DFFR_X1 | 0.000 |   0.301 |    0.234 | 
     +---------------------------------------------------------------------------------------+ 
Path 38: MET Hold Check with Pin datapath/EXMEM_storeData_reg[18]/CK 
Endpoint:   datapath/EXMEM_storeData_reg[18]/D (v) checked with  leading edge 
of 'clk'
Beginpoint: datapath/IDEX_readData2_reg[18]/QN (^) triggered by  leading edge 
of 'clk'
Path Groups: {reg2reg}
Analysis View: RPT_TYP
Other End Arrival Time          0.210
+ Hold                          0.006
+ Phase Shift                   0.000
- CPPR Adjustment               0.000
+ Uncertainty                   0.020
= Required Time                 0.235
  Arrival Time                  0.303
  Slack Time                    0.067
     Clock Rise Edge                 0.000
     + Clock Network Latency (Prop)  0.206
     = Beginpoint Arrival Time       0.206
     +------------------------------------------------------------------------------------------+ 
     |             Instance             |     Arc      |   Cell    | Delay | Arrival | Required | 
     |                                  |              |           |       |  Time   |   Time   | 
     |----------------------------------+--------------+-----------+-------+---------+----------| 
     | datapath/IDEX_readData2_reg[18]  | CK ^         |           |       |   0.206 |    0.138 | 
     | datapath/IDEX_readData2_reg[18]  | CK ^ -> QN ^ | DFFR_X1   | 0.073 |   0.279 |    0.212 | 
     | datapath/g26261                  | A2 ^ -> ZN v | OAI222_X1 | 0.024 |   0.303 |    0.235 | 
     | datapath/EXMEM_storeData_reg[18] | D v          | DFFR_X1   | 0.000 |   0.303 |    0.235 | 
     +------------------------------------------------------------------------------------------+ 
Path 39: MET Hold Check with Pin datapath/EXMEM_storeData_reg[12]/CK 
Endpoint:   datapath/EXMEM_storeData_reg[12]/D (v) checked with  leading edge 
of 'clk'
Beginpoint: datapath/IDEX_readData2_reg[12]/QN (^) triggered by  leading edge 
of 'clk'
Path Groups: {reg2reg}
Analysis View: RPT_TYP
Other End Arrival Time          0.208
+ Hold                          0.006
+ Phase Shift                   0.000
- CPPR Adjustment               0.000
+ Uncertainty                   0.020
= Required Time                 0.234
  Arrival Time                  0.301
  Slack Time                    0.067
     Clock Rise Edge                 0.000
     + Clock Network Latency (Prop)  0.204
     = Beginpoint Arrival Time       0.204
     +------------------------------------------------------------------------------------------+ 
     |             Instance             |     Arc      |   Cell    | Delay | Arrival | Required | 
     |                                  |              |           |       |  Time   |   Time   | 
     |----------------------------------+--------------+-----------+-------+---------+----------| 
     | datapath/IDEX_readData2_reg[12]  | CK ^         |           |       |   0.204 |    0.137 | 
     | datapath/IDEX_readData2_reg[12]  | CK ^ -> QN ^ | DFFR_X1   | 0.073 |   0.278 |    0.210 | 
     | datapath/g26272                  | A2 ^ -> ZN v | OAI222_X1 | 0.024 |   0.301 |    0.234 | 
     | datapath/EXMEM_storeData_reg[12] | D v          | DFFR_X1   | 0.000 |   0.301 |    0.234 | 
     +------------------------------------------------------------------------------------------+ 
Path 40: MET Hold Check with Pin datapath/MEMWB_aluResult_reg[31]/CK 
Endpoint:   datapath/MEMWB_aluResult_reg[31]/D (v) checked with  leading edge 
of 'clk'
Beginpoint: datapath/EXMEM_aluResult_reg[31]/Q (v) triggered by  leading edge 
of 'clk'
Path Groups: {reg2reg}
Analysis View: RPT_TYP
Other End Arrival Time          0.211
+ Hold                          0.006
+ Phase Shift                   0.000
- CPPR Adjustment               0.000
+ Uncertainty                   0.020
= Required Time                 0.237
  Arrival Time                  0.305
  Slack Time                    0.068
     Clock Rise Edge                 0.000
     + Clock Network Latency (Prop)  0.199
     = Beginpoint Arrival Time       0.199
     +---------------------------------------------------------------------------------------+ 
     |             Instance             |     Arc     |  Cell   | Delay | Arrival | Required | 
     |                                  |             |         |       |  Time   |   Time   | 
     |----------------------------------+-------------+---------+-------+---------+----------| 
     | datapath/EXMEM_aluResult_reg[31] | CK ^        |         |       |   0.199 |    0.131 | 
     | datapath/EXMEM_aluResult_reg[31] | CK ^ -> Q v | DFFR_X2 | 0.106 |   0.305 |    0.237 | 
     | datapath/MEMWB_aluResult_reg[31] | D v         | DFFR_X1 | 0.000 |   0.305 |    0.237 | 
     +---------------------------------------------------------------------------------------+ 
Path 41: MET Hold Check with Pin datapath/EXMEM_storeData_reg[23]/CK 
Endpoint:   datapath/EXMEM_storeData_reg[23]/D (v) checked with  leading edge 
of 'clk'
Beginpoint: datapath/IDEX_readData2_reg[23]/QN (^) triggered by  leading edge 
of 'clk'
Path Groups: {reg2reg}
Analysis View: RPT_TYP
Other End Arrival Time          0.208
+ Hold                          0.005
+ Phase Shift                   0.000
- CPPR Adjustment               0.000
+ Uncertainty                   0.020
= Required Time                 0.233
  Arrival Time                  0.301
  Slack Time                    0.068
     Clock Rise Edge                 0.000
     + Clock Network Latency (Prop)  0.205
     = Beginpoint Arrival Time       0.205
     +------------------------------------------------------------------------------------------+ 
     |             Instance             |     Arc      |   Cell    | Delay | Arrival | Required | 
     |                                  |              |           |       |  Time   |   Time   | 
     |----------------------------------+--------------+-----------+-------+---------+----------| 
     | datapath/IDEX_readData2_reg[23]  | CK ^         |           |       |   0.205 |    0.137 | 
     | datapath/IDEX_readData2_reg[23]  | CK ^ -> QN ^ | DFFR_X1   | 0.073 |   0.278 |    0.210 | 
     | datapath/g26265                  | A2 ^ -> ZN v | OAI222_X1 | 0.023 |   0.301 |    0.233 | 
     | datapath/EXMEM_storeData_reg[23] | D v          | DFFR_X1   | 0.000 |   0.301 |    0.233 | 
     +------------------------------------------------------------------------------------------+ 
Path 42: MET Hold Check with Pin datapath/MEMWB_aluResult_reg[23]/CK 
Endpoint:   datapath/MEMWB_aluResult_reg[23]/D (v) checked with  leading edge 
of 'clk'
Beginpoint: datapath/EXMEM_aluResult_reg[23]/Q (v) triggered by  leading edge 
of 'clk'
Path Groups: {reg2reg}
Analysis View: RPT_TYP
Other End Arrival Time          0.209
+ Hold                          0.006
+ Phase Shift                   0.000
- CPPR Adjustment               0.000
+ Uncertainty                   0.020
= Required Time                 0.234
  Arrival Time                  0.303
  Slack Time                    0.069
     Clock Rise Edge                 0.000
     + Clock Network Latency (Prop)  0.207
     = Beginpoint Arrival Time       0.207
     +---------------------------------------------------------------------------------------+ 
     |             Instance             |     Arc     |  Cell   | Delay | Arrival | Required | 
     |                                  |             |         |       |  Time   |   Time   | 
     |----------------------------------+-------------+---------+-------+---------+----------| 
     | datapath/EXMEM_aluResult_reg[23] | CK ^        |         |       |   0.207 |    0.139 | 
     | datapath/EXMEM_aluResult_reg[23] | CK ^ -> Q v | DFFR_X1 | 0.096 |   0.303 |    0.234 | 
     | datapath/MEMWB_aluResult_reg[23] | D v         | DFFR_X1 | 0.000 |   0.303 |    0.234 | 
     +---------------------------------------------------------------------------------------+ 
Path 43: MET Hold Check with Pin datapath/MEMWB_aluResult_reg[28]/CK 
Endpoint:   datapath/MEMWB_aluResult_reg[28]/D (v) checked with  leading edge 
of 'clk'
Beginpoint: datapath/EXMEM_aluResult_reg[28]/Q (v) triggered by  leading edge 
of 'clk'
Path Groups: {reg2reg}
Analysis View: RPT_TYP
Other End Arrival Time          0.208
+ Hold                          0.006
+ Phase Shift                   0.000
- CPPR Adjustment               0.000
+ Uncertainty                   0.020
= Required Time                 0.234
  Arrival Time                  0.303
  Slack Time                    0.069
     Clock Rise Edge                 0.000
     + Clock Network Latency (Prop)  0.199
     = Beginpoint Arrival Time       0.199
     +---------------------------------------------------------------------------------------+ 
     |             Instance             |     Arc     |  Cell   | Delay | Arrival | Required | 
     |                                  |             |         |       |  Time   |   Time   | 
     |----------------------------------+-------------+---------+-------+---------+----------| 
     | datapath/EXMEM_aluResult_reg[28] | CK ^        |         |       |   0.199 |    0.130 | 
     | datapath/EXMEM_aluResult_reg[28] | CK ^ -> Q v | DFFR_X1 | 0.104 |   0.303 |    0.234 | 
     | datapath/MEMWB_aluResult_reg[28] | D v         | DFFR_X1 | 0.000 |   0.303 |    0.234 | 
     +---------------------------------------------------------------------------------------+ 
Path 44: MET Hold Check with Pin datapath/MEMWB_aluResult_reg[5]/CK 
Endpoint:   datapath/MEMWB_aluResult_reg[5]/D (v) checked with  leading edge of 
'clk'
Beginpoint: datapath/EXMEM_aluResult_reg[5]/Q (v) triggered by  leading edge of 
'clk'
Path Groups: {reg2reg}
Analysis View: RPT_TYP
Other End Arrival Time          0.209
+ Hold                          0.006
+ Phase Shift                   0.000
- CPPR Adjustment               0.000
+ Uncertainty                   0.020
= Required Time                 0.235
  Arrival Time                  0.304
  Slack Time                    0.069
     Clock Rise Edge                 0.000
     + Clock Network Latency (Prop)  0.206
     = Beginpoint Arrival Time       0.206
     +--------------------------------------------------------------------------------------+ 
     |            Instance             |     Arc     |  Cell   | Delay | Arrival | Required | 
     |                                 |             |         |       |  Time   |   Time   | 
     |---------------------------------+-------------+---------+-------+---------+----------| 
     | datapath/EXMEM_aluResult_reg[5] | CK ^        |         |       |   0.206 |    0.137 | 
     | datapath/EXMEM_aluResult_reg[5] | CK ^ -> Q v | DFFR_X1 | 0.098 |   0.304 |    0.235 | 
     | datapath/MEMWB_aluResult_reg[5] | D v         | DFFR_X1 | 0.000 |   0.304 |    0.235 | 
     +--------------------------------------------------------------------------------------+ 
Path 45: MET Hold Check with Pin datapath/MEMWB_aluResult_reg[15]/CK 
Endpoint:   datapath/MEMWB_aluResult_reg[15]/D (v) checked with  leading edge 
of 'clk'
Beginpoint: datapath/EXMEM_aluResult_reg[15]/Q (v) triggered by  leading edge 
of 'clk'
Path Groups: {reg2reg}
Analysis View: RPT_TYP
Other End Arrival Time          0.211
+ Hold                          0.006
+ Phase Shift                   0.000
- CPPR Adjustment               0.000
+ Uncertainty                   0.020
= Required Time                 0.237
  Arrival Time                  0.306
  Slack Time                    0.069
     Clock Rise Edge                 0.000
     + Clock Network Latency (Prop)  0.207
     = Beginpoint Arrival Time       0.207
     +---------------------------------------------------------------------------------------+ 
     |             Instance             |     Arc     |  Cell   | Delay | Arrival | Required | 
     |                                  |             |         |       |  Time   |   Time   | 
     |----------------------------------+-------------+---------+-------+---------+----------| 
     | datapath/EXMEM_aluResult_reg[15] | CK ^        |         |       |   0.207 |    0.138 | 
     | datapath/EXMEM_aluResult_reg[15] | CK ^ -> Q v | DFFR_X1 | 0.099 |   0.306 |    0.237 | 
     | datapath/MEMWB_aluResult_reg[15] | D v         | DFFR_X1 | 0.000 |   0.306 |    0.237 | 
     +---------------------------------------------------------------------------------------+ 
Path 46: MET Hold Check with Pin datapath/MEMWB_regWrite_reg/CK 
Endpoint:   datapath/MEMWB_regWrite_reg/D (^) checked with  leading edge of 
'clk'
Beginpoint: datapath/EXMEM_regWrite_reg/Q (^) triggered by  leading edge of 
'clk'
Path Groups: {reg2reg}
Analysis View: RPT_TYP
Other End Arrival Time          0.183
+ Hold                          0.012
+ Phase Shift                   0.000
- CPPR Adjustment               0.000
+ Uncertainty                   0.020
= Required Time                 0.215
  Arrival Time                  0.285
  Slack Time                    0.070
     Clock Rise Edge                 0.000
     + Clock Network Latency (Prop)  0.182
     = Beginpoint Arrival Time       0.182
     +-----------------------------------------------------------------------------------+ 
     |          Instance           |     Arc     |   Cell   | Delay | Arrival | Required | 
     |                             |             |          |       |  Time   |   Time   | 
     |-----------------------------+-------------+----------+-------+---------+----------| 
     | datapath/EXMEM_regWrite_reg | CK ^        |          |       |   0.182 |    0.112 | 
     | datapath/EXMEM_regWrite_reg | CK ^ -> Q ^ | DFFRS_X2 | 0.102 |   0.285 |    0.215 | 
     | datapath/MEMWB_regWrite_reg | D ^         | DFFR_X1  | 0.000 |   0.285 |    0.215 | 
     +-----------------------------------------------------------------------------------+ 
Path 47: MET Hold Check with Pin datapath/MEMWB_aluResult_reg[6]/CK 
Endpoint:   datapath/MEMWB_aluResult_reg[6]/D (v) checked with  leading edge of 
'clk'
Beginpoint: datapath/EXMEM_aluResult_reg[6]/Q (v) triggered by  leading edge of 
'clk'
Path Groups: {reg2reg}
Analysis View: RPT_TYP
Other End Arrival Time          0.208
+ Hold                          0.006
+ Phase Shift                   0.000
- CPPR Adjustment               0.000
+ Uncertainty                   0.020
= Required Time                 0.234
  Arrival Time                  0.304
  Slack Time                    0.070
     Clock Rise Edge                 0.000
     + Clock Network Latency (Prop)  0.208
     = Beginpoint Arrival Time       0.208
     +--------------------------------------------------------------------------------------+ 
     |            Instance             |     Arc     |  Cell   | Delay | Arrival | Required | 
     |                                 |             |         |       |  Time   |   Time   | 
     |---------------------------------+-------------+---------+-------+---------+----------| 
     | datapath/EXMEM_aluResult_reg[6] | CK ^        |         |       |   0.208 |    0.138 | 
     | datapath/EXMEM_aluResult_reg[6] | CK ^ -> Q v | DFFR_X1 | 0.096 |   0.304 |    0.234 | 
     | datapath/MEMWB_aluResult_reg[6] | D v         | DFFR_X1 | 0.000 |   0.304 |    0.234 | 
     +--------------------------------------------------------------------------------------+ 
Path 48: MET Hold Check with Pin datapath/MEMWB_aluResult_reg[29]/CK 
Endpoint:   datapath/MEMWB_aluResult_reg[29]/D (v) checked with  leading edge 
of 'clk'
Beginpoint: datapath/EXMEM_aluResult_reg[29]/Q (v) triggered by  leading edge 
of 'clk'
Path Groups: {reg2reg}
Analysis View: RPT_TYP
Other End Arrival Time          0.208
+ Hold                          0.006
+ Phase Shift                   0.000
- CPPR Adjustment               0.000
+ Uncertainty                   0.020
= Required Time                 0.234
  Arrival Time                  0.304
  Slack Time                    0.070
     Clock Rise Edge                 0.000
     + Clock Network Latency (Prop)  0.199
     = Beginpoint Arrival Time       0.199
     +---------------------------------------------------------------------------------------+ 
     |             Instance             |     Arc     |  Cell   | Delay | Arrival | Required | 
     |                                  |             |         |       |  Time   |   Time   | 
     |----------------------------------+-------------+---------+-------+---------+----------| 
     | datapath/EXMEM_aluResult_reg[29] | CK ^        |         |       |   0.199 |    0.129 | 
     | datapath/EXMEM_aluResult_reg[29] | CK ^ -> Q v | DFFR_X1 | 0.105 |   0.304 |    0.234 | 
     | datapath/MEMWB_aluResult_reg[29] | D v         | DFFR_X1 | 0.000 |   0.304 |    0.234 | 
     +---------------------------------------------------------------------------------------+ 
Path 49: MET Hold Check with Pin datapath/EXMEM_storeData_reg[20]/CK 
Endpoint:   datapath/EXMEM_storeData_reg[20]/D (v) checked with  leading edge 
of 'clk'
Beginpoint: datapath/IDEX_readData2_reg[20]/QN (^) triggered by  leading edge 
of 'clk'
Path Groups: {reg2reg}
Analysis View: RPT_TYP
Other End Arrival Time          0.209
+ Hold                          0.005
+ Phase Shift                   0.000
- CPPR Adjustment               0.000
+ Uncertainty                   0.020
= Required Time                 0.234
  Arrival Time                  0.305
  Slack Time                    0.071
     Clock Rise Edge                 0.000
     + Clock Network Latency (Prop)  0.208
     = Beginpoint Arrival Time       0.208
     +------------------------------------------------------------------------------------------+ 
     |             Instance             |     Arc      |   Cell    | Delay | Arrival | Required | 
     |                                  |              |           |       |  Time   |   Time   | 
     |----------------------------------+--------------+-----------+-------+---------+----------| 
     | datapath/IDEX_readData2_reg[20]  | CK ^         |           |       |   0.208 |    0.138 | 
     | datapath/IDEX_readData2_reg[20]  | CK ^ -> QN ^ | DFFR_X1   | 0.074 |   0.282 |    0.211 | 
     | datapath/g26263                  | A2 ^ -> ZN v | OAI222_X1 | 0.023 |   0.305 |    0.234 | 
     | datapath/EXMEM_storeData_reg[20] | D v          | DFFR_X1   | 0.000 |   0.305 |    0.234 | 
     +------------------------------------------------------------------------------------------+ 
Path 50: MET Hold Check with Pin datapath/IF_pc_reg[1]/CK 
Endpoint:   datapath/IF_pc_reg[1]/SI (^) checked with  leading edge of 'clk'
Beginpoint: datapath/IF_pc_reg[1]/Q  (^) triggered by  leading edge of 'clk'
Path Groups: {reg2reg}
Analysis View: RPT_TYP
Other End Arrival Time          0.201
+ Hold                         -0.009
+ Phase Shift                   0.000
- CPPR Adjustment               0.000
+ Uncertainty                   0.020
= Required Time                 0.212
  Arrival Time                  0.282
  Slack Time                    0.071
     Clock Rise Edge                 0.000
     + Clock Network Latency (Prop)  0.198
     = Beginpoint Arrival Time       0.198
     +-----------------------------------------------------------------------------+ 
     |       Instance        |     Arc     |   Cell   | Delay | Arrival | Required | 
     |                       |             |          |       |  Time   |   Time   | 
     |-----------------------+-------------+----------+-------+---------+----------| 
     | datapath/IF_pc_reg[1] | CK ^        |          |       |   0.198 |    0.127 | 
     | datapath/IF_pc_reg[1] | CK ^ -> Q ^ | SDFFR_X1 | 0.084 |   0.282 |    0.212 | 
     | datapath/IF_pc_reg[1] | SI ^        | SDFFR_X1 | 0.000 |   0.282 |    0.212 | 
     +-----------------------------------------------------------------------------+ 

