 ------------------------------------------------------------------------------------------------------------------------------------------------------------------- 
| Snapshot                | WNS                  | TNS                  | Density (%) | Hotspot                   | Resource               | DRVs       | Layer-OPT |
|                         | HEPG (ns) | ALL (ns) | HEPG (ns) | ALL (ns) |             | Max (bins) | Total (bins) | Real (s) | Memory (MB) | Tran | Cap | metal4    |
|-------------------------+-----------+----------+-----------+----------+-------------+------------+--------------+----------+-------------+------+-----+-----------|
| initial_summary         |           |   -2.319 |           |     -342 |       67.84 |            |              | 0:00:05  |        3316 |  213 |  63 |           |
| simplify_netlist        |           |          |           |          |             |            |              | 0:00:01  |        3320 |      |     |           |
| drv_fixing              |     0.000 |   -2.319 |         0 |     -342 |       68.10 |            |              | 0:00:02  |        3351 |      |     |           |
| drv_fixing_2            |     0.000 |   -0.979 |         0 |      -73 |       69.05 |            |              | 0:00:04  |        3360 |   32 |  30 |         1 |
| global_opt              |           |   -0.396 |           |       -1 |       69.35 |            |              | 0:00:08  |        3374 |      |     |        10 |
| area_reclaiming         |     0.000 |   -0.385 |         0 |       -1 |       69.18 |            |              | 0:00:03  |        3377 |      |     |         6 |
| incremental_replacement |    -0.387 |   -0.387 |           |       -1 |             |       0.00 |         0.00 | 0:00:26  |        3374 |      |     |           |
| drv_fixing_3            |    -0.387 |   -0.387 |        -1 |       -1 |       69.24 |            |              | 0:00:02  |        3374 |    0 |   0 |         6 |
| tns_fixing              |    -0.362 |   -0.362 |        -1 |       -1 |       69.25 |            |              | 0:00:02  |        3481 |      |     |         7 |
| wns_fixing              |     0.037 |    0.037 |         0 |        0 |       69.79 |            |              | 0:01:54  |        3477 |      |     |        13 |
| area_reclaiming_2       |    -0.001 |   -0.001 |        -0 |       -0 |       69.56 |            |              | 0:00:07  |        3405 |      |     |        11 |
| area_reclaiming_3       |    -0.001 |   -0.001 |        -0 |       -0 |       69.46 |            |              | 0:00:02  |        3422 |      |     |         4 |
| drv_eco_fixing          |    -0.001 |   -0.001 |        -0 |       -0 |       69.47 |            |              | 0:00:01  |        3422 |    3 |   0 |         4 |
| tns_eco_fixing          |     0.001 |    0.001 |         0 |        0 |       69.48 |            |              | 0:00:01  |        3506 |      |     |         4 |
| final_summary           |    -0.004 |   -0.004 |           |       -0 |       69.48 |            |              | 0:00:02  |        3382 |    0 |   0 |           |
 ------------------------------------------------------------------------------------------------------------------------------------------------------------------- 
