###############################################################
#  Generated by:      Cadence Innovus 23.12-s091_1
#  OS:                Linux x86_64(Host ID nanohub-2907570-14)
#  Generated on:      Mon Aug 10 21:13:20 2026
#  Design:            pipelined_cpu_core
#  Command:           report_timing -early -max_paths 50 -nworst 1 > reports/41_final_hold.rpt
###############################################################
Path 1: MET Hold Check with Pin datapath/MEMWB_aluResult_reg[2]/CK 
Endpoint:   datapath/MEMWB_aluResult_reg[2]/D  (^) checked with  leading edge 
of 'clk'
Beginpoint: datapath/EXMEM_aluResult_reg[2]/QN (v) triggered by  leading edge 
of 'clk'
Path Groups: {reg2reg}
Analysis View: BC_VIEW
Other End Arrival Time          0.073
+ Hold                          0.006
+ Phase Shift                   0.000
- CPPR Adjustment               0.000
+ Uncertainty                   0.020
= Required Time                 0.099
  Arrival Time                  0.120
  Slack Time                    0.021
     Clock Rise Edge                 0.000
     + Clock Network Latency (Prop)  0.052
     = Beginpoint Arrival Time       0.052
     +---------------------------------------------------------------------------------------+ 
     |            Instance             |     Arc      |  Cell   | Delay | Arrival | Required | 
     |                                 |              |         |       |  Time   |   Time   | 
     |---------------------------------+--------------+---------+-------+---------+----------| 
     | datapath/EXMEM_aluResult_reg[2] | CK ^         |         |       |   0.052 |    0.031 | 
     | datapath/EXMEM_aluResult_reg[2] | CK ^ -> QN v | DFFR_X1 | 0.044 |   0.096 |    0.075 | 
     | datapath/FE_OFC1531_n_2517      | A v -> ZN ^  | INV_X1  | 0.024 |   0.119 |    0.099 | 
     | datapath/MEMWB_aluResult_reg[2] | D ^          | DFFR_X1 | 0.000 |   0.120 |    0.099 | 
     +---------------------------------------------------------------------------------------+ 
Path 2: MET Hold Check with Pin datapath/MEMWB_aluResult_reg[3]/CK 
Endpoint:   datapath/MEMWB_aluResult_reg[3]/D (v) checked with  leading edge of 
'clk'
Beginpoint: datapath/EXMEM_aluResult_reg[3]/Q (v) triggered by  leading edge of 
'clk'
Path Groups: {reg2reg}
Analysis View: BC_VIEW
Other End Arrival Time          0.073
+ Hold                          0.004
+ Phase Shift                   0.000
- CPPR Adjustment               0.000
+ Uncertainty                   0.020
= Required Time                 0.097
  Arrival Time                  0.118
  Slack Time                    0.021
     Clock Rise Edge                 0.000
     + Clock Network Latency (Prop)  0.053
     = Beginpoint Arrival Time       0.053
     +--------------------------------------------------------------------------------------+ 
     |            Instance             |     Arc     |  Cell   | Delay | Arrival | Required | 
     |                                 |             |         |       |  Time   |   Time   | 
     |---------------------------------+-------------+---------+-------+---------+----------| 
     | datapath/EXMEM_aluResult_reg[3] | CK ^        |         |       |   0.053 |    0.032 | 
     | datapath/EXMEM_aluResult_reg[3] | CK ^ -> Q v | DFFR_X1 | 0.065 |   0.118 |    0.097 | 
     | datapath/MEMWB_aluResult_reg[3] | D v         | DFFR_X1 | 0.000 |   0.118 |    0.097 | 
     +--------------------------------------------------------------------------------------+ 
Path 3: MET Hold Check with Pin datapath/MEMWB_aluResult_reg[25]/CK 
Endpoint:   datapath/MEMWB_aluResult_reg[25]/D (v) checked with  leading edge 
of 'clk'
Beginpoint: datapath/EXMEM_aluResult_reg[25]/Q (v) triggered by  leading edge 
of 'clk'
Path Groups: {reg2reg}
Analysis View: BC_VIEW
Other End Arrival Time          0.064
+ Hold                          0.005
+ Phase Shift                   0.000
- CPPR Adjustment               0.000
+ Uncertainty                   0.020
= Required Time                 0.088
  Arrival Time                  0.112
  Slack Time                    0.024
     Clock Rise Edge                 0.000
     + Clock Network Latency (Prop)  0.050
     = Beginpoint Arrival Time       0.050
     +---------------------------------------------------------------------------------------+ 
     |             Instance             |     Arc     |  Cell   | Delay | Arrival | Required | 
     |                                  |             |         |       |  Time   |   Time   | 
     |----------------------------------+-------------+---------+-------+---------+----------| 
     | datapath/EXMEM_aluResult_reg[25] | CK ^        |         |       |   0.050 |    0.026 | 
     | datapath/EXMEM_aluResult_reg[25] | CK ^ -> Q v | DFFR_X1 | 0.062 |   0.112 |    0.088 | 
     | datapath/MEMWB_aluResult_reg[25] | D v         | DFFR_X1 | 0.000 |   0.112 |    0.088 | 
     +---------------------------------------------------------------------------------------+ 
Path 4: MET Hold Check with Pin datapath/EXMEM_storeData_reg[1]/CK 
Endpoint:   datapath/EXMEM_storeData_reg[1]/D (v) checked with  leading edge of 
'clk'
Beginpoint: datapath/IDEX_rs2_reg[3]/QN       (^) triggered by  leading edge of 
'clk'
Path Groups: {reg2reg}
Analysis View: BC_VIEW
Other End Arrival Time          0.073
+ Hold                          0.004
+ Phase Shift                   0.000
- CPPR Adjustment               0.000
+ Uncertainty                   0.020
= Required Time                 0.097
  Arrival Time                  0.124
  Slack Time                    0.027
     Clock Rise Edge                 0.000
     + Clock Network Latency (Prop)  -0.012
     = Beginpoint Arrival Time       -0.012
     +-----------------------------------------------------------------------------------------+ 
     |            Instance             |     Arc      |   Cell    | Delay | Arrival | Required | 
     |                                 |              |           |       |  Time   |   Time   | 
     |---------------------------------+--------------+-----------+-------+---------+----------| 
     | datapath/IDEX_rs2_reg[3]        | CK ^         |           |       |  -0.012 |   -0.039 | 
     | datapath/IDEX_rs2_reg[3]        | CK ^ -> QN ^ | DFFR_X1   | 0.048 |   0.035 |    0.008 | 
     | ALU_forward/g3527__6131_dup     | A1 ^ -> ZN v | NAND2_X1  | 0.012 |   0.047 |    0.021 | 
     | ALU_forward/FE_RC_2507_0        | A3 v -> ZN ^ | NAND3_X1  | 0.014 |   0.062 |    0.035 | 
     | ALU_forward/FE_RC_2505_0        | A2 ^ -> ZN v | NOR2_X2   | 0.009 |   0.071 |    0.044 | 
     | ALU_forward/FE_RC_2502_0        | A3 v -> ZN ^ | NAND3_X4  | 0.017 |   0.088 |    0.061 | 
     | datapath/FE_RC_586_0            | A2 ^ -> ZN v | NOR2_X2   | 0.016 |   0.104 |    0.078 | 
     | datapath/g32611                 | A1 v -> ZN ^ | AOI222_X1 | 0.014 |   0.119 |    0.092 | 
     | datapath/g32607                 | A ^ -> ZN v  | INV_X1    | 0.005 |   0.124 |    0.097 | 
     | datapath/EXMEM_storeData_reg[1] | D v          | DFFR_X1   | 0.000 |   0.124 |    0.097 | 
     +-----------------------------------------------------------------------------------------+ 
Path 5: MET Hold Check with Pin datapath/IFID_instr_reg[0]/CK 
Endpoint:   datapath/IFID_instr_reg[0]/D  (v) checked with  leading edge of 
'clk'
Beginpoint: datapath/IFID_instr_reg[0]/QN (^) triggered by  leading edge of 
'clk'
Path Groups: {reg2reg}
Analysis View: BC_VIEW
Other End Arrival Time          0.052
+ Hold                          0.005
+ Phase Shift                   0.000
- CPPR Adjustment               0.000
+ Uncertainty                   0.020
= Required Time                 0.077
  Arrival Time                  0.106
  Slack Time                    0.028
     Clock Rise Edge                 0.000
     + Clock Network Latency (Prop)  0.052
     = Beginpoint Arrival Time       0.052
     +-----------------------------------------------------------------------------------+ 
     |          Instance          |     Arc      |   Cell   | Delay | Arrival | Required | 
     |                            |              |          |       |  Time   |   Time   | 
     |----------------------------+--------------+----------+-------+---------+----------| 
     | datapath/IFID_instr_reg[0] | CK ^         |          |       |   0.052 |    0.023 | 
     | datapath/IFID_instr_reg[0] | CK ^ -> QN ^ | DFFR_X1  | 0.045 |   0.097 |    0.068 | 
     | datapath/FE_RC_827_0       | A2 ^ -> ZN v | OAI22_X1 | 0.009 |   0.106 |    0.077 | 
     | datapath/IFID_instr_reg[0] | D v          | DFFR_X1  | 0.000 |   0.106 |    0.077 | 
     +-----------------------------------------------------------------------------------+ 
Path 6: MET Hold Check with Pin datapath/IFID_instr_reg[27]/CK 
Endpoint:   datapath/IFID_instr_reg[27]/D  (v) checked with  leading edge of 
'clk'
Beginpoint: datapath/IFID_instr_reg[27]/QN (^) triggered by  leading edge of 
'clk'
Path Groups: {reg2reg}
Analysis View: BC_VIEW
Other End Arrival Time          0.048
+ Hold                          0.005
+ Phase Shift                   0.000
- CPPR Adjustment               0.000
+ Uncertainty                   0.020
= Required Time                 0.073
  Arrival Time                  0.101
  Slack Time                    0.028
     Clock Rise Edge                 0.000
     + Clock Network Latency (Prop)  0.048
     = Beginpoint Arrival Time       0.048
     +------------------------------------------------------------------------------------+ 
     |          Instance           |     Arc      |   Cell   | Delay | Arrival | Required | 
     |                             |              |          |       |  Time   |   Time   | 
     |-----------------------------+--------------+----------+-------+---------+----------| 
     | datapath/IFID_instr_reg[27] | CK ^         |          |       |   0.048 |    0.019 | 
     | datapath/IFID_instr_reg[27] | CK ^ -> QN ^ | DFFR_X1  | 0.045 |   0.092 |    0.064 | 
     | datapath/FE_RC_3210_0       | A2 ^ -> ZN v | OAI22_X1 | 0.009 |   0.101 |    0.073 | 
     | datapath/IFID_instr_reg[27] | D v          | DFFR_X1  | 0.000 |   0.101 |    0.073 | 
     +------------------------------------------------------------------------------------+ 
Path 7: MET Hold Check with Pin datapath/IFID_instr_reg[13]/CK 
Endpoint:   datapath/IFID_instr_reg[13]/D  (v) checked with  leading edge of 
'clk'
Beginpoint: datapath/IFID_instr_reg[13]/QN (^) triggered by  leading edge of 
'clk'
Path Groups: {reg2reg}
Analysis View: BC_VIEW
Other End Arrival Time          0.048
+ Hold                          0.005
+ Phase Shift                   0.000
- CPPR Adjustment               0.000
+ Uncertainty                   0.020
= Required Time                 0.072
  Arrival Time                  0.101
  Slack Time                    0.028
     Clock Rise Edge                 0.000
     + Clock Network Latency (Prop)  0.047
     = Beginpoint Arrival Time       0.047
     +------------------------------------------------------------------------------------+ 
     |          Instance           |     Arc      |   Cell   | Delay | Arrival | Required | 
     |                             |              |          |       |  Time   |   Time   | 
     |-----------------------------+--------------+----------+-------+---------+----------| 
     | datapath/IFID_instr_reg[13] | CK ^         |          |       |   0.047 |    0.019 | 
     | datapath/IFID_instr_reg[13] | CK ^ -> QN ^ | DFFR_X1  | 0.045 |   0.092 |    0.064 | 
     | datapath/FE_RC_2735_0       | A2 ^ -> ZN v | OAI22_X1 | 0.009 |   0.101 |    0.072 | 
     | datapath/IFID_instr_reg[13] | D v          | DFFR_X1  | 0.000 |   0.101 |    0.072 | 
     +------------------------------------------------------------------------------------+ 
Path 8: MET Hold Check with Pin datapath/IFID_instr_reg[30]/CK 
Endpoint:   datapath/IFID_instr_reg[30]/D  (v) checked with  leading edge of 
'clk'
Beginpoint: datapath/IFID_instr_reg[30]/QN (^) triggered by  leading edge of 
'clk'
Path Groups: {reg2reg}
Analysis View: BC_VIEW
Other End Arrival Time          0.048
+ Hold                          0.005
+ Phase Shift                   0.000
- CPPR Adjustment               0.000
+ Uncertainty                   0.020
= Required Time                 0.073
  Arrival Time                  0.101
  Slack Time                    0.029
     Clock Rise Edge                 0.000
     + Clock Network Latency (Prop)  0.048
     = Beginpoint Arrival Time       0.048
     +------------------------------------------------------------------------------------+ 
     |          Instance           |     Arc      |   Cell   | Delay | Arrival | Required | 
     |                             |              |          |       |  Time   |   Time   | 
     |-----------------------------+--------------+----------+-------+---------+----------| 
     | datapath/IFID_instr_reg[30] | CK ^         |          |       |   0.048 |    0.019 | 
     | datapath/IFID_instr_reg[30] | CK ^ -> QN ^ | DFFR_X1  | 0.045 |   0.092 |    0.064 | 
     | datapath/FE_RC_3285_0       | A2 ^ -> ZN v | OAI22_X1 | 0.009 |   0.101 |    0.073 | 
     | datapath/IFID_instr_reg[30] | D v          | DFFR_X1  | 0.000 |   0.101 |    0.073 | 
     +------------------------------------------------------------------------------------+ 
Path 9: MET Hold Check with Pin datapath/IDEX_rd_reg[1]/CK 
Endpoint:   datapath/IDEX_rd_reg[1]/D     (v) checked with  leading edge of 
'clk'
Beginpoint: datapath/IFID_instr_reg[8]/QN (^) triggered by  leading edge of 
'clk'
Path Groups: {reg2reg}
Analysis View: BC_VIEW
Other End Arrival Time          0.052
+ Hold                          0.005
+ Phase Shift                   0.000
- CPPR Adjustment               0.000
+ Uncertainty                   0.020
= Required Time                 0.077
  Arrival Time                  0.106
  Slack Time                    0.029
     Clock Rise Edge                 0.000
     + Clock Network Latency (Prop)  0.052
     = Beginpoint Arrival Time       0.052
     +----------------------------------------------------------------------------------+ 
     |          Instance          |     Arc      |  Cell   | Delay | Arrival | Required | 
     |                            |              |         |       |  Time   |   Time   | 
     |----------------------------+--------------+---------+-------+---------+----------| 
     | datapath/IFID_instr_reg[8] | CK ^         |         |       |   0.052 |    0.023 | 
     | datapath/IFID_instr_reg[8] | CK ^ -> QN ^ | DFFR_X1 | 0.047 |   0.099 |    0.070 | 
     | datapath/g44412            | A2 ^ -> ZN v | NOR2_X1 | 0.007 |   0.106 |    0.077 | 
     | datapath/IDEX_rd_reg[1]    | D v          | DFFR_X1 | 0.000 |   0.106 |    0.077 | 
     +----------------------------------------------------------------------------------+ 
Path 10: MET Hold Check with Pin datapath/IFID_instr_reg[12]/CK 
Endpoint:   datapath/IFID_instr_reg[12]/D  (v) checked with  leading edge of 
'clk'
Beginpoint: datapath/IFID_instr_reg[12]/QN (^) triggered by  leading edge of 
'clk'
Path Groups: {reg2reg}
Analysis View: BC_VIEW
Other End Arrival Time          0.048
+ Hold                          0.005
+ Phase Shift                   0.000
- CPPR Adjustment               0.000
+ Uncertainty                   0.020
= Required Time                 0.073
  Arrival Time                  0.102
  Slack Time                    0.030
     Clock Rise Edge                 0.000
     + Clock Network Latency (Prop)  0.047
     = Beginpoint Arrival Time       0.047
     +------------------------------------------------------------------------------------+ 
     |          Instance           |     Arc      |   Cell   | Delay | Arrival | Required | 
     |                             |              |          |       |  Time   |   Time   | 
     |-----------------------------+--------------+----------+-------+---------+----------| 
     | datapath/IFID_instr_reg[12] | CK ^         |          |       |   0.047 |    0.018 | 
     | datapath/IFID_instr_reg[12] | CK ^ -> QN ^ | DFFR_X1  | 0.045 |   0.093 |    0.063 | 
     | datapath/FE_RC_3247_0       | A2 ^ -> ZN v | OAI22_X1 | 0.009 |   0.102 |    0.073 | 
     | datapath/IFID_instr_reg[12] | D v          | DFFR_X1  | 0.000 |   0.102 |    0.073 | 
     +------------------------------------------------------------------------------------+ 
Path 11: MET Hold Check with Pin datapath/IFID_instr_reg[3]/CK 
Endpoint:   datapath/IFID_instr_reg[3]/D  (v) checked with  leading edge of 
'clk'
Beginpoint: datapath/IFID_instr_reg[3]/QN (^) triggered by  leading edge of 
'clk'
Path Groups: {reg2reg}
Analysis View: BC_VIEW
Other End Arrival Time          0.048
+ Hold                          0.005
+ Phase Shift                   0.000
- CPPR Adjustment               0.000
+ Uncertainty                   0.020
= Required Time                 0.073
  Arrival Time                  0.102
  Slack Time                    0.030
     Clock Rise Edge                 0.000
     + Clock Network Latency (Prop)  0.047
     = Beginpoint Arrival Time       0.047
     +-----------------------------------------------------------------------------------+ 
     |          Instance          |     Arc      |   Cell   | Delay | Arrival | Required | 
     |                            |              |          |       |  Time   |   Time   | 
     |----------------------------+--------------+----------+-------+---------+----------| 
     | datapath/IFID_instr_reg[3] | CK ^         |          |       |   0.047 |    0.018 | 
     | datapath/IFID_instr_reg[3] | CK ^ -> QN ^ | DFFR_X1  | 0.044 |   0.092 |    0.062 | 
     | datapath/g44172            | B2 ^ -> ZN v | OAI22_X1 | 0.011 |   0.102 |    0.073 | 
     | datapath/IFID_instr_reg[3] | D v          | DFFR_X1  | 0.000 |   0.102 |    0.073 | 
     +-----------------------------------------------------------------------------------+ 
Path 12: MET Hold Check with Pin datapath/IDEX_rd_reg[0]/CK 
Endpoint:   datapath/IDEX_rd_reg[0]/D     (v) checked with  leading edge of 
'clk'
Beginpoint: datapath/IFID_instr_reg[7]/QN (^) triggered by  leading edge of 
'clk'
Path Groups: {reg2reg}
Analysis View: BC_VIEW
Other End Arrival Time          0.052
+ Hold                          0.005
+ Phase Shift                   0.000
- CPPR Adjustment               0.000
+ Uncertainty                   0.020
= Required Time                 0.077
  Arrival Time                  0.107
  Slack Time                    0.030
     Clock Rise Edge                 0.000
     + Clock Network Latency (Prop)  0.052
     = Beginpoint Arrival Time       0.052
     +----------------------------------------------------------------------------------+ 
     |          Instance          |     Arc      |  Cell   | Delay | Arrival | Required | 
     |                            |              |         |       |  Time   |   Time   | 
     |----------------------------+--------------+---------+-------+---------+----------| 
     | datapath/IFID_instr_reg[7] | CK ^         |         |       |   0.052 |    0.022 | 
     | datapath/IFID_instr_reg[7] | CK ^ -> QN ^ | DFFR_X1 | 0.048 |   0.100 |    0.070 | 
     | datapath/g44399            | A2 ^ -> ZN v | NOR2_X1 | 0.007 |   0.107 |    0.077 | 
     | datapath/IDEX_rd_reg[0]    | D v          | DFFR_X1 | 0.000 |   0.107 |    0.077 | 
     +----------------------------------------------------------------------------------+ 
Path 13: MET Hold Check with Pin datapath/EXMEM_storeData_reg[0]/CK 
Endpoint:   datapath/EXMEM_storeData_reg[0]/D (v) checked with  leading edge of 
'clk'
Beginpoint: datapath/IDEX_rs2_reg[0]/QN       (v) triggered by  leading edge of 
'clk'
Path Groups: {reg2reg}
Analysis View: BC_VIEW
Other End Arrival Time          0.073
+ Hold                          0.004
+ Phase Shift                   0.000
- CPPR Adjustment               0.000
+ Uncertainty                   0.020
= Required Time                 0.097
  Arrival Time                  0.127
  Slack Time                    0.030
     Clock Rise Edge                 0.000
     + Clock Network Latency (Prop)  -0.013
     = Beginpoint Arrival Time       -0.013
     +------------------------------------------------------------------------------------------+ 
     |             Instance              |     Arc      |   Cell   | Delay | Arrival | Required | 
     |                                   |              |          |       |  Time   |   Time   | 
     |-----------------------------------+--------------+----------+-------+---------+----------| 
     | datapath/IDEX_rs2_reg[0]          | CK ^         |          |       |  -0.013 |   -0.043 | 
     | datapath/IDEX_rs2_reg[0]          | CK ^ -> QN v | DFFR_X1  | 0.048 |   0.036 |    0.006 | 
     | ALU_forward/FE_RC_255_0           | A1 v -> ZN ^ | NOR2_X1  | 0.020 |   0.055 |    0.025 | 
     | ALU_forward/FE_RC_321_0           | A2 ^ -> ZN v | NOR2_X2  | 0.007 |   0.062 |    0.032 | 
     | ALU_forward/FE_RC_320_0           | A2 v -> ZN ^ | NAND2_X1 | 0.011 |   0.073 |    0.043 | 
     | ALU_forward/FE_OFC1438_FE_RN_90_0 | A ^ -> ZN v  | INV_X2   | 0.005 |   0.078 |    0.048 | 
     | ALU_forward/FE_RC_2040_0          | A2 v -> ZN ^ | NAND3_X2 | 0.012 |   0.090 |    0.060 | 
     | ALU_forward/FE_RC_623_0           | A ^ -> ZN v  | INV_X4   | 0.012 |   0.102 |    0.072 | 
     | datapath/FE_RC_197_0              | A3 v -> ZN ^ | NAND3_X4 | 0.014 |   0.116 |    0.086 | 
     | datapath/FE_RC_3171_0             | A2 ^ -> ZN v | NAND2_X2 | 0.011 |   0.127 |    0.097 | 
     | datapath/EXMEM_storeData_reg[0]   | D v          | DFFR_X1  | 0.000 |   0.127 |    0.097 | 
     +------------------------------------------------------------------------------------------+ 
Path 14: MET Hold Check with Pin datapath/IFID_instr_reg[28]/CK 
Endpoint:   datapath/IFID_instr_reg[28]/D  (v) checked with  leading edge of 
'clk'
Beginpoint: datapath/IFID_instr_reg[28]/QN (^) triggered by  leading edge of 
'clk'
Path Groups: {reg2reg}
Analysis View: BC_VIEW
Other End Arrival Time          0.048
+ Hold                          0.005
+ Phase Shift                   0.000
- CPPR Adjustment               0.000
+ Uncertainty                   0.020
= Required Time                 0.073
  Arrival Time                  0.103
  Slack Time                    0.030
     Clock Rise Edge                 0.000
     + Clock Network Latency (Prop)  0.048
     = Beginpoint Arrival Time       0.048
     +------------------------------------------------------------------------------------+ 
     |          Instance           |     Arc      |   Cell   | Delay | Arrival | Required | 
     |                             |              |          |       |  Time   |   Time   | 
     |-----------------------------+--------------+----------+-------+---------+----------| 
     | datapath/IFID_instr_reg[28] | CK ^         |          |       |   0.048 |    0.018 | 
     | datapath/IFID_instr_reg[28] | CK ^ -> QN ^ | DFFR_X1  | 0.045 |   0.092 |    0.062 | 
     | datapath/g44178             | B2 ^ -> ZN v | OAI22_X1 | 0.011 |   0.103 |    0.073 | 
     | datapath/IFID_instr_reg[28] | D v          | DFFR_X1  | 0.000 |   0.103 |    0.073 | 
     +------------------------------------------------------------------------------------+ 
Path 15: MET Hold Check with Pin datapath/EXMEM_memWrite_reg/CK 
Endpoint:   datapath/EXMEM_memWrite_reg/D (v) checked with  leading edge of 
'clk'
Beginpoint: datapath/IDEX_memWrite_reg/Q  (v) triggered by  leading edge of 
'clk'
Path Groups: {reg2reg}
Analysis View: BC_VIEW
Other End Arrival Time          0.048
+ Hold                          0.005
+ Phase Shift                   0.000
- CPPR Adjustment               0.000
+ Uncertainty                   0.020
= Required Time                 0.072
  Arrival Time                  0.103
  Slack Time                    0.030
     Clock Rise Edge                 0.000
     + Clock Network Latency (Prop)  0.047
     = Beginpoint Arrival Time       0.047
     +----------------------------------------------------------------------------------+ 
     |          Instance           |     Arc     |  Cell   | Delay | Arrival | Required | 
     |                             |             |         |       |  Time   |   Time   | 
     |-----------------------------+-------------+---------+-------+---------+----------| 
     | datapath/IDEX_memWrite_reg  | CK ^        |         |       |   0.047 |    0.017 | 
     | datapath/IDEX_memWrite_reg  | CK ^ -> Q v | DFFR_X1 | 0.055 |   0.103 |    0.072 | 
     | datapath/EXMEM_memWrite_reg | D v         | DFFR_X1 | 0.000 |   0.103 |    0.072 | 
     +----------------------------------------------------------------------------------+ 
Path 16: MET Hold Check with Pin datapath/IFID_instr_reg[1]/CK 
Endpoint:   datapath/IFID_instr_reg[1]/D  (v) checked with  leading edge of 
'clk'
Beginpoint: datapath/IFID_instr_reg[1]/QN (^) triggered by  leading edge of 
'clk'
Path Groups: {reg2reg}
Analysis View: BC_VIEW
Other End Arrival Time          0.052
+ Hold                          0.005
+ Phase Shift                   0.000
- CPPR Adjustment               0.000
+ Uncertainty                   0.020
= Required Time                 0.077
  Arrival Time                  0.108
  Slack Time                    0.030
     Clock Rise Edge                 0.000
     + Clock Network Latency (Prop)  0.052
     = Beginpoint Arrival Time       0.052
     +-----------------------------------------------------------------------------------+ 
     |          Instance          |     Arc      |   Cell   | Delay | Arrival | Required | 
     |                            |              |          |       |  Time   |   Time   | 
     |----------------------------+--------------+----------+-------+---------+----------| 
     | datapath/IFID_instr_reg[1] | CK ^         |          |       |   0.052 |    0.021 | 
     | datapath/IFID_instr_reg[1] | CK ^ -> QN ^ | DFFR_X1  | 0.045 |   0.097 |    0.066 | 
     | datapath/g44196            | B2 ^ -> ZN v | OAI22_X1 | 0.011 |   0.108 |    0.077 | 
     | datapath/IFID_instr_reg[1] | D v          | DFFR_X1  | 0.000 |   0.108 |    0.077 | 
     +-----------------------------------------------------------------------------------+ 
Path 17: MET Hold Check with Pin datapath/MEMWB_aluResult_reg[1]/CK 
Endpoint:   datapath/MEMWB_aluResult_reg[1]/D  (^) checked with  leading edge 
of 'clk'
Beginpoint: datapath/EXMEM_aluResult_reg[1]/QN (v) triggered by  leading edge 
of 'clk'
Path Groups: {reg2reg}
Analysis View: BC_VIEW
Other End Arrival Time          0.073
+ Hold                          0.005
+ Phase Shift                   0.000
- CPPR Adjustment               0.000
+ Uncertainty                   0.020
= Required Time                 0.098
  Arrival Time                  0.128
  Slack Time                    0.030
     Clock Rise Edge                 0.000
     + Clock Network Latency (Prop)  0.071
     = Beginpoint Arrival Time       0.071
     +---------------------------------------------------------------------------------------+ 
     |            Instance             |     Arc      |  Cell   | Delay | Arrival | Required | 
     |                                 |              |         |       |  Time   |   Time   | 
     |---------------------------------+--------------+---------+-------+---------+----------| 
     | datapath/EXMEM_aluResult_reg[1] | CK ^         |         |       |   0.071 |    0.041 | 
     | datapath/EXMEM_aluResult_reg[1] | CK ^ -> QN v | DFFR_X1 | 0.039 |   0.110 |    0.080 | 
     | datapath/FE_OFC1529_n_2516      | A v -> ZN ^  | INV_X1  | 0.018 |   0.128 |    0.098 | 
     | datapath/MEMWB_aluResult_reg[1] | D ^          | DFFR_X1 | 0.000 |   0.128 |    0.098 | 
     +---------------------------------------------------------------------------------------+ 
Path 18: MET Hold Check with Pin datapath/MEMWB_aluResult_reg[24]/CK 
Endpoint:   datapath/MEMWB_aluResult_reg[24]/D (v) checked with  leading edge 
of 'clk'
Beginpoint: datapath/EXMEM_aluResult_reg[24]/Q (v) triggered by  leading edge 
of 'clk'
Path Groups: {reg2reg}
Analysis View: BC_VIEW
Other End Arrival Time          0.058
+ Hold                          0.005
+ Phase Shift                   0.000
- CPPR Adjustment               0.000
+ Uncertainty                   0.020
= Required Time                 0.082
  Arrival Time                  0.113
  Slack Time                    0.031
     Clock Rise Edge                 0.000
     + Clock Network Latency (Prop)  0.049
     = Beginpoint Arrival Time       0.049
     +---------------------------------------------------------------------------------------+ 
     |             Instance             |     Arc     |  Cell   | Delay | Arrival | Required | 
     |                                  |             |         |       |  Time   |   Time   | 
     |----------------------------------+-------------+---------+-------+---------+----------| 
     | datapath/EXMEM_aluResult_reg[24] | CK ^        |         |       |   0.049 |    0.018 | 
     | datapath/EXMEM_aluResult_reg[24] | CK ^ -> Q v | DFFR_X1 | 0.064 |   0.113 |    0.082 | 
     | datapath/MEMWB_aluResult_reg[24] | D v         | DFFR_X1 | 0.000 |   0.113 |    0.082 | 
     +---------------------------------------------------------------------------------------+ 
Path 19: MET Hold Check with Pin datapath/IFID_instr_reg[8]/CK 
Endpoint:   datapath/IFID_instr_reg[8]/D  (v) checked with  leading edge of 
'clk'
Beginpoint: datapath/IFID_instr_reg[8]/QN (^) triggered by  leading edge of 
'clk'
Path Groups: {reg2reg}
Analysis View: BC_VIEW
Other End Arrival Time          0.052
+ Hold                          0.005
+ Phase Shift                   0.000
- CPPR Adjustment               0.000
+ Uncertainty                   0.020
= Required Time                 0.077
  Arrival Time                  0.109
  Slack Time                    0.032
     Clock Rise Edge                 0.000
     + Clock Network Latency (Prop)  0.052
     = Beginpoint Arrival Time       0.052
     +-----------------------------------------------------------------------------------+ 
     |          Instance          |     Arc      |   Cell   | Delay | Arrival | Required | 
     |                            |              |          |       |  Time   |   Time   | 
     |----------------------------+--------------+----------+-------+---------+----------| 
     | datapath/IFID_instr_reg[8] | CK ^         |          |       |   0.052 |    0.020 | 
     | datapath/IFID_instr_reg[8] | CK ^ -> QN ^ | DFFR_X1  | 0.047 |   0.099 |    0.068 | 
     | datapath/FE_RC_2067_0      | A2 ^ -> ZN v | OAI22_X1 | 0.009 |   0.109 |    0.077 | 
     | datapath/IFID_instr_reg[8] | D v          | DFFR_X1  | 0.000 |   0.109 |    0.077 | 
     +-----------------------------------------------------------------------------------+ 
Path 20: MET Hold Check with Pin datapath/IFID_instr_reg[7]/CK 
Endpoint:   datapath/IFID_instr_reg[7]/D  (v) checked with  leading edge of 
'clk'
Beginpoint: datapath/IFID_instr_reg[7]/QN (^) triggered by  leading edge of 
'clk'
Path Groups: {reg2reg}
Analysis View: BC_VIEW
Other End Arrival Time          0.052
+ Hold                          0.005
+ Phase Shift                   0.000
- CPPR Adjustment               0.000
+ Uncertainty                   0.020
= Required Time                 0.077
  Arrival Time                  0.109
  Slack Time                    0.032
     Clock Rise Edge                 0.000
     + Clock Network Latency (Prop)  0.052
     = Beginpoint Arrival Time       0.052
     +-----------------------------------------------------------------------------------+ 
     |          Instance          |     Arc      |   Cell   | Delay | Arrival | Required | 
     |                            |              |          |       |  Time   |   Time   | 
     |----------------------------+--------------+----------+-------+---------+----------| 
     | datapath/IFID_instr_reg[7] | CK ^         |          |       |   0.052 |    0.020 | 
     | datapath/IFID_instr_reg[7] | CK ^ -> QN ^ | DFFR_X1  | 0.048 |   0.100 |    0.068 | 
     | datapath/FE_RC_2704_0      | A2 ^ -> ZN v | OAI22_X1 | 0.009 |   0.109 |    0.077 | 
     | datapath/IFID_instr_reg[7] | D v          | DFFR_X1  | 0.000 |   0.109 |    0.077 | 
     +-----------------------------------------------------------------------------------+ 
Path 21: MET Hold Check with Pin datapath/MEMWB_aluResult_reg[14]/CK 
Endpoint:   datapath/MEMWB_aluResult_reg[14]/D (v) checked with  leading edge 
of 'clk'
Beginpoint: datapath/EXMEM_aluResult_reg[14]/Q (v) triggered by  leading edge 
of 'clk'
Path Groups: {reg2reg}
Analysis View: BC_VIEW
Other End Arrival Time          0.058
+ Hold                          0.005
+ Phase Shift                   0.000
- CPPR Adjustment               0.000
+ Uncertainty                   0.020
= Required Time                 0.082
  Arrival Time                  0.115
  Slack Time                    0.032
     Clock Rise Edge                 0.000
     + Clock Network Latency (Prop)  0.049
     = Beginpoint Arrival Time       0.049
     +---------------------------------------------------------------------------------------+ 
     |             Instance             |     Arc     |  Cell   | Delay | Arrival | Required | 
     |                                  |             |         |       |  Time   |   Time   | 
     |----------------------------------+-------------+---------+-------+---------+----------| 
     | datapath/EXMEM_aluResult_reg[14] | CK ^        |         |       |   0.049 |    0.017 | 
     | datapath/EXMEM_aluResult_reg[14] | CK ^ -> Q v | DFFR_X1 | 0.065 |   0.114 |    0.082 | 
     | datapath/MEMWB_aluResult_reg[14] | D v         | DFFR_X1 | 0.000 |   0.115 |    0.082 | 
     +---------------------------------------------------------------------------------------+ 
Path 22: MET Hold Check with Pin datapath/IDEX_rd_reg[2]/CK 
Endpoint:   datapath/IDEX_rd_reg[2]/D     (v) checked with  leading edge of 
'clk'
Beginpoint: datapath/IFID_instr_reg[9]/QN (^) triggered by  leading edge of 
'clk'
Path Groups: {reg2reg}
Analysis View: BC_VIEW
Other End Arrival Time          0.052
+ Hold                          0.005
+ Phase Shift                   0.000
- CPPR Adjustment               0.000
+ Uncertainty                   0.020
= Required Time                 0.077
  Arrival Time                  0.110
  Slack Time                    0.033
     Clock Rise Edge                 0.000
     + Clock Network Latency (Prop)  0.052
     = Beginpoint Arrival Time       0.052
     +----------------------------------------------------------------------------------+ 
     |          Instance          |     Arc      |  Cell   | Delay | Arrival | Required | 
     |                            |              |         |       |  Time   |   Time   | 
     |----------------------------+--------------+---------+-------+---------+----------| 
     | datapath/IFID_instr_reg[9] | CK ^         |         |       |   0.052 |    0.019 | 
     | datapath/IFID_instr_reg[9] | CK ^ -> QN ^ | DFFR_X1 | 0.051 |   0.102 |    0.070 | 
     | datapath/g44370            | A2 ^ -> ZN v | NOR2_X1 | 0.007 |   0.110 |    0.077 | 
     | datapath/IDEX_rd_reg[2]    | D v          | DFFR_X1 | 0.000 |   0.110 |    0.077 | 
     +----------------------------------------------------------------------------------+ 
Path 23: MET Hold Check with Pin datapath/IFID_instr_reg[17]/CK 
Endpoint:   datapath/IFID_instr_reg[17]/D  (v) checked with  leading edge of 
'clk'
Beginpoint: datapath/IFID_instr_reg[17]/QN (^) triggered by  leading edge of 
'clk'
Path Groups: {reg2reg}
Analysis View: BC_VIEW
Other End Arrival Time          0.061
+ Hold                          0.004
+ Phase Shift                   0.000
- CPPR Adjustment               0.000
+ Uncertainty                   0.020
= Required Time                 0.086
  Arrival Time                  0.118
  Slack Time                    0.033
     Clock Rise Edge                 0.000
     + Clock Network Latency (Prop)  0.061
     = Beginpoint Arrival Time       0.061
     +------------------------------------------------------------------------------------+ 
     |          Instance           |     Arc      |   Cell   | Delay | Arrival | Required | 
     |                             |              |          |       |  Time   |   Time   | 
     |-----------------------------+--------------+----------+-------+---------+----------| 
     | datapath/IFID_instr_reg[17] | CK ^         |          |       |   0.061 |    0.028 | 
     | datapath/IFID_instr_reg[17] | CK ^ -> QN ^ | DFFR_X1  | 0.048 |   0.108 |    0.076 | 
     | datapath/FE_RC_2097_0       | A2 ^ -> ZN v | OAI22_X1 | 0.010 |   0.118 |    0.086 | 
     | datapath/IFID_instr_reg[17] | D v          | DFFR_X1  | 0.000 |   0.118 |    0.086 | 
     +------------------------------------------------------------------------------------+ 
Path 24: MET Hold Check with Pin datapath/IFID_instr_reg[26]/CK 
Endpoint:   datapath/IFID_instr_reg[26]/D  (v) checked with  leading edge of 
'clk'
Beginpoint: datapath/IFID_instr_reg[26]/QN (^) triggered by  leading edge of 
'clk'
Path Groups: {reg2reg}
Analysis View: BC_VIEW
Other End Arrival Time          0.048
+ Hold                          0.005
+ Phase Shift                   0.000
- CPPR Adjustment               0.000
+ Uncertainty                   0.020
= Required Time                 0.073
  Arrival Time                  0.105
  Slack Time                    0.033
     Clock Rise Edge                 0.000
     + Clock Network Latency (Prop)  0.048
     = Beginpoint Arrival Time       0.048
     +------------------------------------------------------------------------------------+ 
     |          Instance           |     Arc      |   Cell   | Delay | Arrival | Required | 
     |                             |              |          |       |  Time   |   Time   | 
     |-----------------------------+--------------+----------+-------+---------+----------| 
     | datapath/IFID_instr_reg[26] | CK ^         |          |       |   0.048 |    0.015 | 
     | datapath/IFID_instr_reg[26] | CK ^ -> QN ^ | DFFR_X1  | 0.047 |   0.095 |    0.062 | 
     | datapath/g44181             | B2 ^ -> ZN v | OAI22_X2 | 0.010 |   0.105 |    0.073 | 
     | datapath/IFID_instr_reg[26] | D v          | DFFR_X1  | 0.000 |   0.105 |    0.073 | 
     +------------------------------------------------------------------------------------+ 
Path 25: MET Hold Check with Pin datapath/IDEX_rd_reg[4]/CK 
Endpoint:   datapath/IDEX_rd_reg[4]/D      (v) checked with  leading edge of 
'clk'
Beginpoint: datapath/IFID_instr_reg[11]/QN (^) triggered by  leading edge of 
'clk'
Path Groups: {reg2reg}
Analysis View: BC_VIEW
Other End Arrival Time          0.052
+ Hold                          0.005
+ Phase Shift                   0.000
- CPPR Adjustment               0.000
+ Uncertainty                   0.020
= Required Time                 0.077
  Arrival Time                  0.110
  Slack Time                    0.033
     Clock Rise Edge                 0.000
     + Clock Network Latency (Prop)  0.052
     = Beginpoint Arrival Time       0.052
     +-----------------------------------------------------------------------------------+ 
     |          Instance           |     Arc      |  Cell   | Delay | Arrival | Required | 
     |                             |              |         |       |  Time   |   Time   | 
     |-----------------------------+--------------+---------+-------+---------+----------| 
     | datapath/IFID_instr_reg[11] | CK ^         |         |       |   0.052 |    0.019 | 
     | datapath/IFID_instr_reg[11] | CK ^ -> QN ^ | DFFR_X1 | 0.051 |   0.103 |    0.070 | 
     | datapath/g44401             | A2 ^ -> ZN v | NOR2_X1 | 0.007 |   0.110 |    0.077 | 
     | datapath/IDEX_rd_reg[4]     | D v          | DFFR_X1 | 0.000 |   0.110 |    0.077 | 
     +-----------------------------------------------------------------------------------+ 
Path 26: MET Hold Check with Pin datapath/IDEX_rd_reg[3]/CK 
Endpoint:   datapath/IDEX_rd_reg[3]/D      (v) checked with  leading edge of 
'clk'
Beginpoint: datapath/IFID_instr_reg[10]/QN (^) triggered by  leading edge of 
'clk'
Path Groups: {reg2reg}
Analysis View: BC_VIEW
Other End Arrival Time          0.052
+ Hold                          0.005
+ Phase Shift                   0.000
- CPPR Adjustment               0.000
+ Uncertainty                   0.020
= Required Time                 0.077
  Arrival Time                  0.110
  Slack Time                    0.033
     Clock Rise Edge                 0.000
     + Clock Network Latency (Prop)  0.052
     = Beginpoint Arrival Time       0.052
     +-----------------------------------------------------------------------------------+ 
     |          Instance           |     Arc      |  Cell   | Delay | Arrival | Required | 
     |                             |              |         |       |  Time   |   Time   | 
     |-----------------------------+--------------+---------+-------+---------+----------| 
     | datapath/IFID_instr_reg[10] | CK ^         |         |       |   0.052 |    0.019 | 
     | datapath/IFID_instr_reg[10] | CK ^ -> QN ^ | DFFR_X1 | 0.051 |   0.102 |    0.070 | 
     | datapath/g44400             | A2 ^ -> ZN v | NOR2_X1 | 0.008 |   0.110 |    0.077 | 
     | datapath/IDEX_rd_reg[3]     | D v          | DFFR_X1 | 0.000 |   0.110 |    0.077 | 
     +-----------------------------------------------------------------------------------+ 
Path 27: MET Hold Check with Pin datapath/MEMWB_aluResult_reg[5]/CK 
Endpoint:   datapath/MEMWB_aluResult_reg[5]/D (v) checked with  leading edge of 
'clk'
Beginpoint: datapath/EXMEM_aluResult_reg[5]/Q (v) triggered by  leading edge of 
'clk'
Path Groups: {reg2reg}
Analysis View: BC_VIEW
Other End Arrival Time          0.053
+ Hold                          0.005
+ Phase Shift                   0.000
- CPPR Adjustment               0.000
+ Uncertainty                   0.020
= Required Time                 0.078
  Arrival Time                  0.112
  Slack Time                    0.034
     Clock Rise Edge                 0.000
     + Clock Network Latency (Prop)  0.053
     = Beginpoint Arrival Time       0.053
     +--------------------------------------------------------------------------------------+ 
     |            Instance             |     Arc     |  Cell   | Delay | Arrival | Required | 
     |                                 |             |         |       |  Time   |   Time   | 
     |---------------------------------+-------------+---------+-------+---------+----------| 
     | datapath/EXMEM_aluResult_reg[5] | CK ^        |         |       |   0.053 |    0.019 | 
     | datapath/EXMEM_aluResult_reg[5] | CK ^ -> Q v | DFFR_X1 | 0.059 |   0.112 |    0.078 | 
     | datapath/MEMWB_aluResult_reg[5] | D v         | DFFR_X1 | 0.000 |   0.112 |    0.078 | 
     +--------------------------------------------------------------------------------------+ 
Path 28: MET Hold Check with Pin datapath/IFID_instr_reg[10]/CK 
Endpoint:   datapath/IFID_instr_reg[10]/D  (v) checked with  leading edge of 
'clk'
Beginpoint: datapath/IFID_instr_reg[10]/QN (^) triggered by  leading edge of 
'clk'
Path Groups: {reg2reg}
Analysis View: BC_VIEW
Other End Arrival Time          0.052
+ Hold                          0.005
+ Phase Shift                   0.000
- CPPR Adjustment               0.000
+ Uncertainty                   0.020
= Required Time                 0.077
  Arrival Time                  0.111
  Slack Time                    0.034
     Clock Rise Edge                 0.000
     + Clock Network Latency (Prop)  0.052
     = Beginpoint Arrival Time       0.052
     +------------------------------------------------------------------------------------+ 
     |          Instance           |     Arc      |   Cell   | Delay | Arrival | Required | 
     |                             |              |          |       |  Time   |   Time   | 
     |-----------------------------+--------------+----------+-------+---------+----------| 
     | datapath/IFID_instr_reg[10] | CK ^         |          |       |   0.052 |    0.018 | 
     | datapath/IFID_instr_reg[10] | CK ^ -> QN ^ | DFFR_X1  | 0.051 |   0.102 |    0.068 | 
     | datapath/FE_RC_2248_0       | A2 ^ -> ZN v | OAI22_X2 | 0.009 |   0.111 |    0.077 | 
     | datapath/IFID_instr_reg[10] | D v          | DFFR_X1  | 0.000 |   0.111 |    0.077 | 
     +------------------------------------------------------------------------------------+ 
Path 29: MET Hold Check with Pin datapath/IFID_instr_reg[31]/CK 
Endpoint:   datapath/IFID_instr_reg[31]/D  (v) checked with  leading edge of 
'clk'
Beginpoint: datapath/IFID_instr_reg[31]/QN (^) triggered by  leading edge of 
'clk'
Path Groups: {reg2reg}
Analysis View: BC_VIEW
Other End Arrival Time          0.048
+ Hold                          0.004
+ Phase Shift                   0.000
- CPPR Adjustment               0.000
+ Uncertainty                   0.020
= Required Time                 0.072
  Arrival Time                  0.106
  Slack Time                    0.034
     Clock Rise Edge                 0.000
     + Clock Network Latency (Prop)  0.047
     = Beginpoint Arrival Time       0.047
     +------------------------------------------------------------------------------------+ 
     |          Instance           |     Arc      |   Cell   | Delay | Arrival | Required | 
     |                             |              |          |       |  Time   |   Time   | 
     |-----------------------------+--------------+----------+-------+---------+----------| 
     | datapath/IFID_instr_reg[31] | CK ^         |          |       |   0.047 |    0.013 | 
     | datapath/IFID_instr_reg[31] | CK ^ -> QN ^ | DFFR_X2  | 0.050 |   0.097 |    0.063 | 
     | datapath/FE_RC_658_0        | A2 ^ -> ZN v | OAI22_X1 | 0.009 |   0.106 |    0.072 | 
     | datapath/IFID_instr_reg[31] | D v          | DFFR_X2  | 0.000 |   0.106 |    0.072 | 
     +------------------------------------------------------------------------------------+ 
Path 30: MET Hold Check with Pin datapath/IFID_instr_reg[9]/CK 
Endpoint:   datapath/IFID_instr_reg[9]/D  (v) checked with  leading edge of 
'clk'
Beginpoint: datapath/IFID_instr_reg[9]/QN (^) triggered by  leading edge of 
'clk'
Path Groups: {reg2reg}
Analysis View: BC_VIEW
Other End Arrival Time          0.052
+ Hold                          0.005
+ Phase Shift                   0.000
- CPPR Adjustment               0.000
+ Uncertainty                   0.020
= Required Time                 0.077
  Arrival Time                  0.112
  Slack Time                    0.035
     Clock Rise Edge                 0.000
     + Clock Network Latency (Prop)  0.052
     = Beginpoint Arrival Time       0.052
     +-----------------------------------------------------------------------------------+ 
     |          Instance          |     Arc      |   Cell   | Delay | Arrival | Required | 
     |                            |              |          |       |  Time   |   Time   | 
     |----------------------------+--------------+----------+-------+---------+----------| 
     | datapath/IFID_instr_reg[9] | CK ^         |          |       |   0.052 |    0.017 | 
     | datapath/IFID_instr_reg[9] | CK ^ -> QN ^ | DFFR_X1  | 0.051 |   0.102 |    0.068 | 
     | datapath/FE_RC_2158_0      | A2 ^ -> ZN v | OAI22_X2 | 0.009 |   0.112 |    0.077 | 
     | datapath/IFID_instr_reg[9] | D v          | DFFR_X1  | 0.000 |   0.112 |    0.077 | 
     +-----------------------------------------------------------------------------------+ 
Path 31: MET Hold Check with Pin datapath/IFID_instr_reg[11]/CK 
Endpoint:   datapath/IFID_instr_reg[11]/D  (v) checked with  leading edge of 
'clk'
Beginpoint: datapath/IFID_instr_reg[11]/QN (^) triggered by  leading edge of 
'clk'
Path Groups: {reg2reg}
Analysis View: BC_VIEW
Other End Arrival Time          0.052
+ Hold                          0.005
+ Phase Shift                   0.000
- CPPR Adjustment               0.000
+ Uncertainty                   0.020
= Required Time                 0.077
  Arrival Time                  0.112
  Slack Time                    0.035
     Clock Rise Edge                 0.000
     + Clock Network Latency (Prop)  0.052
     = Beginpoint Arrival Time       0.052
     +------------------------------------------------------------------------------------+ 
     |          Instance           |     Arc      |   Cell   | Delay | Arrival | Required | 
     |                             |              |          |       |  Time   |   Time   | 
     |-----------------------------+--------------+----------+-------+---------+----------| 
     | datapath/IFID_instr_reg[11] | CK ^         |          |       |   0.052 |    0.017 | 
     | datapath/IFID_instr_reg[11] | CK ^ -> QN ^ | DFFR_X1  | 0.051 |   0.103 |    0.068 | 
     | datapath/FE_RC_3227_0       | A2 ^ -> ZN v | OAI22_X2 | 0.009 |   0.112 |    0.077 | 
     | datapath/IFID_instr_reg[11] | D v          | DFFR_X1  | 0.000 |   0.112 |    0.077 | 
     +------------------------------------------------------------------------------------+ 
Path 32: MET Hold Check with Pin datapath/MEMWB_aluResult_reg[9]/CK 
Endpoint:   datapath/MEMWB_aluResult_reg[9]/D (v) checked with  leading edge of 
'clk'
Beginpoint: datapath/EXMEM_aluResult_reg[9]/Q (v) triggered by  leading edge of 
'clk'
Path Groups: {reg2reg}
Analysis View: BC_VIEW
Other End Arrival Time          0.050
+ Hold                          0.005
+ Phase Shift                   0.000
- CPPR Adjustment               0.000
+ Uncertainty                   0.020
= Required Time                 0.075
  Arrival Time                  0.110
  Slack Time                    0.035
     Clock Rise Edge                 0.000
     + Clock Network Latency (Prop)  0.050
     = Beginpoint Arrival Time       0.050
     +--------------------------------------------------------------------------------------+ 
     |            Instance             |     Arc     |  Cell   | Delay | Arrival | Required | 
     |                                 |             |         |       |  Time   |   Time   | 
     |---------------------------------+-------------+---------+-------+---------+----------| 
     | datapath/EXMEM_aluResult_reg[9] | CK ^        |         |       |   0.050 |    0.015 | 
     | datapath/EXMEM_aluResult_reg[9] | CK ^ -> Q v | DFFR_X1 | 0.060 |   0.110 |    0.075 | 
     | datapath/MEMWB_aluResult_reg[9] | D v         | DFFR_X1 | 0.000 |   0.110 |    0.075 | 
     +--------------------------------------------------------------------------------------+ 
Path 33: MET Hold Check with Pin datapath/MEMWB_aluResult_reg[6]/CK 
Endpoint:   datapath/MEMWB_aluResult_reg[6]/D (v) checked with  leading edge of 
'clk'
Beginpoint: datapath/EXMEM_aluResult_reg[6]/Q (v) triggered by  leading edge of 
'clk'
Path Groups: {reg2reg}
Analysis View: BC_VIEW
Other End Arrival Time          0.054
+ Hold                          0.005
+ Phase Shift                   0.000
- CPPR Adjustment               0.000
+ Uncertainty                   0.020
= Required Time                 0.078
  Arrival Time                  0.113
  Slack Time                    0.035
     Clock Rise Edge                 0.000
     + Clock Network Latency (Prop)  0.050
     = Beginpoint Arrival Time       0.050
     +--------------------------------------------------------------------------------------+ 
     |            Instance             |     Arc     |  Cell   | Delay | Arrival | Required | 
     |                                 |             |         |       |  Time   |   Time   | 
     |---------------------------------+-------------+---------+-------+---------+----------| 
     | datapath/EXMEM_aluResult_reg[6] | CK ^        |         |       |   0.050 |    0.015 | 
     | datapath/EXMEM_aluResult_reg[6] | CK ^ -> Q v | DFFR_X1 | 0.063 |   0.113 |    0.078 | 
     | datapath/MEMWB_aluResult_reg[6] | D v         | DFFR_X1 | 0.000 |   0.113 |    0.078 | 
     +--------------------------------------------------------------------------------------+ 
Path 34: MET Hold Check with Pin datapath/MEMWB_aluResult_reg[29]/CK 
Endpoint:   datapath/MEMWB_aluResult_reg[29]/D (v) checked with  leading edge 
of 'clk'
Beginpoint: datapath/EXMEM_aluResult_reg[29]/Q (v) triggered by  leading edge 
of 'clk'
Path Groups: {reg2reg}
Analysis View: BC_VIEW
Other End Arrival Time          0.059
+ Hold                          0.005
+ Phase Shift                   0.000
- CPPR Adjustment               0.000
+ Uncertainty                   0.020
= Required Time                 0.084
  Arrival Time                  0.119
  Slack Time                    0.035
     Clock Rise Edge                 0.000
     + Clock Network Latency (Prop)  0.057
     = Beginpoint Arrival Time       0.057
     +---------------------------------------------------------------------------------------+ 
     |             Instance             |     Arc     |  Cell   | Delay | Arrival | Required | 
     |                                  |             |         |       |  Time   |   Time   | 
     |----------------------------------+-------------+---------+-------+---------+----------| 
     | datapath/EXMEM_aluResult_reg[29] | CK ^        |         |       |   0.057 |    0.022 | 
     | datapath/EXMEM_aluResult_reg[29] | CK ^ -> Q v | DFFR_X1 | 0.062 |   0.119 |    0.084 | 
     | datapath/MEMWB_aluResult_reg[29] | D v         | DFFR_X1 | 0.000 |   0.119 |    0.084 | 
     +---------------------------------------------------------------------------------------+ 
Path 35: MET Hold Check with Pin datapath/MEMWB_aluResult_reg[17]/CK 
Endpoint:   datapath/MEMWB_aluResult_reg[17]/D (v) checked with  leading edge 
of 'clk'
Beginpoint: datapath/EXMEM_aluResult_reg[17]/Q (v) triggered by  leading edge 
of 'clk'
Path Groups: {reg2reg}
Analysis View: BC_VIEW
Other End Arrival Time          0.051
+ Hold                          0.005
+ Phase Shift                   0.000
- CPPR Adjustment               0.000
+ Uncertainty                   0.020
= Required Time                 0.076
  Arrival Time                  0.111
  Slack Time                    0.035
     Clock Rise Edge                 0.000
     + Clock Network Latency (Prop)  0.050
     = Beginpoint Arrival Time       0.050
     +---------------------------------------------------------------------------------------+ 
     |             Instance             |     Arc     |  Cell   | Delay | Arrival | Required | 
     |                                  |             |         |       |  Time   |   Time   | 
     |----------------------------------+-------------+---------+-------+---------+----------| 
     | datapath/EXMEM_aluResult_reg[17] | CK ^        |         |       |   0.050 |    0.015 | 
     | datapath/EXMEM_aluResult_reg[17] | CK ^ -> Q v | DFFR_X1 | 0.060 |   0.111 |    0.076 | 
     | datapath/MEMWB_aluResult_reg[17] | D v         | DFFR_X1 | 0.000 |   0.111 |    0.076 | 
     +---------------------------------------------------------------------------------------+ 
Path 36: MET Hold Check with Pin datapath/MEMWB_aluResult_reg[20]/CK 
Endpoint:   datapath/MEMWB_aluResult_reg[20]/D (v) checked with  leading edge 
of 'clk'
Beginpoint: datapath/EXMEM_aluResult_reg[20]/Q (v) triggered by  leading edge 
of 'clk'
Path Groups: {reg2reg}
Analysis View: BC_VIEW
Other End Arrival Time          0.058
+ Hold                          0.005
+ Phase Shift                   0.000
- CPPR Adjustment               0.000
+ Uncertainty                   0.020
= Required Time                 0.083
  Arrival Time                  0.118
  Slack Time                    0.035
     Clock Rise Edge                 0.000
     + Clock Network Latency (Prop)  0.050
     = Beginpoint Arrival Time       0.050
     +---------------------------------------------------------------------------------------+ 
     |             Instance             |     Arc     |  Cell   | Delay | Arrival | Required | 
     |                                  |             |         |       |  Time   |   Time   | 
     |----------------------------------+-------------+---------+-------+---------+----------| 
     | datapath/EXMEM_aluResult_reg[20] | CK ^        |         |       |   0.050 |    0.015 | 
     | datapath/EXMEM_aluResult_reg[20] | CK ^ -> Q v | DFFR_X1 | 0.067 |   0.117 |    0.082 | 
     | datapath/MEMWB_aluResult_reg[20] | D v         | DFFR_X1 | 0.001 |   0.118 |    0.083 | 
     +---------------------------------------------------------------------------------------+ 
Path 37: MET Hold Check with Pin datapath/IFID_instr_reg[29]/CK 
Endpoint:   datapath/IFID_instr_reg[29]/D  (v) checked with  leading edge of 
'clk'
Beginpoint: datapath/IFID_instr_reg[29]/QN (^) triggered by  leading edge of 
'clk'
Path Groups: {reg2reg}
Analysis View: BC_VIEW
Other End Arrival Time          0.048
+ Hold                          0.004
+ Phase Shift                   0.000
- CPPR Adjustment               0.000
+ Uncertainty                   0.020
= Required Time                 0.072
  Arrival Time                  0.109
  Slack Time                    0.036
     Clock Rise Edge                 0.000
     + Clock Network Latency (Prop)  0.048
     = Beginpoint Arrival Time       0.048
     +------------------------------------------------------------------------------------+ 
     |          Instance           |     Arc      |   Cell   | Delay | Arrival | Required | 
     |                             |              |          |       |  Time   |   Time   | 
     |-----------------------------+--------------+----------+-------+---------+----------| 
     | datapath/IFID_instr_reg[29] | CK ^         |          |       |   0.048 |    0.011 | 
     | datapath/IFID_instr_reg[29] | CK ^ -> QN ^ | DFFR_X2  | 0.050 |   0.098 |    0.062 | 
     | datapath/g44174             | B2 ^ -> ZN v | OAI22_X1 | 0.011 |   0.109 |    0.072 | 
     | datapath/IFID_instr_reg[29] | D v          | DFFR_X2  | 0.000 |   0.109 |    0.072 | 
     +------------------------------------------------------------------------------------+ 
Path 38: MET Hold Check with Pin datapath/IFID_instr_reg[25]/CK 
Endpoint:   datapath/IFID_instr_reg[25]/D  (v) checked with  leading edge of 
'clk'
Beginpoint: datapath/IFID_instr_reg[25]/QN (^) triggered by  leading edge of 
'clk'
Path Groups: {reg2reg}
Analysis View: BC_VIEW
Other End Arrival Time          0.048
+ Hold                          0.004
+ Phase Shift                   0.000
- CPPR Adjustment               0.000
+ Uncertainty                   0.020
= Required Time                 0.072
  Arrival Time                  0.109
  Slack Time                    0.036
     Clock Rise Edge                 0.000
     + Clock Network Latency (Prop)  0.047
     = Beginpoint Arrival Time       0.047
     +------------------------------------------------------------------------------------+ 
     |          Instance           |     Arc      |   Cell   | Delay | Arrival | Required | 
     |                             |              |          |       |  Time   |   Time   | 
     |-----------------------------+--------------+----------+-------+---------+----------| 
     | datapath/IFID_instr_reg[25] | CK ^         |          |       |   0.047 |    0.011 | 
     | datapath/IFID_instr_reg[25] | CK ^ -> QN ^ | DFFR_X2  | 0.050 |   0.098 |    0.062 | 
     | datapath/g44182             | B2 ^ -> ZN v | OAI22_X1 | 0.011 |   0.109 |    0.072 | 
     | datapath/IFID_instr_reg[25] | D v          | DFFR_X2  | 0.000 |   0.109 |    0.072 | 
     +------------------------------------------------------------------------------------+ 
Path 39: MET Hold Check with Pin datapath/IFID_instr_reg[14]/CK 
Endpoint:   datapath/IFID_instr_reg[14]/D  (v) checked with  leading edge of 
'clk'
Beginpoint: datapath/IFID_instr_reg[14]/QN (^) triggered by  leading edge of 
'clk'
Path Groups: {reg2reg}
Analysis View: BC_VIEW
Other End Arrival Time          0.048
+ Hold                          0.004
+ Phase Shift                   0.000
- CPPR Adjustment               0.000
+ Uncertainty                   0.020
= Required Time                 0.072
  Arrival Time                  0.109
  Slack Time                    0.036
     Clock Rise Edge                 0.000
     + Clock Network Latency (Prop)  0.047
     = Beginpoint Arrival Time       0.047
     +------------------------------------------------------------------------------------+ 
     |          Instance           |     Arc      |   Cell   | Delay | Arrival | Required | 
     |                             |              |          |       |  Time   |   Time   | 
     |-----------------------------+--------------+----------+-------+---------+----------| 
     | datapath/IFID_instr_reg[14] | CK ^         |          |       |   0.047 |    0.011 | 
     | datapath/IFID_instr_reg[14] | CK ^ -> QN ^ | DFFR_X2  | 0.051 |   0.098 |    0.062 | 
     | datapath/g44200             | B2 ^ -> ZN v | OAI22_X1 | 0.011 |   0.109 |    0.072 | 
     | datapath/IFID_instr_reg[14] | D v          | DFFR_X2  | 0.000 |   0.109 |    0.072 | 
     +------------------------------------------------------------------------------------+ 
Path 40: MET Hold Check with Pin datapath/MEMWB_aluResult_reg[28]/CK 
Endpoint:   datapath/MEMWB_aluResult_reg[28]/D (v) checked with  leading edge 
of 'clk'
Beginpoint: datapath/EXMEM_aluResult_reg[28]/Q (v) triggered by  leading edge 
of 'clk'
Path Groups: {reg2reg}
Analysis View: BC_VIEW
Other End Arrival Time          0.058
+ Hold                          0.005
+ Phase Shift                   0.000
- CPPR Adjustment               0.000
+ Uncertainty                   0.020
= Required Time                 0.083
  Arrival Time                  0.119
  Slack Time                    0.037
     Clock Rise Edge                 0.000
     + Clock Network Latency (Prop)  0.057
     = Beginpoint Arrival Time       0.057
     +---------------------------------------------------------------------------------------+ 
     |             Instance             |     Arc     |  Cell   | Delay | Arrival | Required | 
     |                                  |             |         |       |  Time   |   Time   | 
     |----------------------------------+-------------+---------+-------+---------+----------| 
     | datapath/EXMEM_aluResult_reg[28] | CK ^        |         |       |   0.057 |    0.021 | 
     | datapath/EXMEM_aluResult_reg[28] | CK ^ -> Q v | DFFR_X1 | 0.062 |   0.119 |    0.083 | 
     | datapath/MEMWB_aluResult_reg[28] | D v         | DFFR_X1 | 0.000 |   0.119 |    0.083 | 
     +---------------------------------------------------------------------------------------+ 
Path 41: MET Hold Check with Pin datapath/MEMWB_aluResult_reg[31]/CK 
Endpoint:   datapath/MEMWB_aluResult_reg[31]/D (v) checked with  leading edge 
of 'clk'
Beginpoint: datapath/EXMEM_aluResult_reg[31]/Q (v) triggered by  leading edge 
of 'clk'
Path Groups: {reg2reg}
Analysis View: BC_VIEW
Other End Arrival Time          0.058
+ Hold                          0.005
+ Phase Shift                   0.000
- CPPR Adjustment               0.000
+ Uncertainty                   0.020
= Required Time                 0.083
  Arrival Time                  0.119
  Slack Time                    0.037
     Clock Rise Edge                 0.000
     + Clock Network Latency (Prop)  0.057
     = Beginpoint Arrival Time       0.057
     +---------------------------------------------------------------------------------------+ 
     |             Instance             |     Arc     |  Cell   | Delay | Arrival | Required | 
     |                                  |             |         |       |  Time   |   Time   | 
     |----------------------------------+-------------+---------+-------+---------+----------| 
     | datapath/EXMEM_aluResult_reg[31] | CK ^        |         |       |   0.057 |    0.021 | 
     | datapath/EXMEM_aluResult_reg[31] | CK ^ -> Q v | DFFR_X1 | 0.062 |   0.119 |    0.083 | 
     | datapath/MEMWB_aluResult_reg[31] | D v         | DFFR_X1 | 0.000 |   0.119 |    0.083 | 
     +---------------------------------------------------------------------------------------+ 
Path 42: MET Hold Check with Pin datapath/MEMWB_aluResult_reg[7]/CK 
Endpoint:   datapath/MEMWB_aluResult_reg[7]/D (v) checked with  leading edge of 
'clk'
Beginpoint: datapath/EXMEM_aluResult_reg[7]/Q (v) triggered by  leading edge of 
'clk'
Path Groups: {reg2reg}
Analysis View: BC_VIEW
Other End Arrival Time          0.050
+ Hold                          0.005
+ Phase Shift                   0.000
- CPPR Adjustment               0.000
+ Uncertainty                   0.020
= Required Time                 0.075
  Arrival Time                  0.112
  Slack Time                    0.037
     Clock Rise Edge                 0.000
     + Clock Network Latency (Prop)  0.050
     = Beginpoint Arrival Time       0.050
     +--------------------------------------------------------------------------------------+ 
     |            Instance             |     Arc     |  Cell   | Delay | Arrival | Required | 
     |                                 |             |         |       |  Time   |   Time   | 
     |---------------------------------+-------------+---------+-------+---------+----------| 
     | datapath/EXMEM_aluResult_reg[7] | CK ^        |         |       |   0.050 |    0.013 | 
     | datapath/EXMEM_aluResult_reg[7] | CK ^ -> Q v | DFFR_X1 | 0.062 |   0.112 |    0.075 | 
     | datapath/MEMWB_aluResult_reg[7] | D v         | DFFR_X1 | 0.000 |   0.112 |    0.075 | 
     +--------------------------------------------------------------------------------------+ 
Path 43: MET Hold Check with Pin datapath/MEMWB_aluResult_reg[30]/CK 
Endpoint:   datapath/MEMWB_aluResult_reg[30]/D (v) checked with  leading edge 
of 'clk'
Beginpoint: datapath/EXMEM_aluResult_reg[30]/Q (v) triggered by  leading edge 
of 'clk'
Path Groups: {reg2reg}
Analysis View: BC_VIEW
Other End Arrival Time          0.058
+ Hold                          0.005
+ Phase Shift                   0.000
- CPPR Adjustment               0.000
+ Uncertainty                   0.020
= Required Time                 0.083
  Arrival Time                  0.120
  Slack Time                    0.037
     Clock Rise Edge                 0.000
     + Clock Network Latency (Prop)  0.057
     = Beginpoint Arrival Time       0.057
     +---------------------------------------------------------------------------------------+ 
     |             Instance             |     Arc     |  Cell   | Delay | Arrival | Required | 
     |                                  |             |         |       |  Time   |   Time   | 
     |----------------------------------+-------------+---------+-------+---------+----------| 
     | datapath/EXMEM_aluResult_reg[30] | CK ^        |         |       |   0.057 |    0.020 | 
     | datapath/EXMEM_aluResult_reg[30] | CK ^ -> Q v | DFFR_X1 | 0.063 |   0.120 |    0.083 | 
     | datapath/MEMWB_aluResult_reg[30] | D v         | DFFR_X1 | 0.000 |   0.120 |    0.083 | 
     +---------------------------------------------------------------------------------------+ 
Path 44: MET Hold Check with Pin datapath/MEMWB_aluResult_reg[27]/CK 
Endpoint:   datapath/MEMWB_aluResult_reg[27]/D (v) checked with  leading edge 
of 'clk'
Beginpoint: datapath/EXMEM_aluResult_reg[27]/Q (v) triggered by  leading edge 
of 'clk'
Path Groups: {reg2reg}
Analysis View: BC_VIEW
Other End Arrival Time          0.059
+ Hold                          0.005
+ Phase Shift                   0.000
- CPPR Adjustment               0.000
+ Uncertainty                   0.020
= Required Time                 0.084
  Arrival Time                  0.121
  Slack Time                    0.037
     Clock Rise Edge                 0.000
     + Clock Network Latency (Prop)  0.057
     = Beginpoint Arrival Time       0.057
     +---------------------------------------------------------------------------------------+ 
     |             Instance             |     Arc     |  Cell   | Delay | Arrival | Required | 
     |                                  |             |         |       |  Time   |   Time   | 
     |----------------------------------+-------------+---------+-------+---------+----------| 
     | datapath/EXMEM_aluResult_reg[27] | CK ^        |         |       |   0.057 |    0.020 | 
     | datapath/EXMEM_aluResult_reg[27] | CK ^ -> Q v | DFFR_X1 | 0.064 |   0.121 |    0.084 | 
     | datapath/MEMWB_aluResult_reg[27] | D v         | DFFR_X1 | 0.000 |   0.121 |    0.084 | 
     +---------------------------------------------------------------------------------------+ 
Path 45: MET Hold Check with Pin datapath/MEMWB_aluResult_reg[8]/CK 
Endpoint:   datapath/MEMWB_aluResult_reg[8]/D (v) checked with  leading edge of 
'clk'
Beginpoint: datapath/EXMEM_aluResult_reg[8]/Q (v) triggered by  leading edge of 
'clk'
Path Groups: {reg2reg}
Analysis View: BC_VIEW
Other End Arrival Time          0.064
+ Hold                          0.005
+ Phase Shift                   0.000
- CPPR Adjustment               0.000
+ Uncertainty                   0.020
= Required Time                 0.088
  Arrival Time                  0.126
  Slack Time                    0.038
     Clock Rise Edge                 0.000
     + Clock Network Latency (Prop)  0.063
     = Beginpoint Arrival Time       0.063
     +--------------------------------------------------------------------------------------+ 
     |            Instance             |     Arc     |  Cell   | Delay | Arrival | Required | 
     |                                 |             |         |       |  Time   |   Time   | 
     |---------------------------------+-------------+---------+-------+---------+----------| 
     | datapath/EXMEM_aluResult_reg[8] | CK ^        |         |       |   0.063 |    0.025 | 
     | datapath/EXMEM_aluResult_reg[8] | CK ^ -> Q v | DFFR_X1 | 0.063 |   0.126 |    0.088 | 
     | datapath/MEMWB_aluResult_reg[8] | D v         | DFFR_X1 | 0.000 |   0.126 |    0.088 | 
     +--------------------------------------------------------------------------------------+ 
Path 46: MET Hold Check with Pin datapath/MEMWB_aluResult_reg[13]/CK 
Endpoint:   datapath/MEMWB_aluResult_reg[13]/D (v) checked with  leading edge 
of 'clk'
Beginpoint: datapath/EXMEM_aluResult_reg[13]/Q (v) triggered by  leading edge 
of 'clk'
Path Groups: {reg2reg}
Analysis View: BC_VIEW
Other End Arrival Time          0.050
+ Hold                          0.005
+ Phase Shift                   0.000
- CPPR Adjustment               0.000
+ Uncertainty                   0.020
= Required Time                 0.075
  Arrival Time                  0.113
  Slack Time                    0.038
     Clock Rise Edge                 0.000
     + Clock Network Latency (Prop)  0.050
     = Beginpoint Arrival Time       0.050
     +---------------------------------------------------------------------------------------+ 
     |             Instance             |     Arc     |  Cell   | Delay | Arrival | Required | 
     |                                  |             |         |       |  Time   |   Time   | 
     |----------------------------------+-------------+---------+-------+---------+----------| 
     | datapath/EXMEM_aluResult_reg[13] | CK ^        |         |       |   0.050 |    0.012 | 
     | datapath/EXMEM_aluResult_reg[13] | CK ^ -> Q v | DFFR_X1 | 0.063 |   0.113 |    0.075 | 
     | datapath/MEMWB_aluResult_reg[13] | D v         | DFFR_X1 | 0.000 |   0.113 |    0.075 | 
     +---------------------------------------------------------------------------------------+ 
Path 47: MET Hold Check with Pin datapath/MEMWB_aluResult_reg[10]/CK 
Endpoint:   datapath/MEMWB_aluResult_reg[10]/D (v) checked with  leading edge 
of 'clk'
Beginpoint: datapath/EXMEM_aluResult_reg[10]/Q (v) triggered by  leading edge 
of 'clk'
Path Groups: {reg2reg}
Analysis View: BC_VIEW
Other End Arrival Time          0.051
+ Hold                          0.005
+ Phase Shift                   0.000
- CPPR Adjustment               0.000
+ Uncertainty                   0.020
= Required Time                 0.076
  Arrival Time                  0.114
  Slack Time                    0.038
     Clock Rise Edge                 0.000
     + Clock Network Latency (Prop)  0.050
     = Beginpoint Arrival Time       0.050
     +---------------------------------------------------------------------------------------+ 
     |             Instance             |     Arc     |  Cell   | Delay | Arrival | Required | 
     |                                  |             |         |       |  Time   |   Time   | 
     |----------------------------------+-------------+---------+-------+---------+----------| 
     | datapath/EXMEM_aluResult_reg[10] | CK ^        |         |       |   0.050 |    0.012 | 
     | datapath/EXMEM_aluResult_reg[10] | CK ^ -> Q v | DFFR_X1 | 0.063 |   0.114 |    0.076 | 
     | datapath/MEMWB_aluResult_reg[10] | D v         | DFFR_X1 | 0.000 |   0.114 |    0.076 | 
     +---------------------------------------------------------------------------------------+ 
Path 48: MET Hold Check with Pin datapath/MEMWB_aluResult_reg[21]/CK 
Endpoint:   datapath/MEMWB_aluResult_reg[21]/D (v) checked with  leading edge 
of 'clk'
Beginpoint: datapath/EXMEM_aluResult_reg[21]/Q (v) triggered by  leading edge 
of 'clk'
Path Groups: {reg2reg}
Analysis View: BC_VIEW
Other End Arrival Time          0.050
+ Hold                          0.005
+ Phase Shift                   0.000
- CPPR Adjustment               0.000
+ Uncertainty                   0.020
= Required Time                 0.075
  Arrival Time                  0.114
  Slack Time                    0.038
     Clock Rise Edge                 0.000
     + Clock Network Latency (Prop)  0.050
     = Beginpoint Arrival Time       0.050
     +---------------------------------------------------------------------------------------+ 
     |             Instance             |     Arc     |  Cell   | Delay | Arrival | Required | 
     |                                  |             |         |       |  Time   |   Time   | 
     |----------------------------------+-------------+---------+-------+---------+----------| 
     | datapath/EXMEM_aluResult_reg[21] | CK ^        |         |       |   0.050 |    0.012 | 
     | datapath/EXMEM_aluResult_reg[21] | CK ^ -> Q v | DFFR_X1 | 0.064 |   0.114 |    0.075 | 
     | datapath/MEMWB_aluResult_reg[21] | D v         | DFFR_X1 | 0.000 |   0.114 |    0.075 | 
     +---------------------------------------------------------------------------------------+ 
Path 49: MET Hold Check with Pin datapath/MEMWB_aluResult_reg[16]/CK 
Endpoint:   datapath/MEMWB_aluResult_reg[16]/D (v) checked with  leading edge 
of 'clk'
Beginpoint: datapath/EXMEM_aluResult_reg[16]/Q (v) triggered by  leading edge 
of 'clk'
Path Groups: {reg2reg}
Analysis View: BC_VIEW
Other End Arrival Time          0.058
+ Hold                          0.005
+ Phase Shift                   0.000
- CPPR Adjustment               0.000
+ Uncertainty                   0.020
= Required Time                 0.083
  Arrival Time                  0.122
  Slack Time                    0.039
     Clock Rise Edge                 0.000
     + Clock Network Latency (Prop)  0.050
     = Beginpoint Arrival Time       0.050
     +---------------------------------------------------------------------------------------+ 
     |             Instance             |     Arc     |  Cell   | Delay | Arrival | Required | 
     |                                  |             |         |       |  Time   |   Time   | 
     |----------------------------------+-------------+---------+-------+---------+----------| 
     | datapath/EXMEM_aluResult_reg[16] | CK ^        |         |       |   0.050 |    0.011 | 
     | datapath/EXMEM_aluResult_reg[16] | CK ^ -> Q v | DFFR_X1 | 0.071 |   0.120 |    0.082 | 
     | datapath/MEMWB_aluResult_reg[16] | D v         | DFFR_X1 | 0.001 |   0.122 |    0.083 | 
     +---------------------------------------------------------------------------------------+ 
Path 50: MET Hold Check with Pin datapath/MEMWB_aluResult_reg[15]/CK 
Endpoint:   datapath/MEMWB_aluResult_reg[15]/D (v) checked with  leading edge 
of 'clk'
Beginpoint: datapath/EXMEM_aluResult_reg[15]/Q (v) triggered by  leading edge 
of 'clk'
Path Groups: {reg2reg}
Analysis View: BC_VIEW
Other End Arrival Time          0.050
+ Hold                          0.005
+ Phase Shift                   0.000
- CPPR Adjustment               0.000
+ Uncertainty                   0.020
= Required Time                 0.075
  Arrival Time                  0.114
  Slack Time                    0.039
     Clock Rise Edge                 0.000
     + Clock Network Latency (Prop)  0.050
     = Beginpoint Arrival Time       0.050
     +---------------------------------------------------------------------------------------+ 
     |             Instance             |     Arc     |  Cell   | Delay | Arrival | Required | 
     |                                  |             |         |       |  Time   |   Time   | 
     |----------------------------------+-------------+---------+-------+---------+----------| 
     | datapath/EXMEM_aluResult_reg[15] | CK ^        |         |       |   0.050 |    0.011 | 
     | datapath/EXMEM_aluResult_reg[15] | CK ^ -> Q v | DFFR_X1 | 0.064 |   0.114 |    0.075 | 
     | datapath/MEMWB_aluResult_reg[15] | D v         | DFFR_X1 | 0.000 |   0.114 |    0.075 | 
     +---------------------------------------------------------------------------------------+ 

