###############################################################
#  Generated by:      Cadence Innovus 23.12-s091_1
#  OS:                Linux x86_64(Host ID nanohub-2907946-1)
#  Generated on:      Tue Aug 11 15:41:42 2026
#  Design:            pipelined_cpu_core
#  Command:           report_timing -late > reports/10_place_timing.rpt
###############################################################
Path 1: VIOLATED Setup Check with Pin datapath/EXMEM_aluResult_reg[0]/CK 
Endpoint:   datapath/EXMEM_aluResult_reg[0]/D (^) checked with  leading edge of 
'clk'
Beginpoint: datapath/IDEX_rs1_reg[3]/QN       (^) triggered by  leading edge of 
'clk'
Path Groups: {clk}
Analysis View: WC_VIEW
Other End Arrival Time          0.000
- Setup                         0.068
+ Phase Shift                   4.100
+ CPPR Adjustment               0.000
- Uncertainty                   0.100
= Required Time                 3.932
- Arrival Time                  3.944
= Slack Time                   -0.012
     Clock Rise Edge                 0.000
     + Clock Network Latency (Ideal) -0.068
     = Beginpoint Arrival Time       -0.068
     +-----------------------------------------------------------------------------------------------------------+ 
     |                      Instance                      |     Arc      |   Cell   | Delay | Arrival | Required | 
     |                                                    |              |          |       |  Time   |   Time   | 
     |----------------------------------------------------+--------------+----------+-------+---------+----------| 
     | datapath/IDEX_rs1_reg[3]                           | CK ^         |          |       |  -0.068 |   -0.080 | 
     | datapath/IDEX_rs1_reg[3]                           | CK ^ -> QN ^ | DFFR_X1  | 0.261 |   0.193 |    0.181 | 
     | ALU_forward/FE_OFC222_n_25                         | A ^ -> ZN v  | INV_X1   | 0.040 |   0.233 |    0.221 | 
     | ALU_forward/g3102__4733                            | A1 v -> ZN ^ | NAND2_X1 | 0.058 |   0.292 |    0.279 | 
     | ALU_forward/FE_RC_42_0                             | A1 ^ -> ZN v | NAND2_X2 | 0.052 |   0.344 |    0.332 | 
     | ALU_forward/FE_RC_40_0                             | A2 v -> ZN ^ | NOR2_X4  | 0.100 |   0.444 |    0.432 | 
     | ALU_forward/FE_RC_117_0                            | A3 ^ -> ZN v | NAND4_X4 | 0.107 |   0.550 |    0.538 | 
     | ALU_forward/FE_RC_168_0                            | A1 v -> ZN ^ | NAND4_X4 | 0.072 |   0.622 |    0.610 | 
     | ALU_forward/FE_RC_27_0                             | A ^ -> ZN v  | INV_X4   | 0.039 |   0.661 |    0.649 | 
     | datapath/FE_OFC470_IDEX_forwardA_0                 | A v -> ZN ^  | INV_X4   | 0.057 |   0.719 |    0.706 | 
     | datapath/g26390                                    | A1 ^ -> ZN v | NAND3_X4 | 0.054 |   0.772 |    0.760 | 
     | datapath/g26324                                    | A1 v -> ZN ^ | NAND3_X4 | 0.066 |   0.838 |    0.826 | 
     | datapath/ALU_ALU_GEN[0].slice_i_bitAdder/fopt2     | A ^ -> ZN v  | INV_X4   | 0.032 |   0.870 |    0.858 | 
     | datapath/ALU_ALU_GEN[0].slice_i_bitAdder/g221__510 | A1 v -> ZN ^ | NAND2_X4 | 0.041 |   0.911 |    0.899 | 
     | 7                                                  |              |          |       |         |          | 
     | datapath/ALU_ALU_GEN[0].slice_i_bitAdder/g219__547 | A2 ^ -> ZN v | NAND2_X4 | 0.041 |   0.952 |    0.940 | 
     | 7                                                  |              |          |       |         |          | 
     | datapath/ALU_ALU_GEN[0].slice_i_bitAdder/g217__741 | A1 v -> ZN ^ | NAND2_X4 | 0.050 |   1.002 |    0.990 | 
     | 0                                                  |              |          |       |         |          | 
     | datapath/ALU_ALU_GEN[1].slice_i_bitAdder/FE_RC_109 | A ^ -> ZN v  | OAI21_X4 | 0.050 |   1.052 |    1.040 | 
     | _0                                                 |              |          |       |         |          | 
     | datapath/ALU_ALU_GEN[1].slice_i_bitAdder/FE_RC_99_ | A1 v -> ZN ^ | NAND2_X4 | 0.049 |   1.101 |    1.089 | 
     | 0                                                  |              |          |       |         |          | 
     | datapath/ALU_ALU_GEN[2].slice_i_bitAdder/g158__616 | A1 ^ -> ZN v | NAND2_X4 | 0.036 |   1.137 |    1.124 | 
     | 1                                                  |              |          |       |         |          | 
     | datapath/ALU_ALU_GEN[2].slice_i_bitAdder/g156__748 | A1 v -> ZN ^ | NAND2_X4 | 0.043 |   1.180 |    1.167 | 
     | 2                                                  |              |          |       |         |          | 
     | datapath/ALU_ALU_GEN[3].slice_i_bitAdder/FE_RC_133 | A1 ^ -> ZN v | NAND2_X4 | 0.036 |   1.215 |    1.203 | 
     | _0                                                 |              |          |       |         |          | 
     | datapath/ALU_ALU_GEN[3].slice_i_bitAdder/g153__641 | A1 v -> ZN ^ | NAND2_X4 | 0.043 |   1.259 |    1.246 | 
     | 7                                                  |              |          |       |         |          | 
     | datapath/ALU_ALU_GEN[4].slice_i_bitAdder/FE_RC_155 | A1 ^ -> ZN v | NAND2_X4 | 0.036 |   1.294 |    1.282 | 
     | _0                                                 |              |          |       |         |          | 
     | datapath/ALU_ALU_GEN[4].slice_i_bitAdder/g153__368 | A1 v -> ZN ^ | NAND2_X4 | 0.046 |   1.340 |    1.328 | 
     | 0                                                  |              |          |       |         |          | 
     | datapath/ALU_ALU_GEN[5].slice_i_bitAdder/g155__473 | A1 ^ -> ZN v | NAND2_X4 | 0.038 |   1.377 |    1.365 | 
     | 3                                                  |              |          |       |         |          | 
     | datapath/ALU_ALU_GEN[5].slice_i_bitAdder/g153__511 | A1 v -> ZN ^ | NAND2_X4 | 0.044 |   1.421 |    1.409 | 
     | 5                                                  |              |          |       |         |          | 
     | datapath/ALU_ALU_GEN[6].slice_i_bitAdder/FE_RC_281 | A1 ^ -> ZN v | NAND2_X4 | 0.036 |   1.457 |    1.445 | 
     | _0                                                 |              |          |       |         |          | 
     | datapath/ALU_ALU_GEN[6].slice_i_bitAdder/FE_RC_280 | A1 v -> ZN ^ | NAND2_X4 | 0.046 |   1.504 |    1.491 | 
     | _0                                                 |              |          |       |         |          | 
     | datapath/ALU_ALU_GEN[7].slice_i_bitAdder/FE_RC_239 | A1 ^ -> ZN v | NAND2_X4 | 0.037 |   1.541 |    1.528 | 
     | _0                                                 |              |          |       |         |          | 
     | datapath/ALU_ALU_GEN[7].slice_i_bitAdder/FE_RC_238 | A1 v -> ZN ^ | NAND2_X4 | 0.044 |   1.585 |    1.573 | 
     | _0                                                 |              |          |       |         |          | 
     | datapath/ALU_ALU_GEN[8].slice_i_bitAdder/FE_RC_233 | A1 ^ -> ZN v | NAND2_X4 | 0.035 |   1.620 |    1.608 | 
     | _0                                                 |              |          |       |         |          | 
     | datapath/ALU_ALU_GEN[8].slice_i_bitAdder/FE_RC_232 | A1 v -> ZN ^ | NAND2_X4 | 0.046 |   1.666 |    1.654 | 
     | _0                                                 |              |          |       |         |          | 
     | datapath/ALU_ALU_GEN[9].slice_i_bitAdder/g137__166 | A1 ^ -> ZN v | NAND2_X4 | 0.036 |   1.702 |    1.690 | 
     | 6                                                  |              |          |       |         |          | 
     | datapath/ALU_ALU_GEN[9].slice_i_bitAdder/g135__288 | A1 v -> ZN ^ | NAND2_X4 | 0.044 |   1.746 |    1.733 | 
     | 3                                                  |              |          |       |         |          | 
     | datapath/ALU_ALU_GEN[10].slice_i_bitAdder/g146__84 | A1 ^ -> ZN v | NAND2_X4 | 0.035 |   1.781 |    1.769 | 
     | 28                                                 |              |          |       |         |          | 
     | datapath/ALU_ALU_GEN[10].slice_i_bitAdder/g144__62 | A1 v -> ZN ^ | NAND2_X4 | 0.044 |   1.825 |    1.813 | 
     | 60                                                 |              |          |       |         |          | 
     | datapath/ALU_ALU_GEN[11].slice_i_bitAdder/g155__82 | A1 ^ -> ZN v | NAND2_X4 | 0.035 |   1.860 |    1.848 | 
     | 46                                                 |              |          |       |         |          | 
     | datapath/ALU_ALU_GEN[11].slice_i_bitAdder/g153__17 | A1 v -> ZN ^ | NAND2_X4 | 0.046 |   1.906 |    1.894 | 
     | 05                                                 |              |          |       |         |          | 
     | datapath/ALU_ALU_GEN[12].slice_i_bitAdder/g155__93 | A1 ^ -> ZN v | NAND2_X4 | 0.036 |   1.943 |    1.930 | 
     | 15                                                 |              |          |       |         |          | 
     | datapath/ALU_ALU_GEN[12].slice_i_bitAdder/g153__47 | A1 v -> ZN ^ | NAND2_X4 | 0.045 |   1.988 |    1.975 | 
     | 33                                                 |              |          |       |         |          | 
     | datapath/ALU_ALU_GEN[13].slice_i_bitAdder/g155__23 | A1 ^ -> ZN v | NAND2_X4 | 0.036 |   2.024 |    2.011 | 
     | 98                                                 |              |          |       |         |          | 
     | datapath/ALU_ALU_GEN[13].slice_i_bitAdder/g153__64 | A1 v -> ZN ^ | NAND2_X4 | 0.044 |   2.068 |    2.056 | 
     | 17                                                 |              |          |       |         |          | 
     | datapath/ALU_ALU_GEN[14].slice_i_bitAdder/FE_RC_13 | A1 ^ -> ZN v | NAND2_X4 | 0.036 |   2.104 |    2.092 | 
     | 4_0                                                |              |          |       |         |          | 
     | datapath/ALU_ALU_GEN[14].slice_i_bitAdder/g153__67 | A1 v -> ZN ^ | NAND2_X4 | 0.044 |   2.148 |    2.135 | 
     | 83                                                 |              |          |       |         |          | 
     | datapath/ALU_ALU_GEN[15].slice_i_bitAdder/g155__51 | A1 ^ -> ZN v | NAND2_X4 | 0.035 |   2.183 |    2.171 | 
     | 15                                                 |              |          |       |         |          | 
     | datapath/ALU_ALU_GEN[15].slice_i_bitAdder/g153__61 | A1 v -> ZN ^ | NAND2_X4 | 0.049 |   2.232 |    2.220 | 
     | 31                                                 |              |          |       |         |          | 
     | datapath/ALU_ALU_GEN[16].slice_i_bitAdder/g158__16 | A1 ^ -> ZN v | NAND2_X4 | 0.038 |   2.270 |    2.258 | 
     | 66                                                 |              |          |       |         |          | 
     | datapath/ALU_ALU_GEN[16].slice_i_bitAdder/g156__28 | A1 v -> ZN ^ | NAND2_X4 | 0.043 |   2.313 |    2.301 | 
     | 83                                                 |              |          |       |         |          | 
     | datapath/ALU_ALU_GEN[17].slice_i_bitAdder/g155__84 | A1 ^ -> ZN v | NAND2_X4 | 0.035 |   2.348 |    2.336 | 
     | 28                                                 |              |          |       |         |          | 
     | datapath/ALU_ALU_GEN[17].slice_i_bitAdder/g153__62 | A1 v -> ZN ^ | NAND2_X4 | 0.044 |   2.392 |    2.380 | 
     | 60                                                 |              |          |       |         |          | 
     | datapath/ALU_ALU_GEN[18].slice_i_bitAdder/g158__82 | A1 ^ -> ZN v | NAND2_X4 | 0.035 |   2.427 |    2.415 | 
     | 46                                                 |              |          |       |         |          | 
     | datapath/ALU_ALU_GEN[18].slice_i_bitAdder/g156__17 | A1 v -> ZN ^ | NAND2_X4 | 0.044 |   2.471 |    2.458 | 
     | 05                                                 |              |          |       |         |          | 
     | datapath/ALU_ALU_GEN[19].slice_i_bitAdder/g158__93 | A1 ^ -> ZN v | NAND2_X4 | 0.035 |   2.506 |    2.494 | 
     | 15                                                 |              |          |       |         |          | 
     | datapath/ALU_ALU_GEN[19].slice_i_bitAdder/g156__47 | A1 v -> ZN ^ | NAND2_X4 | 0.045 |   2.551 |    2.539 | 
     | 33                                                 |              |          |       |         |          | 
     | datapath/ALU_ALU_GEN[20].slice_i_bitAdder/g158__23 | A1 ^ -> ZN v | NAND2_X4 | 0.036 |   2.587 |    2.575 | 
     | 98                                                 |              |          |       |         |          | 
     | datapath/ALU_ALU_GEN[20].slice_i_bitAdder/g156__64 | A1 v -> ZN ^ | NAND2_X4 | 0.044 |   2.631 |    2.618 | 
     | 17                                                 |              |          |       |         |          | 
     | datapath/ALU_ALU_GEN[21].slice_i_bitAdder/g158__36 | A1 ^ -> ZN v | NAND2_X4 | 0.035 |   2.666 |    2.654 | 
     | 80                                                 |              |          |       |         |          | 
     | datapath/ALU_ALU_GEN[21].slice_i_bitAdder/g156__67 | A1 v -> ZN ^ | NAND2_X4 | 0.047 |   2.713 |    2.701 | 
     | 83                                                 |              |          |       |         |          | 
     | datapath/ALU_ALU_GEN[22].slice_i_bitAdder/g158__51 | A1 ^ -> ZN v | NAND2_X4 | 0.037 |   2.750 |    2.738 | 
     | 15                                                 |              |          |       |         |          | 
     | datapath/ALU_ALU_GEN[22].slice_i_bitAdder/g156__18 | A1 v -> ZN ^ | NAND2_X4 | 0.044 |   2.794 |    2.782 | 
     | 81                                                 |              |          |       |         |          | 
     | datapath/ALU_ALU_GEN[23].slice_i_bitAdder/g158__74 | A1 ^ -> ZN v | NAND2_X4 | 0.036 |   2.830 |    2.818 | 
     | 10                                                 |              |          |       |         |          | 
     | datapath/ALU_ALU_GEN[23].slice_i_bitAdder/g156__16 | A1 v -> ZN ^ | NAND2_X4 | 0.051 |   2.881 |    2.869 | 
     | 66                                                 |              |          |       |         |          | 
     | datapath/ALU_ALU_GEN[24].slice_i_bitAdder/g158__67 | A1 ^ -> ZN v | NAND2_X4 | 0.039 |   2.920 |    2.908 | 
     | 83                                                 |              |          |       |         |          | 
     | datapath/ALU_ALU_GEN[24].slice_i_bitAdder/g156__55 | A1 v -> ZN ^ | NAND2_X4 | 0.044 |   2.964 |    2.952 | 
     | 26                                                 |              |          |       |         |          | 
     | datapath/ALU_ALU_GEN[25].slice_i_bitAdder/g158__18 | A1 ^ -> ZN v | NAND2_X4 | 0.035 |   2.999 |    2.987 | 
     | 81                                                 |              |          |       |         |          | 
     | datapath/ALU_ALU_GEN[25].slice_i_bitAdder/g156__61 | A1 v -> ZN ^ | NAND2_X4 | 0.047 |   3.046 |    3.034 | 
     | 31                                                 |              |          |       |         |          | 
     | datapath/ALU_ALU_GEN[26].slice_i_bitAdder/g158__16 | A1 ^ -> ZN v | NAND2_X4 | 0.037 |   3.083 |    3.071 | 
     | 66                                                 |              |          |       |         |          | 
     | datapath/ALU_ALU_GEN[26].slice_i_bitAdder/g156__23 | A1 v -> ZN ^ | NAND2_X4 | 0.047 |   3.130 |    3.118 | 
     | 46                                                 |              |          |       |         |          | 
     | datapath/ALU_ALU_GEN[27].slice_i_bitAdder/g158__55 | A1 ^ -> ZN v | NAND2_X4 | 0.037 |   3.167 |    3.155 | 
     | 26                                                 |              |          |       |         |          | 
     | datapath/ALU_ALU_GEN[27].slice_i_bitAdder/g156__84 | A1 v -> ZN ^ | NAND2_X4 | 0.047 |   3.214 |    3.202 | 
     | 28                                                 |              |          |       |         |          | 
     | datapath/ALU_ALU_GEN[28].slice_i_bitAdder/g158__51 | A1 ^ -> ZN v | NAND2_X4 | 0.037 |   3.251 |    3.239 | 
     | 15                                                 |              |          |       |         |          | 
     | datapath/ALU_ALU_GEN[28].slice_i_bitAdder/g156__61 | A1 v -> ZN ^ | NAND2_X4 | 0.047 |   3.298 |    3.286 | 
     | 31                                                 |              |          |       |         |          | 
     | datapath/ALU_ALU_GEN[29].slice_i_bitAdder/g158__16 | A1 ^ -> ZN v | NAND2_X4 | 0.032 |   3.330 |    3.318 | 
     | 66                                                 |              |          |       |         |          | 
     | datapath/ALU_ALU_GEN[29].slice_i_bitAdder/g156__28 | A1 v -> ZN ^ | NAND2_X2 | 0.066 |   3.397 |    3.384 | 
     | 83                                                 |              |          |       |         |          | 
     | datapath/ALU_ALU_GEN[30].slice_i_bitAdder/g158__55 | A1 ^ -> ZN v | NAND2_X4 | 0.044 |   3.441 |    3.429 | 
     | 26                                                 |              |          |       |         |          | 
     | datapath/ALU_ALU_GEN[30].slice_i_bitAdder/g156__43 | A1 v -> ZN ^ | NAND2_X4 | 0.067 |   3.507 |    3.495 | 
     | 19                                                 |              |          |       |         |          | 
     | datapath/ALU_msb_bitAdder/g118__6131               | A ^ -> ZN ^  | XNOR2_X1 | 0.165 |   3.672 |    3.660 | 
     | datapath/g16078                                    | B ^ -> ZN ^  | XNOR2_X2 | 0.161 |   3.833 |    3.821 | 
     | datapath/ALU_ALU_GEN[0].slice_i_resultMux/FE_RC_13 | A1 ^ -> ZN v | NAND2_X2 | 0.063 |   3.896 |    3.884 | 
     | 2_0                                                |              |          |       |         |          | 
     | datapath/ALU_ALU_GEN[0].slice_i_resultMux/g185__43 | A1 v -> ZN ^ | NAND2_X2 | 0.048 |   3.944 |    3.932 | 
     | 19                                                 |              |          |       |         |          | 
     | datapath/EXMEM_aluResult_reg[0]                    | D ^          | DFFR_X1  | 0.000 |   3.944 |    3.932 | 
     +-----------------------------------------------------------------------------------------------------------+ 

