###############################################################
#  Generated by:      Cadence Innovus 23.12-s091_1
#  OS:                Linux x86_64(Host ID nanohub-2907376-4)
#  Generated on:      Sun Aug  9 23:49:32 2026
#  Design:            pipelined_cpu_core
#  Command:           report_timing -early -max_paths 50 -nworst 1 > reports/41_final_hold.rpt
###############################################################
Path 1: MET Hold Check with Pin datapath/EXMEM_memWrite_reg/CK 
Endpoint:   datapath/EXMEM_memWrite_reg/D (v) checked with  leading edge of 
'clk'
Beginpoint: datapath/IDEX_memWrite_reg/Q  (v) triggered by  leading edge of 
'clk'
Path Groups: {reg2reg}
Analysis View: TYP_VIEW
Other End Arrival Time         -0.008
+ Hold                          0.012
+ Phase Shift                   0.000
- CPPR Adjustment               0.000
+ Uncertainty                   0.020
= Required Time                 0.024
  Arrival Time                  0.089
  Slack Time                    0.066
     Clock Rise Edge                 0.000
     + Clock Network Latency (Prop)  -0.008
     = Beginpoint Arrival Time       -0.008
     +----------------------------------------------------------------------------------+ 
     |          Instance           |     Arc     |  Cell   | Delay | Arrival | Required | 
     |                             |             |         |       |  Time   |   Time   | 
     |-----------------------------+-------------+---------+-------+---------+----------| 
     | datapath/IDEX_memWrite_reg  | CK ^        |         |       |  -0.008 |   -0.074 | 
     | datapath/IDEX_memWrite_reg  | CK ^ -> Q v | DFFR_X1 | 0.097 |   0.089 |    0.024 | 
     | datapath/EXMEM_memWrite_reg | D v         | DFFR_X1 | 0.000 |   0.089 |    0.024 | 
     +----------------------------------------------------------------------------------+ 
Path 2: MET Hold Check with Pin datapath/registers_RF_reg[28][0]/CK 
Endpoint:   datapath/registers_RF_reg[28][0]/SI (^) checked with trailing edge 
of 'clk'
Beginpoint: datapath/registers_RF_reg[28][0]/Q  (^) triggered by trailing edge 
of 'clk'
Path Groups: {reg2reg}
Analysis View: TYP_VIEW
Other End Arrival Time          1.403
+ Hold                         -0.007
+ Phase Shift                   0.000
- CPPR Adjustment               0.000
+ Uncertainty                   0.020
= Required Time                 1.416
  Arrival Time                  1.485
  Slack Time                    0.069
     Clock Fall Edge                 1.400
     + Clock Network Latency (Prop)  0.003
     = Beginpoint Arrival Time       1.403
     +---------------------------------------------------------------------------------------+ 
     |             Instance             |     Arc     |  Cell   | Delay | Arrival | Required | 
     |                                  |             |         |       |  Time   |   Time   | 
     |----------------------------------+-------------+---------+-------+---------+----------| 
     | datapath/registers_RF_reg[28][0] | CK ^        |         |       |   1.403 |    1.334 | 
     | datapath/registers_RF_reg[28][0] | CK ^ -> Q ^ | SDFF_X1 | 0.082 |   1.485 |    1.416 | 
     | datapath/registers_RF_reg[28][0] | SI ^        | SDFF_X1 | 0.000 |   1.485 |    1.416 | 
     +---------------------------------------------------------------------------------------+ 
Path 3: MET Hold Check with Pin datapath/registers_RF_reg[10][17]/CK 
Endpoint:   datapath/registers_RF_reg[10][17]/SI (^) checked with trailing edge 
of 'clk'
Beginpoint: datapath/registers_RF_reg[10][17]/Q  (^) triggered by trailing edge 
of 'clk'
Path Groups: {reg2reg}
Analysis View: TYP_VIEW
Other End Arrival Time          1.408
+ Hold                         -0.007
+ Phase Shift                   0.000
- CPPR Adjustment               0.000
+ Uncertainty                   0.020
= Required Time                 1.421
  Arrival Time                  1.490
  Slack Time                    0.069
     Clock Fall Edge                 1.400
     + Clock Network Latency (Prop)  0.008
     = Beginpoint Arrival Time       1.408
     +----------------------------------------------------------------------------------------+ 
     |             Instance              |     Arc     |  Cell   | Delay | Arrival | Required | 
     |                                   |             |         |       |  Time   |   Time   | 
     |-----------------------------------+-------------+---------+-------+---------+----------| 
     | datapath/registers_RF_reg[10][17] | CK ^        |         |       |   1.408 |    1.339 | 
     | datapath/registers_RF_reg[10][17] | CK ^ -> Q ^ | SDFF_X1 | 0.082 |   1.490 |    1.421 | 
     | datapath/registers_RF_reg[10][17] | SI ^        | SDFF_X1 | 0.000 |   1.490 |    1.421 | 
     +----------------------------------------------------------------------------------------+ 
Path 4: MET Hold Check with Pin datapath/registers_RF_reg[4][11]/CK 
Endpoint:   datapath/registers_RF_reg[4][11]/SI (^) checked with trailing edge 
of 'clk'
Beginpoint: datapath/registers_RF_reg[4][11]/Q  (^) triggered by trailing edge 
of 'clk'
Path Groups: {reg2reg}
Analysis View: TYP_VIEW
Other End Arrival Time          1.404
+ Hold                         -0.007
+ Phase Shift                   0.000
- CPPR Adjustment               0.000
+ Uncertainty                   0.020
= Required Time                 1.417
  Arrival Time                  1.486
  Slack Time                    0.069
     Clock Fall Edge                 1.400
     + Clock Network Latency (Prop)  0.004
     = Beginpoint Arrival Time       1.404
     +---------------------------------------------------------------------------------------+ 
     |             Instance             |     Arc     |  Cell   | Delay | Arrival | Required | 
     |                                  |             |         |       |  Time   |   Time   | 
     |----------------------------------+-------------+---------+-------+---------+----------| 
     | datapath/registers_RF_reg[4][11] | CK ^        |         |       |   1.404 |    1.335 | 
     | datapath/registers_RF_reg[4][11] | CK ^ -> Q ^ | SDFF_X1 | 0.082 |   1.486 |    1.417 | 
     | datapath/registers_RF_reg[4][11] | SI ^        | SDFF_X1 | 0.000 |   1.486 |    1.417 | 
     +---------------------------------------------------------------------------------------+ 
Path 5: MET Hold Check with Pin datapath/registers_RF_reg[18][20]/CK 
Endpoint:   datapath/registers_RF_reg[18][20]/SI (^) checked with trailing edge 
of 'clk'
Beginpoint: datapath/registers_RF_reg[18][20]/Q  (^) triggered by trailing edge 
of 'clk'
Path Groups: {reg2reg}
Analysis View: TYP_VIEW
Other End Arrival Time          1.406
+ Hold                         -0.007
+ Phase Shift                   0.000
- CPPR Adjustment               0.000
+ Uncertainty                   0.020
= Required Time                 1.419
  Arrival Time                  1.488
  Slack Time                    0.069
     Clock Fall Edge                 1.400
     + Clock Network Latency (Prop)  0.005
     = Beginpoint Arrival Time       1.405
     +----------------------------------------------------------------------------------------+ 
     |             Instance              |     Arc     |  Cell   | Delay | Arrival | Required | 
     |                                   |             |         |       |  Time   |   Time   | 
     |-----------------------------------+-------------+---------+-------+---------+----------| 
     | datapath/registers_RF_reg[18][20] | CK ^        |         |       |   1.405 |    1.336 | 
     | datapath/registers_RF_reg[18][20] | CK ^ -> Q ^ | SDFF_X1 | 0.082 |   1.488 |    1.419 | 
     | datapath/registers_RF_reg[18][20] | SI ^        | SDFF_X1 | 0.000 |   1.488 |    1.419 | 
     +----------------------------------------------------------------------------------------+ 
Path 6: MET Hold Check with Pin datapath/registers_RF_reg[26][26]/CK 
Endpoint:   datapath/registers_RF_reg[26][26]/SI (^) checked with trailing edge 
of 'clk'
Beginpoint: datapath/registers_RF_reg[26][26]/Q  (^) triggered by trailing edge 
of 'clk'
Path Groups: {reg2reg}
Analysis View: TYP_VIEW
Other End Arrival Time          1.402
+ Hold                         -0.007
+ Phase Shift                   0.000
- CPPR Adjustment               0.000
+ Uncertainty                   0.020
= Required Time                 1.415
  Arrival Time                  1.484
  Slack Time                    0.069
     Clock Fall Edge                 1.400
     + Clock Network Latency (Prop)  0.002
     = Beginpoint Arrival Time       1.402
     +----------------------------------------------------------------------------------------+ 
     |             Instance              |     Arc     |  Cell   | Delay | Arrival | Required | 
     |                                   |             |         |       |  Time   |   Time   | 
     |-----------------------------------+-------------+---------+-------+---------+----------| 
     | datapath/registers_RF_reg[26][26] | CK ^        |         |       |   1.402 |    1.333 | 
     | datapath/registers_RF_reg[26][26] | CK ^ -> Q ^ | SDFF_X1 | 0.082 |   1.484 |    1.415 | 
     | datapath/registers_RF_reg[26][26] | SI ^        | SDFF_X1 | 0.000 |   1.484 |    1.415 | 
     +----------------------------------------------------------------------------------------+ 
Path 7: MET Hold Check with Pin datapath/registers_RF_reg[24][2]/CK 
Endpoint:   datapath/registers_RF_reg[24][2]/SI (^) checked with trailing edge 
of 'clk'
Beginpoint: datapath/registers_RF_reg[24][2]/Q  (^) triggered by trailing edge 
of 'clk'
Path Groups: {reg2reg}
Analysis View: TYP_VIEW
Other End Arrival Time          1.402
+ Hold                         -0.007
+ Phase Shift                   0.000
- CPPR Adjustment               0.000
+ Uncertainty                   0.020
= Required Time                 1.415
  Arrival Time                  1.484
  Slack Time                    0.069
     Clock Fall Edge                 1.400
     + Clock Network Latency (Prop)  0.002
     = Beginpoint Arrival Time       1.402
     +---------------------------------------------------------------------------------------+ 
     |             Instance             |     Arc     |  Cell   | Delay | Arrival | Required | 
     |                                  |             |         |       |  Time   |   Time   | 
     |----------------------------------+-------------+---------+-------+---------+----------| 
     | datapath/registers_RF_reg[24][2] | CK ^        |         |       |   1.402 |    1.333 | 
     | datapath/registers_RF_reg[24][2] | CK ^ -> Q ^ | SDFF_X1 | 0.082 |   1.484 |    1.415 | 
     | datapath/registers_RF_reg[24][2] | SI ^        | SDFF_X1 | 0.000 |   1.484 |    1.415 | 
     +---------------------------------------------------------------------------------------+ 
Path 8: MET Hold Check with Pin datapath/registers_RF_reg[18][19]/CK 
Endpoint:   datapath/registers_RF_reg[18][19]/SI (^) checked with trailing edge 
of 'clk'
Beginpoint: datapath/registers_RF_reg[18][19]/Q  (^) triggered by trailing edge 
of 'clk'
Path Groups: {reg2reg}
Analysis View: TYP_VIEW
Other End Arrival Time          1.405
+ Hold                         -0.007
+ Phase Shift                   0.000
- CPPR Adjustment               0.000
+ Uncertainty                   0.020
= Required Time                 1.418
  Arrival Time                  1.487
  Slack Time                    0.069
     Clock Fall Edge                 1.400
     + Clock Network Latency (Prop)  0.005
     = Beginpoint Arrival Time       1.405
     +----------------------------------------------------------------------------------------+ 
     |             Instance              |     Arc     |  Cell   | Delay | Arrival | Required | 
     |                                   |             |         |       |  Time   |   Time   | 
     |-----------------------------------+-------------+---------+-------+---------+----------| 
     | datapath/registers_RF_reg[18][19] | CK ^        |         |       |   1.405 |    1.336 | 
     | datapath/registers_RF_reg[18][19] | CK ^ -> Q ^ | SDFF_X1 | 0.082 |   1.487 |    1.418 | 
     | datapath/registers_RF_reg[18][19] | SI ^        | SDFF_X1 | 0.000 |   1.487 |    1.418 | 
     +----------------------------------------------------------------------------------------+ 
Path 9: MET Hold Check with Pin datapath/registers_RF_reg[6][10]/CK 
Endpoint:   datapath/registers_RF_reg[6][10]/SI (^) checked with trailing edge 
of 'clk'
Beginpoint: datapath/registers_RF_reg[6][10]/Q  (^) triggered by trailing edge 
of 'clk'
Path Groups: {reg2reg}
Analysis View: TYP_VIEW
Other End Arrival Time          1.405
+ Hold                         -0.007
+ Phase Shift                   0.000
- CPPR Adjustment               0.000
+ Uncertainty                   0.020
= Required Time                 1.418
  Arrival Time                  1.487
  Slack Time                    0.069
     Clock Fall Edge                 1.400
     + Clock Network Latency (Prop)  0.005
     = Beginpoint Arrival Time       1.405
     +---------------------------------------------------------------------------------------+ 
     |             Instance             |     Arc     |  Cell   | Delay | Arrival | Required | 
     |                                  |             |         |       |  Time   |   Time   | 
     |----------------------------------+-------------+---------+-------+---------+----------| 
     | datapath/registers_RF_reg[6][10] | CK ^        |         |       |   1.405 |    1.336 | 
     | datapath/registers_RF_reg[6][10] | CK ^ -> Q ^ | SDFF_X1 | 0.082 |   1.487 |    1.418 | 
     | datapath/registers_RF_reg[6][10] | SI ^        | SDFF_X1 | 0.000 |   1.487 |    1.418 | 
     +---------------------------------------------------------------------------------------+ 
Path 10: MET Hold Check with Pin datapath/registers_RF_reg[24][1]/CK 
Endpoint:   datapath/registers_RF_reg[24][1]/SI (^) checked with trailing edge 
of 'clk'
Beginpoint: datapath/registers_RF_reg[24][1]/Q  (^) triggered by trailing edge 
of 'clk'
Path Groups: {reg2reg}
Analysis View: TYP_VIEW
Other End Arrival Time          1.403
+ Hold                         -0.007
+ Phase Shift                   0.000
- CPPR Adjustment               0.000
+ Uncertainty                   0.020
= Required Time                 1.416
  Arrival Time                  1.485
  Slack Time                    0.069
     Clock Fall Edge                 1.400
     + Clock Network Latency (Prop)  0.002
     = Beginpoint Arrival Time       1.402
     +---------------------------------------------------------------------------------------+ 
     |             Instance             |     Arc     |  Cell   | Delay | Arrival | Required | 
     |                                  |             |         |       |  Time   |   Time   | 
     |----------------------------------+-------------+---------+-------+---------+----------| 
     | datapath/registers_RF_reg[24][1] | CK ^        |         |       |   1.402 |    1.333 | 
     | datapath/registers_RF_reg[24][1] | CK ^ -> Q ^ | SDFF_X1 | 0.082 |   1.485 |    1.416 | 
     | datapath/registers_RF_reg[24][1] | SI ^        | SDFF_X1 | 0.000 |   1.485 |    1.416 | 
     +---------------------------------------------------------------------------------------+ 
Path 11: MET Hold Check with Pin datapath/registers_RF_reg[3][11]/CK 
Endpoint:   datapath/registers_RF_reg[3][11]/D (^) checked with trailing edge 
of 'clk'
Beginpoint: datapath/registers_RF_reg[3][11]/Q (^) triggered by trailing edge 
of 'clk'
Path Groups: {reg2reg}
Analysis View: TYP_VIEW
Other End Arrival Time          1.406
+ Hold                         -0.007
+ Phase Shift                   0.000
- CPPR Adjustment               0.000
+ Uncertainty                   0.020
= Required Time                 1.420
  Arrival Time                  1.489
  Slack Time                    0.069
     Clock Fall Edge                 1.400
     + Clock Network Latency (Prop)  0.006
     = Beginpoint Arrival Time       1.406
     +---------------------------------------------------------------------------------------+ 
     |             Instance             |     Arc     |  Cell   | Delay | Arrival | Required | 
     |                                  |             |         |       |  Time   |   Time   | 
     |----------------------------------+-------------+---------+-------+---------+----------| 
     | datapath/registers_RF_reg[3][11] | CK ^        |         |       |   1.406 |    1.337 | 
     | datapath/registers_RF_reg[3][11] | CK ^ -> Q ^ | SDFF_X1 | 0.083 |   1.489 |    1.420 | 
     | datapath/registers_RF_reg[3][11] | D ^         | SDFF_X1 | 0.000 |   1.489 |    1.420 | 
     +---------------------------------------------------------------------------------------+ 
Path 12: MET Hold Check with Pin datapath/registers_RF_reg[6][20]/CK 
Endpoint:   datapath/registers_RF_reg[6][20]/SI (^) checked with trailing edge 
of 'clk'
Beginpoint: datapath/registers_RF_reg[6][20]/Q  (^) triggered by trailing edge 
of 'clk'
Path Groups: {reg2reg}
Analysis View: TYP_VIEW
Other End Arrival Time          1.405
+ Hold                         -0.007
+ Phase Shift                   0.000
- CPPR Adjustment               0.000
+ Uncertainty                   0.020
= Required Time                 1.418
  Arrival Time                  1.488
  Slack Time                    0.069
     Clock Fall Edge                 1.400
     + Clock Network Latency (Prop)  0.005
     = Beginpoint Arrival Time       1.405
     +---------------------------------------------------------------------------------------+ 
     |             Instance             |     Arc     |  Cell   | Delay | Arrival | Required | 
     |                                  |             |         |       |  Time   |   Time   | 
     |----------------------------------+-------------+---------+-------+---------+----------| 
     | datapath/registers_RF_reg[6][20] | CK ^        |         |       |   1.405 |    1.336 | 
     | datapath/registers_RF_reg[6][20] | CK ^ -> Q ^ | SDFF_X1 | 0.082 |   1.488 |    1.418 | 
     | datapath/registers_RF_reg[6][20] | SI ^        | SDFF_X1 | 0.000 |   1.488 |    1.418 | 
     +---------------------------------------------------------------------------------------+ 
Path 13: MET Hold Check with Pin datapath/registers_RF_reg[14][22]/CK 
Endpoint:   datapath/registers_RF_reg[14][22]/SI (^) checked with trailing edge 
of 'clk'
Beginpoint: datapath/registers_RF_reg[14][22]/Q  (^) triggered by trailing edge 
of 'clk'
Path Groups: {reg2reg}
Analysis View: TYP_VIEW
Other End Arrival Time          1.407
+ Hold                         -0.007
+ Phase Shift                   0.000
- CPPR Adjustment               0.000
+ Uncertainty                   0.020
= Required Time                 1.421
  Arrival Time                  1.490
  Slack Time                    0.069
     Clock Fall Edge                 1.400
     + Clock Network Latency (Prop)  0.007
     = Beginpoint Arrival Time       1.407
     +----------------------------------------------------------------------------------------+ 
     |             Instance              |     Arc     |  Cell   | Delay | Arrival | Required | 
     |                                   |             |         |       |  Time   |   Time   | 
     |-----------------------------------+-------------+---------+-------+---------+----------| 
     | datapath/registers_RF_reg[14][22] | CK ^        |         |       |   1.407 |    1.338 | 
     | datapath/registers_RF_reg[14][22] | CK ^ -> Q ^ | SDFF_X1 | 0.083 |   1.490 |    1.421 | 
     | datapath/registers_RF_reg[14][22] | SI ^        | SDFF_X1 | 0.000 |   1.490 |    1.421 | 
     +----------------------------------------------------------------------------------------+ 
Path 14: MET Hold Check with Pin datapath/registers_RF_reg[12][3]/CK 
Endpoint:   datapath/registers_RF_reg[12][3]/SI (^) checked with trailing edge 
of 'clk'
Beginpoint: datapath/registers_RF_reg[12][3]/Q  (^) triggered by trailing edge 
of 'clk'
Path Groups: {reg2reg}
Analysis View: TYP_VIEW
Other End Arrival Time          1.402
+ Hold                         -0.007
+ Phase Shift                   0.000
- CPPR Adjustment               0.000
+ Uncertainty                   0.020
= Required Time                 1.416
  Arrival Time                  1.485
  Slack Time                    0.069
     Clock Fall Edge                 1.400
     + Clock Network Latency (Prop)  0.002
     = Beginpoint Arrival Time       1.402
     +---------------------------------------------------------------------------------------+ 
     |             Instance             |     Arc     |  Cell   | Delay | Arrival | Required | 
     |                                  |             |         |       |  Time   |   Time   | 
     |----------------------------------+-------------+---------+-------+---------+----------| 
     | datapath/registers_RF_reg[12][3] | CK ^        |         |       |   1.402 |    1.333 | 
     | datapath/registers_RF_reg[12][3] | CK ^ -> Q ^ | SDFF_X1 | 0.083 |   1.485 |    1.416 | 
     | datapath/registers_RF_reg[12][3] | SI ^        | SDFF_X1 | 0.000 |   1.485 |    1.416 | 
     +---------------------------------------------------------------------------------------+ 
Path 15: MET Hold Check with Pin datapath/registers_RF_reg[8][3]/CK 
Endpoint:   datapath/registers_RF_reg[8][3]/SI (^) checked with trailing edge 
of 'clk'
Beginpoint: datapath/registers_RF_reg[8][3]/Q  (^) triggered by trailing edge 
of 'clk'
Path Groups: {reg2reg}
Analysis View: TYP_VIEW
Other End Arrival Time          1.402
+ Hold                         -0.007
+ Phase Shift                   0.000
- CPPR Adjustment               0.000
+ Uncertainty                   0.020
= Required Time                 1.416
  Arrival Time                  1.485
  Slack Time                    0.069
     Clock Fall Edge                 1.400
     + Clock Network Latency (Prop)  0.002
     = Beginpoint Arrival Time       1.402
     +--------------------------------------------------------------------------------------+ 
     |            Instance             |     Arc     |  Cell   | Delay | Arrival | Required | 
     |                                 |             |         |       |  Time   |   Time   | 
     |---------------------------------+-------------+---------+-------+---------+----------| 
     | datapath/registers_RF_reg[8][3] | CK ^        |         |       |   1.402 |    1.333 | 
     | datapath/registers_RF_reg[8][3] | CK ^ -> Q ^ | SDFF_X1 | 0.083 |   1.485 |    1.416 | 
     | datapath/registers_RF_reg[8][3] | SI ^        | SDFF_X1 | 0.000 |   1.485 |    1.416 | 
     +--------------------------------------------------------------------------------------+ 
Path 16: MET Hold Check with Pin datapath/registers_RF_reg[28][26]/CK 
Endpoint:   datapath/registers_RF_reg[28][26]/SI (^) checked with trailing edge 
of 'clk'
Beginpoint: datapath/registers_RF_reg[28][26]/Q  (^) triggered by trailing edge 
of 'clk'
Path Groups: {reg2reg}
Analysis View: TYP_VIEW
Other End Arrival Time          1.403
+ Hold                         -0.007
+ Phase Shift                   0.000
- CPPR Adjustment               0.000
+ Uncertainty                   0.020
= Required Time                 1.416
  Arrival Time                  1.485
  Slack Time                    0.069
     Clock Fall Edge                 1.400
     + Clock Network Latency (Prop)  0.003
     = Beginpoint Arrival Time       1.403
     +----------------------------------------------------------------------------------------+ 
     |             Instance              |     Arc     |  Cell   | Delay | Arrival | Required | 
     |                                   |             |         |       |  Time   |   Time   | 
     |-----------------------------------+-------------+---------+-------+---------+----------| 
     | datapath/registers_RF_reg[28][26] | CK ^        |         |       |   1.403 |    1.333 | 
     | datapath/registers_RF_reg[28][26] | CK ^ -> Q ^ | SDFF_X1 | 0.082 |   1.485 |    1.416 | 
     | datapath/registers_RF_reg[28][26] | SI ^        | SDFF_X1 | 0.000 |   1.485 |    1.416 | 
     +----------------------------------------------------------------------------------------+ 
Path 17: MET Hold Check with Pin datapath/registers_RF_reg[10][13]/CK 
Endpoint:   datapath/registers_RF_reg[10][13]/SI (^) checked with trailing edge 
of 'clk'
Beginpoint: datapath/registers_RF_reg[10][13]/Q  (^) triggered by trailing edge 
of 'clk'
Path Groups: {reg2reg}
Analysis View: TYP_VIEW
Other End Arrival Time          1.409
+ Hold                         -0.007
+ Phase Shift                   0.000
- CPPR Adjustment               0.000
+ Uncertainty                   0.020
= Required Time                 1.422
  Arrival Time                  1.491
  Slack Time                    0.069
     Clock Fall Edge                 1.400
     + Clock Network Latency (Prop)  0.009
     = Beginpoint Arrival Time       1.409
     +----------------------------------------------------------------------------------------+ 
     |             Instance              |     Arc     |  Cell   | Delay | Arrival | Required | 
     |                                   |             |         |       |  Time   |   Time   | 
     |-----------------------------------+-------------+---------+-------+---------+----------| 
     | datapath/registers_RF_reg[10][13] | CK ^        |         |       |   1.409 |    1.339 | 
     | datapath/registers_RF_reg[10][13] | CK ^ -> Q ^ | SDFF_X1 | 0.083 |   1.491 |    1.422 | 
     | datapath/registers_RF_reg[10][13] | SI ^        | SDFF_X1 | 0.000 |   1.491 |    1.422 | 
     +----------------------------------------------------------------------------------------+ 
Path 18: MET Hold Check with Pin datapath/registers_RF_reg[4][29]/CK 
Endpoint:   datapath/registers_RF_reg[4][29]/SI (^) checked with trailing edge 
of 'clk'
Beginpoint: datapath/registers_RF_reg[4][29]/Q  (^) triggered by trailing edge 
of 'clk'
Path Groups: {reg2reg}
Analysis View: TYP_VIEW
Other End Arrival Time          1.401
+ Hold                         -0.007
+ Phase Shift                   0.000
- CPPR Adjustment               0.000
+ Uncertainty                   0.020
= Required Time                 1.415
  Arrival Time                  1.484
  Slack Time                    0.069
     Clock Fall Edge                 1.400
     + Clock Network Latency (Prop)  0.001
     = Beginpoint Arrival Time       1.401
     +---------------------------------------------------------------------------------------+ 
     |             Instance             |     Arc     |  Cell   | Delay | Arrival | Required | 
     |                                  |             |         |       |  Time   |   Time   | 
     |----------------------------------+-------------+---------+-------+---------+----------| 
     | datapath/registers_RF_reg[4][29] | CK ^        |         |       |   1.401 |    1.332 | 
     | datapath/registers_RF_reg[4][29] | CK ^ -> Q ^ | SDFF_X1 | 0.083 |   1.484 |    1.415 | 
     | datapath/registers_RF_reg[4][29] | SI ^        | SDFF_X1 | 0.000 |   1.484 |    1.415 | 
     +---------------------------------------------------------------------------------------+ 
Path 19: MET Hold Check with Pin datapath/registers_RF_reg[28][20]/CK 
Endpoint:   datapath/registers_RF_reg[28][20]/SI (^) checked with trailing edge 
of 'clk'
Beginpoint: datapath/registers_RF_reg[28][20]/Q  (^) triggered by trailing edge 
of 'clk'
Path Groups: {reg2reg}
Analysis View: TYP_VIEW
Other End Arrival Time          1.404
+ Hold                         -0.007
+ Phase Shift                   0.000
- CPPR Adjustment               0.000
+ Uncertainty                   0.020
= Required Time                 1.417
  Arrival Time                  1.486
  Slack Time                    0.069
     Clock Fall Edge                 1.400
     + Clock Network Latency (Prop)  0.004
     = Beginpoint Arrival Time       1.404
     +----------------------------------------------------------------------------------------+ 
     |             Instance              |     Arc     |  Cell   | Delay | Arrival | Required | 
     |                                   |             |         |       |  Time   |   Time   | 
     |-----------------------------------+-------------+---------+-------+---------+----------| 
     | datapath/registers_RF_reg[28][20] | CK ^        |         |       |   1.404 |    1.334 | 
     | datapath/registers_RF_reg[28][20] | CK ^ -> Q ^ | SDFF_X1 | 0.083 |   1.486 |    1.417 | 
     | datapath/registers_RF_reg[28][20] | SI ^        | SDFF_X1 | 0.000 |   1.486 |    1.417 | 
     +----------------------------------------------------------------------------------------+ 
Path 20: MET Hold Check with Pin datapath/registers_RF_reg[26][29]/CK 
Endpoint:   datapath/registers_RF_reg[26][29]/SI (^) checked with trailing edge 
of 'clk'
Beginpoint: datapath/registers_RF_reg[26][29]/Q  (^) triggered by trailing edge 
of 'clk'
Path Groups: {reg2reg}
Analysis View: TYP_VIEW
Other End Arrival Time          1.404
+ Hold                         -0.007
+ Phase Shift                   0.000
- CPPR Adjustment               0.000
+ Uncertainty                   0.020
= Required Time                 1.417
  Arrival Time                  1.486
  Slack Time                    0.069
     Clock Fall Edge                 1.400
     + Clock Network Latency (Prop)  0.004
     = Beginpoint Arrival Time       1.404
     +----------------------------------------------------------------------------------------+ 
     |             Instance              |     Arc     |  Cell   | Delay | Arrival | Required | 
     |                                   |             |         |       |  Time   |   Time   | 
     |-----------------------------------+-------------+---------+-------+---------+----------| 
     | datapath/registers_RF_reg[26][29] | CK ^        |         |       |   1.404 |    1.335 | 
     | datapath/registers_RF_reg[26][29] | CK ^ -> Q ^ | SDFF_X1 | 0.083 |   1.486 |    1.417 | 
     | datapath/registers_RF_reg[26][29] | SI ^        | SDFF_X1 | 0.000 |   1.486 |    1.417 | 
     +----------------------------------------------------------------------------------------+ 
Path 21: MET Hold Check with Pin datapath/registers_RF_reg[24][9]/CK 
Endpoint:   datapath/registers_RF_reg[24][9]/SI (^) checked with trailing edge 
of 'clk'
Beginpoint: datapath/registers_RF_reg[24][9]/Q  (^) triggered by trailing edge 
of 'clk'
Path Groups: {reg2reg}
Analysis View: TYP_VIEW
Other End Arrival Time          1.404
+ Hold                         -0.007
+ Phase Shift                   0.000
- CPPR Adjustment               0.000
+ Uncertainty                   0.020
= Required Time                 1.417
  Arrival Time                  1.486
  Slack Time                    0.069
     Clock Fall Edge                 1.400
     + Clock Network Latency (Prop)  0.004
     = Beginpoint Arrival Time       1.404
     +---------------------------------------------------------------------------------------+ 
     |             Instance             |     Arc     |  Cell   | Delay | Arrival | Required | 
     |                                  |             |         |       |  Time   |   Time   | 
     |----------------------------------+-------------+---------+-------+---------+----------| 
     | datapath/registers_RF_reg[24][9] | CK ^        |         |       |   1.404 |    1.334 | 
     | datapath/registers_RF_reg[24][9] | CK ^ -> Q ^ | SDFF_X1 | 0.083 |   1.486 |    1.417 | 
     | datapath/registers_RF_reg[24][9] | SI ^        | SDFF_X1 | 0.000 |   1.486 |    1.417 | 
     +---------------------------------------------------------------------------------------+ 
Path 22: MET Hold Check with Pin datapath/registers_RF_reg[4][9]/CK 
Endpoint:   datapath/registers_RF_reg[4][9]/SI (^) checked with trailing edge 
of 'clk'
Beginpoint: datapath/registers_RF_reg[4][9]/Q  (^) triggered by trailing edge 
of 'clk'
Path Groups: {reg2reg}
Analysis View: TYP_VIEW
Other End Arrival Time          1.405
+ Hold                         -0.007
+ Phase Shift                   0.000
- CPPR Adjustment               0.000
+ Uncertainty                   0.020
= Required Time                 1.418
  Arrival Time                  1.488
  Slack Time                    0.069
     Clock Fall Edge                 1.400
     + Clock Network Latency (Prop)  0.005
     = Beginpoint Arrival Time       1.405
     +--------------------------------------------------------------------------------------+ 
     |            Instance             |     Arc     |  Cell   | Delay | Arrival | Required | 
     |                                 |             |         |       |  Time   |   Time   | 
     |---------------------------------+-------------+---------+-------+---------+----------| 
     | datapath/registers_RF_reg[4][9] | CK ^        |         |       |   1.405 |    1.336 | 
     | datapath/registers_RF_reg[4][9] | CK ^ -> Q ^ | SDFF_X1 | 0.083 |   1.488 |    1.418 | 
     | datapath/registers_RF_reg[4][9] | SI ^        | SDFF_X1 | 0.000 |   1.488 |    1.418 | 
     +--------------------------------------------------------------------------------------+ 
Path 23: MET Hold Check with Pin datapath/registers_RF_reg[14][28]/CK 
Endpoint:   datapath/registers_RF_reg[14][28]/SI (^) checked with trailing edge 
of 'clk'
Beginpoint: datapath/registers_RF_reg[14][28]/Q  (^) triggered by trailing edge 
of 'clk'
Path Groups: {reg2reg}
Analysis View: TYP_VIEW
Other End Arrival Time          1.406
+ Hold                         -0.007
+ Phase Shift                   0.000
- CPPR Adjustment               0.000
+ Uncertainty                   0.020
= Required Time                 1.419
  Arrival Time                  1.489
  Slack Time                    0.069
     Clock Fall Edge                 1.400
     + Clock Network Latency (Prop)  0.006
     = Beginpoint Arrival Time       1.406
     +----------------------------------------------------------------------------------------+ 
     |             Instance              |     Arc     |  Cell   | Delay | Arrival | Required | 
     |                                   |             |         |       |  Time   |   Time   | 
     |-----------------------------------+-------------+---------+-------+---------+----------| 
     | datapath/registers_RF_reg[14][28] | CK ^        |         |       |   1.406 |    1.337 | 
     | datapath/registers_RF_reg[14][28] | CK ^ -> Q ^ | SDFF_X1 | 0.083 |   1.489 |    1.419 | 
     | datapath/registers_RF_reg[14][28] | SI ^        | SDFF_X1 | 0.000 |   1.489 |    1.419 | 
     +----------------------------------------------------------------------------------------+ 
Path 24: MET Hold Check with Pin datapath/registers_RF_reg[30][1]/CK 
Endpoint:   datapath/registers_RF_reg[30][1]/SI (^) checked with trailing edge 
of 'clk'
Beginpoint: datapath/registers_RF_reg[30][1]/Q  (^) triggered by trailing edge 
of 'clk'
Path Groups: {reg2reg}
Analysis View: TYP_VIEW
Other End Arrival Time          1.402
+ Hold                         -0.007
+ Phase Shift                   0.000
- CPPR Adjustment               0.000
+ Uncertainty                   0.020
= Required Time                 1.415
  Arrival Time                  1.485
  Slack Time                    0.069
     Clock Fall Edge                 1.400
     + Clock Network Latency (Prop)  0.002
     = Beginpoint Arrival Time       1.402
     +---------------------------------------------------------------------------------------+ 
     |             Instance             |     Arc     |  Cell   | Delay | Arrival | Required | 
     |                                  |             |         |       |  Time   |   Time   | 
     |----------------------------------+-------------+---------+-------+---------+----------| 
     | datapath/registers_RF_reg[30][1] | CK ^        |         |       |   1.402 |    1.333 | 
     | datapath/registers_RF_reg[30][1] | CK ^ -> Q ^ | SDFF_X1 | 0.083 |   1.485 |    1.415 | 
     | datapath/registers_RF_reg[30][1] | SI ^        | SDFF_X1 | 0.000 |   1.485 |    1.415 | 
     +---------------------------------------------------------------------------------------+ 
Path 25: MET Hold Check with Pin datapath/registers_RF_reg[24][24]/CK 
Endpoint:   datapath/registers_RF_reg[24][24]/SI (^) checked with trailing edge 
of 'clk'
Beginpoint: datapath/registers_RF_reg[24][24]/Q  (^) triggered by trailing edge 
of 'clk'
Path Groups: {reg2reg}
Analysis View: TYP_VIEW
Other End Arrival Time          1.402
+ Hold                         -0.007
+ Phase Shift                   0.000
- CPPR Adjustment               0.000
+ Uncertainty                   0.020
= Required Time                 1.415
  Arrival Time                  1.484
  Slack Time                    0.069
     Clock Fall Edge                 1.400
     + Clock Network Latency (Prop)  0.002
     = Beginpoint Arrival Time       1.402
     +----------------------------------------------------------------------------------------+ 
     |             Instance              |     Arc     |  Cell   | Delay | Arrival | Required | 
     |                                   |             |         |       |  Time   |   Time   | 
     |-----------------------------------+-------------+---------+-------+---------+----------| 
     | datapath/registers_RF_reg[24][24] | CK ^        |         |       |   1.402 |    1.332 | 
     | datapath/registers_RF_reg[24][24] | CK ^ -> Q ^ | SDFF_X1 | 0.083 |   1.484 |    1.415 | 
     | datapath/registers_RF_reg[24][24] | SI ^        | SDFF_X1 | 0.000 |   1.484 |    1.415 | 
     +----------------------------------------------------------------------------------------+ 
Path 26: MET Hold Check with Pin datapath/registers_RF_reg[30][3]/CK 
Endpoint:   datapath/registers_RF_reg[30][3]/SI (^) checked with trailing edge 
of 'clk'
Beginpoint: datapath/registers_RF_reg[30][3]/Q  (^) triggered by trailing edge 
of 'clk'
Path Groups: {reg2reg}
Analysis View: TYP_VIEW
Other End Arrival Time          1.403
+ Hold                         -0.007
+ Phase Shift                   0.000
- CPPR Adjustment               0.000
+ Uncertainty                   0.020
= Required Time                 1.416
  Arrival Time                  1.485
  Slack Time                    0.069
     Clock Fall Edge                 1.400
     + Clock Network Latency (Prop)  0.003
     = Beginpoint Arrival Time       1.403
     +---------------------------------------------------------------------------------------+ 
     |             Instance             |     Arc     |  Cell   | Delay | Arrival | Required | 
     |                                  |             |         |       |  Time   |   Time   | 
     |----------------------------------+-------------+---------+-------+---------+----------| 
     | datapath/registers_RF_reg[30][3] | CK ^        |         |       |   1.403 |    1.333 | 
     | datapath/registers_RF_reg[30][3] | CK ^ -> Q ^ | SDFF_X1 | 0.083 |   1.485 |    1.416 | 
     | datapath/registers_RF_reg[30][3] | SI ^        | SDFF_X1 | 0.000 |   1.485 |    1.416 | 
     +---------------------------------------------------------------------------------------+ 
Path 27: MET Hold Check with Pin datapath/registers_RF_reg[28][31]/CK 
Endpoint:   datapath/registers_RF_reg[28][31]/SI (^) checked with trailing edge 
of 'clk'
Beginpoint: datapath/registers_RF_reg[28][31]/Q  (^) triggered by trailing edge 
of 'clk'
Path Groups: {reg2reg}
Analysis View: TYP_VIEW
Other End Arrival Time          1.403
+ Hold                         -0.007
+ Phase Shift                   0.000
- CPPR Adjustment               0.000
+ Uncertainty                   0.020
= Required Time                 1.416
  Arrival Time                  1.485
  Slack Time                    0.069
     Clock Fall Edge                 1.400
     + Clock Network Latency (Prop)  0.003
     = Beginpoint Arrival Time       1.403
     +----------------------------------------------------------------------------------------+ 
     |             Instance              |     Arc     |  Cell   | Delay | Arrival | Required | 
     |                                   |             |         |       |  Time   |   Time   | 
     |-----------------------------------+-------------+---------+-------+---------+----------| 
     | datapath/registers_RF_reg[28][31] | CK ^        |         |       |   1.403 |    1.333 | 
     | datapath/registers_RF_reg[28][31] | CK ^ -> Q ^ | SDFF_X1 | 0.083 |   1.485 |    1.416 | 
     | datapath/registers_RF_reg[28][31] | SI ^        | SDFF_X1 | 0.000 |   1.485 |    1.416 | 
     +----------------------------------------------------------------------------------------+ 
Path 28: MET Hold Check with Pin datapath/EXMEM_memRead_reg/CK 
Endpoint:   datapath/EXMEM_memRead_reg/D (v) checked with  leading edge of 'clk'
Beginpoint: datapath/IDEX_memRead_reg/Q  (v) triggered by  leading edge of 'clk'
Path Groups: {reg2reg}
Analysis View: TYP_VIEW
Other End Arrival Time         -0.008
+ Hold                          0.012
+ Phase Shift                   0.000
- CPPR Adjustment               0.000
+ Uncertainty                   0.020
= Required Time                 0.023
  Arrival Time                  0.093
  Slack Time                    0.069
     Clock Rise Edge                 0.000
     + Clock Network Latency (Prop)  -0.008
     = Beginpoint Arrival Time       -0.008
     +---------------------------------------------------------------------------------+ 
     |          Instance          |     Arc     |  Cell   | Delay | Arrival | Required | 
     |                            |             |         |       |  Time   |   Time   | 
     |----------------------------+-------------+---------+-------+---------+----------| 
     | datapath/IDEX_memRead_reg  | CK ^        |         |       |  -0.008 |   -0.078 | 
     | datapath/IDEX_memRead_reg  | CK ^ -> Q v | DFFR_X1 | 0.101 |   0.093 |    0.023 | 
     | datapath/EXMEM_memRead_reg | D v         | DFFR_X1 | 0.000 |   0.093 |    0.023 | 
     +---------------------------------------------------------------------------------+ 
Path 29: MET Hold Check with Pin datapath/registers_RF_reg[25][29]/CK 
Endpoint:   datapath/registers_RF_reg[25][29]/SI (^) checked with trailing edge 
of 'clk'
Beginpoint: datapath/registers_RF_reg[25][29]/Q  (^) triggered by trailing edge 
of 'clk'
Path Groups: {reg2reg}
Analysis View: TYP_VIEW
Other End Arrival Time          1.404
+ Hold                         -0.007
+ Phase Shift                   0.000
- CPPR Adjustment               0.000
+ Uncertainty                   0.020
= Required Time                 1.417
  Arrival Time                  1.486
  Slack Time                    0.069
     Clock Fall Edge                 1.400
     + Clock Network Latency (Prop)  0.004
     = Beginpoint Arrival Time       1.404
     +----------------------------------------------------------------------------------------+ 
     |             Instance              |     Arc     |  Cell   | Delay | Arrival | Required | 
     |                                   |             |         |       |  Time   |   Time   | 
     |-----------------------------------+-------------+---------+-------+---------+----------| 
     | datapath/registers_RF_reg[25][29] | CK ^        |         |       |   1.404 |    1.334 | 
     | datapath/registers_RF_reg[25][29] | CK ^ -> Q ^ | SDFF_X1 | 0.083 |   1.486 |    1.417 | 
     | datapath/registers_RF_reg[25][29] | SI ^        | SDFF_X1 | 0.000 |   1.486 |    1.417 | 
     +----------------------------------------------------------------------------------------+ 
Path 30: MET Hold Check with Pin datapath/registers_RF_reg[26][20]/CK 
Endpoint:   datapath/registers_RF_reg[26][20]/SI (^) checked with trailing edge 
of 'clk'
Beginpoint: datapath/registers_RF_reg[26][20]/Q  (^) triggered by trailing edge 
of 'clk'
Path Groups: {reg2reg}
Analysis View: TYP_VIEW
Other End Arrival Time          1.403
+ Hold                         -0.007
+ Phase Shift                   0.000
- CPPR Adjustment               0.000
+ Uncertainty                   0.020
= Required Time                 1.416
  Arrival Time                  1.485
  Slack Time                    0.069
     Clock Fall Edge                 1.400
     + Clock Network Latency (Prop)  0.003
     = Beginpoint Arrival Time       1.403
     +----------------------------------------------------------------------------------------+ 
     |             Instance              |     Arc     |  Cell   | Delay | Arrival | Required | 
     |                                   |             |         |       |  Time   |   Time   | 
     |-----------------------------------+-------------+---------+-------+---------+----------| 
     | datapath/registers_RF_reg[26][20] | CK ^        |         |       |   1.403 |    1.333 | 
     | datapath/registers_RF_reg[26][20] | CK ^ -> Q ^ | SDFF_X1 | 0.083 |   1.485 |    1.416 | 
     | datapath/registers_RF_reg[26][20] | SI ^        | SDFF_X1 | 0.000 |   1.485 |    1.416 | 
     +----------------------------------------------------------------------------------------+ 
Path 31: MET Hold Check with Pin datapath/registers_RF_reg[24][20]/CK 
Endpoint:   datapath/registers_RF_reg[24][20]/SI (^) checked with trailing edge 
of 'clk'
Beginpoint: datapath/registers_RF_reg[24][20]/Q  (^) triggered by trailing edge 
of 'clk'
Path Groups: {reg2reg}
Analysis View: TYP_VIEW
Other End Arrival Time          1.403
+ Hold                         -0.007
+ Phase Shift                   0.000
- CPPR Adjustment               0.000
+ Uncertainty                   0.020
= Required Time                 1.416
  Arrival Time                  1.485
  Slack Time                    0.069
     Clock Fall Edge                 1.400
     + Clock Network Latency (Prop)  0.003
     = Beginpoint Arrival Time       1.403
     +----------------------------------------------------------------------------------------+ 
     |             Instance              |     Arc     |  Cell   | Delay | Arrival | Required | 
     |                                   |             |         |       |  Time   |   Time   | 
     |-----------------------------------+-------------+---------+-------+---------+----------| 
     | datapath/registers_RF_reg[24][20] | CK ^        |         |       |   1.403 |    1.333 | 
     | datapath/registers_RF_reg[24][20] | CK ^ -> Q ^ | SDFF_X1 | 0.083 |   1.485 |    1.416 | 
     | datapath/registers_RF_reg[24][20] | SI ^        | SDFF_X1 | 0.000 |   1.485 |    1.416 | 
     +----------------------------------------------------------------------------------------+ 
Path 32: MET Hold Check with Pin datapath/registers_RF_reg[17][28]/CK 
Endpoint:   datapath/registers_RF_reg[17][28]/SI (^) checked with trailing edge 
of 'clk'
Beginpoint: datapath/registers_RF_reg[17][28]/Q  (^) triggered by trailing edge 
of 'clk'
Path Groups: {reg2reg}
Analysis View: TYP_VIEW
Other End Arrival Time          1.404
+ Hold                         -0.007
+ Phase Shift                   0.000
- CPPR Adjustment               0.000
+ Uncertainty                   0.020
= Required Time                 1.417
  Arrival Time                  1.487
  Slack Time                    0.069
     Clock Fall Edge                 1.400
     + Clock Network Latency (Prop)  0.004
     = Beginpoint Arrival Time       1.404
     +----------------------------------------------------------------------------------------+ 
     |             Instance              |     Arc     |  Cell   | Delay | Arrival | Required | 
     |                                   |             |         |       |  Time   |   Time   | 
     |-----------------------------------+-------------+---------+-------+---------+----------| 
     | datapath/registers_RF_reg[17][28] | CK ^        |         |       |   1.404 |    1.335 | 
     | datapath/registers_RF_reg[17][28] | CK ^ -> Q ^ | SDFF_X1 | 0.083 |   1.487 |    1.417 | 
     | datapath/registers_RF_reg[17][28] | SI ^        | SDFF_X1 | 0.000 |   1.487 |    1.417 | 
     +----------------------------------------------------------------------------------------+ 
Path 33: MET Hold Check with Pin datapath/registers_RF_reg[16][20]/CK 
Endpoint:   datapath/registers_RF_reg[16][20]/SI (^) checked with trailing edge 
of 'clk'
Beginpoint: datapath/registers_RF_reg[16][20]/Q  (^) triggered by trailing edge 
of 'clk'
Path Groups: {reg2reg}
Analysis View: TYP_VIEW
Other End Arrival Time          1.405
+ Hold                         -0.007
+ Phase Shift                   0.000
- CPPR Adjustment               0.000
+ Uncertainty                   0.020
= Required Time                 1.418
  Arrival Time                  1.488
  Slack Time                    0.069
     Clock Fall Edge                 1.400
     + Clock Network Latency (Prop)  0.005
     = Beginpoint Arrival Time       1.405
     +----------------------------------------------------------------------------------------+ 
     |             Instance              |     Arc     |  Cell   | Delay | Arrival | Required | 
     |                                   |             |         |       |  Time   |   Time   | 
     |-----------------------------------+-------------+---------+-------+---------+----------| 
     | datapath/registers_RF_reg[16][20] | CK ^        |         |       |   1.405 |    1.336 | 
     | datapath/registers_RF_reg[16][20] | CK ^ -> Q ^ | SDFF_X1 | 0.083 |   1.488 |    1.418 | 
     | datapath/registers_RF_reg[16][20] | SI ^        | SDFF_X1 | 0.000 |   1.488 |    1.418 | 
     +----------------------------------------------------------------------------------------+ 
Path 34: MET Hold Check with Pin datapath/registers_RF_reg[4][30]/CK 
Endpoint:   datapath/registers_RF_reg[4][30]/SI (^) checked with trailing edge 
of 'clk'
Beginpoint: datapath/registers_RF_reg[4][30]/Q  (^) triggered by trailing edge 
of 'clk'
Path Groups: {reg2reg}
Analysis View: TYP_VIEW
Other End Arrival Time          1.404
+ Hold                         -0.007
+ Phase Shift                   0.000
- CPPR Adjustment               0.000
+ Uncertainty                   0.020
= Required Time                 1.417
  Arrival Time                  1.487
  Slack Time                    0.069
     Clock Fall Edge                 1.400
     + Clock Network Latency (Prop)  0.004
     = Beginpoint Arrival Time       1.404
     +---------------------------------------------------------------------------------------+ 
     |             Instance             |     Arc     |  Cell   | Delay | Arrival | Required | 
     |                                  |             |         |       |  Time   |   Time   | 
     |----------------------------------+-------------+---------+-------+---------+----------| 
     | datapath/registers_RF_reg[4][30] | CK ^        |         |       |   1.404 |    1.335 | 
     | datapath/registers_RF_reg[4][30] | CK ^ -> Q ^ | SDFF_X1 | 0.083 |   1.487 |    1.417 | 
     | datapath/registers_RF_reg[4][30] | SI ^        | SDFF_X1 | 0.000 |   1.487 |    1.417 | 
     +---------------------------------------------------------------------------------------+ 
Path 35: MET Hold Check with Pin datapath/registers_RF_reg[4][19]/CK 
Endpoint:   datapath/registers_RF_reg[4][19]/SI (^) checked with trailing edge 
of 'clk'
Beginpoint: datapath/registers_RF_reg[4][19]/Q  (^) triggered by trailing edge 
of 'clk'
Path Groups: {reg2reg}
Analysis View: TYP_VIEW
Other End Arrival Time          1.405
+ Hold                         -0.007
+ Phase Shift                   0.000
- CPPR Adjustment               0.000
+ Uncertainty                   0.020
= Required Time                 1.418
  Arrival Time                  1.488
  Slack Time                    0.069
     Clock Fall Edge                 1.400
     + Clock Network Latency (Prop)  0.005
     = Beginpoint Arrival Time       1.405
     +---------------------------------------------------------------------------------------+ 
     |             Instance             |     Arc     |  Cell   | Delay | Arrival | Required | 
     |                                  |             |         |       |  Time   |   Time   | 
     |----------------------------------+-------------+---------+-------+---------+----------| 
     | datapath/registers_RF_reg[4][19] | CK ^        |         |       |   1.405 |    1.336 | 
     | datapath/registers_RF_reg[4][19] | CK ^ -> Q ^ | SDFF_X1 | 0.083 |   1.488 |    1.418 | 
     | datapath/registers_RF_reg[4][19] | SI ^        | SDFF_X1 | 0.000 |   1.488 |    1.418 | 
     +---------------------------------------------------------------------------------------+ 
Path 36: MET Hold Check with Pin datapath/registers_RF_reg[16][10]/CK 
Endpoint:   datapath/registers_RF_reg[16][10]/SI (^) checked with trailing edge 
of 'clk'
Beginpoint: datapath/registers_RF_reg[16][10]/Q  (^) triggered by trailing edge 
of 'clk'
Path Groups: {reg2reg}
Analysis View: TYP_VIEW
Other End Arrival Time          1.406
+ Hold                         -0.007
+ Phase Shift                   0.000
- CPPR Adjustment               0.000
+ Uncertainty                   0.020
= Required Time                 1.419
  Arrival Time                  1.488
  Slack Time                    0.069
     Clock Fall Edge                 1.400
     + Clock Network Latency (Prop)  0.005
     = Beginpoint Arrival Time       1.405
     +----------------------------------------------------------------------------------------+ 
     |             Instance              |     Arc     |  Cell   | Delay | Arrival | Required | 
     |                                   |             |         |       |  Time   |   Time   | 
     |-----------------------------------+-------------+---------+-------+---------+----------| 
     | datapath/registers_RF_reg[16][10] | CK ^        |         |       |   1.405 |    1.336 | 
     | datapath/registers_RF_reg[16][10] | CK ^ -> Q ^ | SDFF_X1 | 0.083 |   1.488 |    1.419 | 
     | datapath/registers_RF_reg[16][10] | SI ^        | SDFF_X1 | 0.000 |   1.488 |    1.419 | 
     +----------------------------------------------------------------------------------------+ 
Path 37: MET Hold Check with Pin datapath/registers_RF_reg[4][28]/CK 
Endpoint:   datapath/registers_RF_reg[4][28]/SI (^) checked with trailing edge 
of 'clk'
Beginpoint: datapath/registers_RF_reg[4][28]/Q  (^) triggered by trailing edge 
of 'clk'
Path Groups: {reg2reg}
Analysis View: TYP_VIEW
Other End Arrival Time          1.407
+ Hold                         -0.007
+ Phase Shift                   0.000
- CPPR Adjustment               0.000
+ Uncertainty                   0.020
= Required Time                 1.420
  Arrival Time                  1.489
  Slack Time                    0.069
     Clock Fall Edge                 1.400
     + Clock Network Latency (Prop)  0.006
     = Beginpoint Arrival Time       1.406
     +---------------------------------------------------------------------------------------+ 
     |             Instance             |     Arc     |  Cell   | Delay | Arrival | Required | 
     |                                  |             |         |       |  Time   |   Time   | 
     |----------------------------------+-------------+---------+-------+---------+----------| 
     | datapath/registers_RF_reg[4][28] | CK ^        |         |       |   1.406 |    1.337 | 
     | datapath/registers_RF_reg[4][28] | CK ^ -> Q ^ | SDFF_X1 | 0.083 |   1.489 |    1.420 | 
     | datapath/registers_RF_reg[4][28] | SI ^        | SDFF_X1 | 0.000 |   1.489 |    1.420 | 
     +---------------------------------------------------------------------------------------+ 
Path 38: MET Hold Check with Pin datapath/registers_RF_reg[22][27]/CK 
Endpoint:   datapath/registers_RF_reg[22][27]/SI (^) checked with trailing edge 
of 'clk'
Beginpoint: datapath/registers_RF_reg[22][27]/Q  (^) triggered by trailing edge 
of 'clk'
Path Groups: {reg2reg}
Analysis View: TYP_VIEW
Other End Arrival Time          1.405
+ Hold                         -0.007
+ Phase Shift                   0.000
- CPPR Adjustment               0.000
+ Uncertainty                   0.020
= Required Time                 1.419
  Arrival Time                  1.488
  Slack Time                    0.069
     Clock Fall Edge                 1.400
     + Clock Network Latency (Prop)  0.005
     = Beginpoint Arrival Time       1.405
     +----------------------------------------------------------------------------------------+ 
     |             Instance              |     Arc     |  Cell   | Delay | Arrival | Required | 
     |                                   |             |         |       |  Time   |   Time   | 
     |-----------------------------------+-------------+---------+-------+---------+----------| 
     | datapath/registers_RF_reg[22][27] | CK ^        |         |       |   1.405 |    1.336 | 
     | datapath/registers_RF_reg[22][27] | CK ^ -> Q ^ | SDFF_X1 | 0.083 |   1.488 |    1.419 | 
     | datapath/registers_RF_reg[22][27] | SI ^        | SDFF_X1 | 0.000 |   1.488 |    1.419 | 
     +----------------------------------------------------------------------------------------+ 
Path 39: MET Hold Check with Pin datapath/registers_RF_reg[30][0]/CK 
Endpoint:   datapath/registers_RF_reg[30][0]/SI (^) checked with trailing edge 
of 'clk'
Beginpoint: datapath/registers_RF_reg[30][0]/Q  (^) triggered by trailing edge 
of 'clk'
Path Groups: {reg2reg}
Analysis View: TYP_VIEW
Other End Arrival Time          1.402
+ Hold                         -0.007
+ Phase Shift                   0.000
- CPPR Adjustment               0.000
+ Uncertainty                   0.020
= Required Time                 1.415
  Arrival Time                  1.485
  Slack Time                    0.069
     Clock Fall Edge                 1.400
     + Clock Network Latency (Prop)  0.002
     = Beginpoint Arrival Time       1.402
     +---------------------------------------------------------------------------------------+ 
     |             Instance             |     Arc     |  Cell   | Delay | Arrival | Required | 
     |                                  |             |         |       |  Time   |   Time   | 
     |----------------------------------+-------------+---------+-------+---------+----------| 
     | datapath/registers_RF_reg[30][0] | CK ^        |         |       |   1.402 |    1.333 | 
     | datapath/registers_RF_reg[30][0] | CK ^ -> Q ^ | SDFF_X1 | 0.083 |   1.485 |    1.415 | 
     | datapath/registers_RF_reg[30][0] | SI ^        | SDFF_X1 | 0.000 |   1.485 |    1.415 | 
     +---------------------------------------------------------------------------------------+ 
Path 40: MET Hold Check with Pin datapath/registers_RF_reg[12][4]/CK 
Endpoint:   datapath/registers_RF_reg[12][4]/SI (^) checked with trailing edge 
of 'clk'
Beginpoint: datapath/registers_RF_reg[12][4]/Q  (^) triggered by trailing edge 
of 'clk'
Path Groups: {reg2reg}
Analysis View: TYP_VIEW
Other End Arrival Time          1.409
+ Hold                         -0.007
+ Phase Shift                   0.000
- CPPR Adjustment               0.000
+ Uncertainty                   0.020
= Required Time                 1.422
  Arrival Time                  1.491
  Slack Time                    0.069
     Clock Fall Edge                 1.400
     + Clock Network Latency (Prop)  0.009
     = Beginpoint Arrival Time       1.409
     +---------------------------------------------------------------------------------------+ 
     |             Instance             |     Arc     |  Cell   | Delay | Arrival | Required | 
     |                                  |             |         |       |  Time   |   Time   | 
     |----------------------------------+-------------+---------+-------+---------+----------| 
     | datapath/registers_RF_reg[12][4] | CK ^        |         |       |   1.409 |    1.339 | 
     | datapath/registers_RF_reg[12][4] | CK ^ -> Q ^ | SDFF_X1 | 0.083 |   1.491 |    1.422 | 
     | datapath/registers_RF_reg[12][4] | SI ^        | SDFF_X1 | 0.000 |   1.491 |    1.422 | 
     +---------------------------------------------------------------------------------------+ 
Path 41: MET Hold Check with Pin datapath/registers_RF_reg[8][8]/CK 
Endpoint:   datapath/registers_RF_reg[8][8]/SI (^) checked with trailing edge 
of 'clk'
Beginpoint: datapath/registers_RF_reg[8][8]/Q  (^) triggered by trailing edge 
of 'clk'
Path Groups: {reg2reg}
Analysis View: TYP_VIEW
Other End Arrival Time          1.408
+ Hold                         -0.007
+ Phase Shift                   0.000
- CPPR Adjustment               0.000
+ Uncertainty                   0.020
= Required Time                 1.421
  Arrival Time                  1.490
  Slack Time                    0.069
     Clock Fall Edge                 1.400
     + Clock Network Latency (Prop)  0.007
     = Beginpoint Arrival Time       1.407
     +--------------------------------------------------------------------------------------+ 
     |            Instance             |     Arc     |  Cell   | Delay | Arrival | Required | 
     |                                 |             |         |       |  Time   |   Time   | 
     |---------------------------------+-------------+---------+-------+---------+----------| 
     | datapath/registers_RF_reg[8][8] | CK ^        |         |       |   1.407 |    1.338 | 
     | datapath/registers_RF_reg[8][8] | CK ^ -> Q ^ | SDFF_X1 | 0.083 |   1.490 |    1.421 | 
     | datapath/registers_RF_reg[8][8] | SI ^        | SDFF_X1 | 0.000 |   1.490 |    1.421 | 
     +--------------------------------------------------------------------------------------+ 
Path 42: MET Hold Check with Pin datapath/registers_RF_reg[24][31]/CK 
Endpoint:   datapath/registers_RF_reg[24][31]/SI (^) checked with trailing edge 
of 'clk'
Beginpoint: datapath/registers_RF_reg[24][31]/Q  (^) triggered by trailing edge 
of 'clk'
Path Groups: {reg2reg}
Analysis View: TYP_VIEW
Other End Arrival Time          1.402
+ Hold                         -0.007
+ Phase Shift                   0.000
- CPPR Adjustment               0.000
+ Uncertainty                   0.020
= Required Time                 1.416
  Arrival Time                  1.485
  Slack Time                    0.069
     Clock Fall Edge                 1.400
     + Clock Network Latency (Prop)  0.002
     = Beginpoint Arrival Time       1.402
     +----------------------------------------------------------------------------------------+ 
     |             Instance              |     Arc     |  Cell   | Delay | Arrival | Required | 
     |                                   |             |         |       |  Time   |   Time   | 
     |-----------------------------------+-------------+---------+-------+---------+----------| 
     | datapath/registers_RF_reg[24][31] | CK ^        |         |       |   1.402 |    1.333 | 
     | datapath/registers_RF_reg[24][31] | CK ^ -> Q ^ | SDFF_X1 | 0.083 |   1.485 |    1.416 | 
     | datapath/registers_RF_reg[24][31] | SI ^        | SDFF_X1 | 0.000 |   1.485 |    1.416 | 
     +----------------------------------------------------------------------------------------+ 
Path 43: MET Hold Check with Pin datapath/registers_RF_reg[31][10]/CK 
Endpoint:   datapath/registers_RF_reg[31][10]/SI (^) checked with trailing edge 
of 'clk'
Beginpoint: datapath/registers_RF_reg[31][10]/Q  (^) triggered by trailing edge 
of 'clk'
Path Groups: {reg2reg}
Analysis View: TYP_VIEW
Other End Arrival Time          1.402
+ Hold                         -0.007
+ Phase Shift                   0.000
- CPPR Adjustment               0.000
+ Uncertainty                   0.020
= Required Time                 1.416
  Arrival Time                  1.485
  Slack Time                    0.069
     Clock Fall Edge                 1.400
     + Clock Network Latency (Prop)  0.002
     = Beginpoint Arrival Time       1.402
     +----------------------------------------------------------------------------------------+ 
     |             Instance              |     Arc     |  Cell   | Delay | Arrival | Required | 
     |                                   |             |         |       |  Time   |   Time   | 
     |-----------------------------------+-------------+---------+-------+---------+----------| 
     | datapath/registers_RF_reg[31][10] | CK ^        |         |       |   1.402 |    1.333 | 
     | datapath/registers_RF_reg[31][10] | CK ^ -> Q ^ | SDFF_X1 | 0.083 |   1.485 |    1.416 | 
     | datapath/registers_RF_reg[31][10] | SI ^        | SDFF_X1 | 0.000 |   1.485 |    1.416 | 
     +----------------------------------------------------------------------------------------+ 
Path 44: MET Hold Check with Pin datapath/registers_RF_reg[31][20]/CK 
Endpoint:   datapath/registers_RF_reg[31][20]/SI (^) checked with trailing edge 
of 'clk'
Beginpoint: datapath/registers_RF_reg[31][20]/Q  (^) triggered by trailing edge 
of 'clk'
Path Groups: {reg2reg}
Analysis View: TYP_VIEW
Other End Arrival Time          1.403
+ Hold                         -0.007
+ Phase Shift                   0.000
- CPPR Adjustment               0.000
+ Uncertainty                   0.020
= Required Time                 1.417
  Arrival Time                  1.486
  Slack Time                    0.070
     Clock Fall Edge                 1.400
     + Clock Network Latency (Prop)  0.003
     = Beginpoint Arrival Time       1.403
     +----------------------------------------------------------------------------------------+ 
     |             Instance              |     Arc     |  Cell   | Delay | Arrival | Required | 
     |                                   |             |         |       |  Time   |   Time   | 
     |-----------------------------------+-------------+---------+-------+---------+----------| 
     | datapath/registers_RF_reg[31][20] | CK ^        |         |       |   1.403 |    1.334 | 
     | datapath/registers_RF_reg[31][20] | CK ^ -> Q ^ | SDFF_X1 | 0.083 |   1.486 |    1.417 | 
     | datapath/registers_RF_reg[31][20] | SI ^        | SDFF_X1 | 0.000 |   1.486 |    1.417 | 
     +----------------------------------------------------------------------------------------+ 
Path 45: MET Hold Check with Pin datapath/registers_RF_reg[28][19]/CK 
Endpoint:   datapath/registers_RF_reg[28][19]/SI (^) checked with trailing edge 
of 'clk'
Beginpoint: datapath/registers_RF_reg[28][19]/Q  (^) triggered by trailing edge 
of 'clk'
Path Groups: {reg2reg}
Analysis View: TYP_VIEW
Other End Arrival Time          1.403
+ Hold                         -0.007
+ Phase Shift                   0.000
- CPPR Adjustment               0.000
+ Uncertainty                   0.020
= Required Time                 1.416
  Arrival Time                  1.486
  Slack Time                    0.070
     Clock Fall Edge                 1.400
     + Clock Network Latency (Prop)  0.003
     = Beginpoint Arrival Time       1.403
     +----------------------------------------------------------------------------------------+ 
     |             Instance              |     Arc     |  Cell   | Delay | Arrival | Required | 
     |                                   |             |         |       |  Time   |   Time   | 
     |-----------------------------------+-------------+---------+-------+---------+----------| 
     | datapath/registers_RF_reg[28][19] | CK ^        |         |       |   1.403 |    1.333 | 
     | datapath/registers_RF_reg[28][19] | CK ^ -> Q ^ | SDFF_X1 | 0.083 |   1.486 |    1.416 | 
     | datapath/registers_RF_reg[28][19] | SI ^        | SDFF_X1 | 0.000 |   1.486 |    1.416 | 
     +----------------------------------------------------------------------------------------+ 
Path 46: MET Hold Check with Pin datapath/registers_RF_reg[27][20]/CK 
Endpoint:   datapath/registers_RF_reg[27][20]/SI (^) checked with trailing edge 
of 'clk'
Beginpoint: datapath/registers_RF_reg[27][20]/Q  (^) triggered by trailing edge 
of 'clk'
Path Groups: {reg2reg}
Analysis View: TYP_VIEW
Other End Arrival Time          1.403
+ Hold                         -0.007
+ Phase Shift                   0.000
- CPPR Adjustment               0.000
+ Uncertainty                   0.020
= Required Time                 1.416
  Arrival Time                  1.485
  Slack Time                    0.070
     Clock Fall Edge                 1.400
     + Clock Network Latency (Prop)  0.003
     = Beginpoint Arrival Time       1.403
     +----------------------------------------------------------------------------------------+ 
     |             Instance              |     Arc     |  Cell   | Delay | Arrival | Required | 
     |                                   |             |         |       |  Time   |   Time   | 
     |-----------------------------------+-------------+---------+-------+---------+----------| 
     | datapath/registers_RF_reg[27][20] | CK ^        |         |       |   1.403 |    1.333 | 
     | datapath/registers_RF_reg[27][20] | CK ^ -> Q ^ | SDFF_X1 | 0.083 |   1.485 |    1.416 | 
     | datapath/registers_RF_reg[27][20] | SI ^        | SDFF_X1 | 0.000 |   1.485 |    1.416 | 
     +----------------------------------------------------------------------------------------+ 
Path 47: MET Hold Check with Pin datapath/registers_RF_reg[26][19]/CK 
Endpoint:   datapath/registers_RF_reg[26][19]/SI (^) checked with trailing edge 
of 'clk'
Beginpoint: datapath/registers_RF_reg[26][19]/Q  (^) triggered by trailing edge 
of 'clk'
Path Groups: {reg2reg}
Analysis View: TYP_VIEW
Other End Arrival Time          1.403
+ Hold                         -0.007
+ Phase Shift                   0.000
- CPPR Adjustment               0.000
+ Uncertainty                   0.020
= Required Time                 1.416
  Arrival Time                  1.485
  Slack Time                    0.070
     Clock Fall Edge                 1.400
     + Clock Network Latency (Prop)  0.003
     = Beginpoint Arrival Time       1.403
     +----------------------------------------------------------------------------------------+ 
     |             Instance              |     Arc     |  Cell   | Delay | Arrival | Required | 
     |                                   |             |         |       |  Time   |   Time   | 
     |-----------------------------------+-------------+---------+-------+---------+----------| 
     | datapath/registers_RF_reg[26][19] | CK ^        |         |       |   1.403 |    1.333 | 
     | datapath/registers_RF_reg[26][19] | CK ^ -> Q ^ | SDFF_X1 | 0.083 |   1.485 |    1.416 | 
     | datapath/registers_RF_reg[26][19] | SI ^        | SDFF_X1 | 0.000 |   1.485 |    1.416 | 
     +----------------------------------------------------------------------------------------+ 
Path 48: MET Hold Check with Pin datapath/registers_RF_reg[24][29]/CK 
Endpoint:   datapath/registers_RF_reg[24][29]/SI (^) checked with trailing edge 
of 'clk'
Beginpoint: datapath/registers_RF_reg[24][29]/Q  (^) triggered by trailing edge 
of 'clk'
Path Groups: {reg2reg}
Analysis View: TYP_VIEW
Other End Arrival Time          1.404
+ Hold                         -0.007
+ Phase Shift                   0.000
- CPPR Adjustment               0.000
+ Uncertainty                   0.020
= Required Time                 1.417
  Arrival Time                  1.487
  Slack Time                    0.070
     Clock Fall Edge                 1.400
     + Clock Network Latency (Prop)  0.004
     = Beginpoint Arrival Time       1.404
     +----------------------------------------------------------------------------------------+ 
     |             Instance              |     Arc     |  Cell   | Delay | Arrival | Required | 
     |                                   |             |         |       |  Time   |   Time   | 
     |-----------------------------------+-------------+---------+-------+---------+----------| 
     | datapath/registers_RF_reg[24][29] | CK ^        |         |       |   1.404 |    1.334 | 
     | datapath/registers_RF_reg[24][29] | CK ^ -> Q ^ | SDFF_X1 | 0.083 |   1.487 |    1.417 | 
     | datapath/registers_RF_reg[24][29] | SI ^        | SDFF_X1 | 0.000 |   1.487 |    1.417 | 
     +----------------------------------------------------------------------------------------+ 
Path 49: MET Hold Check with Pin datapath/registers_RF_reg[1][23]/CK 
Endpoint:   datapath/registers_RF_reg[1][23]/D (^) checked with trailing edge 
of 'clk'
Beginpoint: datapath/registers_RF_reg[1][23]/Q (^) triggered by trailing edge 
of 'clk'
Path Groups: {reg2reg}
Analysis View: TYP_VIEW
Other End Arrival Time          1.404
+ Hold                         -0.007
+ Phase Shift                   0.000
- CPPR Adjustment               0.000
+ Uncertainty                   0.020
= Required Time                 1.417
  Arrival Time                  1.487
  Slack Time                    0.070
     Clock Fall Edge                 1.400
     + Clock Network Latency (Prop)  0.004
     = Beginpoint Arrival Time       1.404
     +---------------------------------------------------------------------------------------+ 
     |             Instance             |     Arc     |  Cell   | Delay | Arrival | Required | 
     |                                  |             |         |       |  Time   |   Time   | 
     |----------------------------------+-------------+---------+-------+---------+----------| 
     | datapath/registers_RF_reg[1][23] | CK ^        |         |       |   1.404 |    1.334 | 
     | datapath/registers_RF_reg[1][23] | CK ^ -> Q ^ | SDFF_X1 | 0.083 |   1.487 |    1.417 | 
     | datapath/registers_RF_reg[1][23] | D ^         | SDFF_X1 | 0.000 |   1.487 |    1.417 | 
     +---------------------------------------------------------------------------------------+ 
Path 50: MET Hold Check with Pin datapath/registers_RF_reg[9][22]/CK 
Endpoint:   datapath/registers_RF_reg[9][22]/SI (^) checked with trailing edge 
of 'clk'
Beginpoint: datapath/registers_RF_reg[9][22]/Q  (^) triggered by trailing edge 
of 'clk'
Path Groups: {reg2reg}
Analysis View: TYP_VIEW
Other End Arrival Time          1.407
+ Hold                         -0.007
+ Phase Shift                   0.000
- CPPR Adjustment               0.000
+ Uncertainty                   0.020
= Required Time                 1.420
  Arrival Time                  1.490
  Slack Time                    0.070
     Clock Fall Edge                 1.400
     + Clock Network Latency (Prop)  0.007
     = Beginpoint Arrival Time       1.407
     +---------------------------------------------------------------------------------------+ 
     |             Instance             |     Arc     |  Cell   | Delay | Arrival | Required | 
     |                                  |             |         |       |  Time   |   Time   | 
     |----------------------------------+-------------+---------+-------+---------+----------| 
     | datapath/registers_RF_reg[9][22] | CK ^        |         |       |   1.407 |    1.337 | 
     | datapath/registers_RF_reg[9][22] | CK ^ -> Q ^ | SDFF_X1 | 0.083 |   1.490 |    1.420 | 
     | datapath/registers_RF_reg[9][22] | SI ^        | SDFF_X1 | 0.000 |   1.490 |    1.420 | 
     +---------------------------------------------------------------------------------------+ 

