###############################################################
#  Generated by:      Cadence Innovus 23.12-s091_1
#  OS:                Linux x86_64(Host ID nanohub-2907946-1)
#  Generated on:      Tue Aug 11 17:05:52 2026
#  Design:            pipelined_cpu_core
#  Command:           report_timing -late  > reports/20_cts_setup.rpt
###############################################################
Path 1: MET Setup Check with Pin datapath/EXMEM_aluResult_reg[0]/CK 
Endpoint:   datapath/EXMEM_aluResult_reg[0]/D (^) checked with  leading edge of 
'clk'
Beginpoint: datapath/MEMWB_rd_reg[1]/Q        (^) triggered by  leading edge of 
'clk'
Path Groups: {clk}
Analysis View: WC_VIEW
Other End Arrival Time         -0.005
- Setup                         0.065
+ Phase Shift                   4.100
+ CPPR Adjustment               0.000
- Uncertainty                   0.100
= Required Time                 3.929
- Arrival Time                  3.925
= Slack Time                    0.004
     Clock Rise Edge                 0.000
     + Clock Network Latency (Prop)  -0.199
     = Beginpoint Arrival Time       -0.199
     +-----------------------------------------------------------------------------------------------------------+ 
     |                      Instance                      |     Arc      |   Cell   | Delay | Arrival | Required | 
     |                                                    |              |          |       |  Time   |   Time   | 
     |----------------------------------------------------+--------------+----------+-------+---------+----------| 
     | datapath/MEMWB_rd_reg[1]                           | CK ^         |          |       |  -0.199 |   -0.195 | 
     | datapath/MEMWB_rd_reg[1]                           | CK ^ -> Q ^  | DFFRS_X2 | 0.439 |   0.240 |    0.244 | 
     | ALU_forward/FE_RC_40_0                             | A ^ -> ZN v  | INV_X1   | 0.047 |   0.287 |    0.291 | 
     | ALU_forward/g3086__6260                            | A v -> ZN ^  | XNOR2_X1 | 0.106 |   0.393 |    0.397 | 
     | ALU_forward/FE_RC_318_0                            | A3 ^ -> ZN v | NAND3_X1 | 0.083 |   0.476 |    0.481 | 
     | ALU_forward/FE_OFC488_FE_RN_29_0                   | A v -> ZN ^  | INV_X2   | 0.051 |   0.527 |    0.532 | 
     | ALU_forward/FE_RC_42_0                             | A2 ^ -> ZN v | NAND3_X2 | 0.070 |   0.597 |    0.601 | 
     | ALU_forward/FE_RC_43_0                             | A v -> ZN ^  | INV_X4   | 0.074 |   0.671 |    0.675 | 
     | datapath/FE_RC_175_0                               | A1 ^ -> ZN v | NAND3_X2 | 0.066 |   0.737 |    0.741 | 
     | datapath/FE_RC_130_0                               | A2 v -> ZN ^ | NAND2_X4 | 0.074 |   0.811 |    0.815 | 
     | datapath/ALU_ALU_GEN[0].slice_i_bitAdder/FE_OFC692 | A ^ -> ZN v  | INV_X4   | 0.029 |   0.840 |    0.844 | 
     | _IDEX_forwardAOut_0                                |              |          |       |         |          | 
     | datapath/ALU_ALU_GEN[0].slice_i_bitAdder/g221__510 | A1 v -> ZN ^ | NAND2_X4 | 0.035 |   0.874 |    0.879 | 
     | 7                                                  |              |          |       |         |          | 
     | datapath/ALU_ALU_GEN[0].slice_i_bitAdder/FE_RC_173 | A2 ^ -> ZN v | NAND2_X2 | 0.044 |   0.919 |    0.923 | 
     | _0                                                 |              |          |       |         |          | 
     | datapath/ALU_ALU_GEN[0].slice_i_bitAdder/g217__741 | A1 v -> ZN ^ | NAND2_X4 | 0.049 |   0.967 |    0.972 | 
     | 0                                                  |              |          |       |         |          | 
     | datapath/ALU_ALU_GEN[1].slice_i_bitAdder/g217__512 | A ^ -> ZN v  | OAI21_X4 | 0.049 |   1.016 |    1.020 | 
     | 2                                                  |              |          |       |         |          | 
     | datapath/ALU_ALU_GEN[1].slice_i_bitAdder/g215__280 | A1 v -> ZN ^ | NAND2_X4 | 0.049 |   1.065 |    1.069 | 
     | 2                                                  |              |          |       |         |          | 
     | datapath/ALU_ALU_GEN[2].slice_i_bitAdder/FE_RC_415 | A1 ^ -> ZN v | NAND2_X4 | 0.035 |   1.100 |    1.105 | 
     | _0                                                 |              |          |       |         |          | 
     | datapath/ALU_ALU_GEN[2].slice_i_bitAdder/FE_RC_96_ | A1 v -> ZN ^ | NAND2_X4 | 0.044 |   1.145 |    1.149 | 
     | 0                                                  |              |          |       |         |          | 
     | datapath/ALU_ALU_GEN[3].slice_i_bitAdder/FE_RC_107 | A1 ^ -> ZN v | NAND2_X4 | 0.036 |   1.180 |    1.184 | 
     | _0                                                 |              |          |       |         |          | 
     | datapath/ALU_ALU_GEN[3].slice_i_bitAdder/g153__641 | A1 v -> ZN ^ | NAND2_X4 | 0.045 |   1.225 |    1.229 | 
     | 7                                                  |              |          |       |         |          | 
     | datapath/ALU_ALU_GEN[4].slice_i_bitAdder/FE_RC_414 | A1 ^ -> ZN v | NAND2_X4 | 0.036 |   1.261 |    1.266 | 
     | _0                                                 |              |          |       |         |          | 
     | datapath/ALU_ALU_GEN[4].slice_i_bitAdder/g153__368 | A1 v -> ZN ^ | NAND2_X4 | 0.051 |   1.312 |    1.316 | 
     | 0                                                  |              |          |       |         |          | 
     | datapath/ALU_ALU_GEN[5].slice_i_bitAdder/g155__473 | A1 ^ -> ZN v | NAND2_X4 | 0.038 |   1.350 |    1.355 | 
     | 3                                                  |              |          |       |         |          | 
     | datapath/ALU_ALU_GEN[5].slice_i_bitAdder/g153__511 | A1 v -> ZN ^ | NAND2_X4 | 0.045 |   1.395 |    1.399 | 
     | 5                                                  |              |          |       |         |          | 
     | datapath/ALU_ALU_GEN[6].slice_i_bitAdder/FE_RC_361 | A1 ^ -> ZN v | NAND2_X4 | 0.036 |   1.431 |    1.436 | 
     | _0                                                 |              |          |       |         |          | 
     | datapath/ALU_ALU_GEN[6].slice_i_bitAdder/FE_RC_360 | A1 v -> ZN ^ | NAND2_X4 | 0.046 |   1.477 |    1.481 | 
     | _0                                                 |              |          |       |         |          | 
     | datapath/ALU_ALU_GEN[7].slice_i_bitAdder/g155__161 | A1 ^ -> ZN v | NAND2_X4 | 0.036 |   1.513 |    1.517 | 
     | 7                                                  |              |          |       |         |          | 
     | datapath/ALU_ALU_GEN[7].slice_i_bitAdder/g153__678 | A1 v -> ZN ^ | NAND2_X4 | 0.049 |   1.563 |    1.567 | 
     | 3                                                  |              |          |       |         |          | 
     | datapath/ALU_ALU_GEN[8].slice_i_bitAdder/FE_RC_85_ | A1 ^ -> ZN v | NAND2_X4 | 0.038 |   1.601 |    1.605 | 
     | 0                                                  |              |          |       |         |          | 
     | datapath/ALU_ALU_GEN[8].slice_i_bitAdder/FE_RC_84_ | A1 v -> ZN ^ | NAND2_X4 | 0.045 |   1.646 |    1.650 | 
     | 0                                                  |              |          |       |         |          | 
     | datapath/ALU_ALU_GEN[9].slice_i_bitAdder/g137__166 | A1 ^ -> ZN v | NAND2_X4 | 0.036 |   1.681 |    1.686 | 
     | 6                                                  |              |          |       |         |          | 
     | datapath/ALU_ALU_GEN[9].slice_i_bitAdder/g135__288 | A1 v -> ZN ^ | NAND2_X4 | 0.045 |   1.727 |    1.731 | 
     | 3                                                  |              |          |       |         |          | 
     | datapath/ALU_ALU_GEN[10].slice_i_bitAdder/FE_RC_17 | A1 ^ -> ZN v | NAND2_X4 | 0.035 |   1.762 |    1.766 | 
     | 4_0                                                |              |          |       |         |          | 
     | datapath/ALU_ALU_GEN[10].slice_i_bitAdder/FE_RC_90 | A1 v -> ZN ^ | NAND2_X4 | 0.048 |   1.810 |    1.814 | 
     | _0                                                 |              |          |       |         |          | 
     | datapath/ALU_ALU_GEN[11].slice_i_bitAdder/g155__82 | A1 ^ -> ZN v | NAND2_X4 | 0.037 |   1.847 |    1.851 | 
     | 46                                                 |              |          |       |         |          | 
     | datapath/ALU_ALU_GEN[11].slice_i_bitAdder/g153__17 | A1 v -> ZN ^ | NAND2_X4 | 0.047 |   1.893 |    1.898 | 
     | 05                                                 |              |          |       |         |          | 
     | datapath/ALU_ALU_GEN[12].slice_i_bitAdder/g155__93 | A1 ^ -> ZN v | NAND2_X4 | 0.036 |   1.929 |    1.934 | 
     | 15                                                 |              |          |       |         |          | 
     | datapath/ALU_ALU_GEN[12].slice_i_bitAdder/g153__47 | A1 v -> ZN ^ | NAND2_X4 | 0.045 |   1.975 |    1.979 | 
     | 33                                                 |              |          |       |         |          | 
     | datapath/ALU_ALU_GEN[13].slice_i_bitAdder/g155__23 | A1 ^ -> ZN v | NAND2_X4 | 0.035 |   2.010 |    2.014 | 
     | 98                                                 |              |          |       |         |          | 
     | datapath/ALU_ALU_GEN[13].slice_i_bitAdder/g153__64 | A1 v -> ZN ^ | NAND2_X4 | 0.045 |   2.055 |    2.060 | 
     | 17                                                 |              |          |       |         |          | 
     | datapath/ALU_ALU_GEN[14].slice_i_bitAdder/g155__16 | A1 ^ -> ZN v | NAND2_X4 | 0.035 |   2.091 |    2.095 | 
     | 17                                                 |              |          |       |         |          | 
     | datapath/ALU_ALU_GEN[14].slice_i_bitAdder/g153__67 | A1 v -> ZN ^ | NAND2_X4 | 0.050 |   2.140 |    2.145 | 
     | 83                                                 |              |          |       |         |          | 
     | datapath/ALU_ALU_GEN[15].slice_i_bitAdder/g155__51 | A1 ^ -> ZN v | NAND2_X4 | 0.037 |   2.178 |    2.182 | 
     | 15                                                 |              |          |       |         |          | 
     | datapath/ALU_ALU_GEN[15].slice_i_bitAdder/g153__61 | A1 v -> ZN ^ | NAND2_X4 | 0.046 |   2.224 |    2.228 | 
     | 31                                                 |              |          |       |         |          | 
     | datapath/ALU_ALU_GEN[16].slice_i_bitAdder/g158__16 | A1 ^ -> ZN v | NAND2_X4 | 0.036 |   2.260 |    2.264 | 
     | 66                                                 |              |          |       |         |          | 
     | datapath/ALU_ALU_GEN[16].slice_i_bitAdder/g156__28 | A1 v -> ZN ^ | NAND2_X4 | 0.050 |   2.310 |    2.314 | 
     | 83                                                 |              |          |       |         |          | 
     | datapath/ALU_ALU_GEN[17].slice_i_bitAdder/g155__84 | A1 ^ -> ZN v | NAND2_X4 | 0.038 |   2.347 |    2.352 | 
     | 28                                                 |              |          |       |         |          | 
     | datapath/ALU_ALU_GEN[17].slice_i_bitAdder/g153__62 | A1 v -> ZN ^ | NAND2_X4 | 0.046 |   2.393 |    2.397 | 
     | 60                                                 |              |          |       |         |          | 
     | datapath/ALU_ALU_GEN[18].slice_i_bitAdder/g158__82 | A1 ^ -> ZN v | NAND2_X4 | 0.035 |   2.428 |    2.432 | 
     | 46                                                 |              |          |       |         |          | 
     | datapath/ALU_ALU_GEN[18].slice_i_bitAdder/g156__17 | A1 v -> ZN ^ | NAND2_X4 | 0.046 |   2.474 |    2.478 | 
     | 05                                                 |              |          |       |         |          | 
     | datapath/ALU_ALU_GEN[19].slice_i_bitAdder/g158__93 | A1 ^ -> ZN v | NAND2_X4 | 0.035 |   2.509 |    2.513 | 
     | 15                                                 |              |          |       |         |          | 
     | datapath/ALU_ALU_GEN[19].slice_i_bitAdder/g156__47 | A1 v -> ZN ^ | NAND2_X4 | 0.049 |   2.558 |    2.563 | 
     | 33                                                 |              |          |       |         |          | 
     | datapath/ALU_ALU_GEN[20].slice_i_bitAdder/g158__23 | A1 ^ -> ZN v | NAND2_X4 | 0.037 |   2.596 |    2.600 | 
     | 98                                                 |              |          |       |         |          | 
     | datapath/ALU_ALU_GEN[20].slice_i_bitAdder/g156__64 | A1 v -> ZN ^ | NAND2_X4 | 0.046 |   2.641 |    2.646 | 
     | 17                                                 |              |          |       |         |          | 
     | datapath/ALU_ALU_GEN[21].slice_i_bitAdder/g158__36 | A1 ^ -> ZN v | NAND2_X4 | 0.035 |   2.677 |    2.681 | 
     | 80                                                 |              |          |       |         |          | 
     | datapath/ALU_ALU_GEN[21].slice_i_bitAdder/g156__67 | A1 v -> ZN ^ | NAND2_X4 | 0.045 |   2.722 |    2.726 | 
     | 83                                                 |              |          |       |         |          | 
     | datapath/ALU_ALU_GEN[22].slice_i_bitAdder/FE_RC_35 | A1 ^ -> ZN v | NAND2_X4 | 0.035 |   2.757 |    2.762 | 
     | 9_0                                                |              |          |       |         |          | 
     | datapath/ALU_ALU_GEN[22].slice_i_bitAdder/g156__18 | A1 v -> ZN ^ | NAND2_X4 | 0.046 |   2.803 |    2.807 | 
     | 81                                                 |              |          |       |         |          | 
     | datapath/ALU_ALU_GEN[23].slice_i_bitAdder/g158__74 | A1 ^ -> ZN v | NAND2_X4 | 0.035 |   2.838 |    2.842 | 
     | 10                                                 |              |          |       |         |          | 
     | datapath/ALU_ALU_GEN[23].slice_i_bitAdder/g156__16 | A1 v -> ZN ^ | NAND2_X4 | 0.049 |   2.887 |    2.891 | 
     | 66                                                 |              |          |       |         |          | 
     | datapath/ALU_ALU_GEN[24].slice_i_bitAdder/g158__67 | A1 ^ -> ZN v | NAND2_X4 | 0.037 |   2.924 |    2.928 | 
     | 83                                                 |              |          |       |         |          | 
     | datapath/ALU_ALU_GEN[24].slice_i_bitAdder/g156__55 | A1 v -> ZN ^ | NAND2_X4 | 0.046 |   2.969 |    2.973 | 
     | 26                                                 |              |          |       |         |          | 
     | datapath/ALU_ALU_GEN[25].slice_i_bitAdder/g158__18 | A1 ^ -> ZN v | NAND2_X4 | 0.036 |   3.005 |    3.009 | 
     | 81                                                 |              |          |       |         |          | 
     | datapath/ALU_ALU_GEN[25].slice_i_bitAdder/g156__61 | A1 v -> ZN ^ | NAND2_X4 | 0.046 |   3.051 |    3.056 | 
     | 31                                                 |              |          |       |         |          | 
     | datapath/ALU_ALU_GEN[26].slice_i_bitAdder/g158__16 | A1 ^ -> ZN v | NAND2_X4 | 0.036 |   3.087 |    3.091 | 
     | 66                                                 |              |          |       |         |          | 
     | datapath/ALU_ALU_GEN[26].slice_i_bitAdder/g156__23 | A1 v -> ZN ^ | NAND2_X4 | 0.044 |   3.132 |    3.136 | 
     | 46                                                 |              |          |       |         |          | 
     | datapath/ALU_ALU_GEN[27].slice_i_bitAdder/g158__55 | A1 ^ -> ZN v | NAND2_X4 | 0.035 |   3.167 |    3.171 | 
     | 26                                                 |              |          |       |         |          | 
     | datapath/ALU_ALU_GEN[27].slice_i_bitAdder/g156__84 | A1 v -> ZN ^ | NAND2_X4 | 0.044 |   3.211 |    3.215 | 
     | 28                                                 |              |          |       |         |          | 
     | datapath/ALU_ALU_GEN[28].slice_i_bitAdder/g158__51 | A1 ^ -> ZN v | NAND2_X4 | 0.035 |   3.246 |    3.250 | 
     | 15                                                 |              |          |       |         |          | 
     | datapath/ALU_ALU_GEN[28].slice_i_bitAdder/g156__61 | A1 v -> ZN ^ | NAND2_X4 | 0.044 |   3.290 |    3.294 | 
     | 31                                                 |              |          |       |         |          | 
     | datapath/ALU_ALU_GEN[29].slice_i_bitAdder/g158__16 | A1 ^ -> ZN v | NAND2_X4 | 0.035 |   3.326 |    3.330 | 
     | 66                                                 |              |          |       |         |          | 
     | datapath/ALU_ALU_GEN[29].slice_i_bitAdder/g156__28 | A1 v -> ZN ^ | NAND2_X4 | 0.048 |   3.373 |    3.377 | 
     | 83                                                 |              |          |       |         |          | 
     | datapath/ALU_ALU_GEN[30].slice_i_bitAdder/g158__55 | A1 ^ -> ZN v | NAND2_X4 | 0.036 |   3.409 |    3.414 | 
     | 26                                                 |              |          |       |         |          | 
     | datapath/ALU_ALU_GEN[30].slice_i_bitAdder/g156__43 | A1 v -> ZN ^ | NAND2_X4 | 0.062 |   3.471 |    3.475 | 
     | 19                                                 |              |          |       |         |          | 
     | datapath/ALU_msb_bitAdder/g119__1881               | A1 ^ -> ZN v | NAND2_X4 | 0.042 |   3.513 |    3.517 | 
     | datapath/ALU_msb_bitAdder/g117__7098               | A1 v -> ZN ^ | NAND2_X4 | 0.044 |   3.557 |    3.561 | 
     | datapath/FE_RC_413_0                               | A1 ^ -> ZN v | NAND2_X2 | 0.035 |   3.592 |    3.596 | 
     | datapath/FE_RC_412_0                               | A v -> ZN ^  | OAI21_X2 | 0.067 |   3.659 |    3.663 | 
     | datapath/g16078                                    | A ^ -> ZN ^  | XNOR2_X2 | 0.151 |   3.809 |    3.814 | 
     | datapath/ALU_ALU_GEN[0].slice_i_resultMux/FE_RC_83 | A1 ^ -> ZN v | NAND2_X4 | 0.063 |   3.873 |    3.877 | 
     | _0                                                 |              |          |       |         |          | 
     | datapath/ALU_ALU_GEN[0].slice_i_resultMux/g185__43 | A1 v -> ZN ^ | NAND2_X2 | 0.052 |   3.925 |    3.929 | 
     | 19                                                 |              |          |       |         |          | 
     | datapath/EXMEM_aluResult_reg[0]                    | D ^          | DFFR_X2  | 0.000 |   3.925 |    3.929 | 
     +-----------------------------------------------------------------------------------------------------------+ 

