###############################################################
#  Generated by:      Cadence Innovus 23.12-s091_1
#  OS:                Linux x86_64(Host ID nanohub-2907946-1)
#  Generated on:      Tue Aug 11 17:10:27 2026
#  Design:            pipelined_cpu_core
#  Command:           report_timing -late  -view RPT_TYP -max_paths 50 -nworst 1 > reports/40_setup_typ.rpt
###############################################################
Path 1: MET Late External Delay Assertion 
Endpoint:   dbg_wb_data[27]               (v) checked with  leading edge of 
'clk'
Beginpoint: datapath/MEMWB_memToReg_reg/Q (^) triggered by  leading edge of 
'clk'
Path Groups: {clk}
Analysis View: RPT_TYP
Other End Arrival Time          0.000
- External Delay                1.230
+ Phase Shift                   4.100
+ CPPR Adjustment               0.000
- Uncertainty                   0.100
= Required Time                 2.770
- Arrival Time                  0.542
= Slack Time                    2.228
     Clock Rise Edge                 0.000
     + Clock Network Latency (Prop)  0.187
     = Beginpoint Arrival Time       0.187
     +----------------------------------------------------------------------------------------+ 
     |          Instance           |        Arc        |  Cell   | Delay | Arrival | Required | 
     |                             |                   |         |       |  Time   |   Time   | 
     |-----------------------------+-------------------+---------+-------+---------+----------| 
     | datapath/MEMWB_memToReg_reg | CK ^              |         |       |   0.187 |    2.414 | 
     | datapath/MEMWB_memToReg_reg | CK ^ -> Q ^       | DFFR_X1 | 0.118 |   0.304 |    2.532 | 
     | datapath/FE_OFC635_n_1340   | A ^ -> ZN v       | INV_X4  | 0.026 |   0.331 |    2.558 | 
     | datapath/FE_OFC760_n_1305   | A v -> ZN ^       | INV_X1  | 0.080 |   0.411 |    2.639 | 
     | datapath/g26760             | S ^ -> Z v        | MUX2_X2 | 0.131 |   0.542 |    2.770 | 
     |                             | dbg_wb_data[27] v |         | 0.000 |   0.542 |    2.770 | 
     +----------------------------------------------------------------------------------------+ 
Path 2: MET Late External Delay Assertion 
Endpoint:   dbg_wb_data[31]               (v) checked with  leading edge of 
'clk'
Beginpoint: datapath/MEMWB_memToReg_reg/Q (^) triggered by  leading edge of 
'clk'
Path Groups: {clk}
Analysis View: RPT_TYP
Other End Arrival Time          0.000
- External Delay                1.230
+ Phase Shift                   4.100
+ CPPR Adjustment               0.000
- Uncertainty                   0.100
= Required Time                 2.770
- Arrival Time                  0.540
= Slack Time                    2.230
     Clock Rise Edge                 0.000
     + Clock Network Latency (Prop)  0.187
     = Beginpoint Arrival Time       0.187
     +----------------------------------------------------------------------------------------+ 
     |          Instance           |        Arc        |  Cell   | Delay | Arrival | Required | 
     |                             |                   |         |       |  Time   |   Time   | 
     |-----------------------------+-------------------+---------+-------+---------+----------| 
     | datapath/MEMWB_memToReg_reg | CK ^              |         |       |   0.187 |    2.416 | 
     | datapath/MEMWB_memToReg_reg | CK ^ -> Q ^       | DFFR_X1 | 0.118 |   0.305 |    2.534 | 
     | datapath/FE_OFC635_n_1340   | A ^ -> ZN v       | INV_X4  | 0.026 |   0.331 |    2.560 | 
     | datapath/FE_OFC760_n_1305   | A v -> ZN ^       | INV_X1  | 0.080 |   0.411 |    2.641 | 
     | datapath/g26764             | S ^ -> Z v        | MUX2_X2 | 0.129 |   0.540 |    2.770 | 
     |                             | dbg_wb_data[31] v |         | 0.000 |   0.540 |    2.770 | 
     +----------------------------------------------------------------------------------------+ 
Path 3: MET Late External Delay Assertion 
Endpoint:   dbg_wb_data[25]               (v) checked with  leading edge of 
'clk'
Beginpoint: datapath/MEMWB_memToReg_reg/Q (^) triggered by  leading edge of 
'clk'
Path Groups: {clk}
Analysis View: RPT_TYP
Other End Arrival Time          0.000
- External Delay                1.230
+ Phase Shift                   4.100
+ CPPR Adjustment               0.000
- Uncertainty                   0.100
= Required Time                 2.770
- Arrival Time                  0.540
= Slack Time                    2.230
     Clock Rise Edge                 0.000
     + Clock Network Latency (Prop)  0.187
     = Beginpoint Arrival Time       0.187
     +----------------------------------------------------------------------------------------+ 
     |          Instance           |        Arc        |  Cell   | Delay | Arrival | Required | 
     |                             |                   |         |       |  Time   |   Time   | 
     |-----------------------------+-------------------+---------+-------+---------+----------| 
     | datapath/MEMWB_memToReg_reg | CK ^              |         |       |   0.187 |    2.416 | 
     | datapath/MEMWB_memToReg_reg | CK ^ -> Q ^       | DFFR_X1 | 0.118 |   0.304 |    2.534 | 
     | datapath/FE_OFC635_n_1340   | A ^ -> ZN v       | INV_X4  | 0.026 |   0.331 |    2.560 | 
     | datapath/FE_OFC760_n_1305   | A v -> ZN ^       | INV_X1  | 0.080 |   0.411 |    2.641 | 
     | datapath/g26761             | S ^ -> Z v        | MUX2_X2 | 0.129 |   0.540 |    2.770 | 
     |                             | dbg_wb_data[25] v |         | 0.000 |   0.540 |    2.770 | 
     +----------------------------------------------------------------------------------------+ 
Path 4: MET Late External Delay Assertion 
Endpoint:   dbg_wb_data[26]               (v) checked with  leading edge of 
'clk'
Beginpoint: datapath/MEMWB_memToReg_reg/Q (^) triggered by  leading edge of 
'clk'
Path Groups: {clk}
Analysis View: RPT_TYP
Other End Arrival Time          0.000
- External Delay                1.230
+ Phase Shift                   4.100
+ CPPR Adjustment               0.000
- Uncertainty                   0.100
= Required Time                 2.770
- Arrival Time                  0.537
= Slack Time                    2.233
     Clock Rise Edge                 0.000
     + Clock Network Latency (Prop)  0.187
     = Beginpoint Arrival Time       0.187
     +----------------------------------------------------------------------------------------+ 
     |          Instance           |        Arc        |  Cell   | Delay | Arrival | Required | 
     |                             |                   |         |       |  Time   |   Time   | 
     |-----------------------------+-------------------+---------+-------+---------+----------| 
     | datapath/MEMWB_memToReg_reg | CK ^              |         |       |   0.187 |    2.419 | 
     | datapath/MEMWB_memToReg_reg | CK ^ -> Q ^       | DFFR_X1 | 0.118 |   0.304 |    2.537 | 
     | datapath/FE_OFC635_n_1340   | A ^ -> ZN v       | INV_X4  | 0.026 |   0.331 |    2.563 | 
     | datapath/FE_OFC760_n_1305   | A v -> ZN ^       | INV_X1  | 0.080 |   0.411 |    2.643 | 
     | datapath/g26766             | S ^ -> Z v        | MUX2_X2 | 0.127 |   0.537 |    2.770 | 
     |                             | dbg_wb_data[26] v |         | 0.000 |   0.537 |    2.770 | 
     +----------------------------------------------------------------------------------------+ 
Path 5: MET Late External Delay Assertion 
Endpoint:   dbg_wb_data[29]               (v) checked with  leading edge of 
'clk'
Beginpoint: datapath/MEMWB_memToReg_reg/Q (^) triggered by  leading edge of 
'clk'
Path Groups: {clk}
Analysis View: RPT_TYP
Other End Arrival Time          0.000
- External Delay                1.230
+ Phase Shift                   4.100
+ CPPR Adjustment               0.000
- Uncertainty                   0.100
= Required Time                 2.770
- Arrival Time                  0.535
= Slack Time                    2.235
     Clock Rise Edge                 0.000
     + Clock Network Latency (Prop)  0.187
     = Beginpoint Arrival Time       0.187
     +----------------------------------------------------------------------------------------+ 
     |          Instance           |        Arc        |  Cell   | Delay | Arrival | Required | 
     |                             |                   |         |       |  Time   |   Time   | 
     |-----------------------------+-------------------+---------+-------+---------+----------| 
     | datapath/MEMWB_memToReg_reg | CK ^              |         |       |   0.187 |    2.422 | 
     | datapath/MEMWB_memToReg_reg | CK ^ -> Q ^       | DFFR_X1 | 0.118 |   0.304 |    2.540 | 
     | datapath/FE_OFC635_n_1340   | A ^ -> ZN v       | INV_X4  | 0.026 |   0.331 |    2.566 | 
     | datapath/FE_OFC760_n_1305   | A v -> ZN ^       | INV_X1  | 0.080 |   0.411 |    2.646 | 
     | datapath/g26762             | S ^ -> Z v        | MUX2_X2 | 0.124 |   0.535 |    2.770 | 
     |                             | dbg_wb_data[29] v |         | 0.000 |   0.535 |    2.770 | 
     +----------------------------------------------------------------------------------------+ 
Path 6: MET Late External Delay Assertion 
Endpoint:   dbg_wb_data[30]               (^) checked with  leading edge of 
'clk'
Beginpoint: datapath/MEMWB_memToReg_reg/Q (v) triggered by  leading edge of 
'clk'
Path Groups: {clk}
Analysis View: RPT_TYP
Other End Arrival Time          0.000
- External Delay                1.230
+ Phase Shift                   4.100
+ CPPR Adjustment               0.000
- Uncertainty                   0.100
= Required Time                 2.770
- Arrival Time                  0.534
= Slack Time                    2.236
     Clock Rise Edge                 0.000
     + Clock Network Latency (Prop)  0.187
     = Beginpoint Arrival Time       0.187
     +----------------------------------------------------------------------------------------+ 
     |          Instance           |        Arc        |  Cell   | Delay | Arrival | Required | 
     |                             |                   |         |       |  Time   |   Time   | 
     |-----------------------------+-------------------+---------+-------+---------+----------| 
     | datapath/MEMWB_memToReg_reg | CK ^              |         |       |   0.187 |    2.422 | 
     | datapath/MEMWB_memToReg_reg | CK ^ -> Q v       | DFFR_X1 | 0.098 |   0.285 |    2.521 | 
     | datapath/FE_OFC635_n_1340   | A v -> ZN ^       | INV_X4  | 0.046 |   0.332 |    2.567 | 
     | datapath/FE_OFC760_n_1305   | A ^ -> ZN v       | INV_X1  | 0.060 |   0.391 |    2.627 | 
     | datapath/g26765             | S v -> Z ^        | MUX2_X2 | 0.143 |   0.534 |    2.770 | 
     |                             | dbg_wb_data[30] ^ |         | 0.000 |   0.534 |    2.770 | 
     +----------------------------------------------------------------------------------------+ 
Path 7: MET Late External Delay Assertion 
Endpoint:   dbg_wb_data[28]               (^) checked with  leading edge of 
'clk'
Beginpoint: datapath/MEMWB_memToReg_reg/Q (v) triggered by  leading edge of 
'clk'
Path Groups: {clk}
Analysis View: RPT_TYP
Other End Arrival Time          0.000
- External Delay                1.230
+ Phase Shift                   4.100
+ CPPR Adjustment               0.000
- Uncertainty                   0.100
= Required Time                 2.770
- Arrival Time                  0.534
= Slack Time                    2.236
     Clock Rise Edge                 0.000
     + Clock Network Latency (Prop)  0.187
     = Beginpoint Arrival Time       0.187
     +----------------------------------------------------------------------------------------+ 
     |          Instance           |        Arc        |  Cell   | Delay | Arrival | Required | 
     |                             |                   |         |       |  Time   |   Time   | 
     |-----------------------------+-------------------+---------+-------+---------+----------| 
     | datapath/MEMWB_memToReg_reg | CK ^              |         |       |   0.187 |    2.423 | 
     | datapath/MEMWB_memToReg_reg | CK ^ -> Q v       | DFFR_X1 | 0.098 |   0.285 |    2.521 | 
     | datapath/FE_OFC635_n_1340   | A v -> ZN ^       | INV_X4  | 0.046 |   0.332 |    2.568 | 
     | datapath/FE_OFC760_n_1305   | A ^ -> ZN v       | INV_X1  | 0.060 |   0.391 |    2.627 | 
     | datapath/g26763             | S v -> Z ^        | MUX2_X2 | 0.143 |   0.534 |    2.770 | 
     |                             | dbg_wb_data[28] ^ |         | 0.000 |   0.534 |    2.770 | 
     +----------------------------------------------------------------------------------------+ 
Path 8: MET Late External Delay Assertion 
Endpoint:   dbg_wb_data[5]                (v) checked with  leading edge of 
'clk'
Beginpoint: datapath/MEMWB_memToReg_reg/Q (^) triggered by  leading edge of 
'clk'
Path Groups: {clk}
Analysis View: RPT_TYP
Other End Arrival Time          0.000
- External Delay                1.230
+ Phase Shift                   4.100
+ CPPR Adjustment               0.000
- Uncertainty                   0.100
= Required Time                 2.770
- Arrival Time                  0.523
= Slack Time                    2.247
     Clock Rise Edge                 0.000
     + Clock Network Latency (Prop)  0.187
     = Beginpoint Arrival Time       0.187
     +-----------------------------------------------------------------------------------------+ 
     |          Instance           |       Arc        |   Cell    | Delay | Arrival | Required | 
     |                             |                  |           |       |  Time   |   Time   | 
     |-----------------------------+------------------+-----------+-------+---------+----------| 
     | datapath/MEMWB_memToReg_reg | CK ^             |           |       |   0.187 |    2.434 | 
     | datapath/MEMWB_memToReg_reg | CK ^ -> Q ^      | DFFR_X1   | 0.118 |   0.305 |    2.551 | 
     | datapath/FE_OFC635_n_1340   | A ^ -> ZN v      | INV_X4    | 0.026 |   0.331 |    2.578 | 
     | datapath/FE_RC_374_0        | B1 v -> ZN ^     | OAI21_X1  | 0.090 |   0.421 |    2.667 | 
     | datapath/FE_OFC724_n_40     | A ^ -> ZN v      | INV_X1    | 0.025 |   0.446 |    2.693 | 
     | datapath/FE_OFC725_n_40     | A v -> Z v       | CLKBUF_X3 | 0.077 |   0.523 |    2.770 | 
     |                             | dbg_wb_data[5] v |           | 0.000 |   0.523 |    2.770 | 
     +-----------------------------------------------------------------------------------------+ 
Path 9: MET Late External Delay Assertion 
Endpoint:   dbg_wb_data[19]               (^) checked with  leading edge of 
'clk'
Beginpoint: datapath/MEMWB_memToReg_reg/Q (v) triggered by  leading edge of 
'clk'
Path Groups: {clk}
Analysis View: RPT_TYP
Other End Arrival Time          0.000
- External Delay                1.230
+ Phase Shift                   4.100
+ CPPR Adjustment               0.000
- Uncertainty                   0.100
= Required Time                 2.770
- Arrival Time                  0.501
= Slack Time                    2.269
     Clock Rise Edge                 0.000
     + Clock Network Latency (Prop)  0.187
     = Beginpoint Arrival Time       0.187
     +----------------------------------------------------------------------------------------+ 
     |          Instance           |        Arc        |  Cell   | Delay | Arrival | Required | 
     |                             |                   |         |       |  Time   |   Time   | 
     |-----------------------------+-------------------+---------+-------+---------+----------| 
     | datapath/MEMWB_memToReg_reg | CK ^              |         |       |   0.187 |    2.456 | 
     | datapath/MEMWB_memToReg_reg | CK ^ -> Q v       | DFFR_X1 | 0.098 |   0.285 |    2.554 | 
     | datapath/FE_OFC635_n_1340   | A v -> ZN ^       | INV_X4  | 0.046 |   0.332 |    2.601 | 
     | datapath/g26808             | S ^ -> Z v        | MUX2_X1 | 0.090 |   0.421 |    2.690 | 
     | datapath/FE_DBTC20_n_34     | A v -> ZN ^       | INV_X2  | 0.080 |   0.501 |    2.770 | 
     |                             | dbg_wb_data[19] ^ |         | 0.000 |   0.501 |    2.770 | 
     +----------------------------------------------------------------------------------------+ 
Path 10: MET Late External Delay Assertion 
Endpoint:   dbg_wb_data[13]               (^) checked with  leading edge of 
'clk'
Beginpoint: datapath/MEMWB_memToReg_reg/Q (v) triggered by  leading edge of 
'clk'
Path Groups: {clk}
Analysis View: RPT_TYP
Other End Arrival Time          0.000
- External Delay                1.230
+ Phase Shift                   4.100
+ CPPR Adjustment               0.000
- Uncertainty                   0.100
= Required Time                 2.770
- Arrival Time                  0.500
= Slack Time                    2.270
     Clock Rise Edge                 0.000
     + Clock Network Latency (Prop)  0.187
     = Beginpoint Arrival Time       0.187
     +----------------------------------------------------------------------------------------+ 
     |          Instance           |        Arc        |  Cell   | Delay | Arrival | Required | 
     |                             |                   |         |       |  Time   |   Time   | 
     |-----------------------------+-------------------+---------+-------+---------+----------| 
     | datapath/MEMWB_memToReg_reg | CK ^              |         |       |   0.187 |    2.457 | 
     | datapath/MEMWB_memToReg_reg | CK ^ -> Q v       | DFFR_X1 | 0.098 |   0.285 |    2.555 | 
     | datapath/FE_OFC635_n_1340   | A v -> ZN ^       | INV_X4  | 0.046 |   0.332 |    2.602 | 
     | datapath/g26800             | S ^ -> Z v        | MUX2_X1 | 0.089 |   0.420 |    2.691 | 
     | datapath/FE_DBTC16_n_31     | A v -> ZN ^       | INV_X2  | 0.079 |   0.500 |    2.770 | 
     |                             | dbg_wb_data[13] ^ |         | 0.000 |   0.500 |    2.770 | 
     +----------------------------------------------------------------------------------------+ 
Path 11: MET Late External Delay Assertion 
Endpoint:   dbg_wb_data[11]               (^) checked with  leading edge of 
'clk'
Beginpoint: datapath/MEMWB_memToReg_reg/Q (v) triggered by  leading edge of 
'clk'
Path Groups: {clk}
Analysis View: RPT_TYP
Other End Arrival Time          0.000
- External Delay                1.230
+ Phase Shift                   4.100
+ CPPR Adjustment               0.000
- Uncertainty                   0.100
= Required Time                 2.770
- Arrival Time                  0.498
= Slack Time                    2.272
     Clock Rise Edge                 0.000
     + Clock Network Latency (Prop)  0.187
     = Beginpoint Arrival Time       0.187
     +----------------------------------------------------------------------------------------+ 
     |          Instance           |        Arc        |  Cell   | Delay | Arrival | Required | 
     |                             |                   |         |       |  Time   |   Time   | 
     |-----------------------------+-------------------+---------+-------+---------+----------| 
     | datapath/MEMWB_memToReg_reg | CK ^              |         |       |   0.187 |    2.458 | 
     | datapath/MEMWB_memToReg_reg | CK ^ -> Q v       | DFFR_X1 | 0.098 |   0.285 |    2.557 | 
     | datapath/FE_OFC635_n_1340   | A v -> ZN ^       | INV_X4  | 0.046 |   0.332 |    2.603 | 
     | datapath/g26803             | S ^ -> Z v        | MUX2_X1 | 0.090 |   0.422 |    2.693 | 
     | datapath/FE_DBTC14_n_79     | A v -> ZN ^       | INV_X2  | 0.077 |   0.498 |    2.770 | 
     |                             | dbg_wb_data[11] ^ |         | 0.000 |   0.498 |    2.770 | 
     +----------------------------------------------------------------------------------------+ 
Path 12: MET Late External Delay Assertion 
Endpoint:   dbg_wb_data[9]                (^) checked with  leading edge of 
'clk'
Beginpoint: datapath/MEMWB_memToReg_reg/Q (v) triggered by  leading edge of 
'clk'
Path Groups: {clk}
Analysis View: RPT_TYP
Other End Arrival Time          0.000
- External Delay                1.230
+ Phase Shift                   4.100
+ CPPR Adjustment               0.000
- Uncertainty                   0.100
= Required Time                 2.770
- Arrival Time                  0.493
= Slack Time                    2.277
     Clock Rise Edge                 0.000
     + Clock Network Latency (Prop)  0.187
     = Beginpoint Arrival Time       0.187
     +---------------------------------------------------------------------------------------+ 
     |          Instance           |       Arc        |  Cell   | Delay | Arrival | Required | 
     |                             |                  |         |       |  Time   |   Time   | 
     |-----------------------------+------------------+---------+-------+---------+----------| 
     | datapath/MEMWB_memToReg_reg | CK ^             |         |       |   0.187 |    2.464 | 
     | datapath/MEMWB_memToReg_reg | CK ^ -> Q v      | DFFR_X1 | 0.098 |   0.285 |    2.562 | 
     | datapath/FE_OFC635_n_1340   | A v -> ZN ^      | INV_X4  | 0.046 |   0.332 |    2.609 | 
     | datapath/g26805             | S ^ -> Z v       | MUX2_X1 | 0.086 |   0.418 |    2.695 | 
     | datapath/FE_DBTC12_n_82     | A v -> ZN ^      | INV_X2  | 0.075 |   0.493 |    2.770 | 
     |                             | dbg_wb_data[9] ^ |         | 0.000 |   0.493 |    2.770 | 
     +---------------------------------------------------------------------------------------+ 
Path 13: MET Late External Delay Assertion 
Endpoint:   dbg_wb_data[18]               (^) checked with  leading edge of 
'clk'
Beginpoint: datapath/MEMWB_memToReg_reg/Q (v) triggered by  leading edge of 
'clk'
Path Groups: {clk}
Analysis View: RPT_TYP
Other End Arrival Time          0.000
- External Delay                1.230
+ Phase Shift                   4.100
+ CPPR Adjustment               0.000
- Uncertainty                   0.100
= Required Time                 2.770
- Arrival Time                  0.492
= Slack Time                    2.278
     Clock Rise Edge                 0.000
     + Clock Network Latency (Prop)  0.187
     = Beginpoint Arrival Time       0.187
     +----------------------------------------------------------------------------------------+ 
     |          Instance           |        Arc        |  Cell   | Delay | Arrival | Required | 
     |                             |                   |         |       |  Time   |   Time   | 
     |-----------------------------+-------------------+---------+-------+---------+----------| 
     | datapath/MEMWB_memToReg_reg | CK ^              |         |       |   0.187 |    2.465 | 
     | datapath/MEMWB_memToReg_reg | CK ^ -> Q v       | DFFR_X1 | 0.098 |   0.285 |    2.564 | 
     | datapath/FE_OFC635_n_1340   | A v -> ZN ^       | INV_X4  | 0.046 |   0.332 |    2.610 | 
     | datapath/g26768             | S ^ -> Z v        | MUX2_X1 | 0.088 |   0.420 |    2.699 | 
     | datapath/FE_DBTC19_n_58     | A v -> ZN ^       | INV_X2  | 0.071 |   0.492 |    2.770 | 
     |                             | dbg_wb_data[18] ^ |         | 0.000 |   0.492 |    2.770 | 
     +----------------------------------------------------------------------------------------+ 
Path 14: MET Late External Delay Assertion 
Endpoint:   dbg_wb_data[3]                (^) checked with  leading edge of 
'clk'
Beginpoint: datapath/MEMWB_memToReg_reg/Q (^) triggered by  leading edge of 
'clk'
Path Groups: {clk}
Analysis View: RPT_TYP
Other End Arrival Time          0.000
- External Delay                1.230
+ Phase Shift                   4.100
+ CPPR Adjustment               0.000
- Uncertainty                   0.100
= Required Time                 2.770
- Arrival Time                  0.484
= Slack Time                    2.286
     Clock Rise Edge                 0.000
     + Clock Network Latency (Prop)  0.187
     = Beginpoint Arrival Time       0.187
     +-----------------------------------------------------------------------------------------+ 
     |          Instance           |       Arc        |   Cell    | Delay | Arrival | Required | 
     |                             |                  |           |       |  Time   |   Time   | 
     |-----------------------------+------------------+-----------+-------+---------+----------| 
     | datapath/MEMWB_memToReg_reg | CK ^             |           |       |   0.187 |    2.473 | 
     | datapath/MEMWB_memToReg_reg | CK ^ -> Q ^      | DFFR_X1   | 0.118 |   0.305 |    2.591 | 
     | datapath/FE_OFC635_n_1340   | A ^ -> ZN v      | INV_X4    | 0.026 |   0.331 |    2.617 | 
     | datapath/FE_OFC759_n_1305   | A v -> ZN ^      | INV_X1    | 0.023 |   0.354 |    2.640 | 
     | datapath/FE_RC_409_0        | A1 ^ -> ZN v     | NAND2_X1  | 0.017 |   0.371 |    2.657 | 
     | datapath/FE_RC_408_0        | A2 v -> ZN ^     | NAND2_X2  | 0.034 |   0.404 |    2.691 | 
     | datapath/FE_OFC706_n_660    | A ^ -> Z ^       | CLKBUF_X3 | 0.079 |   0.484 |    2.770 | 
     |                             | dbg_wb_data[3] ^ |           | 0.000 |   0.484 |    2.770 | 
     +-----------------------------------------------------------------------------------------+ 
Path 15: MET Late External Delay Assertion 
Endpoint:   dbg_wb_data[22]               (^) checked with  leading edge of 
'clk'
Beginpoint: datapath/MEMWB_memToReg_reg/Q (v) triggered by  leading edge of 
'clk'
Path Groups: {clk}
Analysis View: RPT_TYP
Other End Arrival Time          0.000
- External Delay                1.230
+ Phase Shift                   4.100
+ CPPR Adjustment               0.000
- Uncertainty                   0.100
= Required Time                 2.770
- Arrival Time                  0.482
= Slack Time                    2.288
     Clock Rise Edge                 0.000
     + Clock Network Latency (Prop)  0.187
     = Beginpoint Arrival Time       0.187
     +----------------------------------------------------------------------------------------+ 
     |          Instance           |        Arc        |  Cell   | Delay | Arrival | Required | 
     |                             |                   |         |       |  Time   |   Time   | 
     |-----------------------------+-------------------+---------+-------+---------+----------| 
     | datapath/MEMWB_memToReg_reg | CK ^              |         |       |   0.187 |    2.475 | 
     | datapath/MEMWB_memToReg_reg | CK ^ -> Q v       | DFFR_X1 | 0.098 |   0.285 |    2.573 | 
     | datapath/FE_OFC635_n_1340   | A v -> ZN ^       | INV_X4  | 0.046 |   0.332 |    2.620 | 
     | datapath/g26801             | S ^ -> Z v        | MUX2_X1 | 0.098 |   0.430 |    2.718 | 
     | datapath/FE_DBTC22_n_100    | A v -> ZN ^       | INV_X4  | 0.052 |   0.482 |    2.770 | 
     |                             | dbg_wb_data[22] ^ |         | 0.000 |   0.482 |    2.770 | 
     +----------------------------------------------------------------------------------------+ 
Path 16: MET Late External Delay Assertion 
Endpoint:   dbg_wb_data[23]               (^) checked with  leading edge of 
'clk'
Beginpoint: datapath/MEMWB_memToReg_reg/Q (^) triggered by  leading edge of 
'clk'
Path Groups: {clk}
Analysis View: RPT_TYP
Other End Arrival Time          0.000
- External Delay                1.230
+ Phase Shift                   4.100
+ CPPR Adjustment               0.000
- Uncertainty                   0.100
= Required Time                 2.770
- Arrival Time                  0.480
= Slack Time                    2.290
     Clock Rise Edge                 0.000
     + Clock Network Latency (Prop)  0.187
     = Beginpoint Arrival Time       0.187
     +----------------------------------------------------------------------------------------+ 
     |          Instance           |        Arc        |  Cell   | Delay | Arrival | Required | 
     |                             |                   |         |       |  Time   |   Time   | 
     |-----------------------------+-------------------+---------+-------+---------+----------| 
     | datapath/MEMWB_memToReg_reg | CK ^              |         |       |   0.187 |    2.477 | 
     | datapath/MEMWB_memToReg_reg | CK ^ -> Q ^       | DFFR_X1 | 0.118 |   0.305 |    2.594 | 
     | datapath/FE_OFC635_n_1340   | A ^ -> ZN v       | INV_X4  | 0.026 |   0.331 |    2.621 | 
     | datapath/g26771             | S v -> Z ^        | MUX2_X2 | 0.150 |   0.480 |    2.770 | 
     |                             | dbg_wb_data[23] ^ |         | 0.000 |   0.480 |    2.770 | 
     +----------------------------------------------------------------------------------------+ 
Path 17: MET Late External Delay Assertion 
Endpoint:   dbg_wb_data[24]               (^) checked with  leading edge of 
'clk'
Beginpoint: datapath/MEMWB_memToReg_reg/Q (v) triggered by  leading edge of 
'clk'
Path Groups: {clk}
Analysis View: RPT_TYP
Other End Arrival Time          0.000
- External Delay                1.230
+ Phase Shift                   4.100
+ CPPR Adjustment               0.000
- Uncertainty                   0.100
= Required Time                 2.770
- Arrival Time                  0.480
= Slack Time                    2.290
     Clock Rise Edge                 0.000
     + Clock Network Latency (Prop)  0.187
     = Beginpoint Arrival Time       0.187
     +----------------------------------------------------------------------------------------+ 
     |          Instance           |        Arc        |  Cell   | Delay | Arrival | Required | 
     |                             |                   |         |       |  Time   |   Time   | 
     |-----------------------------+-------------------+---------+-------+---------+----------| 
     | datapath/MEMWB_memToReg_reg | CK ^              |         |       |   0.187 |    2.477 | 
     | datapath/MEMWB_memToReg_reg | CK ^ -> Q v       | DFFR_X1 | 0.098 |   0.285 |    2.575 | 
     | datapath/FE_OFC635_n_1340   | A v -> ZN ^       | INV_X4  | 0.046 |   0.332 |    2.622 | 
     | datapath/g26793             | S ^ -> Z v        | MUX2_X1 | 0.099 |   0.431 |    2.720 | 
     | datapath/FE_DBTC23_n_28     | A v -> ZN ^       | INV_X4  | 0.050 |   0.480 |    2.770 | 
     |                             | dbg_wb_data[24] ^ |         | 0.000 |   0.480 |    2.770 | 
     +----------------------------------------------------------------------------------------+ 
Path 18: MET Late External Delay Assertion 
Endpoint:   dbg_wb_data[21]               (^) checked with  leading edge of 
'clk'
Beginpoint: datapath/MEMWB_memToReg_reg/Q (v) triggered by  leading edge of 
'clk'
Path Groups: {clk}
Analysis View: RPT_TYP
Other End Arrival Time          0.000
- External Delay                1.230
+ Phase Shift                   4.100
+ CPPR Adjustment               0.000
- Uncertainty                   0.100
= Required Time                 2.770
- Arrival Time                  0.479
= Slack Time                    2.291
     Clock Rise Edge                 0.000
     + Clock Network Latency (Prop)  0.187
     = Beginpoint Arrival Time       0.187
     +----------------------------------------------------------------------------------------+ 
     |          Instance           |        Arc        |  Cell   | Delay | Arrival | Required | 
     |                             |                   |         |       |  Time   |   Time   | 
     |-----------------------------+-------------------+---------+-------+---------+----------| 
     | datapath/MEMWB_memToReg_reg | CK ^              |         |       |   0.187 |    2.478 | 
     | datapath/MEMWB_memToReg_reg | CK ^ -> Q v       | DFFR_X1 | 0.098 |   0.285 |    2.576 | 
     | datapath/FE_OFC635_n_1340   | A v -> ZN ^       | INV_X4  | 0.046 |   0.332 |    2.623 | 
     | datapath/g26769             | S ^ -> Z v        | MUX2_X1 | 0.098 |   0.430 |    2.721 | 
     | datapath/FE_DBTC21_n_46     | A v -> ZN ^       | INV_X4  | 0.049 |   0.479 |    2.770 | 
     |                             | dbg_wb_data[21] ^ |         | 0.000 |   0.479 |    2.770 | 
     +----------------------------------------------------------------------------------------+ 
Path 19: MET Late External Delay Assertion 
Endpoint:   dbg_wb_data[20]               (^) checked with  leading edge of 
'clk'
Beginpoint: datapath/MEMWB_memToReg_reg/Q (^) triggered by  leading edge of 
'clk'
Path Groups: {clk}
Analysis View: RPT_TYP
Other End Arrival Time          0.000
- External Delay                1.230
+ Phase Shift                   4.100
+ CPPR Adjustment               0.000
- Uncertainty                   0.100
= Required Time                 2.770
- Arrival Time                  0.479
= Slack Time                    2.291
     Clock Rise Edge                 0.000
     + Clock Network Latency (Prop)  0.187
     = Beginpoint Arrival Time       0.187
     +----------------------------------------------------------------------------------------+ 
     |          Instance           |        Arc        |  Cell   | Delay | Arrival | Required | 
     |                             |                   |         |       |  Time   |   Time   | 
     |-----------------------------+-------------------+---------+-------+---------+----------| 
     | datapath/MEMWB_memToReg_reg | CK ^              |         |       |   0.187 |    2.478 | 
     | datapath/MEMWB_memToReg_reg | CK ^ -> Q ^       | DFFR_X1 | 0.118 |   0.305 |    2.596 | 
     | datapath/FE_OFC635_n_1340   | A ^ -> ZN v       | INV_X4  | 0.026 |   0.331 |    2.622 | 
     | datapath/g26804             | S v -> Z ^        | MUX2_X2 | 0.148 |   0.479 |    2.770 | 
     |                             | dbg_wb_data[20] ^ |         | 0.000 |   0.479 |    2.770 | 
     +----------------------------------------------------------------------------------------+ 
Path 20: MET Late External Delay Assertion 
Endpoint:   dbg_wb_data[16]               (^) checked with  leading edge of 
'clk'
Beginpoint: datapath/MEMWB_memToReg_reg/Q (^) triggered by  leading edge of 
'clk'
Path Groups: {clk}
Analysis View: RPT_TYP
Other End Arrival Time          0.000
- External Delay                1.230
+ Phase Shift                   4.100
+ CPPR Adjustment               0.000
- Uncertainty                   0.100
= Required Time                 2.770
- Arrival Time                  0.474
= Slack Time                    2.296
     Clock Rise Edge                 0.000
     + Clock Network Latency (Prop)  0.187
     = Beginpoint Arrival Time       0.187
     +----------------------------------------------------------------------------------------+ 
     |          Instance           |        Arc        |  Cell   | Delay | Arrival | Required | 
     |                             |                   |         |       |  Time   |   Time   | 
     |-----------------------------+-------------------+---------+-------+---------+----------| 
     | datapath/MEMWB_memToReg_reg | CK ^              |         |       |   0.187 |    2.483 | 
     | datapath/MEMWB_memToReg_reg | CK ^ -> Q ^       | DFFR_X1 | 0.118 |   0.305 |    2.600 | 
     | datapath/FE_OFC635_n_1340   | A ^ -> ZN v       | INV_X4  | 0.026 |   0.331 |    2.627 | 
     | datapath/g26796             | S v -> Z ^        | MUX2_X2 | 0.144 |   0.474 |    2.770 | 
     |                             | dbg_wb_data[16] ^ |         | 0.000 |   0.474 |    2.770 | 
     +----------------------------------------------------------------------------------------+ 
Path 21: MET Late External Delay Assertion 
Endpoint:   dbg_wb_data[14]               (^) checked with  leading edge of 
'clk'
Beginpoint: datapath/MEMWB_memToReg_reg/Q (v) triggered by  leading edge of 
'clk'
Path Groups: {clk}
Analysis View: RPT_TYP
Other End Arrival Time          0.000
- External Delay                1.230
+ Phase Shift                   4.100
+ CPPR Adjustment               0.000
- Uncertainty                   0.100
= Required Time                 2.770
- Arrival Time                  0.474
= Slack Time                    2.296
     Clock Rise Edge                 0.000
     + Clock Network Latency (Prop)  0.187
     = Beginpoint Arrival Time       0.187
     +----------------------------------------------------------------------------------------+ 
     |          Instance           |        Arc        |  Cell   | Delay | Arrival | Required | 
     |                             |                   |         |       |  Time   |   Time   | 
     |-----------------------------+-------------------+---------+-------+---------+----------| 
     | datapath/MEMWB_memToReg_reg | CK ^              |         |       |   0.187 |    2.483 | 
     | datapath/MEMWB_memToReg_reg | CK ^ -> Q v       | DFFR_X1 | 0.098 |   0.285 |    2.582 | 
     | datapath/FE_OFC635_n_1340   | A v -> ZN ^       | INV_X4  | 0.046 |   0.332 |    2.628 | 
     | datapath/g26799             | S ^ -> Z v        | MUX2_X1 | 0.092 |   0.424 |    2.720 | 
     | datapath/FE_DBTC17_n_70     | A v -> ZN ^       | INV_X4  | 0.050 |   0.474 |    2.770 | 
     |                             | dbg_wb_data[14] ^ |         | 0.000 |   0.474 |    2.770 | 
     +----------------------------------------------------------------------------------------+ 
Path 22: MET Late External Delay Assertion 
Endpoint:   dbg_wb_data[15]               (^) checked with  leading edge of 
'clk'
Beginpoint: datapath/MEMWB_memToReg_reg/Q (v) triggered by  leading edge of 
'clk'
Path Groups: {clk}
Analysis View: RPT_TYP
Other End Arrival Time          0.000
- External Delay                1.230
+ Phase Shift                   4.100
+ CPPR Adjustment               0.000
- Uncertainty                   0.100
= Required Time                 2.770
- Arrival Time                  0.473
= Slack Time                    2.297
     Clock Rise Edge                 0.000
     + Clock Network Latency (Prop)  0.187
     = Beginpoint Arrival Time       0.187
     +----------------------------------------------------------------------------------------+ 
     |          Instance           |        Arc        |  Cell   | Delay | Arrival | Required | 
     |                             |                   |         |       |  Time   |   Time   | 
     |-----------------------------+-------------------+---------+-------+---------+----------| 
     | datapath/MEMWB_memToReg_reg | CK ^              |         |       |   0.187 |    2.484 | 
     | datapath/MEMWB_memToReg_reg | CK ^ -> Q v       | DFFR_X1 | 0.098 |   0.285 |    2.582 | 
     | datapath/FE_OFC635_n_1340   | A v -> ZN ^       | INV_X4  | 0.046 |   0.332 |    2.629 | 
     | datapath/g26798             | S ^ -> Z v        | MUX2_X1 | 0.095 |   0.427 |    2.723 | 
     | datapath/FE_DBTC18_n_121    | A v -> ZN ^       | INV_X4  | 0.047 |   0.473 |    2.770 | 
     |                             | dbg_wb_data[15] ^ |         | 0.000 |   0.473 |    2.770 | 
     +----------------------------------------------------------------------------------------+ 
Path 23: MET Late External Delay Assertion 
Endpoint:   dbg_wb_data[8]                (^) checked with  leading edge of 
'clk'
Beginpoint: datapath/MEMWB_memToReg_reg/Q (v) triggered by  leading edge of 
'clk'
Path Groups: {clk}
Analysis View: RPT_TYP
Other End Arrival Time          0.000
- External Delay                1.230
+ Phase Shift                   4.100
+ CPPR Adjustment               0.000
- Uncertainty                   0.100
= Required Time                 2.770
- Arrival Time                  0.471
= Slack Time                    2.299
     Clock Rise Edge                 0.000
     + Clock Network Latency (Prop)  0.187
     = Beginpoint Arrival Time       0.187
     +---------------------------------------------------------------------------------------+ 
     |          Instance           |       Arc        |  Cell   | Delay | Arrival | Required | 
     |                             |                  |         |       |  Time   |   Time   | 
     |-----------------------------+------------------+---------+-------+---------+----------| 
     | datapath/MEMWB_memToReg_reg | CK ^             |         |       |   0.187 |    2.485 | 
     | datapath/MEMWB_memToReg_reg | CK ^ -> Q v      | DFFR_X1 | 0.098 |   0.285 |    2.584 | 
     | datapath/FE_OFC635_n_1340   | A v -> ZN ^      | INV_X4  | 0.046 |   0.332 |    2.630 | 
     | datapath/g26806             | S ^ -> Z v       | MUX2_X1 | 0.092 |   0.424 |    2.723 | 
     | datapath/FE_OFC751_n_88     | A v -> ZN ^      | INV_X4  | 0.047 |   0.471 |    2.770 | 
     |                             | dbg_wb_data[8] ^ |         | 0.000 |   0.471 |    2.770 | 
     +---------------------------------------------------------------------------------------+ 
Path 24: MET Late External Delay Assertion 
Endpoint:   dbg_wb_data[17]               (^) checked with  leading edge of 
'clk'
Beginpoint: datapath/MEMWB_memToReg_reg/Q (^) triggered by  leading edge of 
'clk'
Path Groups: {clk}
Analysis View: RPT_TYP
Other End Arrival Time          0.000
- External Delay                1.230
+ Phase Shift                   4.100
+ CPPR Adjustment               0.000
- Uncertainty                   0.100
= Required Time                 2.770
- Arrival Time                  0.471
= Slack Time                    2.299
     Clock Rise Edge                 0.000
     + Clock Network Latency (Prop)  0.187
     = Beginpoint Arrival Time       0.187
     +----------------------------------------------------------------------------------------+ 
     |          Instance           |        Arc        |  Cell   | Delay | Arrival | Required | 
     |                             |                   |         |       |  Time   |   Time   | 
     |-----------------------------+-------------------+---------+-------+---------+----------| 
     | datapath/MEMWB_memToReg_reg | CK ^              |         |       |   0.187 |    2.485 | 
     | datapath/MEMWB_memToReg_reg | CK ^ -> Q ^       | DFFR_X1 | 0.118 |   0.305 |    2.603 | 
     | datapath/FE_OFC635_n_1340   | A ^ -> ZN v       | INV_X4  | 0.026 |   0.331 |    2.629 | 
     | datapath/g26794             | S v -> Z ^        | MUX2_X2 | 0.141 |   0.471 |    2.770 | 
     |                             | dbg_wb_data[17] ^ |         | 0.000 |   0.471 |    2.770 | 
     +----------------------------------------------------------------------------------------+ 
Path 25: MET Late External Delay Assertion 
Endpoint:   dbg_wb_data[12]               (^) checked with  leading edge of 
'clk'
Beginpoint: datapath/MEMWB_memToReg_reg/Q (v) triggered by  leading edge of 
'clk'
Path Groups: {clk}
Analysis View: RPT_TYP
Other End Arrival Time          0.000
- External Delay                1.230
+ Phase Shift                   4.100
+ CPPR Adjustment               0.000
- Uncertainty                   0.100
= Required Time                 2.770
- Arrival Time                  0.471
= Slack Time                    2.299
     Clock Rise Edge                 0.000
     + Clock Network Latency (Prop)  0.187
     = Beginpoint Arrival Time       0.187
     +----------------------------------------------------------------------------------------+ 
     |          Instance           |        Arc        |  Cell   | Delay | Arrival | Required | 
     |                             |                   |         |       |  Time   |   Time   | 
     |-----------------------------+-------------------+---------+-------+---------+----------| 
     | datapath/MEMWB_memToReg_reg | CK ^              |         |       |   0.187 |    2.486 | 
     | datapath/MEMWB_memToReg_reg | CK ^ -> Q v       | DFFR_X1 | 0.098 |   0.285 |    2.584 | 
     | datapath/FE_OFC635_n_1340   | A v -> ZN ^       | INV_X4  | 0.046 |   0.332 |    2.631 | 
     | datapath/g26802             | S ^ -> Z v        | MUX2_X1 | 0.093 |   0.425 |    2.723 | 
     | datapath/FE_OFC522_n_94     | A v -> ZN ^       | INV_X4  | 0.047 |   0.471 |    2.770 | 
     |                             | dbg_wb_data[12] ^ |         | 0.000 |   0.471 |    2.770 | 
     +----------------------------------------------------------------------------------------+ 
Path 26: MET Late External Delay Assertion 
Endpoint:   dbg_wb_data[10]               (^) checked with  leading edge of 
'clk'
Beginpoint: datapath/MEMWB_memToReg_reg/Q (v) triggered by  leading edge of 
'clk'
Path Groups: {clk}
Analysis View: RPT_TYP
Other End Arrival Time          0.000
- External Delay                1.230
+ Phase Shift                   4.100
+ CPPR Adjustment               0.000
- Uncertainty                   0.100
= Required Time                 2.770
- Arrival Time                  0.471
= Slack Time                    2.299
     Clock Rise Edge                 0.000
     + Clock Network Latency (Prop)  0.187
     = Beginpoint Arrival Time       0.187
     +----------------------------------------------------------------------------------------+ 
     |          Instance           |        Arc        |  Cell   | Delay | Arrival | Required | 
     |                             |                   |         |       |  Time   |   Time   | 
     |-----------------------------+-------------------+---------+-------+---------+----------| 
     | datapath/MEMWB_memToReg_reg | CK ^              |         |       |   0.187 |    2.486 | 
     | datapath/MEMWB_memToReg_reg | CK ^ -> Q v       | DFFR_X1 | 0.098 |   0.285 |    2.584 | 
     | datapath/FE_OFC635_n_1340   | A v -> ZN ^       | INV_X4  | 0.046 |   0.332 |    2.631 | 
     | datapath/g26807             | S ^ -> Z v        | MUX2_X1 | 0.092 |   0.424 |    2.723 | 
     | datapath/FE_OFC524_n_37     | A v -> ZN ^       | INV_X4  | 0.047 |   0.471 |    2.770 | 
     |                             | dbg_wb_data[10] ^ |         | 0.000 |   0.471 |    2.770 | 
     +----------------------------------------------------------------------------------------+ 
Path 27: MET Late External Delay Assertion 
Endpoint:   dbg_wb_data[6]                (^) checked with  leading edge of 
'clk'
Beginpoint: datapath/MEMWB_memToReg_reg/Q (v) triggered by  leading edge of 
'clk'
Path Groups: {clk}
Analysis View: RPT_TYP
Other End Arrival Time          0.000
- External Delay                1.230
+ Phase Shift                   4.100
+ CPPR Adjustment               0.000
- Uncertainty                   0.100
= Required Time                 2.770
- Arrival Time                  0.468
= Slack Time                    2.302
     Clock Rise Edge                 0.000
     + Clock Network Latency (Prop)  0.187
     = Beginpoint Arrival Time       0.187
     +---------------------------------------------------------------------------------------+ 
     |          Instance           |       Arc        |  Cell   | Delay | Arrival | Required | 
     |                             |                  |         |       |  Time   |   Time   | 
     |-----------------------------+------------------+---------+-------+---------+----------| 
     | datapath/MEMWB_memToReg_reg | CK ^             |         |       |   0.187 |    2.488 | 
     | datapath/MEMWB_memToReg_reg | CK ^ -> Q v      | DFFR_X1 | 0.098 |   0.285 |    2.587 | 
     | datapath/FE_OFC635_n_1340   | A v -> ZN ^      | INV_X4  | 0.046 |   0.332 |    2.633 | 
     | datapath/g26810             | S ^ -> Z v       | MUX2_X1 | 0.090 |   0.421 |    2.723 | 
     | datapath/FE_DBTC9_n_97      | A v -> ZN ^      | INV_X4  | 0.047 |   0.468 |    2.770 | 
     |                             | dbg_wb_data[6] ^ |         | 0.000 |   0.468 |    2.770 | 
     +---------------------------------------------------------------------------------------+ 
Path 28: MET Late External Delay Assertion 
Endpoint:   dbg_wb_data[4]                (^) checked with  leading edge of 
'clk'
Beginpoint: datapath/MEMWB_memToReg_reg/Q (v) triggered by  leading edge of 
'clk'
Path Groups: {clk}
Analysis View: RPT_TYP
Other End Arrival Time          0.000
- External Delay                1.230
+ Phase Shift                   4.100
+ CPPR Adjustment               0.000
- Uncertainty                   0.100
= Required Time                 2.770
- Arrival Time                  0.468
= Slack Time                    2.302
     Clock Rise Edge                 0.000
     + Clock Network Latency (Prop)  0.187
     = Beginpoint Arrival Time       0.187
     +-------------------------------------------------------------------------------------------+ 
     |            Instance            |       Arc        |   Cell   | Delay | Arrival | Required | 
     |                                |                  |          |       |  Time   |   Time   | 
     |--------------------------------+------------------+----------+-------+---------+----------| 
     | datapath/MEMWB_memToReg_reg    | CK ^             |          |       |   0.187 |    2.489 | 
     | datapath/MEMWB_memToReg_reg    | CK ^ -> Q v      | DFFR_X1  | 0.098 |   0.285 |    2.588 | 
     | datapath/FE_OFC635_n_1340      | A v -> ZN ^      | INV_X4   | 0.046 |   0.332 |    2.634 | 
     | datapath/FE_OFC758_n_1305      | A ^ -> ZN v      | INV_X1   | 0.013 |   0.345 |    2.647 | 
     | datapath/FE_RC_304_0           | A1 v -> ZN ^     | NAND2_X1 | 0.016 |   0.361 |    2.663 | 
     | datapath/FE_RC_303_0           | A1 ^ -> ZN v     | NAND2_X1 | 0.013 |   0.373 |    2.676 | 
     | datapath/FE_OFC492_n_664       | A v -> ZN ^      | INV_X1   | 0.027 |   0.400 |    2.703 | 
     | datapath/FE_OFC493_n_664       | A ^ -> ZN v      | INV_X1   | 0.024 |   0.424 |    2.727 | 
     | datapath/FE_OFC707_FE_RN_123_0 | A v -> ZN ^      | INV_X4   | 0.043 |   0.468 |    2.770 | 
     |                                | dbg_wb_data[4] ^ |          | 0.000 |   0.468 |    2.770 | 
     +-------------------------------------------------------------------------------------------+ 
Path 29: MET Late External Delay Assertion 
Endpoint:   dbg_wb_data[7]                (^) checked with  leading edge of 
'clk'
Beginpoint: datapath/MEMWB_memToReg_reg/Q (v) triggered by  leading edge of 
'clk'
Path Groups: {clk}
Analysis View: RPT_TYP
Other End Arrival Time          0.000
- External Delay                1.230
+ Phase Shift                   4.100
+ CPPR Adjustment               0.000
- Uncertainty                   0.100
= Required Time                 2.770
- Arrival Time                  0.461
= Slack Time                    2.309
     Clock Rise Edge                 0.000
     + Clock Network Latency (Prop)  0.187
     = Beginpoint Arrival Time       0.187
     +---------------------------------------------------------------------------------------+ 
     |          Instance           |       Arc        |  Cell   | Delay | Arrival | Required | 
     |                             |                  |         |       |  Time   |   Time   | 
     |-----------------------------+------------------+---------+-------+---------+----------| 
     | datapath/MEMWB_memToReg_reg | CK ^             |         |       |   0.187 |    2.496 | 
     | datapath/MEMWB_memToReg_reg | CK ^ -> Q v      | DFFR_X1 | 0.098 |   0.285 |    2.594 | 
     | datapath/FE_OFC635_n_1340   | A v -> ZN ^      | INV_X4  | 0.046 |   0.332 |    2.641 | 
     | datapath/g26809             | S ^ -> Z v       | MUX2_X1 | 0.090 |   0.422 |    2.730 | 
     | datapath/FE_OFC748_n_76     | A v -> ZN ^      | INV_X4  | 0.039 |   0.461 |    2.770 | 
     |                             | dbg_wb_data[7] ^ |         | 0.000 |   0.461 |    2.770 | 
     +---------------------------------------------------------------------------------------+ 
Path 30: MET Late External Delay Assertion 
Endpoint:   dbg_wb_data[2]                 (^) checked with  leading edge of 
'clk'
Beginpoint: datapath/MEMWB_memToReg_reg/QN (v) triggered by  leading edge of 
'clk'
Path Groups: {clk}
Analysis View: RPT_TYP
Other End Arrival Time          0.000
- External Delay                1.230
+ Phase Shift                   4.100
+ CPPR Adjustment               0.000
- Uncertainty                   0.100
= Required Time                 2.770
- Arrival Time                  0.452
= Slack Time                    2.318
     Clock Rise Edge                 0.000
     + Clock Network Latency (Prop)  0.187
     = Beginpoint Arrival Time       0.187
     +-------------------------------------------------------------------------------------------+ 
     |           Instance            |       Arc        |   Cell    | Delay | Arrival | Required | 
     |                               |                  |           |       |  Time   |   Time   | 
     |-------------------------------+------------------+-----------+-------+---------+----------| 
     | datapath/MEMWB_memToReg_reg   | CK ^             |           |       |   0.187 |    2.504 | 
     | datapath/MEMWB_memToReg_reg   | CK ^ -> QN v     | DFFR_X1   | 0.089 |   0.276 |    2.594 | 
     | datapath/FE_RC_371_0          | A1 v -> ZN ^     | NAND2_X1  | 0.021 |   0.297 |    2.615 | 
     | datapath/FE_RC_370_0          | A ^ -> ZN v      | OAI21_X1  | 0.020 |   0.317 |    2.635 | 
     | datapath/FE_OFC586_n_106      | A v -> ZN ^      | INV_X1    | 0.051 |   0.368 |    2.686 | 
     | datapath/FE_OFC726_FE_RN_11_0 | A ^ -> Z ^       | CLKBUF_X3 | 0.084 |   0.452 |    2.770 | 
     |                               | dbg_wb_data[2] ^ |           | 0.000 |   0.452 |    2.770 | 
     +-------------------------------------------------------------------------------------------+ 
Path 31: MET Late External Delay Assertion 
Endpoint:   dbg_wb_data[0]                 (^) checked with  leading edge of 
'clk'
Beginpoint: datapath/MEMWB_memToReg_reg/QN (v) triggered by  leading edge of 
'clk'
Path Groups: {clk}
Analysis View: RPT_TYP
Other End Arrival Time          0.000
- External Delay                1.230
+ Phase Shift                   4.100
+ CPPR Adjustment               0.000
- Uncertainty                   0.100
= Required Time                 2.770
- Arrival Time                  0.432
= Slack Time                    2.338
     Clock Rise Edge                 0.000
     + Clock Network Latency (Prop)  0.187
     = Beginpoint Arrival Time       0.187
     +-----------------------------------------------------------------------------------------------+ 
     |             Instance              |       Arc        |   Cell    | Delay | Arrival | Required | 
     |                                   |                  |           |       |  Time   |   Time   | 
     |-----------------------------------+------------------+-----------+-------+---------+----------| 
     | datapath/MEMWB_memToReg_reg       | CK ^             |           |       |   0.187 |    2.525 | 
     | datapath/MEMWB_memToReg_reg       | CK ^ -> QN v     | DFFR_X1   | 0.089 |   0.276 |    2.615 | 
     | datapath/FE_OFC589_MEMWB_memToReg | A v -> ZN ^      | INV_X1    | 0.024 |   0.300 |    2.638 | 
     | datapath/FE_RC_284_0              | A2 ^ -> ZN v     | NAND2_X1  | 0.018 |   0.318 |    2.656 | 
     | datapath/FE_RC_296_0              | A2 v -> ZN ^     | NAND2_X2  | 0.029 |   0.347 |    2.686 | 
     | datapath/FE_OFC515_FE_RN_155_0    | A ^ -> Z ^       | CLKBUF_X3 | 0.084 |   0.432 |    2.770 | 
     |                                   | dbg_wb_data[0] ^ |           | 0.000 |   0.432 |    2.770 | 
     +-----------------------------------------------------------------------------------------------+ 
Path 32: MET Late External Delay Assertion 
Endpoint:   dbg_wb_data[1]                 (^) checked with  leading edge of 
'clk'
Beginpoint: datapath/MEMWB_memToReg_reg/QN (v) triggered by  leading edge of 
'clk'
Path Groups: {clk}
Analysis View: RPT_TYP
Other End Arrival Time          0.000
- External Delay                1.230
+ Phase Shift                   4.100
+ CPPR Adjustment               0.000
- Uncertainty                   0.100
= Required Time                 2.770
- Arrival Time                  0.400
= Slack Time                    2.370
     Clock Rise Edge                 0.000
     + Clock Network Latency (Prop)  0.187
     = Beginpoint Arrival Time       0.187
     +----------------------------------------------------------------------------------------------+ 
     |             Instance              |       Arc        |   Cell   | Delay | Arrival | Required | 
     |                                   |                  |          |       |  Time   |   Time   | 
     |-----------------------------------+------------------+----------+-------+---------+----------| 
     | datapath/MEMWB_memToReg_reg       | CK ^             |          |       |   0.187 |    2.557 | 
     | datapath/MEMWB_memToReg_reg       | CK ^ -> QN v     | DFFR_X1  | 0.089 |   0.276 |    2.647 | 
     | datapath/FE_OFC589_MEMWB_memToReg | A v -> ZN ^      | INV_X1   | 0.024 |   0.300 |    2.670 | 
     | datapath/FE_RC_290_0              | A1 ^ -> ZN v     | NAND2_X1 | 0.014 |   0.314 |    2.684 | 
     | datapath/FE_RC_289_0              | A1 v -> ZN ^     | NAND2_X1 | 0.024 |   0.337 |    2.708 | 
     | datapath/FE_OFC519_FE_RN_161_0    | A ^ -> ZN v      | INV_X1   | 0.017 |   0.354 |    2.725 | 
     | datapath/FE_OFC712_n_656          | A v -> ZN ^      | INV_X4   | 0.045 |   0.400 |    2.770 | 
     |                                   | dbg_wb_data[1] ^ |          | 0.000 |   0.400 |    2.770 | 
     +----------------------------------------------------------------------------------------------+ 
Path 33: MET Late External Delay Assertion 
Endpoint:   dmem_addr[3]                      (^) checked with  leading edge of 
'clk'
Beginpoint: datapath/EXMEM_aluResult_reg[3]/Q (^) triggered by  leading edge of 
'clk'
Path Groups: {clk}
Analysis View: RPT_TYP
Other End Arrival Time          0.000
- External Delay                1.230
+ Phase Shift                   4.100
+ CPPR Adjustment               0.000
- Uncertainty                   0.100
= Required Time                 2.770
- Arrival Time                  0.332
= Slack Time                    2.438
     Clock Rise Edge                 0.000
     + Clock Network Latency (Prop)  0.197
     = Beginpoint Arrival Time       0.197
     +-----------------------------------------------------------------------------------------+ 
     |            Instance             |      Arc       |  Cell   | Delay | Arrival | Required | 
     |                                 |                |         |       |  Time   |   Time   | 
     |---------------------------------+----------------+---------+-------+---------+----------| 
     | datapath/EXMEM_aluResult_reg[3] | CK ^           |         |       |   0.197 |    2.635 | 
     | datapath/EXMEM_aluResult_reg[3] | CK ^ -> Q ^    | DFFR_X1 | 0.134 |   0.332 |    2.770 | 
     |                                 | dmem_addr[3] ^ |         | 0.000 |   0.332 |    2.770 | 
     +-----------------------------------------------------------------------------------------+ 
Path 34: MET Late External Delay Assertion 
Endpoint:   dbg_pc[31]               (^) checked with  leading edge of 'clk'
Beginpoint: datapath/IF_pc_reg[31]/Q (^) triggered by  leading edge of 'clk'
Path Groups: {clk}
Analysis View: RPT_TYP
Other End Arrival Time          0.000
- External Delay                1.230
+ Phase Shift                   4.100
+ CPPR Adjustment               0.000
- Uncertainty                   0.100
= Required Time                 2.770
- Arrival Time                  0.332
= Slack Time                    2.438
     Clock Rise Edge                 0.000
     + Clock Network Latency (Prop)  0.192
     = Beginpoint Arrival Time       0.192
     +------------------------------------------------------------------------------+ 
     |        Instance        |     Arc      |  Cell   | Delay | Arrival | Required | 
     |                        |              |         |       |  Time   |   Time   | 
     |------------------------+--------------+---------+-------+---------+----------| 
     | datapath/IF_pc_reg[31] | CK ^         |         |       |   0.192 |    2.630 | 
     | datapath/IF_pc_reg[31] | CK ^ -> Q ^  | DFFR_X2 | 0.140 |   0.331 |    2.770 | 
     |                        | dbg_pc[31] ^ |         | 0.000 |   0.332 |    2.770 | 
     +------------------------------------------------------------------------------+ 
Path 35: MET Late External Delay Assertion 
Endpoint:   imem_addr[31]            (^) checked with  leading edge of 'clk'
Beginpoint: datapath/IF_pc_reg[31]/Q (^) triggered by  leading edge of 'clk'
Path Groups: {clk}
Analysis View: RPT_TYP
Other End Arrival Time          0.000
- External Delay                1.230
+ Phase Shift                   4.100
+ CPPR Adjustment               0.000
- Uncertainty                   0.100
= Required Time                 2.770
- Arrival Time                  0.332
= Slack Time                    2.438
     Clock Rise Edge                 0.000
     + Clock Network Latency (Prop)  0.192
     = Beginpoint Arrival Time       0.192
     +---------------------------------------------------------------------------------+ 
     |        Instance        |       Arc       |  Cell   | Delay | Arrival | Required | 
     |                        |                 |         |       |  Time   |   Time   | 
     |------------------------+-----------------+---------+-------+---------+----------| 
     | datapath/IF_pc_reg[31] | CK ^            |         |       |   0.192 |    2.630 | 
     | datapath/IF_pc_reg[31] | CK ^ -> Q ^     | DFFR_X2 | 0.140 |   0.331 |    2.770 | 
     |                        | imem_addr[31] ^ |         | 0.000 |   0.332 |    2.770 | 
     +---------------------------------------------------------------------------------+ 
Path 36: MET Late External Delay Assertion 
Endpoint:   dmem_addr[0]                      (^) checked with  leading edge of 
'clk'
Beginpoint: datapath/EXMEM_aluResult_reg[0]/Q (^) triggered by  leading edge of 
'clk'
Path Groups: {clk}
Analysis View: RPT_TYP
Other End Arrival Time          0.000
- External Delay                1.230
+ Phase Shift                   4.100
+ CPPR Adjustment               0.000
- Uncertainty                   0.100
= Required Time                 2.770
- Arrival Time                  0.330
= Slack Time                    2.440
     Clock Rise Edge                 0.000
     + Clock Network Latency (Prop)  0.187
     = Beginpoint Arrival Time       0.187
     +-----------------------------------------------------------------------------------------+ 
     |            Instance             |      Arc       |  Cell   | Delay | Arrival | Required | 
     |                                 |                |         |       |  Time   |   Time   | 
     |---------------------------------+----------------+---------+-------+---------+----------| 
     | datapath/EXMEM_aluResult_reg[0] | CK ^           |         |       |   0.187 |    2.627 | 
     | datapath/EXMEM_aluResult_reg[0] | CK ^ -> Q ^    | DFFR_X2 | 0.143 |   0.330 |    2.770 | 
     |                                 | dmem_addr[0] ^ |         | 0.000 |   0.330 |    2.770 | 
     +-----------------------------------------------------------------------------------------+ 
Path 37: MET Late External Delay Assertion 
Endpoint:   dmem_addr[30]                      (^) checked with  leading edge 
of 'clk'
Beginpoint: datapath/EXMEM_aluResult_reg[30]/Q (^) triggered by  leading edge 
of 'clk'
Path Groups: {clk}
Analysis View: RPT_TYP
Other End Arrival Time          0.000
- External Delay                1.230
+ Phase Shift                   4.100
+ CPPR Adjustment               0.000
- Uncertainty                   0.100
= Required Time                 2.770
- Arrival Time                  0.325
= Slack Time                    2.445
     Clock Rise Edge                 0.000
     + Clock Network Latency (Prop)  0.193
     = Beginpoint Arrival Time       0.193
     +-------------------------------------------------------------------------------------------+ 
     |             Instance             |       Arc       |  Cell   | Delay | Arrival | Required | 
     |                                  |                 |         |       |  Time   |   Time   | 
     |----------------------------------+-----------------+---------+-------+---------+----------| 
     | datapath/EXMEM_aluResult_reg[30] | CK ^            |         |       |   0.193 |    2.638 | 
     | datapath/EXMEM_aluResult_reg[30] | CK ^ -> Q ^     | DFFR_X1 | 0.132 |   0.325 |    2.770 | 
     |                                  | dmem_addr[30] ^ |         | 0.000 |   0.325 |    2.770 | 
     +-------------------------------------------------------------------------------------------+ 
Path 38: MET Late External Delay Assertion 
Endpoint:   dmem_addr[25]                      (^) checked with  leading edge 
of 'clk'
Beginpoint: datapath/EXMEM_aluResult_reg[25]/Q (^) triggered by  leading edge 
of 'clk'
Path Groups: {clk}
Analysis View: RPT_TYP
Other End Arrival Time          0.000
- External Delay                1.230
+ Phase Shift                   4.100
+ CPPR Adjustment               0.000
- Uncertainty                   0.100
= Required Time                 2.770
- Arrival Time                  0.324
= Slack Time                    2.446
     Clock Rise Edge                 0.000
     + Clock Network Latency (Prop)  0.193
     = Beginpoint Arrival Time       0.193
     +-------------------------------------------------------------------------------------------+ 
     |             Instance             |       Arc       |  Cell   | Delay | Arrival | Required | 
     |                                  |                 |         |       |  Time   |   Time   | 
     |----------------------------------+-----------------+---------+-------+---------+----------| 
     | datapath/EXMEM_aluResult_reg[25] | CK ^            |         |       |   0.193 |    2.639 | 
     | datapath/EXMEM_aluResult_reg[25] | CK ^ -> Q ^     | DFFR_X1 | 0.131 |   0.324 |    2.770 | 
     |                                  | dmem_addr[25] ^ |         | 0.000 |   0.324 |    2.770 | 
     +-------------------------------------------------------------------------------------------+ 
Path 39: MET Late External Delay Assertion 
Endpoint:   dbg_pc[26]               (^) checked with  leading edge of 'clk'
Beginpoint: datapath/IF_pc_reg[26]/Q (^) triggered by  leading edge of 'clk'
Path Groups: {clk}
Analysis View: RPT_TYP
Other End Arrival Time          0.000
- External Delay                1.230
+ Phase Shift                   4.100
+ CPPR Adjustment               0.000
- Uncertainty                   0.100
= Required Time                 2.770
- Arrival Time                  0.323
= Slack Time                    2.447
     Clock Rise Edge                 0.000
     + Clock Network Latency (Prop)  0.191
     = Beginpoint Arrival Time       0.191
     +--------------------------------------------------------------------------------+ 
     |        Instance        |     Arc      |   Cell    | Delay | Arrival | Required | 
     |                        |              |           |       |  Time   |   Time   | 
     |------------------------+--------------+-----------+-------+---------+----------| 
     | datapath/IF_pc_reg[26] | CK ^         |           |       |   0.192 |    2.638 | 
     | datapath/IF_pc_reg[26] | CK ^ -> Q ^  | SDFFRS_X1 | 0.132 |   0.323 |    2.770 | 
     |                        | dbg_pc[26] ^ |           | 0.000 |   0.323 |    2.770 | 
     +--------------------------------------------------------------------------------+ 
Path 40: MET Late External Delay Assertion 
Endpoint:   imem_addr[26]            (^) checked with  leading edge of 'clk'
Beginpoint: datapath/IF_pc_reg[26]/Q (^) triggered by  leading edge of 'clk'
Path Groups: {clk}
Analysis View: RPT_TYP
Other End Arrival Time          0.000
- External Delay                1.230
+ Phase Shift                   4.100
+ CPPR Adjustment               0.000
- Uncertainty                   0.100
= Required Time                 2.770
- Arrival Time                  0.323
= Slack Time                    2.447
     Clock Rise Edge                 0.000
     + Clock Network Latency (Prop)  0.191
     = Beginpoint Arrival Time       0.191
     +-----------------------------------------------------------------------------------+ 
     |        Instance        |       Arc       |   Cell    | Delay | Arrival | Required | 
     |                        |                 |           |       |  Time   |   Time   | 
     |------------------------+-----------------+-----------+-------+---------+----------| 
     | datapath/IF_pc_reg[26] | CK ^            |           |       |   0.192 |    2.638 | 
     | datapath/IF_pc_reg[26] | CK ^ -> Q ^     | SDFFRS_X1 | 0.132 |   0.323 |    2.770 | 
     |                        | imem_addr[26] ^ |           | 0.000 |   0.323 |    2.770 | 
     +-----------------------------------------------------------------------------------+ 
Path 41: MET Late External Delay Assertion 
Endpoint:   dmem_addr[26]                      (^) checked with  leading edge 
of 'clk'
Beginpoint: datapath/EXMEM_aluResult_reg[26]/Q (^) triggered by  leading edge 
of 'clk'
Path Groups: {clk}
Analysis View: RPT_TYP
Other End Arrival Time          0.000
- External Delay                1.230
+ Phase Shift                   4.100
+ CPPR Adjustment               0.000
- Uncertainty                   0.100
= Required Time                 2.770
- Arrival Time                  0.323
= Slack Time                    2.447
     Clock Rise Edge                 0.000
     + Clock Network Latency (Prop)  0.193
     = Beginpoint Arrival Time       0.193
     +-------------------------------------------------------------------------------------------+ 
     |             Instance             |       Arc       |  Cell   | Delay | Arrival | Required | 
     |                                  |                 |         |       |  Time   |   Time   | 
     |----------------------------------+-----------------+---------+-------+---------+----------| 
     | datapath/EXMEM_aluResult_reg[26] | CK ^            |         |       |   0.193 |    2.640 | 
     | datapath/EXMEM_aluResult_reg[26] | CK ^ -> Q ^     | DFFR_X1 | 0.130 |   0.323 |    2.770 | 
     |                                  | dmem_addr[26] ^ |         | 0.000 |   0.323 |    2.770 | 
     +-------------------------------------------------------------------------------------------+ 
Path 42: MET Late External Delay Assertion 
Endpoint:   dmem_addr[27]                      (^) checked with  leading edge 
of 'clk'
Beginpoint: datapath/EXMEM_aluResult_reg[27]/Q (^) triggered by  leading edge 
of 'clk'
Path Groups: {clk}
Analysis View: RPT_TYP
Other End Arrival Time          0.000
- External Delay                1.230
+ Phase Shift                   4.100
+ CPPR Adjustment               0.000
- Uncertainty                   0.100
= Required Time                 2.770
- Arrival Time                  0.323
= Slack Time                    2.447
     Clock Rise Edge                 0.000
     + Clock Network Latency (Prop)  0.193
     = Beginpoint Arrival Time       0.193
     +-------------------------------------------------------------------------------------------+ 
     |             Instance             |       Arc       |  Cell   | Delay | Arrival | Required | 
     |                                  |                 |         |       |  Time   |   Time   | 
     |----------------------------------+-----------------+---------+-------+---------+----------| 
     | datapath/EXMEM_aluResult_reg[27] | CK ^            |         |       |   0.193 |    2.640 | 
     | datapath/EXMEM_aluResult_reg[27] | CK ^ -> Q ^     | DFFR_X1 | 0.130 |   0.323 |    2.770 | 
     |                                  | dmem_addr[27] ^ |         | 0.000 |   0.323 |    2.770 | 
     +-------------------------------------------------------------------------------------------+ 
Path 43: MET Late External Delay Assertion 
Endpoint:   dmem_addr[1]                      (^) checked with  leading edge of 
'clk'
Beginpoint: datapath/EXMEM_aluResult_reg[1]/Q (^) triggered by  leading edge of 
'clk'
Path Groups: {clk}
Analysis View: RPT_TYP
Other End Arrival Time          0.000
- External Delay                1.230
+ Phase Shift                   4.100
+ CPPR Adjustment               0.000
- Uncertainty                   0.100
= Required Time                 2.770
- Arrival Time                  0.323
= Slack Time                    2.447
     Clock Rise Edge                 0.000
     + Clock Network Latency (Prop)  0.187
     = Beginpoint Arrival Time       0.187
     +-----------------------------------------------------------------------------------------+ 
     |            Instance             |      Arc       |  Cell   | Delay | Arrival | Required | 
     |                                 |                |         |       |  Time   |   Time   | 
     |---------------------------------+----------------+---------+-------+---------+----------| 
     | datapath/EXMEM_aluResult_reg[1] | CK ^           |         |       |   0.187 |    2.634 | 
     | datapath/EXMEM_aluResult_reg[1] | CK ^ -> Q ^    | DFFR_X1 | 0.136 |   0.323 |    2.770 | 
     |                                 | dmem_addr[1] ^ |         | 0.000 |   0.323 |    2.770 | 
     +-----------------------------------------------------------------------------------------+ 
Path 44: MET Late External Delay Assertion 
Endpoint:   dmem_addr[28]                      (^) checked with  leading edge 
of 'clk'
Beginpoint: datapath/EXMEM_aluResult_reg[28]/Q (^) triggered by  leading edge 
of 'clk'
Path Groups: {clk}
Analysis View: RPT_TYP
Other End Arrival Time          0.000
- External Delay                1.230
+ Phase Shift                   4.100
+ CPPR Adjustment               0.000
- Uncertainty                   0.100
= Required Time                 2.770
- Arrival Time                  0.322
= Slack Time                    2.448
     Clock Rise Edge                 0.000
     + Clock Network Latency (Prop)  0.193
     = Beginpoint Arrival Time       0.193
     +-------------------------------------------------------------------------------------------+ 
     |             Instance             |       Arc       |  Cell   | Delay | Arrival | Required | 
     |                                  |                 |         |       |  Time   |   Time   | 
     |----------------------------------+-----------------+---------+-------+---------+----------| 
     | datapath/EXMEM_aluResult_reg[28] | CK ^            |         |       |   0.193 |    2.641 | 
     | datapath/EXMEM_aluResult_reg[28] | CK ^ -> Q ^     | DFFR_X1 | 0.129 |   0.322 |    2.770 | 
     |                                  | dmem_addr[28] ^ |         | 0.000 |   0.322 |    2.770 | 
     +-------------------------------------------------------------------------------------------+ 
Path 45: MET Late External Delay Assertion 
Endpoint:   dmem_addr[29]                      (^) checked with  leading edge 
of 'clk'
Beginpoint: datapath/EXMEM_aluResult_reg[29]/Q (^) triggered by  leading edge 
of 'clk'
Path Groups: {clk}
Analysis View: RPT_TYP
Other End Arrival Time          0.000
- External Delay                1.230
+ Phase Shift                   4.100
+ CPPR Adjustment               0.000
- Uncertainty                   0.100
= Required Time                 2.770
- Arrival Time                  0.322
= Slack Time                    2.448
     Clock Rise Edge                 0.000
     + Clock Network Latency (Prop)  0.193
     = Beginpoint Arrival Time       0.193
     +-------------------------------------------------------------------------------------------+ 
     |             Instance             |       Arc       |  Cell   | Delay | Arrival | Required | 
     |                                  |                 |         |       |  Time   |   Time   | 
     |----------------------------------+-----------------+---------+-------+---------+----------| 
     | datapath/EXMEM_aluResult_reg[29] | CK ^            |         |       |   0.193 |    2.641 | 
     | datapath/EXMEM_aluResult_reg[29] | CK ^ -> Q ^     | DFFR_X1 | 0.129 |   0.322 |    2.770 | 
     |                                  | dmem_addr[29] ^ |         | 0.000 |   0.322 |    2.770 | 
     +-------------------------------------------------------------------------------------------+ 
Path 46: MET Late External Delay Assertion 
Endpoint:   dmem_addr[31]                      (^) checked with  leading edge 
of 'clk'
Beginpoint: datapath/EXMEM_aluResult_reg[31]/Q (^) triggered by  leading edge 
of 'clk'
Path Groups: {clk}
Analysis View: RPT_TYP
Other End Arrival Time          0.000
- External Delay                1.230
+ Phase Shift                   4.100
+ CPPR Adjustment               0.000
- Uncertainty                   0.100
= Required Time                 2.770
- Arrival Time                  0.320
= Slack Time                    2.450
     Clock Rise Edge                 0.000
     + Clock Network Latency (Prop)  0.193
     = Beginpoint Arrival Time       0.193
     +-------------------------------------------------------------------------------------------+ 
     |             Instance             |       Arc       |  Cell   | Delay | Arrival | Required | 
     |                                  |                 |         |       |  Time   |   Time   | 
     |----------------------------------+-----------------+---------+-------+---------+----------| 
     | datapath/EXMEM_aluResult_reg[31] | CK ^            |         |       |   0.193 |    2.642 | 
     | datapath/EXMEM_aluResult_reg[31] | CK ^ -> Q ^     | DFFR_X1 | 0.127 |   0.320 |    2.770 | 
     |                                  | dmem_addr[31] ^ |         | 0.000 |   0.320 |    2.770 | 
     +-------------------------------------------------------------------------------------------+ 
Path 47: MET Late External Delay Assertion 
Endpoint:   dmem_addr[2]                      (^) checked with  leading edge of 
'clk'
Beginpoint: datapath/EXMEM_aluResult_reg[2]/Q (^) triggered by  leading edge of 
'clk'
Path Groups: {clk}
Analysis View: RPT_TYP
Other End Arrival Time          0.000
- External Delay                1.230
+ Phase Shift                   4.100
+ CPPR Adjustment               0.000
- Uncertainty                   0.100
= Required Time                 2.770
- Arrival Time                  0.317
= Slack Time                    2.453
     Clock Rise Edge                 0.000
     + Clock Network Latency (Prop)  0.187
     = Beginpoint Arrival Time       0.187
     +-----------------------------------------------------------------------------------------+ 
     |            Instance             |      Arc       |  Cell   | Delay | Arrival | Required | 
     |                                 |                |         |       |  Time   |   Time   | 
     |---------------------------------+----------------+---------+-------+---------+----------| 
     | datapath/EXMEM_aluResult_reg[2] | CK ^           |         |       |   0.187 |    2.640 | 
     | datapath/EXMEM_aluResult_reg[2] | CK ^ -> Q ^    | DFFR_X1 | 0.130 |   0.317 |    2.770 | 
     |                                 | dmem_addr[2] ^ |         | 0.000 |   0.317 |    2.770 | 
     +-----------------------------------------------------------------------------------------+ 
Path 48: MET Late External Delay Assertion 
Endpoint:   dmem_addr[5]                      (^) checked with  leading edge of 
'clk'
Beginpoint: datapath/EXMEM_aluResult_reg[5]/Q (^) triggered by  leading edge of 
'clk'
Path Groups: {clk}
Analysis View: RPT_TYP
Other End Arrival Time          0.000
- External Delay                1.230
+ Phase Shift                   4.100
+ CPPR Adjustment               0.000
- Uncertainty                   0.100
= Required Time                 2.770
- Arrival Time                  0.317
= Slack Time                    2.453
     Clock Rise Edge                 0.000
     + Clock Network Latency (Prop)  0.193
     = Beginpoint Arrival Time       0.193
     +-----------------------------------------------------------------------------------------+ 
     |            Instance             |      Arc       |  Cell   | Delay | Arrival | Required | 
     |                                 |                |         |       |  Time   |   Time   | 
     |---------------------------------+----------------+---------+-------+---------+----------| 
     | datapath/EXMEM_aluResult_reg[5] | CK ^           |         |       |   0.194 |    2.647 | 
     | datapath/EXMEM_aluResult_reg[5] | CK ^ -> Q ^    | DFFR_X1 | 0.123 |   0.316 |    2.770 | 
     |                                 | dmem_addr[5] ^ |         | 0.000 |   0.317 |    2.770 | 
     +-----------------------------------------------------------------------------------------+ 
Path 49: MET Late External Delay Assertion 
Endpoint:   dbg_pc[28]               (^) checked with  leading edge of 'clk'
Beginpoint: datapath/IF_pc_reg[28]/Q (^) triggered by  leading edge of 'clk'
Path Groups: {clk}
Analysis View: RPT_TYP
Other End Arrival Time          0.000
- External Delay                1.230
+ Phase Shift                   4.100
+ CPPR Adjustment               0.000
- Uncertainty                   0.100
= Required Time                 2.770
- Arrival Time                  0.313
= Slack Time                    2.457
     Clock Rise Edge                 0.000
     + Clock Network Latency (Prop)  0.192
     = Beginpoint Arrival Time       0.192
     +------------------------------------------------------------------------------+ 
     |        Instance        |     Arc      |  Cell   | Delay | Arrival | Required | 
     |                        |              |         |       |  Time   |   Time   | 
     |------------------------+--------------+---------+-------+---------+----------| 
     | datapath/IF_pc_reg[28] | CK ^         |         |       |   0.192 |    2.649 | 
     | datapath/IF_pc_reg[28] | CK ^ -> Q ^  | DFFR_X1 | 0.121 |   0.312 |    2.770 | 
     |                        | dbg_pc[28] ^ |         | 0.000 |   0.313 |    2.770 | 
     +------------------------------------------------------------------------------+ 
Path 50: MET Late External Delay Assertion 
Endpoint:   imem_addr[28]            (^) checked with  leading edge of 'clk'
Beginpoint: datapath/IF_pc_reg[28]/Q (^) triggered by  leading edge of 'clk'
Path Groups: {clk}
Analysis View: RPT_TYP
Other End Arrival Time          0.000
- External Delay                1.230
+ Phase Shift                   4.100
+ CPPR Adjustment               0.000
- Uncertainty                   0.100
= Required Time                 2.770
- Arrival Time                  0.313
= Slack Time                    2.457
     Clock Rise Edge                 0.000
     + Clock Network Latency (Prop)  0.192
     = Beginpoint Arrival Time       0.192
     +---------------------------------------------------------------------------------+ 
     |        Instance        |       Arc       |  Cell   | Delay | Arrival | Required | 
     |                        |                 |         |       |  Time   |   Time   | 
     |------------------------+-----------------+---------+-------+---------+----------| 
     | datapath/IF_pc_reg[28] | CK ^            |         |       |   0.192 |    2.649 | 
     | datapath/IF_pc_reg[28] | CK ^ -> Q ^     | DFFR_X1 | 0.121 |   0.312 |    2.770 | 
     |                        | imem_addr[28] ^ |         | 0.000 |   0.313 |    2.770 | 
     +---------------------------------------------------------------------------------+ 

