###############################################################
#  Generated by:      Cadence Innovus 23.12-s091_1
#  OS:                Linux x86_64(Host ID nanohub-2907946-1)
#  Generated on:      Tue Aug 11 17:10:46 2026
#  Design:            pipelined_cpu_core
#  Command:           report_timing -late  -view RPT_FAST -max_paths 50 -nworst 1 > reports/40_setup_fast.rpt
###############################################################
Path 1: MET Late External Delay Assertion 
Endpoint:   dbg_wb_data[27]               (^) checked with  leading edge of 
'clk'
Beginpoint: datapath/MEMWB_memToReg_reg/Q (v) triggered by  leading edge of 
'clk'
Path Groups: {clk}
Analysis View: RPT_FAST
Other End Arrival Time          0.000
- External Delay                1.230
+ Phase Shift                   4.100
+ CPPR Adjustment               0.000
- Uncertainty                   0.100
= Required Time                 2.770
- Arrival Time                  0.343
= Slack Time                    2.427
     Clock Rise Edge                 0.000
     + Clock Network Latency (Prop)  0.127
     = Beginpoint Arrival Time       0.127
     +----------------------------------------------------------------------------------------+ 
     |          Instance           |        Arc        |  Cell   | Delay | Arrival | Required | 
     |                             |                   |         |       |  Time   |   Time   | 
     |-----------------------------+-------------------+---------+-------+---------+----------| 
     | datapath/MEMWB_memToReg_reg | CK ^              |         |       |   0.126 |    2.553 | 
     | datapath/MEMWB_memToReg_reg | CK ^ -> Q v       | DFFR_X1 | 0.061 |   0.187 |    2.614 | 
     | datapath/FE_OFC635_n_1340   | A v -> ZN ^       | INV_X4  | 0.024 |   0.211 |    2.638 | 
     | datapath/FE_OFC760_n_1305   | A ^ -> ZN v       | INV_X1  | 0.044 |   0.255 |    2.682 | 
     | datapath/g26760             | S v -> Z ^        | MUX2_X2 | 0.088 |   0.343 |    2.770 | 
     |                             | dbg_wb_data[27] ^ |         | 0.000 |   0.343 |    2.770 | 
     +----------------------------------------------------------------------------------------+ 
Path 2: MET Late External Delay Assertion 
Endpoint:   dbg_wb_data[25]               (^) checked with  leading edge of 
'clk'
Beginpoint: datapath/MEMWB_memToReg_reg/Q (v) triggered by  leading edge of 
'clk'
Path Groups: {clk}
Analysis View: RPT_FAST
Other End Arrival Time          0.000
- External Delay                1.230
+ Phase Shift                   4.100
+ CPPR Adjustment               0.000
- Uncertainty                   0.100
= Required Time                 2.770
- Arrival Time                  0.342
= Slack Time                    2.428
     Clock Rise Edge                 0.000
     + Clock Network Latency (Prop)  0.127
     = Beginpoint Arrival Time       0.127
     +----------------------------------------------------------------------------------------+ 
     |          Instance           |        Arc        |  Cell   | Delay | Arrival | Required | 
     |                             |                   |         |       |  Time   |   Time   | 
     |-----------------------------+-------------------+---------+-------+---------+----------| 
     | datapath/MEMWB_memToReg_reg | CK ^              |         |       |   0.127 |    2.555 | 
     | datapath/MEMWB_memToReg_reg | CK ^ -> Q v       | DFFR_X1 | 0.061 |   0.187 |    2.616 | 
     | datapath/FE_OFC635_n_1340   | A v -> ZN ^       | INV_X4  | 0.024 |   0.211 |    2.640 | 
     | datapath/FE_OFC760_n_1305   | A ^ -> ZN v       | INV_X1  | 0.044 |   0.256 |    2.684 | 
     | datapath/g26761             | S v -> Z ^        | MUX2_X2 | 0.086 |   0.342 |    2.770 | 
     |                             | dbg_wb_data[25] ^ |         | 0.000 |   0.342 |    2.770 | 
     +----------------------------------------------------------------------------------------+ 
Path 3: MET Late External Delay Assertion 
Endpoint:   dbg_wb_data[31]               (^) checked with  leading edge of 
'clk'
Beginpoint: datapath/MEMWB_memToReg_reg/Q (v) triggered by  leading edge of 
'clk'
Path Groups: {clk}
Analysis View: RPT_FAST
Other End Arrival Time          0.000
- External Delay                1.230
+ Phase Shift                   4.100
+ CPPR Adjustment               0.000
- Uncertainty                   0.100
= Required Time                 2.770
- Arrival Time                  0.341
= Slack Time                    2.429
     Clock Rise Edge                 0.000
     + Clock Network Latency (Prop)  0.127
     = Beginpoint Arrival Time       0.127
     +----------------------------------------------------------------------------------------+ 
     |          Instance           |        Arc        |  Cell   | Delay | Arrival | Required | 
     |                             |                   |         |       |  Time   |   Time   | 
     |-----------------------------+-------------------+---------+-------+---------+----------| 
     | datapath/MEMWB_memToReg_reg | CK ^              |         |       |   0.127 |    2.555 | 
     | datapath/MEMWB_memToReg_reg | CK ^ -> Q v       | DFFR_X1 | 0.061 |   0.187 |    2.616 | 
     | datapath/FE_OFC635_n_1340   | A v -> ZN ^       | INV_X4  | 0.024 |   0.211 |    2.640 | 
     | datapath/FE_OFC760_n_1305   | A ^ -> ZN v       | INV_X1  | 0.044 |   0.256 |    2.684 | 
     | datapath/g26764             | S v -> Z ^        | MUX2_X2 | 0.086 |   0.341 |    2.770 | 
     |                             | dbg_wb_data[31] ^ |         | 0.000 |   0.341 |    2.770 | 
     +----------------------------------------------------------------------------------------+ 
Path 4: MET Late External Delay Assertion 
Endpoint:   dbg_wb_data[26]               (^) checked with  leading edge of 
'clk'
Beginpoint: datapath/MEMWB_memToReg_reg/Q (v) triggered by  leading edge of 
'clk'
Path Groups: {clk}
Analysis View: RPT_FAST
Other End Arrival Time          0.000
- External Delay                1.230
+ Phase Shift                   4.100
+ CPPR Adjustment               0.000
- Uncertainty                   0.100
= Required Time                 2.770
- Arrival Time                  0.339
= Slack Time                    2.431
     Clock Rise Edge                 0.000
     + Clock Network Latency (Prop)  0.127
     = Beginpoint Arrival Time       0.127
     +----------------------------------------------------------------------------------------+ 
     |          Instance           |        Arc        |  Cell   | Delay | Arrival | Required | 
     |                             |                   |         |       |  Time   |   Time   | 
     |-----------------------------+-------------------+---------+-------+---------+----------| 
     | datapath/MEMWB_memToReg_reg | CK ^              |         |       |   0.126 |    2.558 | 
     | datapath/MEMWB_memToReg_reg | CK ^ -> Q v       | DFFR_X1 | 0.061 |   0.187 |    2.619 | 
     | datapath/FE_OFC635_n_1340   | A v -> ZN ^       | INV_X4  | 0.024 |   0.211 |    2.642 | 
     | datapath/FE_OFC760_n_1305   | A ^ -> ZN v       | INV_X1  | 0.044 |   0.255 |    2.687 | 
     | datapath/g26766             | S v -> Z ^        | MUX2_X2 | 0.083 |   0.339 |    2.770 | 
     |                             | dbg_wb_data[26] ^ |         | 0.000 |   0.339 |    2.770 | 
     +----------------------------------------------------------------------------------------+ 
Path 5: MET Late External Delay Assertion 
Endpoint:   dbg_wb_data[29]               (^) checked with  leading edge of 
'clk'
Beginpoint: datapath/MEMWB_memToReg_reg/Q (v) triggered by  leading edge of 
'clk'
Path Groups: {clk}
Analysis View: RPT_FAST
Other End Arrival Time          0.000
- External Delay                1.230
+ Phase Shift                   4.100
+ CPPR Adjustment               0.000
- Uncertainty                   0.100
= Required Time                 2.770
- Arrival Time                  0.337
= Slack Time                    2.433
     Clock Rise Edge                 0.000
     + Clock Network Latency (Prop)  0.127
     = Beginpoint Arrival Time       0.127
     +----------------------------------------------------------------------------------------+ 
     |          Instance           |        Arc        |  Cell   | Delay | Arrival | Required | 
     |                             |                   |         |       |  Time   |   Time   | 
     |-----------------------------+-------------------+---------+-------+---------+----------| 
     | datapath/MEMWB_memToReg_reg | CK ^              |         |       |   0.126 |    2.560 | 
     | datapath/MEMWB_memToReg_reg | CK ^ -> Q v       | DFFR_X1 | 0.061 |   0.187 |    2.621 | 
     | datapath/FE_OFC635_n_1340   | A v -> ZN ^       | INV_X4  | 0.024 |   0.211 |    2.645 | 
     | datapath/FE_OFC760_n_1305   | A ^ -> ZN v       | INV_X1  | 0.044 |   0.255 |    2.689 | 
     | datapath/g26762             | S v -> Z ^        | MUX2_X2 | 0.081 |   0.337 |    2.770 | 
     |                             | dbg_wb_data[29] ^ |         | 0.000 |   0.337 |    2.770 | 
     +----------------------------------------------------------------------------------------+ 
Path 6: MET Late External Delay Assertion 
Endpoint:   dbg_wb_data[28]               (^) checked with  leading edge of 
'clk'
Beginpoint: datapath/MEMWB_memToReg_reg/Q (v) triggered by  leading edge of 
'clk'
Path Groups: {clk}
Analysis View: RPT_FAST
Other End Arrival Time          0.000
- External Delay                1.230
+ Phase Shift                   4.100
+ CPPR Adjustment               0.000
- Uncertainty                   0.100
= Required Time                 2.770
- Arrival Time                  0.336
= Slack Time                    2.434
     Clock Rise Edge                 0.000
     + Clock Network Latency (Prop)  0.127
     = Beginpoint Arrival Time       0.127
     +----------------------------------------------------------------------------------------+ 
     |          Instance           |        Arc        |  Cell   | Delay | Arrival | Required | 
     |                             |                   |         |       |  Time   |   Time   | 
     |-----------------------------+-------------------+---------+-------+---------+----------| 
     | datapath/MEMWB_memToReg_reg | CK ^              |         |       |   0.126 |    2.560 | 
     | datapath/MEMWB_memToReg_reg | CK ^ -> Q v       | DFFR_X1 | 0.061 |   0.187 |    2.621 | 
     | datapath/FE_OFC635_n_1340   | A v -> ZN ^       | INV_X4  | 0.024 |   0.211 |    2.645 | 
     | datapath/FE_OFC760_n_1305   | A ^ -> ZN v       | INV_X1  | 0.044 |   0.255 |    2.689 | 
     | datapath/g26763             | S v -> Z ^        | MUX2_X2 | 0.081 |   0.336 |    2.770 | 
     |                             | dbg_wb_data[28] ^ |         | 0.000 |   0.336 |    2.770 | 
     +----------------------------------------------------------------------------------------+ 
Path 7: MET Late External Delay Assertion 
Endpoint:   dbg_wb_data[30]               (^) checked with  leading edge of 
'clk'
Beginpoint: datapath/MEMWB_memToReg_reg/Q (v) triggered by  leading edge of 
'clk'
Path Groups: {clk}
Analysis View: RPT_FAST
Other End Arrival Time          0.000
- External Delay                1.230
+ Phase Shift                   4.100
+ CPPR Adjustment               0.000
- Uncertainty                   0.100
= Required Time                 2.770
- Arrival Time                  0.335
= Slack Time                    2.435
     Clock Rise Edge                 0.000
     + Clock Network Latency (Prop)  0.127
     = Beginpoint Arrival Time       0.127
     +----------------------------------------------------------------------------------------+ 
     |          Instance           |        Arc        |  Cell   | Delay | Arrival | Required | 
     |                             |                   |         |       |  Time   |   Time   | 
     |-----------------------------+-------------------+---------+-------+---------+----------| 
     | datapath/MEMWB_memToReg_reg | CK ^              |         |       |   0.126 |    2.561 | 
     | datapath/MEMWB_memToReg_reg | CK ^ -> Q v       | DFFR_X1 | 0.061 |   0.187 |    2.622 | 
     | datapath/FE_OFC635_n_1340   | A v -> ZN ^       | INV_X4  | 0.024 |   0.211 |    2.646 | 
     | datapath/FE_OFC760_n_1305   | A ^ -> ZN v       | INV_X1  | 0.044 |   0.256 |    2.691 | 
     | datapath/g26765             | S v -> Z ^        | MUX2_X2 | 0.079 |   0.335 |    2.770 | 
     |                             | dbg_wb_data[30] ^ |         | 0.000 |   0.335 |    2.770 | 
     +----------------------------------------------------------------------------------------+ 
Path 8: MET Late External Delay Assertion 
Endpoint:   dbg_wb_data[5]                (v) checked with  leading edge of 
'clk'
Beginpoint: datapath/MEMWB_memToReg_reg/Q (^) triggered by  leading edge of 
'clk'
Path Groups: {clk}
Analysis View: RPT_FAST
Other End Arrival Time          0.000
- External Delay                1.230
+ Phase Shift                   4.100
+ CPPR Adjustment               0.000
- Uncertainty                   0.100
= Required Time                 2.770
- Arrival Time                  0.331
= Slack Time                    2.439
     Clock Rise Edge                 0.000
     + Clock Network Latency (Prop)  0.127
     = Beginpoint Arrival Time       0.127
     +-----------------------------------------------------------------------------------------+ 
     |          Instance           |       Arc        |   Cell    | Delay | Arrival | Required | 
     |                             |                  |           |       |  Time   |   Time   | 
     |-----------------------------+------------------+-----------+-------+---------+----------| 
     | datapath/MEMWB_memToReg_reg | CK ^             |           |       |   0.127 |    2.565 | 
     | datapath/MEMWB_memToReg_reg | CK ^ -> Q ^      | DFFR_X1   | 0.067 |   0.194 |    2.632 | 
     | datapath/FE_OFC635_n_1340   | A ^ -> ZN v      | INV_X4    | 0.017 |   0.210 |    2.649 | 
     | datapath/FE_RC_374_0        | B1 v -> ZN ^     | OAI21_X1  | 0.054 |   0.264 |    2.703 | 
     | datapath/FE_OFC724_n_40     | A ^ -> ZN v      | INV_X1    | 0.015 |   0.279 |    2.718 | 
     | datapath/FE_OFC725_n_40     | A v -> Z v       | CLKBUF_X3 | 0.052 |   0.331 |    2.770 | 
     |                             | dbg_wb_data[5] v |           | 0.000 |   0.331 |    2.770 | 
     +-----------------------------------------------------------------------------------------+ 
Path 9: MET Late External Delay Assertion 
Endpoint:   dbg_wb_data[3]                (v) checked with  leading edge of 
'clk'
Beginpoint: datapath/MEMWB_memToReg_reg/Q (v) triggered by  leading edge of 
'clk'
Path Groups: {clk}
Analysis View: RPT_FAST
Other End Arrival Time          0.000
- External Delay                1.230
+ Phase Shift                   4.100
+ CPPR Adjustment               0.000
- Uncertainty                   0.100
= Required Time                 2.770
- Arrival Time                  0.311
= Slack Time                    2.459
     Clock Rise Edge                 0.000
     + Clock Network Latency (Prop)  0.127
     = Beginpoint Arrival Time       0.127
     +-----------------------------------------------------------------------------------------+ 
     |          Instance           |       Arc        |   Cell    | Delay | Arrival | Required | 
     |                             |                  |           |       |  Time   |   Time   | 
     |-----------------------------+------------------+-----------+-------+---------+----------| 
     | datapath/MEMWB_memToReg_reg | CK ^             |           |       |   0.127 |    2.586 | 
     | datapath/MEMWB_memToReg_reg | CK ^ -> Q v      | DFFR_X1   | 0.061 |   0.187 |    2.647 | 
     | datapath/FE_OFC635_n_1340   | A v -> ZN ^      | INV_X4    | 0.024 |   0.211 |    2.671 | 
     | datapath/FE_OFC759_n_1305   | A ^ -> ZN v      | INV_X1    | 0.011 |   0.222 |    2.681 | 
     | datapath/FE_RC_409_0        | A1 v -> ZN ^     | NAND2_X1  | 0.012 |   0.234 |    2.693 | 
     | datapath/FE_RC_408_0        | A2 ^ -> ZN v     | NAND2_X2  | 0.020 |   0.254 |    2.713 | 
     | datapath/FE_OFC706_n_660    | A v -> Z v       | CLKBUF_X3 | 0.057 |   0.311 |    2.770 | 
     |                             | dbg_wb_data[3] v |           | 0.000 |   0.311 |    2.770 | 
     +-----------------------------------------------------------------------------------------+ 
Path 10: MET Late External Delay Assertion 
Endpoint:   dbg_wb_data[19]               (^) checked with  leading edge of 
'clk'
Beginpoint: datapath/MEMWB_memToReg_reg/Q (v) triggered by  leading edge of 
'clk'
Path Groups: {clk}
Analysis View: RPT_FAST
Other End Arrival Time          0.000
- External Delay                1.230
+ Phase Shift                   4.100
+ CPPR Adjustment               0.000
- Uncertainty                   0.100
= Required Time                 2.770
- Arrival Time                  0.311
= Slack Time                    2.459
     Clock Rise Edge                 0.000
     + Clock Network Latency (Prop)  0.127
     = Beginpoint Arrival Time       0.127
     +----------------------------------------------------------------------------------------+ 
     |          Instance           |        Arc        |  Cell   | Delay | Arrival | Required | 
     |                             |                   |         |       |  Time   |   Time   | 
     |-----------------------------+-------------------+---------+-------+---------+----------| 
     | datapath/MEMWB_memToReg_reg | CK ^              |         |       |   0.127 |    2.586 | 
     | datapath/MEMWB_memToReg_reg | CK ^ -> Q v       | DFFR_X1 | 0.061 |   0.187 |    2.647 | 
     | datapath/FE_OFC635_n_1340   | A v -> ZN ^       | INV_X4  | 0.024 |   0.211 |    2.671 | 
     | datapath/g26808             | S ^ -> Z v        | MUX2_X1 | 0.055 |   0.266 |    2.726 | 
     | datapath/FE_DBTC20_n_34     | A v -> ZN ^       | INV_X2  | 0.044 |   0.311 |    2.770 | 
     |                             | dbg_wb_data[19] ^ |         | 0.000 |   0.311 |    2.770 | 
     +----------------------------------------------------------------------------------------+ 
Path 11: MET Late External Delay Assertion 
Endpoint:   dbg_wb_data[13]               (^) checked with  leading edge of 
'clk'
Beginpoint: datapath/MEMWB_memToReg_reg/Q (v) triggered by  leading edge of 
'clk'
Path Groups: {clk}
Analysis View: RPT_FAST
Other End Arrival Time          0.000
- External Delay                1.230
+ Phase Shift                   4.100
+ CPPR Adjustment               0.000
- Uncertainty                   0.100
= Required Time                 2.770
- Arrival Time                  0.310
= Slack Time                    2.460
     Clock Rise Edge                 0.000
     + Clock Network Latency (Prop)  0.127
     = Beginpoint Arrival Time       0.127
     +----------------------------------------------------------------------------------------+ 
     |          Instance           |        Arc        |  Cell   | Delay | Arrival | Required | 
     |                             |                   |         |       |  Time   |   Time   | 
     |-----------------------------+-------------------+---------+-------+---------+----------| 
     | datapath/MEMWB_memToReg_reg | CK ^              |         |       |   0.127 |    2.586 | 
     | datapath/MEMWB_memToReg_reg | CK ^ -> Q v       | DFFR_X1 | 0.061 |   0.187 |    2.647 | 
     | datapath/FE_OFC635_n_1340   | A v -> ZN ^       | INV_X4  | 0.024 |   0.211 |    2.671 | 
     | datapath/g26800             | S ^ -> Z v        | MUX2_X1 | 0.055 |   0.266 |    2.726 | 
     | datapath/FE_DBTC16_n_31     | A v -> ZN ^       | INV_X2  | 0.044 |   0.310 |    2.770 | 
     |                             | dbg_wb_data[13] ^ |         | 0.000 |   0.310 |    2.770 | 
     +----------------------------------------------------------------------------------------+ 
Path 12: MET Late External Delay Assertion 
Endpoint:   dbg_wb_data[11]               (^) checked with  leading edge of 
'clk'
Beginpoint: datapath/MEMWB_memToReg_reg/Q (v) triggered by  leading edge of 
'clk'
Path Groups: {clk}
Analysis View: RPT_FAST
Other End Arrival Time          0.000
- External Delay                1.230
+ Phase Shift                   4.100
+ CPPR Adjustment               0.000
- Uncertainty                   0.100
= Required Time                 2.770
- Arrival Time                  0.309
= Slack Time                    2.461
     Clock Rise Edge                 0.000
     + Clock Network Latency (Prop)  0.127
     = Beginpoint Arrival Time       0.127
     +----------------------------------------------------------------------------------------+ 
     |          Instance           |        Arc        |  Cell   | Delay | Arrival | Required | 
     |                             |                   |         |       |  Time   |   Time   | 
     |-----------------------------+-------------------+---------+-------+---------+----------| 
     | datapath/MEMWB_memToReg_reg | CK ^              |         |       |   0.127 |    2.587 | 
     | datapath/MEMWB_memToReg_reg | CK ^ -> Q v       | DFFR_X1 | 0.061 |   0.187 |    2.648 | 
     | datapath/FE_OFC635_n_1340   | A v -> ZN ^       | INV_X4  | 0.024 |   0.211 |    2.672 | 
     | datapath/g26803             | S ^ -> Z v        | MUX2_X1 | 0.055 |   0.266 |    2.727 | 
     | datapath/FE_DBTC14_n_79     | A v -> ZN ^       | INV_X2  | 0.043 |   0.309 |    2.770 | 
     |                             | dbg_wb_data[11] ^ |         | 0.000 |   0.309 |    2.770 | 
     +----------------------------------------------------------------------------------------+ 
Path 13: MET Late External Delay Assertion 
Endpoint:   dbg_wb_data[9]                (^) checked with  leading edge of 
'clk'
Beginpoint: datapath/MEMWB_memToReg_reg/Q (v) triggered by  leading edge of 
'clk'
Path Groups: {clk}
Analysis View: RPT_FAST
Other End Arrival Time          0.000
- External Delay                1.230
+ Phase Shift                   4.100
+ CPPR Adjustment               0.000
- Uncertainty                   0.100
= Required Time                 2.770
- Arrival Time                  0.305
= Slack Time                    2.465
     Clock Rise Edge                 0.000
     + Clock Network Latency (Prop)  0.127
     = Beginpoint Arrival Time       0.127
     +---------------------------------------------------------------------------------------+ 
     |          Instance           |       Arc        |  Cell   | Delay | Arrival | Required | 
     |                             |                  |         |       |  Time   |   Time   | 
     |-----------------------------+------------------+---------+-------+---------+----------| 
     | datapath/MEMWB_memToReg_reg | CK ^             |         |       |   0.126 |    2.591 | 
     | datapath/MEMWB_memToReg_reg | CK ^ -> Q v      | DFFR_X1 | 0.061 |   0.187 |    2.652 | 
     | datapath/FE_OFC635_n_1340   | A v -> ZN ^      | INV_X4  | 0.024 |   0.211 |    2.676 | 
     | datapath/g26805             | S ^ -> Z v       | MUX2_X1 | 0.052 |   0.263 |    2.728 | 
     | datapath/FE_DBTC12_n_82     | A v -> ZN ^      | INV_X2  | 0.042 |   0.305 |    2.770 | 
     |                             | dbg_wb_data[9] ^ |         | 0.000 |   0.305 |    2.770 | 
     +---------------------------------------------------------------------------------------+ 
Path 14: MET Late External Delay Assertion 
Endpoint:   dbg_wb_data[18]               (^) checked with  leading edge of 
'clk'
Beginpoint: datapath/MEMWB_memToReg_reg/Q (v) triggered by  leading edge of 
'clk'
Path Groups: {clk}
Analysis View: RPT_FAST
Other End Arrival Time          0.000
- External Delay                1.230
+ Phase Shift                   4.100
+ CPPR Adjustment               0.000
- Uncertainty                   0.100
= Required Time                 2.770
- Arrival Time                  0.304
= Slack Time                    2.466
     Clock Rise Edge                 0.000
     + Clock Network Latency (Prop)  0.127
     = Beginpoint Arrival Time       0.127
     +----------------------------------------------------------------------------------------+ 
     |          Instance           |        Arc        |  Cell   | Delay | Arrival | Required | 
     |                             |                   |         |       |  Time   |   Time   | 
     |-----------------------------+-------------------+---------+-------+---------+----------| 
     | datapath/MEMWB_memToReg_reg | CK ^              |         |       |   0.127 |    2.592 | 
     | datapath/MEMWB_memToReg_reg | CK ^ -> Q v       | DFFR_X1 | 0.061 |   0.187 |    2.653 | 
     | datapath/FE_OFC635_n_1340   | A v -> ZN ^       | INV_X4  | 0.024 |   0.211 |    2.677 | 
     | datapath/g26768             | S ^ -> Z v        | MUX2_X1 | 0.054 |   0.265 |    2.731 | 
     | datapath/FE_DBTC19_n_58     | A v -> ZN ^       | INV_X2  | 0.039 |   0.304 |    2.770 | 
     |                             | dbg_wb_data[18] ^ |         | 0.000 |   0.304 |    2.770 | 
     +----------------------------------------------------------------------------------------+ 
Path 15: MET Late External Delay Assertion 
Endpoint:   dbg_wb_data[23]               (^) checked with  leading edge of 
'clk'
Beginpoint: datapath/MEMWB_memToReg_reg/Q (^) triggered by  leading edge of 
'clk'
Path Groups: {clk}
Analysis View: RPT_FAST
Other End Arrival Time          0.000
- External Delay                1.230
+ Phase Shift                   4.100
+ CPPR Adjustment               0.000
- Uncertainty                   0.100
= Required Time                 2.770
- Arrival Time                  0.303
= Slack Time                    2.467
     Clock Rise Edge                 0.000
     + Clock Network Latency (Prop)  0.127
     = Beginpoint Arrival Time       0.127
     +----------------------------------------------------------------------------------------+ 
     |          Instance           |        Arc        |  Cell   | Delay | Arrival | Required | 
     |                             |                   |         |       |  Time   |   Time   | 
     |-----------------------------+-------------------+---------+-------+---------+----------| 
     | datapath/MEMWB_memToReg_reg | CK ^              |         |       |   0.126 |    2.594 | 
     | datapath/MEMWB_memToReg_reg | CK ^ -> Q ^       | DFFR_X1 | 0.067 |   0.194 |    2.661 | 
     | datapath/FE_OFC635_n_1340   | A ^ -> ZN v       | INV_X4  | 0.017 |   0.210 |    2.678 | 
     | datapath/g26771             | S v -> Z ^        | MUX2_X2 | 0.092 |   0.303 |    2.770 | 
     |                             | dbg_wb_data[23] ^ |         | 0.000 |   0.303 |    2.770 | 
     +----------------------------------------------------------------------------------------+ 
Path 16: MET Late External Delay Assertion 
Endpoint:   dbg_wb_data[22]               (^) checked with  leading edge of 
'clk'
Beginpoint: datapath/MEMWB_memToReg_reg/Q (v) triggered by  leading edge of 
'clk'
Path Groups: {clk}
Analysis View: RPT_FAST
Other End Arrival Time          0.000
- External Delay                1.230
+ Phase Shift                   4.100
+ CPPR Adjustment               0.000
- Uncertainty                   0.100
= Required Time                 2.770
- Arrival Time                  0.303
= Slack Time                    2.467
     Clock Rise Edge                 0.000
     + Clock Network Latency (Prop)  0.127
     = Beginpoint Arrival Time       0.127
     +----------------------------------------------------------------------------------------+ 
     |          Instance           |        Arc        |  Cell   | Delay | Arrival | Required | 
     |                             |                   |         |       |  Time   |   Time   | 
     |-----------------------------+-------------------+---------+-------+---------+----------| 
     | datapath/MEMWB_memToReg_reg | CK ^              |         |       |   0.127 |    2.594 | 
     | datapath/MEMWB_memToReg_reg | CK ^ -> Q v       | DFFR_X1 | 0.061 |   0.187 |    2.655 | 
     | datapath/FE_OFC635_n_1340   | A v -> ZN ^       | INV_X4  | 0.024 |   0.211 |    2.679 | 
     | datapath/g26801             | S ^ -> Z v        | MUX2_X1 | 0.062 |   0.274 |    2.741 | 
     | datapath/FE_DBTC22_n_100    | A v -> ZN ^       | INV_X4  | 0.029 |   0.303 |    2.770 | 
     |                             | dbg_wb_data[22] ^ |         | 0.000 |   0.303 |    2.770 | 
     +----------------------------------------------------------------------------------------+ 
Path 17: MET Late External Delay Assertion 
Endpoint:   dbg_wb_data[20]               (^) checked with  leading edge of 
'clk'
Beginpoint: datapath/MEMWB_memToReg_reg/Q (^) triggered by  leading edge of 
'clk'
Path Groups: {clk}
Analysis View: RPT_FAST
Other End Arrival Time          0.000
- External Delay                1.230
+ Phase Shift                   4.100
+ CPPR Adjustment               0.000
- Uncertainty                   0.100
= Required Time                 2.770
- Arrival Time                  0.302
= Slack Time                    2.468
     Clock Rise Edge                 0.000
     + Clock Network Latency (Prop)  0.127
     = Beginpoint Arrival Time       0.127
     +----------------------------------------------------------------------------------------+ 
     |          Instance           |        Arc        |  Cell   | Delay | Arrival | Required | 
     |                             |                   |         |       |  Time   |   Time   | 
     |-----------------------------+-------------------+---------+-------+---------+----------| 
     | datapath/MEMWB_memToReg_reg | CK ^              |         |       |   0.126 |    2.594 | 
     | datapath/MEMWB_memToReg_reg | CK ^ -> Q ^       | DFFR_X1 | 0.067 |   0.194 |    2.661 | 
     | datapath/FE_OFC635_n_1340   | A ^ -> ZN v       | INV_X4  | 0.017 |   0.210 |    2.678 | 
     | datapath/g26804             | S v -> Z ^        | MUX2_X2 | 0.092 |   0.302 |    2.770 | 
     |                             | dbg_wb_data[20] ^ |         | 0.000 |   0.302 |    2.770 | 
     +----------------------------------------------------------------------------------------+ 
Path 18: MET Late External Delay Assertion 
Endpoint:   dbg_wb_data[24]               (^) checked with  leading edge of 
'clk'
Beginpoint: datapath/MEMWB_memToReg_reg/Q (v) triggered by  leading edge of 
'clk'
Path Groups: {clk}
Analysis View: RPT_FAST
Other End Arrival Time          0.000
- External Delay                1.230
+ Phase Shift                   4.100
+ CPPR Adjustment               0.000
- Uncertainty                   0.100
= Required Time                 2.770
- Arrival Time                  0.301
= Slack Time                    2.469
     Clock Rise Edge                 0.000
     + Clock Network Latency (Prop)  0.127
     = Beginpoint Arrival Time       0.127
     +----------------------------------------------------------------------------------------+ 
     |          Instance           |        Arc        |  Cell   | Delay | Arrival | Required | 
     |                             |                   |         |       |  Time   |   Time   | 
     |-----------------------------+-------------------+---------+-------+---------+----------| 
     | datapath/MEMWB_memToReg_reg | CK ^              |         |       |   0.126 |    2.596 | 
     | datapath/MEMWB_memToReg_reg | CK ^ -> Q v       | DFFR_X1 | 0.061 |   0.187 |    2.656 | 
     | datapath/FE_OFC635_n_1340   | A v -> ZN ^       | INV_X4  | 0.024 |   0.211 |    2.680 | 
     | datapath/g26793             | S ^ -> Z v        | MUX2_X1 | 0.063 |   0.274 |    2.743 | 
     | datapath/FE_DBTC23_n_28     | A v -> ZN ^       | INV_X4  | 0.027 |   0.301 |    2.770 | 
     |                             | dbg_wb_data[24] ^ |         | 0.000 |   0.301 |    2.770 | 
     +----------------------------------------------------------------------------------------+ 
Path 19: MET Late External Delay Assertion 
Endpoint:   dbg_wb_data[21]               (^) checked with  leading edge of 
'clk'
Beginpoint: datapath/MEMWB_memToReg_reg/Q (v) triggered by  leading edge of 
'clk'
Path Groups: {clk}
Analysis View: RPT_FAST
Other End Arrival Time          0.000
- External Delay                1.230
+ Phase Shift                   4.100
+ CPPR Adjustment               0.000
- Uncertainty                   0.100
= Required Time                 2.770
- Arrival Time                  0.300
= Slack Time                    2.470
     Clock Rise Edge                 0.000
     + Clock Network Latency (Prop)  0.127
     = Beginpoint Arrival Time       0.127
     +----------------------------------------------------------------------------------------+ 
     |          Instance           |        Arc        |  Cell   | Delay | Arrival | Required | 
     |                             |                   |         |       |  Time   |   Time   | 
     |-----------------------------+-------------------+---------+-------+---------+----------| 
     | datapath/MEMWB_memToReg_reg | CK ^              |         |       |   0.126 |    2.596 | 
     | datapath/MEMWB_memToReg_reg | CK ^ -> Q v       | DFFR_X1 | 0.061 |   0.187 |    2.657 | 
     | datapath/FE_OFC635_n_1340   | A v -> ZN ^       | INV_X4  | 0.024 |   0.211 |    2.681 | 
     | datapath/g26769             | S ^ -> Z v        | MUX2_X1 | 0.062 |   0.274 |    2.743 | 
     | datapath/FE_DBTC21_n_46     | A v -> ZN ^       | INV_X4  | 0.027 |   0.300 |    2.770 | 
     |                             | dbg_wb_data[21] ^ |         | 0.000 |   0.300 |    2.770 | 
     +----------------------------------------------------------------------------------------+ 
Path 20: MET Late External Delay Assertion 
Endpoint:   dbg_wb_data[16]               (^) checked with  leading edge of 
'clk'
Beginpoint: datapath/MEMWB_memToReg_reg/Q (^) triggered by  leading edge of 
'clk'
Path Groups: {clk}
Analysis View: RPT_FAST
Other End Arrival Time          0.000
- External Delay                1.230
+ Phase Shift                   4.100
+ CPPR Adjustment               0.000
- Uncertainty                   0.100
= Required Time                 2.770
- Arrival Time                  0.299
= Slack Time                    2.471
     Clock Rise Edge                 0.000
     + Clock Network Latency (Prop)  0.127
     = Beginpoint Arrival Time       0.127
     +----------------------------------------------------------------------------------------+ 
     |          Instance           |        Arc        |  Cell   | Delay | Arrival | Required | 
     |                             |                   |         |       |  Time   |   Time   | 
     |-----------------------------+-------------------+---------+-------+---------+----------| 
     | datapath/MEMWB_memToReg_reg | CK ^              |         |       |   0.126 |    2.598 | 
     | datapath/MEMWB_memToReg_reg | CK ^ -> Q ^       | DFFR_X1 | 0.067 |   0.194 |    2.665 | 
     | datapath/FE_OFC635_n_1340   | A ^ -> ZN v       | INV_X4  | 0.017 |   0.210 |    2.682 | 
     | datapath/g26796             | S v -> Z ^        | MUX2_X2 | 0.088 |   0.299 |    2.770 | 
     |                             | dbg_wb_data[16] ^ |         | 0.000 |   0.299 |    2.770 | 
     +----------------------------------------------------------------------------------------+ 
Path 21: MET Late External Delay Assertion 
Endpoint:   dbg_wb_data[15]               (^) checked with  leading edge of 
'clk'
Beginpoint: datapath/MEMWB_memToReg_reg/Q (v) triggered by  leading edge of 
'clk'
Path Groups: {clk}
Analysis View: RPT_FAST
Other End Arrival Time          0.000
- External Delay                1.230
+ Phase Shift                   4.100
+ CPPR Adjustment               0.000
- Uncertainty                   0.100
= Required Time                 2.770
- Arrival Time                  0.296
= Slack Time                    2.474
     Clock Rise Edge                 0.000
     + Clock Network Latency (Prop)  0.127
     = Beginpoint Arrival Time       0.127
     +----------------------------------------------------------------------------------------+ 
     |          Instance           |        Arc        |  Cell   | Delay | Arrival | Required | 
     |                             |                   |         |       |  Time   |   Time   | 
     |-----------------------------+-------------------+---------+-------+---------+----------| 
     | datapath/MEMWB_memToReg_reg | CK ^              |         |       |   0.127 |    2.601 | 
     | datapath/MEMWB_memToReg_reg | CK ^ -> Q v       | DFFR_X1 | 0.061 |   0.187 |    2.662 | 
     | datapath/FE_OFC635_n_1340   | A v -> ZN ^       | INV_X4  | 0.024 |   0.211 |    2.686 | 
     | datapath/g26798             | S ^ -> Z v        | MUX2_X1 | 0.059 |   0.271 |    2.745 | 
     | datapath/FE_DBTC18_n_121    | A v -> ZN ^       | INV_X4  | 0.025 |   0.296 |    2.770 | 
     |                             | dbg_wb_data[15] ^ |         | 0.000 |   0.296 |    2.770 | 
     +----------------------------------------------------------------------------------------+ 
Path 22: MET Late External Delay Assertion 
Endpoint:   dbg_wb_data[17]               (^) checked with  leading edge of 
'clk'
Beginpoint: datapath/MEMWB_memToReg_reg/Q (^) triggered by  leading edge of 
'clk'
Path Groups: {clk}
Analysis View: RPT_FAST
Other End Arrival Time          0.000
- External Delay                1.230
+ Phase Shift                   4.100
+ CPPR Adjustment               0.000
- Uncertainty                   0.100
= Required Time                 2.770
- Arrival Time                  0.295
= Slack Time                    2.475
     Clock Rise Edge                 0.000
     + Clock Network Latency (Prop)  0.127
     = Beginpoint Arrival Time       0.127
     +----------------------------------------------------------------------------------------+ 
     |          Instance           |        Arc        |  Cell   | Delay | Arrival | Required | 
     |                             |                   |         |       |  Time   |   Time   | 
     |-----------------------------+-------------------+---------+-------+---------+----------| 
     | datapath/MEMWB_memToReg_reg | CK ^              |         |       |   0.126 |    2.601 | 
     | datapath/MEMWB_memToReg_reg | CK ^ -> Q ^       | DFFR_X1 | 0.067 |   0.194 |    2.668 | 
     | datapath/FE_OFC635_n_1340   | A ^ -> ZN v       | INV_X4  | 0.017 |   0.210 |    2.685 | 
     | datapath/g26794             | S v -> Z ^        | MUX2_X2 | 0.085 |   0.295 |    2.770 | 
     |                             | dbg_wb_data[17] ^ |         | 0.000 |   0.295 |    2.770 | 
     +----------------------------------------------------------------------------------------+ 
Path 23: MET Late External Delay Assertion 
Endpoint:   dbg_wb_data[14]               (^) checked with  leading edge of 
'clk'
Beginpoint: datapath/MEMWB_memToReg_reg/Q (v) triggered by  leading edge of 
'clk'
Path Groups: {clk}
Analysis View: RPT_FAST
Other End Arrival Time          0.000
- External Delay                1.230
+ Phase Shift                   4.100
+ CPPR Adjustment               0.000
- Uncertainty                   0.100
= Required Time                 2.770
- Arrival Time                  0.295
= Slack Time                    2.475
     Clock Rise Edge                 0.000
     + Clock Network Latency (Prop)  0.127
     = Beginpoint Arrival Time       0.127
     +----------------------------------------------------------------------------------------+ 
     |          Instance           |        Arc        |  Cell   | Delay | Arrival | Required | 
     |                             |                   |         |       |  Time   |   Time   | 
     |-----------------------------+-------------------+---------+-------+---------+----------| 
     | datapath/MEMWB_memToReg_reg | CK ^              |         |       |   0.127 |    2.602 | 
     | datapath/MEMWB_memToReg_reg | CK ^ -> Q v       | DFFR_X1 | 0.061 |   0.187 |    2.663 | 
     | datapath/FE_OFC635_n_1340   | A v -> ZN ^       | INV_X4  | 0.024 |   0.211 |    2.687 | 
     | datapath/g26799             | S ^ -> Z v        | MUX2_X1 | 0.057 |   0.269 |    2.744 | 
     | datapath/FE_DBTC17_n_70     | A v -> ZN ^       | INV_X4  | 0.026 |   0.295 |    2.770 | 
     |                             | dbg_wb_data[14] ^ |         | 0.000 |   0.295 |    2.770 | 
     +----------------------------------------------------------------------------------------+ 
Path 24: MET Late External Delay Assertion 
Endpoint:   dbg_wb_data[12]               (^) checked with  leading edge of 
'clk'
Beginpoint: datapath/MEMWB_memToReg_reg/Q (v) triggered by  leading edge of 
'clk'
Path Groups: {clk}
Analysis View: RPT_FAST
Other End Arrival Time          0.000
- External Delay                1.230
+ Phase Shift                   4.100
+ CPPR Adjustment               0.000
- Uncertainty                   0.100
= Required Time                 2.770
- Arrival Time                  0.294
= Slack Time                    2.476
     Clock Rise Edge                 0.000
     + Clock Network Latency (Prop)  0.127
     = Beginpoint Arrival Time       0.127
     +----------------------------------------------------------------------------------------+ 
     |          Instance           |        Arc        |  Cell   | Delay | Arrival | Required | 
     |                             |                   |         |       |  Time   |   Time   | 
     |-----------------------------+-------------------+---------+-------+---------+----------| 
     | datapath/MEMWB_memToReg_reg | CK ^              |         |       |   0.126 |    2.603 | 
     | datapath/MEMWB_memToReg_reg | CK ^ -> Q v       | DFFR_X1 | 0.061 |   0.187 |    2.664 | 
     | datapath/FE_OFC635_n_1340   | A v -> ZN ^       | INV_X4  | 0.024 |   0.211 |    2.688 | 
     | datapath/g26802             | S ^ -> Z v        | MUX2_X1 | 0.058 |   0.269 |    2.745 | 
     | datapath/FE_OFC522_n_94     | A v -> ZN ^       | INV_X4  | 0.025 |   0.294 |    2.770 | 
     |                             | dbg_wb_data[12] ^ |         | 0.000 |   0.294 |    2.770 | 
     +----------------------------------------------------------------------------------------+ 
Path 25: MET Late External Delay Assertion 
Endpoint:   dbg_wb_data[8]                (^) checked with  leading edge of 
'clk'
Beginpoint: datapath/MEMWB_memToReg_reg/Q (v) triggered by  leading edge of 
'clk'
Path Groups: {clk}
Analysis View: RPT_FAST
Other End Arrival Time          0.000
- External Delay                1.230
+ Phase Shift                   4.100
+ CPPR Adjustment               0.000
- Uncertainty                   0.100
= Required Time                 2.770
- Arrival Time                  0.293
= Slack Time                    2.477
     Clock Rise Edge                 0.000
     + Clock Network Latency (Prop)  0.127
     = Beginpoint Arrival Time       0.127
     +---------------------------------------------------------------------------------------+ 
     |          Instance           |       Arc        |  Cell   | Delay | Arrival | Required | 
     |                             |                  |         |       |  Time   |   Time   | 
     |-----------------------------+------------------+---------+-------+---------+----------| 
     | datapath/MEMWB_memToReg_reg | CK ^             |         |       |   0.126 |    2.603 | 
     | datapath/MEMWB_memToReg_reg | CK ^ -> Q v      | DFFR_X1 | 0.061 |   0.187 |    2.664 | 
     | datapath/FE_OFC635_n_1340   | A v -> ZN ^      | INV_X4  | 0.024 |   0.211 |    2.688 | 
     | datapath/g26806             | S ^ -> Z v       | MUX2_X1 | 0.056 |   0.267 |    2.744 | 
     | datapath/FE_OFC751_n_88     | A v -> ZN ^      | INV_X4  | 0.026 |   0.293 |    2.770 | 
     |                             | dbg_wb_data[8] ^ |         | 0.000 |   0.293 |    2.770 | 
     +---------------------------------------------------------------------------------------+ 
Path 26: MET Late External Delay Assertion 
Endpoint:   dbg_wb_data[4]                (^) checked with  leading edge of 
'clk'
Beginpoint: datapath/MEMWB_memToReg_reg/Q (v) triggered by  leading edge of 
'clk'
Path Groups: {clk}
Analysis View: RPT_FAST
Other End Arrival Time          0.000
- External Delay                1.230
+ Phase Shift                   4.100
+ CPPR Adjustment               0.000
- Uncertainty                   0.100
= Required Time                 2.770
- Arrival Time                  0.293
= Slack Time                    2.477
     Clock Rise Edge                 0.000
     + Clock Network Latency (Prop)  0.127
     = Beginpoint Arrival Time       0.127
     +-------------------------------------------------------------------------------------------+ 
     |            Instance            |       Arc        |   Cell   | Delay | Arrival | Required | 
     |                                |                  |          |       |  Time   |   Time   | 
     |--------------------------------+------------------+----------+-------+---------+----------| 
     | datapath/MEMWB_memToReg_reg    | CK ^             |          |       |   0.126 |    2.604 | 
     | datapath/MEMWB_memToReg_reg    | CK ^ -> Q v      | DFFR_X1  | 0.061 |   0.187 |    2.665 | 
     | datapath/FE_OFC635_n_1340      | A v -> ZN ^      | INV_X4   | 0.024 |   0.211 |    2.688 | 
     | datapath/FE_OFC758_n_1305      | A ^ -> ZN v      | INV_X1   | 0.009 |   0.220 |    2.698 | 
     | datapath/FE_RC_304_0           | A1 v -> ZN ^     | NAND2_X1 | 0.009 |   0.229 |    2.707 | 
     | datapath/FE_RC_303_0           | A1 ^ -> ZN v     | NAND2_X1 | 0.008 |   0.238 |    2.715 | 
     | datapath/FE_OFC492_n_664       | A v -> ZN ^      | INV_X1   | 0.015 |   0.253 |    2.730 | 
     | datapath/FE_OFC493_n_664       | A ^ -> ZN v      | INV_X1   | 0.016 |   0.270 |    2.747 | 
     | datapath/FE_OFC707_FE_RN_123_0 | A v -> ZN ^      | INV_X4   | 0.023 |   0.293 |    2.770 | 
     |                                | dbg_wb_data[4] ^ |          | 0.000 |   0.293 |    2.770 | 
     +-------------------------------------------------------------------------------------------+ 
Path 27: MET Late External Delay Assertion 
Endpoint:   dbg_wb_data[10]               (^) checked with  leading edge of 
'clk'
Beginpoint: datapath/MEMWB_memToReg_reg/Q (v) triggered by  leading edge of 
'clk'
Path Groups: {clk}
Analysis View: RPT_FAST
Other End Arrival Time          0.000
- External Delay                1.230
+ Phase Shift                   4.100
+ CPPR Adjustment               0.000
- Uncertainty                   0.100
= Required Time                 2.770
- Arrival Time                  0.292
= Slack Time                    2.478
     Clock Rise Edge                 0.000
     + Clock Network Latency (Prop)  0.127
     = Beginpoint Arrival Time       0.127
     +----------------------------------------------------------------------------------------+ 
     |          Instance           |        Arc        |  Cell   | Delay | Arrival | Required | 
     |                             |                   |         |       |  Time   |   Time   | 
     |-----------------------------+-------------------+---------+-------+---------+----------| 
     | datapath/MEMWB_memToReg_reg | CK ^              |         |       |   0.127 |    2.605 | 
     | datapath/MEMWB_memToReg_reg | CK ^ -> Q v       | DFFR_X1 | 0.061 |   0.187 |    2.665 | 
     | datapath/FE_OFC635_n_1340   | A v -> ZN ^       | INV_X4  | 0.024 |   0.211 |    2.689 | 
     | datapath/g26807             | S ^ -> Z v        | MUX2_X1 | 0.056 |   0.267 |    2.745 | 
     | datapath/FE_OFC524_n_37     | A v -> ZN ^       | INV_X4  | 0.025 |   0.292 |    2.770 | 
     |                             | dbg_wb_data[10] ^ |         | 0.000 |   0.292 |    2.770 | 
     +----------------------------------------------------------------------------------------+ 
Path 28: MET Late External Delay Assertion 
Endpoint:   dbg_wb_data[6]                (^) checked with  leading edge of 
'clk'
Beginpoint: datapath/MEMWB_memToReg_reg/Q (v) triggered by  leading edge of 
'clk'
Path Groups: {clk}
Analysis View: RPT_FAST
Other End Arrival Time          0.000
- External Delay                1.230
+ Phase Shift                   4.100
+ CPPR Adjustment               0.000
- Uncertainty                   0.100
= Required Time                 2.770
- Arrival Time                  0.291
= Slack Time                    2.479
     Clock Rise Edge                 0.000
     + Clock Network Latency (Prop)  0.127
     = Beginpoint Arrival Time       0.127
     +---------------------------------------------------------------------------------------+ 
     |          Instance           |       Arc        |  Cell   | Delay | Arrival | Required | 
     |                             |                  |         |       |  Time   |   Time   | 
     |-----------------------------+------------------+---------+-------+---------+----------| 
     | datapath/MEMWB_memToReg_reg | CK ^             |         |       |   0.126 |    2.605 | 
     | datapath/MEMWB_memToReg_reg | CK ^ -> Q v      | DFFR_X1 | 0.061 |   0.187 |    2.666 | 
     | datapath/FE_OFC635_n_1340   | A v -> ZN ^      | INV_X4  | 0.024 |   0.211 |    2.690 | 
     | datapath/g26810             | S ^ -> Z v       | MUX2_X1 | 0.055 |   0.266 |    2.745 | 
     | datapath/FE_DBTC9_n_97      | A v -> ZN ^      | INV_X4  | 0.025 |   0.291 |    2.770 | 
     |                             | dbg_wb_data[6] ^ |         | 0.000 |   0.291 |    2.770 | 
     +---------------------------------------------------------------------------------------+ 
Path 29: MET Late External Delay Assertion 
Endpoint:   dbg_wb_data[2]                 (v) checked with  leading edge of 
'clk'
Beginpoint: datapath/MEMWB_memToReg_reg/QN (^) triggered by  leading edge of 
'clk'
Path Groups: {clk}
Analysis View: RPT_FAST
Other End Arrival Time          0.000
- External Delay                1.230
+ Phase Shift                   4.100
+ CPPR Adjustment               0.000
- Uncertainty                   0.100
= Required Time                 2.770
- Arrival Time                  0.288
= Slack Time                    2.482
     Clock Rise Edge                 0.000
     + Clock Network Latency (Prop)  0.127
     = Beginpoint Arrival Time       0.127
     +-------------------------------------------------------------------------------------------+ 
     |           Instance            |       Arc        |   Cell    | Delay | Arrival | Required | 
     |                               |                  |           |       |  Time   |   Time   | 
     |-------------------------------+------------------+-----------+-------+---------+----------| 
     | datapath/MEMWB_memToReg_reg   | CK ^             |           |       |   0.127 |    2.609 | 
     | datapath/MEMWB_memToReg_reg   | CK ^ -> QN ^     | DFFR_X1   | 0.058 |   0.185 |    2.667 | 
     | datapath/FE_RC_371_0          | A1 ^ -> ZN v     | NAND2_X1  | 0.011 |   0.196 |    2.678 | 
     | datapath/FE_RC_370_0          | A v -> ZN ^      | OAI21_X1  | 0.013 |   0.209 |    2.691 | 
     | datapath/FE_OFC586_n_106      | A ^ -> ZN v      | INV_X1    | 0.022 |   0.230 |    2.713 | 
     | datapath/FE_OFC726_FE_RN_11_0 | A v -> Z v       | CLKBUF_X3 | 0.057 |   0.288 |    2.770 | 
     |                               | dbg_wb_data[2] v |           | 0.000 |   0.288 |    2.770 | 
     +-------------------------------------------------------------------------------------------+ 
Path 30: MET Late External Delay Assertion 
Endpoint:   dbg_wb_data[7]                (^) checked with  leading edge of 
'clk'
Beginpoint: datapath/MEMWB_memToReg_reg/Q (v) triggered by  leading edge of 
'clk'
Path Groups: {clk}
Analysis View: RPT_FAST
Other End Arrival Time          0.000
- External Delay                1.230
+ Phase Shift                   4.100
+ CPPR Adjustment               0.000
- Uncertainty                   0.100
= Required Time                 2.770
- Arrival Time                  0.286
= Slack Time                    2.484
     Clock Rise Edge                 0.000
     + Clock Network Latency (Prop)  0.127
     = Beginpoint Arrival Time       0.127
     +---------------------------------------------------------------------------------------+ 
     |          Instance           |       Arc        |  Cell   | Delay | Arrival | Required | 
     |                             |                  |         |       |  Time   |   Time   | 
     |-----------------------------+------------------+---------+-------+---------+----------| 
     | datapath/MEMWB_memToReg_reg | CK ^             |         |       |   0.126 |    2.611 | 
     | datapath/MEMWB_memToReg_reg | CK ^ -> Q v      | DFFR_X1 | 0.061 |   0.187 |    2.672 | 
     | datapath/FE_OFC635_n_1340   | A v -> ZN ^      | INV_X4  | 0.024 |   0.211 |    2.696 | 
     | datapath/g26809             | S ^ -> Z v       | MUX2_X1 | 0.056 |   0.268 |    2.752 | 
     | datapath/FE_OFC748_n_76     | A v -> ZN ^      | INV_X4  | 0.018 |   0.286 |    2.770 | 
     |                             | dbg_wb_data[7] ^ |         | 0.000 |   0.286 |    2.770 | 
     +---------------------------------------------------------------------------------------+ 
Path 31: MET Late External Delay Assertion 
Endpoint:   dbg_wb_data[0]                 (v) checked with  leading edge of 
'clk'
Beginpoint: datapath/MEMWB_memToReg_reg/QN (^) triggered by  leading edge of 
'clk'
Path Groups: {clk}
Analysis View: RPT_FAST
Other End Arrival Time          0.000
- External Delay                1.230
+ Phase Shift                   4.100
+ CPPR Adjustment               0.000
- Uncertainty                   0.100
= Required Time                 2.770
- Arrival Time                  0.284
= Slack Time                    2.486
     Clock Rise Edge                 0.000
     + Clock Network Latency (Prop)  0.127
     = Beginpoint Arrival Time       0.127
     +-----------------------------------------------------------------------------------------------+ 
     |             Instance              |       Arc        |   Cell    | Delay | Arrival | Required | 
     |                                   |                  |           |       |  Time   |   Time   | 
     |-----------------------------------+------------------+-----------+-------+---------+----------| 
     | datapath/MEMWB_memToReg_reg       | CK ^             |           |       |   0.126 |    2.612 | 
     | datapath/MEMWB_memToReg_reg       | CK ^ -> QN ^     | DFFR_X1   | 0.058 |   0.185 |    2.671 | 
     | datapath/FE_OFC589_MEMWB_memToReg | A ^ -> ZN v      | INV_X1    | 0.009 |   0.194 |    2.680 | 
     | datapath/FE_RC_284_0              | A2 v -> ZN ^     | NAND2_X1  | 0.013 |   0.206 |    2.692 | 
     | datapath/FE_RC_296_0              | A2 ^ -> ZN v     | NAND2_X2  | 0.018 |   0.224 |    2.710 | 
     | datapath/FE_OFC515_FE_RN_155_0    | A v -> Z v       | CLKBUF_X3 | 0.060 |   0.284 |    2.770 | 
     |                                   | dbg_wb_data[0] v |           | 0.000 |   0.284 |    2.770 | 
     +-----------------------------------------------------------------------------------------------+ 
Path 32: MET Late External Delay Assertion 
Endpoint:   dbg_wb_data[1]                 (^) checked with  leading edge of 
'clk'
Beginpoint: datapath/MEMWB_memToReg_reg/QN (v) triggered by  leading edge of 
'clk'
Path Groups: {clk}
Analysis View: RPT_FAST
Other End Arrival Time          0.000
- External Delay                1.230
+ Phase Shift                   4.100
+ CPPR Adjustment               0.000
- Uncertainty                   0.100
= Required Time                 2.770
- Arrival Time                  0.248
= Slack Time                    2.522
     Clock Rise Edge                 0.000
     + Clock Network Latency (Prop)  0.127
     = Beginpoint Arrival Time       0.127
     +----------------------------------------------------------------------------------------------+ 
     |             Instance              |       Arc        |   Cell   | Delay | Arrival | Required | 
     |                                   |                  |          |       |  Time   |   Time   | 
     |-----------------------------------+------------------+----------+-------+---------+----------| 
     | datapath/MEMWB_memToReg_reg       | CK ^             |          |       |   0.127 |    2.648 | 
     | datapath/MEMWB_memToReg_reg       | CK ^ -> QN v     | DFFR_X1  | 0.052 |   0.179 |    2.700 | 
     | datapath/FE_OFC589_MEMWB_memToReg | A v -> ZN ^      | INV_X1   | 0.014 |   0.192 |    2.714 | 
     | datapath/FE_RC_290_0              | A1 ^ -> ZN v     | NAND2_X1 | 0.009 |   0.201 |    2.723 | 
     | datapath/FE_RC_289_0              | A1 v -> ZN ^     | NAND2_X1 | 0.014 |   0.215 |    2.736 | 
     | datapath/FE_OFC519_FE_RN_161_0    | A ^ -> ZN v      | INV_X1   | 0.011 |   0.226 |    2.748 | 
     | datapath/FE_OFC712_n_656          | A v -> ZN ^      | INV_X4   | 0.022 |   0.248 |    2.770 | 
     |                                   | dbg_wb_data[1] ^ |          | 0.000 |   0.248 |    2.770 | 
     +----------------------------------------------------------------------------------------------+ 
Path 33: MET Late External Delay Assertion 
Endpoint:   dmem_addr[3]                      (^) checked with  leading edge of 
'clk'
Beginpoint: datapath/EXMEM_aluResult_reg[3]/Q (^) triggered by  leading edge of 
'clk'
Path Groups: {clk}
Analysis View: RPT_FAST
Other End Arrival Time          0.000
- External Delay                1.230
+ Phase Shift                   4.100
+ CPPR Adjustment               0.000
- Uncertainty                   0.100
= Required Time                 2.770
- Arrival Time                  0.211
= Slack Time                    2.559
     Clock Rise Edge                 0.000
     + Clock Network Latency (Prop)  0.134
     = Beginpoint Arrival Time       0.134
     +-----------------------------------------------------------------------------------------+ 
     |            Instance             |      Arc       |  Cell   | Delay | Arrival | Required | 
     |                                 |                |         |       |  Time   |   Time   | 
     |---------------------------------+----------------+---------+-------+---------+----------| 
     | datapath/EXMEM_aluResult_reg[3] | CK ^           |         |       |   0.134 |    2.693 | 
     | datapath/EXMEM_aluResult_reg[3] | CK ^ -> Q ^    | DFFR_X1 | 0.077 |   0.211 |    2.770 | 
     |                                 | dmem_addr[3] ^ |         | 0.000 |   0.211 |    2.770 | 
     +-----------------------------------------------------------------------------------------+ 
Path 34: MET Late External Delay Assertion 
Endpoint:   dbg_pc[26]               (^) checked with  leading edge of 'clk'
Beginpoint: datapath/IF_pc_reg[26]/Q (^) triggered by  leading edge of 'clk'
Path Groups: {clk}
Analysis View: RPT_FAST
Other End Arrival Time          0.000
- External Delay                1.230
+ Phase Shift                   4.100
+ CPPR Adjustment               0.000
- Uncertainty                   0.100
= Required Time                 2.770
- Arrival Time                  0.208
= Slack Time                    2.562
     Clock Rise Edge                 0.000
     + Clock Network Latency (Prop)  0.130
     = Beginpoint Arrival Time       0.130
     +--------------------------------------------------------------------------------+ 
     |        Instance        |     Arc      |   Cell    | Delay | Arrival | Required | 
     |                        |              |           |       |  Time   |   Time   | 
     |------------------------+--------------+-----------+-------+---------+----------| 
     | datapath/IF_pc_reg[26] | CK ^         |           |       |   0.130 |    2.691 | 
     | datapath/IF_pc_reg[26] | CK ^ -> Q ^  | SDFFRS_X1 | 0.079 |   0.208 |    2.770 | 
     |                        | dbg_pc[26] ^ |           | 0.000 |   0.208 |    2.770 | 
     +--------------------------------------------------------------------------------+ 
Path 35: MET Late External Delay Assertion 
Endpoint:   imem_addr[26]            (^) checked with  leading edge of 'clk'
Beginpoint: datapath/IF_pc_reg[26]/Q (^) triggered by  leading edge of 'clk'
Path Groups: {clk}
Analysis View: RPT_FAST
Other End Arrival Time          0.000
- External Delay                1.230
+ Phase Shift                   4.100
+ CPPR Adjustment               0.000
- Uncertainty                   0.100
= Required Time                 2.770
- Arrival Time                  0.208
= Slack Time                    2.562
     Clock Rise Edge                 0.000
     + Clock Network Latency (Prop)  0.130
     = Beginpoint Arrival Time       0.130
     +-----------------------------------------------------------------------------------+ 
     |        Instance        |       Arc       |   Cell    | Delay | Arrival | Required | 
     |                        |                 |           |       |  Time   |   Time   | 
     |------------------------+-----------------+-----------+-------+---------+----------| 
     | datapath/IF_pc_reg[26] | CK ^            |           |       |   0.130 |    2.691 | 
     | datapath/IF_pc_reg[26] | CK ^ -> Q ^     | SDFFRS_X1 | 0.079 |   0.208 |    2.770 | 
     |                        | imem_addr[26] ^ |           | 0.000 |   0.208 |    2.770 | 
     +-----------------------------------------------------------------------------------+ 
Path 36: MET Late External Delay Assertion 
Endpoint:   dbg_pc[31]               (^) checked with  leading edge of 'clk'
Beginpoint: datapath/IF_pc_reg[31]/Q (^) triggered by  leading edge of 'clk'
Path Groups: {clk}
Analysis View: RPT_FAST
Other End Arrival Time          0.000
- External Delay                1.230
+ Phase Shift                   4.100
+ CPPR Adjustment               0.000
- Uncertainty                   0.100
= Required Time                 2.770
- Arrival Time                  0.208
= Slack Time                    2.562
     Clock Rise Edge                 0.000
     + Clock Network Latency (Prop)  0.130
     = Beginpoint Arrival Time       0.130
     +------------------------------------------------------------------------------+ 
     |        Instance        |     Arc      |  Cell   | Delay | Arrival | Required | 
     |                        |              |         |       |  Time   |   Time   | 
     |------------------------+--------------+---------+-------+---------+----------| 
     | datapath/IF_pc_reg[31] | CK ^         |         |       |   0.130 |    2.692 | 
     | datapath/IF_pc_reg[31] | CK ^ -> Q ^  | DFFR_X2 | 0.078 |   0.208 |    2.770 | 
     |                        | dbg_pc[31] ^ |         | 0.000 |   0.208 |    2.770 | 
     +------------------------------------------------------------------------------+ 
Path 37: MET Late External Delay Assertion 
Endpoint:   imem_addr[31]            (^) checked with  leading edge of 'clk'
Beginpoint: datapath/IF_pc_reg[31]/Q (^) triggered by  leading edge of 'clk'
Path Groups: {clk}
Analysis View: RPT_FAST
Other End Arrival Time          0.000
- External Delay                1.230
+ Phase Shift                   4.100
+ CPPR Adjustment               0.000
- Uncertainty                   0.100
= Required Time                 2.770
- Arrival Time                  0.208
= Slack Time                    2.562
     Clock Rise Edge                 0.000
     + Clock Network Latency (Prop)  0.130
     = Beginpoint Arrival Time       0.130
     +---------------------------------------------------------------------------------+ 
     |        Instance        |       Arc       |  Cell   | Delay | Arrival | Required | 
     |                        |                 |         |       |  Time   |   Time   | 
     |------------------------+-----------------+---------+-------+---------+----------| 
     | datapath/IF_pc_reg[31] | CK ^            |         |       |   0.130 |    2.692 | 
     | datapath/IF_pc_reg[31] | CK ^ -> Q ^     | DFFR_X2 | 0.078 |   0.208 |    2.770 | 
     |                        | imem_addr[31] ^ |         | 0.000 |   0.208 |    2.770 | 
     +---------------------------------------------------------------------------------+ 
Path 38: MET Late External Delay Assertion 
Endpoint:   dmem_addr[30]                      (^) checked with  leading edge 
of 'clk'
Beginpoint: datapath/EXMEM_aluResult_reg[30]/Q (^) triggered by  leading edge 
of 'clk'
Path Groups: {clk}
Analysis View: RPT_FAST
Other End Arrival Time          0.000
- External Delay                1.230
+ Phase Shift                   4.100
+ CPPR Adjustment               0.000
- Uncertainty                   0.100
= Required Time                 2.770
- Arrival Time                  0.206
= Slack Time                    2.564
     Clock Rise Edge                 0.000
     + Clock Network Latency (Prop)  0.131
     = Beginpoint Arrival Time       0.131
     +-------------------------------------------------------------------------------------------+ 
     |             Instance             |       Arc       |  Cell   | Delay | Arrival | Required | 
     |                                  |                 |         |       |  Time   |   Time   | 
     |----------------------------------+-----------------+---------+-------+---------+----------| 
     | datapath/EXMEM_aluResult_reg[30] | CK ^            |         |       |   0.131 |    2.694 | 
     | datapath/EXMEM_aluResult_reg[30] | CK ^ -> Q ^     | DFFR_X1 | 0.076 |   0.206 |    2.770 | 
     |                                  | dmem_addr[30] ^ |         | 0.000 |   0.206 |    2.770 | 
     +-------------------------------------------------------------------------------------------+ 
Path 39: MET Late External Delay Assertion 
Endpoint:   dmem_addr[0]                      (^) checked with  leading edge of 
'clk'
Beginpoint: datapath/EXMEM_aluResult_reg[0]/Q (^) triggered by  leading edge of 
'clk'
Path Groups: {clk}
Analysis View: RPT_FAST
Other End Arrival Time          0.000
- External Delay                1.230
+ Phase Shift                   4.100
+ CPPR Adjustment               0.000
- Uncertainty                   0.100
= Required Time                 2.770
- Arrival Time                  0.206
= Slack Time                    2.564
     Clock Rise Edge                 0.000
     + Clock Network Latency (Prop)  0.127
     = Beginpoint Arrival Time       0.127
     +-----------------------------------------------------------------------------------------+ 
     |            Instance             |      Arc       |  Cell   | Delay | Arrival | Required | 
     |                                 |                |         |       |  Time   |   Time   | 
     |---------------------------------+----------------+---------+-------+---------+----------| 
     | datapath/EXMEM_aluResult_reg[0] | CK ^           |         |       |   0.127 |    2.690 | 
     | datapath/EXMEM_aluResult_reg[0] | CK ^ -> Q ^    | DFFR_X2 | 0.080 |   0.206 |    2.770 | 
     |                                 | dmem_addr[0] ^ |         | 0.000 |   0.206 |    2.770 | 
     +-----------------------------------------------------------------------------------------+ 
Path 40: MET Late External Delay Assertion 
Endpoint:   dmem_addr[25]                      (^) checked with  leading edge 
of 'clk'
Beginpoint: datapath/EXMEM_aluResult_reg[25]/Q (^) triggered by  leading edge 
of 'clk'
Path Groups: {clk}
Analysis View: RPT_FAST
Other End Arrival Time          0.000
- External Delay                1.230
+ Phase Shift                   4.100
+ CPPR Adjustment               0.000
- Uncertainty                   0.100
= Required Time                 2.770
- Arrival Time                  0.206
= Slack Time                    2.564
     Clock Rise Edge                 0.000
     + Clock Network Latency (Prop)  0.131
     = Beginpoint Arrival Time       0.131
     +-------------------------------------------------------------------------------------------+ 
     |             Instance             |       Arc       |  Cell   | Delay | Arrival | Required | 
     |                                  |                 |         |       |  Time   |   Time   | 
     |----------------------------------+-----------------+---------+-------+---------+----------| 
     | datapath/EXMEM_aluResult_reg[25] | CK ^            |         |       |   0.131 |    2.695 | 
     | datapath/EXMEM_aluResult_reg[25] | CK ^ -> Q ^     | DFFR_X1 | 0.075 |   0.206 |    2.770 | 
     |                                  | dmem_addr[25] ^ |         | 0.000 |   0.206 |    2.770 | 
     +-------------------------------------------------------------------------------------------+ 
Path 41: MET Late External Delay Assertion 
Endpoint:   dmem_addr[26]                      (^) checked with  leading edge 
of 'clk'
Beginpoint: datapath/EXMEM_aluResult_reg[26]/Q (^) triggered by  leading edge 
of 'clk'
Path Groups: {clk}
Analysis View: RPT_FAST
Other End Arrival Time          0.000
- External Delay                1.230
+ Phase Shift                   4.100
+ CPPR Adjustment               0.000
- Uncertainty                   0.100
= Required Time                 2.770
- Arrival Time                  0.205
= Slack Time                    2.565
     Clock Rise Edge                 0.000
     + Clock Network Latency (Prop)  0.131
     = Beginpoint Arrival Time       0.131
     +-------------------------------------------------------------------------------------------+ 
     |             Instance             |       Arc       |  Cell   | Delay | Arrival | Required | 
     |                                  |                 |         |       |  Time   |   Time   | 
     |----------------------------------+-----------------+---------+-------+---------+----------| 
     | datapath/EXMEM_aluResult_reg[26] | CK ^            |         |       |   0.131 |    2.696 | 
     | datapath/EXMEM_aluResult_reg[26] | CK ^ -> Q ^     | DFFR_X1 | 0.074 |   0.205 |    2.770 | 
     |                                  | dmem_addr[26] ^ |         | 0.000 |   0.205 |    2.770 | 
     +-------------------------------------------------------------------------------------------+ 
Path 42: MET Late External Delay Assertion 
Endpoint:   dmem_addr[27]                      (^) checked with  leading edge 
of 'clk'
Beginpoint: datapath/EXMEM_aluResult_reg[27]/Q (^) triggered by  leading edge 
of 'clk'
Path Groups: {clk}
Analysis View: RPT_FAST
Other End Arrival Time          0.000
- External Delay                1.230
+ Phase Shift                   4.100
+ CPPR Adjustment               0.000
- Uncertainty                   0.100
= Required Time                 2.770
- Arrival Time                  0.205
= Slack Time                    2.565
     Clock Rise Edge                 0.000
     + Clock Network Latency (Prop)  0.131
     = Beginpoint Arrival Time       0.131
     +-------------------------------------------------------------------------------------------+ 
     |             Instance             |       Arc       |  Cell   | Delay | Arrival | Required | 
     |                                  |                 |         |       |  Time   |   Time   | 
     |----------------------------------+-----------------+---------+-------+---------+----------| 
     | datapath/EXMEM_aluResult_reg[27] | CK ^            |         |       |   0.131 |    2.696 | 
     | datapath/EXMEM_aluResult_reg[27] | CK ^ -> Q ^     | DFFR_X1 | 0.074 |   0.205 |    2.770 | 
     |                                  | dmem_addr[27] ^ |         | 0.000 |   0.205 |    2.770 | 
     +-------------------------------------------------------------------------------------------+ 
Path 43: MET Late External Delay Assertion 
Endpoint:   dmem_addr[1]                      (^) checked with  leading edge of 
'clk'
Beginpoint: datapath/EXMEM_aluResult_reg[1]/Q (^) triggered by  leading edge of 
'clk'
Path Groups: {clk}
Analysis View: RPT_FAST
Other End Arrival Time          0.000
- External Delay                1.230
+ Phase Shift                   4.100
+ CPPR Adjustment               0.000
- Uncertainty                   0.100
= Required Time                 2.770
- Arrival Time                  0.204
= Slack Time                    2.566
     Clock Rise Edge                 0.000
     + Clock Network Latency (Prop)  0.127
     = Beginpoint Arrival Time       0.127
     +-----------------------------------------------------------------------------------------+ 
     |            Instance             |      Arc       |  Cell   | Delay | Arrival | Required | 
     |                                 |                |         |       |  Time   |   Time   | 
     |---------------------------------+----------------+---------+-------+---------+----------| 
     | datapath/EXMEM_aluResult_reg[1] | CK ^           |         |       |   0.127 |    2.692 | 
     | datapath/EXMEM_aluResult_reg[1] | CK ^ -> Q ^    | DFFR_X1 | 0.078 |   0.204 |    2.770 | 
     |                                 | dmem_addr[1] ^ |         | 0.000 |   0.204 |    2.770 | 
     +-----------------------------------------------------------------------------------------+ 
Path 44: MET Late External Delay Assertion 
Endpoint:   dmem_addr[28]                      (^) checked with  leading edge 
of 'clk'
Beginpoint: datapath/EXMEM_aluResult_reg[28]/Q (^) triggered by  leading edge 
of 'clk'
Path Groups: {clk}
Analysis View: RPT_FAST
Other End Arrival Time          0.000
- External Delay                1.230
+ Phase Shift                   4.100
+ CPPR Adjustment               0.000
- Uncertainty                   0.100
= Required Time                 2.770
- Arrival Time                  0.204
= Slack Time                    2.566
     Clock Rise Edge                 0.000
     + Clock Network Latency (Prop)  0.131
     = Beginpoint Arrival Time       0.131
     +-------------------------------------------------------------------------------------------+ 
     |             Instance             |       Arc       |  Cell   | Delay | Arrival | Required | 
     |                                  |                 |         |       |  Time   |   Time   | 
     |----------------------------------+-----------------+---------+-------+---------+----------| 
     | datapath/EXMEM_aluResult_reg[28] | CK ^            |         |       |   0.131 |    2.696 | 
     | datapath/EXMEM_aluResult_reg[28] | CK ^ -> Q ^     | DFFR_X1 | 0.074 |   0.204 |    2.770 | 
     |                                  | dmem_addr[28] ^ |         | 0.000 |   0.204 |    2.770 | 
     +-------------------------------------------------------------------------------------------+ 
Path 45: MET Late External Delay Assertion 
Endpoint:   dmem_addr[29]                      (^) checked with  leading edge 
of 'clk'
Beginpoint: datapath/EXMEM_aluResult_reg[29]/Q (^) triggered by  leading edge 
of 'clk'
Path Groups: {clk}
Analysis View: RPT_FAST
Other End Arrival Time          0.000
- External Delay                1.230
+ Phase Shift                   4.100
+ CPPR Adjustment               0.000
- Uncertainty                   0.100
= Required Time                 2.770
- Arrival Time                  0.204
= Slack Time                    2.566
     Clock Rise Edge                 0.000
     + Clock Network Latency (Prop)  0.131
     = Beginpoint Arrival Time       0.131
     +-------------------------------------------------------------------------------------------+ 
     |             Instance             |       Arc       |  Cell   | Delay | Arrival | Required | 
     |                                  |                 |         |       |  Time   |   Time   | 
     |----------------------------------+-----------------+---------+-------+---------+----------| 
     | datapath/EXMEM_aluResult_reg[29] | CK ^            |         |       |   0.131 |    2.696 | 
     | datapath/EXMEM_aluResult_reg[29] | CK ^ -> Q ^     | DFFR_X1 | 0.074 |   0.204 |    2.770 | 
     |                                  | dmem_addr[29] ^ |         | 0.000 |   0.204 |    2.770 | 
     +-------------------------------------------------------------------------------------------+ 
Path 46: MET Late External Delay Assertion 
Endpoint:   dmem_addr[31]                      (^) checked with  leading edge 
of 'clk'
Beginpoint: datapath/EXMEM_aluResult_reg[31]/Q (^) triggered by  leading edge 
of 'clk'
Path Groups: {clk}
Analysis View: RPT_FAST
Other End Arrival Time          0.000
- External Delay                1.230
+ Phase Shift                   4.100
+ CPPR Adjustment               0.000
- Uncertainty                   0.100
= Required Time                 2.770
- Arrival Time                  0.204
= Slack Time                    2.566
     Clock Rise Edge                 0.000
     + Clock Network Latency (Prop)  0.131
     = Beginpoint Arrival Time       0.131
     +-------------------------------------------------------------------------------------------+ 
     |             Instance             |       Arc       |  Cell   | Delay | Arrival | Required | 
     |                                  |                 |         |       |  Time   |   Time   | 
     |----------------------------------+-----------------+---------+-------+---------+----------| 
     | datapath/EXMEM_aluResult_reg[31] | CK ^            |         |       |   0.131 |    2.697 | 
     | datapath/EXMEM_aluResult_reg[31] | CK ^ -> Q ^     | DFFR_X1 | 0.073 |   0.204 |    2.770 | 
     |                                  | dmem_addr[31] ^ |         | 0.000 |   0.204 |    2.770 | 
     +-------------------------------------------------------------------------------------------+ 
Path 47: MET Late External Delay Assertion 
Endpoint:   dmem_addr[5]                      (^) checked with  leading edge of 
'clk'
Beginpoint: datapath/EXMEM_aluResult_reg[5]/Q (^) triggered by  leading edge of 
'clk'
Path Groups: {clk}
Analysis View: RPT_FAST
Other End Arrival Time          0.000
- External Delay                1.230
+ Phase Shift                   4.100
+ CPPR Adjustment               0.000
- Uncertainty                   0.100
= Required Time                 2.770
- Arrival Time                  0.202
= Slack Time                    2.568
     Clock Rise Edge                 0.000
     + Clock Network Latency (Prop)  0.131
     = Beginpoint Arrival Time       0.131
     +-----------------------------------------------------------------------------------------+ 
     |            Instance             |      Arc       |  Cell   | Delay | Arrival | Required | 
     |                                 |                |         |       |  Time   |   Time   | 
     |---------------------------------+----------------+---------+-------+---------+----------| 
     | datapath/EXMEM_aluResult_reg[5] | CK ^           |         |       |   0.131 |    2.700 | 
     | datapath/EXMEM_aluResult_reg[5] | CK ^ -> Q ^    | DFFR_X1 | 0.070 |   0.201 |    2.770 | 
     |                                 | dmem_addr[5] ^ |         | 0.000 |   0.202 |    2.770 | 
     +-----------------------------------------------------------------------------------------+ 
Path 48: MET Late External Delay Assertion 
Endpoint:   dmem_addr[2]                      (^) checked with  leading edge of 
'clk'
Beginpoint: datapath/EXMEM_aluResult_reg[2]/Q (^) triggered by  leading edge of 
'clk'
Path Groups: {clk}
Analysis View: RPT_FAST
Other End Arrival Time          0.000
- External Delay                1.230
+ Phase Shift                   4.100
+ CPPR Adjustment               0.000
- Uncertainty                   0.100
= Required Time                 2.770
- Arrival Time                  0.201
= Slack Time                    2.569
     Clock Rise Edge                 0.000
     + Clock Network Latency (Prop)  0.127
     = Beginpoint Arrival Time       0.127
     +-----------------------------------------------------------------------------------------+ 
     |            Instance             |      Arc       |  Cell   | Delay | Arrival | Required | 
     |                                 |                |         |       |  Time   |   Time   | 
     |---------------------------------+----------------+---------+-------+---------+----------| 
     | datapath/EXMEM_aluResult_reg[2] | CK ^           |         |       |   0.127 |    2.695 | 
     | datapath/EXMEM_aluResult_reg[2] | CK ^ -> Q ^    | DFFR_X1 | 0.075 |   0.201 |    2.770 | 
     |                                 | dmem_addr[2] ^ |         | 0.000 |   0.201 |    2.770 | 
     +-----------------------------------------------------------------------------------------+ 
Path 49: MET Late External Delay Assertion 
Endpoint:   dbg_pc[28]               (^) checked with  leading edge of 'clk'
Beginpoint: datapath/IF_pc_reg[28]/Q (^) triggered by  leading edge of 'clk'
Path Groups: {clk}
Analysis View: RPT_FAST
Other End Arrival Time          0.000
- External Delay                1.230
+ Phase Shift                   4.100
+ CPPR Adjustment               0.000
- Uncertainty                   0.100
= Required Time                 2.770
- Arrival Time                  0.199
= Slack Time                    2.571
     Clock Rise Edge                 0.000
     + Clock Network Latency (Prop)  0.130
     = Beginpoint Arrival Time       0.130
     +------------------------------------------------------------------------------+ 
     |        Instance        |     Arc      |  Cell   | Delay | Arrival | Required | 
     |                        |              |         |       |  Time   |   Time   | 
     |------------------------+--------------+---------+-------+---------+----------| 
     | datapath/IF_pc_reg[28] | CK ^         |         |       |   0.130 |    2.701 | 
     | datapath/IF_pc_reg[28] | CK ^ -> Q ^  | DFFR_X1 | 0.069 |   0.199 |    2.770 | 
     |                        | dbg_pc[28] ^ |         | 0.000 |   0.199 |    2.770 | 
     +------------------------------------------------------------------------------+ 
Path 50: MET Late External Delay Assertion 
Endpoint:   imem_addr[28]            (^) checked with  leading edge of 'clk'
Beginpoint: datapath/IF_pc_reg[28]/Q (^) triggered by  leading edge of 'clk'
Path Groups: {clk}
Analysis View: RPT_FAST
Other End Arrival Time          0.000
- External Delay                1.230
+ Phase Shift                   4.100
+ CPPR Adjustment               0.000
- Uncertainty                   0.100
= Required Time                 2.770
- Arrival Time                  0.199
= Slack Time                    2.571
     Clock Rise Edge                 0.000
     + Clock Network Latency (Prop)  0.130
     = Beginpoint Arrival Time       0.130
     +---------------------------------------------------------------------------------+ 
     |        Instance        |       Arc       |  Cell   | Delay | Arrival | Required | 
     |                        |                 |         |       |  Time   |   Time   | 
     |------------------------+-----------------+---------+-------+---------+----------| 
     | datapath/IF_pc_reg[28] | CK ^            |         |       |   0.130 |    2.701 | 
     | datapath/IF_pc_reg[28] | CK ^ -> Q ^     | DFFR_X1 | 0.069 |   0.199 |    2.770 | 
     |                        | imem_addr[28] ^ |         | 0.000 |   0.199 |    2.770 | 
     +---------------------------------------------------------------------------------+ 

