###############################################################
#  Generated by:      Cadence Innovus 23.12-s091_1
#  OS:                Linux x86_64(Host ID nanohub-2907946-1)
#  Generated on:      Tue Aug 11 17:58:11 2026
#  Design:            pipelined_cpu_core
#  Command:           report_timing -early -view RPT_SLOW -max_paths 50 -nworst 1 > reports/41_hold_slow.rpt
###############################################################
Path 1: MET Hold Check with Pin datapath/IDEX_rd_reg[4]/CK 
Endpoint:   datapath/IDEX_rd_reg[4]/D      (v) checked with  leading edge of 
'clk'
Beginpoint: datapath/IFID_instr_reg[11]/QN (^) triggered by  leading edge of 
'clk'
Path Groups: {reg2reg}
Analysis View: RPT_SLOW
Other End Arrival Time          0.513
+ Hold                          0.025
+ Phase Shift                   0.000
- CPPR Adjustment               0.000
+ Uncertainty                   0.020
= Required Time                 0.558
  Arrival Time                  0.730
  Slack Time                    0.172
     Clock Rise Edge                 0.000
     + Clock Network Latency (Prop)  0.480
     = Beginpoint Arrival Time       0.480
     +-----------------------------------------------------------------------------------+ 
     |          Instance           |     Arc      |  Cell   | Delay | Arrival | Required | 
     |                             |              |         |       |  Time   |   Time   | 
     |-----------------------------+--------------+---------+-------+---------+----------| 
     | datapath/IFID_instr_reg[11] | CK ^         |         |       |   0.480 |    0.308 | 
     | datapath/IFID_instr_reg[11] | CK ^ -> QN ^ | DFFR_X1 | 0.221 |   0.701 |    0.529 | 
     | datapath/g35704             | A2 ^ -> ZN v | NOR2_X1 | 0.029 |   0.730 |    0.558 | 
     | datapath/IDEX_rd_reg[4]     | D v          | DFFR_X1 | 0.000 |   0.730 |    0.558 | 
     +-----------------------------------------------------------------------------------+ 
Path 2: MET Hold Check with Pin datapath/EXMEM_storeData_reg[14]/CK 
Endpoint:   datapath/EXMEM_storeData_reg[14]/D (v) checked with  leading edge 
of 'clk'
Beginpoint: datapath/IDEX_readData2_reg[14]/QN (^) triggered by  leading edge 
of 'clk'
Path Groups: {reg2reg}
Analysis View: RPT_SLOW
Other End Arrival Time          0.522
+ Hold                          0.024
+ Phase Shift                   0.000
- CPPR Adjustment               0.000
+ Uncertainty                   0.020
= Required Time                 0.567
  Arrival Time                  0.765
  Slack Time                    0.198
     Clock Rise Edge                 0.000
     + Clock Network Latency (Prop)  0.475
     = Beginpoint Arrival Time       0.475
     +------------------------------------------------------------------------------------------+ 
     |             Instance             |     Arc      |   Cell    | Delay | Arrival | Required | 
     |                                  |              |           |       |  Time   |   Time   | 
     |----------------------------------+--------------+-----------+-------+---------+----------| 
     | datapath/IDEX_readData2_reg[14]  | CK ^         |           |       |   0.475 |    0.277 | 
     | datapath/IDEX_readData2_reg[14]  | CK ^ -> QN ^ | DFFR_X1   | 0.230 |   0.705 |    0.507 | 
     | datapath/g26274                  | A2 ^ -> ZN v | OAI222_X1 | 0.059 |   0.765 |    0.567 | 
     | datapath/EXMEM_storeData_reg[14] | D v          | DFFR_X1   | 0.000 |   0.765 |    0.567 | 
     +------------------------------------------------------------------------------------------+ 
Path 3: MET Hold Check with Pin datapath/EXMEM_storeData_reg[11]/CK 
Endpoint:   datapath/EXMEM_storeData_reg[11]/D (v) checked with  leading edge 
of 'clk'
Beginpoint: datapath/IDEX_readData2_reg[11]/QN (^) triggered by  leading edge 
of 'clk'
Path Groups: {reg2reg}
Analysis View: RPT_SLOW
Other End Arrival Time          0.526
+ Hold                          0.025
+ Phase Shift                   0.000
- CPPR Adjustment               0.000
+ Uncertainty                   0.020
= Required Time                 0.571
  Arrival Time                  0.778
  Slack Time                    0.207
     Clock Rise Edge                 0.000
     + Clock Network Latency (Prop)  0.490
     = Beginpoint Arrival Time       0.490
     +------------------------------------------------------------------------------------------+ 
     |             Instance             |     Arc      |   Cell    | Delay | Arrival | Required | 
     |                                  |              |           |       |  Time   |   Time   | 
     |----------------------------------+--------------+-----------+-------+---------+----------| 
     | datapath/IDEX_readData2_reg[11]  | CK ^         |           |       |   0.490 |    0.283 | 
     | datapath/IDEX_readData2_reg[11]  | CK ^ -> QN ^ | DFFR_X1   | 0.230 |   0.720 |    0.513 | 
     | datapath/g26271                  | A2 ^ -> ZN v | OAI222_X1 | 0.058 |   0.778 |    0.571 | 
     | datapath/EXMEM_storeData_reg[11] | D v          | DFFR_X1   | 0.000 |   0.778 |    0.571 | 
     +------------------------------------------------------------------------------------------+ 
Path 4: MET Hold Check with Pin datapath/EXMEM_storeData_reg[13]/CK 
Endpoint:   datapath/EXMEM_storeData_reg[13]/D (v) checked with  leading edge 
of 'clk'
Beginpoint: datapath/IDEX_readData2_reg[13]/QN (^) triggered by  leading edge 
of 'clk'
Path Groups: {reg2reg}
Analysis View: RPT_SLOW
Other End Arrival Time          0.526
+ Hold                          0.025
+ Phase Shift                   0.000
- CPPR Adjustment               0.000
+ Uncertainty                   0.020
= Required Time                 0.571
  Arrival Time                  0.781
  Slack Time                    0.210
     Clock Rise Edge                 0.000
     + Clock Network Latency (Prop)  0.490
     = Beginpoint Arrival Time       0.490
     +------------------------------------------------------------------------------------------+ 
     |             Instance             |     Arc      |   Cell    | Delay | Arrival | Required | 
     |                                  |              |           |       |  Time   |   Time   | 
     |----------------------------------+--------------+-----------+-------+---------+----------| 
     | datapath/IDEX_readData2_reg[13]  | CK ^         |           |       |   0.490 |    0.281 | 
     | datapath/IDEX_readData2_reg[13]  | CK ^ -> QN ^ | DFFR_X1   | 0.232 |   0.722 |    0.512 | 
     | datapath/g26273                  | A2 ^ -> ZN v | OAI222_X1 | 0.059 |   0.781 |    0.571 | 
     | datapath/EXMEM_storeData_reg[13] | D v          | DFFR_X1   | 0.000 |   0.781 |    0.571 | 
     +------------------------------------------------------------------------------------------+ 
Path 5: MET Hold Check with Pin datapath/IDEX_rd_reg[2]/CK 
Endpoint:   datapath/IDEX_rd_reg[2]/D     (v) checked with  leading edge of 
'clk'
Beginpoint: datapath/IFID_instr_reg[9]/QN (^) triggered by  leading edge of 
'clk'
Path Groups: {reg2reg}
Analysis View: RPT_SLOW
Other End Arrival Time          0.513
+ Hold                          0.024
+ Phase Shift                   0.000
- CPPR Adjustment               0.000
+ Uncertainty                   0.020
= Required Time                 0.558
  Arrival Time                  0.769
  Slack Time                    0.211
     Clock Rise Edge                 0.000
     + Clock Network Latency (Prop)  0.513
     = Beginpoint Arrival Time       0.513
     +----------------------------------------------------------------------------------+ 
     |          Instance          |     Arc      |  Cell   | Delay | Arrival | Required | 
     |                            |              |         |       |  Time   |   Time   | 
     |----------------------------+--------------+---------+-------+---------+----------| 
     | datapath/IFID_instr_reg[9] | CK ^         |         |       |   0.513 |    0.302 | 
     | datapath/IFID_instr_reg[9] | CK ^ -> QN ^ | DFFR_X1 | 0.228 |   0.741 |    0.530 | 
     | datapath/g35702            | A2 ^ -> ZN v | NOR2_X1 | 0.028 |   0.769 |    0.558 | 
     | datapath/IDEX_rd_reg[2]    | D v          | DFFR_X1 | 0.000 |   0.769 |    0.558 | 
     +----------------------------------------------------------------------------------+ 
Path 6: MET Hold Check with Pin datapath/IDEX_rd_reg[1]/CK 
Endpoint:   datapath/IDEX_rd_reg[1]/D     (v) checked with  leading edge of 
'clk'
Beginpoint: datapath/IFID_instr_reg[8]/QN (^) triggered by  leading edge of 
'clk'
Path Groups: {reg2reg}
Analysis View: RPT_SLOW
Other End Arrival Time          0.513
+ Hold                          0.024
+ Phase Shift                   0.000
- CPPR Adjustment               0.000
+ Uncertainty                   0.020
= Required Time                 0.558
  Arrival Time                  0.769
  Slack Time                    0.211
     Clock Rise Edge                 0.000
     + Clock Network Latency (Prop)  0.513
     = Beginpoint Arrival Time       0.513
     +----------------------------------------------------------------------------------+ 
     |          Instance          |     Arc      |  Cell   | Delay | Arrival | Required | 
     |                            |              |         |       |  Time   |   Time   | 
     |----------------------------+--------------+---------+-------+---------+----------| 
     | datapath/IFID_instr_reg[8] | CK ^         |         |       |   0.513 |    0.302 | 
     | datapath/IFID_instr_reg[8] | CK ^ -> QN ^ | DFFR_X1 | 0.228 |   0.741 |    0.530 | 
     | datapath/g35707            | A2 ^ -> ZN v | NOR2_X1 | 0.028 |   0.769 |    0.558 | 
     | datapath/IDEX_rd_reg[1]    | D v          | DFFR_X1 | 0.000 |   0.769 |    0.558 | 
     +----------------------------------------------------------------------------------+ 
Path 7: MET Hold Check with Pin datapath/IDEX_rd_reg[0]/CK 
Endpoint:   datapath/IDEX_rd_reg[0]/D     (v) checked with  leading edge of 
'clk'
Beginpoint: datapath/IFID_instr_reg[7]/QN (^) triggered by  leading edge of 
'clk'
Path Groups: {reg2reg}
Analysis View: RPT_SLOW
Other End Arrival Time          0.513
+ Hold                          0.024
+ Phase Shift                   0.000
- CPPR Adjustment               0.000
+ Uncertainty                   0.020
= Required Time                 0.558
  Arrival Time                  0.770
  Slack Time                    0.212
     Clock Rise Edge                 0.000
     + Clock Network Latency (Prop)  0.513
     = Beginpoint Arrival Time       0.513
     +----------------------------------------------------------------------------------+ 
     |          Instance          |     Arc      |  Cell   | Delay | Arrival | Required | 
     |                            |              |         |       |  Time   |   Time   | 
     |----------------------------+--------------+---------+-------+---------+----------| 
     | datapath/IFID_instr_reg[7] | CK ^         |         |       |   0.513 |    0.301 | 
     | datapath/IFID_instr_reg[7] | CK ^ -> QN ^ | DFFR_X1 | 0.229 |   0.742 |    0.530 | 
     | datapath/g35706            | A2 ^ -> ZN v | NOR2_X1 | 0.028 |   0.770 |    0.558 | 
     | datapath/IDEX_rd_reg[0]    | D v          | DFFR_X1 | 0.000 |   0.770 |    0.558 | 
     +----------------------------------------------------------------------------------+ 
Path 8: MET Hold Check with Pin datapath/IDEX_rd_reg[3]/CK 
Endpoint:   datapath/IDEX_rd_reg[3]/D      (v) checked with  leading edge of 
'clk'
Beginpoint: datapath/IFID_instr_reg[10]/QN (^) triggered by  leading edge of 
'clk'
Path Groups: {reg2reg}
Analysis View: RPT_SLOW
Other End Arrival Time          0.513
+ Hold                          0.024
+ Phase Shift                   0.000
- CPPR Adjustment               0.000
+ Uncertainty                   0.020
= Required Time                 0.558
  Arrival Time                  0.771
  Slack Time                    0.213
     Clock Rise Edge                 0.000
     + Clock Network Latency (Prop)  0.513
     = Beginpoint Arrival Time       0.513
     +-----------------------------------------------------------------------------------+ 
     |          Instance           |     Arc      |  Cell   | Delay | Arrival | Required | 
     |                             |              |         |       |  Time   |   Time   | 
     |-----------------------------+--------------+---------+-------+---------+----------| 
     | datapath/IFID_instr_reg[10] | CK ^         |         |       |   0.513 |    0.300 | 
     | datapath/IFID_instr_reg[10] | CK ^ -> QN ^ | DFFR_X1 | 0.231 |   0.743 |    0.530 | 
     | datapath/g35705             | A2 ^ -> ZN v | NOR2_X1 | 0.027 |   0.771 |    0.558 | 
     | datapath/IDEX_rd_reg[3]     | D v          | DFFR_X1 | 0.000 |   0.771 |    0.558 | 
     +-----------------------------------------------------------------------------------+ 
Path 9: MET Hold Check with Pin datapath/EXMEM_storeData_reg[22]/CK 
Endpoint:   datapath/EXMEM_storeData_reg[22]/D (v) checked with  leading edge 
of 'clk'
Beginpoint: datapath/IDEX_readData2_reg[22]/QN (^) triggered by  leading edge 
of 'clk'
Path Groups: {reg2reg}
Analysis View: RPT_SLOW
Other End Arrival Time          0.543
+ Hold                          0.025
+ Phase Shift                   0.000
- CPPR Adjustment               0.000
+ Uncertainty                   0.020
= Required Time                 0.588
  Arrival Time                  0.805
  Slack Time                    0.217
     Clock Rise Edge                 0.000
     + Clock Network Latency (Prop)  0.523
     = Beginpoint Arrival Time       0.523
     +-----------------------------------------------------------------------------------------+ 
     |             Instance             |     Arc      |   Cell   | Delay | Arrival | Required | 
     |                                  |              |          |       |  Time   |   Time   | 
     |----------------------------------+--------------+----------+-------+---------+----------| 
     | datapath/IDEX_readData2_reg[22]  | CK ^         |          |       |   0.523 |    0.306 | 
     | datapath/IDEX_readData2_reg[22]  | CK ^ -> QN ^ | DFFR_X1  | 0.226 |   0.749 |    0.532 | 
     | datapath/g26318                  | B2 ^ -> ZN v | OAI21_X1 | 0.056 |   0.805 |    0.588 | 
     | datapath/EXMEM_storeData_reg[22] | D v          | DFFR_X1  | 0.000 |   0.805 |    0.588 | 
     +-----------------------------------------------------------------------------------------+ 
Path 10: MET Hold Check with Pin datapath/MEMWB_aluResult_reg[11]/CK 
Endpoint:   datapath/MEMWB_aluResult_reg[11]/D (v) checked with  leading edge 
of 'clk'
Beginpoint: datapath/EXMEM_aluResult_reg[11]/Q (v) triggered by  leading edge 
of 'clk'
Path Groups: {reg2reg}
Analysis View: RPT_SLOW
Other End Arrival Time          0.519
+ Hold                          0.023
+ Phase Shift                   0.000
- CPPR Adjustment               0.000
+ Uncertainty                   0.020
= Required Time                 0.562
  Arrival Time                  0.779
  Slack Time                    0.218
     Clock Rise Edge                 0.000
     + Clock Network Latency (Prop)  0.487
     = Beginpoint Arrival Time       0.487
     +---------------------------------------------------------------------------------------+ 
     |             Instance             |     Arc     |  Cell   | Delay | Arrival | Required | 
     |                                  |             |         |       |  Time   |   Time   | 
     |----------------------------------+-------------+---------+-------+---------+----------| 
     | datapath/EXMEM_aluResult_reg[11] | CK ^        |         |       |   0.487 |    0.270 | 
     | datapath/EXMEM_aluResult_reg[11] | CK ^ -> Q v | DFFR_X1 | 0.292 |   0.779 |    0.562 | 
     | datapath/MEMWB_aluResult_reg[11] | D v         | DFFR_X1 | 0.000 |   0.779 |    0.562 | 
     +---------------------------------------------------------------------------------------+ 
Path 11: MET Hold Check with Pin datapath/EXMEM_storeData_reg[21]/CK 
Endpoint:   datapath/EXMEM_storeData_reg[21]/D (v) checked with  leading edge 
of 'clk'
Beginpoint: datapath/IDEX_readData2_reg[21]/QN (^) triggered by  leading edge 
of 'clk'
Path Groups: {reg2reg}
Analysis View: RPT_SLOW
Other End Arrival Time          0.516
+ Hold                          0.023
+ Phase Shift                   0.000
- CPPR Adjustment               0.000
+ Uncertainty                   0.020
= Required Time                 0.560
  Arrival Time                  0.779
  Slack Time                    0.219
     Clock Rise Edge                 0.000
     + Clock Network Latency (Prop)  0.490
     = Beginpoint Arrival Time       0.490
     +------------------------------------------------------------------------------------------+ 
     |             Instance             |     Arc      |   Cell    | Delay | Arrival | Required | 
     |                                  |              |           |       |  Time   |   Time   | 
     |----------------------------------+--------------+-----------+-------+---------+----------| 
     | datapath/IDEX_readData2_reg[21]  | CK ^         |           |       |   0.490 |    0.272 | 
     | datapath/IDEX_readData2_reg[21]  | CK ^ -> QN ^ | DFFR_X1   | 0.228 |   0.718 |    0.500 | 
     | datapath/g26259                  | A2 ^ -> ZN v | OAI222_X1 | 0.060 |   0.779 |    0.560 | 
     | datapath/EXMEM_storeData_reg[21] | D v          | DFFR_X1   | 0.000 |   0.779 |    0.560 | 
     +------------------------------------------------------------------------------------------+ 
Path 12: MET Hold Check with Pin datapath/MEMWB_rd_reg[4]/CK 
Endpoint:   datapath/MEMWB_rd_reg[4]/D  (v) checked with  leading edge of 'clk'
Beginpoint: datapath/EXMEM_rd_reg[4]/QN (^) triggered by  leading edge of 'clk'
Path Groups: {reg2reg}
Analysis View: RPT_SLOW
Other End Arrival Time          0.343
+ Hold                          0.020
+ Phase Shift                   0.000
- CPPR Adjustment               0.000
+ Uncertainty                   0.020
= Required Time                 0.383
  Arrival Time                  0.614
  Slack Time                    0.231
     Clock Rise Edge                 0.000
     + Clock Network Latency (Prop)  0.337
     = Beginpoint Arrival Time       0.337
     +-------------------------------------------------------------------------------------+ 
     |           Instance            |     Arc      |  Cell   | Delay | Arrival | Required | 
     |                               |              |         |       |  Time   |   Time   | 
     |-------------------------------+--------------+---------+-------+---------+----------| 
     | datapath/EXMEM_rd_reg[4]      | CK ^         |         |       |   0.337 |    0.106 | 
     | datapath/EXMEM_rd_reg[4]      | CK ^ -> QN ^ | DFFR_X1 | 0.232 |   0.569 |    0.338 | 
     | datapath/FE_OFC768_EXMEM_rd_4 | A ^ -> ZN v  | INV_X2  | 0.045 |   0.614 |    0.383 | 
     | datapath/MEMWB_rd_reg[4]      | D v          | DFFR_X1 | 0.001 |   0.614 |    0.383 | 
     +-------------------------------------------------------------------------------------+ 
Path 13: MET Hold Check with Pin datapath/MEMWB_aluResult_reg[23]/CK 
Endpoint:   datapath/MEMWB_aluResult_reg[23]/D (v) checked with  leading edge 
of 'clk'
Beginpoint: datapath/EXMEM_aluResult_reg[23]/Q (v) triggered by  leading edge 
of 'clk'
Path Groups: {reg2reg}
Analysis View: RPT_SLOW
Other End Arrival Time          0.546
+ Hold                          0.027
+ Phase Shift                   0.000
- CPPR Adjustment               0.000
+ Uncertainty                   0.020
= Required Time                 0.594
  Arrival Time                  0.826
  Slack Time                    0.232
     Clock Rise Edge                 0.000
     + Clock Network Latency (Prop)  0.519
     = Beginpoint Arrival Time       0.519
     +---------------------------------------------------------------------------------------+ 
     |             Instance             |     Arc     |  Cell   | Delay | Arrival | Required | 
     |                                  |             |         |       |  Time   |   Time   | 
     |----------------------------------+-------------+---------+-------+---------+----------| 
     | datapath/EXMEM_aluResult_reg[23] | CK ^        |         |       |   0.519 |    0.287 | 
     | datapath/EXMEM_aluResult_reg[23] | CK ^ -> Q v | DFFR_X1 | 0.307 |   0.826 |    0.594 | 
     | datapath/MEMWB_aluResult_reg[23] | D v         | DFFR_X1 | 0.000 |   0.826 |    0.594 | 
     +---------------------------------------------------------------------------------------+ 
Path 14: MET Hold Check with Pin datapath/MEMWB_aluResult_reg[10]/CK 
Endpoint:   datapath/MEMWB_aluResult_reg[10]/D (v) checked with  leading edge 
of 'clk'
Beginpoint: datapath/EXMEM_aluResult_reg[10]/Q (v) triggered by  leading edge 
of 'clk'
Path Groups: {reg2reg}
Analysis View: RPT_SLOW
Other End Arrival Time          0.486
+ Hold                          0.024
+ Phase Shift                   0.000
- CPPR Adjustment               0.000
+ Uncertainty                   0.020
= Required Time                 0.530
  Arrival Time                  0.764
  Slack Time                    0.233
     Clock Rise Edge                 0.000
     + Clock Network Latency (Prop)  0.475
     = Beginpoint Arrival Time       0.475
     +---------------------------------------------------------------------------------------+ 
     |             Instance             |     Arc     |  Cell   | Delay | Arrival | Required | 
     |                                  |             |         |       |  Time   |   Time   | 
     |----------------------------------+-------------+---------+-------+---------+----------| 
     | datapath/EXMEM_aluResult_reg[10] | CK ^        |         |       |   0.475 |    0.242 | 
     | datapath/EXMEM_aluResult_reg[10] | CK ^ -> Q v | DFFR_X1 | 0.289 |   0.764 |    0.530 | 
     | datapath/MEMWB_aluResult_reg[10] | D v         | DFFR_X1 | 0.000 |   0.764 |    0.530 | 
     +---------------------------------------------------------------------------------------+ 
Path 15: MET Hold Check with Pin datapath/MEMWB_aluResult_reg[9]/CK 
Endpoint:   datapath/MEMWB_aluResult_reg[9]/D (v) checked with  leading edge of 
'clk'
Beginpoint: datapath/EXMEM_aluResult_reg[9]/Q (v) triggered by  leading edge of 
'clk'
Path Groups: {reg2reg}
Analysis View: RPT_SLOW
Other End Arrival Time          0.486
+ Hold                          0.024
+ Phase Shift                   0.000
- CPPR Adjustment               0.000
+ Uncertainty                   0.020
= Required Time                 0.530
  Arrival Time                  0.765
  Slack Time                    0.235
     Clock Rise Edge                 0.000
     + Clock Network Latency (Prop)  0.479
     = Beginpoint Arrival Time       0.479
     +--------------------------------------------------------------------------------------+ 
     |            Instance             |     Arc     |  Cell   | Delay | Arrival | Required | 
     |                                 |             |         |       |  Time   |   Time   | 
     |---------------------------------+-------------+---------+-------+---------+----------| 
     | datapath/EXMEM_aluResult_reg[9] | CK ^        |         |       |   0.479 |    0.244 | 
     | datapath/EXMEM_aluResult_reg[9] | CK ^ -> Q v | DFFR_X1 | 0.286 |   0.765 |    0.530 | 
     | datapath/MEMWB_aluResult_reg[9] | D v         | DFFR_X1 | 0.000 |   0.765 |    0.530 | 
     +--------------------------------------------------------------------------------------+ 
Path 16: MET Hold Check with Pin datapath/MEMWB_aluResult_reg[8]/CK 
Endpoint:   datapath/MEMWB_aluResult_reg[8]/D (v) checked with  leading edge of 
'clk'
Beginpoint: datapath/EXMEM_aluResult_reg[8]/Q (v) triggered by  leading edge of 
'clk'
Path Groups: {reg2reg}
Analysis View: RPT_SLOW
Other End Arrival Time          0.486
+ Hold                          0.024
+ Phase Shift                   0.000
- CPPR Adjustment               0.000
+ Uncertainty                   0.020
= Required Time                 0.530
  Arrival Time                  0.765
  Slack Time                    0.235
     Clock Rise Edge                 0.000
     + Clock Network Latency (Prop)  0.479
     = Beginpoint Arrival Time       0.479
     +--------------------------------------------------------------------------------------+ 
     |            Instance             |     Arc     |  Cell   | Delay | Arrival | Required | 
     |                                 |             |         |       |  Time   |   Time   | 
     |---------------------------------+-------------+---------+-------+---------+----------| 
     | datapath/EXMEM_aluResult_reg[8] | CK ^        |         |       |   0.479 |    0.244 | 
     | datapath/EXMEM_aluResult_reg[8] | CK ^ -> Q v | DFFR_X1 | 0.287 |   0.765 |    0.530 | 
     | datapath/MEMWB_aluResult_reg[8] | D v         | DFFR_X1 | 0.000 |   0.765 |    0.530 | 
     +--------------------------------------------------------------------------------------+ 
Path 17: MET Hold Check with Pin datapath/EXMEM_storeData_reg[24]/CK 
Endpoint:   datapath/EXMEM_storeData_reg[24]/D (v) checked with  leading edge 
of 'clk'
Beginpoint: datapath/IDEX_readData2_reg[24]/QN (^) triggered by  leading edge 
of 'clk'
Path Groups: {reg2reg}
Analysis View: RPT_SLOW
Other End Arrival Time          0.543
+ Hold                          0.025
+ Phase Shift                   0.000
- CPPR Adjustment               0.000
+ Uncertainty                   0.020
= Required Time                 0.588
  Arrival Time                  0.825
  Slack Time                    0.236
     Clock Rise Edge                 0.000
     + Clock Network Latency (Prop)  0.543
     = Beginpoint Arrival Time       0.543
     +-----------------------------------------------------------------------------------------+ 
     |             Instance             |     Arc      |   Cell   | Delay | Arrival | Required | 
     |                                  |              |          |       |  Time   |   Time   | 
     |----------------------------------+--------------+----------+-------+---------+----------| 
     | datapath/IDEX_readData2_reg[24]  | CK ^         |          |       |   0.543 |    0.306 | 
     | datapath/IDEX_readData2_reg[24]  | CK ^ -> QN ^ | DFFR_X1  | 0.228 |   0.770 |    0.534 | 
     | datapath/g26317                  | B2 ^ -> ZN v | OAI21_X1 | 0.055 |   0.825 |    0.588 | 
     | datapath/EXMEM_storeData_reg[24] | D v          | DFFR_X1  | 0.000 |   0.825 |    0.588 | 
     +-----------------------------------------------------------------------------------------+ 
Path 18: MET Hold Check with Pin datapath/EXMEM_storeData_reg[12]/CK 
Endpoint:   datapath/EXMEM_storeData_reg[12]/D (v) checked with  leading edge 
of 'clk'
Beginpoint: datapath/IDEX_readData2_reg[12]/QN (^) triggered by  leading edge 
of 'clk'
Path Groups: {reg2reg}
Analysis View: RPT_SLOW
Other End Arrival Time          0.526
+ Hold                          0.026
+ Phase Shift                   0.000
- CPPR Adjustment               0.000
+ Uncertainty                   0.020
= Required Time                 0.572
  Arrival Time                  0.810
  Slack Time                    0.238
     Clock Rise Edge                 0.000
     + Clock Network Latency (Prop)  0.522
     = Beginpoint Arrival Time       0.522
     +------------------------------------------------------------------------------------------+ 
     |             Instance             |     Arc      |   Cell    | Delay | Arrival | Required | 
     |                                  |              |           |       |  Time   |   Time   | 
     |----------------------------------+--------------+-----------+-------+---------+----------| 
     | datapath/IDEX_readData2_reg[12]  | CK ^         |           |       |   0.522 |    0.284 | 
     | datapath/IDEX_readData2_reg[12]  | CK ^ -> QN ^ | DFFR_X1   | 0.226 |   0.748 |    0.510 | 
     | datapath/g26272                  | A2 ^ -> ZN v | OAI222_X1 | 0.061 |   0.810 |    0.571 | 
     | datapath/EXMEM_storeData_reg[12] | D v          | DFFR_X1   | 0.000 |   0.810 |    0.572 | 
     +------------------------------------------------------------------------------------------+ 
Path 19: MET Hold Check with Pin datapath/EXMEM_storeData_reg[17]/CK 
Endpoint:   datapath/EXMEM_storeData_reg[17]/D (v) checked with  leading edge 
of 'clk'
Beginpoint: datapath/IDEX_readData2_reg[17]/QN (^) triggered by  leading edge 
of 'clk'
Path Groups: {reg2reg}
Analysis View: RPT_SLOW
Other End Arrival Time          0.543
+ Hold                          0.025
+ Phase Shift                   0.000
- CPPR Adjustment               0.000
+ Uncertainty                   0.020
= Required Time                 0.588
  Arrival Time                  0.829
  Slack Time                    0.241
     Clock Rise Edge                 0.000
     + Clock Network Latency (Prop)  0.543
     = Beginpoint Arrival Time       0.543
     +-----------------------------------------------------------------------------------------+ 
     |             Instance             |     Arc      |   Cell   | Delay | Arrival | Required | 
     |                                  |              |          |       |  Time   |   Time   | 
     |----------------------------------+--------------+----------+-------+---------+----------| 
     | datapath/IDEX_readData2_reg[17]  | CK ^         |          |       |   0.543 |    0.302 | 
     | datapath/IDEX_readData2_reg[17]  | CK ^ -> QN ^ | DFFR_X1  | 0.229 |   0.772 |    0.532 | 
     | datapath/g26319                  | B2 ^ -> ZN v | OAI21_X1 | 0.057 |   0.829 |    0.588 | 
     | datapath/EXMEM_storeData_reg[17] | D v          | DFFR_X1  | 0.000 |   0.829 |    0.588 | 
     +-----------------------------------------------------------------------------------------+ 
Path 20: MET Hold Check with Pin datapath/EXMEM_memWrite_reg/CK 
Endpoint:   datapath/EXMEM_memWrite_reg/D (v) checked with  leading edge of 
'clk'
Beginpoint: datapath/IDEX_memWrite_reg/Q  (v) triggered by  leading edge of 
'clk'
Path Groups: {reg2reg}
Analysis View: RPT_SLOW
Other End Arrival Time          0.516
+ Hold                          0.022
+ Phase Shift                   0.000
- CPPR Adjustment               0.000
+ Uncertainty                   0.020
= Required Time                 0.559
  Arrival Time                  0.802
  Slack Time                    0.243
     Clock Rise Edge                 0.000
     + Clock Network Latency (Prop)  0.513
     = Beginpoint Arrival Time       0.513
     +----------------------------------------------------------------------------------+ 
     |          Instance           |     Arc     |  Cell   | Delay | Arrival | Required | 
     |                             |             |         |       |  Time   |   Time   | 
     |-----------------------------+-------------+---------+-------+---------+----------| 
     | datapath/IDEX_memWrite_reg  | CK ^        |         |       |   0.513 |    0.270 | 
     | datapath/IDEX_memWrite_reg  | CK ^ -> Q v | DFFR_X1 | 0.289 |   0.802 |    0.559 | 
     | datapath/EXMEM_memWrite_reg | D v         | DFFR_X1 | 0.000 |   0.802 |    0.559 | 
     +----------------------------------------------------------------------------------+ 
Path 21: MET Hold Check with Pin datapath/EXMEM_memRead_reg/CK 
Endpoint:   datapath/EXMEM_memRead_reg/D (v) checked with  leading edge of 'clk'
Beginpoint: datapath/IDEX_memRead_reg/Q  (v) triggered by  leading edge of 'clk'
Path Groups: {reg2reg}
Analysis View: RPT_SLOW
Other End Arrival Time          0.489
+ Hold                          0.019
+ Phase Shift                   0.000
- CPPR Adjustment               0.000
+ Uncertainty                   0.020
= Required Time                 0.527
  Arrival Time                  0.771
  Slack Time                    0.243
     Clock Rise Edge                 0.000
     + Clock Network Latency (Prop)  0.480
     = Beginpoint Arrival Time       0.480
     +---------------------------------------------------------------------------------+ 
     |          Instance          |     Arc     |  Cell   | Delay | Arrival | Required | 
     |                            |             |         |       |  Time   |   Time   | 
     |----------------------------+-------------+---------+-------+---------+----------| 
     | datapath/IDEX_memRead_reg  | CK ^        |         |       |   0.480 |    0.237 | 
     | datapath/IDEX_memRead_reg  | CK ^ -> Q v | DFFR_X1 | 0.290 |   0.771 |    0.527 | 
     | datapath/EXMEM_memRead_reg | D v         | DFFR_X1 | 0.000 |   0.771 |    0.527 | 
     +---------------------------------------------------------------------------------+ 
Path 22: MET Hold Check with Pin datapath/MEMWB_aluResult_reg[18]/CK 
Endpoint:   datapath/MEMWB_aluResult_reg[18]/D (v) checked with  leading edge 
of 'clk'
Beginpoint: datapath/EXMEM_aluResult_reg[18]/Q (v) triggered by  leading edge 
of 'clk'
Path Groups: {reg2reg}
Analysis View: RPT_SLOW
Other End Arrival Time          0.539
+ Hold                          0.023
+ Phase Shift                   0.000
- CPPR Adjustment               0.000
+ Uncertainty                   0.020
= Required Time                 0.582
  Arrival Time                  0.826
  Slack Time                    0.244
     Clock Rise Edge                 0.000
     + Clock Network Latency (Prop)  0.539
     = Beginpoint Arrival Time       0.539
     +---------------------------------------------------------------------------------------+ 
     |             Instance             |     Arc     |  Cell   | Delay | Arrival | Required | 
     |                                  |             |         |       |  Time   |   Time   | 
     |----------------------------------+-------------+---------+-------+---------+----------| 
     | datapath/EXMEM_aluResult_reg[18] | CK ^        |         |       |   0.539 |    0.295 | 
     | datapath/EXMEM_aluResult_reg[18] | CK ^ -> Q v | DFFR_X1 | 0.287 |   0.826 |    0.582 | 
     | datapath/MEMWB_aluResult_reg[18] | D v         | DFFR_X1 | 0.000 |   0.826 |    0.582 | 
     +---------------------------------------------------------------------------------------+ 
Path 23: MET Hold Check with Pin datapath/MEMWB_aluResult_reg[19]/CK 
Endpoint:   datapath/MEMWB_aluResult_reg[19]/D (v) checked with  leading edge 
of 'clk'
Beginpoint: datapath/EXMEM_aluResult_reg[19]/Q (v) triggered by  leading edge 
of 'clk'
Path Groups: {reg2reg}
Analysis View: RPT_SLOW
Other End Arrival Time          0.543
+ Hold                          0.025
+ Phase Shift                   0.000
- CPPR Adjustment               0.000
+ Uncertainty                   0.020
= Required Time                 0.588
  Arrival Time                  0.832
  Slack Time                    0.245
     Clock Rise Edge                 0.000
     + Clock Network Latency (Prop)  0.543
     = Beginpoint Arrival Time       0.543
     +---------------------------------------------------------------------------------------+ 
     |             Instance             |     Arc     |  Cell   | Delay | Arrival | Required | 
     |                                  |             |         |       |  Time   |   Time   | 
     |----------------------------------+-------------+---------+-------+---------+----------| 
     | datapath/EXMEM_aluResult_reg[19] | CK ^        |         |       |   0.543 |    0.298 | 
     | datapath/EXMEM_aluResult_reg[19] | CK ^ -> Q v | DFFR_X1 | 0.289 |   0.832 |    0.588 | 
     | datapath/MEMWB_aluResult_reg[19] | D v         | DFFR_X1 | 0.000 |   0.832 |    0.588 | 
     +---------------------------------------------------------------------------------------+ 
Path 24: MET Hold Check with Pin datapath/MEMWB_aluResult_reg[21]/CK 
Endpoint:   datapath/MEMWB_aluResult_reg[21]/D (v) checked with  leading edge 
of 'clk'
Beginpoint: datapath/EXMEM_aluResult_reg[21]/Q (v) triggered by  leading edge 
of 'clk'
Path Groups: {reg2reg}
Analysis View: RPT_SLOW
Other End Arrival Time          0.519
+ Hold                          0.023
+ Phase Shift                   0.000
- CPPR Adjustment               0.000
+ Uncertainty                   0.020
= Required Time                 0.561
  Arrival Time                  0.806
  Slack Time                    0.245
     Clock Rise Edge                 0.000
     + Clock Network Latency (Prop)  0.519
     = Beginpoint Arrival Time       0.519
     +---------------------------------------------------------------------------------------+ 
     |             Instance             |     Arc     |  Cell   | Delay | Arrival | Required | 
     |                                  |             |         |       |  Time   |   Time   | 
     |----------------------------------+-------------+---------+-------+---------+----------| 
     | datapath/EXMEM_aluResult_reg[21] | CK ^        |         |       |   0.519 |    0.274 | 
     | datapath/EXMEM_aluResult_reg[21] | CK ^ -> Q v | DFFR_X1 | 0.287 |   0.806 |    0.561 | 
     | datapath/MEMWB_aluResult_reg[21] | D v         | DFFR_X1 | 0.000 |   0.806 |    0.561 | 
     +---------------------------------------------------------------------------------------+ 
Path 25: MET Hold Check with Pin datapath/MEMWB_aluResult_reg[20]/CK 
Endpoint:   datapath/MEMWB_aluResult_reg[20]/D (v) checked with  leading edge 
of 'clk'
Beginpoint: datapath/EXMEM_aluResult_reg[20]/Q (v) triggered by  leading edge 
of 'clk'
Path Groups: {reg2reg}
Analysis View: RPT_SLOW
Other End Arrival Time          0.539
+ Hold                          0.025
+ Phase Shift                   0.000
- CPPR Adjustment               0.000
+ Uncertainty                   0.020
= Required Time                 0.584
  Arrival Time                  0.829
  Slack Time                    0.245
     Clock Rise Edge                 0.000
     + Clock Network Latency (Prop)  0.519
     = Beginpoint Arrival Time       0.519
     +---------------------------------------------------------------------------------------+ 
     |             Instance             |     Arc     |  Cell   | Delay | Arrival | Required | 
     |                                  |             |         |       |  Time   |   Time   | 
     |----------------------------------+-------------+---------+-------+---------+----------| 
     | datapath/EXMEM_aluResult_reg[20] | CK ^        |         |       |   0.519 |    0.274 | 
     | datapath/EXMEM_aluResult_reg[20] | CK ^ -> Q v | DFFR_X1 | 0.309 |   0.829 |    0.583 | 
     | datapath/MEMWB_aluResult_reg[20] | D v         | DFFR_X1 | 0.000 |   0.829 |    0.584 | 
     +---------------------------------------------------------------------------------------+ 
Path 26: MET Hold Check with Pin datapath/EXMEM_storeData_reg[23]/CK 
Endpoint:   datapath/EXMEM_storeData_reg[23]/D (v) checked with  leading edge 
of 'clk'
Beginpoint: datapath/IDEX_readData2_reg[23]/QN (^) triggered by  leading edge 
of 'clk'
Path Groups: {reg2reg}
Analysis View: RPT_SLOW
Other End Arrival Time          0.516
+ Hold                          0.023
+ Phase Shift                   0.000
- CPPR Adjustment               0.000
+ Uncertainty                   0.020
= Required Time                 0.559
  Arrival Time                  0.804
  Slack Time                    0.245
     Clock Rise Edge                 0.000
     + Clock Network Latency (Prop)  0.523
     = Beginpoint Arrival Time       0.523
     +------------------------------------------------------------------------------------------+ 
     |             Instance             |     Arc      |   Cell    | Delay | Arrival | Required | 
     |                                  |              |           |       |  Time   |   Time   | 
     |----------------------------------+--------------+-----------+-------+---------+----------| 
     | datapath/IDEX_readData2_reg[23]  | CK ^         |           |       |   0.523 |    0.278 | 
     | datapath/IDEX_readData2_reg[23]  | CK ^ -> QN ^ | DFFR_X1   | 0.226 |   0.749 |    0.504 | 
     | datapath/g26265                  | A2 ^ -> ZN v | OAI222_X1 | 0.055 |   0.804 |    0.559 | 
     | datapath/EXMEM_storeData_reg[23] | D v          | DFFR_X1   | 0.000 |   0.804 |    0.559 | 
     +------------------------------------------------------------------------------------------+ 
Path 27: MET Hold Check with Pin datapath/EXMEM_storeData_reg[20]/CK 
Endpoint:   datapath/EXMEM_storeData_reg[20]/D (v) checked with  leading edge 
of 'clk'
Beginpoint: datapath/IDEX_readData2_reg[20]/QN (^) triggered by  leading edge 
of 'clk'
Path Groups: {reg2reg}
Analysis View: RPT_SLOW
Other End Arrival Time          0.516
+ Hold                          0.023
+ Phase Shift                   0.000
- CPPR Adjustment               0.000
+ Uncertainty                   0.020
= Required Time                 0.559
  Arrival Time                  0.805
  Slack Time                    0.245
     Clock Rise Edge                 0.000
     + Clock Network Latency (Prop)  0.522
     = Beginpoint Arrival Time       0.522
     +------------------------------------------------------------------------------------------+ 
     |             Instance             |     Arc      |   Cell    | Delay | Arrival | Required | 
     |                                  |              |           |       |  Time   |   Time   | 
     |----------------------------------+--------------+-----------+-------+---------+----------| 
     | datapath/IDEX_readData2_reg[20]  | CK ^         |           |       |   0.522 |    0.277 | 
     | datapath/IDEX_readData2_reg[20]  | CK ^ -> QN ^ | DFFR_X1   | 0.226 |   0.748 |    0.503 | 
     | datapath/g26263                  | A2 ^ -> ZN v | OAI222_X1 | 0.056 |   0.805 |    0.559 | 
     | datapath/EXMEM_storeData_reg[20] | D v          | DFFR_X1   | 0.000 |   0.805 |    0.559 | 
     +------------------------------------------------------------------------------------------+ 
Path 28: MET Hold Check with Pin datapath/EXMEM_storeData_reg[16]/CK 
Endpoint:   datapath/EXMEM_storeData_reg[16]/D (v) checked with  leading edge 
of 'clk'
Beginpoint: datapath/IDEX_readData2_reg[16]/QN (^) triggered by  leading edge 
of 'clk'
Path Groups: {reg2reg}
Analysis View: RPT_SLOW
Other End Arrival Time          0.516
+ Hold                          0.022
+ Phase Shift                   0.000
- CPPR Adjustment               0.000
+ Uncertainty                   0.020
= Required Time                 0.558
  Arrival Time                  0.804
  Slack Time                    0.246
     Clock Rise Edge                 0.000
     + Clock Network Latency (Prop)  0.523
     = Beginpoint Arrival Time       0.523
     +-----------------------------------------------------------------------------------------+ 
     |             Instance             |     Arc      |   Cell   | Delay | Arrival | Required | 
     |                                  |              |          |       |  Time   |   Time   | 
     |----------------------------------+--------------+----------+-------+---------+----------| 
     | datapath/IDEX_readData2_reg[16]  | CK ^         |          |       |   0.523 |    0.277 | 
     | datapath/IDEX_readData2_reg[16]  | CK ^ -> QN ^ | DFFR_X1  | 0.227 |   0.749 |    0.504 | 
     | datapath/g26320                  | B2 ^ -> ZN v | OAI21_X1 | 0.055 |   0.804 |    0.558 | 
     | datapath/EXMEM_storeData_reg[16] | D v          | DFFR_X1  | 0.000 |   0.804 |    0.558 | 
     +-----------------------------------------------------------------------------------------+ 
Path 29: MET Hold Check with Pin datapath/IF_pc_reg[1]/CK 
Endpoint:   datapath/IF_pc_reg[1]/SI (^) checked with  leading edge of 'clk'
Beginpoint: datapath/IF_pc_reg[1]/Q  (^) triggered by  leading edge of 'clk'
Path Groups: {reg2reg}
Analysis View: RPT_SLOW
Other End Arrival Time          0.516
+ Hold                         -0.009
+ Phase Shift                   0.000
- CPPR Adjustment               0.000
+ Uncertainty                   0.020
= Required Time                 0.527
  Arrival Time                  0.775
  Slack Time                    0.248
     Clock Rise Edge                 0.000
     + Clock Network Latency (Prop)  0.516
     = Beginpoint Arrival Time       0.516
     +-----------------------------------------------------------------------------+ 
     |       Instance        |     Arc     |   Cell   | Delay | Arrival | Required | 
     |                       |             |          |       |  Time   |   Time   | 
     |-----------------------+-------------+----------+-------+---------+----------| 
     | datapath/IF_pc_reg[1] | CK ^        |          |       |   0.516 |    0.268 | 
     | datapath/IF_pc_reg[1] | CK ^ -> Q ^ | SDFFR_X1 | 0.259 |   0.775 |    0.527 | 
     | datapath/IF_pc_reg[1] | SI ^        | SDFFR_X1 | 0.000 |   0.775 |    0.527 | 
     +-----------------------------------------------------------------------------+ 
Path 30: MET Hold Check with Pin datapath/EXMEM_storeData_reg[8]/CK 
Endpoint:   datapath/EXMEM_storeData_reg[8]/D (v) checked with  leading edge of 
'clk'
Beginpoint: datapath/IDEX_readData2_reg[8]/QN (^) triggered by  leading edge of 
'clk'
Path Groups: {reg2reg}
Analysis View: RPT_SLOW
Other End Arrival Time          0.479
+ Hold                          0.023
+ Phase Shift                   0.000
- CPPR Adjustment               0.000
+ Uncertainty                   0.020
= Required Time                 0.522
  Arrival Time                  0.771
  Slack Time                    0.248
     Clock Rise Edge                 0.000
     + Clock Network Latency (Prop)  0.486
     = Beginpoint Arrival Time       0.486
     +-----------------------------------------------------------------------------------------+ 
     |            Instance             |     Arc      |   Cell    | Delay | Arrival | Required | 
     |                                 |              |           |       |  Time   |   Time   | 
     |---------------------------------+--------------+-----------+-------+---------+----------| 
     | datapath/IDEX_readData2_reg[8]  | CK ^         |           |       |   0.486 |    0.238 | 
     | datapath/IDEX_readData2_reg[8]  | CK ^ -> QN ^ | DFFR_X1   | 0.228 |   0.714 |    0.466 | 
     | datapath/g26268                 | A2 ^ -> ZN v | OAI222_X1 | 0.057 |   0.771 |    0.522 | 
     | datapath/EXMEM_storeData_reg[8] | D v          | DFFR_X1   | 0.000 |   0.771 |    0.522 | 
     +-----------------------------------------------------------------------------------------+ 
Path 31: MET Hold Check with Pin datapath/EXMEM_regWrite_reg/CK 
Endpoint:   datapath/EXMEM_regWrite_reg/D (v) checked with  leading edge of 
'clk'
Beginpoint: datapath/IDEX_regWrite_reg/Q  (v) triggered by  leading edge of 
'clk'
Path Groups: {reg2reg}
Analysis View: RPT_SLOW
Other End Arrival Time          0.481
+ Hold                          0.019
+ Phase Shift                   0.000
- CPPR Adjustment               0.000
+ Uncertainty                   0.020
= Required Time                 0.520
  Arrival Time                  0.769
  Slack Time                    0.249
     Clock Rise Edge                 0.000
     + Clock Network Latency (Prop)  0.480
     = Beginpoint Arrival Time       0.480
     +-----------------------------------------------------------------------------------+ 
     |          Instance           |     Arc     |   Cell   | Delay | Arrival | Required | 
     |                             |             |          |       |  Time   |   Time   | 
     |-----------------------------+-------------+----------+-------+---------+----------| 
     | datapath/IDEX_regWrite_reg  | CK ^        |          |       |   0.480 |    0.231 | 
     | datapath/IDEX_regWrite_reg  | CK ^ -> Q v | DFFR_X1  | 0.288 |   0.769 |    0.520 | 
     | datapath/EXMEM_regWrite_reg | D v         | DFFRS_X2 | 0.000 |   0.769 |    0.520 | 
     +-----------------------------------------------------------------------------------+ 
Path 32: MET Hold Check with Pin datapath/MEMWB_aluResult_reg[4]/CK 
Endpoint:   datapath/MEMWB_aluResult_reg[4]/D (v) checked with  leading edge of 
'clk'
Beginpoint: datapath/EXMEM_aluResult_reg[4]/Q (v) triggered by  leading edge of 
'clk'
Path Groups: {reg2reg}
Analysis View: RPT_SLOW
Other End Arrival Time          0.487
+ Hold                          0.026
+ Phase Shift                   0.000
- CPPR Adjustment               0.000
+ Uncertainty                   0.020
= Required Time                 0.533
  Arrival Time                  0.783
  Slack Time                    0.250
     Clock Rise Edge                 0.000
     + Clock Network Latency (Prop)  0.479
     = Beginpoint Arrival Time       0.479
     +--------------------------------------------------------------------------------------+ 
     |            Instance             |     Arc     |  Cell   | Delay | Arrival | Required | 
     |                                 |             |         |       |  Time   |   Time   | 
     |---------------------------------+-------------+---------+-------+---------+----------| 
     | datapath/EXMEM_aluResult_reg[4] | CK ^        |         |       |   0.479 |    0.229 | 
     | datapath/EXMEM_aluResult_reg[4] | CK ^ -> Q v | DFFR_X1 | 0.304 |   0.783 |    0.533 | 
     | datapath/MEMWB_aluResult_reg[4] | D v         | DFFR_X1 | 0.000 |   0.783 |    0.533 | 
     +--------------------------------------------------------------------------------------+ 
Path 33: MET Hold Check with Pin datapath/EXMEM_storeData_reg[18]/CK 
Endpoint:   datapath/EXMEM_storeData_reg[18]/D (v) checked with  leading edge 
of 'clk'
Beginpoint: datapath/IDEX_readData2_reg[18]/QN (^) triggered by  leading edge 
of 'clk'
Path Groups: {reg2reg}
Analysis View: RPT_SLOW
Other End Arrival Time          0.516
+ Hold                          0.023
+ Phase Shift                   0.000
- CPPR Adjustment               0.000
+ Uncertainty                   0.020
= Required Time                 0.560
  Arrival Time                  0.812
  Slack Time                    0.252
     Clock Rise Edge                 0.000
     + Clock Network Latency (Prop)  0.523
     = Beginpoint Arrival Time       0.523
     +------------------------------------------------------------------------------------------+ 
     |             Instance             |     Arc      |   Cell    | Delay | Arrival | Required | 
     |                                  |              |           |       |  Time   |   Time   | 
     |----------------------------------+--------------+-----------+-------+---------+----------| 
     | datapath/IDEX_readData2_reg[18]  | CK ^         |           |       |   0.523 |    0.271 | 
     | datapath/IDEX_readData2_reg[18]  | CK ^ -> QN ^ | DFFR_X1   | 0.229 |   0.751 |    0.499 | 
     | datapath/g26261                  | A2 ^ -> ZN v | OAI222_X1 | 0.060 |   0.811 |    0.560 | 
     | datapath/EXMEM_storeData_reg[18] | D v          | DFFR_X1   | 0.000 |   0.812 |    0.560 | 
     +------------------------------------------------------------------------------------------+ 
Path 34: MET Hold Check with Pin datapath/EXMEM_storeData_reg[10]/CK 
Endpoint:   datapath/EXMEM_storeData_reg[10]/D (v) checked with  leading edge 
of 'clk'
Beginpoint: datapath/IDEX_readData2_reg[10]/QN (^) triggered by  leading edge 
of 'clk'
Path Groups: {reg2reg}
Analysis View: RPT_SLOW
Other End Arrival Time          0.475
+ Hold                          0.026
+ Phase Shift                   0.000
- CPPR Adjustment               0.000
+ Uncertainty                   0.020
= Required Time                 0.521
  Arrival Time                  0.772
  Slack Time                    0.252
     Clock Rise Edge                 0.000
     + Clock Network Latency (Prop)  0.486
     = Beginpoint Arrival Time       0.486
     +------------------------------------------------------------------------------------------+ 
     |             Instance             |     Arc      |   Cell    | Delay | Arrival | Required | 
     |                                  |              |           |       |  Time   |   Time   | 
     |----------------------------------+--------------+-----------+-------+---------+----------| 
     | datapath/IDEX_readData2_reg[10]  | CK ^         |           |       |   0.486 |    0.234 | 
     | datapath/IDEX_readData2_reg[10]  | CK ^ -> QN ^ | DFFR_X1   | 0.226 |   0.712 |    0.460 | 
     | datapath/g26270                  | A2 ^ -> ZN v | OAI222_X1 | 0.060 |   0.772 |    0.520 | 
     | datapath/EXMEM_storeData_reg[10] | D v          | DFFR_X1   | 0.000 |   0.772 |    0.521 | 
     +------------------------------------------------------------------------------------------+ 
Path 35: MET Hold Check with Pin datapath/MEMWB_memToReg_reg/CK 
Endpoint:   datapath/MEMWB_memToReg_reg/D (v) checked with  leading edge of 
'clk'
Beginpoint: datapath/EXMEM_memRead_reg/Q  (v) triggered by  leading edge of 
'clk'
Path Groups: {reg2reg}
Analysis View: RPT_SLOW
Other End Arrival Time          0.489
+ Hold                          0.019
+ Phase Shift                   0.000
- CPPR Adjustment               0.000
+ Uncertainty                   0.020
= Required Time                 0.527
  Arrival Time                  0.779
  Slack Time                    0.252
     Clock Rise Edge                 0.000
     + Clock Network Latency (Prop)  0.488
     = Beginpoint Arrival Time       0.488
     +----------------------------------------------------------------------------------+ 
     |          Instance           |     Arc     |  Cell   | Delay | Arrival | Required | 
     |                             |             |         |       |  Time   |   Time   | 
     |-----------------------------+-------------+---------+-------+---------+----------| 
     | datapath/EXMEM_memRead_reg  | CK ^        |         |       |   0.488 |    0.236 | 
     | datapath/EXMEM_memRead_reg  | CK ^ -> Q v | DFFR_X1 | 0.291 |   0.779 |    0.527 | 
     | datapath/MEMWB_memToReg_reg | D v         | DFFR_X1 | 0.000 |   0.779 |    0.527 | 
     +----------------------------------------------------------------------------------+ 
Path 36: MET Hold Check with Pin datapath/MEMWB_aluResult_reg[7]/CK 
Endpoint:   datapath/MEMWB_aluResult_reg[7]/D (v) checked with  leading edge of 
'clk'
Beginpoint: datapath/EXMEM_aluResult_reg[7]/Q (v) triggered by  leading edge of 
'clk'
Path Groups: {reg2reg}
Analysis View: RPT_SLOW
Other End Arrival Time          0.475
+ Hold                          0.024
+ Phase Shift                   0.000
- CPPR Adjustment               0.000
+ Uncertainty                   0.020
= Required Time                 0.519
  Arrival Time                  0.771
  Slack Time                    0.252
     Clock Rise Edge                 0.000
     + Clock Network Latency (Prop)  0.475
     = Beginpoint Arrival Time       0.475
     +--------------------------------------------------------------------------------------+ 
     |            Instance             |     Arc     |  Cell   | Delay | Arrival | Required | 
     |                                 |             |         |       |  Time   |   Time   | 
     |---------------------------------+-------------+---------+-------+---------+----------| 
     | datapath/EXMEM_aluResult_reg[7] | CK ^        |         |       |   0.475 |    0.222 | 
     | datapath/EXMEM_aluResult_reg[7] | CK ^ -> Q v | DFFR_X1 | 0.297 |   0.771 |    0.519 | 
     | datapath/MEMWB_aluResult_reg[7] | D v         | DFFR_X1 | 0.000 |   0.771 |    0.519 | 
     +--------------------------------------------------------------------------------------+ 
Path 37: MET Hold Check with Pin datapath/registers_RF_reg[4][9]/CK 
Endpoint:   datapath/registers_RF_reg[4][9]/SI (^) checked with  leading edge 
of 'clk'
Beginpoint: datapath/registers_RF_reg[4][9]/Q  (^) triggered by  leading edge 
of 'clk'
Path Groups: {reg2reg}
Analysis View: RPT_SLOW
Other End Arrival Time          0.464
+ Hold                         -0.008
+ Phase Shift                   0.000
- CPPR Adjustment               0.000
+ Uncertainty                   0.020
= Required Time                 0.476
  Arrival Time                  0.728
  Slack Time                    0.253
     Clock Rise Edge                 0.000
     + Clock Network Latency (Prop)  0.464
     = Beginpoint Arrival Time       0.464
     +---------------------------------------------------------------------------------------+ 
     |            Instance             |     Arc     |   Cell   | Delay | Arrival | Required | 
     |                                 |             |          |       |  Time   |   Time   | 
     |---------------------------------+-------------+----------+-------+---------+----------| 
     | datapath/registers_RF_reg[4][9] | CK ^        |          |       |   0.464 |    0.211 | 
     | datapath/registers_RF_reg[4][9] | CK ^ -> Q ^ | SDFFR_X1 | 0.264 |   0.728 |    0.476 | 
     | datapath/registers_RF_reg[4][9] | SI ^        | SDFFR_X1 | 0.000 |   0.728 |    0.476 | 
     +---------------------------------------------------------------------------------------+ 
Path 38: MET Hold Check with Pin datapath/registers_RF_reg[4][19]/CK 
Endpoint:   datapath/registers_RF_reg[4][19]/SI (^) checked with  leading edge 
of 'clk'
Beginpoint: datapath/registers_RF_reg[4][19]/Q  (^) triggered by  leading edge 
of 'clk'
Path Groups: {reg2reg}
Analysis View: RPT_SLOW
Other End Arrival Time          0.484
+ Hold                         -0.008
+ Phase Shift                   0.000
- CPPR Adjustment               0.000
+ Uncertainty                   0.020
= Required Time                 0.496
  Arrival Time                  0.749
  Slack Time                    0.253
     Clock Rise Edge                 0.000
     + Clock Network Latency (Prop)  0.484
     = Beginpoint Arrival Time       0.484
     +----------------------------------------------------------------------------------------+ 
     |             Instance             |     Arc     |   Cell   | Delay | Arrival | Required | 
     |                                  |             |          |       |  Time   |   Time   | 
     |----------------------------------+-------------+----------+-------+---------+----------| 
     | datapath/registers_RF_reg[4][19] | CK ^        |          |       |   0.484 |    0.231 | 
     | datapath/registers_RF_reg[4][19] | CK ^ -> Q ^ | SDFFR_X1 | 0.265 |   0.749 |    0.496 | 
     | datapath/registers_RF_reg[4][19] | SI ^        | SDFFR_X1 | 0.000 |   0.749 |    0.496 | 
     +----------------------------------------------------------------------------------------+ 
Path 39: MET Hold Check with Pin datapath/registers_RF_reg[16][0]/CK 
Endpoint:   datapath/registers_RF_reg[16][0]/SI (^) checked with  leading edge 
of 'clk'
Beginpoint: datapath/registers_RF_reg[16][0]/Q  (^) triggered by  leading edge 
of 'clk'
Path Groups: {reg2reg}
Analysis View: RPT_SLOW
Other End Arrival Time          0.467
+ Hold                         -0.008
+ Phase Shift                   0.000
- CPPR Adjustment               0.000
+ Uncertainty                   0.020
= Required Time                 0.479
  Arrival Time                  0.733
  Slack Time                    0.253
     Clock Rise Edge                 0.000
     + Clock Network Latency (Prop)  0.467
     = Beginpoint Arrival Time       0.467
     +----------------------------------------------------------------------------------------+ 
     |             Instance             |     Arc     |   Cell   | Delay | Arrival | Required | 
     |                                  |             |          |       |  Time   |   Time   | 
     |----------------------------------+-------------+----------+-------+---------+----------| 
     | datapath/registers_RF_reg[16][0] | CK ^        |          |       |   0.467 |    0.214 | 
     | datapath/registers_RF_reg[16][0] | CK ^ -> Q ^ | SDFFR_X1 | 0.266 |   0.733 |    0.479 | 
     | datapath/registers_RF_reg[16][0] | SI ^        | SDFFR_X1 | 0.000 |   0.733 |    0.479 | 
     +----------------------------------------------------------------------------------------+ 
Path 40: MET Hold Check with Pin datapath/registers_RF_reg[1][12]/CK 
Endpoint:   datapath/registers_RF_reg[1][12]/SI (^) checked with  leading edge 
of 'clk'
Beginpoint: datapath/registers_RF_reg[1][12]/Q  (^) triggered by  leading edge 
of 'clk'
Path Groups: {reg2reg}
Analysis View: RPT_SLOW
Other End Arrival Time          0.492
+ Hold                         -0.006
+ Phase Shift                   0.000
- CPPR Adjustment               0.000
+ Uncertainty                   0.020
= Required Time                 0.507
  Arrival Time                  0.760
  Slack Time                    0.254
     Clock Rise Edge                 0.000
     + Clock Network Latency (Prop)  0.492
     = Beginpoint Arrival Time       0.492
     +----------------------------------------------------------------------------------------+ 
     |             Instance             |     Arc     |   Cell   | Delay | Arrival | Required | 
     |                                  |             |          |       |  Time   |   Time   | 
     |----------------------------------+-------------+----------+-------+---------+----------| 
     | datapath/registers_RF_reg[1][12] | CK ^        |          |       |   0.492 |    0.239 | 
     | datapath/registers_RF_reg[1][12] | CK ^ -> Q ^ | SDFFR_X1 | 0.268 |   0.760 |    0.507 | 
     | datapath/registers_RF_reg[1][12] | SI ^        | SDFFR_X1 | 0.000 |   0.760 |    0.507 | 
     +----------------------------------------------------------------------------------------+ 
Path 41: MET Hold Check with Pin datapath/EXMEM_storeData_reg[19]/CK 
Endpoint:   datapath/EXMEM_storeData_reg[19]/D (v) checked with  leading edge 
of 'clk'
Beginpoint: datapath/IDEX_readData2_reg[19]/QN (^) triggered by  leading edge 
of 'clk'
Path Groups: {reg2reg}
Analysis View: RPT_SLOW
Other End Arrival Time          0.516
+ Hold                          0.024
+ Phase Shift                   0.000
- CPPR Adjustment               0.000
+ Uncertainty                   0.020
= Required Time                 0.560
  Arrival Time                  0.814
  Slack Time                    0.254
     Clock Rise Edge                 0.000
     + Clock Network Latency (Prop)  0.522
     = Beginpoint Arrival Time       0.522
     +------------------------------------------------------------------------------------------+ 
     |             Instance             |     Arc      |   Cell    | Delay | Arrival | Required | 
     |                                  |              |           |       |  Time   |   Time   | 
     |----------------------------------+--------------+-----------+-------+---------+----------| 
     | datapath/IDEX_readData2_reg[19]  | CK ^         |           |       |   0.522 |    0.269 | 
     | datapath/IDEX_readData2_reg[19]  | CK ^ -> QN ^ | DFFR_X1   | 0.230 |   0.753 |    0.499 | 
     | datapath/g26262                  | A2 ^ -> ZN v | OAI222_X1 | 0.061 |   0.813 |    0.560 | 
     | datapath/EXMEM_storeData_reg[19] | D v          | DFFR_X1   | 0.000 |   0.814 |    0.560 | 
     +------------------------------------------------------------------------------------------+ 
Path 42: MET Hold Check with Pin datapath/registers_RF_reg[29][0]/CK 
Endpoint:   datapath/registers_RF_reg[29][0]/D (^) checked with  leading edge 
of 'clk'
Beginpoint: datapath/registers_RF_reg[29][0]/Q (^) triggered by  leading edge 
of 'clk'
Path Groups: {reg2reg}
Analysis View: RPT_SLOW
Other End Arrival Time          0.469
+ Hold                         -0.014
+ Phase Shift                   0.000
- CPPR Adjustment               0.000
+ Uncertainty                   0.020
= Required Time                 0.474
  Arrival Time                  0.728
  Slack Time                    0.254
     Clock Rise Edge                 0.000
     + Clock Network Latency (Prop)  0.469
     = Beginpoint Arrival Time       0.469
     +----------------------------------------------------------------------------------------+ 
     |             Instance             |     Arc     |   Cell   | Delay | Arrival | Required | 
     |                                  |             |          |       |  Time   |   Time   | 
     |----------------------------------+-------------+----------+-------+---------+----------| 
     | datapath/registers_RF_reg[29][0] | CK ^        |          |       |   0.469 |    0.215 | 
     | datapath/registers_RF_reg[29][0] | CK ^ -> Q ^ | SDFFR_X1 | 0.259 |   0.728 |    0.474 | 
     | datapath/registers_RF_reg[29][0] | D ^         | SDFFR_X1 | 0.000 |   0.728 |    0.474 | 
     +----------------------------------------------------------------------------------------+ 
Path 43: MET Hold Check with Pin datapath/registers_RF_reg[24][21]/CK 
Endpoint:   datapath/registers_RF_reg[24][21]/SI (^) checked with  leading edge 
of 'clk'
Beginpoint: datapath/registers_RF_reg[24][21]/Q  (^) triggered by  leading edge 
of 'clk'
Path Groups: {reg2reg}
Analysis View: RPT_SLOW
Other End Arrival Time          0.479
+ Hold                         -0.006
+ Phase Shift                   0.000
- CPPR Adjustment               0.000
+ Uncertainty                   0.020
= Required Time                 0.493
  Arrival Time                  0.746
  Slack Time                    0.254
     Clock Rise Edge                 0.000
     + Clock Network Latency (Prop)  0.479
     = Beginpoint Arrival Time       0.479
     +-----------------------------------------------------------------------------------------+ 
     |             Instance              |     Arc     |   Cell   | Delay | Arrival | Required | 
     |                                   |             |          |       |  Time   |   Time   | 
     |-----------------------------------+-------------+----------+-------+---------+----------| 
     | datapath/registers_RF_reg[24][21] | CK ^        |          |       |   0.479 |    0.225 | 
     | datapath/registers_RF_reg[24][21] | CK ^ -> Q ^ | SDFFR_X1 | 0.267 |   0.746 |    0.493 | 
     | datapath/registers_RF_reg[24][21] | SI ^        | SDFFR_X1 | 0.000 |   0.746 |    0.493 | 
     +-----------------------------------------------------------------------------------------+ 
Path 44: MET Hold Check with Pin datapath/registers_RF_reg[6][10]/CK 
Endpoint:   datapath/registers_RF_reg[6][10]/SI (^) checked with  leading edge 
of 'clk'
Beginpoint: datapath/registers_RF_reg[6][10]/Q  (^) triggered by  leading edge 
of 'clk'
Path Groups: {reg2reg}
Analysis View: RPT_SLOW
Other End Arrival Time          0.470
+ Hold                         -0.007
+ Phase Shift                   0.000
- CPPR Adjustment               0.000
+ Uncertainty                   0.020
= Required Time                 0.483
  Arrival Time                  0.736
  Slack Time                    0.254
     Clock Rise Edge                 0.000
     + Clock Network Latency (Prop)  0.470
     = Beginpoint Arrival Time       0.470
     +----------------------------------------------------------------------------------------+ 
     |             Instance             |     Arc     |   Cell   | Delay | Arrival | Required | 
     |                                  |             |          |       |  Time   |   Time   | 
     |----------------------------------+-------------+----------+-------+---------+----------| 
     | datapath/registers_RF_reg[6][10] | CK ^        |          |       |   0.470 |    0.216 | 
     | datapath/registers_RF_reg[6][10] | CK ^ -> Q ^ | SDFFR_X1 | 0.267 |   0.736 |    0.483 | 
     | datapath/registers_RF_reg[6][10] | SI ^        | SDFFR_X1 | 0.000 |   0.736 |    0.483 | 
     +----------------------------------------------------------------------------------------+ 
Path 45: MET Hold Check with Pin datapath/registers_RF_reg[1][7]/CK 
Endpoint:   datapath/registers_RF_reg[1][7]/SI (^) checked with  leading edge 
of 'clk'
Beginpoint: datapath/registers_RF_reg[1][7]/Q  (^) triggered by  leading edge 
of 'clk'
Path Groups: {reg2reg}
Analysis View: RPT_SLOW
Other End Arrival Time          0.475
+ Hold                         -0.007
+ Phase Shift                   0.000
- CPPR Adjustment               0.000
+ Uncertainty                   0.020
= Required Time                 0.488
  Arrival Time                  0.742
  Slack Time                    0.254
     Clock Rise Edge                 0.000
     + Clock Network Latency (Prop)  0.475
     = Beginpoint Arrival Time       0.475
     +---------------------------------------------------------------------------------------+ 
     |            Instance             |     Arc     |   Cell   | Delay | Arrival | Required | 
     |                                 |             |          |       |  Time   |   Time   | 
     |---------------------------------+-------------+----------+-------+---------+----------| 
     | datapath/registers_RF_reg[1][7] | CK ^        |          |       |   0.475 |    0.221 | 
     | datapath/registers_RF_reg[1][7] | CK ^ -> Q ^ | SDFFR_X1 | 0.266 |   0.742 |    0.488 | 
     | datapath/registers_RF_reg[1][7] | SI ^        | SDFFR_X1 | 0.000 |   0.742 |    0.488 | 
     +---------------------------------------------------------------------------------------+ 
Path 46: MET Hold Check with Pin datapath/registers_RF_reg[6][25]/CK 
Endpoint:   datapath/registers_RF_reg[6][25]/SI (^) checked with  leading edge 
of 'clk'
Beginpoint: datapath/registers_RF_reg[6][25]/Q  (^) triggered by  leading edge 
of 'clk'
Path Groups: {reg2reg}
Analysis View: RPT_SLOW
Other End Arrival Time          0.495
+ Hold                         -0.006
+ Phase Shift                   0.000
- CPPR Adjustment               0.000
+ Uncertainty                   0.020
= Required Time                 0.509
  Arrival Time                  0.763
  Slack Time                    0.254
     Clock Rise Edge                 0.000
     + Clock Network Latency (Prop)  0.495
     = Beginpoint Arrival Time       0.495
     +----------------------------------------------------------------------------------------+ 
     |             Instance             |     Arc     |   Cell   | Delay | Arrival | Required | 
     |                                  |             |          |       |  Time   |   Time   | 
     |----------------------------------+-------------+----------+-------+---------+----------| 
     | datapath/registers_RF_reg[6][25] | CK ^        |          |       |   0.495 |    0.241 | 
     | datapath/registers_RF_reg[6][25] | CK ^ -> Q ^ | SDFFR_X1 | 0.268 |   0.763 |    0.509 | 
     | datapath/registers_RF_reg[6][25] | SI ^        | SDFFR_X1 | 0.000 |   0.763 |    0.509 | 
     +----------------------------------------------------------------------------------------+ 
Path 47: MET Hold Check with Pin datapath/registers_RF_reg[6][30]/CK 
Endpoint:   datapath/registers_RF_reg[6][30]/SI (^) checked with  leading edge 
of 'clk'
Beginpoint: datapath/registers_RF_reg[6][30]/Q  (^) triggered by  leading edge 
of 'clk'
Path Groups: {reg2reg}
Analysis View: RPT_SLOW
Other End Arrival Time          0.471
+ Hold                         -0.008
+ Phase Shift                   0.000
- CPPR Adjustment               0.000
+ Uncertainty                   0.020
= Required Time                 0.483
  Arrival Time                  0.737
  Slack Time                    0.254
     Clock Rise Edge                 0.000
     + Clock Network Latency (Prop)  0.471
     = Beginpoint Arrival Time       0.471
     +----------------------------------------------------------------------------------------+ 
     |             Instance             |     Arc     |   Cell   | Delay | Arrival | Required | 
     |                                  |             |          |       |  Time   |   Time   | 
     |----------------------------------+-------------+----------+-------+---------+----------| 
     | datapath/registers_RF_reg[6][30] | CK ^        |          |       |   0.471 |    0.217 | 
     | datapath/registers_RF_reg[6][30] | CK ^ -> Q ^ | SDFFR_X1 | 0.266 |   0.737 |    0.483 | 
     | datapath/registers_RF_reg[6][30] | SI ^        | SDFFR_X1 | 0.000 |   0.737 |    0.483 | 
     +----------------------------------------------------------------------------------------+ 
Path 48: MET Hold Check with Pin datapath/registers_RF_reg[6][14]/CK 
Endpoint:   datapath/registers_RF_reg[6][14]/SI (^) checked with  leading edge 
of 'clk'
Beginpoint: datapath/registers_RF_reg[6][14]/Q  (^) triggered by  leading edge 
of 'clk'
Path Groups: {reg2reg}
Analysis View: RPT_SLOW
Other End Arrival Time          0.470
+ Hold                         -0.007
+ Phase Shift                   0.000
- CPPR Adjustment               0.000
+ Uncertainty                   0.020
= Required Time                 0.483
  Arrival Time                  0.737
  Slack Time                    0.254
     Clock Rise Edge                 0.000
     + Clock Network Latency (Prop)  0.470
     = Beginpoint Arrival Time       0.470
     +----------------------------------------------------------------------------------------+ 
     |             Instance             |     Arc     |   Cell   | Delay | Arrival | Required | 
     |                                  |             |          |       |  Time   |   Time   | 
     |----------------------------------+-------------+----------+-------+---------+----------| 
     | datapath/registers_RF_reg[6][14] | CK ^        |          |       |   0.470 |    0.215 | 
     | datapath/registers_RF_reg[6][14] | CK ^ -> Q ^ | SDFFR_X1 | 0.267 |   0.737 |    0.483 | 
     | datapath/registers_RF_reg[6][14] | SI ^        | SDFFR_X1 | 0.000 |   0.737 |    0.483 | 
     +----------------------------------------------------------------------------------------+ 
Path 49: MET Hold Check with Pin datapath/registers_RF_reg[4][23]/CK 
Endpoint:   datapath/registers_RF_reg[4][23]/SI (^) checked with  leading edge 
of 'clk'
Beginpoint: datapath/registers_RF_reg[4][23]/Q  (^) triggered by  leading edge 
of 'clk'
Path Groups: {reg2reg}
Analysis View: RPT_SLOW
Other End Arrival Time          0.479
+ Hold                         -0.005
+ Phase Shift                   0.000
- CPPR Adjustment               0.000
+ Uncertainty                   0.020
= Required Time                 0.494
  Arrival Time                  0.748
  Slack Time                    0.254
     Clock Rise Edge                 0.000
     + Clock Network Latency (Prop)  0.479
     = Beginpoint Arrival Time       0.479
     +----------------------------------------------------------------------------------------+ 
     |             Instance             |     Arc     |   Cell   | Delay | Arrival | Required | 
     |                                  |             |          |       |  Time   |   Time   | 
     |----------------------------------+-------------+----------+-------+---------+----------| 
     | datapath/registers_RF_reg[4][23] | CK ^        |          |       |   0.479 |    0.225 | 
     | datapath/registers_RF_reg[4][23] | CK ^ -> Q ^ | SDFFR_X1 | 0.269 |   0.748 |    0.494 | 
     | datapath/registers_RF_reg[4][23] | SI ^        | SDFFR_X1 | 0.000 |   0.748 |    0.494 | 
     +----------------------------------------------------------------------------------------+ 
Path 50: MET Hold Check with Pin datapath/registers_RF_reg[12][2]/CK 
Endpoint:   datapath/registers_RF_reg[12][2]/SI (^) checked with  leading edge 
of 'clk'
Beginpoint: datapath/registers_RF_reg[12][2]/Q  (^) triggered by  leading edge 
of 'clk'
Path Groups: {reg2reg}
Analysis View: RPT_SLOW
Other End Arrival Time          0.470
+ Hold                         -0.007
+ Phase Shift                   0.000
- CPPR Adjustment               0.000
+ Uncertainty                   0.020
= Required Time                 0.483
  Arrival Time                  0.737
  Slack Time                    0.254
     Clock Rise Edge                 0.000
     + Clock Network Latency (Prop)  0.470
     = Beginpoint Arrival Time       0.470
     +----------------------------------------------------------------------------------------+ 
     |             Instance             |     Arc     |   Cell   | Delay | Arrival | Required | 
     |                                  |             |          |       |  Time   |   Time   | 
     |----------------------------------+-------------+----------+-------+---------+----------| 
     | datapath/registers_RF_reg[12][2] | CK ^        |          |       |   0.470 |    0.215 | 
     | datapath/registers_RF_reg[12][2] | CK ^ -> Q ^ | SDFFR_X1 | 0.267 |   0.737 |    0.483 | 
     | datapath/registers_RF_reg[12][2] | SI ^        | SDFFR_X1 | 0.000 |   0.737 |    0.483 | 
     +----------------------------------------------------------------------------------------+ 

