###############################################################
#  Generated by:      Cadence Innovus 23.12-s091_1
#  OS:                Linux x86_64(Host ID nanohub-2908156-5)
#  Generated on:      Wed Aug 12 14:23:06 2026
#  Design:            pipelined_cpu_core
#  Command:           report_timing -late > reports/10_place_timing.rpt
###############################################################
Path 1: MET Setup Check with Pin datapath/EXMEM_aluResult_reg[0]/CK 
Endpoint:   datapath/EXMEM_aluResult_reg[0]/D (^) checked with  leading edge of 
'clk'
Beginpoint: datapath/EXMEM_rd_reg[3]/QN       (^) triggered by  leading edge of 
'clk'
Path Groups: {clk}
Analysis View: WC_VIEW
Other End Arrival Time          0.000
- Setup                         0.068
+ Phase Shift                   4.100
+ CPPR Adjustment               0.000
- Uncertainty                   0.100
= Required Time                 3.932
- Arrival Time                  3.888
= Slack Time                    0.044
     Clock Rise Edge                 0.000
     + Clock Network Latency (Ideal) -0.234
     = Beginpoint Arrival Time       -0.234
     +-----------------------------------------------------------------------------------------------------------+ 
     |                      Instance                      |     Arc      |   Cell   | Delay | Arrival | Required | 
     |                                                    |              |          |       |  Time   |   Time   | 
     |----------------------------------------------------+--------------+----------+-------+---------+----------| 
     | datapath/EXMEM_rd_reg[3]                           | CK ^         |          |       |  -0.234 |   -0.190 | 
     | datapath/EXMEM_rd_reg[3]                           | CK ^ -> QN ^ | DFFR_X1  | 0.259 |   0.026 |    0.069 | 
     | FE_OCPC508_EXMEM_rd_3                              | A ^ -> Z ^   | BUF_X2   | 0.121 |   0.146 |    0.190 | 
     | ALU_forward/FE_RC_477_0                            | A1 ^ -> ZN v | NAND3_X2 | 0.064 |   0.210 |    0.254 | 
     | ALU_forward/FE_RC_409_0                            | A v -> ZN ^  | INV_X1   | 0.065 |   0.276 |    0.319 | 
     | ALU_forward/FE_RC_408_0                            | A2 ^ -> ZN v | NAND2_X2 | 0.042 |   0.318 |    0.362 | 
     | ALU_forward/FE_RC_407_0                            | A1 v -> ZN ^ | NAND4_X2 | 0.057 |   0.375 |    0.419 | 
     | ALU_forward/FE_RC_163_0                            | A ^ -> ZN v  | INV_X2   | 0.036 |   0.411 |    0.455 | 
     | ALU_forward/g3047__4319                            | A1 v -> ZN ^ | NAND2_X4 | 0.070 |   0.481 |    0.525 | 
     | ALU_forward/FE_RC_158_0                            | A2 ^ -> ZN v | NAND3_X4 | 0.078 |   0.558 |    0.602 | 
     | ALU_forward/FE_RC_159_0                            | A v -> ZN ^  | INV_X8   | 0.076 |   0.634 |    0.678 | 
     | datapath/g26726                                    | A1 ^ -> ZN v | NAND4_X2 | 0.069 |   0.703 |    0.747 | 
     | datapath/FE_RC_133_0                               | A1 v -> ZN ^ | NAND2_X1 | 0.057 |   0.760 |    0.804 | 
     | datapath/FE_RC_134_0                               | A ^ -> ZN v  | INV_X1   | 0.029 |   0.789 |    0.833 | 
     | datapath/FE_RC_452_0                               | A2 v -> ZN ^ | NAND3_X2 | 0.060 |   0.849 |    0.893 | 
     | datapath/ALU_ALU_GEN[0].slice_i_bitAdder/g219__547 | A2 ^ -> ZN v | NAND2_X2 | 0.052 |   0.902 |    0.945 | 
     | 7                                                  |              |          |       |         |          | 
     | datapath/ALU_ALU_GEN[0].slice_i_bitAdder/g217__741 | A1 v -> ZN ^ | NAND2_X4 | 0.051 |   0.952 |    0.996 | 
     | 0                                                  |              |          |       |         |          | 
     | datapath/ALU_ALU_GEN[1].slice_i_bitAdder/FE_RC_63_ | A ^ -> ZN v  | OAI21_X4 | 0.050 |   1.002 |    1.046 | 
     | 0                                                  |              |          |       |         |          | 
     | datapath/ALU_ALU_GEN[1].slice_i_bitAdder/g215__280 | A1 v -> ZN ^ | NAND2_X4 | 0.048 |   1.050 |    1.094 | 
     | 2                                                  |              |          |       |         |          | 
     | datapath/ALU_ALU_GEN[2].slice_i_bitAdder/g158__616 | A1 ^ -> ZN v | NAND2_X4 | 0.035 |   1.085 |    1.129 | 
     | 1                                                  |              |          |       |         |          | 
     | datapath/ALU_ALU_GEN[2].slice_i_bitAdder/g156__748 | A1 v -> ZN ^ | NAND2_X4 | 0.043 |   1.128 |    1.172 | 
     | 2                                                  |              |          |       |         |          | 
     | datapath/ALU_ALU_GEN[3].slice_i_bitAdder/g155__239 | A1 ^ -> ZN v | NAND2_X4 | 0.035 |   1.164 |    1.207 | 
     | 8                                                  |              |          |       |         |          | 
     | datapath/ALU_ALU_GEN[3].slice_i_bitAdder/g153__641 | A1 v -> ZN ^ | NAND2_X4 | 0.043 |   1.207 |    1.251 | 
     | 7                                                  |              |          |       |         |          | 
     | datapath/ALU_ALU_GEN[4].slice_i_bitAdder/FE_RC_472 | A1 ^ -> ZN v | NAND2_X4 | 0.036 |   1.243 |    1.286 | 
     | _0                                                 |              |          |       |         |          | 
     | datapath/ALU_ALU_GEN[4].slice_i_bitAdder/FE_RC_471 | A1 v -> ZN ^ | NAND2_X4 | 0.054 |   1.296 |    1.340 | 
     | _0                                                 |              |          |       |         |          | 
     | datapath/ALU_ALU_GEN[5].slice_i_bitAdder/FE_RC_111 | A1 ^ -> ZN v | NAND2_X4 | 0.040 |   1.336 |    1.380 | 
     | _0                                                 |              |          |       |         |          | 
     | datapath/ALU_ALU_GEN[5].slice_i_bitAdder/FE_RC_110 | A1 v -> ZN ^ | NAND2_X4 | 0.045 |   1.381 |    1.424 | 
     | _0                                                 |              |          |       |         |          | 
     | datapath/ALU_ALU_GEN[6].slice_i_bitAdder/g155__547 | A1 ^ -> ZN v | NAND2_X4 | 0.036 |   1.416 |    1.460 | 
     | 7                                                  |              |          |       |         |          | 
     | datapath/ALU_ALU_GEN[6].slice_i_bitAdder/g153__741 | A1 v -> ZN ^ | NAND2_X4 | 0.043 |   1.459 |    1.503 | 
     | 0                                                  |              |          |       |         |          | 
     | datapath/ALU_ALU_GEN[7].slice_i_bitAdder/g155__161 | A1 ^ -> ZN v | NAND2_X4 | 0.036 |   1.496 |    1.539 | 
     | 7                                                  |              |          |       |         |          | 
     | datapath/ALU_ALU_GEN[7].slice_i_bitAdder/g153__678 | A1 v -> ZN ^ | NAND2_X4 | 0.045 |   1.541 |    1.585 | 
     | 3                                                  |              |          |       |         |          | 
     | datapath/ALU_ALU_GEN[8].slice_i_bitAdder/FE_RC_182 | A1 ^ -> ZN v | NAND2_X4 | 0.035 |   1.576 |    1.620 | 
     | _0                                                 |              |          |       |         |          | 
     | datapath/ALU_ALU_GEN[8].slice_i_bitAdder/FE_RC_181 | A1 v -> ZN ^ | NAND2_X4 | 0.048 |   1.624 |    1.668 | 
     | _0                                                 |              |          |       |         |          | 
     | datapath/ALU_ALU_GEN[9].slice_i_bitAdder/g137__166 | A1 ^ -> ZN v | NAND2_X4 | 0.037 |   1.661 |    1.705 | 
     | 6                                                  |              |          |       |         |          | 
     | datapath/ALU_ALU_GEN[9].slice_i_bitAdder/g135__288 | A1 v -> ZN ^ | NAND2_X4 | 0.045 |   1.706 |    1.750 | 
     | 3                                                  |              |          |       |         |          | 
     | datapath/ALU_ALU_GEN[10].slice_i_bitAdder/FE_RC_10 | A1 ^ -> ZN v | NAND2_X4 | 0.036 |   1.741 |    1.785 | 
     | 5_0                                                |              |          |       |         |          | 
     | datapath/ALU_ALU_GEN[10].slice_i_bitAdder/FE_RC_10 | A1 v -> ZN ^ | NAND2_X4 | 0.045 |   1.786 |    1.830 | 
     | 4_0                                                |              |          |       |         |          | 
     | datapath/ALU_ALU_GEN[11].slice_i_bitAdder/g155__82 | A1 ^ -> ZN v | NAND2_X4 | 0.035 |   1.821 |    1.865 | 
     | 46                                                 |              |          |       |         |          | 
     | datapath/ALU_ALU_GEN[11].slice_i_bitAdder/g153__17 | A1 v -> ZN ^ | NAND2_X4 | 0.045 |   1.867 |    1.910 | 
     | 05                                                 |              |          |       |         |          | 
     | datapath/ALU_ALU_GEN[12].slice_i_bitAdder/FE_RC_87 | A1 ^ -> ZN v | NAND2_X4 | 0.036 |   1.902 |    1.946 | 
     | _0                                                 |              |          |       |         |          | 
     | datapath/ALU_ALU_GEN[12].slice_i_bitAdder/FE_RC_86 | A1 v -> ZN ^ | NAND2_X4 | 0.044 |   1.946 |    1.990 | 
     | _0                                                 |              |          |       |         |          | 
     | datapath/ALU_ALU_GEN[13].slice_i_bitAdder/g155__23 | A1 ^ -> ZN v | NAND2_X4 | 0.035 |   1.982 |    2.025 | 
     | 98                                                 |              |          |       |         |          | 
     | datapath/ALU_ALU_GEN[13].slice_i_bitAdder/g153__64 | A1 v -> ZN ^ | NAND2_X4 | 0.045 |   2.026 |    2.070 | 
     | 17                                                 |              |          |       |         |          | 
     | datapath/ALU_ALU_GEN[14].slice_i_bitAdder/g155__16 | A1 ^ -> ZN v | NAND2_X4 | 0.035 |   2.062 |    2.106 | 
     | 17                                                 |              |          |       |         |          | 
     | datapath/ALU_ALU_GEN[14].slice_i_bitAdder/g153__67 | A1 v -> ZN ^ | NAND2_X4 | 0.052 |   2.114 |    2.157 | 
     | 83                                                 |              |          |       |         |          | 
     | datapath/ALU_ALU_GEN[15].slice_i_bitAdder/g155__51 | A1 ^ -> ZN v | NAND2_X4 | 0.039 |   2.153 |    2.197 | 
     | 15                                                 |              |          |       |         |          | 
     | datapath/ALU_ALU_GEN[15].slice_i_bitAdder/g153__61 | A1 v -> ZN ^ | NAND2_X4 | 0.046 |   2.199 |    2.243 | 
     | 31                                                 |              |          |       |         |          | 
     | datapath/ALU_ALU_GEN[16].slice_i_bitAdder/g158__16 | A1 ^ -> ZN v | NAND2_X4 | 0.036 |   2.235 |    2.279 | 
     | 66                                                 |              |          |       |         |          | 
     | datapath/ALU_ALU_GEN[16].slice_i_bitAdder/g156__28 | A1 v -> ZN ^ | NAND2_X4 | 0.045 |   2.280 |    2.323 | 
     | 83                                                 |              |          |       |         |          | 
     | datapath/ALU_ALU_GEN[17].slice_i_bitAdder/g155__84 | A1 ^ -> ZN v | NAND2_X4 | 0.035 |   2.315 |    2.359 | 
     | 28                                                 |              |          |       |         |          | 
     | datapath/ALU_ALU_GEN[17].slice_i_bitAdder/g153__62 | A1 v -> ZN ^ | NAND2_X4 | 0.044 |   2.359 |    2.403 | 
     | 60                                                 |              |          |       |         |          | 
     | datapath/ALU_ALU_GEN[18].slice_i_bitAdder/g158__82 | A1 ^ -> ZN v | NAND2_X4 | 0.035 |   2.395 |    2.438 | 
     | 46                                                 |              |          |       |         |          | 
     | datapath/ALU_ALU_GEN[18].slice_i_bitAdder/g156__17 | A1 v -> ZN ^ | NAND2_X4 | 0.053 |   2.447 |    2.491 | 
     | 05                                                 |              |          |       |         |          | 
     | datapath/ALU_ALU_GEN[19].slice_i_bitAdder/g158__93 | A1 ^ -> ZN v | NAND2_X4 | 0.039 |   2.487 |    2.530 | 
     | 15                                                 |              |          |       |         |          | 
     | datapath/ALU_ALU_GEN[19].slice_i_bitAdder/g156__47 | A1 v -> ZN ^ | NAND2_X4 | 0.048 |   2.535 |    2.579 | 
     | 33                                                 |              |          |       |         |          | 
     | datapath/ALU_ALU_GEN[20].slice_i_bitAdder/g158__23 | A1 ^ -> ZN v | NAND2_X4 | 0.037 |   2.572 |    2.616 | 
     | 98                                                 |              |          |       |         |          | 
     | datapath/ALU_ALU_GEN[20].slice_i_bitAdder/g156__64 | A1 v -> ZN ^ | NAND2_X4 | 0.045 |   2.617 |    2.661 | 
     | 17                                                 |              |          |       |         |          | 
     | datapath/ALU_ALU_GEN[21].slice_i_bitAdder/g158__36 | A1 ^ -> ZN v | NAND2_X4 | 0.035 |   2.653 |    2.696 | 
     | 80                                                 |              |          |       |         |          | 
     | datapath/ALU_ALU_GEN[21].slice_i_bitAdder/g156__67 | A1 v -> ZN ^ | NAND2_X4 | 0.049 |   2.702 |    2.745 | 
     | 83                                                 |              |          |       |         |          | 
     | datapath/ALU_ALU_GEN[22].slice_i_bitAdder/g158__51 | A1 ^ -> ZN v | NAND2_X4 | 0.038 |   2.739 |    2.783 | 
     | 15                                                 |              |          |       |         |          | 
     | datapath/ALU_ALU_GEN[22].slice_i_bitAdder/g156__18 | A1 v -> ZN ^ | NAND2_X4 | 0.045 |   2.784 |    2.828 | 
     | 81                                                 |              |          |       |         |          | 
     | datapath/ALU_ALU_GEN[23].slice_i_bitAdder/g158__74 | A1 ^ -> ZN v | NAND2_X4 | 0.035 |   2.820 |    2.863 | 
     | 10                                                 |              |          |       |         |          | 
     | datapath/ALU_ALU_GEN[23].slice_i_bitAdder/g156__16 | A1 v -> ZN ^ | NAND2_X4 | 0.045 |   2.864 |    2.908 | 
     | 66                                                 |              |          |       |         |          | 
     | datapath/ALU_ALU_GEN[24].slice_i_bitAdder/g158__67 | A1 ^ -> ZN v | NAND2_X4 | 0.035 |   2.900 |    2.943 | 
     | 83                                                 |              |          |       |         |          | 
     | datapath/ALU_ALU_GEN[24].slice_i_bitAdder/g156__55 | A1 v -> ZN ^ | NAND2_X4 | 0.045 |   2.945 |    2.988 | 
     | 26                                                 |              |          |       |         |          | 
     | datapath/ALU_ALU_GEN[25].slice_i_bitAdder/g158__18 | A1 ^ -> ZN v | NAND2_X4 | 0.035 |   2.980 |    3.024 | 
     | 81                                                 |              |          |       |         |          | 
     | datapath/ALU_ALU_GEN[25].slice_i_bitAdder/g156__61 | A1 v -> ZN ^ | NAND2_X4 | 0.044 |   3.024 |    3.068 | 
     | 31                                                 |              |          |       |         |          | 
     | datapath/ALU_ALU_GEN[26].slice_i_bitAdder/g158__16 | A1 ^ -> ZN v | NAND2_X4 | 0.036 |   3.060 |    3.104 | 
     | 66                                                 |              |          |       |         |          | 
     | datapath/ALU_ALU_GEN[26].slice_i_bitAdder/g156__23 | A1 v -> ZN ^ | NAND2_X4 | 0.045 |   3.105 |    3.149 | 
     | 46                                                 |              |          |       |         |          | 
     | datapath/ALU_ALU_GEN[27].slice_i_bitAdder/g158__55 | A1 ^ -> ZN v | NAND2_X4 | 0.035 |   3.140 |    3.184 | 
     | 26                                                 |              |          |       |         |          | 
     | datapath/ALU_ALU_GEN[27].slice_i_bitAdder/g156__84 | A1 v -> ZN ^ | NAND2_X4 | 0.050 |   3.190 |    3.234 | 
     | 28                                                 |              |          |       |         |          | 
     | datapath/ALU_ALU_GEN[28].slice_i_bitAdder/g158__51 | A1 ^ -> ZN v | NAND2_X4 | 0.033 |   3.223 |    3.267 | 
     | 15                                                 |              |          |       |         |          | 
     | datapath/ALU_ALU_GEN[28].slice_i_bitAdder/g156__61 | A1 v -> ZN ^ | NAND2_X2 | 0.065 |   3.288 |    3.332 | 
     | 31                                                 |              |          |       |         |          | 
     | datapath/ALU_ALU_GEN[29].slice_i_bitAdder/g158__16 | A1 ^ -> ZN v | NAND2_X4 | 0.043 |   3.332 |    3.375 | 
     | 66                                                 |              |          |       |         |          | 
     | datapath/ALU_ALU_GEN[29].slice_i_bitAdder/g156__28 | A1 v -> ZN ^ | NAND2_X4 | 0.049 |   3.381 |    3.424 | 
     | 83                                                 |              |          |       |         |          | 
     | datapath/ALU_ALU_GEN[30].slice_i_bitAdder/g158__55 | A1 ^ -> ZN v | NAND2_X4 | 0.037 |   3.417 |    3.461 | 
     | 26                                                 |              |          |       |         |          | 
     | datapath/ALU_ALU_GEN[30].slice_i_bitAdder/g156__43 | A1 v -> ZN ^ | NAND2_X4 | 0.058 |   3.476 |    3.519 | 
     | 19                                                 |              |          |       |         |          | 
     | datapath/ALU_msb_bitAdder/g119__1881               | A1 ^ -> ZN v | NAND2_X4 | 0.041 |   3.517 |    3.561 | 
     | datapath/ALU_msb_bitAdder/g117__7098               | A1 v -> ZN ^ | NAND2_X4 | 0.039 |   3.556 |    3.600 | 
     | datapath/g16080                                    | A ^ -> ZN ^  | XNOR2_X2 | 0.111 |   3.667 |    3.711 | 
     | datapath/g16078                                    | A ^ -> ZN ^  | XNOR2_X2 | 0.131 |   3.798 |    3.842 | 
     | datapath/ALU_ALU_GEN[0].slice_i_resultMux/g187__55 | A1 ^ -> ZN v | NAND2_X2 | 0.046 |   3.844 |    3.887 | 
     | 26                                                 |              |          |       |         |          | 
     | datapath/ALU_ALU_GEN[0].slice_i_resultMux/g185__43 | A1 v -> ZN ^ | NAND2_X1 | 0.044 |   3.888 |    3.932 | 
     | 19                                                 |              |          |       |         |          | 
     | datapath/EXMEM_aluResult_reg[0]                    | D ^          | DFFR_X1  | 0.000 |   3.888 |    3.932 | 
     +-----------------------------------------------------------------------------------------------------------+ 

