###############################################################
#  Generated by:      Cadence Innovus 23.12-s091_1
#  OS:                Linux x86_64(Host ID nanohub-2908156-5)
#  Generated on:      Wed Aug 12 14:30:21 2026
#  Design:            pipelined_cpu_core
#  Command:           report_timing -late  -view RPT_FAST -max_paths 50 -nworst 1 > reports/40_setup_fast.rpt
###############################################################
Path 1: MET Late External Delay Assertion 
Endpoint:   dbg_wb_data[18]               (^) checked with  leading edge of 
'clk'
Beginpoint: datapath/MEMWB_memToReg_reg/Q (^) triggered by  leading edge of 
'clk'
Path Groups: {clk}
Analysis View: RPT_FAST
Other End Arrival Time          0.000
- External Delay                1.230
+ Phase Shift                   4.100
+ CPPR Adjustment               0.000
- Uncertainty                   0.100
= Required Time                 2.770
- Arrival Time                  0.352
= Slack Time                    2.418
     Clock Rise Edge                 0.000
     + Clock Network Latency (Prop)  0.133
     = Beginpoint Arrival Time       0.133
     +----------------------------------------------------------------------------------------------------+ 
     |               Instance                |        Arc        |   Cell    | Delay | Arrival | Required | 
     |                                       |                   |           |       |  Time   |   Time   | 
     |---------------------------------------+-------------------+-----------+-------+---------+----------| 
     | datapath/MEMWB_memToReg_reg           | CK ^              |           |       |   0.133 |    2.551 | 
     | datapath/MEMWB_memToReg_reg           | CK ^ -> Q ^       | DFFR_X1   | 0.066 |   0.199 |    2.617 | 
     | datapath/FE_OFC703_n_1340             | A ^ -> ZN v       | INV_X4    | 0.013 |   0.212 |    2.630 | 
     | datapath/FE_OCPC705_FE_OFN2551_n_1305 | A v -> Z v        | CLKBUF_X2 | 0.050 |   0.262 |    2.680 | 
     | datapath/g26768                       | S v -> Z v        | MUX2_X1   | 0.049 |   0.311 |    2.730 | 
     | datapath/FE_DBTC19_n_58               | A v -> ZN ^       | INV_X2    | 0.040 |   0.352 |    2.770 | 
     |                                       | dbg_wb_data[18] ^ |           | 0.000 |   0.352 |    2.770 | 
     +----------------------------------------------------------------------------------------------------+ 
Path 2: MET Late External Delay Assertion 
Endpoint:   dbg_wb_data[19]               (^) checked with  leading edge of 
'clk'
Beginpoint: datapath/MEMWB_memToReg_reg/Q (^) triggered by  leading edge of 
'clk'
Path Groups: {clk}
Analysis View: RPT_FAST
Other End Arrival Time          0.000
- External Delay                1.230
+ Phase Shift                   4.100
+ CPPR Adjustment               0.000
- Uncertainty                   0.100
= Required Time                 2.770
- Arrival Time                  0.351
= Slack Time                    2.419
     Clock Rise Edge                 0.000
     + Clock Network Latency (Prop)  0.133
     = Beginpoint Arrival Time       0.133
     +----------------------------------------------------------------------------------------------------+ 
     |               Instance                |        Arc        |   Cell    | Delay | Arrival | Required | 
     |                                       |                   |           |       |  Time   |   Time   | 
     |---------------------------------------+-------------------+-----------+-------+---------+----------| 
     | datapath/MEMWB_memToReg_reg           | CK ^              |           |       |   0.133 |    2.552 | 
     | datapath/MEMWB_memToReg_reg           | CK ^ -> Q ^       | DFFR_X1   | 0.066 |   0.199 |    2.619 | 
     | datapath/FE_OFC703_n_1340             | A ^ -> ZN v       | INV_X4    | 0.013 |   0.212 |    2.631 | 
     | datapath/FE_OCPC705_FE_OFN2551_n_1305 | A v -> Z v        | CLKBUF_X2 | 0.050 |   0.262 |    2.681 | 
     | datapath/g26808                       | S v -> Z v        | MUX2_X1   | 0.050 |   0.312 |    2.731 | 
     | datapath/FE_DBTC20_n_34               | A v -> ZN ^       | INV_X2    | 0.039 |   0.351 |    2.770 | 
     |                                       | dbg_wb_data[19] ^ |           | 0.000 |   0.351 |    2.770 | 
     +----------------------------------------------------------------------------------------------------+ 
Path 3: MET Late External Delay Assertion 
Endpoint:   dbg_wb_data[22]               (^) checked with  leading edge of 
'clk'
Beginpoint: datapath/MEMWB_memToReg_reg/Q (^) triggered by  leading edge of 
'clk'
Path Groups: {clk}
Analysis View: RPT_FAST
Other End Arrival Time          0.000
- External Delay                1.230
+ Phase Shift                   4.100
+ CPPR Adjustment               0.000
- Uncertainty                   0.100
= Required Time                 2.770
- Arrival Time                  0.349
= Slack Time                    2.421
     Clock Rise Edge                 0.000
     + Clock Network Latency (Prop)  0.133
     = Beginpoint Arrival Time       0.133
     +----------------------------------------------------------------------------------------------------+ 
     |               Instance                |        Arc        |   Cell    | Delay | Arrival | Required | 
     |                                       |                   |           |       |  Time   |   Time   | 
     |---------------------------------------+-------------------+-----------+-------+---------+----------| 
     | datapath/MEMWB_memToReg_reg           | CK ^              |           |       |   0.133 |    2.554 | 
     | datapath/MEMWB_memToReg_reg           | CK ^ -> Q ^       | DFFR_X1   | 0.066 |   0.199 |    2.621 | 
     | datapath/FE_OFC703_n_1340             | A ^ -> ZN v       | INV_X4    | 0.013 |   0.212 |    2.633 | 
     | datapath/FE_OCPC705_FE_OFN2551_n_1305 | A v -> Z v        | CLKBUF_X2 | 0.050 |   0.262 |    2.683 | 
     | datapath/g26801                       | S v -> Z v        | MUX2_X1   | 0.047 |   0.309 |    2.731 | 
     | datapath/FE_DBTC22_n_100              | A v -> ZN ^       | INV_X2    | 0.039 |   0.349 |    2.770 | 
     |                                       | dbg_wb_data[22] ^ |           | 0.000 |   0.349 |    2.770 | 
     +----------------------------------------------------------------------------------------------------+ 
Path 4: MET Late External Delay Assertion 
Endpoint:   dbg_wb_data[24]               (^) checked with  leading edge of 
'clk'
Beginpoint: datapath/MEMWB_memToReg_reg/Q (^) triggered by  leading edge of 
'clk'
Path Groups: {clk}
Analysis View: RPT_FAST
Other End Arrival Time          0.000
- External Delay                1.230
+ Phase Shift                   4.100
+ CPPR Adjustment               0.000
- Uncertainty                   0.100
= Required Time                 2.770
- Arrival Time                  0.349
= Slack Time                    2.421
     Clock Rise Edge                 0.000
     + Clock Network Latency (Prop)  0.133
     = Beginpoint Arrival Time       0.133
     +----------------------------------------------------------------------------------------------------+ 
     |               Instance                |        Arc        |   Cell    | Delay | Arrival | Required | 
     |                                       |                   |           |       |  Time   |   Time   | 
     |---------------------------------------+-------------------+-----------+-------+---------+----------| 
     | datapath/MEMWB_memToReg_reg           | CK ^              |           |       |   0.133 |    2.555 | 
     | datapath/MEMWB_memToReg_reg           | CK ^ -> Q ^       | DFFR_X1   | 0.066 |   0.199 |    2.621 | 
     | datapath/FE_OFC703_n_1340             | A ^ -> ZN v       | INV_X4    | 0.013 |   0.212 |    2.633 | 
     | datapath/FE_OCPC705_FE_OFN2551_n_1305 | A v -> Z v        | CLKBUF_X2 | 0.050 |   0.262 |    2.684 | 
     | datapath/g26793                       | S v -> Z v        | MUX2_X1   | 0.048 |   0.309 |    2.731 | 
     | datapath/FE_DBTC23_n_28               | A v -> ZN ^       | INV_X2    | 0.039 |   0.349 |    2.770 | 
     |                                       | dbg_wb_data[24] ^ |           | 0.000 |   0.349 |    2.770 | 
     +----------------------------------------------------------------------------------------------------+ 
Path 5: MET Late External Delay Assertion 
Endpoint:   dbg_wb_data[15]               (^) checked with  leading edge of 
'clk'
Beginpoint: datapath/MEMWB_memToReg_reg/Q (^) triggered by  leading edge of 
'clk'
Path Groups: {clk}
Analysis View: RPT_FAST
Other End Arrival Time          0.000
- External Delay                1.230
+ Phase Shift                   4.100
+ CPPR Adjustment               0.000
- Uncertainty                   0.100
= Required Time                 2.770
- Arrival Time                  0.347
= Slack Time                    2.423
     Clock Rise Edge                 0.000
     + Clock Network Latency (Prop)  0.133
     = Beginpoint Arrival Time       0.133
     +----------------------------------------------------------------------------------------------------+ 
     |               Instance                |        Arc        |   Cell    | Delay | Arrival | Required | 
     |                                       |                   |           |       |  Time   |   Time   | 
     |---------------------------------------+-------------------+-----------+-------+---------+----------| 
     | datapath/MEMWB_memToReg_reg           | CK ^              |           |       |   0.133 |    2.555 | 
     | datapath/MEMWB_memToReg_reg           | CK ^ -> Q ^       | DFFR_X1   | 0.066 |   0.199 |    2.622 | 
     | datapath/FE_OFC703_n_1340             | A ^ -> ZN v       | INV_X4    | 0.013 |   0.212 |    2.634 | 
     | datapath/FE_OCPC705_FE_OFN2551_n_1305 | A v -> Z v        | CLKBUF_X2 | 0.050 |   0.262 |    2.684 | 
     | datapath/g26798                       | S v -> Z v        | MUX2_X1   | 0.047 |   0.309 |    2.731 | 
     | datapath/FE_DBTC18_n_121              | A v -> ZN ^       | INV_X2    | 0.039 |   0.347 |    2.770 | 
     |                                       | dbg_wb_data[15] ^ |           | 0.000 |   0.347 |    2.770 | 
     +----------------------------------------------------------------------------------------------------+ 
Path 6: MET Late External Delay Assertion 
Endpoint:   dbg_wb_data[11]               (^) checked with  leading edge of 
'clk'
Beginpoint: datapath/MEMWB_memToReg_reg/Q (v) triggered by  leading edge of 
'clk'
Path Groups: {clk}
Analysis View: RPT_FAST
Other End Arrival Time          0.000
- External Delay                1.230
+ Phase Shift                   4.100
+ CPPR Adjustment               0.000
- Uncertainty                   0.100
= Required Time                 2.770
- Arrival Time                  0.344
= Slack Time                    2.426
     Clock Rise Edge                 0.000
     + Clock Network Latency (Prop)  0.133
     = Beginpoint Arrival Time       0.133
     +-------------------------------------------------------------------------------------------------------------+ 
     |                     Instance                     |        Arc        |  Cell   | Delay | Arrival | Required | 
     |                                                  |                   |         |       |  Time   |   Time   | 
     |--------------------------------------------------+-------------------+---------+-------+---------+----------| 
     | datapath/MEMWB_memToReg_reg                      | CK ^              |         |       |   0.133 |    2.559 | 
     | datapath/MEMWB_memToReg_reg                      | CK ^ -> Q v       | DFFR_X1 | 0.060 |   0.193 |    2.619 | 
     | datapath/FE_OFC703_n_1340                        | A v -> ZN ^       | INV_X4  | 0.016 |   0.209 |    2.635 | 
     | datapath/FE_OFC640_FE_OCPN2642_FE_OFN2551_n_1305 | A ^ -> Z ^        | BUF_X1  | 0.042 |   0.251 |    2.677 | 
     | datapath/g26803                                  | S ^ -> Z v        | MUX2_X1 | 0.050 |   0.302 |    2.727 | 
     | datapath/FE_DBTC14_n_79                          | A v -> ZN ^       | INV_X2  | 0.043 |   0.344 |    2.770 | 
     |                                                  | dbg_wb_data[11] ^ |         | 0.000 |   0.344 |    2.770 | 
     +-------------------------------------------------------------------------------------------------------------+ 
Path 7: MET Late External Delay Assertion 
Endpoint:   dbg_wb_data[9]                (^) checked with  leading edge of 
'clk'
Beginpoint: datapath/MEMWB_memToReg_reg/Q (v) triggered by  leading edge of 
'clk'
Path Groups: {clk}
Analysis View: RPT_FAST
Other End Arrival Time          0.000
- External Delay                1.230
+ Phase Shift                   4.100
+ CPPR Adjustment               0.000
- Uncertainty                   0.100
= Required Time                 2.770
- Arrival Time                  0.344
= Slack Time                    2.426
     Clock Rise Edge                 0.000
     + Clock Network Latency (Prop)  0.133
     = Beginpoint Arrival Time       0.133
     +------------------------------------------------------------------------------------------------------------+ 
     |                     Instance                     |       Arc        |  Cell   | Delay | Arrival | Required | 
     |                                                  |                  |         |       |  Time   |   Time   | 
     |--------------------------------------------------+------------------+---------+-------+---------+----------| 
     | datapath/MEMWB_memToReg_reg                      | CK ^             |         |       |   0.133 |    2.559 | 
     | datapath/MEMWB_memToReg_reg                      | CK ^ -> Q v      | DFFR_X1 | 0.060 |   0.193 |    2.619 | 
     | datapath/FE_OFC703_n_1340                        | A v -> ZN ^      | INV_X4  | 0.016 |   0.209 |    2.635 | 
     | datapath/FE_OFC640_FE_OCPN2642_FE_OFN2551_n_1305 | A ^ -> Z ^       | BUF_X1  | 0.042 |   0.251 |    2.677 | 
     | datapath/g26805                                  | S ^ -> Z v       | MUX2_X1 | 0.051 |   0.303 |    2.729 | 
     | datapath/FE_DBTC12_n_82                          | A v -> ZN ^      | INV_X2  | 0.041 |   0.344 |    2.770 | 
     |                                                  | dbg_wb_data[9] ^ |         | 0.000 |   0.344 |    2.770 | 
     +------------------------------------------------------------------------------------------------------------+ 
Path 8: MET Late External Delay Assertion 
Endpoint:   dbg_wb_data[12]               (^) checked with  leading edge of 
'clk'
Beginpoint: datapath/MEMWB_memToReg_reg/Q (v) triggered by  leading edge of 
'clk'
Path Groups: {clk}
Analysis View: RPT_FAST
Other End Arrival Time          0.000
- External Delay                1.230
+ Phase Shift                   4.100
+ CPPR Adjustment               0.000
- Uncertainty                   0.100
= Required Time                 2.770
- Arrival Time                  0.343
= Slack Time                    2.427
     Clock Rise Edge                 0.000
     + Clock Network Latency (Prop)  0.133
     = Beginpoint Arrival Time       0.133
     +-------------------------------------------------------------------------------------------------------------+ 
     |                     Instance                     |        Arc        |  Cell   | Delay | Arrival | Required | 
     |                                                  |                   |         |       |  Time   |   Time   | 
     |--------------------------------------------------+-------------------+---------+-------+---------+----------| 
     | datapath/MEMWB_memToReg_reg                      | CK ^              |         |       |   0.133 |    2.560 | 
     | datapath/MEMWB_memToReg_reg                      | CK ^ -> Q v       | DFFR_X1 | 0.060 |   0.193 |    2.620 | 
     | datapath/FE_OFC703_n_1340                        | A v -> ZN ^       | INV_X4  | 0.016 |   0.209 |    2.636 | 
     | datapath/FE_OFC640_FE_OCPN2642_FE_OFN2551_n_1305 | A ^ -> Z ^        | BUF_X1  | 0.042 |   0.251 |    2.678 | 
     | datapath/g26802                                  | S ^ -> Z v        | MUX2_X1 | 0.048 |   0.299 |    2.726 | 
     | datapath/FE_DBTC15_n_94                          | A v -> ZN ^       | INV_X2  | 0.044 |   0.343 |    2.770 | 
     |                                                  | dbg_wb_data[12] ^ |         | 0.000 |   0.343 |    2.770 | 
     +-------------------------------------------------------------------------------------------------------------+ 
Path 9: MET Late External Delay Assertion 
Endpoint:   dbg_wb_data[10]               (^) checked with  leading edge of 
'clk'
Beginpoint: datapath/MEMWB_memToReg_reg/Q (v) triggered by  leading edge of 
'clk'
Path Groups: {clk}
Analysis View: RPT_FAST
Other End Arrival Time          0.000
- External Delay                1.230
+ Phase Shift                   4.100
+ CPPR Adjustment               0.000
- Uncertainty                   0.100
= Required Time                 2.770
- Arrival Time                  0.343
= Slack Time                    2.427
     Clock Rise Edge                 0.000
     + Clock Network Latency (Prop)  0.133
     = Beginpoint Arrival Time       0.133
     +-------------------------------------------------------------------------------------------------------------+ 
     |                     Instance                     |        Arc        |  Cell   | Delay | Arrival | Required | 
     |                                                  |                   |         |       |  Time   |   Time   | 
     |--------------------------------------------------+-------------------+---------+-------+---------+----------| 
     | datapath/MEMWB_memToReg_reg                      | CK ^              |         |       |   0.133 |    2.560 | 
     | datapath/MEMWB_memToReg_reg                      | CK ^ -> Q v       | DFFR_X1 | 0.060 |   0.193 |    2.620 | 
     | datapath/FE_OFC703_n_1340                        | A v -> ZN ^       | INV_X4  | 0.016 |   0.209 |    2.637 | 
     | datapath/FE_OFC640_FE_OCPN2642_FE_OFN2551_n_1305 | A ^ -> Z ^        | BUF_X1  | 0.042 |   0.251 |    2.679 | 
     | datapath/g26807                                  | S ^ -> Z v        | MUX2_X1 | 0.050 |   0.301 |    2.728 | 
     | datapath/FE_DBTC13_n_37                          | A v -> ZN ^       | INV_X2  | 0.042 |   0.343 |    2.770 | 
     |                                                  | dbg_wb_data[10] ^ |         | 0.000 |   0.343 |    2.770 | 
     +-------------------------------------------------------------------------------------------------------------+ 
Path 10: MET Late External Delay Assertion 
Endpoint:   dbg_wb_data[20]               (^) checked with  leading edge of 
'clk'
Beginpoint: datapath/MEMWB_memToReg_reg/Q (^) triggered by  leading edge of 
'clk'
Path Groups: {clk}
Analysis View: RPT_FAST
Other End Arrival Time          0.000
- External Delay                1.230
+ Phase Shift                   4.100
+ CPPR Adjustment               0.000
- Uncertainty                   0.100
= Required Time                 2.770
- Arrival Time                  0.342
= Slack Time                    2.428
     Clock Rise Edge                 0.000
     + Clock Network Latency (Prop)  0.133
     = Beginpoint Arrival Time       0.133
     +----------------------------------------------------------------------------------------------------+ 
     |               Instance                |        Arc        |   Cell    | Delay | Arrival | Required | 
     |                                       |                   |           |       |  Time   |   Time   | 
     |---------------------------------------+-------------------+-----------+-------+---------+----------| 
     | datapath/MEMWB_memToReg_reg           | CK ^              |           |       |   0.133 |    2.561 | 
     | datapath/MEMWB_memToReg_reg           | CK ^ -> Q ^       | DFFR_X1   | 0.066 |   0.199 |    2.627 | 
     | datapath/FE_OFC703_n_1340             | A ^ -> ZN v       | INV_X4    | 0.013 |   0.212 |    2.639 | 
     | datapath/FE_OCPC705_FE_OFN2551_n_1305 | A v -> Z v        | CLKBUF_X2 | 0.050 |   0.262 |    2.690 | 
     | datapath/g26804                       | S v -> Z ^        | MUX2_X2   | 0.081 |   0.342 |    2.770 | 
     |                                       | dbg_wb_data[20] ^ |           | 0.000 |   0.342 |    2.770 | 
     +----------------------------------------------------------------------------------------------------+ 
Path 11: MET Late External Delay Assertion 
Endpoint:   dbg_wb_data[23]               (^) checked with  leading edge of 
'clk'
Beginpoint: datapath/MEMWB_memToReg_reg/Q (^) triggered by  leading edge of 
'clk'
Path Groups: {clk}
Analysis View: RPT_FAST
Other End Arrival Time          0.000
- External Delay                1.230
+ Phase Shift                   4.100
+ CPPR Adjustment               0.000
- Uncertainty                   0.100
= Required Time                 2.770
- Arrival Time                  0.342
= Slack Time                    2.428
     Clock Rise Edge                 0.000
     + Clock Network Latency (Prop)  0.133
     = Beginpoint Arrival Time       0.133
     +----------------------------------------------------------------------------------------------------+ 
     |               Instance                |        Arc        |   Cell    | Delay | Arrival | Required | 
     |                                       |                   |           |       |  Time   |   Time   | 
     |---------------------------------------+-------------------+-----------+-------+---------+----------| 
     | datapath/MEMWB_memToReg_reg           | CK ^              |           |       |   0.133 |    2.561 | 
     | datapath/MEMWB_memToReg_reg           | CK ^ -> Q ^       | DFFR_X1   | 0.066 |   0.199 |    2.627 | 
     | datapath/FE_OFC703_n_1340             | A ^ -> ZN v       | INV_X4    | 0.013 |   0.212 |    2.639 | 
     | datapath/FE_OCPC705_FE_OFN2551_n_1305 | A v -> Z v        | CLKBUF_X2 | 0.050 |   0.262 |    2.690 | 
     | datapath/g26771                       | S v -> Z ^        | MUX2_X2   | 0.080 |   0.342 |    2.770 | 
     |                                       | dbg_wb_data[23] ^ |           | 0.000 |   0.342 |    2.770 | 
     +----------------------------------------------------------------------------------------------------+ 
Path 12: MET Late External Delay Assertion 
Endpoint:   dbg_wb_data[16]               (^) checked with  leading edge of 
'clk'
Beginpoint: datapath/MEMWB_memToReg_reg/Q (^) triggered by  leading edge of 
'clk'
Path Groups: {clk}
Analysis View: RPT_FAST
Other End Arrival Time          0.000
- External Delay                1.230
+ Phase Shift                   4.100
+ CPPR Adjustment               0.000
- Uncertainty                   0.100
= Required Time                 2.770
- Arrival Time                  0.340
= Slack Time                    2.430
     Clock Rise Edge                 0.000
     + Clock Network Latency (Prop)  0.133
     = Beginpoint Arrival Time       0.133
     +----------------------------------------------------------------------------------------------------+ 
     |               Instance                |        Arc        |   Cell    | Delay | Arrival | Required | 
     |                                       |                   |           |       |  Time   |   Time   | 
     |---------------------------------------+-------------------+-----------+-------+---------+----------| 
     | datapath/MEMWB_memToReg_reg           | CK ^              |           |       |   0.133 |    2.563 | 
     | datapath/MEMWB_memToReg_reg           | CK ^ -> Q ^       | DFFR_X1   | 0.066 |   0.199 |    2.629 | 
     | datapath/FE_OFC703_n_1340             | A ^ -> ZN v       | INV_X4    | 0.013 |   0.212 |    2.642 | 
     | datapath/FE_OCPC705_FE_OFN2551_n_1305 | A v -> Z v        | CLKBUF_X2 | 0.050 |   0.262 |    2.692 | 
     | datapath/g26796                       | S v -> Z ^        | MUX2_X2   | 0.078 |   0.340 |    2.770 | 
     |                                       | dbg_wb_data[16] ^ |           | 0.000 |   0.340 |    2.770 | 
     +----------------------------------------------------------------------------------------------------+ 
Path 13: MET Late External Delay Assertion 
Endpoint:   dbg_wb_data[17]               (^) checked with  leading edge of 
'clk'
Beginpoint: datapath/MEMWB_memToReg_reg/Q (^) triggered by  leading edge of 
'clk'
Path Groups: {clk}
Analysis View: RPT_FAST
Other End Arrival Time          0.000
- External Delay                1.230
+ Phase Shift                   4.100
+ CPPR Adjustment               0.000
- Uncertainty                   0.100
= Required Time                 2.770
- Arrival Time                  0.340
= Slack Time                    2.430
     Clock Rise Edge                 0.000
     + Clock Network Latency (Prop)  0.133
     = Beginpoint Arrival Time       0.133
     +----------------------------------------------------------------------------------------------------+ 
     |               Instance                |        Arc        |   Cell    | Delay | Arrival | Required | 
     |                                       |                   |           |       |  Time   |   Time   | 
     |---------------------------------------+-------------------+-----------+-------+---------+----------| 
     | datapath/MEMWB_memToReg_reg           | CK ^              |           |       |   0.133 |    2.563 | 
     | datapath/MEMWB_memToReg_reg           | CK ^ -> Q ^       | DFFR_X1   | 0.066 |   0.199 |    2.630 | 
     | datapath/FE_OFC703_n_1340             | A ^ -> ZN v       | INV_X4    | 0.013 |   0.212 |    2.642 | 
     | datapath/FE_OCPC705_FE_OFN2551_n_1305 | A v -> Z v        | CLKBUF_X2 | 0.050 |   0.262 |    2.692 | 
     | datapath/g26794                       | S v -> Z ^        | MUX2_X2   | 0.078 |   0.340 |    2.770 | 
     |                                       | dbg_wb_data[17] ^ |           | 0.000 |   0.340 |    2.770 | 
     +----------------------------------------------------------------------------------------------------+ 
Path 14: MET Late External Delay Assertion 
Endpoint:   dbg_wb_data[21]               (^) checked with  leading edge of 
'clk'
Beginpoint: datapath/MEMWB_memToReg_reg/Q (v) triggered by  leading edge of 
'clk'
Path Groups: {clk}
Analysis View: RPT_FAST
Other End Arrival Time          0.000
- External Delay                1.230
+ Phase Shift                   4.100
+ CPPR Adjustment               0.000
- Uncertainty                   0.100
= Required Time                 2.770
- Arrival Time                  0.339
= Slack Time                    2.431
     Clock Rise Edge                 0.000
     + Clock Network Latency (Prop)  0.133
     = Beginpoint Arrival Time       0.133
     +-------------------------------------------------------------------------------------------------------------+ 
     |                     Instance                     |        Arc        |  Cell   | Delay | Arrival | Required | 
     |                                                  |                   |         |       |  Time   |   Time   | 
     |--------------------------------------------------+-------------------+---------+-------+---------+----------| 
     | datapath/MEMWB_memToReg_reg                      | CK ^              |         |       |   0.133 |    2.564 | 
     | datapath/MEMWB_memToReg_reg                      | CK ^ -> Q v       | DFFR_X1 | 0.060 |   0.193 |    2.624 | 
     | datapath/FE_OFC703_n_1340                        | A v -> ZN ^       | INV_X4  | 0.016 |   0.209 |    2.640 | 
     | datapath/FE_OFC640_FE_OCPN2642_FE_OFN2551_n_1305 | A ^ -> Z ^        | BUF_X1  | 0.042 |   0.251 |    2.682 | 
     | datapath/g26769                                  | S ^ -> Z v        | MUX2_X1 | 0.047 |   0.299 |    2.730 | 
     | datapath/FE_DBTC21_n_46                          | A v -> ZN ^       | INV_X2  | 0.040 |   0.339 |    2.770 | 
     |                                                  | dbg_wb_data[21] ^ |         | 0.000 |   0.339 |    2.770 | 
     +-------------------------------------------------------------------------------------------------------------+ 
Path 15: MET Late External Delay Assertion 
Endpoint:   dbg_wb_data[14]               (^) checked with  leading edge of 
'clk'
Beginpoint: datapath/MEMWB_memToReg_reg/Q (v) triggered by  leading edge of 
'clk'
Path Groups: {clk}
Analysis View: RPT_FAST
Other End Arrival Time          0.000
- External Delay                1.230
+ Phase Shift                   4.100
+ CPPR Adjustment               0.000
- Uncertainty                   0.100
= Required Time                 2.770
- Arrival Time                  0.335
= Slack Time                    2.435
     Clock Rise Edge                 0.000
     + Clock Network Latency (Prop)  0.133
     = Beginpoint Arrival Time       0.133
     +-------------------------------------------------------------------------------------------------------------+ 
     |                     Instance                     |        Arc        |  Cell   | Delay | Arrival | Required | 
     |                                                  |                   |         |       |  Time   |   Time   | 
     |--------------------------------------------------+-------------------+---------+-------+---------+----------| 
     | datapath/MEMWB_memToReg_reg                      | CK ^              |         |       |   0.133 |    2.568 | 
     | datapath/MEMWB_memToReg_reg                      | CK ^ -> Q v       | DFFR_X1 | 0.060 |   0.193 |    2.628 | 
     | datapath/FE_OFC703_n_1340                        | A v -> ZN ^       | INV_X4  | 0.016 |   0.209 |    2.644 | 
     | datapath/FE_OFC640_FE_OCPN2642_FE_OFN2551_n_1305 | A ^ -> Z ^        | BUF_X1  | 0.042 |   0.251 |    2.686 | 
     | datapath/g26799                                  | S ^ -> Z v        | MUX2_X1 | 0.045 |   0.296 |    2.731 | 
     | datapath/FE_DBTC17_n_70                          | A v -> ZN ^       | INV_X2  | 0.039 |   0.335 |    2.770 | 
     |                                                  | dbg_wb_data[14] ^ |         | 0.000 |   0.335 |    2.770 | 
     +-------------------------------------------------------------------------------------------------------------+ 
Path 16: MET Late External Delay Assertion 
Endpoint:   dbg_wb_data[13]               (^) checked with  leading edge of 
'clk'
Beginpoint: datapath/MEMWB_memToReg_reg/Q (v) triggered by  leading edge of 
'clk'
Path Groups: {clk}
Analysis View: RPT_FAST
Other End Arrival Time          0.000
- External Delay                1.230
+ Phase Shift                   4.100
+ CPPR Adjustment               0.000
- Uncertainty                   0.100
= Required Time                 2.770
- Arrival Time                  0.335
= Slack Time                    2.435
     Clock Rise Edge                 0.000
     + Clock Network Latency (Prop)  0.133
     = Beginpoint Arrival Time       0.133
     +-------------------------------------------------------------------------------------------------------------+ 
     |                     Instance                     |        Arc        |  Cell   | Delay | Arrival | Required | 
     |                                                  |                   |         |       |  Time   |   Time   | 
     |--------------------------------------------------+-------------------+---------+-------+---------+----------| 
     | datapath/MEMWB_memToReg_reg                      | CK ^              |         |       |   0.133 |    2.568 | 
     | datapath/MEMWB_memToReg_reg                      | CK ^ -> Q v       | DFFR_X1 | 0.060 |   0.193 |    2.628 | 
     | datapath/FE_OFC703_n_1340                        | A v -> ZN ^       | INV_X4  | 0.016 |   0.209 |    2.645 | 
     | datapath/FE_OFC640_FE_OCPN2642_FE_OFN2551_n_1305 | A ^ -> Z ^        | BUF_X1  | 0.042 |   0.251 |    2.687 | 
     | datapath/g26800                                  | S ^ -> Z v        | MUX2_X1 | 0.045 |   0.296 |    2.732 | 
     | datapath/FE_DBTC16_n_31                          | A v -> ZN ^       | INV_X2  | 0.038 |   0.335 |    2.770 | 
     |                                                  | dbg_wb_data[13] ^ |         | 0.000 |   0.335 |    2.770 | 
     +-------------------------------------------------------------------------------------------------------------+ 
Path 17: MET Late External Delay Assertion 
Endpoint:   dbg_wb_data[25]               (v) checked with  leading edge of 
'clk'
Beginpoint: datapath/MEMWB_memToReg_reg/Q (^) triggered by  leading edge of 
'clk'
Path Groups: {clk}
Analysis View: RPT_FAST
Other End Arrival Time          0.000
- External Delay                1.230
+ Phase Shift                   4.100
+ CPPR Adjustment               0.000
- Uncertainty                   0.100
= Required Time                 2.770
- Arrival Time                  0.326
= Slack Time                    2.444
     Clock Rise Edge                 0.000
     + Clock Network Latency (Prop)  0.133
     = Beginpoint Arrival Time       0.133
     +-------------------------------------------------------------------------------------------------------------+ 
     |                     Instance                     |        Arc        |  Cell   | Delay | Arrival | Required | 
     |                                                  |                   |         |       |  Time   |   Time   | 
     |--------------------------------------------------+-------------------+---------+-------+---------+----------| 
     | datapath/MEMWB_memToReg_reg                      | CK ^              |         |       |   0.133 |    2.577 | 
     | datapath/MEMWB_memToReg_reg                      | CK ^ -> Q ^       | DFFR_X1 | 0.066 |   0.199 |    2.643 | 
     | datapath/FE_OFC703_n_1340                        | A ^ -> ZN v       | INV_X4  | 0.013 |   0.212 |    2.656 | 
     | datapath/FE_OFC641_FE_OCPN2642_FE_OFN2551_n_1305 | A v -> ZN ^       | INV_X1  | 0.040 |   0.251 |    2.695 | 
     | datapath/g26761                                  | S ^ -> Z v        | MUX2_X2 | 0.075 |   0.326 |    2.770 | 
     |                                                  | dbg_wb_data[25] v |         | 0.000 |   0.326 |    2.770 | 
     +-------------------------------------------------------------------------------------------------------------+ 
Path 18: MET Late External Delay Assertion 
Endpoint:   dbg_wb_data[27]               (v) checked with  leading edge of 
'clk'
Beginpoint: datapath/MEMWB_memToReg_reg/Q (^) triggered by  leading edge of 
'clk'
Path Groups: {clk}
Analysis View: RPT_FAST
Other End Arrival Time          0.000
- External Delay                1.230
+ Phase Shift                   4.100
+ CPPR Adjustment               0.000
- Uncertainty                   0.100
= Required Time                 2.770
- Arrival Time                  0.325
= Slack Time                    2.445
     Clock Rise Edge                 0.000
     + Clock Network Latency (Prop)  0.133
     = Beginpoint Arrival Time       0.133
     +-------------------------------------------------------------------------------------------------------------+ 
     |                     Instance                     |        Arc        |  Cell   | Delay | Arrival | Required | 
     |                                                  |                   |         |       |  Time   |   Time   | 
     |--------------------------------------------------+-------------------+---------+-------+---------+----------| 
     | datapath/MEMWB_memToReg_reg                      | CK ^              |         |       |   0.133 |    2.578 | 
     | datapath/MEMWB_memToReg_reg                      | CK ^ -> Q ^       | DFFR_X1 | 0.066 |   0.199 |    2.644 | 
     | datapath/FE_OFC703_n_1340                        | A ^ -> ZN v       | INV_X4  | 0.013 |   0.212 |    2.657 | 
     | datapath/FE_OFC641_FE_OCPN2642_FE_OFN2551_n_1305 | A v -> ZN ^       | INV_X1  | 0.040 |   0.251 |    2.697 | 
     | datapath/g26760                                  | S ^ -> Z v        | MUX2_X2 | 0.073 |   0.325 |    2.770 | 
     |                                                  | dbg_wb_data[27] v |         | 0.000 |   0.325 |    2.770 | 
     +-------------------------------------------------------------------------------------------------------------+ 
Path 19: MET Late External Delay Assertion 
Endpoint:   dbg_wb_data[28]               (v) checked with  leading edge of 
'clk'
Beginpoint: datapath/MEMWB_memToReg_reg/Q (^) triggered by  leading edge of 
'clk'
Path Groups: {clk}
Analysis View: RPT_FAST
Other End Arrival Time          0.000
- External Delay                1.230
+ Phase Shift                   4.100
+ CPPR Adjustment               0.000
- Uncertainty                   0.100
= Required Time                 2.770
- Arrival Time                  0.324
= Slack Time                    2.446
     Clock Rise Edge                 0.000
     + Clock Network Latency (Prop)  0.133
     = Beginpoint Arrival Time       0.133
     +-------------------------------------------------------------------------------------------------------------+ 
     |                     Instance                     |        Arc        |  Cell   | Delay | Arrival | Required | 
     |                                                  |                   |         |       |  Time   |   Time   | 
     |--------------------------------------------------+-------------------+---------+-------+---------+----------| 
     | datapath/MEMWB_memToReg_reg                      | CK ^              |         |       |   0.133 |    2.579 | 
     | datapath/MEMWB_memToReg_reg                      | CK ^ -> Q ^       | DFFR_X1 | 0.066 |   0.199 |    2.645 | 
     | datapath/FE_OFC703_n_1340                        | A ^ -> ZN v       | INV_X4  | 0.013 |   0.212 |    2.658 | 
     | datapath/FE_OFC641_FE_OCPN2642_FE_OFN2551_n_1305 | A v -> ZN ^       | INV_X1  | 0.040 |   0.251 |    2.697 | 
     | datapath/g26763                                  | S ^ -> Z v        | MUX2_X2 | 0.072 |   0.324 |    2.770 | 
     |                                                  | dbg_wb_data[28] v |         | 0.000 |   0.324 |    2.770 | 
     +-------------------------------------------------------------------------------------------------------------+ 
Path 20: MET Late External Delay Assertion 
Endpoint:   dbg_wb_data[26]               (v) checked with  leading edge of 
'clk'
Beginpoint: datapath/MEMWB_memToReg_reg/Q (^) triggered by  leading edge of 
'clk'
Path Groups: {clk}
Analysis View: RPT_FAST
Other End Arrival Time          0.000
- External Delay                1.230
+ Phase Shift                   4.100
+ CPPR Adjustment               0.000
- Uncertainty                   0.100
= Required Time                 2.770
- Arrival Time                  0.323
= Slack Time                    2.447
     Clock Rise Edge                 0.000
     + Clock Network Latency (Prop)  0.133
     = Beginpoint Arrival Time       0.133
     +-------------------------------------------------------------------------------------------------------------+ 
     |                     Instance                     |        Arc        |  Cell   | Delay | Arrival | Required | 
     |                                                  |                   |         |       |  Time   |   Time   | 
     |--------------------------------------------------+-------------------+---------+-------+---------+----------| 
     | datapath/MEMWB_memToReg_reg                      | CK ^              |         |       |   0.133 |    2.580 | 
     | datapath/MEMWB_memToReg_reg                      | CK ^ -> Q ^       | DFFR_X1 | 0.066 |   0.199 |    2.646 | 
     | datapath/FE_OFC703_n_1340                        | A ^ -> ZN v       | INV_X4  | 0.013 |   0.212 |    2.658 | 
     | datapath/FE_OFC641_FE_OCPN2642_FE_OFN2551_n_1305 | A v -> ZN ^       | INV_X1  | 0.040 |   0.251 |    2.698 | 
     | datapath/g26766                                  | S ^ -> Z v        | MUX2_X2 | 0.072 |   0.323 |    2.770 | 
     |                                                  | dbg_wb_data[26] v |         | 0.000 |   0.323 |    2.770 | 
     +-------------------------------------------------------------------------------------------------------------+ 
Path 21: MET Late External Delay Assertion 
Endpoint:   dbg_wb_data[30]               (v) checked with  leading edge of 
'clk'
Beginpoint: datapath/MEMWB_memToReg_reg/Q (^) triggered by  leading edge of 
'clk'
Path Groups: {clk}
Analysis View: RPT_FAST
Other End Arrival Time          0.000
- External Delay                1.230
+ Phase Shift                   4.100
+ CPPR Adjustment               0.000
- Uncertainty                   0.100
= Required Time                 2.770
- Arrival Time                  0.323
= Slack Time                    2.447
     Clock Rise Edge                 0.000
     + Clock Network Latency (Prop)  0.133
     = Beginpoint Arrival Time       0.133
     +-------------------------------------------------------------------------------------------------------------+ 
     |                     Instance                     |        Arc        |  Cell   | Delay | Arrival | Required | 
     |                                                  |                   |         |       |  Time   |   Time   | 
     |--------------------------------------------------+-------------------+---------+-------+---------+----------| 
     | datapath/MEMWB_memToReg_reg                      | CK ^              |         |       |   0.133 |    2.580 | 
     | datapath/MEMWB_memToReg_reg                      | CK ^ -> Q ^       | DFFR_X1 | 0.066 |   0.199 |    2.646 | 
     | datapath/FE_OFC703_n_1340                        | A ^ -> ZN v       | INV_X4  | 0.013 |   0.212 |    2.659 | 
     | datapath/FE_OFC641_FE_OCPN2642_FE_OFN2551_n_1305 | A v -> ZN ^       | INV_X1  | 0.040 |   0.251 |    2.698 | 
     | datapath/g26765                                  | S ^ -> Z v        | MUX2_X2 | 0.072 |   0.323 |    2.770 | 
     |                                                  | dbg_wb_data[30] v |         | 0.000 |   0.323 |    2.770 | 
     +-------------------------------------------------------------------------------------------------------------+ 
Path 22: MET Late External Delay Assertion 
Endpoint:   dbg_wb_data[29]               (v) checked with  leading edge of 
'clk'
Beginpoint: datapath/MEMWB_memToReg_reg/Q (^) triggered by  leading edge of 
'clk'
Path Groups: {clk}
Analysis View: RPT_FAST
Other End Arrival Time          0.000
- External Delay                1.230
+ Phase Shift                   4.100
+ CPPR Adjustment               0.000
- Uncertainty                   0.100
= Required Time                 2.770
- Arrival Time                  0.322
= Slack Time                    2.447
     Clock Rise Edge                 0.000
     + Clock Network Latency (Prop)  0.133
     = Beginpoint Arrival Time       0.133
     +-------------------------------------------------------------------------------------------------------------+ 
     |                     Instance                     |        Arc        |  Cell   | Delay | Arrival | Required | 
     |                                                  |                   |         |       |  Time   |   Time   | 
     |--------------------------------------------------+-------------------+---------+-------+---------+----------| 
     | datapath/MEMWB_memToReg_reg                      | CK ^              |         |       |   0.133 |    2.580 | 
     | datapath/MEMWB_memToReg_reg                      | CK ^ -> Q ^       | DFFR_X1 | 0.066 |   0.199 |    2.647 | 
     | datapath/FE_OFC703_n_1340                        | A ^ -> ZN v       | INV_X4  | 0.013 |   0.212 |    2.659 | 
     | datapath/FE_OFC641_FE_OCPN2642_FE_OFN2551_n_1305 | A v -> ZN ^       | INV_X1  | 0.040 |   0.251 |    2.699 | 
     | datapath/g26762                                  | S ^ -> Z v        | MUX2_X2 | 0.071 |   0.322 |    2.770 | 
     |                                                  | dbg_wb_data[29] v |         | 0.000 |   0.322 |    2.770 | 
     +-------------------------------------------------------------------------------------------------------------+ 
Path 23: MET Late External Delay Assertion 
Endpoint:   dbg_wb_data[31]               (v) checked with  leading edge of 
'clk'
Beginpoint: datapath/MEMWB_memToReg_reg/Q (^) triggered by  leading edge of 
'clk'
Path Groups: {clk}
Analysis View: RPT_FAST
Other End Arrival Time          0.000
- External Delay                1.230
+ Phase Shift                   4.100
+ CPPR Adjustment               0.000
- Uncertainty                   0.100
= Required Time                 2.770
- Arrival Time                  0.322
= Slack Time                    2.448
     Clock Rise Edge                 0.000
     + Clock Network Latency (Prop)  0.133
     = Beginpoint Arrival Time       0.133
     +-------------------------------------------------------------------------------------------------------------+ 
     |                     Instance                     |        Arc        |  Cell   | Delay | Arrival | Required | 
     |                                                  |                   |         |       |  Time   |   Time   | 
     |--------------------------------------------------+-------------------+---------+-------+---------+----------| 
     | datapath/MEMWB_memToReg_reg                      | CK ^              |         |       |   0.133 |    2.581 | 
     | datapath/MEMWB_memToReg_reg                      | CK ^ -> Q ^       | DFFR_X1 | 0.066 |   0.199 |    2.647 | 
     | datapath/FE_OFC703_n_1340                        | A ^ -> ZN v       | INV_X4  | 0.013 |   0.212 |    2.660 | 
     | datapath/FE_OFC641_FE_OCPN2642_FE_OFN2551_n_1305 | A v -> ZN ^       | INV_X1  | 0.040 |   0.251 |    2.699 | 
     | datapath/g26764                                  | S ^ -> Z v        | MUX2_X2 | 0.071 |   0.322 |    2.770 | 
     |                                                  | dbg_wb_data[31] v |         | 0.000 |   0.322 |    2.770 | 
     +-------------------------------------------------------------------------------------------------------------+ 
Path 24: MET Late External Delay Assertion 
Endpoint:   dbg_wb_data[4]                (^) checked with  leading edge of 
'clk'
Beginpoint: datapath/MEMWB_memToReg_reg/Q (v) triggered by  leading edge of 
'clk'
Path Groups: {clk}
Analysis View: RPT_FAST
Other End Arrival Time          0.000
- External Delay                1.230
+ Phase Shift                   4.100
+ CPPR Adjustment               0.000
- Uncertainty                   0.100
= Required Time                 2.770
- Arrival Time                  0.305
= Slack Time                    2.465
     Clock Rise Edge                 0.000
     + Clock Network Latency (Prop)  0.133
     = Beginpoint Arrival Time       0.133
     +-------------------------------------------------------------------------------------------+ 
     |            Instance            |       Arc        |   Cell   | Delay | Arrival | Required | 
     |                                |                  |          |       |  Time   |   Time   | 
     |--------------------------------+------------------+----------+-------+---------+----------| 
     | datapath/MEMWB_memToReg_reg    | CK ^             |          |       |   0.133 |    2.598 | 
     | datapath/MEMWB_memToReg_reg    | CK ^ -> Q v      | DFFR_X1  | 0.060 |   0.193 |    2.658 | 
     | datapath/FE_OFC703_n_1340      | A v -> ZN ^      | INV_X4   | 0.016 |   0.209 |    2.674 | 
     | datapath/FE_OFC704_n_1340      | A ^ -> ZN v      | INV_X4   | 0.006 |   0.216 |    2.680 | 
     | datapath/FE_RC_500_0           | B1 v -> ZN ^     | AOI22_X1 | 0.033 |   0.249 |    2.714 | 
     | datapath/FE_OFC572_FE_RN_245_0 | A ^ -> ZN v      | INV_X1   | 0.018 |   0.267 |    2.731 | 
     | datapath/g26751                | A v -> ZN ^      | INV_X2   | 0.039 |   0.305 |    2.770 | 
     |                                | dbg_wb_data[4] ^ |          | 0.000 |   0.305 |    2.770 | 
     +-------------------------------------------------------------------------------------------+ 
Path 25: MET Late External Delay Assertion 
Endpoint:   dbg_wb_data[8]                (^) checked with  leading edge of 
'clk'
Beginpoint: datapath/MEMWB_memToReg_reg/Q (v) triggered by  leading edge of 
'clk'
Path Groups: {clk}
Analysis View: RPT_FAST
Other End Arrival Time          0.000
- External Delay                1.230
+ Phase Shift                   4.100
+ CPPR Adjustment               0.000
- Uncertainty                   0.100
= Required Time                 2.770
- Arrival Time                  0.300
= Slack Time                    2.470
     Clock Rise Edge                 0.000
     + Clock Network Latency (Prop)  0.133
     = Beginpoint Arrival Time       0.133
     +---------------------------------------------------------------------------------------+ 
     |          Instance           |       Arc        |  Cell   | Delay | Arrival | Required | 
     |                             |                  |         |       |  Time   |   Time   | 
     |-----------------------------+------------------+---------+-------+---------+----------| 
     | datapath/MEMWB_memToReg_reg | CK ^             |         |       |   0.133 |    2.603 | 
     | datapath/MEMWB_memToReg_reg | CK ^ -> Q v      | DFFR_X1 | 0.060 |   0.193 |    2.663 | 
     | datapath/FE_OFC703_n_1340   | A v -> ZN ^      | INV_X4  | 0.016 |   0.209 |    2.679 | 
     | datapath/g26806             | S ^ -> Z v       | MUX2_X1 | 0.052 |   0.261 |    2.731 | 
     | datapath/FE_DBTC11_n_88     | A v -> ZN ^      | INV_X2  | 0.039 |   0.300 |    2.770 | 
     |                             | dbg_wb_data[8] ^ |         | 0.000 |   0.300 |    2.770 | 
     +---------------------------------------------------------------------------------------+ 
Path 26: MET Late External Delay Assertion 
Endpoint:   dbg_wb_data[6]                (^) checked with  leading edge of 
'clk'
Beginpoint: datapath/MEMWB_memToReg_reg/Q (v) triggered by  leading edge of 
'clk'
Path Groups: {clk}
Analysis View: RPT_FAST
Other End Arrival Time          0.000
- External Delay                1.230
+ Phase Shift                   4.100
+ CPPR Adjustment               0.000
- Uncertainty                   0.100
= Required Time                 2.770
- Arrival Time                  0.299
= Slack Time                    2.471
     Clock Rise Edge                 0.000
     + Clock Network Latency (Prop)  0.133
     = Beginpoint Arrival Time       0.133
     +---------------------------------------------------------------------------------------+ 
     |          Instance           |       Arc        |  Cell   | Delay | Arrival | Required | 
     |                             |                  |         |       |  Time   |   Time   | 
     |-----------------------------+------------------+---------+-------+---------+----------| 
     | datapath/MEMWB_memToReg_reg | CK ^             |         |       |   0.133 |    2.604 | 
     | datapath/MEMWB_memToReg_reg | CK ^ -> Q v      | DFFR_X1 | 0.060 |   0.193 |    2.664 | 
     | datapath/FE_OFC703_n_1340   | A v -> ZN ^      | INV_X4  | 0.016 |   0.209 |    2.680 | 
     | datapath/g26810             | S ^ -> Z v       | MUX2_X1 | 0.049 |   0.259 |    2.729 | 
     | datapath/FE_DBTC9_n_97      | A v -> ZN ^      | INV_X2  | 0.041 |   0.299 |    2.770 | 
     |                             | dbg_wb_data[6] ^ |         | 0.000 |   0.299 |    2.770 | 
     +---------------------------------------------------------------------------------------+ 
Path 27: MET Late External Delay Assertion 
Endpoint:   dbg_wb_data[7]                (^) checked with  leading edge of 
'clk'
Beginpoint: datapath/MEMWB_memToReg_reg/Q (v) triggered by  leading edge of 
'clk'
Path Groups: {clk}
Analysis View: RPT_FAST
Other End Arrival Time          0.000
- External Delay                1.230
+ Phase Shift                   4.100
+ CPPR Adjustment               0.000
- Uncertainty                   0.100
= Required Time                 2.770
- Arrival Time                  0.299
= Slack Time                    2.471
     Clock Rise Edge                 0.000
     + Clock Network Latency (Prop)  0.133
     = Beginpoint Arrival Time       0.133
     +---------------------------------------------------------------------------------------+ 
     |          Instance           |       Arc        |  Cell   | Delay | Arrival | Required | 
     |                             |                  |         |       |  Time   |   Time   | 
     |-----------------------------+------------------+---------+-------+---------+----------| 
     | datapath/MEMWB_memToReg_reg | CK ^             |         |       |   0.133 |    2.604 | 
     | datapath/MEMWB_memToReg_reg | CK ^ -> Q v      | DFFR_X1 | 0.060 |   0.193 |    2.664 | 
     | datapath/FE_OFC703_n_1340   | A v -> ZN ^      | INV_X4  | 0.016 |   0.209 |    2.681 | 
     | datapath/g26809             | S ^ -> Z v       | MUX2_X1 | 0.050 |   0.259 |    2.730 | 
     | datapath/FE_DBTC10_n_76     | A v -> ZN ^      | INV_X2  | 0.039 |   0.299 |    2.770 | 
     |                             | dbg_wb_data[7] ^ |         | 0.000 |   0.299 |    2.770 | 
     +---------------------------------------------------------------------------------------+ 
Path 28: MET Late External Delay Assertion 
Endpoint:   dbg_wb_data[5]                (^) checked with  leading edge of 
'clk'
Beginpoint: datapath/MEMWB_memToReg_reg/Q (v) triggered by  leading edge of 
'clk'
Path Groups: {clk}
Analysis View: RPT_FAST
Other End Arrival Time          0.000
- External Delay                1.230
+ Phase Shift                   4.100
+ CPPR Adjustment               0.000
- Uncertainty                   0.100
= Required Time                 2.770
- Arrival Time                  0.297
= Slack Time                    2.473
     Clock Rise Edge                 0.000
     + Clock Network Latency (Prop)  0.133
     = Beginpoint Arrival Time       0.133
     +---------------------------------------------------------------------------------------+ 
     |          Instance           |       Arc        |  Cell   | Delay | Arrival | Required | 
     |                             |                  |         |       |  Time   |   Time   | 
     |-----------------------------+------------------+---------+-------+---------+----------| 
     | datapath/MEMWB_memToReg_reg | CK ^             |         |       |   0.133 |    2.606 | 
     | datapath/MEMWB_memToReg_reg | CK ^ -> Q v      | DFFR_X1 | 0.060 |   0.193 |    2.666 | 
     | datapath/FE_OFC703_n_1340   | A v -> ZN ^      | INV_X4  | 0.016 |   0.209 |    2.682 | 
     | datapath/g26767             | S ^ -> Z v       | MUX2_X1 | 0.048 |   0.257 |    2.730 | 
     | datapath/FE_DBTC8_n_40      | A v -> ZN ^      | INV_X2  | 0.040 |   0.297 |    2.770 | 
     |                             | dbg_wb_data[5] ^ |         | 0.000 |   0.297 |    2.770 | 
     +---------------------------------------------------------------------------------------+ 
Path 29: MET Late External Delay Assertion 
Endpoint:   dbg_wb_data[3]                (^) checked with  leading edge of 
'clk'
Beginpoint: datapath/MEMWB_memToReg_reg/Q (^) triggered by  leading edge of 
'clk'
Path Groups: {clk}
Analysis View: RPT_FAST
Other End Arrival Time          0.000
- External Delay                1.230
+ Phase Shift                   4.100
+ CPPR Adjustment               0.000
- Uncertainty                   0.100
= Required Time                 2.770
- Arrival Time                  0.259
= Slack Time                    2.511
     Clock Rise Edge                 0.000
     + Clock Network Latency (Prop)  0.133
     = Beginpoint Arrival Time       0.133
     +----------------------------------------------------------------------------------------+ 
     |          Instance           |       Arc        |   Cell   | Delay | Arrival | Required | 
     |                             |                  |          |       |  Time   |   Time   | 
     |-----------------------------+------------------+----------+-------+---------+----------| 
     | datapath/MEMWB_memToReg_reg | CK ^             |          |       |   0.133 |    2.644 | 
     | datapath/MEMWB_memToReg_reg | CK ^ -> Q ^      | DFFR_X1  | 0.066 |   0.199 |    2.710 | 
     | datapath/FE_OFC703_n_1340   | A ^ -> ZN v      | INV_X4   | 0.013 |   0.212 |    2.722 | 
     | datapath/FE_OFC704_n_1340   | A v -> ZN ^      | INV_X4   | 0.009 |   0.221 |    2.732 | 
     | datapath/FE_RC_415_0        | A1 ^ -> ZN v     | NAND2_X1 | 0.015 |   0.236 |    2.747 | 
     | datapath/FE_RC_362_0        | A1 v -> ZN ^     | NAND2_X4 | 0.023 |   0.259 |    2.770 | 
     |                             | dbg_wb_data[3] ^ |          | 0.000 |   0.259 |    2.770 | 
     +----------------------------------------------------------------------------------------+ 
Path 30: MET Late External Delay Assertion 
Endpoint:   dbg_wb_data[2]                 (^) checked with  leading edge of 
'clk'
Beginpoint: datapath/MEMWB_memToReg_reg/QN (v) triggered by  leading edge of 
'clk'
Path Groups: {clk}
Analysis View: RPT_FAST
Other End Arrival Time          0.000
- External Delay                1.230
+ Phase Shift                   4.100
+ CPPR Adjustment               0.000
- Uncertainty                   0.100
= Required Time                 2.770
- Arrival Time                  0.258
= Slack Time                    2.512
     Clock Rise Edge                 0.000
     + Clock Network Latency (Prop)  0.133
     = Beginpoint Arrival Time       0.133
     +----------------------------------------------------------------------------------------+ 
     |          Instance           |       Arc        |   Cell   | Delay | Arrival | Required | 
     |                             |                  |          |       |  Time   |   Time   | 
     |-----------------------------+------------------+----------+-------+---------+----------| 
     | datapath/MEMWB_memToReg_reg | CK ^             |          |       |   0.133 |    2.645 | 
     | datapath/MEMWB_memToReg_reg | CK ^ -> QN v     | DFFR_X1  | 0.053 |   0.186 |    2.698 | 
     | datapath/FE_RC_221_0        | A1 v -> ZN ^     | NAND2_X1 | 0.012 |   0.198 |    2.709 | 
     | datapath/FE_RC_220_0        | A ^ -> ZN v      | OAI21_X1 | 0.019 |   0.216 |    2.728 | 
     | datapath/FE_DBTC7_n_106     | A v -> ZN ^      | INV_X2   | 0.042 |   0.258 |    2.770 | 
     |                             | dbg_wb_data[2] ^ |          | 0.000 |   0.258 |    2.770 | 
     +----------------------------------------------------------------------------------------+ 
Path 31: MET Late External Delay Assertion 
Endpoint:   dbg_wb_data[1]                 (v) checked with  leading edge of 
'clk'
Beginpoint: datapath/MEMWB_memToReg_reg/QN (^) triggered by  leading edge of 
'clk'
Path Groups: {clk}
Analysis View: RPT_FAST
Other End Arrival Time          0.000
- External Delay                1.230
+ Phase Shift                   4.100
+ CPPR Adjustment               0.000
- Uncertainty                   0.100
= Required Time                 2.770
- Arrival Time                  0.242
= Slack Time                    2.528
     Clock Rise Edge                 0.000
     + Clock Network Latency (Prop)  0.133
     = Beginpoint Arrival Time       0.133
     +----------------------------------------------------------------------------------------------+ 
     |             Instance              |       Arc        |   Cell   | Delay | Arrival | Required | 
     |                                   |                  |          |       |  Time   |   Time   | 
     |-----------------------------------+------------------+----------+-------+---------+----------| 
     | datapath/MEMWB_memToReg_reg       | CK ^             |          |       |   0.133 |    2.661 | 
     | datapath/MEMWB_memToReg_reg       | CK ^ -> QN ^     | DFFR_X1  | 0.060 |   0.193 |    2.721 | 
     | datapath/FE_OFC836_MEMWB_memToReg | A ^ -> ZN v      | INV_X1   | 0.007 |   0.199 |    2.727 | 
     | datapath/FE_RC_524_0              | A2 v -> ZN ^     | NAND2_X1 | 0.010 |   0.210 |    2.738 | 
     | datapath/FE_RC_526_0              | A1 ^ -> ZN ^     | AND2_X2  | 0.026 |   0.236 |    2.764 | 
     | datapath/FE_OFC798_FE_RN_289_0    | A ^ -> ZN v      | INV_X2   | 0.006 |   0.242 |    2.770 | 
     |                                   | dbg_wb_data[1] v |          | 0.000 |   0.242 |    2.770 | 
     +----------------------------------------------------------------------------------------------+ 
Path 32: MET Late External Delay Assertion 
Endpoint:   dbg_wb_data[0]                 (v) checked with  leading edge of 
'clk'
Beginpoint: datapath/MEMWB_memToReg_reg/QN (^) triggered by  leading edge of 
'clk'
Path Groups: {clk}
Analysis View: RPT_FAST
Other End Arrival Time          0.000
- External Delay                1.230
+ Phase Shift                   4.100
+ CPPR Adjustment               0.000
- Uncertainty                   0.100
= Required Time                 2.770
- Arrival Time                  0.232
= Slack Time                    2.538
     Clock Rise Edge                 0.000
     + Clock Network Latency (Prop)  0.133
     = Beginpoint Arrival Time       0.133
     +----------------------------------------------------------------------------------------------+ 
     |             Instance              |       Arc        |   Cell   | Delay | Arrival | Required | 
     |                                   |                  |          |       |  Time   |   Time   | 
     |-----------------------------------+------------------+----------+-------+---------+----------| 
     | datapath/MEMWB_memToReg_reg       | CK ^             |          |       |   0.133 |    2.671 | 
     | datapath/MEMWB_memToReg_reg       | CK ^ -> QN ^     | DFFR_X1  | 0.060 |   0.193 |    2.731 | 
     | datapath/FE_OFC835_MEMWB_memToReg | A ^ -> ZN v      | INV_X1   | 0.006 |   0.199 |    2.737 | 
     | datapath/FE_RC_346_0              | A1 v -> ZN ^     | NAND2_X1 | 0.015 |   0.214 |    2.752 | 
     | datapath/FE_RC_345_0              | A1 ^ -> ZN v     | NAND2_X4 | 0.018 |   0.232 |    2.770 | 
     |                                   | dbg_wb_data[0] v |          | 0.000 |   0.232 |    2.770 | 
     +----------------------------------------------------------------------------------------------+ 
Path 33: MET Late External Delay Assertion 
Endpoint:   dbg_pc[26]               (^) checked with  leading edge of 'clk'
Beginpoint: datapath/IF_pc_reg[26]/Q (^) triggered by  leading edge of 'clk'
Path Groups: {clk}
Analysis View: RPT_FAST
Other End Arrival Time          0.000
- External Delay                1.230
+ Phase Shift                   4.100
+ CPPR Adjustment               0.000
- Uncertainty                   0.100
= Required Time                 2.770
- Arrival Time                  0.214
= Slack Time                    2.556
     Clock Rise Edge                 0.000
     + Clock Network Latency (Prop)  0.135
     = Beginpoint Arrival Time       0.135
     +--------------------------------------------------------------------------------+ 
     |        Instance        |     Arc      |   Cell    | Delay | Arrival | Required | 
     |                        |              |           |       |  Time   |   Time   | 
     |------------------------+--------------+-----------+-------+---------+----------| 
     | datapath/IF_pc_reg[26] | CK ^         |           |       |   0.135 |    2.691 | 
     | datapath/IF_pc_reg[26] | CK ^ -> Q ^  | SDFFRS_X1 | 0.079 |   0.214 |    2.770 | 
     |                        | dbg_pc[26] ^ |           | 0.000 |   0.214 |    2.770 | 
     +--------------------------------------------------------------------------------+ 
Path 34: MET Late External Delay Assertion 
Endpoint:   dmem_addr[0]                      (^) checked with  leading edge of 
'clk'
Beginpoint: datapath/EXMEM_aluResult_reg[0]/Q (^) triggered by  leading edge of 
'clk'
Path Groups: {clk}
Analysis View: RPT_FAST
Other End Arrival Time          0.000
- External Delay                1.230
+ Phase Shift                   4.100
+ CPPR Adjustment               0.000
- Uncertainty                   0.100
= Required Time                 2.770
- Arrival Time                  0.214
= Slack Time                    2.556
     Clock Rise Edge                 0.000
     + Clock Network Latency (Prop)  0.134
     = Beginpoint Arrival Time       0.134
     +-----------------------------------------------------------------------------------------+ 
     |            Instance             |      Arc       |  Cell   | Delay | Arrival | Required | 
     |                                 |                |         |       |  Time   |   Time   | 
     |---------------------------------+----------------+---------+-------+---------+----------| 
     | datapath/EXMEM_aluResult_reg[0] | CK ^           |         |       |   0.134 |    2.691 | 
     | datapath/EXMEM_aluResult_reg[0] | CK ^ -> Q ^    | DFFR_X2 | 0.079 |   0.214 |    2.770 | 
     |                                 | dmem_addr[0] ^ |         | 0.000 |   0.214 |    2.770 | 
     +-----------------------------------------------------------------------------------------+ 
Path 35: MET Late External Delay Assertion 
Endpoint:   imem_addr[26]            (^) checked with  leading edge of 'clk'
Beginpoint: datapath/IF_pc_reg[26]/Q (^) triggered by  leading edge of 'clk'
Path Groups: {clk}
Analysis View: RPT_FAST
Other End Arrival Time          0.000
- External Delay                1.230
+ Phase Shift                   4.100
+ CPPR Adjustment               0.000
- Uncertainty                   0.100
= Required Time                 2.770
- Arrival Time                  0.214
= Slack Time                    2.556
     Clock Rise Edge                 0.000
     + Clock Network Latency (Prop)  0.135
     = Beginpoint Arrival Time       0.135
     +-----------------------------------------------------------------------------------+ 
     |        Instance        |       Arc       |   Cell    | Delay | Arrival | Required | 
     |                        |                 |           |       |  Time   |   Time   | 
     |------------------------+-----------------+-----------+-------+---------+----------| 
     | datapath/IF_pc_reg[26] | CK ^            |           |       |   0.135 |    2.691 | 
     | datapath/IF_pc_reg[26] | CK ^ -> Q ^     | SDFFRS_X1 | 0.079 |   0.214 |    2.770 | 
     |                        | imem_addr[26] ^ |           | 0.000 |   0.214 |    2.770 | 
     +-----------------------------------------------------------------------------------+ 
Path 36: MET Late External Delay Assertion 
Endpoint:   dmem_addr[1]                      (^) checked with  leading edge of 
'clk'
Beginpoint: datapath/EXMEM_aluResult_reg[1]/Q (^) triggered by  leading edge of 
'clk'
Path Groups: {clk}
Analysis View: RPT_FAST
Other End Arrival Time          0.000
- External Delay                1.230
+ Phase Shift                   4.100
+ CPPR Adjustment               0.000
- Uncertainty                   0.100
= Required Time                 2.770
- Arrival Time                  0.210
= Slack Time                    2.560
     Clock Rise Edge                 0.000
     + Clock Network Latency (Prop)  0.133
     = Beginpoint Arrival Time       0.133
     +-----------------------------------------------------------------------------------------+ 
     |            Instance             |      Arc       |  Cell   | Delay | Arrival | Required | 
     |                                 |                |         |       |  Time   |   Time   | 
     |---------------------------------+----------------+---------+-------+---------+----------| 
     | datapath/EXMEM_aluResult_reg[1] | CK ^           |         |       |   0.133 |    2.693 | 
     | datapath/EXMEM_aluResult_reg[1] | CK ^ -> Q ^    | DFFR_X1 | 0.076 |   0.209 |    2.770 | 
     |                                 | dmem_addr[1] ^ |         | 0.000 |   0.210 |    2.770 | 
     +-----------------------------------------------------------------------------------------+ 
Path 37: MET Late External Delay Assertion 
Endpoint:   dmem_addr[3]                      (^) checked with  leading edge of 
'clk'
Beginpoint: datapath/EXMEM_aluResult_reg[3]/Q (^) triggered by  leading edge of 
'clk'
Path Groups: {clk}
Analysis View: RPT_FAST
Other End Arrival Time          0.000
- External Delay                1.230
+ Phase Shift                   4.100
+ CPPR Adjustment               0.000
- Uncertainty                   0.100
= Required Time                 2.770
- Arrival Time                  0.209
= Slack Time                    2.561
     Clock Rise Edge                 0.000
     + Clock Network Latency (Prop)  0.134
     = Beginpoint Arrival Time       0.134
     +-----------------------------------------------------------------------------------------+ 
     |            Instance             |      Arc       |  Cell   | Delay | Arrival | Required | 
     |                                 |                |         |       |  Time   |   Time   | 
     |---------------------------------+----------------+---------+-------+---------+----------| 
     | datapath/EXMEM_aluResult_reg[3] | CK ^           |         |       |   0.134 |    2.696 | 
     | datapath/EXMEM_aluResult_reg[3] | CK ^ -> Q ^    | DFFR_X1 | 0.074 |   0.209 |    2.770 | 
     |                                 | dmem_addr[3] ^ |         | 0.000 |   0.209 |    2.770 | 
     +-----------------------------------------------------------------------------------------+ 
Path 38: MET Late External Delay Assertion 
Endpoint:   dmem_addr[2]                      (^) checked with  leading edge of 
'clk'
Beginpoint: datapath/EXMEM_aluResult_reg[2]/Q (^) triggered by  leading edge of 
'clk'
Path Groups: {clk}
Analysis View: RPT_FAST
Other End Arrival Time          0.000
- External Delay                1.230
+ Phase Shift                   4.100
+ CPPR Adjustment               0.000
- Uncertainty                   0.100
= Required Time                 2.770
- Arrival Time                  0.207
= Slack Time                    2.563
     Clock Rise Edge                 0.000
     + Clock Network Latency (Prop)  0.134
     = Beginpoint Arrival Time       0.134
     +-----------------------------------------------------------------------------------------+ 
     |            Instance             |      Arc       |  Cell   | Delay | Arrival | Required | 
     |                                 |                |         |       |  Time   |   Time   | 
     |---------------------------------+----------------+---------+-------+---------+----------| 
     | datapath/EXMEM_aluResult_reg[2] | CK ^           |         |       |   0.134 |    2.697 | 
     | datapath/EXMEM_aluResult_reg[2] | CK ^ -> Q ^    | DFFR_X1 | 0.073 |   0.207 |    2.770 | 
     |                                 | dmem_addr[2] ^ |         | 0.000 |   0.207 |    2.770 | 
     +-----------------------------------------------------------------------------------------+ 
Path 39: MET Late External Delay Assertion 
Endpoint:   dbg_pc[29]               (^) checked with  leading edge of 'clk'
Beginpoint: datapath/IF_pc_reg[29]/Q (^) triggered by  leading edge of 'clk'
Path Groups: {clk}
Analysis View: RPT_FAST
Other End Arrival Time          0.000
- External Delay                1.230
+ Phase Shift                   4.100
+ CPPR Adjustment               0.000
- Uncertainty                   0.100
= Required Time                 2.770
- Arrival Time                  0.207
= Slack Time                    2.563
     Clock Rise Edge                 0.000
     + Clock Network Latency (Prop)  0.138
     = Beginpoint Arrival Time       0.138
     +------------------------------------------------------------------------------+ 
     |        Instance        |     Arc      |  Cell   | Delay | Arrival | Required | 
     |                        |              |         |       |  Time   |   Time   | 
     |------------------------+--------------+---------+-------+---------+----------| 
     | datapath/IF_pc_reg[29] | CK ^         |         |       |   0.138 |    2.701 | 
     | datapath/IF_pc_reg[29] | CK ^ -> Q ^  | DFFR_X1 | 0.069 |   0.207 |    2.770 | 
     |                        | dbg_pc[29] ^ |         | 0.000 |   0.207 |    2.770 | 
     +------------------------------------------------------------------------------+ 
Path 40: MET Late External Delay Assertion 
Endpoint:   imem_addr[29]            (^) checked with  leading edge of 'clk'
Beginpoint: datapath/IF_pc_reg[29]/Q (^) triggered by  leading edge of 'clk'
Path Groups: {clk}
Analysis View: RPT_FAST
Other End Arrival Time          0.000
- External Delay                1.230
+ Phase Shift                   4.100
+ CPPR Adjustment               0.000
- Uncertainty                   0.100
= Required Time                 2.770
- Arrival Time                  0.207
= Slack Time                    2.563
     Clock Rise Edge                 0.000
     + Clock Network Latency (Prop)  0.138
     = Beginpoint Arrival Time       0.138
     +---------------------------------------------------------------------------------+ 
     |        Instance        |       Arc       |  Cell   | Delay | Arrival | Required | 
     |                        |                 |         |       |  Time   |   Time   | 
     |------------------------+-----------------+---------+-------+---------+----------| 
     | datapath/IF_pc_reg[29] | CK ^            |         |       |   0.138 |    2.701 | 
     | datapath/IF_pc_reg[29] | CK ^ -> Q ^     | DFFR_X1 | 0.069 |   0.207 |    2.770 | 
     |                        | imem_addr[29] ^ |         | 0.000 |   0.207 |    2.770 | 
     +---------------------------------------------------------------------------------+ 
Path 41: MET Late External Delay Assertion 
Endpoint:   dbg_pc[30]               (^) checked with  leading edge of 'clk'
Beginpoint: datapath/IF_pc_reg[30]/Q (^) triggered by  leading edge of 'clk'
Path Groups: {clk}
Analysis View: RPT_FAST
Other End Arrival Time          0.000
- External Delay                1.230
+ Phase Shift                   4.100
+ CPPR Adjustment               0.000
- Uncertainty                   0.100
= Required Time                 2.770
- Arrival Time                  0.207
= Slack Time                    2.563
     Clock Rise Edge                 0.000
     + Clock Network Latency (Prop)  0.137
     = Beginpoint Arrival Time       0.137
     +------------------------------------------------------------------------------+ 
     |        Instance        |     Arc      |  Cell   | Delay | Arrival | Required | 
     |                        |              |         |       |  Time   |   Time   | 
     |------------------------+--------------+---------+-------+---------+----------| 
     | datapath/IF_pc_reg[30] | CK ^         |         |       |   0.138 |    2.701 | 
     | datapath/IF_pc_reg[30] | CK ^ -> Q ^  | DFFR_X1 | 0.069 |   0.207 |    2.770 | 
     |                        | dbg_pc[30] ^ |         | 0.000 |   0.207 |    2.770 | 
     +------------------------------------------------------------------------------+ 
Path 42: MET Late External Delay Assertion 
Endpoint:   imem_addr[30]            (^) checked with  leading edge of 'clk'
Beginpoint: datapath/IF_pc_reg[30]/Q (^) triggered by  leading edge of 'clk'
Path Groups: {clk}
Analysis View: RPT_FAST
Other End Arrival Time          0.000
- External Delay                1.230
+ Phase Shift                   4.100
+ CPPR Adjustment               0.000
- Uncertainty                   0.100
= Required Time                 2.770
- Arrival Time                  0.207
= Slack Time                    2.563
     Clock Rise Edge                 0.000
     + Clock Network Latency (Prop)  0.137
     = Beginpoint Arrival Time       0.137
     +---------------------------------------------------------------------------------+ 
     |        Instance        |       Arc       |  Cell   | Delay | Arrival | Required | 
     |                        |                 |         |       |  Time   |   Time   | 
     |------------------------+-----------------+---------+-------+---------+----------| 
     | datapath/IF_pc_reg[30] | CK ^            |         |       |   0.138 |    2.701 | 
     | datapath/IF_pc_reg[30] | CK ^ -> Q ^     | DFFR_X1 | 0.069 |   0.207 |    2.770 | 
     |                        | imem_addr[30] ^ |         | 0.000 |   0.207 |    2.770 | 
     +---------------------------------------------------------------------------------+ 
Path 43: MET Late External Delay Assertion 
Endpoint:   dbg_pc[28]               (^) checked with  leading edge of 'clk'
Beginpoint: datapath/IF_pc_reg[28]/Q (^) triggered by  leading edge of 'clk'
Path Groups: {clk}
Analysis View: RPT_FAST
Other End Arrival Time          0.000
- External Delay                1.230
+ Phase Shift                   4.100
+ CPPR Adjustment               0.000
- Uncertainty                   0.100
= Required Time                 2.770
- Arrival Time                  0.207
= Slack Time                    2.563
     Clock Rise Edge                 0.000
     + Clock Network Latency (Prop)  0.138
     = Beginpoint Arrival Time       0.138
     +------------------------------------------------------------------------------+ 
     |        Instance        |     Arc      |  Cell   | Delay | Arrival | Required | 
     |                        |              |         |       |  Time   |   Time   | 
     |------------------------+--------------+---------+-------+---------+----------| 
     | datapath/IF_pc_reg[28] | CK ^         |         |       |   0.138 |    2.701 | 
     | datapath/IF_pc_reg[28] | CK ^ -> Q ^  | DFFR_X1 | 0.069 |   0.206 |    2.770 | 
     |                        | dbg_pc[28] ^ |         | 0.000 |   0.207 |    2.770 | 
     +------------------------------------------------------------------------------+ 
Path 44: MET Late External Delay Assertion 
Endpoint:   imem_addr[28]            (^) checked with  leading edge of 'clk'
Beginpoint: datapath/IF_pc_reg[28]/Q (^) triggered by  leading edge of 'clk'
Path Groups: {clk}
Analysis View: RPT_FAST
Other End Arrival Time          0.000
- External Delay                1.230
+ Phase Shift                   4.100
+ CPPR Adjustment               0.000
- Uncertainty                   0.100
= Required Time                 2.770
- Arrival Time                  0.207
= Slack Time                    2.563
     Clock Rise Edge                 0.000
     + Clock Network Latency (Prop)  0.138
     = Beginpoint Arrival Time       0.138
     +---------------------------------------------------------------------------------+ 
     |        Instance        |       Arc       |  Cell   | Delay | Arrival | Required | 
     |                        |                 |         |       |  Time   |   Time   | 
     |------------------------+-----------------+---------+-------+---------+----------| 
     | datapath/IF_pc_reg[28] | CK ^            |         |       |   0.138 |    2.701 | 
     | datapath/IF_pc_reg[28] | CK ^ -> Q ^     | DFFR_X1 | 0.069 |   0.206 |    2.770 | 
     |                        | imem_addr[28] ^ |         | 0.000 |   0.207 |    2.770 | 
     +---------------------------------------------------------------------------------+ 
Path 45: MET Late External Delay Assertion 
Endpoint:   dmem_addr[26]                      (^) checked with  leading edge 
of 'clk'
Beginpoint: datapath/EXMEM_aluResult_reg[26]/Q (^) triggered by  leading edge 
of 'clk'
Path Groups: {clk}
Analysis View: RPT_FAST
Other End Arrival Time          0.000
- External Delay                1.230
+ Phase Shift                   4.100
+ CPPR Adjustment               0.000
- Uncertainty                   0.100
= Required Time                 2.770
- Arrival Time                  0.206
= Slack Time                    2.564
     Clock Rise Edge                 0.000
     + Clock Network Latency (Prop)  0.134
     = Beginpoint Arrival Time       0.134
     +-------------------------------------------------------------------------------------------+ 
     |             Instance             |       Arc       |  Cell   | Delay | Arrival | Required | 
     |                                  |                 |         |       |  Time   |   Time   | 
     |----------------------------------+-----------------+---------+-------+---------+----------| 
     | datapath/EXMEM_aluResult_reg[26] | CK ^            |         |       |   0.134 |    2.698 | 
     | datapath/EXMEM_aluResult_reg[26] | CK ^ -> Q ^     | DFFR_X1 | 0.071 |   0.206 |    2.770 | 
     |                                  | dmem_addr[26] ^ |         | 0.000 |   0.206 |    2.770 | 
     +-------------------------------------------------------------------------------------------+ 
Path 46: MET Late External Delay Assertion 
Endpoint:   dmem_addr[25]                      (^) checked with  leading edge 
of 'clk'
Beginpoint: datapath/EXMEM_aluResult_reg[25]/Q (^) triggered by  leading edge 
of 'clk'
Path Groups: {clk}
Analysis View: RPT_FAST
Other End Arrival Time          0.000
- External Delay                1.230
+ Phase Shift                   4.100
+ CPPR Adjustment               0.000
- Uncertainty                   0.100
= Required Time                 2.770
- Arrival Time                  0.206
= Slack Time                    2.564
     Clock Rise Edge                 0.000
     + Clock Network Latency (Prop)  0.134
     = Beginpoint Arrival Time       0.134
     +-------------------------------------------------------------------------------------------+ 
     |             Instance             |       Arc       |  Cell   | Delay | Arrival | Required | 
     |                                  |                 |         |       |  Time   |   Time   | 
     |----------------------------------+-----------------+---------+-------+---------+----------| 
     | datapath/EXMEM_aluResult_reg[25] | CK ^            |         |       |   0.133 |    2.698 | 
     | datapath/EXMEM_aluResult_reg[25] | CK ^ -> Q ^     | DFFR_X1 | 0.072 |   0.205 |    2.770 | 
     |                                  | dmem_addr[25] ^ |         | 0.000 |   0.206 |    2.770 | 
     +-------------------------------------------------------------------------------------------+ 
Path 47: MET Late External Delay Assertion 
Endpoint:   dmem_addr[31]                      (^) checked with  leading edge 
of 'clk'
Beginpoint: datapath/EXMEM_aluResult_reg[31]/Q (^) triggered by  leading edge 
of 'clk'
Path Groups: {clk}
Analysis View: RPT_FAST
Other End Arrival Time          0.000
- External Delay                1.230
+ Phase Shift                   4.100
+ CPPR Adjustment               0.000
- Uncertainty                   0.100
= Required Time                 2.770
- Arrival Time                  0.205
= Slack Time                    2.565
     Clock Rise Edge                 0.000
     + Clock Network Latency (Prop)  0.134
     = Beginpoint Arrival Time       0.134
     +-------------------------------------------------------------------------------------------+ 
     |             Instance             |       Arc       |  Cell   | Delay | Arrival | Required | 
     |                                  |                 |         |       |  Time   |   Time   | 
     |----------------------------------+-----------------+---------+-------+---------+----------| 
     | datapath/EXMEM_aluResult_reg[31] | CK ^            |         |       |   0.134 |    2.699 | 
     | datapath/EXMEM_aluResult_reg[31] | CK ^ -> Q ^     | DFFR_X1 | 0.071 |   0.205 |    2.770 | 
     |                                  | dmem_addr[31] ^ |         | 0.000 |   0.205 |    2.770 | 
     +-------------------------------------------------------------------------------------------+ 
Path 48: MET Late External Delay Assertion 
Endpoint:   dmem_addr[27]                      (^) checked with  leading edge 
of 'clk'
Beginpoint: datapath/EXMEM_aluResult_reg[27]/Q (^) triggered by  leading edge 
of 'clk'
Path Groups: {clk}
Analysis View: RPT_FAST
Other End Arrival Time          0.000
- External Delay                1.230
+ Phase Shift                   4.100
+ CPPR Adjustment               0.000
- Uncertainty                   0.100
= Required Time                 2.770
- Arrival Time                  0.205
= Slack Time                    2.565
     Clock Rise Edge                 0.000
     + Clock Network Latency (Prop)  0.134
     = Beginpoint Arrival Time       0.134
     +-------------------------------------------------------------------------------------------+ 
     |             Instance             |       Arc       |  Cell   | Delay | Arrival | Required | 
     |                                  |                 |         |       |  Time   |   Time   | 
     |----------------------------------+-----------------+---------+-------+---------+----------| 
     | datapath/EXMEM_aluResult_reg[27] | CK ^            |         |       |   0.134 |    2.699 | 
     | datapath/EXMEM_aluResult_reg[27] | CK ^ -> Q ^     | DFFR_X1 | 0.071 |   0.205 |    2.770 | 
     |                                  | dmem_addr[27] ^ |         | 0.000 |   0.205 |    2.770 | 
     +-------------------------------------------------------------------------------------------+ 
Path 49: MET Late External Delay Assertion 
Endpoint:   dmem_addr[30]                      (^) checked with  leading edge 
of 'clk'
Beginpoint: datapath/EXMEM_aluResult_reg[30]/Q (^) triggered by  leading edge 
of 'clk'
Path Groups: {clk}
Analysis View: RPT_FAST
Other End Arrival Time          0.000
- External Delay                1.230
+ Phase Shift                   4.100
+ CPPR Adjustment               0.000
- Uncertainty                   0.100
= Required Time                 2.770
- Arrival Time                  0.205
= Slack Time                    2.565
     Clock Rise Edge                 0.000
     + Clock Network Latency (Prop)  0.134
     = Beginpoint Arrival Time       0.134
     +-------------------------------------------------------------------------------------------+ 
     |             Instance             |       Arc       |  Cell   | Delay | Arrival | Required | 
     |                                  |                 |         |       |  Time   |   Time   | 
     |----------------------------------+-----------------+---------+-------+---------+----------| 
     | datapath/EXMEM_aluResult_reg[30] | CK ^            |         |       |   0.134 |    2.699 | 
     | datapath/EXMEM_aluResult_reg[30] | CK ^ -> Q ^     | DFFR_X1 | 0.071 |   0.205 |    2.770 | 
     |                                  | dmem_addr[30] ^ |         | 0.000 |   0.205 |    2.770 | 
     +-------------------------------------------------------------------------------------------+ 
Path 50: MET Late External Delay Assertion 
Endpoint:   dmem_addr[28]                      (^) checked with  leading edge 
of 'clk'
Beginpoint: datapath/EXMEM_aluResult_reg[28]/Q (^) triggered by  leading edge 
of 'clk'
Path Groups: {clk}
Analysis View: RPT_FAST
Other End Arrival Time          0.000
- External Delay                1.230
+ Phase Shift                   4.100
+ CPPR Adjustment               0.000
- Uncertainty                   0.100
= Required Time                 2.770
- Arrival Time                  0.205
= Slack Time                    2.565
     Clock Rise Edge                 0.000
     + Clock Network Latency (Prop)  0.134
     = Beginpoint Arrival Time       0.134
     +-------------------------------------------------------------------------------------------+ 
     |             Instance             |       Arc       |  Cell   | Delay | Arrival | Required | 
     |                                  |                 |         |       |  Time   |   Time   | 
     |----------------------------------+-----------------+---------+-------+---------+----------| 
     | datapath/EXMEM_aluResult_reg[28] | CK ^            |         |       |   0.134 |    2.699 | 
     | datapath/EXMEM_aluResult_reg[28] | CK ^ -> Q ^     | DFFR_X1 | 0.070 |   0.205 |    2.770 | 
     |                                  | dmem_addr[28] ^ |         | 0.000 |   0.205 |    2.770 | 
     +-------------------------------------------------------------------------------------------+ 

