###############################################################
#  Generated by:      Cadence Innovus 23.12-s091_1
#  OS:                Linux x86_64(Host ID nanohub-2907946-1)
#  Generated on:      Tue Aug 11 14:03:42 2026
#  Design:            pipelined_cpu_core
#  Command:           report_timing -late > reports/10_place_timing.rpt
###############################################################
Path 1: MET Setup Check with Pin datapath_IF_pc_reg[25]/CK 
Endpoint:   datapath_IF_pc_reg[25]/D             (v) checked with  leading edge 
of 'clk'
Beginpoint: datapath_registers_RF_reg[19][17]/QN (v) triggered by trailing edge 
of 'clk'
Path Groups: {clk}
Analysis View: WC_VIEW
Other End Arrival Time          0.000
- Setup                         0.135
+ Phase Shift                   4.100
+ CPPR Adjustment               0.000
- Uncertainty                   0.100
= Required Time                 3.865
- Arrival Time                  3.862
= Slack Time                    0.003
     Clock Fall Edge                 2.050
     + Clock Network Latency (Ideal) 0.000
     = Beginpoint Arrival Time       2.050
     +------------------------------------------------------------------------------------------+ 
     |             Instance              |     Arc      |   Cell   | Delay | Arrival | Required | 
     |                                   |              |          |       |  Time   |   Time   | 
     |-----------------------------------+--------------+----------+-------+---------+----------| 
     | datapath_registers_RF_reg[19][17] | CK ^         |          |       |   2.050 |    2.053 | 
     | datapath_registers_RF_reg[19][17] | CK ^ -> QN v | DFFR_X1  | 0.252 |   2.301 |    2.304 | 
     | FE_OFC773_n_2942                  | A v -> ZN ^  | INV_X1   | 0.080 |   2.382 |    2.385 | 
     | g4382                             | A1 ^ -> ZN v | NAND2_X1 | 0.044 |   2.426 |    2.429 | 
     | g3885__6417                       | A2 v -> ZN ^ | NAND2_X1 | 0.078 |   2.504 |    2.507 | 
     | g3646__5122                       | A2 ^ -> ZN v | NOR2_X2  | 0.032 |   2.536 |    2.539 | 
     | g3500__5526                       | A2 v -> ZN v | AND2_X2  | 0.105 |   2.641 |    2.644 | 
     | FE_RC_222_0                       | A2 v -> ZN v | AND2_X2  | 0.106 |   2.747 |    2.750 | 
     | FE_RC_586_0                       | A1 v -> ZN ^ | NAND4_X2 | 0.058 |   2.805 |    2.808 | 
     | FE_RC_585_0                       | A1 ^ -> ZN v | NAND2_X1 | 0.047 |   2.852 |    2.855 | 
     | g27304                            | A v -> ZN ^  | INV_X1   | 0.056 |   2.908 |    2.911 | 
     | FE_RC_1288_0                      | B1 ^ -> ZN v | OAI22_X1 | 0.058 |   2.966 |    2.969 | 
     | g69837                            | A2 v -> ZN ^ | NOR2_X1  | 0.114 |   3.080 |    3.083 | 
     | FE_RC_0_0                         | A2 ^ -> ZN v | NAND4_X1 | 0.091 |   3.171 |    3.174 | 
     | FE_OFC625_FE_RN_0_0               | A v -> ZN ^  | INV_X1   | 0.088 |   3.259 |    3.262 | 
     | FE_RC_177_0                       | A2 ^ -> ZN v | NAND4_X4 | 0.101 |   3.360 |    3.363 | 
     | FE_OFC624_n_1704                  | A v -> ZN ^  | INV_X1   | 0.072 |   3.433 |    3.436 | 
     | g67590                            | A1 ^ -> ZN v | NAND2_X2 | 0.047 |   3.480 |    3.483 | 
     | g67514                            | A1 v -> ZN ^ | NAND3_X4 | 0.078 |   3.558 |    3.561 | 
     | g67423_dup                        | A1 ^ -> ZN v | NAND2_X4 | 0.049 |   3.607 |    3.610 | 
     | g67362                            | A1 v -> ZN ^ | NAND2_X4 | 0.084 |   3.691 |    3.694 | 
     | FE_OFC182_n_1940                  | A ^ -> ZN v  | INV_X16  | 0.055 |   3.745 |    3.748 | 
     | g66737                            | A1 v -> ZN ^ | NAND2_X1 | 0.066 |   3.812 |    3.815 | 
     | g66729                            | A1 ^ -> ZN v | NAND3_X1 | 0.050 |   3.862 |    3.865 | 
     | datapath_IF_pc_reg[25]            | D v          | DFFR_X1  | 0.000 |   3.862 |    3.865 | 
     +------------------------------------------------------------------------------------------+ 

