###############################################################
#  Generated by:      Cadence Innovus 23.12-s091_1
#  OS:                Linux x86_64(Host ID nanohub-2907946-1)
#  Generated on:      Tue Aug 11 14:08:53 2026
#  Design:            pipelined_cpu_core
#  Command:           report_timing -early > reports/21_cts_hold.rpt
###############################################################
Path 1: MET Hold Check with Pin datapath_IF_pc_reg[1]/CK 
Endpoint:   datapath_IF_pc_reg[1]/D  (v) checked with  leading edge of 'clk'
Beginpoint: datapath_IF_pc_reg[1]/QN (^) triggered by  leading edge of 'clk'
Path Groups: {clk}
Analysis View: BC_VIEW
Other End Arrival Time         -0.006
+ Hold                          0.005
+ Phase Shift                   0.000
- CPPR Adjustment               0.000
+ Uncertainty                   0.020
= Required Time                 0.019
  Arrival Time                  0.050
  Slack Time                    0.031
     Clock Rise Edge                 0.000
     + Clock Network Latency (Prop)  -0.006
     = Beginpoint Arrival Time       -0.006
     +------------------------------------------------------------------------------+ 
     |       Instance        |     Arc      |   Cell   | Delay | Arrival | Required | 
     |                       |              |          |       |  Time   |   Time   | 
     |-----------------------+--------------+----------+-------+---------+----------| 
     | datapath_IF_pc_reg[1] | CK ^         |          |       |  -0.006 |   -0.036 | 
     | datapath_IF_pc_reg[1] | CK ^ -> QN ^ | DFFR_X1  | 0.044 |   0.039 |    0.008 | 
     | g67264                | B2 ^ -> ZN v | OAI21_X1 | 0.011 |   0.050 |    0.019 | 
     | datapath_IF_pc_reg[1] | D v          | DFFR_X1  | 0.000 |   0.050 |    0.019 | 
     +------------------------------------------------------------------------------+ 

