###############################################################
#  Generated by:      Cadence Innovus 23.12-s091_1
#  OS:                Linux x86_64(Host ID nanohub-2907946-1)
#  Generated on:      Tue Aug 11 14:14:46 2026
#  Design:            pipelined_cpu_core
#  Command:           timeDesign -postRoute -expandedViews -outDir cornerReports
###############################################################

------------------------------------------------------------------
          timeDesign Summary
------------------------------------------------------------------

+--------------------+---------+---------+---------+
|     Setup mode     |   all   | reg2reg | default |
+--------------------+---------+---------+---------+
|           WNS (ns):| -0.018  | -0.018  |  1.176  |
|           TNS (ns):| -0.233  | -0.233  |  0.000  |
|    Violating Paths:|   21    |   21    |    0    |
|          All Paths:|  1515   |  1317   |   230   |
+--------------------+---------+---------+---------+
|RPT_SLOW            | -0.018  | -0.018  |  1.176  |
|                    | -0.233  | -0.233  |  0.000  |
|                    |   21    |   21    |    0    |
|                    |  1515   |  1317   |   230   |
+--------------------+---------+---------+---------+
|RPT_TYP             |  1.294  |  1.294  |  2.241  |
|                    |  0.000  |  0.000  |  0.000  |
|                    |    0    |    0    |    0    |
|                    |  1515   |  1317   |   230   |
+--------------------+---------+---------+---------+
|RPT_FAST            |  1.523  |  1.523  |  2.440  |
|                    |  0.000  |  0.000  |  0.000  |
|                    |    0    |    0    |    0    |
|                    |  1515   |  1317   |   230   |
+--------------------+---------+---------+---------+

+----------------+-------------------------------+------------------+
|                |              Real             |       Total      |
|    DRVs        +------------------+------------+------------------|
|                |  Nr nets(terms)  | Worst Vio  |  Nr nets(terms)  |
+----------------+------------------+------------+------------------+
|   max_cap      |      0 (0)       |   0.000    |      0 (0)       |
|   max_tran     |     4 (148)      |   -0.019   |     4 (148)      |
|   max_fanout   |    160 (160)     |    -55     |    160 (160)     |
|   max_length   |      0 (0)       |     0      |      0 (0)       |
+----------------+------------------+------------+------------------+

Density: 75.556%
       (100.006% with Fillers)
------------------------------------------------------------------
