###############################################################
#  Generated by:      Cadence Innovus 23.12-s091_1
#  OS:                Linux x86_64(Host ID nanohub-2907946-1)
#  Generated on:      Tue Aug 11 18:44:04 2026
#  Design:            pipelined_cpu_core
#  Command:           report_timing -late  -view RPT_TYP -max_paths 50 -nworst 1 > reports/40_setup_typ.rpt
###############################################################
Path 1: MET Late External Delay Assertion 
Endpoint:   dbg_wb_data[13]                (^) checked with  leading edge of 
'clk'
Beginpoint: datapath/MEMWB_memToReg_reg/QN (^) triggered by  leading edge of 
'clk'
Path Groups: {clk}
Analysis View: RPT_TYP
Other End Arrival Time          0.000
- External Delay                1.260
+ Phase Shift                   4.200
+ CPPR Adjustment               0.000
- Uncertainty                   0.100
= Required Time                 2.840
- Arrival Time                  0.549
= Slack Time                    2.291
     Clock Rise Edge                 0.000
     + Clock Network Latency (Prop)  0.189
     = Beginpoint Arrival Time       0.189
     +------------------------------------------------------------------------------------------------+ 
     |             Instance              |        Arc        |   Cell    | Delay | Arrival | Required | 
     |                                   |                   |           |       |  Time   |   Time   | 
     |-----------------------------------+-------------------+-----------+-------+---------+----------| 
     | datapath/MEMWB_memToReg_reg       | CK ^              |           |       |   0.189 |    2.480 | 
     | datapath/MEMWB_memToReg_reg       | CK ^ -> QN ^      | DFFR_X1   | 0.079 |   0.268 |    2.559 | 
     | datapath/FE_OFC259_MEMWB_memToReg | A ^ -> Z ^        | BUF_X4    | 0.037 |   0.305 |    2.596 | 
     | datapath/FE_OFC260_MEMWB_memToReg | A ^ -> Z ^        | CLKBUF_X3 | 0.071 |   0.376 |    2.667 | 
     | datapath/g26999                   | S ^ -> Z v        | MUX2_X1   | 0.092 |   0.468 |    2.759 | 
     | datapath/FE_OFC499_n_79           | A v -> ZN ^       | INV_X2    | 0.081 |   0.549 |    2.840 | 
     |                                   | dbg_wb_data[13] ^ |           | 0.000 |   0.549 |    2.840 | 
     +------------------------------------------------------------------------------------------------+ 
Path 2: MET Late External Delay Assertion 
Endpoint:   dbg_wb_data[10]                (^) checked with  leading edge of 
'clk'
Beginpoint: datapath/MEMWB_memToReg_reg/QN (^) triggered by  leading edge of 
'clk'
Path Groups: {clk}
Analysis View: RPT_TYP
Other End Arrival Time          0.000
- External Delay                1.260
+ Phase Shift                   4.200
+ CPPR Adjustment               0.000
- Uncertainty                   0.100
= Required Time                 2.840
- Arrival Time                  0.547
= Slack Time                    2.293
     Clock Rise Edge                 0.000
     + Clock Network Latency (Prop)  0.189
     = Beginpoint Arrival Time       0.189
     +------------------------------------------------------------------------------------------------+ 
     |             Instance              |        Arc        |   Cell    | Delay | Arrival | Required | 
     |                                   |                   |           |       |  Time   |   Time   | 
     |-----------------------------------+-------------------+-----------+-------+---------+----------| 
     | datapath/MEMWB_memToReg_reg       | CK ^              |           |       |   0.189 |    2.481 | 
     | datapath/MEMWB_memToReg_reg       | CK ^ -> QN ^      | DFFR_X1   | 0.079 |   0.268 |    2.560 | 
     | datapath/FE_OFC259_MEMWB_memToReg | A ^ -> Z ^        | BUF_X4    | 0.037 |   0.305 |    2.598 | 
     | datapath/FE_OFC260_MEMWB_memToReg | A ^ -> Z ^        | CLKBUF_X3 | 0.071 |   0.376 |    2.668 | 
     | datapath/g26991                   | S ^ -> Z v        | MUX2_X1   | 0.090 |   0.465 |    2.758 | 
     | datapath/FE_DBTC11_n_52           | A v -> ZN ^       | INV_X2    | 0.082 |   0.547 |    2.840 | 
     |                                   | dbg_wb_data[10] ^ |           | 0.000 |   0.547 |    2.840 | 
     +------------------------------------------------------------------------------------------------+ 
Path 3: MET Late External Delay Assertion 
Endpoint:   dbg_wb_data[20]                (^) checked with  leading edge of 
'clk'
Beginpoint: datapath/MEMWB_memToReg_reg/QN (^) triggered by  leading edge of 
'clk'
Path Groups: {clk}
Analysis View: RPT_TYP
Other End Arrival Time          0.000
- External Delay                1.260
+ Phase Shift                   4.200
+ CPPR Adjustment               0.000
- Uncertainty                   0.100
= Required Time                 2.840
- Arrival Time                  0.547
= Slack Time                    2.293
     Clock Rise Edge                 0.000
     + Clock Network Latency (Prop)  0.189
     = Beginpoint Arrival Time       0.189
     +------------------------------------------------------------------------------------------------+ 
     |             Instance              |        Arc        |   Cell    | Delay | Arrival | Required | 
     |                                   |                   |           |       |  Time   |   Time   | 
     |-----------------------------------+-------------------+-----------+-------+---------+----------| 
     | datapath/MEMWB_memToReg_reg       | CK ^              |           |       |   0.189 |    2.482 | 
     | datapath/MEMWB_memToReg_reg       | CK ^ -> QN ^      | DFFR_X1   | 0.079 |   0.268 |    2.561 | 
     | datapath/FE_OFC259_MEMWB_memToReg | A ^ -> Z ^        | BUF_X4    | 0.037 |   0.305 |    2.598 | 
     | datapath/FE_OFC260_MEMWB_memToReg | A ^ -> Z ^        | CLKBUF_X3 | 0.071 |   0.376 |    2.669 | 
     | datapath/g27006                   | S ^ -> Z v        | MUX2_X1   | 0.091 |   0.467 |    2.760 | 
     | datapath/FE_DBTC19_n_97           | A v -> ZN ^       | INV_X2    | 0.080 |   0.547 |    2.840 | 
     |                                   | dbg_wb_data[20] ^ |           | 0.000 |   0.547 |    2.840 | 
     +------------------------------------------------------------------------------------------------+ 
Path 4: MET Late External Delay Assertion 
Endpoint:   dbg_wb_data[15]                (^) checked with  leading edge of 
'clk'
Beginpoint: datapath/MEMWB_memToReg_reg/QN (^) triggered by  leading edge of 
'clk'
Path Groups: {clk}
Analysis View: RPT_TYP
Other End Arrival Time          0.000
- External Delay                1.260
+ Phase Shift                   4.200
+ CPPR Adjustment               0.000
- Uncertainty                   0.100
= Required Time                 2.840
- Arrival Time                  0.547
= Slack Time                    2.293
     Clock Rise Edge                 0.000
     + Clock Network Latency (Prop)  0.189
     = Beginpoint Arrival Time       0.189
     +------------------------------------------------------------------------------------------------+ 
     |             Instance              |        Arc        |   Cell    | Delay | Arrival | Required | 
     |                                   |                   |           |       |  Time   |   Time   | 
     |-----------------------------------+-------------------+-----------+-------+---------+----------| 
     | datapath/MEMWB_memToReg_reg       | CK ^              |           |       |   0.189 |    2.482 | 
     | datapath/MEMWB_memToReg_reg       | CK ^ -> QN ^      | DFFR_X1   | 0.079 |   0.268 |    2.561 | 
     | datapath/FE_OFC259_MEMWB_memToReg | A ^ -> Z ^        | BUF_X4    | 0.037 |   0.305 |    2.598 | 
     | datapath/FE_OFC260_MEMWB_memToReg | A ^ -> Z ^        | CLKBUF_X3 | 0.071 |   0.376 |    2.669 | 
     | datapath/g26996                   | S ^ -> Z v        | MUX2_X1   | 0.091 |   0.467 |    2.760 | 
     | datapath/FE_OFC498_n_31           | A v -> ZN ^       | INV_X2    | 0.080 |   0.547 |    2.840 | 
     |                                   | dbg_wb_data[15] ^ |           | 0.000 |   0.547 |    2.840 | 
     +------------------------------------------------------------------------------------------------+ 
Path 5: MET Late External Delay Assertion 
Endpoint:   dbg_wb_data[14]                (^) checked with  leading edge of 
'clk'
Beginpoint: datapath/MEMWB_memToReg_reg/QN (^) triggered by  leading edge of 
'clk'
Path Groups: {clk}
Analysis View: RPT_TYP
Other End Arrival Time          0.000
- External Delay                1.260
+ Phase Shift                   4.200
+ CPPR Adjustment               0.000
- Uncertainty                   0.100
= Required Time                 2.840
- Arrival Time                  0.546
= Slack Time                    2.294
     Clock Rise Edge                 0.000
     + Clock Network Latency (Prop)  0.189
     = Beginpoint Arrival Time       0.189
     +------------------------------------------------------------------------------------------------+ 
     |             Instance              |        Arc        |   Cell    | Delay | Arrival | Required | 
     |                                   |                   |           |       |  Time   |   Time   | 
     |-----------------------------------+-------------------+-----------+-------+---------+----------| 
     | datapath/MEMWB_memToReg_reg       | CK ^              |           |       |   0.189 |    2.482 | 
     | datapath/MEMWB_memToReg_reg       | CK ^ -> QN ^      | DFFR_X1   | 0.079 |   0.268 |    2.561 | 
     | datapath/FE_OFC259_MEMWB_memToReg | A ^ -> Z ^        | BUF_X4    | 0.037 |   0.305 |    2.599 | 
     | datapath/FE_OFC260_MEMWB_memToReg | A ^ -> Z ^        | CLKBUF_X3 | 0.071 |   0.376 |    2.670 | 
     | datapath/g26997                   | S ^ -> Z v        | MUX2_X1   | 0.090 |   0.466 |    2.760 | 
     | datapath/FE_DBTC15_n_76           | A v -> ZN ^       | INV_X2    | 0.080 |   0.546 |    2.840 | 
     |                                   | dbg_wb_data[14] ^ |           | 0.000 |   0.546 |    2.840 | 
     +------------------------------------------------------------------------------------------------+ 
Path 6: MET Late External Delay Assertion 
Endpoint:   dbg_wb_data[11]                (^) checked with  leading edge of 
'clk'
Beginpoint: datapath/MEMWB_memToReg_reg/QN (^) triggered by  leading edge of 
'clk'
Path Groups: {clk}
Analysis View: RPT_TYP
Other End Arrival Time          0.000
- External Delay                1.260
+ Phase Shift                   4.200
+ CPPR Adjustment               0.000
- Uncertainty                   0.100
= Required Time                 2.840
- Arrival Time                  0.546
= Slack Time                    2.294
     Clock Rise Edge                 0.000
     + Clock Network Latency (Prop)  0.189
     = Beginpoint Arrival Time       0.189
     +------------------------------------------------------------------------------------------------+ 
     |             Instance              |        Arc        |   Cell    | Delay | Arrival | Required | 
     |                                   |                   |           |       |  Time   |   Time   | 
     |-----------------------------------+-------------------+-----------+-------+---------+----------| 
     | datapath/MEMWB_memToReg_reg       | CK ^              |           |       |   0.189 |    2.483 | 
     | datapath/MEMWB_memToReg_reg       | CK ^ -> QN ^      | DFFR_X1   | 0.079 |   0.268 |    2.562 | 
     | datapath/FE_OFC259_MEMWB_memToReg | A ^ -> Z ^        | BUF_X4    | 0.037 |   0.305 |    2.599 | 
     | datapath/FE_OFC260_MEMWB_memToReg | A ^ -> Z ^        | CLKBUF_X3 | 0.071 |   0.376 |    2.670 | 
     | datapath/g27001                   | S ^ -> Z v        | MUX2_X1   | 0.090 |   0.466 |    2.760 | 
     | datapath/FE_DBTC12_n_103          | A v -> ZN ^       | INV_X2    | 0.080 |   0.546 |    2.840 | 
     |                                   | dbg_wb_data[11] ^ |           | 0.000 |   0.546 |    2.840 | 
     +------------------------------------------------------------------------------------------------+ 
Path 7: MET Late External Delay Assertion 
Endpoint:   dbg_wb_data[12]                (^) checked with  leading edge of 
'clk'
Beginpoint: datapath/MEMWB_memToReg_reg/QN (^) triggered by  leading edge of 
'clk'
Path Groups: {clk}
Analysis View: RPT_TYP
Other End Arrival Time          0.000
- External Delay                1.260
+ Phase Shift                   4.200
+ CPPR Adjustment               0.000
- Uncertainty                   0.100
= Required Time                 2.840
- Arrival Time                  0.546
= Slack Time                    2.294
     Clock Rise Edge                 0.000
     + Clock Network Latency (Prop)  0.189
     = Beginpoint Arrival Time       0.189
     +------------------------------------------------------------------------------------------------+ 
     |             Instance              |        Arc        |   Cell    | Delay | Arrival | Required | 
     |                                   |                   |           |       |  Time   |   Time   | 
     |-----------------------------------+-------------------+-----------+-------+---------+----------| 
     | datapath/MEMWB_memToReg_reg       | CK ^              |           |       |   0.189 |    2.483 | 
     | datapath/MEMWB_memToReg_reg       | CK ^ -> QN ^      | DFFR_X1   | 0.079 |   0.268 |    2.562 | 
     | datapath/FE_OFC259_MEMWB_memToReg | A ^ -> Z ^        | BUF_X4    | 0.037 |   0.305 |    2.599 | 
     | datapath/FE_OFC260_MEMWB_memToReg | A ^ -> Z ^        | CLKBUF_X3 | 0.071 |   0.376 |    2.670 | 
     | datapath/g27000                   | S ^ -> Z v        | MUX2_X1   | 0.091 |   0.467 |    2.761 | 
     | datapath/FE_DBTC13_n_58           | A v -> ZN ^       | INV_X2    | 0.079 |   0.546 |    2.840 | 
     |                                   | dbg_wb_data[12] ^ |           | 0.000 |   0.546 |    2.840 | 
     +------------------------------------------------------------------------------------------------+ 
Path 8: MET Late External Delay Assertion 
Endpoint:   dbg_wb_data[22]                (^) checked with  leading edge of 
'clk'
Beginpoint: datapath/MEMWB_memToReg_reg/QN (^) triggered by  leading edge of 
'clk'
Path Groups: {clk}
Analysis View: RPT_TYP
Other End Arrival Time          0.000
- External Delay                1.260
+ Phase Shift                   4.200
+ CPPR Adjustment               0.000
- Uncertainty                   0.100
= Required Time                 2.840
- Arrival Time                  0.542
= Slack Time                    2.298
     Clock Rise Edge                 0.000
     + Clock Network Latency (Prop)  0.189
     = Beginpoint Arrival Time       0.189
     +------------------------------------------------------------------------------------------------+ 
     |             Instance              |        Arc        |   Cell    | Delay | Arrival | Required | 
     |                                   |                   |           |       |  Time   |   Time   | 
     |-----------------------------------+-------------------+-----------+-------+---------+----------| 
     | datapath/MEMWB_memToReg_reg       | CK ^              |           |       |   0.189 |    2.487 | 
     | datapath/MEMWB_memToReg_reg       | CK ^ -> QN ^      | DFFR_X1   | 0.079 |   0.268 |    2.566 | 
     | datapath/FE_OFC259_MEMWB_memToReg | A ^ -> Z ^        | BUF_X4    | 0.037 |   0.305 |    2.603 | 
     | datapath/FE_OFC260_MEMWB_memToReg | A ^ -> Z ^        | CLKBUF_X3 | 0.071 |   0.376 |    2.674 | 
     | datapath/g26998                   | S ^ -> Z v        | MUX2_X1   | 0.089 |   0.465 |    2.763 | 
     | datapath/FE_DBTC21_n_34           | A v -> ZN ^       | INV_X2    | 0.077 |   0.542 |    2.840 | 
     |                                   | dbg_wb_data[22] ^ |           | 0.000 |   0.542 |    2.840 | 
     +------------------------------------------------------------------------------------------------+ 
Path 9: MET Late External Delay Assertion 
Endpoint:   dbg_wb_data[18]                (^) checked with  leading edge of 
'clk'
Beginpoint: datapath/MEMWB_memToReg_reg/QN (v) triggered by  leading edge of 
'clk'
Path Groups: {clk}
Analysis View: RPT_TYP
Other End Arrival Time          0.000
- External Delay                1.260
+ Phase Shift                   4.200
+ CPPR Adjustment               0.000
- Uncertainty                   0.100
= Required Time                 2.840
- Arrival Time                  0.519
= Slack Time                    2.321
     Clock Rise Edge                 0.000
     + Clock Network Latency (Prop)  0.189
     = Beginpoint Arrival Time       0.189
     +------------------------------------------------------------------------------------------------+ 
     |             Instance              |        Arc        |   Cell    | Delay | Arrival | Required | 
     |                                   |                   |           |       |  Time   |   Time   | 
     |-----------------------------------+-------------------+-----------+-------+---------+----------| 
     | datapath/MEMWB_memToReg_reg       | CK ^              |           |       |   0.189 |    2.510 | 
     | datapath/MEMWB_memToReg_reg       | CK ^ -> QN v      | DFFR_X1   | 0.076 |   0.265 |    2.586 | 
     | datapath/FE_OFC259_MEMWB_memToReg | A v -> Z v        | BUF_X4    | 0.035 |   0.300 |    2.621 | 
     | datapath/FE_OFC260_MEMWB_memToReg | A v -> Z v        | CLKBUF_X3 | 0.071 |   0.371 |    2.692 | 
     | datapath/g26963                   | S v -> Z ^        | MUX2_X2   | 0.148 |   0.519 |    2.840 | 
     |                                   | dbg_wb_data[18] ^ |           | 0.000 |   0.519 |    2.840 | 
     +------------------------------------------------------------------------------------------------+ 
Path 10: MET Late External Delay Assertion 
Endpoint:   dbg_wb_data[8]                 (^) checked with  leading edge of 
'clk'
Beginpoint: datapath/MEMWB_memToReg_reg/QN (^) triggered by  leading edge of 
'clk'
Path Groups: {clk}
Analysis View: RPT_TYP
Other End Arrival Time          0.000
- External Delay                1.260
+ Phase Shift                   4.200
+ CPPR Adjustment               0.000
- Uncertainty                   0.100
= Required Time                 2.840
- Arrival Time                  0.517
= Slack Time                    2.323
     Clock Rise Edge                 0.000
     + Clock Network Latency (Prop)  0.189
     = Beginpoint Arrival Time       0.189
     +-----------------------------------------------------------------------------------------------+ 
     |             Instance              |       Arc        |   Cell    | Delay | Arrival | Required | 
     |                                   |                  |           |       |  Time   |   Time   | 
     |-----------------------------------+------------------+-----------+-------+---------+----------| 
     | datapath/MEMWB_memToReg_reg       | CK ^             |           |       |   0.189 |    2.512 | 
     | datapath/MEMWB_memToReg_reg       | CK ^ -> QN ^     | DFFR_X1   | 0.079 |   0.268 |    2.591 | 
     | datapath/FE_OFC259_MEMWB_memToReg | A ^ -> Z ^       | BUF_X4    | 0.037 |   0.305 |    2.628 | 
     | datapath/FE_OFC260_MEMWB_memToReg | A ^ -> Z ^       | CLKBUF_X3 | 0.071 |   0.376 |    2.699 | 
     | datapath/g27003                   | S ^ -> Z v       | MUX2_X1   | 0.093 |   0.468 |    2.791 | 
     | datapath/FE_OFC684_n_94           | A v -> ZN ^      | INV_X4    | 0.049 |   0.517 |    2.840 | 
     |                                   | dbg_wb_data[8] ^ |           | 0.000 |   0.517 |    2.840 | 
     +-----------------------------------------------------------------------------------------------+ 
Path 11: MET Late External Delay Assertion 
Endpoint:   dbg_wb_data[21]                (^) checked with  leading edge of 
'clk'
Beginpoint: datapath/MEMWB_memToReg_reg/QN (^) triggered by  leading edge of 
'clk'
Path Groups: {clk}
Analysis View: RPT_TYP
Other End Arrival Time          0.000
- External Delay                1.260
+ Phase Shift                   4.200
+ CPPR Adjustment               0.000
- Uncertainty                   0.100
= Required Time                 2.840
- Arrival Time                  0.517
= Slack Time                    2.323
     Clock Rise Edge                 0.000
     + Clock Network Latency (Prop)  0.189
     = Beginpoint Arrival Time       0.189
     +------------------------------------------------------------------------------------------------+ 
     |             Instance              |        Arc        |   Cell    | Delay | Arrival | Required | 
     |                                   |                   |           |       |  Time   |   Time   | 
     |-----------------------------------+-------------------+-----------+-------+---------+----------| 
     | datapath/MEMWB_memToReg_reg       | CK ^              |           |       |   0.189 |    2.512 | 
     | datapath/MEMWB_memToReg_reg       | CK ^ -> QN ^      | DFFR_X1   | 0.079 |   0.268 |    2.591 | 
     | datapath/FE_OFC259_MEMWB_memToReg | A ^ -> Z ^        | BUF_X4    | 0.037 |   0.305 |    2.628 | 
     | datapath/FE_OFC260_MEMWB_memToReg | A ^ -> Z ^        | CLKBUF_X3 | 0.071 |   0.376 |    2.699 | 
     | datapath/g26988                   | S ^ -> Z v        | MUX2_X1   | 0.095 |   0.471 |    2.794 | 
     | datapath/FE_OFC683_n_85           | A v -> ZN ^       | INV_X4    | 0.046 |   0.517 |    2.840 | 
     |                                   | dbg_wb_data[21] ^ |           | 0.000 |   0.517 |    2.840 | 
     +------------------------------------------------------------------------------------------------+ 
Path 12: MET Late External Delay Assertion 
Endpoint:   dbg_wb_data[9]                 (^) checked with  leading edge of 
'clk'
Beginpoint: datapath/MEMWB_memToReg_reg/QN (^) triggered by  leading edge of 
'clk'
Path Groups: {clk}
Analysis View: RPT_TYP
Other End Arrival Time          0.000
- External Delay                1.260
+ Phase Shift                   4.200
+ CPPR Adjustment               0.000
- Uncertainty                   0.100
= Required Time                 2.840
- Arrival Time                  0.516
= Slack Time                    2.324
     Clock Rise Edge                 0.000
     + Clock Network Latency (Prop)  0.189
     = Beginpoint Arrival Time       0.189
     +-----------------------------------------------------------------------------------------------+ 
     |             Instance              |       Arc        |   Cell    | Delay | Arrival | Required | 
     |                                   |                  |           |       |  Time   |   Time   | 
     |-----------------------------------+------------------+-----------+-------+---------+----------| 
     | datapath/MEMWB_memToReg_reg       | CK ^             |           |       |   0.189 |    2.513 | 
     | datapath/MEMWB_memToReg_reg       | CK ^ -> QN ^     | DFFR_X1   | 0.079 |   0.268 |    2.592 | 
     | datapath/FE_OFC259_MEMWB_memToReg | A ^ -> Z ^       | BUF_X4    | 0.037 |   0.305 |    2.629 | 
     | datapath/FE_OFC260_MEMWB_memToReg | A ^ -> Z ^       | CLKBUF_X3 | 0.071 |   0.376 |    2.700 | 
     | datapath/g26993                   | S ^ -> Z v       | MUX2_X1   | 0.092 |   0.468 |    2.792 | 
     | datapath/FE_DBTC10_n_88           | A v -> ZN ^      | INV_X4    | 0.048 |   0.516 |    2.840 | 
     |                                   | dbg_wb_data[9] ^ |           | 0.000 |   0.516 |    2.840 | 
     +-----------------------------------------------------------------------------------------------+ 
Path 13: MET Late External Delay Assertion 
Endpoint:   dbg_wb_data[23]                (^) checked with  leading edge of 
'clk'
Beginpoint: datapath/MEMWB_memToReg_reg/QN (^) triggered by  leading edge of 
'clk'
Path Groups: {clk}
Analysis View: RPT_TYP
Other End Arrival Time          0.000
- External Delay                1.260
+ Phase Shift                   4.200
+ CPPR Adjustment               0.000
- Uncertainty                   0.100
= Required Time                 2.840
- Arrival Time                  0.514
= Slack Time                    2.326
     Clock Rise Edge                 0.000
     + Clock Network Latency (Prop)  0.189
     = Beginpoint Arrival Time       0.189
     +------------------------------------------------------------------------------------------------+ 
     |             Instance              |        Arc        |   Cell    | Delay | Arrival | Required | 
     |                                   |                   |           |       |  Time   |   Time   | 
     |-----------------------------------+-------------------+-----------+-------+---------+----------| 
     | datapath/MEMWB_memToReg_reg       | CK ^              |           |       |   0.189 |    2.515 | 
     | datapath/MEMWB_memToReg_reg       | CK ^ -> QN ^      | DFFR_X1   | 0.079 |   0.268 |    2.594 | 
     | datapath/FE_OFC259_MEMWB_memToReg | A ^ -> Z ^        | BUF_X4    | 0.037 |   0.305 |    2.631 | 
     | datapath/FE_OFC260_MEMWB_memToReg | A ^ -> Z ^        | CLKBUF_X3 | 0.071 |   0.376 |    2.702 | 
     | datapath/g26994                   | S ^ -> Z v        | MUX2_X1   | 0.091 |   0.467 |    2.793 | 
     | datapath/FE_OFC497_n_100          | A v -> ZN ^       | INV_X4    | 0.047 |   0.514 |    2.840 | 
     |                                   | dbg_wb_data[23] ^ |           | 0.000 |   0.514 |    2.840 | 
     +------------------------------------------------------------------------------------------------+ 
Path 14: MET Late External Delay Assertion 
Endpoint:   dbg_wb_data[19]                (^) checked with  leading edge of 
'clk'
Beginpoint: datapath/MEMWB_memToReg_reg/QN (v) triggered by  leading edge of 
'clk'
Path Groups: {clk}
Analysis View: RPT_TYP
Other End Arrival Time          0.000
- External Delay                1.260
+ Phase Shift                   4.200
+ CPPR Adjustment               0.000
- Uncertainty                   0.100
= Required Time                 2.840
- Arrival Time                  0.513
= Slack Time                    2.327
     Clock Rise Edge                 0.000
     + Clock Network Latency (Prop)  0.189
     = Beginpoint Arrival Time       0.189
     +------------------------------------------------------------------------------------------------+ 
     |             Instance              |        Arc        |   Cell    | Delay | Arrival | Required | 
     |                                   |                   |           |       |  Time   |   Time   | 
     |-----------------------------------+-------------------+-----------+-------+---------+----------| 
     | datapath/MEMWB_memToReg_reg       | CK ^              |           |       |   0.189 |    2.515 | 
     | datapath/MEMWB_memToReg_reg       | CK ^ -> QN v      | DFFR_X1   | 0.076 |   0.265 |    2.592 | 
     | datapath/FE_OFC259_MEMWB_memToReg | A v -> Z v        | BUF_X4    | 0.035 |   0.300 |    2.627 | 
     | datapath/FE_OFC260_MEMWB_memToReg | A v -> Z v        | CLKBUF_X3 | 0.071 |   0.371 |    2.698 | 
     | datapath/g27004                   | S v -> Z ^        | MUX2_X2   | 0.142 |   0.513 |    2.840 | 
     |                                   | dbg_wb_data[19] ^ |           | 0.000 |   0.513 |    2.840 | 
     +------------------------------------------------------------------------------------------------+ 
Path 15: MET Late External Delay Assertion 
Endpoint:   dbg_wb_data[17]                (^) checked with  leading edge of 
'clk'
Beginpoint: datapath/MEMWB_memToReg_reg/QN (^) triggered by  leading edge of 
'clk'
Path Groups: {clk}
Analysis View: RPT_TYP
Other End Arrival Time          0.000
- External Delay                1.260
+ Phase Shift                   4.200
+ CPPR Adjustment               0.000
- Uncertainty                   0.100
= Required Time                 2.840
- Arrival Time                  0.512
= Slack Time                    2.328
     Clock Rise Edge                 0.000
     + Clock Network Latency (Prop)  0.189
     = Beginpoint Arrival Time       0.189
     +------------------------------------------------------------------------------------------------+ 
     |             Instance              |        Arc        |   Cell    | Delay | Arrival | Required | 
     |                                   |                   |           |       |  Time   |   Time   | 
     |-----------------------------------+-------------------+-----------+-------+---------+----------| 
     | datapath/MEMWB_memToReg_reg       | CK ^              |           |       |   0.189 |    2.517 | 
     | datapath/MEMWB_memToReg_reg       | CK ^ -> QN ^      | DFFR_X1   | 0.079 |   0.268 |    2.596 | 
     | datapath/FE_OFC259_MEMWB_memToReg | A ^ -> Z ^        | BUF_X4    | 0.037 |   0.305 |    2.633 | 
     | datapath/FE_OFC260_MEMWB_memToReg | A ^ -> Z ^        | CLKBUF_X3 | 0.071 |   0.376 |    2.704 | 
     | datapath/g26990                   | S ^ -> Z v        | MUX2_X1   | 0.087 |   0.463 |    2.791 | 
     | datapath/FE_DBTC18_n_67           | A v -> ZN ^       | INV_X4    | 0.049 |   0.512 |    2.840 | 
     |                                   | dbg_wb_data[17] ^ |           | 0.000 |   0.512 |    2.840 | 
     +------------------------------------------------------------------------------------------------+ 
Path 16: MET Late External Delay Assertion 
Endpoint:   dbg_wb_data[27]                (v) checked with  leading edge of 
'clk'
Beginpoint: datapath/MEMWB_memToReg_reg/QN (v) triggered by  leading edge of 
'clk'
Path Groups: {clk}
Analysis View: RPT_TYP
Other End Arrival Time          0.000
- External Delay                1.260
+ Phase Shift                   4.200
+ CPPR Adjustment               0.000
- Uncertainty                   0.100
= Required Time                 2.840
- Arrival Time                  0.511
= Slack Time                    2.329
     Clock Rise Edge                 0.000
     + Clock Network Latency (Prop)  0.189
     = Beginpoint Arrival Time       0.189
     +----------------------------------------------------------------------------------------------+ 
     |             Instance              |        Arc        |  Cell   | Delay | Arrival | Required | 
     |                                   |                   |         |       |  Time   |   Time   | 
     |-----------------------------------+-------------------+---------+-------+---------+----------| 
     | datapath/MEMWB_memToReg_reg       | CK ^              |         |       |   0.189 |    2.517 | 
     | datapath/MEMWB_memToReg_reg       | CK ^ -> QN v      | DFFR_X1 | 0.076 |   0.265 |    2.594 | 
     | datapath/FE_OFC259_MEMWB_memToReg | A v -> Z v        | BUF_X4  | 0.035 |   0.300 |    2.629 | 
     | datapath/g27108                   | A v -> ZN ^       | INV_X1  | 0.079 |   0.379 |    2.708 | 
     | datapath/g26961                   | S ^ -> Z v        | MUX2_X2 | 0.132 |   0.511 |    2.840 | 
     |                                   | dbg_wb_data[27] v |         | 0.000 |   0.511 |    2.840 | 
     +----------------------------------------------------------------------------------------------+ 
Path 17: MET Late External Delay Assertion 
Endpoint:   dbg_wb_data[16]                (^) checked with  leading edge of 
'clk'
Beginpoint: datapath/MEMWB_memToReg_reg/QN (^) triggered by  leading edge of 
'clk'
Path Groups: {clk}
Analysis View: RPT_TYP
Other End Arrival Time          0.000
- External Delay                1.260
+ Phase Shift                   4.200
+ CPPR Adjustment               0.000
- Uncertainty                   0.100
= Required Time                 2.840
- Arrival Time                  0.511
= Slack Time                    2.329
     Clock Rise Edge                 0.000
     + Clock Network Latency (Prop)  0.189
     = Beginpoint Arrival Time       0.189
     +------------------------------------------------------------------------------------------------+ 
     |             Instance              |        Arc        |   Cell    | Delay | Arrival | Required | 
     |                                   |                   |           |       |  Time   |   Time   | 
     |-----------------------------------+-------------------+-----------+-------+---------+----------| 
     | datapath/MEMWB_memToReg_reg       | CK ^              |           |       |   0.189 |    2.518 | 
     | datapath/MEMWB_memToReg_reg       | CK ^ -> QN ^      | DFFR_X1   | 0.079 |   0.268 |    2.597 | 
     | datapath/FE_OFC259_MEMWB_memToReg | A ^ -> Z ^        | BUF_X4    | 0.037 |   0.305 |    2.635 | 
     | datapath/FE_OFC260_MEMWB_memToReg | A ^ -> Z ^        | CLKBUF_X3 | 0.071 |   0.376 |    2.705 | 
     | datapath/g26992                   | S ^ -> Z v        | MUX2_X1   | 0.086 |   0.462 |    2.791 | 
     | datapath/FE_DBTC17_n_121          | A v -> ZN ^       | INV_X4    | 0.049 |   0.511 |    2.840 | 
     |                                   | dbg_wb_data[16] ^ |           | 0.000 |   0.511 |    2.840 | 
     +------------------------------------------------------------------------------------------------+ 
Path 18: MET Late External Delay Assertion 
Endpoint:   dbg_wb_data[29]                (v) checked with  leading edge of 
'clk'
Beginpoint: datapath/MEMWB_memToReg_reg/QN (v) triggered by  leading edge of 
'clk'
Path Groups: {clk}
Analysis View: RPT_TYP
Other End Arrival Time          0.000
- External Delay                1.260
+ Phase Shift                   4.200
+ CPPR Adjustment               0.000
- Uncertainty                   0.100
= Required Time                 2.840
- Arrival Time                  0.509
= Slack Time                    2.331
     Clock Rise Edge                 0.000
     + Clock Network Latency (Prop)  0.189
     = Beginpoint Arrival Time       0.189
     +----------------------------------------------------------------------------------------------+ 
     |             Instance              |        Arc        |  Cell   | Delay | Arrival | Required | 
     |                                   |                   |         |       |  Time   |   Time   | 
     |-----------------------------------+-------------------+---------+-------+---------+----------| 
     | datapath/MEMWB_memToReg_reg       | CK ^              |         |       |   0.189 |    2.519 | 
     | datapath/MEMWB_memToReg_reg       | CK ^ -> QN v      | DFFR_X1 | 0.076 |   0.265 |    2.596 | 
     | datapath/FE_OFC259_MEMWB_memToReg | A v -> Z v        | BUF_X4  | 0.035 |   0.300 |    2.631 | 
     | datapath/g27108                   | A v -> ZN ^       | INV_X1  | 0.079 |   0.379 |    2.710 | 
     | datapath/g26959                   | S ^ -> Z v        | MUX2_X2 | 0.130 |   0.509 |    2.840 | 
     |                                   | dbg_wb_data[29] v |         | 0.000 |   0.509 |    2.840 | 
     +----------------------------------------------------------------------------------------------+ 
Path 19: MET Late External Delay Assertion 
Endpoint:   dbg_wb_data[30]                (v) checked with  leading edge of 
'clk'
Beginpoint: datapath/MEMWB_memToReg_reg/QN (v) triggered by  leading edge of 
'clk'
Path Groups: {clk}
Analysis View: RPT_TYP
Other End Arrival Time          0.000
- External Delay                1.260
+ Phase Shift                   4.200
+ CPPR Adjustment               0.000
- Uncertainty                   0.100
= Required Time                 2.840
- Arrival Time                  0.508
= Slack Time                    2.332
     Clock Rise Edge                 0.000
     + Clock Network Latency (Prop)  0.189
     = Beginpoint Arrival Time       0.189
     +----------------------------------------------------------------------------------------------+ 
     |             Instance              |        Arc        |  Cell   | Delay | Arrival | Required | 
     |                                   |                   |         |       |  Time   |   Time   | 
     |-----------------------------------+-------------------+---------+-------+---------+----------| 
     | datapath/MEMWB_memToReg_reg       | CK ^              |         |       |   0.189 |    2.521 | 
     | datapath/MEMWB_memToReg_reg       | CK ^ -> QN v      | DFFR_X1 | 0.076 |   0.265 |    2.597 | 
     | datapath/FE_OFC259_MEMWB_memToReg | A v -> Z v        | BUF_X4  | 0.035 |   0.300 |    2.632 | 
     | datapath/g27108                   | A v -> ZN ^       | INV_X1  | 0.079 |   0.379 |    2.711 | 
     | datapath/g26956                   | S ^ -> Z v        | MUX2_X2 | 0.129 |   0.508 |    2.840 | 
     |                                   | dbg_wb_data[30] v |         | 0.000 |   0.508 |    2.840 | 
     +----------------------------------------------------------------------------------------------+ 
Path 20: MET Late External Delay Assertion 
Endpoint:   dbg_wb_data[25]                (v) checked with  leading edge of 
'clk'
Beginpoint: datapath/MEMWB_memToReg_reg/QN (v) triggered by  leading edge of 
'clk'
Path Groups: {clk}
Analysis View: RPT_TYP
Other End Arrival Time          0.000
- External Delay                1.260
+ Phase Shift                   4.200
+ CPPR Adjustment               0.000
- Uncertainty                   0.100
= Required Time                 2.840
- Arrival Time                  0.507
= Slack Time                    2.333
     Clock Rise Edge                 0.000
     + Clock Network Latency (Prop)  0.189
     = Beginpoint Arrival Time       0.189
     +----------------------------------------------------------------------------------------------+ 
     |             Instance              |        Arc        |  Cell   | Delay | Arrival | Required | 
     |                                   |                   |         |       |  Time   |   Time   | 
     |-----------------------------------+-------------------+---------+-------+---------+----------| 
     | datapath/MEMWB_memToReg_reg       | CK ^              |         |       |   0.189 |    2.522 | 
     | datapath/MEMWB_memToReg_reg       | CK ^ -> QN v      | DFFR_X1 | 0.076 |   0.265 |    2.598 | 
     | datapath/FE_OFC259_MEMWB_memToReg | A v -> Z v        | BUF_X4  | 0.035 |   0.300 |    2.633 | 
     | datapath/g27108                   | A v -> ZN ^       | INV_X1  | 0.079 |   0.379 |    2.712 | 
     | datapath/g26954                   | S ^ -> Z v        | MUX2_X2 | 0.128 |   0.507 |    2.840 | 
     |                                   | dbg_wb_data[25] v |         | 0.000 |   0.507 |    2.840 | 
     +----------------------------------------------------------------------------------------------+ 
Path 21: MET Late External Delay Assertion 
Endpoint:   dbg_wb_data[26]                (v) checked with  leading edge of 
'clk'
Beginpoint: datapath/MEMWB_memToReg_reg/QN (v) triggered by  leading edge of 
'clk'
Path Groups: {clk}
Analysis View: RPT_TYP
Other End Arrival Time          0.000
- External Delay                1.260
+ Phase Shift                   4.200
+ CPPR Adjustment               0.000
- Uncertainty                   0.100
= Required Time                 2.840
- Arrival Time                  0.507
= Slack Time                    2.333
     Clock Rise Edge                 0.000
     + Clock Network Latency (Prop)  0.189
     = Beginpoint Arrival Time       0.189
     +----------------------------------------------------------------------------------------------+ 
     |             Instance              |        Arc        |  Cell   | Delay | Arrival | Required | 
     |                                   |                   |         |       |  Time   |   Time   | 
     |-----------------------------------+-------------------+---------+-------+---------+----------| 
     | datapath/MEMWB_memToReg_reg       | CK ^              |         |       |   0.189 |    2.522 | 
     | datapath/MEMWB_memToReg_reg       | CK ^ -> QN v      | DFFR_X1 | 0.076 |   0.265 |    2.599 | 
     | datapath/FE_OFC259_MEMWB_memToReg | A v -> Z v        | BUF_X4  | 0.035 |   0.300 |    2.634 | 
     | datapath/g27108                   | A v -> ZN ^       | INV_X1  | 0.079 |   0.379 |    2.712 | 
     | datapath/g26958                   | S ^ -> Z v        | MUX2_X2 | 0.128 |   0.507 |    2.840 | 
     |                                   | dbg_wb_data[26] v |         | 0.000 |   0.507 |    2.840 | 
     +----------------------------------------------------------------------------------------------+ 
Path 22: MET Late External Delay Assertion 
Endpoint:   dbg_wb_data[24]                (v) checked with  leading edge of 
'clk'
Beginpoint: datapath/MEMWB_memToReg_reg/QN (v) triggered by  leading edge of 
'clk'
Path Groups: {clk}
Analysis View: RPT_TYP
Other End Arrival Time          0.000
- External Delay                1.260
+ Phase Shift                   4.200
+ CPPR Adjustment               0.000
- Uncertainty                   0.100
= Required Time                 2.840
- Arrival Time                  0.506
= Slack Time                    2.334
     Clock Rise Edge                 0.000
     + Clock Network Latency (Prop)  0.189
     = Beginpoint Arrival Time       0.189
     +----------------------------------------------------------------------------------------------+ 
     |             Instance              |        Arc        |  Cell   | Delay | Arrival | Required | 
     |                                   |                   |         |       |  Time   |   Time   | 
     |-----------------------------------+-------------------+---------+-------+---------+----------| 
     | datapath/MEMWB_memToReg_reg       | CK ^              |         |       |   0.189 |    2.523 | 
     | datapath/MEMWB_memToReg_reg       | CK ^ -> QN v      | DFFR_X1 | 0.076 |   0.265 |    2.599 | 
     | datapath/FE_OFC259_MEMWB_memToReg | A v -> Z v        | BUF_X4  | 0.035 |   0.300 |    2.634 | 
     | datapath/g27108                   | A v -> ZN ^       | INV_X1  | 0.079 |   0.379 |    2.713 | 
     | datapath/g26955                   | S ^ -> Z v        | MUX2_X2 | 0.127 |   0.506 |    2.840 | 
     |                                   | dbg_wb_data[24] v |         | 0.000 |   0.506 |    2.840 | 
     +----------------------------------------------------------------------------------------------+ 
Path 23: MET Late External Delay Assertion 
Endpoint:   dbg_wb_data[31]                (v) checked with  leading edge of 
'clk'
Beginpoint: datapath/MEMWB_memToReg_reg/QN (v) triggered by  leading edge of 
'clk'
Path Groups: {clk}
Analysis View: RPT_TYP
Other End Arrival Time          0.000
- External Delay                1.260
+ Phase Shift                   4.200
+ CPPR Adjustment               0.000
- Uncertainty                   0.100
= Required Time                 2.840
- Arrival Time                  0.506
= Slack Time                    2.334
     Clock Rise Edge                 0.000
     + Clock Network Latency (Prop)  0.189
     = Beginpoint Arrival Time       0.189
     +----------------------------------------------------------------------------------------------+ 
     |             Instance              |        Arc        |  Cell   | Delay | Arrival | Required | 
     |                                   |                   |         |       |  Time   |   Time   | 
     |-----------------------------------+-------------------+---------+-------+---------+----------| 
     | datapath/MEMWB_memToReg_reg       | CK ^              |         |       |   0.189 |    2.523 | 
     | datapath/MEMWB_memToReg_reg       | CK ^ -> QN v      | DFFR_X1 | 0.076 |   0.265 |    2.599 | 
     | datapath/FE_OFC259_MEMWB_memToReg | A v -> Z v        | BUF_X4  | 0.035 |   0.300 |    2.634 | 
     | datapath/g27108                   | A v -> ZN ^       | INV_X1  | 0.079 |   0.379 |    2.713 | 
     | datapath/g26960                   | S ^ -> Z v        | MUX2_X2 | 0.127 |   0.506 |    2.840 | 
     |                                   | dbg_wb_data[31] v |         | 0.000 |   0.506 |    2.840 | 
     +----------------------------------------------------------------------------------------------+ 
Path 24: MET Late External Delay Assertion 
Endpoint:   dbg_wb_data[28]                (v) checked with  leading edge of 
'clk'
Beginpoint: datapath/MEMWB_memToReg_reg/QN (v) triggered by  leading edge of 
'clk'
Path Groups: {clk}
Analysis View: RPT_TYP
Other End Arrival Time          0.000
- External Delay                1.260
+ Phase Shift                   4.200
+ CPPR Adjustment               0.000
- Uncertainty                   0.100
= Required Time                 2.840
- Arrival Time                  0.505
= Slack Time                    2.335
     Clock Rise Edge                 0.000
     + Clock Network Latency (Prop)  0.189
     = Beginpoint Arrival Time       0.189
     +----------------------------------------------------------------------------------------------+ 
     |             Instance              |        Arc        |  Cell   | Delay | Arrival | Required | 
     |                                   |                   |         |       |  Time   |   Time   | 
     |-----------------------------------+-------------------+---------+-------+---------+----------| 
     | datapath/MEMWB_memToReg_reg       | CK ^              |         |       |   0.189 |    2.524 | 
     | datapath/MEMWB_memToReg_reg       | CK ^ -> QN v      | DFFR_X1 | 0.076 |   0.265 |    2.600 | 
     | datapath/FE_OFC259_MEMWB_memToReg | A v -> Z v        | BUF_X4  | 0.035 |   0.300 |    2.635 | 
     | datapath/g27108                   | A v -> ZN ^       | INV_X1  | 0.079 |   0.379 |    2.714 | 
     | datapath/g26957                   | S ^ -> Z v        | MUX2_X2 | 0.126 |   0.505 |    2.840 | 
     |                                   | dbg_wb_data[28] v |         | 0.000 |   0.505 |    2.840 | 
     +----------------------------------------------------------------------------------------------+ 
Path 25: MET Late External Delay Assertion 
Endpoint:   dbg_wb_data[7]                 (^) checked with  leading edge of 
'clk'
Beginpoint: datapath/MEMWB_memToReg_reg/QN (^) triggered by  leading edge of 
'clk'
Path Groups: {clk}
Analysis View: RPT_TYP
Other End Arrival Time          0.000
- External Delay                1.260
+ Phase Shift                   4.200
+ CPPR Adjustment               0.000
- Uncertainty                   0.100
= Required Time                 2.840
- Arrival Time                  0.474
= Slack Time                    2.366
     Clock Rise Edge                 0.000
     + Clock Network Latency (Prop)  0.189
     = Beginpoint Arrival Time       0.189
     +---------------------------------------------------------------------------------------------+ 
     |             Instance              |       Arc        |  Cell   | Delay | Arrival | Required | 
     |                                   |                  |         |       |  Time   |   Time   | 
     |-----------------------------------+------------------+---------+-------+---------+----------| 
     | datapath/MEMWB_memToReg_reg       | CK ^             |         |       |   0.189 |    2.555 | 
     | datapath/MEMWB_memToReg_reg       | CK ^ -> QN ^     | DFFR_X1 | 0.079 |   0.268 |    2.634 | 
     | datapath/FE_OFC259_MEMWB_memToReg | A ^ -> Z ^       | BUF_X4  | 0.037 |   0.305 |    2.671 | 
     | datapath/g27005                   | S ^ -> Z v       | MUX2_X1 | 0.091 |   0.396 |    2.762 | 
     | datapath/FE_DBTC8_n_55            | A v -> ZN ^      | INV_X2  | 0.078 |   0.474 |    2.840 | 
     |                                   | dbg_wb_data[7] ^ |         | 0.000 |   0.474 |    2.840 | 
     +---------------------------------------------------------------------------------------------+ 
Path 26: MET Late External Delay Assertion 
Endpoint:   dbg_wb_data[5]                 (^) checked with  leading edge of 
'clk'
Beginpoint: datapath/MEMWB_memToReg_reg/QN (^) triggered by  leading edge of 
'clk'
Path Groups: {clk}
Analysis View: RPT_TYP
Other End Arrival Time          0.000
- External Delay                1.260
+ Phase Shift                   4.200
+ CPPR Adjustment               0.000
- Uncertainty                   0.100
= Required Time                 2.840
- Arrival Time                  0.469
= Slack Time                    2.371
     Clock Rise Edge                 0.000
     + Clock Network Latency (Prop)  0.189
     = Beginpoint Arrival Time       0.189
     +---------------------------------------------------------------------------------------------+ 
     |             Instance              |       Arc        |  Cell   | Delay | Arrival | Required | 
     |                                   |                  |         |       |  Time   |   Time   | 
     |-----------------------------------+------------------+---------+-------+---------+----------| 
     | datapath/MEMWB_memToReg_reg       | CK ^             |         |       |   0.189 |    2.560 | 
     | datapath/MEMWB_memToReg_reg       | CK ^ -> QN ^     | DFFR_X1 | 0.079 |   0.268 |    2.639 | 
     | datapath/FE_OFC259_MEMWB_memToReg | A ^ -> Z ^       | BUF_X4  | 0.037 |   0.305 |    2.676 | 
     | datapath/g26962                   | S ^ -> Z v       | MUX2_X1 | 0.089 |   0.394 |    2.765 | 
     | datapath/FE_DBTC6_n_37            | A v -> ZN ^      | INV_X2  | 0.075 |   0.469 |    2.840 | 
     |                                   | dbg_wb_data[5] ^ |         | 0.000 |   0.469 |    2.840 | 
     +---------------------------------------------------------------------------------------------+ 
Path 27: MET Late External Delay Assertion 
Endpoint:   dbg_wb_data[6]                 (^) checked with  leading edge of 
'clk'
Beginpoint: datapath/MEMWB_memToReg_reg/QN (^) triggered by  leading edge of 
'clk'
Path Groups: {clk}
Analysis View: RPT_TYP
Other End Arrival Time          0.000
- External Delay                1.260
+ Phase Shift                   4.200
+ CPPR Adjustment               0.000
- Uncertainty                   0.100
= Required Time                 2.840
- Arrival Time                  0.449
= Slack Time                    2.391
     Clock Rise Edge                 0.000
     + Clock Network Latency (Prop)  0.189
     = Beginpoint Arrival Time       0.189
     +---------------------------------------------------------------------------------------------+ 
     |             Instance              |       Arc        |  Cell   | Delay | Arrival | Required | 
     |                                   |                  |         |       |  Time   |   Time   | 
     |-----------------------------------+------------------+---------+-------+---------+----------| 
     | datapath/MEMWB_memToReg_reg       | CK ^             |         |       |   0.189 |    2.580 | 
     | datapath/MEMWB_memToReg_reg       | CK ^ -> QN ^     | DFFR_X1 | 0.079 |   0.268 |    2.659 | 
     | datapath/FE_OFC259_MEMWB_memToReg | A ^ -> Z ^       | BUF_X4  | 0.037 |   0.305 |    2.696 | 
     | datapath/g26986                   | S ^ -> Z v       | MUX2_X1 | 0.093 |   0.398 |    2.789 | 
     | datapath/FE_DBTC7_n_43            | A v -> ZN ^      | INV_X4  | 0.051 |   0.449 |    2.840 | 
     |                                   | dbg_wb_data[6] ^ |         | 0.000 |   0.449 |    2.840 | 
     +---------------------------------------------------------------------------------------------+ 
Path 28: MET Late External Delay Assertion 
Endpoint:   dbg_wb_data[2]                 (^) checked with  leading edge of 
'clk'
Beginpoint: datapath/MEMWB_memToReg_reg/QN (^) triggered by  leading edge of 
'clk'
Path Groups: {clk}
Analysis View: RPT_TYP
Other End Arrival Time          0.000
- External Delay                1.260
+ Phase Shift                   4.200
+ CPPR Adjustment               0.000
- Uncertainty                   0.100
= Required Time                 2.840
- Arrival Time                  0.437
= Slack Time                    2.403
     Clock Rise Edge                 0.000
     + Clock Network Latency (Prop)  0.189
     = Beginpoint Arrival Time       0.189
     +---------------------------------------------------------------------------------------------+ 
     |             Instance              |       Arc        |  Cell   | Delay | Arrival | Required | 
     |                                   |                  |         |       |  Time   |   Time   | 
     |-----------------------------------+------------------+---------+-------+---------+----------| 
     | datapath/MEMWB_memToReg_reg       | CK ^             |         |       |   0.189 |    2.591 | 
     | datapath/MEMWB_memToReg_reg       | CK ^ -> QN ^     | DFFR_X1 | 0.079 |   0.268 |    2.670 | 
     | datapath/FE_OFC259_MEMWB_memToReg | A ^ -> Z ^       | BUF_X4  | 0.037 |   0.305 |    2.708 | 
     | datapath/g26989                   | S ^ -> Z v       | MUX2_X1 | 0.085 |   0.390 |    2.793 | 
     | datapath/FE_OFC695_n_642          | A v -> ZN ^      | INV_X4  | 0.047 |   0.437 |    2.840 | 
     |                                   | dbg_wb_data[2] ^ |         | 0.000 |   0.437 |    2.840 | 
     +---------------------------------------------------------------------------------------------+ 
Path 29: MET Late External Delay Assertion 
Endpoint:   dbg_wb_data[4]                 (^) checked with  leading edge of 
'clk'
Beginpoint: datapath/MEMWB_memToReg_reg/QN (v) triggered by  leading edge of 
'clk'
Path Groups: {clk}
Analysis View: RPT_TYP
Other End Arrival Time          0.000
- External Delay                1.260
+ Phase Shift                   4.200
+ CPPR Adjustment               0.000
- Uncertainty                   0.100
= Required Time                 2.840
- Arrival Time                  0.437
= Slack Time                    2.403
     Clock Rise Edge                 0.000
     + Clock Network Latency (Prop)  0.189
     = Beginpoint Arrival Time       0.189
     +---------------------------------------------------------------------------------------------+ 
     |             Instance              |       Arc        |  Cell   | Delay | Arrival | Required | 
     |                                   |                  |         |       |  Time   |   Time   | 
     |-----------------------------------+------------------+---------+-------+---------+----------| 
     | datapath/MEMWB_memToReg_reg       | CK ^             |         |       |   0.189 |    2.592 | 
     | datapath/MEMWB_memToReg_reg       | CK ^ -> QN v     | DFFR_X1 | 0.076 |   0.265 |    2.668 | 
     | datapath/FE_OFC259_MEMWB_memToReg | A v -> Z v       | BUF_X4  | 0.035 |   0.300 |    2.703 | 
     | datapath/g26964                   | S v -> Z ^       | MUX2_X2 | 0.137 |   0.437 |    2.840 | 
     |                                   | dbg_wb_data[4] ^ |         | 0.000 |   0.437 |    2.840 | 
     +---------------------------------------------------------------------------------------------+ 
Path 30: MET Late External Delay Assertion 
Endpoint:   dbg_wb_data[3]                 (v) checked with  leading edge of 
'clk'
Beginpoint: datapath/MEMWB_memToReg_reg/QN (^) triggered by  leading edge of 
'clk'
Path Groups: {clk}
Analysis View: RPT_TYP
Other End Arrival Time          0.000
- External Delay                1.260
+ Phase Shift                   4.200
+ CPPR Adjustment               0.000
- Uncertainty                   0.100
= Required Time                 2.840
- Arrival Time                  0.418
= Slack Time                    2.422
     Clock Rise Edge                 0.000
     + Clock Network Latency (Prop)  0.189
     = Beginpoint Arrival Time       0.189
     +----------------------------------------------------------------------------------------------+ 
     |             Instance              |       Arc        |   Cell   | Delay | Arrival | Required | 
     |                                   |                  |          |       |  Time   |   Time   | 
     |-----------------------------------+------------------+----------+-------+---------+----------| 
     | datapath/MEMWB_memToReg_reg       | CK ^             |          |       |   0.189 |    2.611 | 
     | datapath/MEMWB_memToReg_reg       | CK ^ -> QN ^     | DFFR_X1  | 0.079 |   0.268 |    2.690 | 
     | datapath/FE_OFC259_MEMWB_memToReg | A ^ -> Z ^       | BUF_X4   | 0.037 |   0.305 |    2.728 | 
     | datapath/FE_RC_307_0              | A ^ -> ZN v      | INV_X1   | 0.018 |   0.324 |    2.746 | 
     | datapath/FE_RC_305_0              | A1 v -> ZN ^     | AOI22_X1 | 0.057 |   0.380 |    2.803 | 
     | datapath/FE_RC_306_0              | A ^ -> ZN v      | INV_X4   | 0.037 |   0.418 |    2.840 | 
     |                                   | dbg_wb_data[3] v |          | 0.000 |   0.418 |    2.840 | 
     +----------------------------------------------------------------------------------------------+ 
Path 31: MET Late External Delay Assertion 
Endpoint:   dbg_wb_data[1]                 (v) checked with  leading edge of 
'clk'
Beginpoint: datapath/MEMWB_memToReg_reg/QN (^) triggered by  leading edge of 
'clk'
Path Groups: {clk}
Analysis View: RPT_TYP
Other End Arrival Time          0.000
- External Delay                1.260
+ Phase Shift                   4.200
+ CPPR Adjustment               0.000
- Uncertainty                   0.100
= Required Time                 2.840
- Arrival Time                  0.405
= Slack Time                    2.434
     Clock Rise Edge                 0.000
     + Clock Network Latency (Prop)  0.189
     = Beginpoint Arrival Time       0.189
     +----------------------------------------------------------------------------------------------+ 
     |             Instance              |       Arc        |   Cell   | Delay | Arrival | Required | 
     |                                   |                  |          |       |  Time   |   Time   | 
     |-----------------------------------+------------------+----------+-------+---------+----------| 
     | datapath/MEMWB_memToReg_reg       | CK ^             |          |       |   0.189 |    2.623 | 
     | datapath/MEMWB_memToReg_reg       | CK ^ -> QN ^     | DFFR_X1  | 0.079 |   0.268 |    2.702 | 
     | datapath/FE_OFC259_MEMWB_memToReg | A ^ -> Z ^       | BUF_X4   | 0.037 |   0.305 |    2.740 | 
     | datapath/FE_RC_5_0                | A ^ -> ZN v      | INV_X1   | 0.011 |   0.316 |    2.750 | 
     | datapath/FE_RC_3_0                | A1 v -> ZN ^     | AOI22_X1 | 0.055 |   0.370 |    2.805 | 
     | datapath/FE_OFC681_FE_RN_3_0      | A ^ -> ZN v      | INV_X4   | 0.035 |   0.405 |    2.840 | 
     |                                   | dbg_wb_data[1] v |          | 0.000 |   0.405 |    2.840 | 
     +----------------------------------------------------------------------------------------------+ 
Path 32: MET Late External Delay Assertion 
Endpoint:   dbg_wb_data[0]                 (v) checked with  leading edge of 
'clk'
Beginpoint: datapath/MEMWB_memToReg_reg/QN (v) triggered by  leading edge of 
'clk'
Path Groups: {clk}
Analysis View: RPT_TYP
Other End Arrival Time          0.000
- External Delay                1.260
+ Phase Shift                   4.200
+ CPPR Adjustment               0.000
- Uncertainty                   0.100
= Required Time                 2.840
- Arrival Time                  0.375
= Slack Time                    2.465
     Clock Rise Edge                 0.000
     + Clock Network Latency (Prop)  0.189
     = Beginpoint Arrival Time       0.189
     +----------------------------------------------------------------------------------------------+ 
     |             Instance              |       Arc        |   Cell   | Delay | Arrival | Required | 
     |                                   |                  |          |       |  Time   |   Time   | 
     |-----------------------------------+------------------+----------+-------+---------+----------| 
     | datapath/MEMWB_memToReg_reg       | CK ^             |          |       |   0.189 |    2.653 | 
     | datapath/MEMWB_memToReg_reg       | CK ^ -> QN v     | DFFR_X1  | 0.076 |   0.265 |    2.730 | 
     | datapath/FE_OFC259_MEMWB_memToReg | A v -> Z v       | BUF_X4   | 0.035 |   0.300 |    2.765 | 
     | datapath/FE_RC_0_0                | B2 v -> ZN ^     | AOI22_X1 | 0.050 |   0.350 |    2.815 | 
     | datapath/FE_OFC505_FE_RN_1_0      | A ^ -> ZN v      | INV_X1   | 0.025 |   0.375 |    2.840 | 
     |                                   | dbg_wb_data[0] v |          | 0.000 |   0.375 |    2.840 | 
     +----------------------------------------------------------------------------------------------+ 
Path 33: MET Late External Delay Assertion 
Endpoint:   dbg_wb_addr[1]              (^) checked with  leading edge of 'clk'
Beginpoint: datapath/MEMWB_rd_reg[1]/QN (v) triggered by  leading edge of 'clk'
Path Groups: {clk}
Analysis View: RPT_TYP
Other End Arrival Time          0.000
- External Delay                1.260
+ Phase Shift                   4.200
+ CPPR Adjustment               0.000
- Uncertainty                   0.100
= Required Time                 2.840
- Arrival Time                  0.366
= Slack Time                    2.474
     Clock Rise Edge                 0.000
     + Clock Network Latency (Prop)  0.190
     = Beginpoint Arrival Time       0.190
     +---------------------------------------------------------------------------------------+ 
     |         Instance          |       Arc        |   Cell    | Delay | Arrival | Required | 
     |                           |                  |           |       |  Time   |   Time   | 
     |---------------------------+------------------+-----------+-------+---------+----------| 
     | datapath/MEMWB_rd_reg[1]  | CK ^             |           |       |   0.190 |    2.664 | 
     | datapath/MEMWB_rd_reg[1]  | CK ^ -> QN v     | DFFR_X1   | 0.083 |   0.273 |    2.747 | 
     | datapath/FE_OCPC591_n_497 | A v -> Z v       | CLKBUF_X1 | 0.034 |   0.307 |    2.781 | 
     | datapath/FE_OCPC278_n_497 | A v -> ZN ^      | INV_X1    | 0.059 |   0.366 |    2.840 | 
     |                           | dbg_wb_addr[1] ^ |           | 0.000 |   0.366 |    2.840 | 
     +---------------------------------------------------------------------------------------+ 
Path 34: MET Late External Delay Assertion 
Endpoint:   dbg_wb_addr[2]              (^) checked with  leading edge of 'clk'
Beginpoint: datapath/MEMWB_rd_reg[2]/QN (v) triggered by  leading edge of 'clk'
Path Groups: {clk}
Analysis View: RPT_TYP
Other End Arrival Time          0.000
- External Delay                1.260
+ Phase Shift                   4.200
+ CPPR Adjustment               0.000
- Uncertainty                   0.100
= Required Time                 2.840
- Arrival Time                  0.355
= Slack Time                    2.485
     Clock Rise Edge                 0.000
     + Clock Network Latency (Prop)  0.191
     = Beginpoint Arrival Time       0.191
     +------------------------------------------------------------------------------------------------+ 
     |               Instance               |       Arc        |  Cell   | Delay | Arrival | Required | 
     |                                      |                  |         |       |  Time   |   Time   | 
     |--------------------------------------+------------------+---------+-------+---------+----------| 
     | datapath/MEMWB_rd_reg[2]             | CK ^             |         |       |   0.191 |    2.676 | 
     | datapath/MEMWB_rd_reg[2]             | CK ^ -> QN v     | DFFR_X1 | 0.075 |   0.265 |    2.750 | 
     | datapath/FE_OCPC364_n_498            | A v -> ZN ^      | INV_X2  | 0.024 |   0.290 |    2.775 | 
     | datapath/FE_OFC524_FE_OCPN2687_n_498 | A ^ -> Z ^       | BUF_X1  | 0.065 |   0.355 |    2.840 | 
     |                                      | dbg_wb_addr[2] ^ |         | 0.000 |   0.355 |    2.840 | 
     +------------------------------------------------------------------------------------------------+ 
Path 35: MET Late External Delay Assertion 
Endpoint:   dmem_addr[3]                      (^) checked with  leading edge of 
'clk'
Beginpoint: datapath/EXMEM_aluResult_reg[3]/Q (^) triggered by  leading edge of 
'clk'
Path Groups: {clk}
Analysis View: RPT_TYP
Other End Arrival Time          0.000
- External Delay                1.260
+ Phase Shift                   4.200
+ CPPR Adjustment               0.000
- Uncertainty                   0.100
= Required Time                 2.840
- Arrival Time                  0.320
= Slack Time                    2.520
     Clock Rise Edge                 0.000
     + Clock Network Latency (Prop)  0.189
     = Beginpoint Arrival Time       0.189
     +-----------------------------------------------------------------------------------------+ 
     |            Instance             |      Arc       |  Cell   | Delay | Arrival | Required | 
     |                                 |                |         |       |  Time   |   Time   | 
     |---------------------------------+----------------+---------+-------+---------+----------| 
     | datapath/EXMEM_aluResult_reg[3] | CK ^           |         |       |   0.188 |    2.708 | 
     | datapath/EXMEM_aluResult_reg[3] | CK ^ -> Q ^    | DFFR_X1 | 0.132 |   0.320 |    2.840 | 
     |                                 | dmem_addr[3] ^ |         | 0.000 |   0.320 |    2.840 | 
     +-----------------------------------------------------------------------------------------+ 
Path 36: MET Late External Delay Assertion 
Endpoint:   dmem_addr[24]                      (^) checked with  leading edge 
of 'clk'
Beginpoint: datapath/EXMEM_aluResult_reg[24]/Q (^) triggered by  leading edge 
of 'clk'
Path Groups: {clk}
Analysis View: RPT_TYP
Other End Arrival Time          0.000
- External Delay                1.260
+ Phase Shift                   4.200
+ CPPR Adjustment               0.000
- Uncertainty                   0.100
= Required Time                 2.840
- Arrival Time                  0.319
= Slack Time                    2.521
     Clock Rise Edge                 0.000
     + Clock Network Latency (Prop)  0.190
     = Beginpoint Arrival Time       0.190
     +-------------------------------------------------------------------------------------------+ 
     |             Instance             |       Arc       |  Cell   | Delay | Arrival | Required | 
     |                                  |                 |         |       |  Time   |   Time   | 
     |----------------------------------+-----------------+---------+-------+---------+----------| 
     | datapath/EXMEM_aluResult_reg[24] | CK ^            |         |       |   0.190 |    2.711 | 
     | datapath/EXMEM_aluResult_reg[24] | CK ^ -> Q ^     | DFFR_X1 | 0.129 |   0.319 |    2.840 | 
     |                                  | dmem_addr[24] ^ |         | 0.000 |   0.319 |    2.840 | 
     +-------------------------------------------------------------------------------------------+ 
Path 37: MET Late External Delay Assertion 
Endpoint:   dmem_addr[30]                      (^) checked with  leading edge 
of 'clk'
Beginpoint: datapath/EXMEM_aluResult_reg[30]/Q (^) triggered by  leading edge 
of 'clk'
Path Groups: {clk}
Analysis View: RPT_TYP
Other End Arrival Time          0.000
- External Delay                1.260
+ Phase Shift                   4.200
+ CPPR Adjustment               0.000
- Uncertainty                   0.100
= Required Time                 2.840
- Arrival Time                  0.318
= Slack Time                    2.522
     Clock Rise Edge                 0.000
     + Clock Network Latency (Prop)  0.189
     = Beginpoint Arrival Time       0.189
     +-------------------------------------------------------------------------------------------+ 
     |             Instance             |       Arc       |  Cell   | Delay | Arrival | Required | 
     |                                  |                 |         |       |  Time   |   Time   | 
     |----------------------------------+-----------------+---------+-------+---------+----------| 
     | datapath/EXMEM_aluResult_reg[30] | CK ^            |         |       |   0.189 |    2.711 | 
     | datapath/EXMEM_aluResult_reg[30] | CK ^ -> Q ^     | DFFR_X1 | 0.129 |   0.318 |    2.840 | 
     |                                  | dmem_addr[30] ^ |         | 0.000 |   0.318 |    2.840 | 
     +-------------------------------------------------------------------------------------------+ 
Path 38: MET Late External Delay Assertion 
Endpoint:   dmem_addr[1]                      (^) checked with  leading edge of 
'clk'
Beginpoint: datapath/EXMEM_aluResult_reg[1]/Q (^) triggered by  leading edge of 
'clk'
Path Groups: {clk}
Analysis View: RPT_TYP
Other End Arrival Time          0.000
- External Delay                1.260
+ Phase Shift                   4.200
+ CPPR Adjustment               0.000
- Uncertainty                   0.100
= Required Time                 2.840
- Arrival Time                  0.318
= Slack Time                    2.522
     Clock Rise Edge                 0.000
     + Clock Network Latency (Prop)  0.190
     = Beginpoint Arrival Time       0.190
     +-----------------------------------------------------------------------------------------+ 
     |            Instance             |      Arc       |  Cell   | Delay | Arrival | Required | 
     |                                 |                |         |       |  Time   |   Time   | 
     |---------------------------------+----------------+---------+-------+---------+----------| 
     | datapath/EXMEM_aluResult_reg[1] | CK ^           |         |       |   0.190 |    2.712 | 
     | datapath/EXMEM_aluResult_reg[1] | CK ^ -> Q ^    | DFFR_X1 | 0.128 |   0.318 |    2.840 | 
     |                                 | dmem_addr[1] ^ |         | 0.000 |   0.318 |    2.840 | 
     +-----------------------------------------------------------------------------------------+ 
Path 39: MET Late External Delay Assertion 
Endpoint:   dmem_addr[26]                      (^) checked with  leading edge 
of 'clk'
Beginpoint: datapath/EXMEM_aluResult_reg[26]/Q (^) triggered by  leading edge 
of 'clk'
Path Groups: {clk}
Analysis View: RPT_TYP
Other End Arrival Time          0.000
- External Delay                1.260
+ Phase Shift                   4.200
+ CPPR Adjustment               0.000
- Uncertainty                   0.100
= Required Time                 2.840
- Arrival Time                  0.316
= Slack Time                    2.524
     Clock Rise Edge                 0.000
     + Clock Network Latency (Prop)  0.189
     = Beginpoint Arrival Time       0.189
     +-------------------------------------------------------------------------------------------+ 
     |             Instance             |       Arc       |  Cell   | Delay | Arrival | Required | 
     |                                  |                 |         |       |  Time   |   Time   | 
     |----------------------------------+-----------------+---------+-------+---------+----------| 
     | datapath/EXMEM_aluResult_reg[26] | CK ^            |         |       |   0.189 |    2.713 | 
     | datapath/EXMEM_aluResult_reg[26] | CK ^ -> Q ^     | DFFR_X1 | 0.127 |   0.316 |    2.840 | 
     |                                  | dmem_addr[26] ^ |         | 0.000 |   0.316 |    2.840 | 
     +-------------------------------------------------------------------------------------------+ 
Path 40: MET Late External Delay Assertion 
Endpoint:   dmem_addr[28]                      (^) checked with  leading edge 
of 'clk'
Beginpoint: datapath/EXMEM_aluResult_reg[28]/Q (^) triggered by  leading edge 
of 'clk'
Path Groups: {clk}
Analysis View: RPT_TYP
Other End Arrival Time          0.000
- External Delay                1.260
+ Phase Shift                   4.200
+ CPPR Adjustment               0.000
- Uncertainty                   0.100
= Required Time                 2.840
- Arrival Time                  0.316
= Slack Time                    2.524
     Clock Rise Edge                 0.000
     + Clock Network Latency (Prop)  0.189
     = Beginpoint Arrival Time       0.189
     +-------------------------------------------------------------------------------------------+ 
     |             Instance             |       Arc       |  Cell   | Delay | Arrival | Required | 
     |                                  |                 |         |       |  Time   |   Time   | 
     |----------------------------------+-----------------+---------+-------+---------+----------| 
     | datapath/EXMEM_aluResult_reg[28] | CK ^            |         |       |   0.189 |    2.713 | 
     | datapath/EXMEM_aluResult_reg[28] | CK ^ -> Q ^     | DFFR_X1 | 0.127 |   0.316 |    2.840 | 
     |                                  | dmem_addr[28] ^ |         | 0.000 |   0.316 |    2.840 | 
     +-------------------------------------------------------------------------------------------+ 
Path 41: MET Late External Delay Assertion 
Endpoint:   dmem_addr[29]                      (^) checked with  leading edge 
of 'clk'
Beginpoint: datapath/EXMEM_aluResult_reg[29]/Q (^) triggered by  leading edge 
of 'clk'
Path Groups: {clk}
Analysis View: RPT_TYP
Other End Arrival Time          0.000
- External Delay                1.260
+ Phase Shift                   4.200
+ CPPR Adjustment               0.000
- Uncertainty                   0.100
= Required Time                 2.840
- Arrival Time                  0.316
= Slack Time                    2.524
     Clock Rise Edge                 0.000
     + Clock Network Latency (Prop)  0.189
     = Beginpoint Arrival Time       0.189
     +-------------------------------------------------------------------------------------------+ 
     |             Instance             |       Arc       |  Cell   | Delay | Arrival | Required | 
     |                                  |                 |         |       |  Time   |   Time   | 
     |----------------------------------+-----------------+---------+-------+---------+----------| 
     | datapath/EXMEM_aluResult_reg[29] | CK ^            |         |       |   0.189 |    2.713 | 
     | datapath/EXMEM_aluResult_reg[29] | CK ^ -> Q ^     | DFFR_X1 | 0.127 |   0.316 |    2.840 | 
     |                                  | dmem_addr[29] ^ |         | 0.000 |   0.316 |    2.840 | 
     +-------------------------------------------------------------------------------------------+ 
Path 42: MET Late External Delay Assertion 
Endpoint:   dmem_addr[31]                      (^) checked with  leading edge 
of 'clk'
Beginpoint: datapath/EXMEM_aluResult_reg[31]/Q (^) triggered by  leading edge 
of 'clk'
Path Groups: {clk}
Analysis View: RPT_TYP
Other End Arrival Time          0.000
- External Delay                1.260
+ Phase Shift                   4.200
+ CPPR Adjustment               0.000
- Uncertainty                   0.100
= Required Time                 2.840
- Arrival Time                  0.316
= Slack Time                    2.524
     Clock Rise Edge                 0.000
     + Clock Network Latency (Prop)  0.189
     = Beginpoint Arrival Time       0.189
     +-------------------------------------------------------------------------------------------+ 
     |             Instance             |       Arc       |  Cell   | Delay | Arrival | Required | 
     |                                  |                 |         |       |  Time   |   Time   | 
     |----------------------------------+-----------------+---------+-------+---------+----------| 
     | datapath/EXMEM_aluResult_reg[31] | CK ^            |         |       |   0.189 |    2.714 | 
     | datapath/EXMEM_aluResult_reg[31] | CK ^ -> Q ^     | DFFR_X1 | 0.126 |   0.316 |    2.840 | 
     |                                  | dmem_addr[31] ^ |         | 0.000 |   0.316 |    2.840 | 
     +-------------------------------------------------------------------------------------------+ 
Path 43: MET Late External Delay Assertion 
Endpoint:   dbg_pc[27]               (^) checked with  leading edge of 'clk'
Beginpoint: datapath/IF_pc_reg[27]/Q (^) triggered by  leading edge of 'clk'
Path Groups: {clk}
Analysis View: RPT_TYP
Other End Arrival Time          0.000
- External Delay                1.260
+ Phase Shift                   4.200
+ CPPR Adjustment               0.000
- Uncertainty                   0.100
= Required Time                 2.840
- Arrival Time                  0.315
= Slack Time                    2.525
     Clock Rise Edge                 0.000
     + Clock Network Latency (Prop)  0.184
     = Beginpoint Arrival Time       0.184
     +--------------------------------------------------------------------------------+ 
     |        Instance        |     Arc      |   Cell    | Delay | Arrival | Required | 
     |                        |              |           |       |  Time   |   Time   | 
     |------------------------+--------------+-----------+-------+---------+----------| 
     | datapath/IF_pc_reg[27] | CK ^         |           |       |   0.184 |    2.709 | 
     | datapath/IF_pc_reg[27] | CK ^ -> Q ^  | SDFFRS_X1 | 0.131 |   0.315 |    2.840 | 
     |                        | dbg_pc[27] ^ |           | 0.000 |   0.315 |    2.840 | 
     +--------------------------------------------------------------------------------+ 
Path 44: MET Late External Delay Assertion 
Endpoint:   imem_addr[27]            (^) checked with  leading edge of 'clk'
Beginpoint: datapath/IF_pc_reg[27]/Q (^) triggered by  leading edge of 'clk'
Path Groups: {clk}
Analysis View: RPT_TYP
Other End Arrival Time          0.000
- External Delay                1.260
+ Phase Shift                   4.200
+ CPPR Adjustment               0.000
- Uncertainty                   0.100
= Required Time                 2.840
- Arrival Time                  0.315
= Slack Time                    2.525
     Clock Rise Edge                 0.000
     + Clock Network Latency (Prop)  0.184
     = Beginpoint Arrival Time       0.184
     +-----------------------------------------------------------------------------------+ 
     |        Instance        |       Arc       |   Cell    | Delay | Arrival | Required | 
     |                        |                 |           |       |  Time   |   Time   | 
     |------------------------+-----------------+-----------+-------+---------+----------| 
     | datapath/IF_pc_reg[27] | CK ^            |           |       |   0.184 |    2.709 | 
     | datapath/IF_pc_reg[27] | CK ^ -> Q ^     | SDFFRS_X1 | 0.131 |   0.315 |    2.840 | 
     |                        | imem_addr[27] ^ |           | 0.000 |   0.315 |    2.840 | 
     +-----------------------------------------------------------------------------------+ 
Path 45: MET Late External Delay Assertion 
Endpoint:   dmem_addr[25]                      (^) checked with  leading edge 
of 'clk'
Beginpoint: datapath/EXMEM_aluResult_reg[25]/Q (^) triggered by  leading edge 
of 'clk'
Path Groups: {clk}
Analysis View: RPT_TYP
Other End Arrival Time          0.000
- External Delay                1.260
+ Phase Shift                   4.200
+ CPPR Adjustment               0.000
- Uncertainty                   0.100
= Required Time                 2.840
- Arrival Time                  0.315
= Slack Time                    2.525
     Clock Rise Edge                 0.000
     + Clock Network Latency (Prop)  0.189
     = Beginpoint Arrival Time       0.189
     +-------------------------------------------------------------------------------------------+ 
     |             Instance             |       Arc       |  Cell   | Delay | Arrival | Required | 
     |                                  |                 |         |       |  Time   |   Time   | 
     |----------------------------------+-----------------+---------+-------+---------+----------| 
     | datapath/EXMEM_aluResult_reg[25] | CK ^            |         |       |   0.189 |    2.714 | 
     | datapath/EXMEM_aluResult_reg[25] | CK ^ -> Q ^     | DFFR_X1 | 0.126 |   0.315 |    2.840 | 
     |                                  | dmem_addr[25] ^ |         | 0.000 |   0.315 |    2.840 | 
     +-------------------------------------------------------------------------------------------+ 
Path 46: MET Late External Delay Assertion 
Endpoint:   dmem_addr[27]                      (^) checked with  leading edge 
of 'clk'
Beginpoint: datapath/EXMEM_aluResult_reg[27]/Q (^) triggered by  leading edge 
of 'clk'
Path Groups: {clk}
Analysis View: RPT_TYP
Other End Arrival Time          0.000
- External Delay                1.260
+ Phase Shift                   4.200
+ CPPR Adjustment               0.000
- Uncertainty                   0.100
= Required Time                 2.840
- Arrival Time                  0.315
= Slack Time                    2.525
     Clock Rise Edge                 0.000
     + Clock Network Latency (Prop)  0.189
     = Beginpoint Arrival Time       0.189
     +-------------------------------------------------------------------------------------------+ 
     |             Instance             |       Arc       |  Cell   | Delay | Arrival | Required | 
     |                                  |                 |         |       |  Time   |   Time   | 
     |----------------------------------+-----------------+---------+-------+---------+----------| 
     | datapath/EXMEM_aluResult_reg[27] | CK ^            |         |       |   0.189 |    2.714 | 
     | datapath/EXMEM_aluResult_reg[27] | CK ^ -> Q ^     | DFFR_X1 | 0.126 |   0.315 |    2.840 | 
     |                                  | dmem_addr[27] ^ |         | 0.000 |   0.315 |    2.840 | 
     +-------------------------------------------------------------------------------------------+ 
Path 47: MET Late External Delay Assertion 
Endpoint:   dmem_addr[2]                      (^) checked with  leading edge of 
'clk'
Beginpoint: datapath/EXMEM_aluResult_reg[2]/Q (^) triggered by  leading edge of 
'clk'
Path Groups: {clk}
Analysis View: RPT_TYP
Other End Arrival Time          0.000
- External Delay                1.260
+ Phase Shift                   4.200
+ CPPR Adjustment               0.000
- Uncertainty                   0.100
= Required Time                 2.840
- Arrival Time                  0.313
= Slack Time                    2.526
     Clock Rise Edge                 0.000
     + Clock Network Latency (Prop)  0.192
     = Beginpoint Arrival Time       0.192
     +-----------------------------------------------------------------------------------------+ 
     |            Instance             |      Arc       |  Cell   | Delay | Arrival | Required | 
     |                                 |                |         |       |  Time   |   Time   | 
     |---------------------------------+----------------+---------+-------+---------+----------| 
     | datapath/EXMEM_aluResult_reg[2] | CK ^           |         |       |   0.192 |    2.719 | 
     | datapath/EXMEM_aluResult_reg[2] | CK ^ -> Q ^    | DFFR_X1 | 0.121 |   0.313 |    2.840 | 
     |                                 | dmem_addr[2] ^ |         | 0.000 |   0.313 |    2.840 | 
     +-----------------------------------------------------------------------------------------+ 
Path 48: MET Late External Delay Assertion 
Endpoint:   dmem_addr[4]                      (^) checked with  leading edge of 
'clk'
Beginpoint: datapath/EXMEM_aluResult_reg[4]/Q (^) triggered by  leading edge of 
'clk'
Path Groups: {clk}
Analysis View: RPT_TYP
Other End Arrival Time          0.000
- External Delay                1.260
+ Phase Shift                   4.200
+ CPPR Adjustment               0.000
- Uncertainty                   0.100
= Required Time                 2.840
- Arrival Time                  0.313
= Slack Time                    2.527
     Clock Rise Edge                 0.000
     + Clock Network Latency (Prop)  0.190
     = Beginpoint Arrival Time       0.190
     +-----------------------------------------------------------------------------------------+ 
     |            Instance             |      Arc       |  Cell   | Delay | Arrival | Required | 
     |                                 |                |         |       |  Time   |   Time   | 
     |---------------------------------+----------------+---------+-------+---------+----------| 
     | datapath/EXMEM_aluResult_reg[4] | CK ^           |         |       |   0.190 |    2.717 | 
     | datapath/EXMEM_aluResult_reg[4] | CK ^ -> Q ^    | DFFR_X1 | 0.123 |   0.313 |    2.840 | 
     |                                 | dmem_addr[4] ^ |         | 0.000 |   0.313 |    2.840 | 
     +-----------------------------------------------------------------------------------------+ 
Path 49: MET Late External Delay Assertion 
Endpoint:   dmem_addr[0]                      (^) checked with  leading edge of 
'clk'
Beginpoint: datapath/EXMEM_aluResult_reg[0]/Q (^) triggered by  leading edge of 
'clk'
Path Groups: {clk}
Analysis View: RPT_TYP
Other End Arrival Time          0.000
- External Delay                1.260
+ Phase Shift                   4.200
+ CPPR Adjustment               0.000
- Uncertainty                   0.100
= Required Time                 2.840
- Arrival Time                  0.313
= Slack Time                    2.527
     Clock Rise Edge                 0.000
     + Clock Network Latency (Prop)  0.190
     = Beginpoint Arrival Time       0.190
     +-----------------------------------------------------------------------------------------+ 
     |            Instance             |      Arc       |  Cell   | Delay | Arrival | Required | 
     |                                 |                |         |       |  Time   |   Time   | 
     |---------------------------------+----------------+---------+-------+---------+----------| 
     | datapath/EXMEM_aluResult_reg[0] | CK ^           |         |       |   0.190 |    2.717 | 
     | datapath/EXMEM_aluResult_reg[0] | CK ^ -> Q ^    | DFFR_X1 | 0.123 |   0.312 |    2.840 | 
     |                                 | dmem_addr[0] ^ |         | 0.000 |   0.313 |    2.840 | 
     +-----------------------------------------------------------------------------------------+ 
Path 50: MET Late External Delay Assertion 
Endpoint:   dbg_wb_addr[0]             (^) checked with  leading edge of 'clk'
Beginpoint: datapath/MEMWB_rd_reg[0]/Q (^) triggered by  leading edge of 'clk'
Path Groups: {clk}
Analysis View: RPT_TYP
Other End Arrival Time          0.000
- External Delay                1.260
+ Phase Shift                   4.200
+ CPPR Adjustment               0.000
- Uncertainty                   0.100
= Required Time                 2.840
- Arrival Time                  0.306
= Slack Time                    2.534
     Clock Rise Edge                 0.000
     + Clock Network Latency (Prop)  0.191
     = Beginpoint Arrival Time       0.191
     +-------------------------------------------------------------------------------------+ 
     |         Instance         |       Arc        |   Cell   | Delay | Arrival | Required | 
     |                          |                  |          |       |  Time   |   Time   | 
     |--------------------------+------------------+----------+-------+---------+----------| 
     | datapath/MEMWB_rd_reg[0] | CK ^             |          |       |   0.191 |    2.725 | 
     | datapath/MEMWB_rd_reg[0] | CK ^ -> Q ^      | DFFRS_X2 | 0.115 |   0.306 |    2.840 | 
     |                          | dbg_wb_addr[0] ^ |          | 0.000 |   0.306 |    2.840 | 
     +-------------------------------------------------------------------------------------+ 

