============================================================
  Generated by:           Genus(TM) Synthesis Solution 23.12-s086_1
  Generated on:           Aug 12 2026  06:57:57 pm
  Module:                 pipelined_cpu_core
  Technology libraries:   NangateOpenCellLibrary_slow revision 1.0
                          physical_cells 
  Operating conditions:   slow 
  Interconnect mode:      global
  Area mode:              physical library
============================================================

                                
   Gate    Instances    Area                Library            
---------------------------------------------------------------
AND2_X1          159    169.176    NangateOpenCellLibrary_slow 
AND2_X2           20     26.600    NangateOpenCellLibrary_slow 
AND2_X4            3      7.182    NangateOpenCellLibrary_slow 
AND3_X1           39     51.870    NangateOpenCellLibrary_slow 
AND3_X4            2      5.852    NangateOpenCellLibrary_slow 
AND4_X1          114    181.944    NangateOpenCellLibrary_slow 
AOI211_X1          3      3.990    NangateOpenCellLibrary_slow 
AOI21_X1          18     19.152    NangateOpenCellLibrary_slow 
AOI21_X2           1      1.862    NangateOpenCellLibrary_slow 
AOI21_X4           2      6.916    NangateOpenCellLibrary_slow 
AOI221_X1          2      3.192    NangateOpenCellLibrary_slow 
AOI222_X1        106    225.568    NangateOpenCellLibrary_slow 
AOI22_X1        1058   1407.140    NangateOpenCellLibrary_slow 
AOI22_X2           1      2.394    NangateOpenCellLibrary_slow 
BUF_X1            32     25.536    NangateOpenCellLibrary_slow 
CLKBUF_X3          2      2.660    NangateOpenCellLibrary_slow 
DFFRS_X2           1      6.916    NangateOpenCellLibrary_slow 
DFFR_X1          327   1739.640    NangateOpenCellLibrary_slow 
DFFS_X1            4     21.280    NangateOpenCellLibrary_slow 
HA_X1             78    207.480    NangateOpenCellLibrary_slow 
INV_X1           639    339.948    NangateOpenCellLibrary_slow 
INV_X2            45     35.910    NangateOpenCellLibrary_slow 
INV_X4             7      9.310    NangateOpenCellLibrary_slow 
INV_X8             3      7.182    NangateOpenCellLibrary_slow 
MUX2_X1           77    143.374    NangateOpenCellLibrary_slow 
NAND2_X1         193    154.014    NangateOpenCellLibrary_slow 
NAND2_X2          45     59.850    NangateOpenCellLibrary_slow 
NAND2_X4         105    251.370    NangateOpenCellLibrary_slow 
NAND3_X1          50     53.200    NangateOpenCellLibrary_slow 
NAND3_X2           7     13.034    NangateOpenCellLibrary_slow 
NAND3_X4           1      3.458    NangateOpenCellLibrary_slow 
NAND4_X1         143    190.190    NangateOpenCellLibrary_slow 
NAND4_X2           1      2.394    NangateOpenCellLibrary_slow 
NAND4_X4           1      4.788    NangateOpenCellLibrary_slow 
NOR2_X1          120     95.760    NangateOpenCellLibrary_slow 
NOR2_X2           17     22.610    NangateOpenCellLibrary_slow 
NOR2_X4            9     21.546    NangateOpenCellLibrary_slow 
NOR3_X1            9      9.576    NangateOpenCellLibrary_slow 
NOR3_X4            1      3.724    NangateOpenCellLibrary_slow 
NOR4_X1            8     10.640    NangateOpenCellLibrary_slow 
OAI211_X1          7      9.310    NangateOpenCellLibrary_slow 
OAI211_X2          1      2.394    NangateOpenCellLibrary_slow 
OAI211_X4          1      4.522    NangateOpenCellLibrary_slow 
OAI21_X1          81     86.184    NangateOpenCellLibrary_slow 
OAI21_X2           1      1.862    NangateOpenCellLibrary_slow 
OAI21_X4           2      6.916    NangateOpenCellLibrary_slow 
OAI221_X1         47     75.012    NangateOpenCellLibrary_slow 
OAI221_X2          2      5.852    NangateOpenCellLibrary_slow 
OAI222_X1         37     78.736    NangateOpenCellLibrary_slow 
OAI222_X2          1      3.724    NangateOpenCellLibrary_slow 
OAI22_X1           8     10.640    NangateOpenCellLibrary_slow 
OAI22_X2           1      2.394    NangateOpenCellLibrary_slow 
OAI33_X1           2      3.724    NangateOpenCellLibrary_slow 
OR2_X1           110    117.040    NangateOpenCellLibrary_slow 
OR2_X2            12     15.960    NangateOpenCellLibrary_slow 
OR2_X4             1      2.394    NangateOpenCellLibrary_slow 
OR3_X1            20     26.600    NangateOpenCellLibrary_slow 
OR4_X1            20     31.920    NangateOpenCellLibrary_slow 
SDFFRS_X1          1      7.714    NangateOpenCellLibrary_slow 
SDFFR_X1        1017   6763.050    NangateOpenCellLibrary_slow 
XNOR2_X1          93    148.428    NangateOpenCellLibrary_slow 
XNOR2_X2           6     15.960    NangateOpenCellLibrary_slow 
XOR2_X1           92    146.832    NangateOpenCellLibrary_slow 
---------------------------------------------------------------
total           5016  13115.396                                


                                          
     Type      Instances    Area   Area % 
------------------------------------------
sequential          1350  8538.600   65.1 
inverter             694   392.350    3.0 
buffer                34    28.196    0.2 
logic               2938  4156.250   31.7 
physical_cells         0     0.000    0.0 
------------------------------------------
total               5016 13115.396  100.0 

