###############################################################
#  Generated by:      Cadence Innovus 23.12-s091_1
#  OS:                Linux x86_64(Host ID nanohub-2908156-5)
#  Generated on:      Wed Aug 12 19:05:16 2026
#  Design:            pipelined_cpu_core
#  Command:           report_timing -late > reports/10_place_timing.rpt
###############################################################
Path 1: MET Setup Check with Pin datapath/EXMEM_aluResult_reg[0]/CK 
Endpoint:   datapath/EXMEM_aluResult_reg[0]/D (v) checked with  leading edge of 
'clk'
Beginpoint: datapath/IDEX_rs2_reg[3]/Q        (^) triggered by  leading edge of 
'clk'
Path Groups: {clk}
Analysis View: WC_VIEW
Other End Arrival Time          0.000
- Setup                         0.131
+ Phase Shift                   4.000
+ CPPR Adjustment               0.000
- Uncertainty                   0.100
= Required Time                 3.769
- Arrival Time                  3.765
= Slack Time                    0.004
     Clock Rise Edge                 0.000
     + Clock Network Latency (Ideal) -0.300
     = Beginpoint Arrival Time       -0.300
     +-----------------------------------------------------------------------------------------------------------+ 
     |                      Instance                      |     Arc      |   Cell   | Delay | Arrival | Required | 
     |                                                    |              |          |       |  Time   |   Time   | 
     |----------------------------------------------------+--------------+----------+-------+---------+----------| 
     | datapath/IDEX_rs2_reg[3]                           | CK ^         |          |       |  -0.300 |   -0.296 | 
     | datapath/IDEX_rs2_reg[3]                           | CK ^ -> Q ^  | DFFR_X1  | 0.408 |   0.108 |    0.112 | 
     | ALU_forward/g3421                                  | A ^ -> ZN v  | INV_X1   | 0.054 |   0.162 |    0.165 | 
     | ALU_forward/FE_RC_314_0                            | A1 v -> ZN ^ | NAND2_X1 | 0.048 |   0.210 |    0.213 | 
     | ALU_forward/FE_RC_311_0                            | A1 ^ -> ZN v | NAND2_X1 | 0.043 |   0.253 |    0.256 | 
     | ALU_forward/FE_RC_309_0                            | A1 v -> ZN ^ | NAND3_X2 | 0.064 |   0.316 |    0.320 | 
     | ALU_forward/FE_RC_281_0                            | A ^ -> ZN v  | INV_X4   | 0.037 |   0.353 |    0.357 | 
     | ALU_forward/FE_RC_280_0                            | A1 v -> ZN ^ | NAND2_X4 | 0.054 |   0.407 |    0.411 | 
     | ALU_forward/FE_RC_279_0                            | A ^ -> ZN v  | INV_X8   | 0.034 |   0.441 |    0.445 | 
     | datapath/FE_OCPC421_IDEX_forwardB_1                | A v -> ZN ^  | INV_X4   | 0.046 |   0.487 |    0.491 | 
     | datapath/g26097                                    | A1 ^ -> ZN v | NAND2_X4 | 0.043 |   0.530 |    0.534 | 
     | datapath/g26019                                    | A2 v -> ZN ^ | NAND3_X4 | 0.064 |   0.594 |    0.598 | 
     | datapath/FE_RC_103_0                               | A1 ^ -> ZN v | NAND2_X4 | 0.041 |   0.635 |    0.639 | 
     | datapath/g25953                                    | A1 v -> ZN ^ | NAND2_X4 | 0.045 |   0.680 |    0.683 | 
     | datapath/FE_RC_24_0                                | A2 ^ -> ZN v | NAND3_X4 | 0.068 |   0.747 |    0.751 | 
     | datapath/ALU_ALU_GEN[0].slice_i_bitAdder/g3        | B1 v -> ZN ^ | OAI21_X4 | 0.099 |   0.847 |    0.850 | 
     | datapath/ALU_ALU_GEN[0].slice_i_bitAdder/g2        | A1 ^ -> ZN v | NAND2_X4 | 0.049 |   0.896 |    0.900 | 
     | datapath/ALU_ALU_GEN[1].slice_i_bitAdder/FE_RC_93_ | A v -> ZN ^  | OAI21_X4 | 0.066 |   0.962 |    0.965 | 
     | 0                                                  |              |          |       |         |          | 
     | datapath/ALU_ALU_GEN[1].slice_i_bitAdder/g2__8428  | A1 ^ -> ZN v | NAND2_X4 | 0.050 |   1.011 |    1.015 | 
     | datapath/ALU_ALU_GEN[2].slice_i_bitAdder/FE_RC_126 | A1 v -> ZN ^ | NAND2_X4 | 0.047 |   1.058 |    1.061 | 
     | _0                                                 |              |          |       |         |          | 
     | datapath/ALU_ALU_GEN[2].slice_i_bitAdder/FE_RC_125 | A1 ^ -> ZN v | NAND2_X4 | 0.037 |   1.095 |    1.099 | 
     | _0                                                 |              |          |       |         |          | 
     | datapath/ALU_ALU_GEN[3].slice_i_bitAdder/g155__931 | A1 v -> ZN ^ | NAND2_X4 | 0.043 |   1.138 |    1.142 | 
     | 5                                                  |              |          |       |         |          | 
     | datapath/ALU_ALU_GEN[3].slice_i_bitAdder/g153__473 | A1 ^ -> ZN v | NAND2_X4 | 0.038 |   1.176 |    1.180 | 
     | 3                                                  |              |          |       |         |          | 
     | datapath/ALU_ALU_GEN[4].slice_i_bitAdder/g155__510 | A1 v -> ZN ^ | NAND2_X4 | 0.044 |   1.220 |    1.224 | 
     | 7                                                  |              |          |       |         |          | 
     | datapath/ALU_ALU_GEN[4].slice_i_bitAdder/g153__547 | A1 ^ -> ZN v | NAND2_X4 | 0.036 |   1.256 |    1.260 | 
     | 7                                                  |              |          |       |         |          | 
     | datapath/ALU_ALU_GEN[5].slice_i_bitAdder/g155__170 | A1 v -> ZN ^ | NAND2_X4 | 0.043 |   1.299 |    1.303 | 
     | 5                                                  |              |          |       |         |          | 
     | datapath/ALU_ALU_GEN[5].slice_i_bitAdder/g153__161 | A1 ^ -> ZN v | NAND2_X4 | 0.036 |   1.335 |    1.338 | 
     | 7                                                  |              |          |       |         |          | 
     | datapath/ALU_ALU_GEN[6].slice_i_bitAdder/FE_RC_134 | A1 v -> ZN ^ | NAND2_X4 | 0.043 |   1.377 |    1.381 | 
     | _0                                                 |              |          |       |         |          | 
     | datapath/ALU_ALU_GEN[6].slice_i_bitAdder/FE_RC_133 | A1 ^ -> ZN v | NAND2_X4 | 0.038 |   1.416 |    1.419 | 
     | _0                                                 |              |          |       |         |          | 
     | datapath/ALU_ALU_GEN[7].slice_i_bitAdder/g158__239 | A1 v -> ZN ^ | NAND2_X4 | 0.044 |   1.460 |    1.464 | 
     | 8                                                  |              |          |       |         |          | 
     | datapath/ALU_ALU_GEN[7].slice_i_bitAdder/g156__641 | A1 ^ -> ZN v | NAND2_X4 | 0.037 |   1.497 |    1.500 | 
     | 7                                                  |              |          |       |         |          | 
     | datapath/ALU_ALU_GEN[8].slice_i_bitAdder/FE_RC_181 | A1 v -> ZN ^ | NAND2_X4 | 0.043 |   1.539 |    1.543 | 
     | _0                                                 |              |          |       |         |          | 
     | datapath/ALU_ALU_GEN[8].slice_i_bitAdder/FE_RC_180 | A1 ^ -> ZN v | NAND2_X4 | 0.036 |   1.576 |    1.579 | 
     | _0                                                 |              |          |       |         |          | 
     | datapath/ALU_ALU_GEN[9].slice_i_bitAdder/g140__511 | A1 v -> ZN ^ | NAND2_X4 | 0.042 |   1.617 |    1.621 | 
     | 5                                                  |              |          |       |         |          | 
     | datapath/ALU_ALU_GEN[9].slice_i_bitAdder/g138__613 | A1 ^ -> ZN v | NAND2_X4 | 0.039 |   1.656 |    1.659 | 
     | 1                                                  |              |          |       |         |          | 
     | datapath/ALU_ALU_GEN[10].slice_i_bitAdder/g149__16 | A1 v -> ZN ^ | NAND2_X4 | 0.043 |   1.699 |    1.703 | 
     | 66                                                 |              |          |       |         |          | 
     | datapath/ALU_ALU_GEN[10].slice_i_bitAdder/g147__28 | A1 ^ -> ZN v | NAND2_X4 | 0.036 |   1.736 |    1.739 | 
     | 83                                                 |              |          |       |         |          | 
     | datapath/ALU_ALU_GEN[11].slice_i_bitAdder/g158__84 | A1 v -> ZN ^ | NAND2_X4 | 0.043 |   1.778 |    1.782 | 
     | 28                                                 |              |          |       |         |          | 
     | datapath/ALU_ALU_GEN[11].slice_i_bitAdder/g156__62 | A1 ^ -> ZN v | NAND2_X4 | 0.039 |   1.817 |    1.821 | 
     | 60                                                 |              |          |       |         |          | 
     | datapath/ALU_ALU_GEN[12].slice_i_bitAdder/g158__82 | A1 v -> ZN ^ | NAND2_X4 | 0.044 |   1.861 |    1.865 | 
     | 46                                                 |              |          |       |         |          | 
     | datapath/ALU_ALU_GEN[12].slice_i_bitAdder/g156__17 | A1 ^ -> ZN v | NAND2_X4 | 0.038 |   1.900 |    1.903 | 
     | 05                                                 |              |          |       |         |          | 
     | datapath/ALU_ALU_GEN[13].slice_i_bitAdder/g158__93 | A1 v -> ZN ^ | NAND2_X4 | 0.043 |   1.943 |    1.946 | 
     | 15                                                 |              |          |       |         |          | 
     | datapath/ALU_ALU_GEN[13].slice_i_bitAdder/g156__47 | A1 ^ -> ZN v | NAND2_X4 | 0.039 |   1.982 |    1.985 | 
     | 33                                                 |              |          |       |         |          | 
     | datapath/ALU_ALU_GEN[14].slice_i_bitAdder/g158__23 | A1 v -> ZN ^ | NAND2_X4 | 0.044 |   2.025 |    2.029 | 
     | 98                                                 |              |          |       |         |          | 
     | datapath/ALU_ALU_GEN[14].slice_i_bitAdder/g156__64 | A1 ^ -> ZN v | NAND2_X4 | 0.036 |   2.061 |    2.065 | 
     | 17                                                 |              |          |       |         |          | 
     | datapath/ALU_ALU_GEN[15].slice_i_bitAdder/g158__16 | A1 v -> ZN ^ | NAND2_X4 | 0.042 |   2.104 |    2.107 | 
     | 17                                                 |              |          |       |         |          | 
     | datapath/ALU_ALU_GEN[15].slice_i_bitAdder/g156__67 | A1 ^ -> ZN v | NAND2_X4 | 0.036 |   2.140 |    2.144 | 
     | 83                                                 |              |          |       |         |          | 
     | datapath/ALU_ALU_GEN[16].slice_i_bitAdder/g158__51 | A1 v -> ZN ^ | NAND2_X4 | 0.043 |   2.183 |    2.187 | 
     | 15                                                 |              |          |       |         |          | 
     | datapath/ALU_ALU_GEN[16].slice_i_bitAdder/g156__61 | A1 ^ -> ZN v | NAND2_X4 | 0.038 |   2.222 |    2.225 | 
     | 31                                                 |              |          |       |         |          | 
     | datapath/ALU_ALU_GEN[17].slice_i_bitAdder/g155__16 | A1 v -> ZN ^ | NAND2_X4 | 0.044 |   2.265 |    2.269 | 
     | 66                                                 |              |          |       |         |          | 
     | datapath/ALU_ALU_GEN[17].slice_i_bitAdder/g153__28 | A1 ^ -> ZN v | NAND2_X4 | 0.036 |   2.302 |    2.305 | 
     | 83                                                 |              |          |       |         |          | 
     | datapath/ALU_ALU_GEN[18].slice_i_bitAdder/g158__84 | A1 v -> ZN ^ | NAND2_X4 | 0.042 |   2.344 |    2.348 | 
     | 28                                                 |              |          |       |         |          | 
     | datapath/ALU_ALU_GEN[18].slice_i_bitAdder/g156__62 | A1 ^ -> ZN v | NAND2_X4 | 0.036 |   2.380 |    2.384 | 
     | 60                                                 |              |          |       |         |          | 
     | datapath/ALU_ALU_GEN[19].slice_i_bitAdder/g158__82 | A1 v -> ZN ^ | NAND2_X4 | 0.042 |   2.422 |    2.426 | 
     | 46                                                 |              |          |       |         |          | 
     | datapath/ALU_ALU_GEN[19].slice_i_bitAdder/g156__17 | A1 ^ -> ZN v | NAND2_X4 | 0.041 |   2.463 |    2.467 | 
     | 05                                                 |              |          |       |         |          | 
     | datapath/ALU_ALU_GEN[20].slice_i_bitAdder/g158__61 | A1 v -> ZN ^ | NAND2_X4 | 0.046 |   2.509 |    2.513 | 
     | 61                                                 |              |          |       |         |          | 
     | datapath/ALU_ALU_GEN[20].slice_i_bitAdder/g156__47 | A1 ^ -> ZN v | NAND2_X4 | 0.036 |   2.545 |    2.549 | 
     | 33                                                 |              |          |       |         |          | 
     | datapath/ALU_ALU_GEN[21].slice_i_bitAdder/g158__54 | A1 v -> ZN ^ | NAND2_X4 | 0.042 |   2.588 |    2.591 | 
     | 77                                                 |              |          |       |         |          | 
     | datapath/ALU_ALU_GEN[21].slice_i_bitAdder/g156__64 | A1 ^ -> ZN v | NAND2_X4 | 0.036 |   2.623 |    2.627 | 
     | 17                                                 |              |          |       |         |          | 
     | datapath/ALU_ALU_GEN[22].slice_i_bitAdder/g158__16 | A1 v -> ZN ^ | NAND2_X4 | 0.042 |   2.665 |    2.669 | 
     | 17                                                 |              |          |       |         |          | 
     | datapath/ALU_ALU_GEN[22].slice_i_bitAdder/g156__36 | A1 ^ -> ZN v | NAND2_X4 | 0.038 |   2.704 |    2.708 | 
     | 80                                                 |              |          |       |         |          | 
     | datapath/ALU_ALU_GEN[23].slice_i_bitAdder/g158__74 | A1 v -> ZN ^ | NAND2_X4 | 0.043 |   2.747 |    2.751 | 
     | 82                                                 |              |          |       |         |          | 
     | datapath/ALU_ALU_GEN[23].slice_i_bitAdder/g156__51 | A1 ^ -> ZN v | NAND2_X4 | 0.043 |   2.790 |    2.793 | 
     | 15                                                 |              |          |       |         |          | 
     | datapath/ALU_ALU_GEN[24].slice_i_bitAdder/g158__64 | A1 v -> ZN ^ | NAND2_X4 | 0.045 |   2.835 |    2.839 | 
     | 17                                                 |              |          |       |         |          | 
     | datapath/ALU_ALU_GEN[24].slice_i_bitAdder/g156__74 | A1 ^ -> ZN v | NAND2_X4 | 0.036 |   2.871 |    2.875 | 
     | 10                                                 |              |          |       |         |          | 
     | datapath/ALU_ALU_GEN[25].slice_i_bitAdder/g158__36 | A1 v -> ZN ^ | NAND2_X4 | 0.042 |   2.913 |    2.917 | 
     | 80                                                 |              |          |       |         |          | 
     | datapath/ALU_ALU_GEN[25].slice_i_bitAdder/g156__67 | A1 ^ -> ZN v | NAND2_X4 | 0.038 |   2.951 |    2.955 | 
     | 83                                                 |              |          |       |         |          | 
     | datapath/ALU_ALU_GEN[26].slice_i_bitAdder/g158__51 | A1 v -> ZN ^ | NAND2_X4 | 0.043 |   2.995 |    2.998 | 
     | 15                                                 |              |          |       |         |          | 
     | datapath/ALU_ALU_GEN[26].slice_i_bitAdder/g156__18 | A1 ^ -> ZN v | NAND2_X4 | 0.036 |   3.031 |    3.035 | 
     | 81                                                 |              |          |       |         |          | 
     | datapath/ALU_ALU_GEN[27].slice_i_bitAdder/g158__74 | A1 v -> ZN ^ | NAND2_X4 | 0.042 |   3.073 |    3.077 | 
     | 10                                                 |              |          |       |         |          | 
     | datapath/ALU_ALU_GEN[27].slice_i_bitAdder/g156__23 | A1 ^ -> ZN v | NAND2_X4 | 0.036 |   3.109 |    3.113 | 
     | 46                                                 |              |          |       |         |          | 
     | datapath/ALU_ALU_GEN[28].slice_i_bitAdder/g158__55 | A1 v -> ZN ^ | NAND2_X4 | 0.042 |   3.151 |    3.155 | 
     | 26                                                 |              |          |       |         |          | 
     | datapath/ALU_ALU_GEN[28].slice_i_bitAdder/g156__43 | A1 ^ -> ZN v | NAND2_X4 | 0.038 |   3.190 |    3.193 | 
     | 19                                                 |              |          |       |         |          | 
     | datapath/ALU_ALU_GEN[29].slice_i_bitAdder/g158__18 | A1 v -> ZN ^ | NAND2_X4 | 0.043 |   3.233 |    3.237 | 
     | 81                                                 |              |          |       |         |          | 
     | datapath/ALU_ALU_GEN[29].slice_i_bitAdder/g156__70 | A1 ^ -> ZN v | NAND2_X4 | 0.036 |   3.269 |    3.272 | 
     | 98                                                 |              |          |       |         |          | 
     | datapath/ALU_ALU_GEN[30].slice_i_bitAdder/g158__16 | A1 v -> ZN ^ | NAND2_X4 | 0.043 |   3.312 |    3.315 | 
     | 66                                                 |              |          |       |         |          | 
     | datapath/ALU_ALU_GEN[30].slice_i_bitAdder/g156__28 | A1 ^ -> ZN v | NAND2_X4 | 0.045 |   3.357 |    3.360 | 
     | 83                                                 |              |          |       |         |          | 
     | datapath/ALU_msb_bitAdder/g119__6783               | A1 v -> ZN ^ | NAND2_X4 | 0.040 |   3.396 |    3.400 | 
     | datapath/ALU_msb_bitAdder/g117__8428               | A1 ^ -> ZN v | NAND2_X2 | 0.036 |   3.433 |    3.436 | 
     | datapath/g16079                                    | A v -> ZN v  | XNOR2_X2 | 0.110 |   3.543 |    3.547 | 
     | datapath/g16077                                    | A v -> ZN v  | XNOR2_X2 | 0.117 |   3.660 |    3.663 | 
     | datapath/ALU_ALU_GEN[0].slice_i_resultMux/FE_RC_85 | A1 v -> ZN ^ | NAND2_X2 | 0.066 |   3.726 |    3.730 | 
     | _0                                                 |              |          |       |         |          | 
     | datapath/ALU_ALU_GEN[0].slice_i_resultMux/FE_RC_84 | A1 ^ -> ZN v | NAND2_X2 | 0.039 |   3.765 |    3.769 | 
     | _0                                                 |              |          |       |         |          | 
     | datapath/EXMEM_aluResult_reg[0]                    | D v          | DFFR_X1  | 0.000 |   3.765 |    3.769 | 
     +-----------------------------------------------------------------------------------------------------------+ 

