###############################################################
#  Generated by:      Cadence Innovus 23.12-s091_1
#  OS:                Linux x86_64(Host ID nanohub-2908156-5)
#  Generated on:      Wed Aug 12 19:12:25 2026
#  Design:            pipelined_cpu_core
#  Command:           report_timing -early -view RPT_SLOW -max_paths 50 -nworst 1 > reports/41_hold_slow.rpt
###############################################################
Path 1: MET Hold Check with Pin datapath/EXMEM_storeData_reg[9]/CK 
Endpoint:   datapath/EXMEM_storeData_reg[9]/D (v) checked with  leading edge of 
'clk'
Beginpoint: datapath/IDEX_readData2_reg[9]/QN (^) triggered by  leading edge of 
'clk'
Path Groups: {reg2reg}
Analysis View: RPT_SLOW
Other End Arrival Time          0.581
+ Hold                          0.029
+ Phase Shift                   0.000
- CPPR Adjustment               0.000
+ Uncertainty                   0.020
= Required Time                 0.630
  Arrival Time                  0.839
  Slack Time                    0.208
     Clock Rise Edge                 0.000
     + Clock Network Latency (Prop)  0.549
     = Beginpoint Arrival Time       0.549
     +-----------------------------------------------------------------------------------------+ 
     |            Instance             |     Arc      |   Cell    | Delay | Arrival | Required | 
     |                                 |              |           |       |  Time   |   Time   | 
     |---------------------------------+--------------+-----------+-------+---------+----------| 
     | datapath/IDEX_readData2_reg[9]  | CK ^         |           |       |   0.549 |    0.341 | 
     | datapath/IDEX_readData2_reg[9]  | CK ^ -> QN ^ | DFFR_X1   | 0.229 |   0.778 |    0.570 | 
     | datapath/g26012                 | A2 ^ -> ZN v | OAI222_X1 | 0.061 |   0.839 |    0.630 | 
     | datapath/EXMEM_storeData_reg[9] | D v          | DFFR_X1   | 0.000 |   0.839 |    0.630 | 
     +-----------------------------------------------------------------------------------------+ 
Path 2: MET Hold Check with Pin datapath/IDEX_rd_reg[2]/CK 
Endpoint:   datapath/IDEX_rd_reg[2]/D     (v) checked with  leading edge of 
'clk'
Beginpoint: datapath/IFID_instr_reg[9]/QN (^) triggered by  leading edge of 
'clk'
Path Groups: {reg2reg}
Analysis View: RPT_SLOW
Other End Arrival Time          0.537
+ Hold                          0.023
+ Phase Shift                   0.000
- CPPR Adjustment               0.000
+ Uncertainty                   0.020
= Required Time                 0.580
  Arrival Time                  0.789
  Slack Time                    0.210
     Clock Rise Edge                 0.000
     + Clock Network Latency (Prop)  0.536
     = Beginpoint Arrival Time       0.536
     +----------------------------------------------------------------------------------+ 
     |          Instance          |     Arc      |  Cell   | Delay | Arrival | Required | 
     |                            |              |         |       |  Time   |   Time   | 
     |----------------------------+--------------+---------+-------+---------+----------| 
     | datapath/IFID_instr_reg[9] | CK ^         |         |       |   0.536 |    0.327 | 
     | datapath/IFID_instr_reg[9] | CK ^ -> QN ^ | DFFR_X1 | 0.226 |   0.762 |    0.552 | 
     | datapath/g35708            | A2 ^ -> ZN v | NOR2_X1 | 0.027 |   0.789 |    0.580 | 
     | datapath/IDEX_rd_reg[2]    | D v          | DFFR_X1 | 0.000 |   0.789 |    0.580 | 
     +----------------------------------------------------------------------------------+ 
Path 3: MET Hold Check with Pin datapath/EXMEM_storeData_reg[17]/CK 
Endpoint:   datapath/EXMEM_storeData_reg[17]/D (v) checked with  leading edge 
of 'clk'
Beginpoint: datapath/IDEX_readData2_reg[17]/QN (^) triggered by  leading edge 
of 'clk'
Path Groups: {reg2reg}
Analysis View: RPT_SLOW
Other End Arrival Time          0.581
+ Hold                          0.028
+ Phase Shift                   0.000
- CPPR Adjustment               0.000
+ Uncertainty                   0.020
= Required Time                 0.629
  Arrival Time                  0.839
  Slack Time                    0.210
     Clock Rise Edge                 0.000
     + Clock Network Latency (Prop)  0.550
     = Beginpoint Arrival Time       0.550
     +-----------------------------------------------------------------------------------------+ 
     |             Instance             |     Arc      |   Cell   | Delay | Arrival | Required | 
     |                                  |              |          |       |  Time   |   Time   | 
     |----------------------------------+--------------+----------+-------+---------+----------| 
     | datapath/IDEX_readData2_reg[17]  | CK ^         |          |       |   0.550 |    0.340 | 
     | datapath/IDEX_readData2_reg[17]  | CK ^ -> QN ^ | DFFR_X1  | 0.230 |   0.780 |    0.570 | 
     | datapath/g26062                  | B2 ^ -> ZN v | OAI21_X1 | 0.059 |   0.839 |    0.629 | 
     | datapath/EXMEM_storeData_reg[17] | D v          | DFFR_X1  | 0.000 |   0.839 |    0.629 | 
     +-----------------------------------------------------------------------------------------+ 
Path 4: MET Hold Check with Pin datapath/IDEX_rd_reg[0]/CK 
Endpoint:   datapath/IDEX_rd_reg[0]/D     (v) checked with  leading edge of 
'clk'
Beginpoint: datapath/IFID_instr_reg[7]/QN (^) triggered by  leading edge of 
'clk'
Path Groups: {reg2reg}
Analysis View: RPT_SLOW
Other End Arrival Time          0.537
+ Hold                          0.023
+ Phase Shift                   0.000
- CPPR Adjustment               0.000
+ Uncertainty                   0.020
= Required Time                 0.580
  Arrival Time                  0.791
  Slack Time                    0.211
     Clock Rise Edge                 0.000
     + Clock Network Latency (Prop)  0.536
     = Beginpoint Arrival Time       0.536
     +----------------------------------------------------------------------------------+ 
     |          Instance          |     Arc      |  Cell   | Delay | Arrival | Required | 
     |                            |              |         |       |  Time   |   Time   | 
     |----------------------------+--------------+---------+-------+---------+----------| 
     | datapath/IFID_instr_reg[7] | CK ^         |         |       |   0.536 |    0.325 | 
     | datapath/IFID_instr_reg[7] | CK ^ -> QN ^ | DFFR_X1 | 0.227 |   0.764 |    0.553 | 
     | datapath/g35709            | A2 ^ -> ZN v | NOR2_X1 | 0.027 |   0.791 |    0.580 | 
     | datapath/IDEX_rd_reg[0]    | D v          | DFFR_X1 | 0.000 |   0.791 |    0.580 | 
     +----------------------------------------------------------------------------------+ 
Path 5: MET Hold Check with Pin datapath/IDEX_rd_reg[4]/CK 
Endpoint:   datapath/IDEX_rd_reg[4]/D      (v) checked with  leading edge of 
'clk'
Beginpoint: datapath/IFID_instr_reg[11]/QN (^) triggered by  leading edge of 
'clk'
Path Groups: {reg2reg}
Analysis View: RPT_SLOW
Other End Arrival Time          0.536
+ Hold                          0.023
+ Phase Shift                   0.000
- CPPR Adjustment               0.000
+ Uncertainty                   0.020
= Required Time                 0.579
  Arrival Time                  0.791
  Slack Time                    0.212
     Clock Rise Edge                 0.000
     + Clock Network Latency (Prop)  0.536
     = Beginpoint Arrival Time       0.536
     +-----------------------------------------------------------------------------------+ 
     |          Instance           |     Arc      |  Cell   | Delay | Arrival | Required | 
     |                             |              |         |       |  Time   |   Time   | 
     |-----------------------------+--------------+---------+-------+---------+----------| 
     | datapath/IFID_instr_reg[11] | CK ^         |         |       |   0.536 |    0.324 | 
     | datapath/IFID_instr_reg[11] | CK ^ -> QN ^ | DFFR_X1 | 0.228 |   0.764 |    0.552 | 
     | datapath/g35707             | A2 ^ -> ZN v | NOR2_X1 | 0.027 |   0.791 |    0.579 | 
     | datapath/IDEX_rd_reg[4]     | D v          | DFFR_X1 | 0.000 |   0.791 |    0.579 | 
     +-----------------------------------------------------------------------------------+ 
Path 6: MET Hold Check with Pin datapath/EXMEM_storeData_reg[18]/CK 
Endpoint:   datapath/EXMEM_storeData_reg[18]/D (v) checked with  leading edge 
of 'clk'
Beginpoint: datapath/IDEX_readData2_reg[18]/QN (^) triggered by  leading edge 
of 'clk'
Path Groups: {reg2reg}
Analysis View: RPT_SLOW
Other End Arrival Time          0.581
+ Hold                          0.029
+ Phase Shift                   0.000
- CPPR Adjustment               0.000
+ Uncertainty                   0.020
= Required Time                 0.630
  Arrival Time                  0.844
  Slack Time                    0.213
     Clock Rise Edge                 0.000
     + Clock Network Latency (Prop)  0.550
     = Beginpoint Arrival Time       0.550
     +------------------------------------------------------------------------------------------+ 
     |             Instance             |     Arc      |   Cell    | Delay | Arrival | Required | 
     |                                  |              |           |       |  Time   |   Time   | 
     |----------------------------------+--------------+-----------+-------+---------+----------| 
     | datapath/IDEX_readData2_reg[18]  | CK ^         |           |       |   0.550 |    0.337 | 
     | datapath/IDEX_readData2_reg[18]  | CK ^ -> QN ^ | DFFR_X1   | 0.232 |   0.782 |    0.569 | 
     | datapath/g26004                  | A2 ^ -> ZN v | OAI222_X1 | 0.061 |   0.844 |    0.630 | 
     | datapath/EXMEM_storeData_reg[18] | D v          | DFFR_X1   | 0.000 |   0.844 |    0.630 | 
     +------------------------------------------------------------------------------------------+ 
Path 7: MET Hold Check with Pin datapath/IDEX_rd_reg[1]/CK 
Endpoint:   datapath/IDEX_rd_reg[1]/D     (v) checked with  leading edge of 
'clk'
Beginpoint: datapath/IFID_instr_reg[8]/QN (^) triggered by  leading edge of 
'clk'
Path Groups: {reg2reg}
Analysis View: RPT_SLOW
Other End Arrival Time          0.537
+ Hold                          0.023
+ Phase Shift                   0.000
- CPPR Adjustment               0.000
+ Uncertainty                   0.020
= Required Time                 0.580
  Arrival Time                  0.795
  Slack Time                    0.215
     Clock Rise Edge                 0.000
     + Clock Network Latency (Prop)  0.536
     = Beginpoint Arrival Time       0.536
     +----------------------------------------------------------------------------------+ 
     |          Instance          |     Arc      |  Cell   | Delay | Arrival | Required | 
     |                            |              |         |       |  Time   |   Time   | 
     |----------------------------+--------------+---------+-------+---------+----------| 
     | datapath/IFID_instr_reg[8] | CK ^         |         |       |   0.536 |    0.322 | 
     | datapath/IFID_instr_reg[8] | CK ^ -> QN ^ | DFFR_X1 | 0.229 |   0.766 |    0.551 | 
     | datapath/g35704            | A2 ^ -> ZN v | NOR2_X1 | 0.029 |   0.795 |    0.580 | 
     | datapath/IDEX_rd_reg[1]    | D v          | DFFR_X1 | 0.000 |   0.795 |    0.580 | 
     +----------------------------------------------------------------------------------+ 
Path 8: MET Hold Check with Pin datapath/EXMEM_storeData_reg[13]/CK 
Endpoint:   datapath/EXMEM_storeData_reg[13]/D (v) checked with  leading edge 
of 'clk'
Beginpoint: datapath/IDEX_readData2_reg[13]/QN (^) triggered by  leading edge 
of 'clk'
Path Groups: {reg2reg}
Analysis View: RPT_SLOW
Other End Arrival Time          0.581
+ Hold                          0.029
+ Phase Shift                   0.000
- CPPR Adjustment               0.000
+ Uncertainty                   0.020
= Required Time                 0.630
  Arrival Time                  0.845
  Slack Time                    0.215
     Clock Rise Edge                 0.000
     + Clock Network Latency (Prop)  0.550
     = Beginpoint Arrival Time       0.550
     +------------------------------------------------------------------------------------------+ 
     |             Instance             |     Arc      |   Cell    | Delay | Arrival | Required | 
     |                                  |              |           |       |  Time   |   Time   | 
     |----------------------------------+--------------+-----------+-------+---------+----------| 
     | datapath/IDEX_readData2_reg[13]  | CK ^         |           |       |   0.550 |    0.335 | 
     | datapath/IDEX_readData2_reg[13]  | CK ^ -> QN ^ | DFFR_X1   | 0.232 |   0.782 |    0.567 | 
     | datapath/g26016                  | A2 ^ -> ZN v | OAI222_X1 | 0.063 |   0.845 |    0.630 | 
     | datapath/EXMEM_storeData_reg[13] | D v          | DFFR_X1   | 0.000 |   0.845 |    0.630 | 
     +------------------------------------------------------------------------------------------+ 
Path 9: MET Hold Check with Pin datapath/EXMEM_storeData_reg[20]/CK 
Endpoint:   datapath/EXMEM_storeData_reg[20]/D (v) checked with  leading edge 
of 'clk'
Beginpoint: datapath/IDEX_readData2_reg[20]/QN (^) triggered by  leading edge 
of 'clk'
Path Groups: {reg2reg}
Analysis View: RPT_SLOW
Other End Arrival Time          0.559
+ Hold                          0.026
+ Phase Shift                   0.000
- CPPR Adjustment               0.000
+ Uncertainty                   0.020
= Required Time                 0.605
  Arrival Time                  0.825
  Slack Time                    0.220
     Clock Rise Edge                 0.000
     + Clock Network Latency (Prop)  0.534
     = Beginpoint Arrival Time       0.534
     +------------------------------------------------------------------------------------------+ 
     |             Instance             |     Arc      |   Cell    | Delay | Arrival | Required | 
     |                                  |              |           |       |  Time   |   Time   | 
     |----------------------------------+--------------+-----------+-------+---------+----------| 
     | datapath/IDEX_readData2_reg[20]  | CK ^         |           |       |   0.534 |    0.314 | 
     | datapath/IDEX_readData2_reg[20]  | CK ^ -> QN ^ | DFFR_X1   | 0.230 |   0.764 |    0.544 | 
     | datapath/g26006                  | A2 ^ -> ZN v | OAI222_X1 | 0.061 |   0.825 |    0.605 | 
     | datapath/EXMEM_storeData_reg[20] | D v          | DFFR_X1   | 0.000 |   0.825 |    0.605 | 
     +------------------------------------------------------------------------------------------+ 
Path 10: MET Hold Check with Pin datapath/MEMWB_aluResult_reg[3]/CK 
Endpoint:   datapath/MEMWB_aluResult_reg[3]/D (v) checked with  leading edge of 
'clk'
Beginpoint: datapath/EXMEM_aluResult_reg[3]/Q (v) triggered by  leading edge of 
'clk'
Path Groups: {reg2reg}
Analysis View: RPT_SLOW
Other End Arrival Time          0.597
+ Hold                          0.022
+ Phase Shift                   0.000
- CPPR Adjustment               0.000
+ Uncertainty                   0.020
= Required Time                 0.639
  Arrival Time                  0.864
  Slack Time                    0.225
     Clock Rise Edge                 0.000
     + Clock Network Latency (Prop)  0.549
     = Beginpoint Arrival Time       0.549
     +--------------------------------------------------------------------------------------+ 
     |            Instance             |     Arc     |  Cell   | Delay | Arrival | Required | 
     |                                 |             |         |       |  Time   |   Time   | 
     |---------------------------------+-------------+---------+-------+---------+----------| 
     | datapath/EXMEM_aluResult_reg[3] | CK ^        |         |       |   0.549 |    0.324 | 
     | datapath/EXMEM_aluResult_reg[3] | CK ^ -> Q v | DFFR_X1 | 0.315 |   0.864 |    0.639 | 
     | datapath/MEMWB_aluResult_reg[3] | D v         | DFFR_X1 | 0.000 |   0.864 |    0.639 | 
     +--------------------------------------------------------------------------------------+ 
Path 11: MET Hold Check with Pin u_reset_sync/stage2_reg/CK 
Endpoint:   u_reset_sync/stage2_reg/D (v) checked with  leading edge of 'clk'
Beginpoint: u_reset_sync/stage1_reg/Q (v) triggered by  leading edge of 'clk'
Path Groups: {reg2reg}
Analysis View: RPT_SLOW
Other End Arrival Time          0.559
+ Hold                          0.024
+ Phase Shift                   0.000
- CPPR Adjustment               0.000
+ Uncertainty                   0.020
= Required Time                 0.603
  Arrival Time                  0.833
  Slack Time                    0.230
     Clock Rise Edge                 0.000
     + Clock Network Latency (Prop)  0.559
     = Beginpoint Arrival Time       0.559
     +------------------------------------------------------------------------------+ 
     |        Instance         |     Arc     |  Cell   | Delay | Arrival | Required | 
     |                         |             |         |       |  Time   |   Time   | 
     |-------------------------+-------------+---------+-------+---------+----------| 
     | u_reset_sync/stage1_reg | CK ^        |         |       |   0.559 |    0.329 | 
     | u_reset_sync/stage1_reg | CK ^ -> Q v | DFFS_X1 | 0.274 |   0.833 |    0.603 | 
     | u_reset_sync/stage2_reg | D v         | DFFS_X1 | 0.000 |   0.833 |    0.603 | 
     +------------------------------------------------------------------------------+ 
Path 12: MET Hold Check with Pin datapath/MEMWB_aluResult_reg[14]/CK 
Endpoint:   datapath/MEMWB_aluResult_reg[14]/D (v) checked with  leading edge 
of 'clk'
Beginpoint: datapath/EXMEM_aluResult_reg[14]/Q (v) triggered by  leading edge 
of 'clk'
Path Groups: {reg2reg}
Analysis View: RPT_SLOW
Other End Arrival Time          0.580
+ Hold                          0.026
+ Phase Shift                   0.000
- CPPR Adjustment               0.000
+ Uncertainty                   0.020
= Required Time                 0.626
  Arrival Time                  0.863
  Slack Time                    0.237
     Clock Rise Edge                 0.000
     + Clock Network Latency (Prop)  0.557
     = Beginpoint Arrival Time       0.557
     +---------------------------------------------------------------------------------------+ 
     |             Instance             |     Arc     |  Cell   | Delay | Arrival | Required | 
     |                                  |             |         |       |  Time   |   Time   | 
     |----------------------------------+-------------+---------+-------+---------+----------| 
     | datapath/EXMEM_aluResult_reg[14] | CK ^        |         |       |   0.557 |    0.319 | 
     | datapath/EXMEM_aluResult_reg[14] | CK ^ -> Q v | DFFR_X1 | 0.306 |   0.863 |    0.626 | 
     | datapath/MEMWB_aluResult_reg[14] | D v         | DFFR_X1 | 0.000 |   0.863 |    0.626 | 
     +---------------------------------------------------------------------------------------+ 
Path 13: MET Hold Check with Pin datapath/EXMEM_storeData_reg[7]/CK 
Endpoint:   datapath/EXMEM_storeData_reg[7]/D (v) checked with  leading edge of 
'clk'
Beginpoint: datapath/IDEX_readData2_reg[7]/QN (^) triggered by  leading edge of 
'clk'
Path Groups: {reg2reg}
Analysis View: RPT_SLOW
Other End Arrival Time          0.581
+ Hold                          0.029
+ Phase Shift                   0.000
- CPPR Adjustment               0.000
+ Uncertainty                   0.020
= Required Time                 0.631
  Arrival Time                  0.868
  Slack Time                    0.238
     Clock Rise Edge                 0.000
     + Clock Network Latency (Prop)  0.550
     = Beginpoint Arrival Time       0.550
     +-----------------------------------------------------------------------------------------+ 
     |            Instance             |     Arc      |   Cell    | Delay | Arrival | Required | 
     |                                 |              |           |       |  Time   |   Time   | 
     |---------------------------------+--------------+-----------+-------+---------+----------| 
     | datapath/IDEX_readData2_reg[7]  | CK ^         |           |       |   0.550 |    0.312 | 
     | datapath/IDEX_readData2_reg[7]  | CK ^ -> QN ^ | DFFR_X1   | 0.235 |   0.785 |    0.548 | 
     | datapath/FE_RC_31_0             | C2 ^ -> ZN v | OAI222_X1 | 0.083 |   0.868 |    0.631 | 
     | datapath/EXMEM_storeData_reg[7] | D v          | DFFR_X1   | 0.000 |   0.868 |    0.631 | 
     +-----------------------------------------------------------------------------------------+ 
Path 14: MET Hold Check with Pin datapath/MEMWB_aluResult_reg[22]/CK 
Endpoint:   datapath/MEMWB_aluResult_reg[22]/D (v) checked with  leading edge 
of 'clk'
Beginpoint: datapath/EXMEM_aluResult_reg[22]/Q (v) triggered by  leading edge 
of 'clk'
Path Groups: {reg2reg}
Analysis View: RPT_SLOW
Other End Arrival Time          0.580
+ Hold                          0.027
+ Phase Shift                   0.000
- CPPR Adjustment               0.000
+ Uncertainty                   0.020
= Required Time                 0.626
  Arrival Time                  0.866
  Slack Time                    0.240
     Clock Rise Edge                 0.000
     + Clock Network Latency (Prop)  0.557
     = Beginpoint Arrival Time       0.557
     +---------------------------------------------------------------------------------------+ 
     |             Instance             |     Arc     |  Cell   | Delay | Arrival | Required | 
     |                                  |             |         |       |  Time   |   Time   | 
     |----------------------------------+-------------+---------+-------+---------+----------| 
     | datapath/EXMEM_aluResult_reg[22] | CK ^        |         |       |   0.557 |    0.317 | 
     | datapath/EXMEM_aluResult_reg[22] | CK ^ -> Q v | DFFR_X1 | 0.310 |   0.866 |    0.626 | 
     | datapath/MEMWB_aluResult_reg[22] | D v         | DFFR_X1 | 0.000 |   0.866 |    0.626 | 
     +---------------------------------------------------------------------------------------+ 
Path 15: MET Hold Check with Pin datapath/IDEX_rd_reg[3]/CK 
Endpoint:   datapath/IDEX_rd_reg[3]/D      (v) checked with  leading edge of 
'clk'
Beginpoint: datapath/IFID_instr_reg[10]/QN (^) triggered by  leading edge of 
'clk'
Path Groups: {reg2reg}
Analysis View: RPT_SLOW
Other End Arrival Time          0.537
+ Hold                          0.023
+ Phase Shift                   0.000
- CPPR Adjustment               0.000
+ Uncertainty                   0.020
= Required Time                 0.580
  Arrival Time                  0.821
  Slack Time                    0.241
     Clock Rise Edge                 0.000
     + Clock Network Latency (Prop)  0.559
     = Beginpoint Arrival Time       0.559
     +-----------------------------------------------------------------------------------+ 
     |          Instance           |     Arc      |  Cell   | Delay | Arrival | Required | 
     |                             |              |         |       |  Time   |   Time   | 
     |-----------------------------+--------------+---------+-------+---------+----------| 
     | datapath/IFID_instr_reg[10] | CK ^         |         |       |   0.559 |    0.317 | 
     | datapath/IFID_instr_reg[10] | CK ^ -> QN ^ | DFFR_X1 | 0.234 |   0.792 |    0.551 | 
     | datapath/g35705             | A2 ^ -> ZN v | NOR2_X1 | 0.029 |   0.821 |    0.580 | 
     | datapath/IDEX_rd_reg[3]     | D v          | DFFR_X1 | 0.000 |   0.821 |    0.580 | 
     +-----------------------------------------------------------------------------------+ 
Path 16: MET Hold Check with Pin datapath/MEMWB_aluResult_reg[1]/CK 
Endpoint:   datapath/MEMWB_aluResult_reg[1]/D  (v) checked with  leading edge 
of 'clk'
Beginpoint: datapath/EXMEM_aluResult_reg[1]/QN (^) triggered by  leading edge 
of 'clk'
Path Groups: {reg2reg}
Analysis View: RPT_SLOW
Other End Arrival Time          0.597
+ Hold                          0.021
+ Phase Shift                   0.000
- CPPR Adjustment               0.000
+ Uncertainty                   0.020
= Required Time                 0.637
  Arrival Time                  0.879
  Slack Time                    0.242
     Clock Rise Edge                 0.000
     + Clock Network Latency (Prop)  0.597
     = Beginpoint Arrival Time       0.597
     +---------------------------------------------------------------------------------------+ 
     |            Instance             |     Arc      |  Cell   | Delay | Arrival | Required | 
     |                                 |              |         |       |  Time   |   Time   | 
     |---------------------------------+--------------+---------+-------+---------+----------| 
     | datapath/EXMEM_aluResult_reg[1] | CK ^         |         |       |   0.597 |    0.355 | 
     | datapath/EXMEM_aluResult_reg[1] | CK ^ -> QN ^ | DFFR_X1 | 0.236 |   0.832 |    0.591 | 
     | datapath/FE_OFC813_n_446        | A ^ -> ZN v  | INV_X2  | 0.047 |   0.879 |    0.637 | 
     | datapath/MEMWB_aluResult_reg[1] | D v          | DFFR_X1 | 0.000 |   0.879 |    0.637 | 
     +---------------------------------------------------------------------------------------+ 
Path 17: MET Hold Check with Pin datapath/MEMWB_aluResult_reg[10]/CK 
Endpoint:   datapath/MEMWB_aluResult_reg[10]/D (v) checked with  leading edge 
of 'clk'
Beginpoint: datapath/EXMEM_aluResult_reg[10]/Q (v) triggered by  leading edge 
of 'clk'
Path Groups: {reg2reg}
Analysis View: RPT_SLOW
Other End Arrival Time          0.560
+ Hold                          0.028
+ Phase Shift                   0.000
- CPPR Adjustment               0.000
+ Uncertainty                   0.020
= Required Time                 0.608
  Arrival Time                  0.852
  Slack Time                    0.244
     Clock Rise Edge                 0.000
     + Clock Network Latency (Prop)  0.557
     = Beginpoint Arrival Time       0.557
     +---------------------------------------------------------------------------------------+ 
     |             Instance             |     Arc     |  Cell   | Delay | Arrival | Required | 
     |                                  |             |         |       |  Time   |   Time   | 
     |----------------------------------+-------------+---------+-------+---------+----------| 
     | datapath/EXMEM_aluResult_reg[10] | CK ^        |         |       |   0.557 |    0.313 | 
     | datapath/EXMEM_aluResult_reg[10] | CK ^ -> Q v | DFFR_X1 | 0.295 |   0.852 |    0.608 | 
     | datapath/MEMWB_aluResult_reg[10] | D v         | DFFR_X1 | 0.000 |   0.852 |    0.608 | 
     +---------------------------------------------------------------------------------------+ 
Path 18: MET Hold Check with Pin datapath/MEMWB_aluResult_reg[6]/CK 
Endpoint:   datapath/MEMWB_aluResult_reg[6]/D (v) checked with  leading edge of 
'clk'
Beginpoint: datapath/EXMEM_aluResult_reg[6]/Q (v) triggered by  leading edge of 
'clk'
Path Groups: {reg2reg}
Analysis View: RPT_SLOW
Other End Arrival Time          0.566
+ Hold                          0.022
+ Phase Shift                   0.000
- CPPR Adjustment               0.000
+ Uncertainty                   0.020
= Required Time                 0.608
  Arrival Time                  0.852
  Slack Time                    0.244
     Clock Rise Edge                 0.000
     + Clock Network Latency (Prop)  0.566
     = Beginpoint Arrival Time       0.566
     +--------------------------------------------------------------------------------------+ 
     |            Instance             |     Arc     |  Cell   | Delay | Arrival | Required | 
     |                                 |             |         |       |  Time   |   Time   | 
     |---------------------------------+-------------+---------+-------+---------+----------| 
     | datapath/EXMEM_aluResult_reg[6] | CK ^        |         |       |   0.566 |    0.322 | 
     | datapath/EXMEM_aluResult_reg[6] | CK ^ -> Q v | DFFR_X1 | 0.286 |   0.852 |    0.608 | 
     | datapath/MEMWB_aluResult_reg[6] | D v         | DFFR_X1 | 0.000 |   0.852 |    0.608 | 
     +--------------------------------------------------------------------------------------+ 
Path 19: MET Hold Check with Pin datapath/EXMEM_memWrite_reg/CK 
Endpoint:   datapath/EXMEM_memWrite_reg/D (v) checked with  leading edge of 
'clk'
Beginpoint: datapath/IDEX_memWrite_reg/Q  (v) triggered by  leading edge of 
'clk'
Path Groups: {reg2reg}
Analysis View: RPT_SLOW
Other End Arrival Time          0.559
+ Hold                          0.024
+ Phase Shift                   0.000
- CPPR Adjustment               0.000
+ Uncertainty                   0.020
= Required Time                 0.603
  Arrival Time                  0.847
  Slack Time                    0.244
     Clock Rise Edge                 0.000
     + Clock Network Latency (Prop)  0.559
     = Beginpoint Arrival Time       0.559
     +----------------------------------------------------------------------------------+ 
     |          Instance           |     Arc     |  Cell   | Delay | Arrival | Required | 
     |                             |             |         |       |  Time   |   Time   | 
     |-----------------------------+-------------+---------+-------+---------+----------| 
     | datapath/IDEX_memWrite_reg  | CK ^        |         |       |   0.559 |    0.315 | 
     | datapath/IDEX_memWrite_reg  | CK ^ -> Q v | DFFR_X1 | 0.289 |   0.847 |    0.603 | 
     | datapath/EXMEM_memWrite_reg | D v         | DFFR_X1 | 0.000 |   0.847 |    0.603 | 
     +----------------------------------------------------------------------------------+ 
Path 20: MET Hold Check with Pin datapath/MEMWB_aluResult_reg[8]/CK 
Endpoint:   datapath/MEMWB_aluResult_reg[8]/D (v) checked with  leading edge of 
'clk'
Beginpoint: datapath/EXMEM_aluResult_reg[8]/Q (v) triggered by  leading edge of 
'clk'
Path Groups: {reg2reg}
Analysis View: RPT_SLOW
Other End Arrival Time          0.550
+ Hold                          0.025
+ Phase Shift                   0.000
- CPPR Adjustment               0.000
+ Uncertainty                   0.020
= Required Time                 0.595
  Arrival Time                  0.840
  Slack Time                    0.245
     Clock Rise Edge                 0.000
     + Clock Network Latency (Prop)  0.550
     = Beginpoint Arrival Time       0.550
     +--------------------------------------------------------------------------------------+ 
     |            Instance             |     Arc     |  Cell   | Delay | Arrival | Required | 
     |                                 |             |         |       |  Time   |   Time   | 
     |---------------------------------+-------------+---------+-------+---------+----------| 
     | datapath/EXMEM_aluResult_reg[8] | CK ^        |         |       |   0.550 |    0.305 | 
     | datapath/EXMEM_aluResult_reg[8] | CK ^ -> Q v | DFFR_X1 | 0.290 |   0.840 |    0.595 | 
     | datapath/MEMWB_aluResult_reg[8] | D v         | DFFR_X1 | 0.000 |   0.840 |    0.595 | 
     +--------------------------------------------------------------------------------------+ 
Path 21: MET Hold Check with Pin datapath/EXMEM_storeData_reg[25]/CK 
Endpoint:   datapath/EXMEM_storeData_reg[25]/D (v) checked with  leading edge 
of 'clk'
Beginpoint: datapath/IDEX_readData2_reg[25]/QN (^) triggered by  leading edge 
of 'clk'
Path Groups: {reg2reg}
Analysis View: RPT_SLOW
Other End Arrival Time          0.574
+ Hold                          0.025
+ Phase Shift                   0.000
- CPPR Adjustment               0.000
+ Uncertainty                   0.020
= Required Time                 0.619
  Arrival Time                  0.864
  Slack Time                    0.245
     Clock Rise Edge                 0.000
     + Clock Network Latency (Prop)  0.576
     = Beginpoint Arrival Time       0.576
     +-----------------------------------------------------------------------------------------+ 
     |             Instance             |     Arc      |   Cell   | Delay | Arrival | Required | 
     |                                  |              |          |       |  Time   |   Time   | 
     |----------------------------------+--------------+----------+-------+---------+----------| 
     | datapath/IDEX_readData2_reg[25]  | CK ^         |          |       |   0.576 |    0.331 | 
     | datapath/IDEX_readData2_reg[25]  | CK ^ -> QN ^ | DFFR_X1  | 0.231 |   0.806 |    0.562 | 
     | datapath/g26059                  | B2 ^ -> ZN v | OAI21_X1 | 0.058 |   0.864 |    0.619 | 
     | datapath/EXMEM_storeData_reg[25] | D v          | DFFR_X1  | 0.000 |   0.864 |    0.619 | 
     +-----------------------------------------------------------------------------------------+ 
Path 22: MET Hold Check with Pin datapath/EXMEM_storeData_reg[23]/CK 
Endpoint:   datapath/EXMEM_storeData_reg[23]/D (v) checked with  leading edge 
of 'clk'
Beginpoint: datapath/IDEX_readData2_reg[23]/QN (^) triggered by  leading edge 
of 'clk'
Path Groups: {reg2reg}
Analysis View: RPT_SLOW
Other End Arrival Time          0.558
+ Hold                          0.027
+ Phase Shift                   0.000
- CPPR Adjustment               0.000
+ Uncertainty                   0.020
= Required Time                 0.605
  Arrival Time                  0.850
  Slack Time                    0.245
     Clock Rise Edge                 0.000
     + Clock Network Latency (Prop)  0.550
     = Beginpoint Arrival Time       0.550
     +------------------------------------------------------------------------------------------+ 
     |             Instance             |     Arc      |   Cell    | Delay | Arrival | Required | 
     |                                  |              |           |       |  Time   |   Time   | 
     |----------------------------------+--------------+-----------+-------+---------+----------| 
     | datapath/IDEX_readData2_reg[23]  | CK ^         |           |       |   0.550 |    0.305 | 
     | datapath/IDEX_readData2_reg[23]  | CK ^ -> QN ^ | DFFR_X1   | 0.237 |   0.786 |    0.542 | 
     | datapath/g26008                  | A2 ^ -> ZN v | OAI222_X1 | 0.063 |   0.850 |    0.605 | 
     | datapath/EXMEM_storeData_reg[23] | D v          | DFFR_X1   | 0.000 |   0.850 |    0.605 | 
     +------------------------------------------------------------------------------------------+ 
Path 23: MET Hold Check with Pin datapath/MEMWB_aluResult_reg[18]/CK 
Endpoint:   datapath/MEMWB_aluResult_reg[18]/D (v) checked with  leading edge 
of 'clk'
Beginpoint: datapath/EXMEM_aluResult_reg[18]/Q (v) triggered by  leading edge 
of 'clk'
Path Groups: {reg2reg}
Analysis View: RPT_SLOW
Other End Arrival Time          0.550
+ Hold                          0.025
+ Phase Shift                   0.000
- CPPR Adjustment               0.000
+ Uncertainty                   0.020
= Required Time                 0.596
  Arrival Time                  0.840
  Slack Time                    0.245
     Clock Rise Edge                 0.000
     + Clock Network Latency (Prop)  0.550
     = Beginpoint Arrival Time       0.550
     +---------------------------------------------------------------------------------------+ 
     |             Instance             |     Arc     |  Cell   | Delay | Arrival | Required | 
     |                                  |             |         |       |  Time   |   Time   | 
     |----------------------------------+-------------+---------+-------+---------+----------| 
     | datapath/EXMEM_aluResult_reg[18] | CK ^        |         |       |   0.550 |    0.306 | 
     | datapath/EXMEM_aluResult_reg[18] | CK ^ -> Q v | DFFR_X1 | 0.290 |   0.840 |    0.596 | 
     | datapath/MEMWB_aluResult_reg[18] | D v         | DFFR_X1 | 0.000 |   0.840 |    0.596 | 
     +---------------------------------------------------------------------------------------+ 
Path 24: MET Hold Check with Pin datapath/MEMWB_aluResult_reg[9]/CK 
Endpoint:   datapath/MEMWB_aluResult_reg[9]/D (v) checked with  leading edge of 
'clk'
Beginpoint: datapath/EXMEM_aluResult_reg[9]/Q (v) triggered by  leading edge of 
'clk'
Path Groups: {reg2reg}
Analysis View: RPT_SLOW
Other End Arrival Time          0.550
+ Hold                          0.025
+ Phase Shift                   0.000
- CPPR Adjustment               0.000
+ Uncertainty                   0.020
= Required Time                 0.595
  Arrival Time                  0.840
  Slack Time                    0.245
     Clock Rise Edge                 0.000
     + Clock Network Latency (Prop)  0.549
     = Beginpoint Arrival Time       0.549
     +--------------------------------------------------------------------------------------+ 
     |            Instance             |     Arc     |  Cell   | Delay | Arrival | Required | 
     |                                 |             |         |       |  Time   |   Time   | 
     |---------------------------------+-------------+---------+-------+---------+----------| 
     | datapath/EXMEM_aluResult_reg[9] | CK ^        |         |       |   0.549 |    0.305 | 
     | datapath/EXMEM_aluResult_reg[9] | CK ^ -> Q v | DFFR_X1 | 0.290 |   0.840 |    0.595 | 
     | datapath/MEMWB_aluResult_reg[9] | D v         | DFFR_X1 | 0.000 |   0.840 |    0.595 | 
     +--------------------------------------------------------------------------------------+ 
Path 25: MET Hold Check with Pin datapath/EXMEM_storeData_reg[21]/CK 
Endpoint:   datapath/EXMEM_storeData_reg[21]/D (v) checked with  leading edge 
of 'clk'
Beginpoint: datapath/IDEX_readData2_reg[21]/QN (^) triggered by  leading edge 
of 'clk'
Path Groups: {reg2reg}
Analysis View: RPT_SLOW
Other End Arrival Time          0.560
+ Hold                          0.029
+ Phase Shift                   0.000
- CPPR Adjustment               0.000
+ Uncertainty                   0.020
= Required Time                 0.609
  Arrival Time                  0.854
  Slack Time                    0.245
     Clock Rise Edge                 0.000
     + Clock Network Latency (Prop)  0.560
     = Beginpoint Arrival Time       0.560
     +------------------------------------------------------------------------------------------+ 
     |             Instance             |     Arc      |   Cell    | Delay | Arrival | Required | 
     |                                  |              |           |       |  Time   |   Time   | 
     |----------------------------------+--------------+-----------+-------+---------+----------| 
     | datapath/IDEX_readData2_reg[21]  | CK ^         |           |       |   0.560 |    0.315 | 
     | datapath/IDEX_readData2_reg[21]  | CK ^ -> QN ^ | DFFR_X1   | 0.235 |   0.795 |    0.550 | 
     | datapath/g26007                  | A2 ^ -> ZN v | OAI222_X1 | 0.059 |   0.854 |    0.609 | 
     | datapath/EXMEM_storeData_reg[21] | D v          | DFFR_X1   | 0.000 |   0.854 |    0.609 | 
     +------------------------------------------------------------------------------------------+ 
Path 26: MET Hold Check with Pin datapath/MEMWB_aluResult_reg[4]/CK 
Endpoint:   datapath/MEMWB_aluResult_reg[4]/D (v) checked with  leading edge of 
'clk'
Beginpoint: datapath/EXMEM_aluResult_reg[4]/Q (v) triggered by  leading edge of 
'clk'
Path Groups: {reg2reg}
Analysis View: RPT_SLOW
Other End Arrival Time          0.566
+ Hold                          0.023
+ Phase Shift                   0.000
- CPPR Adjustment               0.000
+ Uncertainty                   0.020
= Required Time                 0.609
  Arrival Time                  0.854
  Slack Time                    0.245
     Clock Rise Edge                 0.000
     + Clock Network Latency (Prop)  0.550
     = Beginpoint Arrival Time       0.550
     +--------------------------------------------------------------------------------------+ 
     |            Instance             |     Arc     |  Cell   | Delay | Arrival | Required | 
     |                                 |             |         |       |  Time   |   Time   | 
     |---------------------------------+-------------+---------+-------+---------+----------| 
     | datapath/EXMEM_aluResult_reg[4] | CK ^        |         |       |   0.550 |    0.305 | 
     | datapath/EXMEM_aluResult_reg[4] | CK ^ -> Q v | DFFR_X1 | 0.304 |   0.854 |    0.609 | 
     | datapath/MEMWB_aluResult_reg[4] | D v         | DFFR_X1 | 0.000 |   0.854 |    0.609 | 
     +--------------------------------------------------------------------------------------+ 
Path 27: MET Hold Check with Pin datapath/EXMEM_storeData_reg[16]/CK 
Endpoint:   datapath/EXMEM_storeData_reg[16]/D (v) checked with  leading edge 
of 'clk'
Beginpoint: datapath/IDEX_readData2_reg[16]/QN (^) triggered by  leading edge 
of 'clk'
Path Groups: {reg2reg}
Analysis View: RPT_SLOW
Other End Arrival Time          0.550
+ Hold                          0.026
+ Phase Shift                   0.000
- CPPR Adjustment               0.000
+ Uncertainty                   0.020
= Required Time                 0.596
  Arrival Time                  0.842
  Slack Time                    0.246
     Clock Rise Edge                 0.000
     + Clock Network Latency (Prop)  0.550
     = Beginpoint Arrival Time       0.550
     +-----------------------------------------------------------------------------------------+ 
     |             Instance             |     Arc      |   Cell   | Delay | Arrival | Required | 
     |                                  |              |          |       |  Time   |   Time   | 
     |----------------------------------+--------------+----------+-------+---------+----------| 
     | datapath/IDEX_readData2_reg[16]  | CK ^         |          |       |   0.550 |    0.304 | 
     | datapath/IDEX_readData2_reg[16]  | CK ^ -> QN ^ | DFFR_X1  | 0.232 |   0.782 |    0.536 | 
     | datapath/g26058                  | B2 ^ -> ZN v | OAI21_X1 | 0.060 |   0.842 |    0.596 | 
     | datapath/EXMEM_storeData_reg[16] | D v          | DFFR_X1  | 0.000 |   0.842 |    0.596 | 
     +-----------------------------------------------------------------------------------------+ 
Path 28: MET Hold Check with Pin datapath/MEMWB_aluResult_reg[11]/CK 
Endpoint:   datapath/MEMWB_aluResult_reg[11]/D (v) checked with  leading edge 
of 'clk'
Beginpoint: datapath/EXMEM_aluResult_reg[11]/Q (v) triggered by  leading edge 
of 'clk'
Path Groups: {reg2reg}
Analysis View: RPT_SLOW
Other End Arrival Time          0.557
+ Hold                          0.027
+ Phase Shift                   0.000
- CPPR Adjustment               0.000
+ Uncertainty                   0.020
= Required Time                 0.604
  Arrival Time                  0.849
  Slack Time                    0.246
     Clock Rise Edge                 0.000
     + Clock Network Latency (Prop)  0.557
     = Beginpoint Arrival Time       0.557
     +---------------------------------------------------------------------------------------+ 
     |             Instance             |     Arc     |  Cell   | Delay | Arrival | Required | 
     |                                  |             |         |       |  Time   |   Time   | 
     |----------------------------------+-------------+---------+-------+---------+----------| 
     | datapath/EXMEM_aluResult_reg[11] | CK ^        |         |       |   0.557 |    0.311 | 
     | datapath/EXMEM_aluResult_reg[11] | CK ^ -> Q v | DFFR_X1 | 0.293 |   0.849 |    0.604 | 
     | datapath/MEMWB_aluResult_reg[11] | D v         | DFFR_X1 | 0.000 |   0.849 |    0.604 | 
     +---------------------------------------------------------------------------------------+ 
Path 29: MET Hold Check with Pin datapath/EXMEM_storeData_reg[11]/CK 
Endpoint:   datapath/EXMEM_storeData_reg[11]/D (v) checked with  leading edge 
of 'clk'
Beginpoint: datapath/IDEX_readData2_reg[11]/QN (^) triggered by  leading edge 
of 'clk'
Path Groups: {reg2reg}
Analysis View: RPT_SLOW
Other End Arrival Time          0.558
+ Hold                          0.026
+ Phase Shift                   0.000
- CPPR Adjustment               0.000
+ Uncertainty                   0.020
= Required Time                 0.604
  Arrival Time                  0.851
  Slack Time                    0.247
     Clock Rise Edge                 0.000
     + Clock Network Latency (Prop)  0.557
     = Beginpoint Arrival Time       0.557
     +------------------------------------------------------------------------------------------+ 
     |             Instance             |     Arc      |   Cell    | Delay | Arrival | Required | 
     |                                  |              |           |       |  Time   |   Time   | 
     |----------------------------------+--------------+-----------+-------+---------+----------| 
     | datapath/IDEX_readData2_reg[11]  | CK ^         |           |       |   0.557 |    0.310 | 
     | datapath/IDEX_readData2_reg[11]  | CK ^ -> QN ^ | DFFR_X1   | 0.233 |   0.790 |    0.543 | 
     | datapath/g26014                  | A2 ^ -> ZN v | OAI222_X1 | 0.061 |   0.851 |    0.604 | 
     | datapath/EXMEM_storeData_reg[11] | D v          | DFFR_X1   | 0.000 |   0.851 |    0.604 | 
     +------------------------------------------------------------------------------------------+ 
Path 30: MET Hold Check with Pin datapath/MEMWB_aluResult_reg[13]/CK 
Endpoint:   datapath/MEMWB_aluResult_reg[13]/D (v) checked with  leading edge 
of 'clk'
Beginpoint: datapath/EXMEM_aluResult_reg[13]/Q (v) triggered by  leading edge 
of 'clk'
Path Groups: {reg2reg}
Analysis View: RPT_SLOW
Other End Arrival Time          0.550
+ Hold                          0.025
+ Phase Shift                   0.000
- CPPR Adjustment               0.000
+ Uncertainty                   0.020
= Required Time                 0.595
  Arrival Time                  0.843
  Slack Time                    0.248
     Clock Rise Edge                 0.000
     + Clock Network Latency (Prop)  0.550
     = Beginpoint Arrival Time       0.550
     +---------------------------------------------------------------------------------------+ 
     |             Instance             |     Arc     |  Cell   | Delay | Arrival | Required | 
     |                                  |             |         |       |  Time   |   Time   | 
     |----------------------------------+-------------+---------+-------+---------+----------| 
     | datapath/EXMEM_aluResult_reg[13] | CK ^        |         |       |   0.550 |    0.302 | 
     | datapath/EXMEM_aluResult_reg[13] | CK ^ -> Q v | DFFR_X1 | 0.293 |   0.843 |    0.595 | 
     | datapath/MEMWB_aluResult_reg[13] | D v         | DFFR_X1 | 0.000 |   0.843 |    0.595 | 
     +---------------------------------------------------------------------------------------+ 
Path 31: MET Hold Check with Pin datapath/EXMEM_storeData_reg[22]/CK 
Endpoint:   datapath/EXMEM_storeData_reg[22]/D (v) checked with  leading edge 
of 'clk'
Beginpoint: datapath/IDEX_readData2_reg[22]/QN (^) triggered by  leading edge 
of 'clk'
Path Groups: {reg2reg}
Analysis View: RPT_SLOW
Other End Arrival Time          0.557
+ Hold                          0.025
+ Phase Shift                   0.000
- CPPR Adjustment               0.000
+ Uncertainty                   0.020
= Required Time                 0.603
  Arrival Time                  0.850
  Slack Time                    0.248
     Clock Rise Edge                 0.000
     + Clock Network Latency (Prop)  0.557
     = Beginpoint Arrival Time       0.557
     +-----------------------------------------------------------------------------------------+ 
     |             Instance             |     Arc      |   Cell   | Delay | Arrival | Required | 
     |                                  |              |          |       |  Time   |   Time   | 
     |----------------------------------+--------------+----------+-------+---------+----------| 
     | datapath/IDEX_readData2_reg[22]  | CK ^         |          |       |   0.557 |    0.309 | 
     | datapath/IDEX_readData2_reg[22]  | CK ^ -> QN ^ | DFFR_X1  | 0.236 |   0.793 |    0.545 | 
     | datapath/g26061                  | B2 ^ -> ZN v | OAI21_X1 | 0.058 |   0.850 |    0.603 | 
     | datapath/EXMEM_storeData_reg[22] | D v          | DFFR_X1  | 0.000 |   0.850 |    0.603 | 
     +-----------------------------------------------------------------------------------------+ 
Path 32: MET Hold Check with Pin datapath/IF_pc_reg[1]/CK 
Endpoint:   datapath/IF_pc_reg[1]/SI (^) checked with  leading edge of 'clk'
Beginpoint: datapath/IF_pc_reg[1]/Q  (^) triggered by  leading edge of 'clk'
Path Groups: {reg2reg}
Analysis View: RPT_SLOW
Other End Arrival Time          0.553
+ Hold                         -0.009
+ Phase Shift                   0.000
- CPPR Adjustment               0.000
+ Uncertainty                   0.020
= Required Time                 0.564
  Arrival Time                  0.812
  Slack Time                    0.248
     Clock Rise Edge                 0.000
     + Clock Network Latency (Prop)  0.552
     = Beginpoint Arrival Time       0.552
     +-----------------------------------------------------------------------------+ 
     |       Instance        |     Arc     |   Cell   | Delay | Arrival | Required | 
     |                       |             |          |       |  Time   |   Time   | 
     |-----------------------+-------------+----------+-------+---------+----------| 
     | datapath/IF_pc_reg[1] | CK ^        |          |       |   0.552 |    0.304 | 
     | datapath/IF_pc_reg[1] | CK ^ -> Q ^ | SDFFR_X1 | 0.260 |   0.812 |    0.564 | 
     | datapath/IF_pc_reg[1] | SI ^        | SDFFR_X1 | 0.000 |   0.812 |    0.564 | 
     +-----------------------------------------------------------------------------+ 
Path 33: MET Hold Check with Pin datapath/EXMEM_storeData_reg[12]/CK 
Endpoint:   datapath/EXMEM_storeData_reg[12]/D (v) checked with  leading edge 
of 'clk'
Beginpoint: datapath/IDEX_readData2_reg[12]/QN (^) triggered by  leading edge 
of 'clk'
Path Groups: {reg2reg}
Analysis View: RPT_SLOW
Other End Arrival Time          0.574
+ Hold                          0.027
+ Phase Shift                   0.000
- CPPR Adjustment               0.000
+ Uncertainty                   0.020
= Required Time                 0.621
  Arrival Time                  0.869
  Slack Time                    0.249
     Clock Rise Edge                 0.000
     + Clock Network Latency (Prop)  0.572
     = Beginpoint Arrival Time       0.572
     +------------------------------------------------------------------------------------------+ 
     |             Instance             |     Arc      |   Cell    | Delay | Arrival | Required | 
     |                                  |              |           |       |  Time   |   Time   | 
     |----------------------------------+--------------+-----------+-------+---------+----------| 
     | datapath/IDEX_readData2_reg[12]  | CK ^         |           |       |   0.572 |    0.324 | 
     | datapath/IDEX_readData2_reg[12]  | CK ^ -> QN ^ | DFFR_X1   | 0.234 |   0.806 |    0.557 | 
     | datapath/g26015                  | A2 ^ -> ZN v | OAI222_X1 | 0.064 |   0.869 |    0.621 | 
     | datapath/EXMEM_storeData_reg[12] | D v          | DFFR_X1   | 0.000 |   0.869 |    0.621 | 
     +------------------------------------------------------------------------------------------+ 
Path 34: MET Hold Check with Pin datapath/EXMEM_storeData_reg[24]/CK 
Endpoint:   datapath/EXMEM_storeData_reg[24]/D (v) checked with  leading edge 
of 'clk'
Beginpoint: datapath/IDEX_readData2_reg[24]/QN (^) triggered by  leading edge 
of 'clk'
Path Groups: {reg2reg}
Analysis View: RPT_SLOW
Other End Arrival Time          0.574
+ Hold                          0.025
+ Phase Shift                   0.000
- CPPR Adjustment               0.000
+ Uncertainty                   0.020
= Required Time                 0.620
  Arrival Time                  0.868
  Slack Time                    0.249
     Clock Rise Edge                 0.000
     + Clock Network Latency (Prop)  0.576
     = Beginpoint Arrival Time       0.576
     +-----------------------------------------------------------------------------------------+ 
     |             Instance             |     Arc      |   Cell   | Delay | Arrival | Required | 
     |                                  |              |          |       |  Time   |   Time   | 
     |----------------------------------+--------------+----------+-------+---------+----------| 
     | datapath/IDEX_readData2_reg[24]  | CK ^         |          |       |   0.576 |    0.327 | 
     | datapath/IDEX_readData2_reg[24]  | CK ^ -> QN ^ | DFFR_X1  | 0.233 |   0.808 |    0.559 | 
     | datapath/g26060                  | B2 ^ -> ZN v | OAI21_X1 | 0.060 |   0.868 |    0.620 | 
     | datapath/EXMEM_storeData_reg[24] | D v          | DFFR_X1  | 0.000 |   0.868 |    0.620 | 
     +-----------------------------------------------------------------------------------------+ 
Path 35: MET Hold Check with Pin datapath/MEMWB_aluResult_reg[5]/CK 
Endpoint:   datapath/MEMWB_aluResult_reg[5]/D (v) checked with  leading edge of 
'clk'
Beginpoint: datapath/EXMEM_aluResult_reg[5]/Q (v) triggered by  leading edge of 
'clk'
Path Groups: {reg2reg}
Analysis View: RPT_SLOW
Other End Arrival Time          0.566
+ Hold                          0.023
+ Phase Shift                   0.000
- CPPR Adjustment               0.000
+ Uncertainty                   0.020
= Required Time                 0.608
  Arrival Time                  0.861
  Slack Time                    0.252
     Clock Rise Edge                 0.000
     + Clock Network Latency (Prop)  0.566
     = Beginpoint Arrival Time       0.566
     +--------------------------------------------------------------------------------------+ 
     |            Instance             |     Arc     |  Cell   | Delay | Arrival | Required | 
     |                                 |             |         |       |  Time   |   Time   | 
     |---------------------------------+-------------+---------+-------+---------+----------| 
     | datapath/EXMEM_aluResult_reg[5] | CK ^        |         |       |   0.566 |    0.313 | 
     | datapath/EXMEM_aluResult_reg[5] | CK ^ -> Q v | DFFR_X1 | 0.295 |   0.861 |    0.608 | 
     | datapath/MEMWB_aluResult_reg[5] | D v         | DFFR_X1 | 0.000 |   0.861 |    0.608 | 
     +--------------------------------------------------------------------------------------+ 
Path 36: MET Hold Check with Pin datapath/MEMWB_aluResult_reg[25]/CK 
Endpoint:   datapath/MEMWB_aluResult_reg[25]/D (v) checked with  leading edge 
of 'clk'
Beginpoint: datapath/EXMEM_aluResult_reg[25]/Q (v) triggered by  leading edge 
of 'clk'
Path Groups: {reg2reg}
Analysis View: RPT_SLOW
Other End Arrival Time          0.575
+ Hold                          0.025
+ Phase Shift                   0.000
- CPPR Adjustment               0.000
+ Uncertainty                   0.020
= Required Time                 0.620
  Arrival Time                  0.872
  Slack Time                    0.252
     Clock Rise Edge                 0.000
     + Clock Network Latency (Prop)  0.574
     = Beginpoint Arrival Time       0.574
     +---------------------------------------------------------------------------------------+ 
     |             Instance             |     Arc     |  Cell   | Delay | Arrival | Required | 
     |                                  |             |         |       |  Time   |   Time   | 
     |----------------------------------+-------------+---------+-------+---------+----------| 
     | datapath/EXMEM_aluResult_reg[25] | CK ^        |         |       |   0.574 |    0.322 | 
     | datapath/EXMEM_aluResult_reg[25] | CK ^ -> Q v | DFFR_X1 | 0.298 |   0.872 |    0.620 | 
     | datapath/MEMWB_aluResult_reg[25] | D v         | DFFR_X1 | 0.000 |   0.872 |    0.620 | 
     +---------------------------------------------------------------------------------------+ 
Path 37: MET Hold Check with Pin datapath/EXMEM_memRead_reg/CK 
Endpoint:   datapath/EXMEM_memRead_reg/D (v) checked with  leading edge of 'clk'
Beginpoint: datapath/IDEX_memRead_reg/Q  (v) triggered by  leading edge of 'clk'
Path Groups: {reg2reg}
Analysis View: RPT_SLOW
Other End Arrival Time          0.534
+ Hold                          0.024
+ Phase Shift                   0.000
- CPPR Adjustment               0.000
+ Uncertainty                   0.020
= Required Time                 0.578
  Arrival Time                  0.830
  Slack Time                    0.253
     Clock Rise Edge                 0.000
     + Clock Network Latency (Prop)  0.534
     = Beginpoint Arrival Time       0.534
     +---------------------------------------------------------------------------------+ 
     |          Instance          |     Arc     |  Cell   | Delay | Arrival | Required | 
     |                            |             |         |       |  Time   |   Time   | 
     |----------------------------+-------------+---------+-------+---------+----------| 
     | datapath/IDEX_memRead_reg  | CK ^        |         |       |   0.534 |    0.281 | 
     | datapath/IDEX_memRead_reg  | CK ^ -> Q v | DFFR_X1 | 0.297 |   0.830 |    0.578 | 
     | datapath/EXMEM_memRead_reg | D v         | DFFR_X1 | 0.000 |   0.830 |    0.578 | 
     +---------------------------------------------------------------------------------+ 
Path 38: MET Hold Check with Pin datapath/EXMEM_storeData_reg[14]/CK 
Endpoint:   datapath/EXMEM_storeData_reg[14]/D (v) checked with  leading edge 
of 'clk'
Beginpoint: datapath/IDEX_readData2_reg[14]/QN (^) triggered by  leading edge 
of 'clk'
Path Groups: {reg2reg}
Analysis View: RPT_SLOW
Other End Arrival Time          0.558
+ Hold                          0.026
+ Phase Shift                   0.000
- CPPR Adjustment               0.000
+ Uncertainty                   0.020
= Required Time                 0.603
  Arrival Time                  0.856
  Slack Time                    0.253
     Clock Rise Edge                 0.000
     + Clock Network Latency (Prop)  0.557
     = Beginpoint Arrival Time       0.557
     +------------------------------------------------------------------------------------------+ 
     |             Instance             |     Arc      |   Cell    | Delay | Arrival | Required | 
     |                                  |              |           |       |  Time   |   Time   | 
     |----------------------------------+--------------+-----------+-------+---------+----------| 
     | datapath/IDEX_readData2_reg[14]  | CK ^         |           |       |   0.557 |    0.304 | 
     | datapath/IDEX_readData2_reg[14]  | CK ^ -> QN ^ | DFFR_X1   | 0.237 |   0.794 |    0.542 | 
     | datapath/g26017                  | A2 ^ -> ZN v | OAI222_X1 | 0.062 |   0.856 |    0.603 | 
     | datapath/EXMEM_storeData_reg[14] | D v          | DFFR_X1   | 0.000 |   0.856 |    0.603 | 
     +------------------------------------------------------------------------------------------+ 
Path 39: MET Hold Check with Pin datapath/MEMWB_aluResult_reg[7]/CK 
Endpoint:   datapath/MEMWB_aluResult_reg[7]/D (v) checked with  leading edge of 
'clk'
Beginpoint: datapath/EXMEM_aluResult_reg[7]/Q (v) triggered by  leading edge of 
'clk'
Path Groups: {reg2reg}
Analysis View: RPT_SLOW
Other End Arrival Time          0.597
+ Hold                          0.021
+ Phase Shift                   0.000
- CPPR Adjustment               0.000
+ Uncertainty                   0.020
= Required Time                 0.638
  Arrival Time                  0.891
  Slack Time                    0.253
     Clock Rise Edge                 0.000
     + Clock Network Latency (Prop)  0.596
     = Beginpoint Arrival Time       0.596
     +--------------------------------------------------------------------------------------+ 
     |            Instance             |     Arc     |  Cell   | Delay | Arrival | Required | 
     |                                 |             |         |       |  Time   |   Time   | 
     |---------------------------------+-------------+---------+-------+---------+----------| 
     | datapath/EXMEM_aluResult_reg[7] | CK ^        |         |       |   0.596 |    0.343 | 
     | datapath/EXMEM_aluResult_reg[7] | CK ^ -> Q v | DFFR_X1 | 0.295 |   0.891 |    0.638 | 
     | datapath/MEMWB_aluResult_reg[7] | D v         | DFFR_X1 | 0.000 |   0.891 |    0.638 | 
     +--------------------------------------------------------------------------------------+ 
Path 40: MET Hold Check with Pin datapath/registers_RF_reg[1][27]/CK 
Endpoint:   datapath/registers_RF_reg[1][27]/SI (^) checked with  leading edge 
of 'clk'
Beginpoint: datapath/registers_RF_reg[1][27]/Q  (^) triggered by  leading edge 
of 'clk'
Path Groups: {reg2reg}
Analysis View: RPT_SLOW
Other End Arrival Time          0.589
+ Hold                         -0.005
+ Phase Shift                   0.000
- CPPR Adjustment               0.000
+ Uncertainty                   0.020
= Required Time                 0.603
  Arrival Time                  0.857
  Slack Time                    0.253
     Clock Rise Edge                 0.000
     + Clock Network Latency (Prop)  0.589
     = Beginpoint Arrival Time       0.589
     +----------------------------------------------------------------------------------------+ 
     |             Instance             |     Arc     |   Cell   | Delay | Arrival | Required | 
     |                                  |             |          |       |  Time   |   Time   | 
     |----------------------------------+-------------+----------+-------+---------+----------| 
     | datapath/registers_RF_reg[1][27] | CK ^        |          |       |   0.589 |    0.336 | 
     | datapath/registers_RF_reg[1][27] | CK ^ -> Q ^ | SDFFR_X1 | 0.268 |   0.857 |    0.603 | 
     | datapath/registers_RF_reg[1][27] | SI ^        | SDFFR_X1 | 0.000 |   0.857 |    0.603 | 
     +----------------------------------------------------------------------------------------+ 
Path 41: MET Hold Check with Pin datapath/registers_RF_reg[14][29]/CK 
Endpoint:   datapath/registers_RF_reg[14][29]/SI (^) checked with  leading edge 
of 'clk'
Beginpoint: datapath/registers_RF_reg[14][29]/Q  (^) triggered by  leading edge 
of 'clk'
Path Groups: {reg2reg}
Analysis View: RPT_SLOW
Other End Arrival Time          0.587
+ Hold                         -0.006
+ Phase Shift                   0.000
- CPPR Adjustment               0.000
+ Uncertainty                   0.020
= Required Time                 0.601
  Arrival Time                  0.854
  Slack Time                    0.253
     Clock Rise Edge                 0.000
     + Clock Network Latency (Prop)  0.587
     = Beginpoint Arrival Time       0.587
     +-----------------------------------------------------------------------------------------+ 
     |             Instance              |     Arc     |   Cell   | Delay | Arrival | Required | 
     |                                   |             |          |       |  Time   |   Time   | 
     |-----------------------------------+-------------+----------+-------+---------+----------| 
     | datapath/registers_RF_reg[14][29] | CK ^        |          |       |   0.587 |    0.333 | 
     | datapath/registers_RF_reg[14][29] | CK ^ -> Q ^ | SDFFR_X1 | 0.267 |   0.854 |    0.601 | 
     | datapath/registers_RF_reg[14][29] | SI ^        | SDFFR_X1 | 0.000 |   0.854 |    0.601 | 
     +-----------------------------------------------------------------------------------------+ 
Path 42: MET Hold Check with Pin datapath/registers_RF_reg[4][18]/CK 
Endpoint:   datapath/registers_RF_reg[4][18]/SI (^) checked with  leading edge 
of 'clk'
Beginpoint: datapath/registers_RF_reg[4][18]/Q  (^) triggered by  leading edge 
of 'clk'
Path Groups: {reg2reg}
Analysis View: RPT_SLOW
Other End Arrival Time          0.574
+ Hold                         -0.008
+ Phase Shift                   0.000
- CPPR Adjustment               0.000
+ Uncertainty                   0.020
= Required Time                 0.587
  Arrival Time                  0.840
  Slack Time                    0.254
     Clock Rise Edge                 0.000
     + Clock Network Latency (Prop)  0.574
     = Beginpoint Arrival Time       0.574
     +----------------------------------------------------------------------------------------+ 
     |             Instance             |     Arc     |   Cell   | Delay | Arrival | Required | 
     |                                  |             |          |       |  Time   |   Time   | 
     |----------------------------------+-------------+----------+-------+---------+----------| 
     | datapath/registers_RF_reg[4][18] | CK ^        |          |       |   0.574 |    0.321 | 
     | datapath/registers_RF_reg[4][18] | CK ^ -> Q ^ | SDFFR_X1 | 0.266 |   0.840 |    0.587 | 
     | datapath/registers_RF_reg[4][18] | SI ^        | SDFFR_X1 | 0.000 |   0.840 |    0.587 | 
     +----------------------------------------------------------------------------------------+ 
Path 43: MET Hold Check with Pin datapath/registers_RF_reg[6][12]/CK 
Endpoint:   datapath/registers_RF_reg[6][12]/SI (^) checked with  leading edge 
of 'clk'
Beginpoint: datapath/registers_RF_reg[6][12]/Q  (^) triggered by  leading edge 
of 'clk'
Path Groups: {reg2reg}
Analysis View: RPT_SLOW
Other End Arrival Time          0.576
+ Hold                         -0.007
+ Phase Shift                   0.000
- CPPR Adjustment               0.000
+ Uncertainty                   0.020
= Required Time                 0.589
  Arrival Time                  0.842
  Slack Time                    0.254
     Clock Rise Edge                 0.000
     + Clock Network Latency (Prop)  0.576
     = Beginpoint Arrival Time       0.576
     +----------------------------------------------------------------------------------------+ 
     |             Instance             |     Arc     |   Cell   | Delay | Arrival | Required | 
     |                                  |             |          |       |  Time   |   Time   | 
     |----------------------------------+-------------+----------+-------+---------+----------| 
     | datapath/registers_RF_reg[6][12] | CK ^        |          |       |   0.576 |    0.322 | 
     | datapath/registers_RF_reg[6][12] | CK ^ -> Q ^ | SDFFR_X1 | 0.267 |   0.842 |    0.589 | 
     | datapath/registers_RF_reg[6][12] | SI ^        | SDFFR_X1 | 0.000 |   0.842 |    0.589 | 
     +----------------------------------------------------------------------------------------+ 
Path 44: MET Hold Check with Pin datapath/registers_RF_reg[1][14]/CK 
Endpoint:   datapath/registers_RF_reg[1][14]/SI (^) checked with  leading edge 
of 'clk'
Beginpoint: datapath/registers_RF_reg[1][14]/Q  (^) triggered by  leading edge 
of 'clk'
Path Groups: {reg2reg}
Analysis View: RPT_SLOW
Other End Arrival Time          0.579
+ Hold                         -0.006
+ Phase Shift                   0.000
- CPPR Adjustment               0.000
+ Uncertainty                   0.020
= Required Time                 0.593
  Arrival Time                  0.847
  Slack Time                    0.254
     Clock Rise Edge                 0.000
     + Clock Network Latency (Prop)  0.579
     = Beginpoint Arrival Time       0.579
     +----------------------------------------------------------------------------------------+ 
     |             Instance             |     Arc     |   Cell   | Delay | Arrival | Required | 
     |                                  |             |          |       |  Time   |   Time   | 
     |----------------------------------+-------------+----------+-------+---------+----------| 
     | datapath/registers_RF_reg[1][14] | CK ^        |          |       |   0.579 |    0.325 | 
     | datapath/registers_RF_reg[1][14] | CK ^ -> Q ^ | SDFFR_X1 | 0.268 |   0.847 |    0.593 | 
     | datapath/registers_RF_reg[1][14] | SI ^        | SDFFR_X1 | 0.000 |   0.847 |    0.593 | 
     +----------------------------------------------------------------------------------------+ 
Path 45: MET Hold Check with Pin datapath/registers_RF_reg[8][13]/CK 
Endpoint:   datapath/registers_RF_reg[8][13]/SI (^) checked with  leading edge 
of 'clk'
Beginpoint: datapath/registers_RF_reg[8][13]/Q  (^) triggered by  leading edge 
of 'clk'
Path Groups: {reg2reg}
Analysis View: RPT_SLOW
Other End Arrival Time          0.581
+ Hold                         -0.008
+ Phase Shift                   0.000
- CPPR Adjustment               0.000
+ Uncertainty                   0.020
= Required Time                 0.594
  Arrival Time                  0.848
  Slack Time                    0.254
     Clock Rise Edge                 0.000
     + Clock Network Latency (Prop)  0.581
     = Beginpoint Arrival Time       0.581
     +----------------------------------------------------------------------------------------+ 
     |             Instance             |     Arc     |   Cell   | Delay | Arrival | Required | 
     |                                  |             |          |       |  Time   |   Time   | 
     |----------------------------------+-------------+----------+-------+---------+----------| 
     | datapath/registers_RF_reg[8][13] | CK ^        |          |       |   0.581 |    0.327 | 
     | datapath/registers_RF_reg[8][13] | CK ^ -> Q ^ | SDFFR_X1 | 0.266 |   0.848 |    0.594 | 
     | datapath/registers_RF_reg[8][13] | SI ^        | SDFFR_X1 | 0.000 |   0.848 |    0.594 | 
     +----------------------------------------------------------------------------------------+ 
Path 46: MET Hold Check with Pin datapath/registers_RF_reg[10][17]/CK 
Endpoint:   datapath/registers_RF_reg[10][17]/SI (^) checked with  leading edge 
of 'clk'
Beginpoint: datapath/registers_RF_reg[10][17]/Q  (^) triggered by  leading edge 
of 'clk'
Path Groups: {reg2reg}
Analysis View: RPT_SLOW
Other End Arrival Time          0.497
+ Hold                         -0.008
+ Phase Shift                   0.000
- CPPR Adjustment               0.000
+ Uncertainty                   0.020
= Required Time                 0.509
  Arrival Time                  0.763
  Slack Time                    0.254
     Clock Rise Edge                 0.000
     + Clock Network Latency (Prop)  0.497
     = Beginpoint Arrival Time       0.497
     +-----------------------------------------------------------------------------------------+ 
     |             Instance              |     Arc     |   Cell   | Delay | Arrival | Required | 
     |                                   |             |          |       |  Time   |   Time   | 
     |-----------------------------------+-------------+----------+-------+---------+----------| 
     | datapath/registers_RF_reg[10][17] | CK ^        |          |       |   0.497 |    0.243 | 
     | datapath/registers_RF_reg[10][17] | CK ^ -> Q ^ | SDFFR_X1 | 0.266 |   0.763 |    0.509 | 
     | datapath/registers_RF_reg[10][17] | SI ^        | SDFFR_X1 | 0.000 |   0.763 |    0.509 | 
     +-----------------------------------------------------------------------------------------+ 
Path 47: MET Hold Check with Pin datapath/registers_RF_reg[10][5]/CK 
Endpoint:   datapath/registers_RF_reg[10][5]/SI (^) checked with  leading edge 
of 'clk'
Beginpoint: datapath/registers_RF_reg[10][5]/Q  (^) triggered by  leading edge 
of 'clk'
Path Groups: {reg2reg}
Analysis View: RPT_SLOW
Other End Arrival Time          0.584
+ Hold                         -0.007
+ Phase Shift                   0.000
- CPPR Adjustment               0.000
+ Uncertainty                   0.020
= Required Time                 0.597
  Arrival Time                  0.851
  Slack Time                    0.254
     Clock Rise Edge                 0.000
     + Clock Network Latency (Prop)  0.584
     = Beginpoint Arrival Time       0.584
     +----------------------------------------------------------------------------------------+ 
     |             Instance             |     Arc     |   Cell   | Delay | Arrival | Required | 
     |                                  |             |          |       |  Time   |   Time   | 
     |----------------------------------+-------------+----------+-------+---------+----------| 
     | datapath/registers_RF_reg[10][5] | CK ^        |          |       |   0.584 |    0.330 | 
     | datapath/registers_RF_reg[10][5] | CK ^ -> Q ^ | SDFFR_X1 | 0.267 |   0.851 |    0.597 | 
     | datapath/registers_RF_reg[10][5] | SI ^        | SDFFR_X1 | 0.000 |   0.851 |    0.597 | 
     +----------------------------------------------------------------------------------------+ 
Path 48: MET Hold Check with Pin datapath/registers_RF_reg[14][19]/CK 
Endpoint:   datapath/registers_RF_reg[14][19]/SI (^) checked with  leading edge 
of 'clk'
Beginpoint: datapath/registers_RF_reg[14][19]/Q  (^) triggered by  leading edge 
of 'clk'
Path Groups: {reg2reg}
Analysis View: RPT_SLOW
Other End Arrival Time          0.584
+ Hold                         -0.007
+ Phase Shift                   0.000
- CPPR Adjustment               0.000
+ Uncertainty                   0.020
= Required Time                 0.597
  Arrival Time                  0.851
  Slack Time                    0.254
     Clock Rise Edge                 0.000
     + Clock Network Latency (Prop)  0.584
     = Beginpoint Arrival Time       0.584
     +-----------------------------------------------------------------------------------------+ 
     |             Instance              |     Arc     |   Cell   | Delay | Arrival | Required | 
     |                                   |             |          |       |  Time   |   Time   | 
     |-----------------------------------+-------------+----------+-------+---------+----------| 
     | datapath/registers_RF_reg[14][19] | CK ^        |          |       |   0.584 |    0.330 | 
     | datapath/registers_RF_reg[14][19] | CK ^ -> Q ^ | SDFFR_X1 | 0.267 |   0.851 |    0.597 | 
     | datapath/registers_RF_reg[14][19] | SI ^        | SDFFR_X1 | 0.000 |   0.851 |    0.597 | 
     +-----------------------------------------------------------------------------------------+ 
Path 49: MET Hold Check with Pin datapath/registers_RF_reg[6][16]/CK 
Endpoint:   datapath/registers_RF_reg[6][16]/SI (^) checked with  leading edge 
of 'clk'
Beginpoint: datapath/registers_RF_reg[6][16]/Q  (^) triggered by  leading edge 
of 'clk'
Path Groups: {reg2reg}
Analysis View: RPT_SLOW
Other End Arrival Time          0.581
+ Hold                         -0.006
+ Phase Shift                   0.000
- CPPR Adjustment               0.000
+ Uncertainty                   0.020
= Required Time                 0.595
  Arrival Time                  0.849
  Slack Time                    0.254
     Clock Rise Edge                 0.000
     + Clock Network Latency (Prop)  0.580
     = Beginpoint Arrival Time       0.580
     +----------------------------------------------------------------------------------------+ 
     |             Instance             |     Arc     |   Cell   | Delay | Arrival | Required | 
     |                                  |             |          |       |  Time   |   Time   | 
     |----------------------------------+-------------+----------+-------+---------+----------| 
     | datapath/registers_RF_reg[6][16] | CK ^        |          |       |   0.580 |    0.326 | 
     | datapath/registers_RF_reg[6][16] | CK ^ -> Q ^ | SDFFR_X1 | 0.269 |   0.849 |    0.595 | 
     | datapath/registers_RF_reg[6][16] | SI ^        | SDFFR_X1 | 0.000 |   0.849 |    0.595 | 
     +----------------------------------------------------------------------------------------+ 
Path 50: MET Hold Check with Pin datapath/registers_RF_reg[6][18]/CK 
Endpoint:   datapath/registers_RF_reg[6][18]/SI (^) checked with  leading edge 
of 'clk'
Beginpoint: datapath/registers_RF_reg[6][18]/Q  (^) triggered by  leading edge 
of 'clk'
Path Groups: {reg2reg}
Analysis View: RPT_SLOW
Other End Arrival Time          0.499
+ Hold                         -0.007
+ Phase Shift                   0.000
- CPPR Adjustment               0.000
+ Uncertainty                   0.020
= Required Time                 0.512
  Arrival Time                  0.766
  Slack Time                    0.254
     Clock Rise Edge                 0.000
     + Clock Network Latency (Prop)  0.499
     = Beginpoint Arrival Time       0.499
     +----------------------------------------------------------------------------------------+ 
     |             Instance             |     Arc     |   Cell   | Delay | Arrival | Required | 
     |                                  |             |          |       |  Time   |   Time   | 
     |----------------------------------+-------------+----------+-------+---------+----------| 
     | datapath/registers_RF_reg[6][18] | CK ^        |          |       |   0.499 |    0.245 | 
     | datapath/registers_RF_reg[6][18] | CK ^ -> Q ^ | SDFFR_X1 | 0.267 |   0.766 |    0.512 | 
     | datapath/registers_RF_reg[6][18] | SI ^        | SDFFR_X1 | 0.000 |   0.766 |    0.512 | 
     +----------------------------------------------------------------------------------------+ 

