###############################################################
#  Generated by:      Cadence Innovus 23.12-s091_1
#  OS:                Linux x86_64(Host ID nanohub-2908156-5)
#  Generated on:      Wed Aug 12 19:13:06 2026
#  Design:            pipelined_cpu_core
#  Command:           check_timing -verbose > reports/47_check_timing.rpt
###############################################################
     +-----------------------------------------------------------------------------+ 
     |                            TIMING CHECK SUMMARY                             | 
     |-----------------------------------------------------------------------------| 
     |     Warning     |              Warning Description               |  Number  | 
     |                 |                                                |    of    | 
     |                 |                                                | Warnings | 
     |-----------------+------------------------------------------------+----------| 
     | no_input_delay  | No input delay assertion with respect to clock |        3 | 
     | uncons_endpoint | Unconstrained signal arriving at end point     |        9 | 
     +-----------------------------------------------------------------------------+ 
     +------------------------------------------------------------------------------------------+ 
     |                                   TIMING CHECK DETAIL                                    | 
     |------------------------------------------------------------------------------------------| 
     |             Pin              |                    Warning                     |   View   | 
     |------------------------------+------------------------------------------------+----------| 
     |            reset             | No input delay assertion with respect to clock | RPT_SLOW | 
     |            reset             | No input delay assertion with respect to clock |  RPT_TYP | 
     |            reset             | No input delay assertion with respect to clock | RPT_FAST | 
     | u_reset_sync/stage3_n_reg/SN | Unconstrained signal arriving at end point     | RPT_SLOW | 
     |  u_reset_sync/stage2_reg/SN  | Unconstrained signal arriving at end point     | RPT_SLOW | 
     |  u_reset_sync/stage1_reg/SN  | Unconstrained signal arriving at end point     | RPT_SLOW | 
     | u_reset_sync/stage3_n_reg/SN | Unconstrained signal arriving at end point     |  RPT_TYP | 
     |  u_reset_sync/stage2_reg/SN  | Unconstrained signal arriving at end point     |  RPT_TYP | 
     |  u_reset_sync/stage1_reg/SN  | Unconstrained signal arriving at end point     |  RPT_TYP | 
     | u_reset_sync/stage3_n_reg/SN | Unconstrained signal arriving at end point     | RPT_FAST | 
     |  u_reset_sync/stage2_reg/SN  | Unconstrained signal arriving at end point     | RPT_FAST | 
     |  u_reset_sync/stage1_reg/SN  | Unconstrained signal arriving at end point     | RPT_FAST | 
     +------------------------------------------------------------------------------------------+ 
