Per-corner reporting status
views requested: RPT_SLOW RPT_TYP RPT_FAST
slow_libset OK
slow_corner OK
slow_view OK
typ_libset OK
typ_corner OK
typ_view OK
fast_libset OK
fast_corner OK
fast_view OK
activate OK
si_mode OK
extract OK
report_slow OK
report_typ OK
report_fast OK
coverage_check_timing OK
analysis_coverage OK
analysis_coverage_hold1 FAILED msg='(empty)' detail='Innovus wrote the reason to the log, not to Tcl. Grep the newest innovus.log* for ERROR near this command.'
analysis_coverage_hold2 FAILED msg='(empty)' detail='Innovus wrote the reason to the log, not to Tcl. Grep the newest innovus.log* for ERROR near this command.'
analysis_coverage_hold NOT RUN: no option accepted, 48 is LATE MODE ONLY
census_setup OK
census_hold OK
census wrote 2 file(s): cornerReports/pipelined_cpu_core_postRoute.summary.gz cornerReports/pipelined_cpu_core_postRoute_hold.summary.gz
