###############################################################
#  Generated by:      Cadence Innovus 23.12-s091_1
#  OS:                Linux x86_64(Host ID nanohub-2907946-1)
#  Generated on:      Tue Aug 11 14:53:30 2026
#  Design:            pipelined_cpu_core
#  Command:           report_timing -late  > reports/20_cts_setup.rpt
###############################################################
Path 1: MET Setup Check with Pin datapath_EXMEM_aluResult_reg[28]/CK 
Endpoint:   datapath_EXMEM_aluResult_reg[28]/D (^) checked with  leading edge 
of 'clk'
Beginpoint: datapath_EXMEM_rd_reg[0]/QN        (^) triggered by  leading edge 
of 'clk'
Path Groups: {clk}
Analysis View: WC_VIEW
Other End Arrival Time         -0.003
- Setup                         0.121
+ Phase Shift                   4.100
+ CPPR Adjustment               0.000
- Uncertainty                   0.100
= Required Time                 3.875
- Arrival Time                  3.864
= Slack Time                    0.011
     Clock Rise Edge                 0.000
     + Clock Network Latency (Prop)  0.003
     = Beginpoint Arrival Time       0.003
     +------------------------------------------------------------------------------------------+ 
     |             Instance             |     Arc      |   Cell    | Delay | Arrival | Required | 
     |                                  |              |           |       |  Time   |   Time   | 
     |----------------------------------+--------------+-----------+-------+---------+----------| 
     | datapath_EXMEM_rd_reg[0]         | CK ^         |           |       |   0.003 |    0.014 | 
     | datapath_EXMEM_rd_reg[0]         | CK ^ -> QN ^ | DFFR_X1   | 0.326 |   0.329 |    0.340 | 
     | g34387                           | B ^ -> ZN ^  | XNOR2_X1  | 0.156 |   0.485 |    0.496 | 
     | g34318                           | A1 ^ -> ZN ^ | AND2_X2   | 0.113 |   0.598 |    0.609 | 
     | g34314                           | A2 ^ -> ZN ^ | AND4_X2   | 0.177 |   0.775 |    0.786 | 
     | FE_OFC210_n_1943                 | A ^ -> ZN v  | INV_X2    | 0.042 |   0.816 |    0.827 | 
     | FE_OFC339_n_1442                 | A v -> ZN ^  | INV_X4    | 0.162 |   0.979 |    0.990 | 
     | g2                               | A2 ^ -> ZN ^ | OR2_X4    | 0.237 |   1.216 |    1.227 | 
     | g34220                           | B1 ^ -> ZN v | OAI21_X1  | 0.103 |   1.319 |    1.330 | 
     | g61618                           | C1 v -> ZN ^ | OAI211_X1 | 0.158 |   1.477 |    1.488 | 
     | g61582                           | A ^ -> ZN v  | INV_X1    | 0.037 |   1.514 |    1.525 | 
     | g60433                           | A1 v -> ZN ^ | NAND2_X1  | 0.076 |   1.590 |    1.601 | 
     | g60101                           | A2 ^ -> ZN v | NAND2_X1  | 0.049 |   1.639 |    1.650 | 
     | g60090                           | A1 v -> ZN v | AND2_X2   | 0.094 |   1.733 |    1.744 | 
     | FE_RC_2_0                        | B1 v -> ZN ^ | OAI21_X2  | 0.121 |   1.854 |    1.865 | 
     | FE_RC_3_0                        | B1 ^ -> ZN v | AOI21_X2  | 0.071 |   1.925 |    1.936 | 
     | g60016                           | B1 v -> ZN ^ | OAI21_X2  | 0.116 |   2.041 |    2.052 | 
     | g59995                           | B1 ^ -> ZN v | AOI21_X1  | 0.071 |   2.112 |    2.123 | 
     | g59976                           | B1 v -> ZN ^ | OAI21_X1  | 0.185 |   2.297 |    2.308 | 
     | FE_RC_4_0                        | B1 ^ -> ZN v | AOI21_X2  | 0.082 |   2.379 |    2.390 | 
     | g59939                           | B1 v -> ZN ^ | OAI21_X1  | 0.178 |   2.558 |    2.569 | 
     | g59932                           | A1 ^ -> ZN v | NAND2_X1  | 0.054 |   2.612 |    2.623 | 
     | g59923                           | A1 v -> ZN v | AND2_X1   | 0.113 |   2.725 |    2.736 | 
     | g59920                           | A1 v -> ZN ^ | NOR2_X1   | 0.208 |   2.933 |    2.944 | 
     | g59898                           | B1 ^ -> ZN v | AOI21_X1  | 0.100 |   3.033 |    3.044 | 
     | g59889                           | A1 v -> ZN v | AND2_X2   | 0.119 |   3.153 |    3.164 | 
     | g59877                           | A1 v -> ZN v | OR2_X2    | 0.160 |   3.313 |    3.324 | 
     | g59862                           | A1 v -> ZN v | AND2_X2   | 0.099 |   3.411 |    3.422 | 
     | g62767                           | S v -> Z v   | MUX2_X1   | 0.181 |   3.592 |    3.603 | 
     | g62766                           | A v -> ZN v  | XNOR2_X1  | 0.126 |   3.719 |    3.730 | 
     | g59797                           | A1 v -> ZN ^ | OAI222_X1 | 0.145 |   3.864 |    3.875 | 
     | datapath_EXMEM_aluResult_reg[28] | D ^          | DFFR_X1   | 0.000 |   3.864 |    3.875 | 
     +------------------------------------------------------------------------------------------+ 

