###############################################################
#  Generated by:      Cadence Innovus 23.12-s091_1
#  OS:                Linux x86_64(Host ID nanohub-2907946-1)
#  Generated on:      Tue Aug 11 14:58:27 2026
#  Design:            pipelined_cpu_core
#  Command:           report_timing -late  -view RPT_FAST -max_paths 50 -nworst 1 > reports/40_setup_fast.rpt
###############################################################
Path 1: MET Late External Delay Assertion 
Endpoint:   dbg_wb_data[31]                (v) checked with  leading edge of 
'clk'
Beginpoint: datapath_MEMWB_memToReg_reg/QN (v) triggered by  leading edge of 
'clk'
Path Groups: {clk}
Analysis View: RPT_FAST
Other End Arrival Time          0.000
- External Delay                1.230
+ Phase Shift                   4.100
+ CPPR Adjustment               0.000
- Uncertainty                   0.100
= Required Time                 2.770
- Arrival Time                  0.391
= Slack Time                    2.379
     Clock Rise Edge                 0.000
     + Clock Network Latency (Prop)  0.146
     = Beginpoint Arrival Time       0.146
     +------------------------------------------------------------------------------------------------+ 
     |             Instance              |        Arc        |   Cell    | Delay | Arrival | Required | 
     |                                   |                   |           |       |  Time   |   Time   | 
     |-----------------------------------+-------------------+-----------+-------+---------+----------| 
     | datapath_MEMWB_memToReg_reg       | CK ^              |           |       |   0.146 |    2.525 | 
     | datapath_MEMWB_memToReg_reg       | CK ^ -> QN v      | DFFR_X2   | 0.069 |   0.215 |    2.594 | 
     | FE_OFC243_datapath_MEMWB_memToReg | A v -> Z v        | CLKBUF_X3 | 0.067 |   0.282 |    2.661 | 
     | FE_OFC347_datapath_MEMWB_memToReg | A v -> ZN ^       | INV_X1    | 0.039 |   0.321 |    2.700 | 
     | g34972                            | S ^ -> Z v        | MUX2_X2   | 0.070 |   0.391 |    2.770 | 
     |                                   | dbg_wb_data[31] v |           | 0.000 |   0.391 |    2.770 | 
     +------------------------------------------------------------------------------------------------+ 
Path 2: MET Late External Delay Assertion 
Endpoint:   dbg_wb_data[29]                (v) checked with  leading edge of 
'clk'
Beginpoint: datapath_MEMWB_memToReg_reg/QN (v) triggered by  leading edge of 
'clk'
Path Groups: {clk}
Analysis View: RPT_FAST
Other End Arrival Time          0.000
- External Delay                1.230
+ Phase Shift                   4.100
+ CPPR Adjustment               0.000
- Uncertainty                   0.100
= Required Time                 2.770
- Arrival Time                  0.389
= Slack Time                    2.381
     Clock Rise Edge                 0.000
     + Clock Network Latency (Prop)  0.146
     = Beginpoint Arrival Time       0.146
     +------------------------------------------------------------------------------------------------+ 
     |             Instance              |        Arc        |   Cell    | Delay | Arrival | Required | 
     |                                   |                   |           |       |  Time   |   Time   | 
     |-----------------------------------+-------------------+-----------+-------+---------+----------| 
     | datapath_MEMWB_memToReg_reg       | CK ^              |           |       |   0.146 |    2.527 | 
     | datapath_MEMWB_memToReg_reg       | CK ^ -> QN v      | DFFR_X2   | 0.069 |   0.215 |    2.596 | 
     | FE_OFC243_datapath_MEMWB_memToReg | A v -> Z v        | CLKBUF_X3 | 0.067 |   0.282 |    2.663 | 
     | FE_OFC347_datapath_MEMWB_memToReg | A v -> ZN ^       | INV_X1    | 0.039 |   0.321 |    2.702 | 
     | g34973                            | S ^ -> Z v        | MUX2_X2   | 0.068 |   0.389 |    2.770 | 
     |                                   | dbg_wb_data[29] v |           | 0.000 |   0.389 |    2.770 | 
     +------------------------------------------------------------------------------------------------+ 
Path 3: MET Late External Delay Assertion 
Endpoint:   dbg_wb_data[23]                (^) checked with  leading edge of 
'clk'
Beginpoint: datapath_MEMWB_memToReg_reg/QN (v) triggered by  leading edge of 
'clk'
Path Groups: {clk}
Analysis View: RPT_FAST
Other End Arrival Time          0.000
- External Delay                1.230
+ Phase Shift                   4.100
+ CPPR Adjustment               0.000
- Uncertainty                   0.100
= Required Time                 2.770
- Arrival Time                  0.388
= Slack Time                    2.382
     Clock Rise Edge                 0.000
     + Clock Network Latency (Prop)  0.146
     = Beginpoint Arrival Time       0.146
     +------------------------------------------------------------------------------------------------+ 
     |             Instance              |        Arc        |   Cell    | Delay | Arrival | Required | 
     |                                   |                   |           |       |  Time   |   Time   | 
     |-----------------------------------+-------------------+-----------+-------+---------+----------| 
     | datapath_MEMWB_memToReg_reg       | CK ^              |           |       |   0.146 |    2.528 | 
     | datapath_MEMWB_memToReg_reg       | CK ^ -> QN v      | DFFR_X2   | 0.069 |   0.215 |    2.597 | 
     | FE_OFC243_datapath_MEMWB_memToReg | A v -> Z v        | CLKBUF_X3 | 0.067 |   0.282 |    2.664 | 
     | g35015                            | S v -> Z ^        | MUX2_X2   | 0.106 |   0.388 |    2.770 | 
     |                                   | dbg_wb_data[23] ^ |           | 0.000 |   0.388 |    2.770 | 
     +------------------------------------------------------------------------------------------------+ 
Path 4: MET Late External Delay Assertion 
Endpoint:   dbg_wb_data[12]                (^) checked with  leading edge of 
'clk'
Beginpoint: datapath_MEMWB_memToReg_reg/QN (v) triggered by  leading edge of 
'clk'
Path Groups: {clk}
Analysis View: RPT_FAST
Other End Arrival Time          0.000
- External Delay                1.230
+ Phase Shift                   4.100
+ CPPR Adjustment               0.000
- Uncertainty                   0.100
= Required Time                 2.770
- Arrival Time                  0.387
= Slack Time                    2.383
     Clock Rise Edge                 0.000
     + Clock Network Latency (Prop)  0.146
     = Beginpoint Arrival Time       0.146
     +------------------------------------------------------------------------------------------------+ 
     |             Instance              |        Arc        |   Cell    | Delay | Arrival | Required | 
     |                                   |                   |           |       |  Time   |   Time   | 
     |-----------------------------------+-------------------+-----------+-------+---------+----------| 
     | datapath_MEMWB_memToReg_reg       | CK ^              |           |       |   0.146 |    2.529 | 
     | datapath_MEMWB_memToReg_reg       | CK ^ -> QN v      | DFFR_X2   | 0.069 |   0.215 |    2.598 | 
     | FE_OFC243_datapath_MEMWB_memToReg | A v -> Z v        | CLKBUF_X3 | 0.067 |   0.282 |    2.665 | 
     | g34978                            | S v -> Z ^        | MUX2_X2   | 0.105 |   0.387 |    2.770 | 
     |                                   | dbg_wb_data[12] ^ |           | 0.000 |   0.387 |    2.770 | 
     +------------------------------------------------------------------------------------------------+ 
Path 5: MET Late External Delay Assertion 
Endpoint:   dbg_wb_data[13]                (^) checked with  leading edge of 
'clk'
Beginpoint: datapath_MEMWB_memToReg_reg/QN (v) triggered by  leading edge of 
'clk'
Path Groups: {clk}
Analysis View: RPT_FAST
Other End Arrival Time          0.000
- External Delay                1.230
+ Phase Shift                   4.100
+ CPPR Adjustment               0.000
- Uncertainty                   0.100
= Required Time                 2.770
- Arrival Time                  0.387
= Slack Time                    2.383
     Clock Rise Edge                 0.000
     + Clock Network Latency (Prop)  0.146
     = Beginpoint Arrival Time       0.146
     +------------------------------------------------------------------------------------------------+ 
     |             Instance              |        Arc        |   Cell    | Delay | Arrival | Required | 
     |                                   |                   |           |       |  Time   |   Time   | 
     |-----------------------------------+-------------------+-----------+-------+---------+----------| 
     | datapath_MEMWB_memToReg_reg       | CK ^              |           |       |   0.146 |    2.529 | 
     | datapath_MEMWB_memToReg_reg       | CK ^ -> QN v      | DFFR_X2   | 0.069 |   0.215 |    2.598 | 
     | FE_OFC243_datapath_MEMWB_memToReg | A v -> Z v        | CLKBUF_X3 | 0.067 |   0.282 |    2.665 | 
     | g34974                            | S v -> Z ^        | MUX2_X2   | 0.105 |   0.387 |    2.770 | 
     |                                   | dbg_wb_data[13] ^ |           | 0.000 |   0.387 |    2.770 | 
     +------------------------------------------------------------------------------------------------+ 
Path 6: MET Late External Delay Assertion 
Endpoint:   dbg_wb_data[22]                (^) checked with  leading edge of 
'clk'
Beginpoint: datapath_MEMWB_memToReg_reg/QN (v) triggered by  leading edge of 
'clk'
Path Groups: {clk}
Analysis View: RPT_FAST
Other End Arrival Time          0.000
- External Delay                1.230
+ Phase Shift                   4.100
+ CPPR Adjustment               0.000
- Uncertainty                   0.100
= Required Time                 2.770
- Arrival Time                  0.386
= Slack Time                    2.384
     Clock Rise Edge                 0.000
     + Clock Network Latency (Prop)  0.146
     = Beginpoint Arrival Time       0.146
     +------------------------------------------------------------------------------------------------+ 
     |             Instance              |        Arc        |   Cell    | Delay | Arrival | Required | 
     |                                   |                   |           |       |  Time   |   Time   | 
     |-----------------------------------+-------------------+-----------+-------+---------+----------| 
     | datapath_MEMWB_memToReg_reg       | CK ^              |           |       |   0.146 |    2.530 | 
     | datapath_MEMWB_memToReg_reg       | CK ^ -> QN v      | DFFR_X2   | 0.069 |   0.215 |    2.599 | 
     | FE_OFC243_datapath_MEMWB_memToReg | A v -> Z v        | CLKBUF_X3 | 0.067 |   0.282 |    2.666 | 
     | g35001                            | S v -> Z ^        | MUX2_X2   | 0.104 |   0.386 |    2.770 | 
     |                                   | dbg_wb_data[22] ^ |           | 0.000 |   0.386 |    2.770 | 
     +------------------------------------------------------------------------------------------------+ 
Path 7: MET Late External Delay Assertion 
Endpoint:   dbg_wb_data[21]                (^) checked with  leading edge of 
'clk'
Beginpoint: datapath_MEMWB_memToReg_reg/QN (v) triggered by  leading edge of 
'clk'
Path Groups: {clk}
Analysis View: RPT_FAST
Other End Arrival Time          0.000
- External Delay                1.230
+ Phase Shift                   4.100
+ CPPR Adjustment               0.000
- Uncertainty                   0.100
= Required Time                 2.770
- Arrival Time                  0.386
= Slack Time                    2.384
     Clock Rise Edge                 0.000
     + Clock Network Latency (Prop)  0.146
     = Beginpoint Arrival Time       0.146
     +------------------------------------------------------------------------------------------------+ 
     |             Instance              |        Arc        |   Cell    | Delay | Arrival | Required | 
     |                                   |                   |           |       |  Time   |   Time   | 
     |-----------------------------------+-------------------+-----------+-------+---------+----------| 
     | datapath_MEMWB_memToReg_reg       | CK ^              |           |       |   0.146 |    2.530 | 
     | datapath_MEMWB_memToReg_reg       | CK ^ -> QN v      | DFFR_X2   | 0.069 |   0.215 |    2.599 | 
     | FE_OFC243_datapath_MEMWB_memToReg | A v -> Z v        | CLKBUF_X3 | 0.067 |   0.282 |    2.667 | 
     | g35012                            | S v -> Z ^        | MUX2_X2   | 0.103 |   0.386 |    2.770 | 
     |                                   | dbg_wb_data[21] ^ |           | 0.000 |   0.386 |    2.770 | 
     +------------------------------------------------------------------------------------------------+ 
Path 8: MET Late External Delay Assertion 
Endpoint:   dbg_wb_data[27]                (^) checked with  leading edge of 
'clk'
Beginpoint: datapath_MEMWB_memToReg_reg/QN (v) triggered by  leading edge of 
'clk'
Path Groups: {clk}
Analysis View: RPT_FAST
Other End Arrival Time          0.000
- External Delay                1.230
+ Phase Shift                   4.100
+ CPPR Adjustment               0.000
- Uncertainty                   0.100
= Required Time                 2.770
- Arrival Time                  0.385
= Slack Time                    2.385
     Clock Rise Edge                 0.000
     + Clock Network Latency (Prop)  0.146
     = Beginpoint Arrival Time       0.146
     +------------------------------------------------------------------------------------------------+ 
     |             Instance              |        Arc        |   Cell    | Delay | Arrival | Required | 
     |                                   |                   |           |       |  Time   |   Time   | 
     |-----------------------------------+-------------------+-----------+-------+---------+----------| 
     | datapath_MEMWB_memToReg_reg       | CK ^              |           |       |   0.146 |    2.531 | 
     | datapath_MEMWB_memToReg_reg       | CK ^ -> QN v      | DFFR_X2   | 0.069 |   0.215 |    2.600 | 
     | FE_OFC243_datapath_MEMWB_memToReg | A v -> Z v        | CLKBUF_X3 | 0.067 |   0.282 |    2.667 | 
     | g35016                            | S v -> Z ^        | MUX2_X2   | 0.103 |   0.385 |    2.770 | 
     |                                   | dbg_wb_data[27] ^ |           | 0.000 |   0.385 |    2.770 | 
     +------------------------------------------------------------------------------------------------+ 
Path 9: MET Late External Delay Assertion 
Endpoint:   dbg_wb_data[26]                (^) checked with  leading edge of 
'clk'
Beginpoint: datapath_MEMWB_memToReg_reg/QN (v) triggered by  leading edge of 
'clk'
Path Groups: {clk}
Analysis View: RPT_FAST
Other End Arrival Time          0.000
- External Delay                1.230
+ Phase Shift                   4.100
+ CPPR Adjustment               0.000
- Uncertainty                   0.100
= Required Time                 2.770
- Arrival Time                  0.384
= Slack Time                    2.386
     Clock Rise Edge                 0.000
     + Clock Network Latency (Prop)  0.146
     = Beginpoint Arrival Time       0.146
     +------------------------------------------------------------------------------------------------+ 
     |             Instance              |        Arc        |   Cell    | Delay | Arrival | Required | 
     |                                   |                   |           |       |  Time   |   Time   | 
     |-----------------------------------+-------------------+-----------+-------+---------+----------| 
     | datapath_MEMWB_memToReg_reg       | CK ^              |           |       |   0.146 |    2.532 | 
     | datapath_MEMWB_memToReg_reg       | CK ^ -> QN v      | DFFR_X2   | 0.069 |   0.215 |    2.602 | 
     | FE_OFC243_datapath_MEMWB_memToReg | A v -> Z v        | CLKBUF_X3 | 0.067 |   0.282 |    2.669 | 
     | g34976                            | S v -> Z ^        | MUX2_X2   | 0.101 |   0.384 |    2.770 | 
     |                                   | dbg_wb_data[26] ^ |           | 0.000 |   0.384 |    2.770 | 
     +------------------------------------------------------------------------------------------------+ 
Path 10: MET Late External Delay Assertion 
Endpoint:   dbg_wb_data[28]                (^) checked with  leading edge of 
'clk'
Beginpoint: datapath_MEMWB_memToReg_reg/QN (v) triggered by  leading edge of 
'clk'
Path Groups: {clk}
Analysis View: RPT_FAST
Other End Arrival Time          0.000
- External Delay                1.230
+ Phase Shift                   4.100
+ CPPR Adjustment               0.000
- Uncertainty                   0.100
= Required Time                 2.770
- Arrival Time                  0.383
= Slack Time                    2.387
     Clock Rise Edge                 0.000
     + Clock Network Latency (Prop)  0.146
     = Beginpoint Arrival Time       0.146
     +------------------------------------------------------------------------------------------------+ 
     |             Instance              |        Arc        |   Cell    | Delay | Arrival | Required | 
     |                                   |                   |           |       |  Time   |   Time   | 
     |-----------------------------------+-------------------+-----------+-------+---------+----------| 
     | datapath_MEMWB_memToReg_reg       | CK ^              |           |       |   0.146 |    2.533 | 
     | datapath_MEMWB_memToReg_reg       | CK ^ -> QN v      | DFFR_X2   | 0.069 |   0.215 |    2.602 | 
     | FE_OFC243_datapath_MEMWB_memToReg | A v -> Z v        | CLKBUF_X3 | 0.067 |   0.282 |    2.669 | 
     | g35007                            | S v -> Z ^        | MUX2_X2   | 0.101 |   0.383 |    2.770 | 
     |                                   | dbg_wb_data[28] ^ |           | 0.000 |   0.383 |    2.770 | 
     +------------------------------------------------------------------------------------------------+ 
Path 11: MET Late External Delay Assertion 
Endpoint:   dbg_wb_data[25]                (^) checked with  leading edge of 
'clk'
Beginpoint: datapath_MEMWB_memToReg_reg/QN (v) triggered by  leading edge of 
'clk'
Path Groups: {clk}
Analysis View: RPT_FAST
Other End Arrival Time          0.000
- External Delay                1.230
+ Phase Shift                   4.100
+ CPPR Adjustment               0.000
- Uncertainty                   0.100
= Required Time                 2.770
- Arrival Time                  0.382
= Slack Time                    2.388
     Clock Rise Edge                 0.000
     + Clock Network Latency (Prop)  0.146
     = Beginpoint Arrival Time       0.146
     +------------------------------------------------------------------------------------------------+ 
     |             Instance              |        Arc        |   Cell    | Delay | Arrival | Required | 
     |                                   |                   |           |       |  Time   |   Time   | 
     |-----------------------------------+-------------------+-----------+-------+---------+----------| 
     | datapath_MEMWB_memToReg_reg       | CK ^              |           |       |   0.146 |    2.534 | 
     | datapath_MEMWB_memToReg_reg       | CK ^ -> QN v      | DFFR_X2   | 0.069 |   0.215 |    2.603 | 
     | FE_OFC243_datapath_MEMWB_memToReg | A v -> Z v        | CLKBUF_X3 | 0.067 |   0.282 |    2.670 | 
     | g35009                            | S v -> Z ^        | MUX2_X2   | 0.100 |   0.382 |    2.770 | 
     |                                   | dbg_wb_data[25] ^ |           | 0.000 |   0.382 |    2.770 | 
     +------------------------------------------------------------------------------------------------+ 
Path 12: MET Late External Delay Assertion 
Endpoint:   dbg_wb_data[19]                (^) checked with  leading edge of 
'clk'
Beginpoint: datapath_MEMWB_memToReg_reg/QN (v) triggered by  leading edge of 
'clk'
Path Groups: {clk}
Analysis View: RPT_FAST
Other End Arrival Time          0.000
- External Delay                1.230
+ Phase Shift                   4.100
+ CPPR Adjustment               0.000
- Uncertainty                   0.100
= Required Time                 2.770
- Arrival Time                  0.382
= Slack Time                    2.388
     Clock Rise Edge                 0.000
     + Clock Network Latency (Prop)  0.146
     = Beginpoint Arrival Time       0.146
     +------------------------------------------------------------------------------------------------+ 
     |             Instance              |        Arc        |   Cell    | Delay | Arrival | Required | 
     |                                   |                   |           |       |  Time   |   Time   | 
     |-----------------------------------+-------------------+-----------+-------+---------+----------| 
     | datapath_MEMWB_memToReg_reg       | CK ^              |           |       |   0.146 |    2.534 | 
     | datapath_MEMWB_memToReg_reg       | CK ^ -> QN v      | DFFR_X2   | 0.069 |   0.215 |    2.603 | 
     | FE_OFC243_datapath_MEMWB_memToReg | A v -> Z v        | CLKBUF_X3 | 0.067 |   0.282 |    2.670 | 
     | g35013                            | S v -> Z ^        | MUX2_X2   | 0.100 |   0.382 |    2.770 | 
     |                                   | dbg_wb_data[19] ^ |           | 0.000 |   0.382 |    2.770 | 
     +------------------------------------------------------------------------------------------------+ 
Path 13: MET Late External Delay Assertion 
Endpoint:   dbg_wb_data[16]                (^) checked with  leading edge of 
'clk'
Beginpoint: datapath_MEMWB_memToReg_reg/QN (v) triggered by  leading edge of 
'clk'
Path Groups: {clk}
Analysis View: RPT_FAST
Other End Arrival Time          0.000
- External Delay                1.230
+ Phase Shift                   4.100
+ CPPR Adjustment               0.000
- Uncertainty                   0.100
= Required Time                 2.770
- Arrival Time                  0.382
= Slack Time                    2.388
     Clock Rise Edge                 0.000
     + Clock Network Latency (Prop)  0.146
     = Beginpoint Arrival Time       0.146
     +------------------------------------------------------------------------------------------------+ 
     |             Instance              |        Arc        |   Cell    | Delay | Arrival | Required | 
     |                                   |                   |           |       |  Time   |   Time   | 
     |-----------------------------------+-------------------+-----------+-------+---------+----------| 
     | datapath_MEMWB_memToReg_reg       | CK ^              |           |       |   0.146 |    2.534 | 
     | datapath_MEMWB_memToReg_reg       | CK ^ -> QN v      | DFFR_X2   | 0.069 |   0.215 |    2.603 | 
     | FE_OFC243_datapath_MEMWB_memToReg | A v -> Z v        | CLKBUF_X3 | 0.067 |   0.282 |    2.671 | 
     | g35008                            | S v -> Z ^        | MUX2_X2   | 0.099 |   0.382 |    2.770 | 
     |                                   | dbg_wb_data[16] ^ |           | 0.000 |   0.382 |    2.770 | 
     +------------------------------------------------------------------------------------------------+ 
Path 14: MET Late External Delay Assertion 
Endpoint:   dbg_wb_data[20]                (^) checked with  leading edge of 
'clk'
Beginpoint: datapath_MEMWB_memToReg_reg/QN (v) triggered by  leading edge of 
'clk'
Path Groups: {clk}
Analysis View: RPT_FAST
Other End Arrival Time          0.000
- External Delay                1.230
+ Phase Shift                   4.100
+ CPPR Adjustment               0.000
- Uncertainty                   0.100
= Required Time                 2.770
- Arrival Time                  0.381
= Slack Time                    2.389
     Clock Rise Edge                 0.000
     + Clock Network Latency (Prop)  0.146
     = Beginpoint Arrival Time       0.146
     +------------------------------------------------------------------------------------------------+ 
     |             Instance              |        Arc        |   Cell    | Delay | Arrival | Required | 
     |                                   |                   |           |       |  Time   |   Time   | 
     |-----------------------------------+-------------------+-----------+-------+---------+----------| 
     | datapath_MEMWB_memToReg_reg       | CK ^              |           |       |   0.146 |    2.535 | 
     | datapath_MEMWB_memToReg_reg       | CK ^ -> QN v      | DFFR_X2   | 0.069 |   0.215 |    2.604 | 
     | FE_OFC243_datapath_MEMWB_memToReg | A v -> Z v        | CLKBUF_X3 | 0.067 |   0.282 |    2.671 | 
     | g35017                            | S v -> Z ^        | MUX2_X2   | 0.099 |   0.381 |    2.770 | 
     |                                   | dbg_wb_data[20] ^ |           | 0.000 |   0.381 |    2.770 | 
     +------------------------------------------------------------------------------------------------+ 
Path 15: MET Late External Delay Assertion 
Endpoint:   dbg_wb_data[24]                (^) checked with  leading edge of 
'clk'
Beginpoint: datapath_MEMWB_memToReg_reg/QN (v) triggered by  leading edge of 
'clk'
Path Groups: {clk}
Analysis View: RPT_FAST
Other End Arrival Time          0.000
- External Delay                1.230
+ Phase Shift                   4.100
+ CPPR Adjustment               0.000
- Uncertainty                   0.100
= Required Time                 2.770
- Arrival Time                  0.381
= Slack Time                    2.389
     Clock Rise Edge                 0.000
     + Clock Network Latency (Prop)  0.146
     = Beginpoint Arrival Time       0.146
     +------------------------------------------------------------------------------------------------+ 
     |             Instance              |        Arc        |   Cell    | Delay | Arrival | Required | 
     |                                   |                   |           |       |  Time   |   Time   | 
     |-----------------------------------+-------------------+-----------+-------+---------+----------| 
     | datapath_MEMWB_memToReg_reg       | CK ^              |           |       |   0.146 |    2.535 | 
     | datapath_MEMWB_memToReg_reg       | CK ^ -> QN v      | DFFR_X2   | 0.069 |   0.215 |    2.604 | 
     | FE_OFC243_datapath_MEMWB_memToReg | A v -> Z v        | CLKBUF_X3 | 0.067 |   0.282 |    2.672 | 
     | g35018                            | S v -> Z ^        | MUX2_X2   | 0.098 |   0.381 |    2.770 | 
     |                                   | dbg_wb_data[24] ^ |           | 0.000 |   0.381 |    2.770 | 
     +------------------------------------------------------------------------------------------------+ 
Path 16: MET Late External Delay Assertion 
Endpoint:   dbg_wb_data[14]                (^) checked with  leading edge of 
'clk'
Beginpoint: datapath_MEMWB_memToReg_reg/QN (v) triggered by  leading edge of 
'clk'
Path Groups: {clk}
Analysis View: RPT_FAST
Other End Arrival Time          0.000
- External Delay                1.230
+ Phase Shift                   4.100
+ CPPR Adjustment               0.000
- Uncertainty                   0.100
= Required Time                 2.770
- Arrival Time                  0.380
= Slack Time                    2.390
     Clock Rise Edge                 0.000
     + Clock Network Latency (Prop)  0.146
     = Beginpoint Arrival Time       0.146
     +------------------------------------------------------------------------------------------------+ 
     |             Instance              |        Arc        |   Cell    | Delay | Arrival | Required | 
     |                                   |                   |           |       |  Time   |   Time   | 
     |-----------------------------------+-------------------+-----------+-------+---------+----------| 
     | datapath_MEMWB_memToReg_reg       | CK ^              |           |       |   0.146 |    2.536 | 
     | datapath_MEMWB_memToReg_reg       | CK ^ -> QN v      | DFFR_X2   | 0.069 |   0.215 |    2.605 | 
     | FE_OFC243_datapath_MEMWB_memToReg | A v -> Z v        | CLKBUF_X3 | 0.067 |   0.282 |    2.673 | 
     | g35010                            | S v -> Z ^        | MUX2_X2   | 0.097 |   0.380 |    2.770 | 
     |                                   | dbg_wb_data[14] ^ |           | 0.000 |   0.380 |    2.770 | 
     +------------------------------------------------------------------------------------------------+ 
Path 17: MET Late External Delay Assertion 
Endpoint:   dbg_wb_data[18]                (^) checked with  leading edge of 
'clk'
Beginpoint: datapath_MEMWB_memToReg_reg/QN (v) triggered by  leading edge of 
'clk'
Path Groups: {clk}
Analysis View: RPT_FAST
Other End Arrival Time          0.000
- External Delay                1.230
+ Phase Shift                   4.100
+ CPPR Adjustment               0.000
- Uncertainty                   0.100
= Required Time                 2.770
- Arrival Time                  0.378
= Slack Time                    2.392
     Clock Rise Edge                 0.000
     + Clock Network Latency (Prop)  0.146
     = Beginpoint Arrival Time       0.146
     +------------------------------------------------------------------------------------------------+ 
     |             Instance              |        Arc        |   Cell    | Delay | Arrival | Required | 
     |                                   |                   |           |       |  Time   |   Time   | 
     |-----------------------------------+-------------------+-----------+-------+---------+----------| 
     | datapath_MEMWB_memToReg_reg       | CK ^              |           |       |   0.146 |    2.538 | 
     | datapath_MEMWB_memToReg_reg       | CK ^ -> QN v      | DFFR_X2   | 0.069 |   0.215 |    2.607 | 
     | FE_OFC243_datapath_MEMWB_memToReg | A v -> Z v        | CLKBUF_X3 | 0.067 |   0.282 |    2.675 | 
     | g35005                            | S v -> Z ^        | MUX2_X2   | 0.095 |   0.378 |    2.770 | 
     |                                   | dbg_wb_data[18] ^ |           | 0.000 |   0.378 |    2.770 | 
     +------------------------------------------------------------------------------------------------+ 
Path 18: MET Late External Delay Assertion 
Endpoint:   dbg_wb_data[17]                (^) checked with  leading edge of 
'clk'
Beginpoint: datapath_MEMWB_memToReg_reg/QN (v) triggered by  leading edge of 
'clk'
Path Groups: {clk}
Analysis View: RPT_FAST
Other End Arrival Time          0.000
- External Delay                1.230
+ Phase Shift                   4.100
+ CPPR Adjustment               0.000
- Uncertainty                   0.100
= Required Time                 2.770
- Arrival Time                  0.377
= Slack Time                    2.393
     Clock Rise Edge                 0.000
     + Clock Network Latency (Prop)  0.146
     = Beginpoint Arrival Time       0.146
     +------------------------------------------------------------------------------------------------+ 
     |             Instance              |        Arc        |   Cell    | Delay | Arrival | Required | 
     |                                   |                   |           |       |  Time   |   Time   | 
     |-----------------------------------+-------------------+-----------+-------+---------+----------| 
     | datapath_MEMWB_memToReg_reg       | CK ^              |           |       |   0.146 |    2.539 | 
     | datapath_MEMWB_memToReg_reg       | CK ^ -> QN v      | DFFR_X2   | 0.069 |   0.215 |    2.608 | 
     | FE_OFC243_datapath_MEMWB_memToReg | A v -> Z v        | CLKBUF_X3 | 0.067 |   0.282 |    2.675 | 
     | g35006                            | S v -> Z ^        | MUX2_X2   | 0.095 |   0.377 |    2.770 | 
     |                                   | dbg_wb_data[17] ^ |           | 0.000 |   0.377 |    2.770 | 
     +------------------------------------------------------------------------------------------------+ 
Path 19: MET Late External Delay Assertion 
Endpoint:   dbg_wb_data[30]                (^) checked with  leading edge of 
'clk'
Beginpoint: datapath_MEMWB_memToReg_reg/QN (v) triggered by  leading edge of 
'clk'
Path Groups: {clk}
Analysis View: RPT_FAST
Other End Arrival Time          0.000
- External Delay                1.230
+ Phase Shift                   4.100
+ CPPR Adjustment               0.000
- Uncertainty                   0.100
= Required Time                 2.770
- Arrival Time                  0.375
= Slack Time                    2.395
     Clock Rise Edge                 0.000
     + Clock Network Latency (Prop)  0.146
     = Beginpoint Arrival Time       0.146
     +------------------------------------------------------------------------------------------------+ 
     |             Instance              |        Arc        |   Cell    | Delay | Arrival | Required | 
     |                                   |                   |           |       |  Time   |   Time   | 
     |-----------------------------------+-------------------+-----------+-------+---------+----------| 
     | datapath_MEMWB_memToReg_reg       | CK ^              |           |       |   0.146 |    2.541 | 
     | datapath_MEMWB_memToReg_reg       | CK ^ -> QN v      | DFFR_X2   | 0.069 |   0.215 |    2.610 | 
     | FE_OFC243_datapath_MEMWB_memToReg | A v -> Z v        | CLKBUF_X3 | 0.067 |   0.282 |    2.677 | 
     | g34977                            | S v -> Z ^        | MUX2_X2   | 0.093 |   0.375 |    2.770 | 
     |                                   | dbg_wb_data[30] ^ |           | 0.000 |   0.375 |    2.770 | 
     +------------------------------------------------------------------------------------------------+ 
Path 20: MET Late External Delay Assertion 
Endpoint:   dbg_wb_data[9]                 (^) checked with  leading edge of 
'clk'
Beginpoint: datapath_MEMWB_memToReg_reg/QN (v) triggered by  leading edge of 
'clk'
Path Groups: {clk}
Analysis View: RPT_FAST
Other End Arrival Time          0.000
- External Delay                1.230
+ Phase Shift                   4.100
+ CPPR Adjustment               0.000
- Uncertainty                   0.100
= Required Time                 2.770
- Arrival Time                  0.374
= Slack Time                    2.396
     Clock Rise Edge                 0.000
     + Clock Network Latency (Prop)  0.146
     = Beginpoint Arrival Time       0.146
     +-----------------------------------------------------------------------------------------------+ 
     |             Instance              |       Arc        |   Cell    | Delay | Arrival | Required | 
     |                                   |                  |           |       |  Time   |   Time   | 
     |-----------------------------------+------------------+-----------+-------+---------+----------| 
     | datapath_MEMWB_memToReg_reg       | CK ^             |           |       |   0.146 |    2.542 | 
     | datapath_MEMWB_memToReg_reg       | CK ^ -> QN v     | DFFR_X2   | 0.069 |   0.215 |    2.611 | 
     | FE_OFC243_datapath_MEMWB_memToReg | A v -> Z v       | CLKBUF_X3 | 0.067 |   0.282 |    2.678 | 
     | g34998                            | S v -> Z ^       | MUX2_X2   | 0.092 |   0.374 |    2.770 | 
     |                                   | dbg_wb_data[9] ^ |           | 0.000 |   0.374 |    2.770 | 
     +-----------------------------------------------------------------------------------------------+ 
Path 21: MET Late External Delay Assertion 
Endpoint:   dbg_wb_data[8]                 (^) checked with  leading edge of 
'clk'
Beginpoint: datapath_MEMWB_memToReg_reg/QN (v) triggered by  leading edge of 
'clk'
Path Groups: {clk}
Analysis View: RPT_FAST
Other End Arrival Time          0.000
- External Delay                1.230
+ Phase Shift                   4.100
+ CPPR Adjustment               0.000
- Uncertainty                   0.100
= Required Time                 2.770
- Arrival Time                  0.371
= Slack Time                    2.399
     Clock Rise Edge                 0.000
     + Clock Network Latency (Prop)  0.146
     = Beginpoint Arrival Time       0.146
     +-----------------------------------------------------------------------------------------------+ 
     |             Instance              |       Arc        |   Cell    | Delay | Arrival | Required | 
     |                                   |                  |           |       |  Time   |   Time   | 
     |-----------------------------------+------------------+-----------+-------+---------+----------| 
     | datapath_MEMWB_memToReg_reg       | CK ^             |           |       |   0.146 |    2.546 | 
     | datapath_MEMWB_memToReg_reg       | CK ^ -> QN v     | DFFR_X2   | 0.069 |   0.215 |    2.615 | 
     | FE_OFC243_datapath_MEMWB_memToReg | A v -> Z v       | CLKBUF_X3 | 0.067 |   0.282 |    2.682 | 
     | g35011                            | S v -> Z ^       | MUX2_X2   | 0.088 |   0.371 |    2.770 | 
     |                                   | dbg_wb_data[8] ^ |           | 0.000 |   0.371 |    2.770 | 
     +-----------------------------------------------------------------------------------------------+ 
Path 22: MET Late External Delay Assertion 
Endpoint:   dbg_wb_data[3]                 (^) checked with  leading edge of 
'clk'
Beginpoint: datapath_MEMWB_memToReg_reg/QN (v) triggered by  leading edge of 
'clk'
Path Groups: {clk}
Analysis View: RPT_FAST
Other End Arrival Time          0.000
- External Delay                1.230
+ Phase Shift                   4.100
+ CPPR Adjustment               0.000
- Uncertainty                   0.100
= Required Time                 2.770
- Arrival Time                  0.368
= Slack Time                    2.402
     Clock Rise Edge                 0.000
     + Clock Network Latency (Prop)  0.146
     = Beginpoint Arrival Time       0.146
     +-----------------------------------------------------------------------------------------------+ 
     |             Instance              |       Arc        |   Cell    | Delay | Arrival | Required | 
     |                                   |                  |           |       |  Time   |   Time   | 
     |-----------------------------------+------------------+-----------+-------+---------+----------| 
     | datapath_MEMWB_memToReg_reg       | CK ^             |           |       |   0.146 |    2.548 | 
     | datapath_MEMWB_memToReg_reg       | CK ^ -> QN v     | DFFR_X2   | 0.069 |   0.215 |    2.617 | 
     | FE_OFC243_datapath_MEMWB_memToReg | A v -> Z v       | CLKBUF_X3 | 0.067 |   0.282 |    2.684 | 
     | g34981                            | S v -> Z ^       | MUX2_X2   | 0.086 |   0.368 |    2.770 | 
     |                                   | dbg_wb_data[3] ^ |           | 0.000 |   0.368 |    2.770 | 
     +-----------------------------------------------------------------------------------------------+ 
Path 23: MET Late External Delay Assertion 
Endpoint:   dbg_wb_data[15]                (^) checked with  leading edge of 
'clk'
Beginpoint: datapath_MEMWB_memToReg_reg/QN (v) triggered by  leading edge of 
'clk'
Path Groups: {clk}
Analysis View: RPT_FAST
Other End Arrival Time          0.000
- External Delay                1.230
+ Phase Shift                   4.100
+ CPPR Adjustment               0.000
- Uncertainty                   0.100
= Required Time                 2.770
- Arrival Time                  0.368
= Slack Time                    2.402
     Clock Rise Edge                 0.000
     + Clock Network Latency (Prop)  0.146
     = Beginpoint Arrival Time       0.146
     +------------------------------------------------------------------------------------------------+ 
     |             Instance              |        Arc        |   Cell    | Delay | Arrival | Required | 
     |                                   |                   |           |       |  Time   |   Time   | 
     |-----------------------------------+-------------------+-----------+-------+---------+----------| 
     | datapath_MEMWB_memToReg_reg       | CK ^              |           |       |   0.146 |    2.548 | 
     | datapath_MEMWB_memToReg_reg       | CK ^ -> QN v      | DFFR_X2   | 0.069 |   0.215 |    2.618 | 
     | FE_OFC243_datapath_MEMWB_memToReg | A v -> Z v        | CLKBUF_X3 | 0.067 |   0.282 |    2.685 | 
     | g35002                            | S v -> Z v        | MUX2_X1   | 0.062 |   0.345 |    2.747 | 
     | FE_DBTC13_n_25                    | A v -> ZN ^       | INV_X4    | 0.023 |   0.368 |    2.770 | 
     |                                   | dbg_wb_data[15] ^ |           | 0.000 |   0.368 |    2.770 | 
     +------------------------------------------------------------------------------------------------+ 
Path 24: MET Late External Delay Assertion 
Endpoint:   dbg_wb_data[11]                (^) checked with  leading edge of 
'clk'
Beginpoint: datapath_MEMWB_memToReg_reg/QN (v) triggered by  leading edge of 
'clk'
Path Groups: {clk}
Analysis View: RPT_FAST
Other End Arrival Time          0.000
- External Delay                1.230
+ Phase Shift                   4.100
+ CPPR Adjustment               0.000
- Uncertainty                   0.100
= Required Time                 2.770
- Arrival Time                  0.359
= Slack Time                    2.411
     Clock Rise Edge                 0.000
     + Clock Network Latency (Prop)  0.146
     = Beginpoint Arrival Time       0.146
     +------------------------------------------------------------------------------------------------+ 
     |             Instance              |        Arc        |   Cell    | Delay | Arrival | Required | 
     |                                   |                   |           |       |  Time   |   Time   | 
     |-----------------------------------+-------------------+-----------+-------+---------+----------| 
     | datapath_MEMWB_memToReg_reg       | CK ^              |           |       |   0.146 |    2.557 | 
     | datapath_MEMWB_memToReg_reg       | CK ^ -> QN v      | DFFR_X2   | 0.069 |   0.215 |    2.626 | 
     | FE_OFC243_datapath_MEMWB_memToReg | A v -> Z v        | CLKBUF_X3 | 0.067 |   0.282 |    2.693 | 
     | g35000                            | S v -> Z v        | MUX2_X1   | 0.055 |   0.337 |    2.748 | 
     | FE_OFC301_n_35                    | A v -> ZN ^       | INV_X4    | 0.022 |   0.359 |    2.770 | 
     |                                   | dbg_wb_data[11] ^ |           | 0.000 |   0.359 |    2.770 | 
     +------------------------------------------------------------------------------------------------+ 
Path 25: MET Late External Delay Assertion 
Endpoint:   dbg_wb_data[10]                (^) checked with  leading edge of 
'clk'
Beginpoint: datapath_MEMWB_memToReg_reg/QN (v) triggered by  leading edge of 
'clk'
Path Groups: {clk}
Analysis View: RPT_FAST
Other End Arrival Time          0.000
- External Delay                1.230
+ Phase Shift                   4.100
+ CPPR Adjustment               0.000
- Uncertainty                   0.100
= Required Time                 2.770
- Arrival Time                  0.358
= Slack Time                    2.412
     Clock Rise Edge                 0.000
     + Clock Network Latency (Prop)  0.146
     = Beginpoint Arrival Time       0.146
     +------------------------------------------------------------------------------------------------+ 
     |             Instance              |        Arc        |   Cell    | Delay | Arrival | Required | 
     |                                   |                   |           |       |  Time   |   Time   | 
     |-----------------------------------+-------------------+-----------+-------+---------+----------| 
     | datapath_MEMWB_memToReg_reg       | CK ^              |           |       |   0.146 |    2.558 | 
     | datapath_MEMWB_memToReg_reg       | CK ^ -> QN v      | DFFR_X2   | 0.069 |   0.215 |    2.627 | 
     | FE_OFC243_datapath_MEMWB_memToReg | A v -> Z v        | CLKBUF_X3 | 0.067 |   0.282 |    2.695 | 
     | g34979                            | S v -> Z v        | MUX2_X1   | 0.053 |   0.336 |    2.748 | 
     | g34952                            | A v -> ZN ^       | INV_X4    | 0.022 |   0.358 |    2.770 | 
     |                                   | dbg_wb_data[10] ^ |           | 0.000 |   0.358 |    2.770 | 
     +------------------------------------------------------------------------------------------------+ 
Path 26: MET Late External Delay Assertion 
Endpoint:   dbg_wb_data[6]                 (^) checked with  leading edge of 
'clk'
Beginpoint: datapath_MEMWB_memToReg_reg/QN (v) triggered by  leading edge of 
'clk'
Path Groups: {clk}
Analysis View: RPT_FAST
Other End Arrival Time          0.000
- External Delay                1.230
+ Phase Shift                   4.100
+ CPPR Adjustment               0.000
- Uncertainty                   0.100
= Required Time                 2.770
- Arrival Time                  0.295
= Slack Time                    2.475
     Clock Rise Edge                 0.000
     + Clock Network Latency (Prop)  0.146
     = Beginpoint Arrival Time       0.146
     +---------------------------------------------------------------------------------------+ 
     |          Instance           |       Arc        |  Cell   | Delay | Arrival | Required | 
     |                             |                  |         |       |  Time   |   Time   | 
     |-----------------------------+------------------+---------+-------+---------+----------| 
     | datapath_MEMWB_memToReg_reg | CK ^             |         |       |   0.146 |    2.621 | 
     | datapath_MEMWB_memToReg_reg | CK ^ -> QN v     | DFFR_X2 | 0.069 |   0.215 |    2.690 | 
     | g34999                      | S v -> Z ^       | MUX2_X2 | 0.080 |   0.295 |    2.770 | 
     |                             | dbg_wb_data[6] ^ |         | 0.000 |   0.295 |    2.770 | 
     +---------------------------------------------------------------------------------------+ 
Path 27: MET Late External Delay Assertion 
Endpoint:   dbg_wb_data[4]                 (^) checked with  leading edge of 
'clk'
Beginpoint: datapath_MEMWB_memToReg_reg/QN (v) triggered by  leading edge of 
'clk'
Path Groups: {clk}
Analysis View: RPT_FAST
Other End Arrival Time          0.000
- External Delay                1.230
+ Phase Shift                   4.100
+ CPPR Adjustment               0.000
- Uncertainty                   0.100
= Required Time                 2.770
- Arrival Time                  0.295
= Slack Time                    2.475
     Clock Rise Edge                 0.000
     + Clock Network Latency (Prop)  0.146
     = Beginpoint Arrival Time       0.146
     +---------------------------------------------------------------------------------------+ 
     |          Instance           |       Arc        |  Cell   | Delay | Arrival | Required | 
     |                             |                  |         |       |  Time   |   Time   | 
     |-----------------------------+------------------+---------+-------+---------+----------| 
     | datapath_MEMWB_memToReg_reg | CK ^             |         |       |   0.146 |    2.621 | 
     | datapath_MEMWB_memToReg_reg | CK ^ -> QN v     | DFFR_X2 | 0.069 |   0.215 |    2.690 | 
     | g35003                      | S v -> Z ^       | MUX2_X2 | 0.080 |   0.295 |    2.770 | 
     |                             | dbg_wb_data[4] ^ |         | 0.000 |   0.295 |    2.770 | 
     +---------------------------------------------------------------------------------------+ 
Path 28: MET Late External Delay Assertion 
Endpoint:   dbg_wb_data[2]                 (^) checked with  leading edge of 
'clk'
Beginpoint: datapath_MEMWB_memToReg_reg/QN (v) triggered by  leading edge of 
'clk'
Path Groups: {clk}
Analysis View: RPT_FAST
Other End Arrival Time          0.000
- External Delay                1.230
+ Phase Shift                   4.100
+ CPPR Adjustment               0.000
- Uncertainty                   0.100
= Required Time                 2.770
- Arrival Time                  0.293
= Slack Time                    2.477
     Clock Rise Edge                 0.000
     + Clock Network Latency (Prop)  0.146
     = Beginpoint Arrival Time       0.146
     +---------------------------------------------------------------------------------------+ 
     |          Instance           |       Arc        |  Cell   | Delay | Arrival | Required | 
     |                             |                  |         |       |  Time   |   Time   | 
     |-----------------------------+------------------+---------+-------+---------+----------| 
     | datapath_MEMWB_memToReg_reg | CK ^             |         |       |   0.146 |    2.623 | 
     | datapath_MEMWB_memToReg_reg | CK ^ -> QN v     | DFFR_X2 | 0.069 |   0.215 |    2.692 | 
     | g34971                      | S v -> Z ^       | MUX2_X2 | 0.078 |   0.293 |    2.770 | 
     |                             | dbg_wb_data[2] ^ |         | 0.000 |   0.293 |    2.770 | 
     +---------------------------------------------------------------------------------------+ 
Path 29: MET Late External Delay Assertion 
Endpoint:   dbg_wb_data[1]                 (^) checked with  leading edge of 
'clk'
Beginpoint: datapath_MEMWB_memToReg_reg/QN (v) triggered by  leading edge of 
'clk'
Path Groups: {clk}
Analysis View: RPT_FAST
Other End Arrival Time          0.000
- External Delay                1.230
+ Phase Shift                   4.100
+ CPPR Adjustment               0.000
- Uncertainty                   0.100
= Required Time                 2.770
- Arrival Time                  0.293
= Slack Time                    2.477
     Clock Rise Edge                 0.000
     + Clock Network Latency (Prop)  0.146
     = Beginpoint Arrival Time       0.146
     +---------------------------------------------------------------------------------------+ 
     |          Instance           |       Arc        |  Cell   | Delay | Arrival | Required | 
     |                             |                  |         |       |  Time   |   Time   | 
     |-----------------------------+------------------+---------+-------+---------+----------| 
     | datapath_MEMWB_memToReg_reg | CK ^             |         |       |   0.146 |    2.623 | 
     | datapath_MEMWB_memToReg_reg | CK ^ -> QN v     | DFFR_X2 | 0.069 |   0.215 |    2.692 | 
     | g34980                      | S v -> Z ^       | MUX2_X2 | 0.078 |   0.293 |    2.770 | 
     |                             | dbg_wb_data[1] ^ |         | 0.000 |   0.293 |    2.770 | 
     +---------------------------------------------------------------------------------------+ 
Path 30: MET Late External Delay Assertion 
Endpoint:   dbg_wb_data[5]                 (^) checked with  leading edge of 
'clk'
Beginpoint: datapath_MEMWB_memToReg_reg/QN (v) triggered by  leading edge of 
'clk'
Path Groups: {clk}
Analysis View: RPT_FAST
Other End Arrival Time          0.000
- External Delay                1.230
+ Phase Shift                   4.100
+ CPPR Adjustment               0.000
- Uncertainty                   0.100
= Required Time                 2.770
- Arrival Time                  0.293
= Slack Time                    2.477
     Clock Rise Edge                 0.000
     + Clock Network Latency (Prop)  0.146
     = Beginpoint Arrival Time       0.146
     +---------------------------------------------------------------------------------------+ 
     |          Instance           |       Arc        |  Cell   | Delay | Arrival | Required | 
     |                             |                  |         |       |  Time   |   Time   | 
     |-----------------------------+------------------+---------+-------+---------+----------| 
     | datapath_MEMWB_memToReg_reg | CK ^             |         |       |   0.146 |    2.623 | 
     | datapath_MEMWB_memToReg_reg | CK ^ -> QN v     | DFFR_X2 | 0.069 |   0.215 |    2.693 | 
     | g34975                      | S v -> Z ^       | MUX2_X2 | 0.078 |   0.293 |    2.770 | 
     |                             | dbg_wb_data[5] ^ |         | 0.000 |   0.293 |    2.770 | 
     +---------------------------------------------------------------------------------------+ 
Path 31: MET Late External Delay Assertion 
Endpoint:   dbg_wb_data[7]                 (^) checked with  leading edge of 
'clk'
Beginpoint: datapath_MEMWB_memToReg_reg/QN (^) triggered by  leading edge of 
'clk'
Path Groups: {clk}
Analysis View: RPT_FAST
Other End Arrival Time          0.000
- External Delay                1.230
+ Phase Shift                   4.100
+ CPPR Adjustment               0.000
- Uncertainty                   0.100
= Required Time                 2.770
- Arrival Time                  0.286
= Slack Time                    2.484
     Clock Rise Edge                 0.000
     + Clock Network Latency (Prop)  0.146
     = Beginpoint Arrival Time       0.146
     +---------------------------------------------------------------------------------------+ 
     |          Instance           |       Arc        |  Cell   | Delay | Arrival | Required | 
     |                             |                  |         |       |  Time   |   Time   | 
     |-----------------------------+------------------+---------+-------+---------+----------| 
     | datapath_MEMWB_memToReg_reg | CK ^             |         |       |   0.146 |    2.629 | 
     | datapath_MEMWB_memToReg_reg | CK ^ -> QN ^     | DFFR_X2 | 0.070 |   0.216 |    2.699 | 
     | g35014                      | S ^ -> Z v       | MUX2_X1 | 0.046 |   0.262 |    2.746 | 
     | FE_OFC318_n_7               | A v -> ZN ^      | INV_X4  | 0.024 |   0.286 |    2.770 | 
     |                             | dbg_wb_data[7] ^ |         | 0.000 |   0.286 |    2.770 | 
     +---------------------------------------------------------------------------------------+ 
Path 32: MET Late External Delay Assertion 
Endpoint:   dbg_wb_data[0]                 (^) checked with  leading edge of 
'clk'
Beginpoint: datapath_MEMWB_memToReg_reg/QN (^) triggered by  leading edge of 
'clk'
Path Groups: {clk}
Analysis View: RPT_FAST
Other End Arrival Time          0.000
- External Delay                1.230
+ Phase Shift                   4.100
+ CPPR Adjustment               0.000
- Uncertainty                   0.100
= Required Time                 2.770
- Arrival Time                  0.285
= Slack Time                    2.485
     Clock Rise Edge                 0.000
     + Clock Network Latency (Prop)  0.146
     = Beginpoint Arrival Time       0.146
     +---------------------------------------------------------------------------------------+ 
     |          Instance           |       Arc        |  Cell   | Delay | Arrival | Required | 
     |                             |                  |         |       |  Time   |   Time   | 
     |-----------------------------+------------------+---------+-------+---------+----------| 
     | datapath_MEMWB_memToReg_reg | CK ^             |         |       |   0.146 |    2.631 | 
     | datapath_MEMWB_memToReg_reg | CK ^ -> QN ^     | DFFR_X2 | 0.070 |   0.216 |    2.701 | 
     | g35004                      | S ^ -> Z v       | MUX2_X1 | 0.047 |   0.263 |    2.748 | 
     | FE_DBTC10_n_49              | A v -> ZN ^      | INV_X4  | 0.022 |   0.285 |    2.770 | 
     |                             | dbg_wb_data[0] ^ |         | 0.000 |   0.285 |    2.770 | 
     +---------------------------------------------------------------------------------------+ 
Path 33: MET Late External Delay Assertion 
Endpoint:   dmem_addr[29]                      (^) checked with  leading edge 
of 'clk'
Beginpoint: datapath_EXMEM_aluResult_reg[29]/Q (^) triggered by  leading edge 
of 'clk'
Path Groups: {clk}
Analysis View: RPT_FAST
Other End Arrival Time          0.000
- External Delay                1.230
+ Phase Shift                   4.100
+ CPPR Adjustment               0.000
- Uncertainty                   0.100
= Required Time                 2.770
- Arrival Time                  0.221
= Slack Time                    2.549
     Clock Rise Edge                 0.000
     + Clock Network Latency (Prop)  0.146
     = Beginpoint Arrival Time       0.146
     +-------------------------------------------------------------------------------------------+ 
     |             Instance             |       Arc       |  Cell   | Delay | Arrival | Required | 
     |                                  |                 |         |       |  Time   |   Time   | 
     |----------------------------------+-----------------+---------+-------+---------+----------| 
     | datapath_EXMEM_aluResult_reg[29] | CK ^            |         |       |   0.146 |    2.695 | 
     | datapath_EXMEM_aluResult_reg[29] | CK ^ -> Q ^     | DFFR_X1 | 0.075 |   0.221 |    2.770 | 
     |                                  | dmem_addr[29] ^ |         | 0.000 |   0.221 |    2.770 | 
     +-------------------------------------------------------------------------------------------+ 
Path 34: MET Late External Delay Assertion 
Endpoint:   dmem_addr[30]                      (^) checked with  leading edge 
of 'clk'
Beginpoint: datapath_EXMEM_aluResult_reg[30]/Q (^) triggered by  leading edge 
of 'clk'
Path Groups: {clk}
Analysis View: RPT_FAST
Other End Arrival Time          0.000
- External Delay                1.230
+ Phase Shift                   4.100
+ CPPR Adjustment               0.000
- Uncertainty                   0.100
= Required Time                 2.770
- Arrival Time                  0.221
= Slack Time                    2.549
     Clock Rise Edge                 0.000
     + Clock Network Latency (Prop)  0.146
     = Beginpoint Arrival Time       0.146
     +-------------------------------------------------------------------------------------------+ 
     |             Instance             |       Arc       |  Cell   | Delay | Arrival | Required | 
     |                                  |                 |         |       |  Time   |   Time   | 
     |----------------------------------+-----------------+---------+-------+---------+----------| 
     | datapath_EXMEM_aluResult_reg[30] | CK ^            |         |       |   0.146 |    2.695 | 
     | datapath_EXMEM_aluResult_reg[30] | CK ^ -> Q ^     | DFFR_X1 | 0.075 |   0.221 |    2.770 | 
     |                                  | dmem_addr[30] ^ |         | 0.000 |   0.221 |    2.770 | 
     +-------------------------------------------------------------------------------------------+ 
Path 35: MET Late External Delay Assertion 
Endpoint:   dmem_addr[12]                      (^) checked with  leading edge 
of 'clk'
Beginpoint: datapath_EXMEM_aluResult_reg[12]/Q (^) triggered by  leading edge 
of 'clk'
Path Groups: {clk}
Analysis View: RPT_FAST
Other End Arrival Time          0.000
- External Delay                1.230
+ Phase Shift                   4.100
+ CPPR Adjustment               0.000
- Uncertainty                   0.100
= Required Time                 2.770
- Arrival Time                  0.221
= Slack Time                    2.549
     Clock Rise Edge                 0.000
     + Clock Network Latency (Prop)  0.146
     = Beginpoint Arrival Time       0.146
     +-------------------------------------------------------------------------------------------+ 
     |             Instance             |       Arc       |  Cell   | Delay | Arrival | Required | 
     |                                  |                 |         |       |  Time   |   Time   | 
     |----------------------------------+-----------------+---------+-------+---------+----------| 
     | datapath_EXMEM_aluResult_reg[12] | CK ^            |         |       |   0.146 |    2.696 | 
     | datapath_EXMEM_aluResult_reg[12] | CK ^ -> Q ^     | DFFR_X1 | 0.074 |   0.221 |    2.770 | 
     |                                  | dmem_addr[12] ^ |         | 0.000 |   0.221 |    2.770 | 
     +-------------------------------------------------------------------------------------------+ 
Path 36: MET Late External Delay Assertion 
Endpoint:   dmem_addr[21]                      (^) checked with  leading edge 
of 'clk'
Beginpoint: datapath_EXMEM_aluResult_reg[21]/Q (^) triggered by  leading edge 
of 'clk'
Path Groups: {clk}
Analysis View: RPT_FAST
Other End Arrival Time          0.000
- External Delay                1.230
+ Phase Shift                   4.100
+ CPPR Adjustment               0.000
- Uncertainty                   0.100
= Required Time                 2.770
- Arrival Time                  0.220
= Slack Time                    2.550
     Clock Rise Edge                 0.000
     + Clock Network Latency (Prop)  0.147
     = Beginpoint Arrival Time       0.147
     +-------------------------------------------------------------------------------------------+ 
     |             Instance             |       Arc       |  Cell   | Delay | Arrival | Required | 
     |                                  |                 |         |       |  Time   |   Time   | 
     |----------------------------------+-----------------+---------+-------+---------+----------| 
     | datapath_EXMEM_aluResult_reg[21] | CK ^            |         |       |   0.147 |    2.697 | 
     | datapath_EXMEM_aluResult_reg[21] | CK ^ -> Q ^     | DFFR_X1 | 0.073 |   0.220 |    2.770 | 
     |                                  | dmem_addr[21] ^ |         | 0.000 |   0.220 |    2.770 | 
     +-------------------------------------------------------------------------------------------+ 
Path 37: MET Late External Delay Assertion 
Endpoint:   dbg_wb_addr[3]              (v) checked with  leading edge of 'clk'
Beginpoint: datapath_MEMWB_rd_reg[3]/QN (^) triggered by  leading edge of 'clk'
Path Groups: {clk}
Analysis View: RPT_FAST
Other End Arrival Time          0.000
- External Delay                1.230
+ Phase Shift                   4.100
+ CPPR Adjustment               0.000
- Uncertainty                   0.100
= Required Time                 2.770
- Arrival Time                  0.220
= Slack Time                    2.550
     Clock Rise Edge                 0.000
     + Clock Network Latency (Prop)  0.145
     = Beginpoint Arrival Time       0.145
     +------------------------------------------------------------------------------------+ 
     |         Instance         |       Arc        |  Cell   | Delay | Arrival | Required | 
     |                          |                  |         |       |  Time   |   Time   | 
     |--------------------------+------------------+---------+-------+---------+----------| 
     | datapath_MEMWB_rd_reg[3] | CK ^             |         |       |   0.145 |    2.695 | 
     | datapath_MEMWB_rd_reg[3] | CK ^ -> QN ^     | DFFR_X1 | 0.060 |   0.205 |    2.755 | 
     | g35074                   | A ^ -> ZN v      | INV_X2  | 0.015 |   0.220 |    2.770 | 
     |                          | dbg_wb_addr[3] v |         | 0.000 |   0.220 |    2.770 | 
     +------------------------------------------------------------------------------------+ 
Path 38: MET Late External Delay Assertion 
Endpoint:   dmem_addr[8]                      (^) checked with  leading edge of 
'clk'
Beginpoint: datapath_EXMEM_aluResult_reg[8]/Q (^) triggered by  leading edge of 
'clk'
Path Groups: {clk}
Analysis View: RPT_FAST
Other End Arrival Time          0.000
- External Delay                1.230
+ Phase Shift                   4.100
+ CPPR Adjustment               0.000
- Uncertainty                   0.100
= Required Time                 2.770
- Arrival Time                  0.219
= Slack Time                    2.551
     Clock Rise Edge                 0.000
     + Clock Network Latency (Prop)  0.145
     = Beginpoint Arrival Time       0.145
     +-----------------------------------------------------------------------------------------+ 
     |            Instance             |      Arc       |  Cell   | Delay | Arrival | Required | 
     |                                 |                |         |       |  Time   |   Time   | 
     |---------------------------------+----------------+---------+-------+---------+----------| 
     | datapath_EXMEM_aluResult_reg[8] | CK ^           |         |       |   0.145 |    2.696 | 
     | datapath_EXMEM_aluResult_reg[8] | CK ^ -> Q ^    | DFFR_X1 | 0.074 |   0.219 |    2.770 | 
     |                                 | dmem_addr[8] ^ |         | 0.000 |   0.219 |    2.770 | 
     +-----------------------------------------------------------------------------------------+ 
Path 39: MET Late External Delay Assertion 
Endpoint:   dmem_addr[18]                      (^) checked with  leading edge 
of 'clk'
Beginpoint: datapath_EXMEM_aluResult_reg[18]/Q (^) triggered by  leading edge 
of 'clk'
Path Groups: {clk}
Analysis View: RPT_FAST
Other End Arrival Time          0.000
- External Delay                1.230
+ Phase Shift                   4.100
+ CPPR Adjustment               0.000
- Uncertainty                   0.100
= Required Time                 2.770
- Arrival Time                  0.219
= Slack Time                    2.551
     Clock Rise Edge                 0.000
     + Clock Network Latency (Prop)  0.146
     = Beginpoint Arrival Time       0.146
     +-------------------------------------------------------------------------------------------+ 
     |             Instance             |       Arc       |  Cell   | Delay | Arrival | Required | 
     |                                  |                 |         |       |  Time   |   Time   | 
     |----------------------------------+-----------------+---------+-------+---------+----------| 
     | datapath_EXMEM_aluResult_reg[18] | CK ^            |         |       |   0.146 |    2.697 | 
     | datapath_EXMEM_aluResult_reg[18] | CK ^ -> Q ^     | DFFR_X1 | 0.073 |   0.219 |    2.770 | 
     |                                  | dmem_addr[18] ^ |         | 0.000 |   0.219 |    2.770 | 
     +-------------------------------------------------------------------------------------------+ 
Path 40: MET Late External Delay Assertion 
Endpoint:   dbg_wb_addr[2]              (v) checked with  leading edge of 'clk'
Beginpoint: datapath_MEMWB_rd_reg[2]/QN (^) triggered by  leading edge of 'clk'
Path Groups: {clk}
Analysis View: RPT_FAST
Other End Arrival Time          0.000
- External Delay                1.230
+ Phase Shift                   4.100
+ CPPR Adjustment               0.000
- Uncertainty                   0.100
= Required Time                 2.770
- Arrival Time                  0.219
= Slack Time                    2.551
     Clock Rise Edge                 0.000
     + Clock Network Latency (Prop)  0.145
     = Beginpoint Arrival Time       0.145
     +------------------------------------------------------------------------------------+ 
     |         Instance         |       Arc        |  Cell   | Delay | Arrival | Required | 
     |                          |                  |         |       |  Time   |   Time   | 
     |--------------------------+------------------+---------+-------+---------+----------| 
     | datapath_MEMWB_rd_reg[2] | CK ^             |         |       |   0.145 |    2.696 | 
     | datapath_MEMWB_rd_reg[2] | CK ^ -> QN ^     | DFFR_X1 | 0.062 |   0.207 |    2.758 | 
     | g35052                   | A ^ -> ZN v      | INV_X2  | 0.011 |   0.219 |    2.770 | 
     |                          | dbg_wb_addr[2] v |         | 0.000 |   0.219 |    2.770 | 
     +------------------------------------------------------------------------------------+ 
Path 41: MET Late External Delay Assertion 
Endpoint:   dmem_addr[17]                      (^) checked with  leading edge 
of 'clk'
Beginpoint: datapath_EXMEM_aluResult_reg[17]/Q (^) triggered by  leading edge 
of 'clk'
Path Groups: {clk}
Analysis View: RPT_FAST
Other End Arrival Time          0.000
- External Delay                1.230
+ Phase Shift                   4.100
+ CPPR Adjustment               0.000
- Uncertainty                   0.100
= Required Time                 2.770
- Arrival Time                  0.219
= Slack Time                    2.551
     Clock Rise Edge                 0.000
     + Clock Network Latency (Prop)  0.146
     = Beginpoint Arrival Time       0.146
     +-------------------------------------------------------------------------------------------+ 
     |             Instance             |       Arc       |  Cell   | Delay | Arrival | Required | 
     |                                  |                 |         |       |  Time   |   Time   | 
     |----------------------------------+-----------------+---------+-------+---------+----------| 
     | datapath_EXMEM_aluResult_reg[17] | CK ^            |         |       |   0.146 |    2.697 | 
     | datapath_EXMEM_aluResult_reg[17] | CK ^ -> Q ^     | DFFR_X1 | 0.073 |   0.219 |    2.770 | 
     |                                  | dmem_addr[17] ^ |         | 0.000 |   0.219 |    2.770 | 
     +-------------------------------------------------------------------------------------------+ 
Path 42: MET Late External Delay Assertion 
Endpoint:   dmem_addr[16]                      (^) checked with  leading edge 
of 'clk'
Beginpoint: datapath_EXMEM_aluResult_reg[16]/Q (^) triggered by  leading edge 
of 'clk'
Path Groups: {clk}
Analysis View: RPT_FAST
Other End Arrival Time          0.000
- External Delay                1.230
+ Phase Shift                   4.100
+ CPPR Adjustment               0.000
- Uncertainty                   0.100
= Required Time                 2.770
- Arrival Time                  0.218
= Slack Time                    2.552
     Clock Rise Edge                 0.000
     + Clock Network Latency (Prop)  0.146
     = Beginpoint Arrival Time       0.146
     +-------------------------------------------------------------------------------------------+ 
     |             Instance             |       Arc       |  Cell   | Delay | Arrival | Required | 
     |                                  |                 |         |       |  Time   |   Time   | 
     |----------------------------------+-----------------+---------+-------+---------+----------| 
     | datapath_EXMEM_aluResult_reg[16] | CK ^            |         |       |   0.146 |    2.698 | 
     | datapath_EXMEM_aluResult_reg[16] | CK ^ -> Q ^     | DFFR_X1 | 0.072 |   0.218 |    2.770 | 
     |                                  | dmem_addr[16] ^ |         | 0.000 |   0.218 |    2.770 | 
     +-------------------------------------------------------------------------------------------+ 
Path 43: MET Late External Delay Assertion 
Endpoint:   dmem_addr[19]                      (^) checked with  leading edge 
of 'clk'
Beginpoint: datapath_EXMEM_aluResult_reg[19]/Q (^) triggered by  leading edge 
of 'clk'
Path Groups: {clk}
Analysis View: RPT_FAST
Other End Arrival Time          0.000
- External Delay                1.230
+ Phase Shift                   4.100
+ CPPR Adjustment               0.000
- Uncertainty                   0.100
= Required Time                 2.770
- Arrival Time                  0.218
= Slack Time                    2.552
     Clock Rise Edge                 0.000
     + Clock Network Latency (Prop)  0.146
     = Beginpoint Arrival Time       0.146
     +-------------------------------------------------------------------------------------------+ 
     |             Instance             |       Arc       |  Cell   | Delay | Arrival | Required | 
     |                                  |                 |         |       |  Time   |   Time   | 
     |----------------------------------+-----------------+---------+-------+---------+----------| 
     | datapath_EXMEM_aluResult_reg[19] | CK ^            |         |       |   0.146 |    2.698 | 
     | datapath_EXMEM_aluResult_reg[19] | CK ^ -> Q ^     | DFFR_X1 | 0.072 |   0.218 |    2.770 | 
     |                                  | dmem_addr[19] ^ |         | 0.000 |   0.218 |    2.770 | 
     +-------------------------------------------------------------------------------------------+ 
Path 44: MET Late External Delay Assertion 
Endpoint:   dbg_wb_addr[1]              (v) checked with  leading edge of 'clk'
Beginpoint: datapath_MEMWB_rd_reg[1]/QN (^) triggered by  leading edge of 'clk'
Path Groups: {clk}
Analysis View: RPT_FAST
Other End Arrival Time          0.000
- External Delay                1.230
+ Phase Shift                   4.100
+ CPPR Adjustment               0.000
- Uncertainty                   0.100
= Required Time                 2.770
- Arrival Time                  0.218
= Slack Time                    2.552
     Clock Rise Edge                 0.000
     + Clock Network Latency (Prop)  0.145
     = Beginpoint Arrival Time       0.145
     +------------------------------------------------------------------------------------+ 
     |         Instance         |       Arc        |  Cell   | Delay | Arrival | Required | 
     |                          |                  |         |       |  Time   |   Time   | 
     |--------------------------+------------------+---------+-------+---------+----------| 
     | datapath_MEMWB_rd_reg[1] | CK ^             |         |       |   0.145 |    2.697 | 
     | datapath_MEMWB_rd_reg[1] | CK ^ -> QN ^     | DFFR_X1 | 0.062 |   0.206 |    2.759 | 
     | g35076                   | A ^ -> ZN v      | INV_X2  | 0.011 |   0.218 |    2.770 | 
     |                          | dbg_wb_addr[1] v |         | 0.000 |   0.218 |    2.770 | 
     +------------------------------------------------------------------------------------+ 
Path 45: MET Late External Delay Assertion 
Endpoint:   dmem_addr[20]                      (^) checked with  leading edge 
of 'clk'
Beginpoint: datapath_EXMEM_aluResult_reg[20]/Q (^) triggered by  leading edge 
of 'clk'
Path Groups: {clk}
Analysis View: RPT_FAST
Other End Arrival Time          0.000
- External Delay                1.230
+ Phase Shift                   4.100
+ CPPR Adjustment               0.000
- Uncertainty                   0.100
= Required Time                 2.770
- Arrival Time                  0.218
= Slack Time                    2.552
     Clock Rise Edge                 0.000
     + Clock Network Latency (Prop)  0.146
     = Beginpoint Arrival Time       0.146
     +-------------------------------------------------------------------------------------------+ 
     |             Instance             |       Arc       |  Cell   | Delay | Arrival | Required | 
     |                                  |                 |         |       |  Time   |   Time   | 
     |----------------------------------+-----------------+---------+-------+---------+----------| 
     | datapath_EXMEM_aluResult_reg[20] | CK ^            |         |       |   0.146 |    2.699 | 
     | datapath_EXMEM_aluResult_reg[20] | CK ^ -> Q ^     | DFFR_X1 | 0.071 |   0.218 |    2.770 | 
     |                                  | dmem_addr[20] ^ |         | 0.000 |   0.218 |    2.770 | 
     +-------------------------------------------------------------------------------------------+ 
Path 46: MET Late External Delay Assertion 
Endpoint:   dmem_addr[24]                      (^) checked with  leading edge 
of 'clk'
Beginpoint: datapath_EXMEM_aluResult_reg[24]/Q (^) triggered by  leading edge 
of 'clk'
Path Groups: {clk}
Analysis View: RPT_FAST
Other End Arrival Time          0.000
- External Delay                1.230
+ Phase Shift                   4.100
+ CPPR Adjustment               0.000
- Uncertainty                   0.100
= Required Time                 2.770
- Arrival Time                  0.217
= Slack Time                    2.553
     Clock Rise Edge                 0.000
     + Clock Network Latency (Prop)  0.146
     = Beginpoint Arrival Time       0.146
     +-------------------------------------------------------------------------------------------+ 
     |             Instance             |       Arc       |  Cell   | Delay | Arrival | Required | 
     |                                  |                 |         |       |  Time   |   Time   | 
     |----------------------------------+-----------------+---------+-------+---------+----------| 
     | datapath_EXMEM_aluResult_reg[24] | CK ^            |         |       |   0.146 |    2.699 | 
     | datapath_EXMEM_aluResult_reg[24] | CK ^ -> Q ^     | DFFR_X1 | 0.071 |   0.217 |    2.770 | 
     |                                  | dmem_addr[24] ^ |         | 0.000 |   0.217 |    2.770 | 
     +-------------------------------------------------------------------------------------------+ 
Path 47: MET Late External Delay Assertion 
Endpoint:   dbg_wb_enable                 (^) checked with  leading edge of 
'clk'
Beginpoint: datapath_MEMWB_regWrite_reg/Q (^) triggered by  leading edge of 
'clk'
Path Groups: {clk}
Analysis View: RPT_FAST
Other End Arrival Time          0.000
- External Delay                1.230
+ Phase Shift                   4.100
+ CPPR Adjustment               0.000
- Uncertainty                   0.100
= Required Time                 2.770
- Arrival Time                  0.217
= Slack Time                    2.553
     Clock Rise Edge                 0.000
     + Clock Network Latency (Prop)  0.145
     = Beginpoint Arrival Time       0.145
     +--------------------------------------------------------------------------------------+ 
     |          Instance           |       Arc       |  Cell   | Delay | Arrival | Required | 
     |                             |                 |         |       |  Time   |   Time   | 
     |-----------------------------+-----------------+---------+-------+---------+----------| 
     | datapath_MEMWB_regWrite_reg | CK ^            |         |       |   0.145 |    2.698 | 
     | datapath_MEMWB_regWrite_reg | CK ^ -> Q ^     | DFFR_X1 | 0.072 |   0.217 |    2.770 | 
     |                             | dbg_wb_enable ^ |         | 0.000 |   0.217 |    2.770 | 
     +--------------------------------------------------------------------------------------+ 
Path 48: MET Late External Delay Assertion 
Endpoint:   dmem_addr[4]                      (^) checked with  leading edge of 
'clk'
Beginpoint: datapath_EXMEM_aluResult_reg[4]/Q (^) triggered by  leading edge of 
'clk'
Path Groups: {clk}
Analysis View: RPT_FAST
Other End Arrival Time          0.000
- External Delay                1.230
+ Phase Shift                   4.100
+ CPPR Adjustment               0.000
- Uncertainty                   0.100
= Required Time                 2.770
- Arrival Time                  0.216
= Slack Time                    2.554
     Clock Rise Edge                 0.000
     + Clock Network Latency (Prop)  0.143
     = Beginpoint Arrival Time       0.143
     +-----------------------------------------------------------------------------------------+ 
     |            Instance             |      Arc       |  Cell   | Delay | Arrival | Required | 
     |                                 |                |         |       |  Time   |   Time   | 
     |---------------------------------+----------------+---------+-------+---------+----------| 
     | datapath_EXMEM_aluResult_reg[4] | CK ^           |         |       |   0.143 |    2.697 | 
     | datapath_EXMEM_aluResult_reg[4] | CK ^ -> Q ^    | DFFR_X1 | 0.073 |   0.216 |    2.770 | 
     |                                 | dmem_addr[4] ^ |         | 0.000 |   0.216 |    2.770 | 
     +-----------------------------------------------------------------------------------------+ 
Path 49: MET Late External Delay Assertion 
Endpoint:   dmem_addr[6]                      (^) checked with  leading edge of 
'clk'
Beginpoint: datapath_EXMEM_aluResult_reg[6]/Q (^) triggered by  leading edge of 
'clk'
Path Groups: {clk}
Analysis View: RPT_FAST
Other End Arrival Time          0.000
- External Delay                1.230
+ Phase Shift                   4.100
+ CPPR Adjustment               0.000
- Uncertainty                   0.100
= Required Time                 2.770
- Arrival Time                  0.216
= Slack Time                    2.554
     Clock Rise Edge                 0.000
     + Clock Network Latency (Prop)  0.143
     = Beginpoint Arrival Time       0.143
     +-----------------------------------------------------------------------------------------+ 
     |            Instance             |      Arc       |  Cell   | Delay | Arrival | Required | 
     |                                 |                |         |       |  Time   |   Time   | 
     |---------------------------------+----------------+---------+-------+---------+----------| 
     | datapath_EXMEM_aluResult_reg[6] | CK ^           |         |       |   0.143 |    2.697 | 
     | datapath_EXMEM_aluResult_reg[6] | CK ^ -> Q ^    | DFFR_X1 | 0.073 |   0.216 |    2.770 | 
     |                                 | dmem_addr[6] ^ |         | 0.000 |   0.216 |    2.770 | 
     +-----------------------------------------------------------------------------------------+ 
Path 50: MET Late External Delay Assertion 
Endpoint:   dmem_addr[9]                      (^) checked with  leading edge of 
'clk'
Beginpoint: datapath_EXMEM_aluResult_reg[9]/Q (^) triggered by  leading edge of 
'clk'
Path Groups: {clk}
Analysis View: RPT_FAST
Other End Arrival Time          0.000
- External Delay                1.230
+ Phase Shift                   4.100
+ CPPR Adjustment               0.000
- Uncertainty                   0.100
= Required Time                 2.770
- Arrival Time                  0.215
= Slack Time                    2.555
     Clock Rise Edge                 0.000
     + Clock Network Latency (Prop)  0.143
     = Beginpoint Arrival Time       0.143
     +-----------------------------------------------------------------------------------------+ 
     |            Instance             |      Arc       |  Cell   | Delay | Arrival | Required | 
     |                                 |                |         |       |  Time   |   Time   | 
     |---------------------------------+----------------+---------+-------+---------+----------| 
     | datapath_EXMEM_aluResult_reg[9] | CK ^           |         |       |   0.143 |    2.698 | 
     | datapath_EXMEM_aluResult_reg[9] | CK ^ -> Q ^    | DFFR_X1 | 0.072 |   0.215 |    2.770 | 
     |                                 | dmem_addr[9] ^ |         | 0.000 |   0.215 |    2.770 | 
     +-----------------------------------------------------------------------------------------+ 

