###############################################################
#  Generated by:      Cadence Innovus 23.12-s091_1
#  OS:                Linux x86_64(Host ID nanohub-2907946-1)
#  Generated on:      Tue Aug 11 14:58:17 2026
#  Design:            pipelined_cpu_core
#  Command:           report_timing -early -view RPT_TYP -max_paths 50 -nworst 1 > reports/41_hold_typ.rpt
###############################################################
Path 1: MET Hold Check with Pin datapath_IDEX_rd_reg[2]/CK 
Endpoint:   datapath_IDEX_rd_reg[2]/D     (v) checked with  leading edge of 
'clk'
Beginpoint: datapath_IFID_instr_reg[9]/QN (^) triggered by  leading edge of 
'clk'
Path Groups: {reg2reg}
Analysis View: RPT_TYP
Other End Arrival Time          0.214
+ Hold                          0.006
+ Phase Shift                   0.000
- CPPR Adjustment               0.000
+ Uncertainty                   0.020
= Required Time                 0.240
  Arrival Time                  0.296
  Slack Time                    0.056
     Clock Rise Edge                 0.000
     + Clock Network Latency (Prop)  0.213
     = Beginpoint Arrival Time       0.213
     +----------------------------------------------------------------------------------+ 
     |          Instance          |     Arc      |  Cell   | Delay | Arrival | Required | 
     |                            |              |         |       |  Time   |   Time   | 
     |----------------------------+--------------+---------+-------+---------+----------| 
     | datapath_IFID_instr_reg[9] | CK ^         |         |       |   0.213 |    0.157 | 
     | datapath_IFID_instr_reg[9] | CK ^ -> QN ^ | DFFR_X1 | 0.073 |   0.286 |    0.230 | 
     | g61941                     | A2 ^ -> ZN v | NOR2_X1 | 0.010 |   0.296 |    0.240 | 
     | datapath_IDEX_rd_reg[2]    | D v          | DFFR_X1 | 0.000 |   0.296 |    0.240 | 
     +----------------------------------------------------------------------------------+ 
Path 2: MET Hold Check with Pin datapath_IDEX_rd_reg[3]/CK 
Endpoint:   datapath_IDEX_rd_reg[3]/D      (v) checked with  leading edge of 
'clk'
Beginpoint: datapath_IFID_instr_reg[10]/QN (^) triggered by  leading edge of 
'clk'
Path Groups: {reg2reg}
Analysis View: RPT_TYP
Other End Arrival Time          0.214
+ Hold                          0.006
+ Phase Shift                   0.000
- CPPR Adjustment               0.000
+ Uncertainty                   0.020
= Required Time                 0.240
  Arrival Time                  0.297
  Slack Time                    0.057
     Clock Rise Edge                 0.000
     + Clock Network Latency (Prop)  0.213
     = Beginpoint Arrival Time       0.213
     +-----------------------------------------------------------------------------------+ 
     |          Instance           |     Arc      |  Cell   | Delay | Arrival | Required | 
     |                             |              |         |       |  Time   |   Time   | 
     |-----------------------------+--------------+---------+-------+---------+----------| 
     | datapath_IFID_instr_reg[10] | CK ^         |         |       |   0.213 |    0.156 | 
     | datapath_IFID_instr_reg[10] | CK ^ -> QN ^ | DFFR_X1 | 0.074 |   0.287 |    0.230 | 
     | g61945                      | A2 ^ -> ZN v | NOR2_X1 | 0.010 |   0.297 |    0.240 | 
     | datapath_IDEX_rd_reg[3]     | D v          | DFFR_X1 | 0.000 |   0.297 |    0.240 | 
     +-----------------------------------------------------------------------------------+ 
Path 3: MET Hold Check with Pin datapath_IDEX_rd_reg[1]/CK 
Endpoint:   datapath_IDEX_rd_reg[1]/D     (v) checked with  leading edge of 
'clk'
Beginpoint: datapath_IFID_instr_reg[8]/QN (^) triggered by  leading edge of 
'clk'
Path Groups: {reg2reg}
Analysis View: RPT_TYP
Other End Arrival Time          0.214
+ Hold                          0.006
+ Phase Shift                   0.000
- CPPR Adjustment               0.000
+ Uncertainty                   0.020
= Required Time                 0.240
  Arrival Time                  0.297
  Slack Time                    0.057
     Clock Rise Edge                 0.000
     + Clock Network Latency (Prop)  0.213
     = Beginpoint Arrival Time       0.213
     +----------------------------------------------------------------------------------+ 
     |          Instance          |     Arc      |  Cell   | Delay | Arrival | Required | 
     |                            |              |         |       |  Time   |   Time   | 
     |----------------------------+--------------+---------+-------+---------+----------| 
     | datapath_IFID_instr_reg[8] | CK ^         |         |       |   0.213 |    0.156 | 
     | datapath_IFID_instr_reg[8] | CK ^ -> QN ^ | DFFR_X1 | 0.074 |   0.287 |    0.230 | 
     | g61943                     | A2 ^ -> ZN v | NOR2_X1 | 0.010 |   0.297 |    0.240 | 
     | datapath_IDEX_rd_reg[1]    | D v          | DFFR_X1 | 0.000 |   0.297 |    0.240 | 
     +----------------------------------------------------------------------------------+ 
Path 4: MET Hold Check with Pin datapath_IDEX_rd_reg[4]/CK 
Endpoint:   datapath_IDEX_rd_reg[4]/D      (v) checked with  leading edge of 
'clk'
Beginpoint: datapath_IFID_instr_reg[11]/QN (^) triggered by  leading edge of 
'clk'
Path Groups: {reg2reg}
Analysis View: RPT_TYP
Other End Arrival Time          0.214
+ Hold                          0.006
+ Phase Shift                   0.000
- CPPR Adjustment               0.000
+ Uncertainty                   0.020
= Required Time                 0.240
  Arrival Time                  0.299
  Slack Time                    0.059
     Clock Rise Edge                 0.000
     + Clock Network Latency (Prop)  0.213
     = Beginpoint Arrival Time       0.213
     +-----------------------------------------------------------------------------------+ 
     |          Instance           |     Arc      |  Cell   | Delay | Arrival | Required | 
     |                             |              |         |       |  Time   |   Time   | 
     |-----------------------------+--------------+---------+-------+---------+----------| 
     | datapath_IFID_instr_reg[11] | CK ^         |         |       |   0.213 |    0.155 | 
     | datapath_IFID_instr_reg[11] | CK ^ -> QN ^ | DFFR_X1 | 0.075 |   0.288 |    0.229 | 
     | g61944                      | A2 ^ -> ZN v | NOR2_X1 | 0.011 |   0.299 |    0.240 | 
     | datapath_IDEX_rd_reg[4]     | D v          | DFFR_X1 | 0.000 |   0.299 |    0.240 | 
     +-----------------------------------------------------------------------------------+ 
Path 5: MET Hold Check with Pin datapath_IF_pc_reg[25]/CK 
Endpoint:   datapath_IF_pc_reg[25]/D  (v) checked with  leading edge of 'clk'
Beginpoint: datapath_IF_pc_reg[25]/QN (^) triggered by  leading edge of 'clk'
Path Groups: {reg2reg}
Analysis View: RPT_TYP
Other End Arrival Time          0.211
+ Hold                          0.006
+ Phase Shift                   0.000
- CPPR Adjustment               0.000
+ Uncertainty                   0.020
= Required Time                 0.237
  Arrival Time                  0.302
  Slack Time                    0.066
     Clock Rise Edge                 0.000
     + Clock Network Latency (Prop)  0.210
     = Beginpoint Arrival Time       0.210
     +--------------------------------------------------------------------------------+ 
     |        Instance        |     Arc      |   Cell    | Delay | Arrival | Required | 
     |                        |              |           |       |  Time   |   Time   | 
     |------------------------+--------------+-----------+-------+---------+----------| 
     | datapath_IF_pc_reg[25] | CK ^         |           |       |   0.210 |    0.145 | 
     | datapath_IF_pc_reg[25] | CK ^ -> QN ^ | DFFR_X1   | 0.073 |   0.283 |    0.218 | 
     | g59743                 | C2 ^ -> ZN v | OAI221_X1 | 0.019 |   0.302 |    0.237 | 
     | datapath_IF_pc_reg[25] | D v          | DFFR_X1   | 0.000 |   0.302 |    0.237 | 
     +--------------------------------------------------------------------------------+ 
Path 6: MET Hold Check with Pin datapath_IF_pc_reg[20]/CK 
Endpoint:   datapath_IF_pc_reg[20]/D  (v) checked with  leading edge of 'clk'
Beginpoint: datapath_IF_pc_reg[20]/QN (^) triggered by  leading edge of 'clk'
Path Groups: {reg2reg}
Analysis View: RPT_TYP
Other End Arrival Time          0.212
+ Hold                          0.006
+ Phase Shift                   0.000
- CPPR Adjustment               0.000
+ Uncertainty                   0.020
= Required Time                 0.238
  Arrival Time                  0.303
  Slack Time                    0.066
     Clock Rise Edge                 0.000
     + Clock Network Latency (Prop)  0.212
     = Beginpoint Arrival Time       0.212
     +--------------------------------------------------------------------------------+ 
     |        Instance        |     Arc      |   Cell    | Delay | Arrival | Required | 
     |                        |              |           |       |  Time   |   Time   | 
     |------------------------+--------------+-----------+-------+---------+----------| 
     | datapath_IF_pc_reg[20] | CK ^         |           |       |   0.212 |    0.146 | 
     | datapath_IF_pc_reg[20] | CK ^ -> QN ^ | DFFR_X1   | 0.072 |   0.284 |    0.218 | 
     | g59703                 | C2 ^ -> ZN v | OAI221_X1 | 0.019 |   0.303 |    0.238 | 
     | datapath_IF_pc_reg[20] | D v          | DFFR_X1   | 0.000 |   0.303 |    0.238 | 
     +--------------------------------------------------------------------------------+ 
Path 7: MET Hold Check with Pin datapath_EXMEM_memWrite_reg/CK 
Endpoint:   datapath_EXMEM_memWrite_reg/D (v) checked with  leading edge of 
'clk'
Beginpoint: datapath_IDEX_memWrite_reg/Q  (v) triggered by  leading edge of 
'clk'
Path Groups: {reg2reg}
Analysis View: RPT_TYP
Other End Arrival Time          0.212
+ Hold                          0.006
+ Phase Shift                   0.000
- CPPR Adjustment               0.000
+ Uncertainty                   0.020
= Required Time                 0.238
  Arrival Time                  0.303
  Slack Time                    0.066
     Clock Rise Edge                 0.000
     + Clock Network Latency (Prop)  0.212
     = Beginpoint Arrival Time       0.212
     +----------------------------------------------------------------------------------+ 
     |          Instance           |     Arc     |  Cell   | Delay | Arrival | Required | 
     |                             |             |         |       |  Time   |   Time   | 
     |-----------------------------+-------------+---------+-------+---------+----------| 
     | datapath_IDEX_memWrite_reg  | CK ^        |         |       |   0.212 |    0.146 | 
     | datapath_IDEX_memWrite_reg  | CK ^ -> Q v | DFFR_X1 | 0.092 |   0.303 |    0.238 | 
     | datapath_EXMEM_memWrite_reg | D v         | DFFR_X1 | 0.000 |   0.303 |    0.238 | 
     +----------------------------------------------------------------------------------+ 
Path 8: MET Hold Check with Pin datapath_IF_pc_reg[27]/CK 
Endpoint:   datapath_IF_pc_reg[27]/D  (v) checked with  leading edge of 'clk'
Beginpoint: datapath_IF_pc_reg[27]/QN (^) triggered by  leading edge of 'clk'
Path Groups: {reg2reg}
Analysis View: RPT_TYP
Other End Arrival Time          0.211
+ Hold                          0.006
+ Phase Shift                   0.000
- CPPR Adjustment               0.000
+ Uncertainty                   0.020
= Required Time                 0.237
  Arrival Time                  0.303
  Slack Time                    0.066
     Clock Rise Edge                 0.000
     + Clock Network Latency (Prop)  0.211
     = Beginpoint Arrival Time       0.211
     +--------------------------------------------------------------------------------+ 
     |        Instance        |     Arc      |   Cell    | Delay | Arrival | Required | 
     |                        |              |           |       |  Time   |   Time   | 
     |------------------------+--------------+-----------+-------+---------+----------| 
     | datapath_IF_pc_reg[27] | CK ^         |           |       |   0.211 |    0.145 | 
     | datapath_IF_pc_reg[27] | CK ^ -> QN ^ | DFFR_X1   | 0.072 |   0.283 |    0.218 | 
     | g59719                 | C2 ^ -> ZN v | OAI221_X1 | 0.019 |   0.303 |    0.237 | 
     | datapath_IF_pc_reg[27] | D v          | DFFR_X1   | 0.000 |   0.303 |    0.237 | 
     +--------------------------------------------------------------------------------+ 
Path 9: MET Hold Check with Pin datapath_IF_pc_reg[14]/CK 
Endpoint:   datapath_IF_pc_reg[14]/D  (v) checked with  leading edge of 'clk'
Beginpoint: datapath_IF_pc_reg[14]/QN (^) triggered by  leading edge of 'clk'
Path Groups: {reg2reg}
Analysis View: RPT_TYP
Other End Arrival Time          0.210
+ Hold                          0.006
+ Phase Shift                   0.000
- CPPR Adjustment               0.000
+ Uncertainty                   0.020
= Required Time                 0.236
  Arrival Time                  0.302
  Slack Time                    0.066
     Clock Rise Edge                 0.000
     + Clock Network Latency (Prop)  0.210
     = Beginpoint Arrival Time       0.210
     +--------------------------------------------------------------------------------+ 
     |        Instance        |     Arc      |   Cell    | Delay | Arrival | Required | 
     |                        |              |           |       |  Time   |   Time   | 
     |------------------------+--------------+-----------+-------+---------+----------| 
     | datapath_IF_pc_reg[14] | CK ^         |           |       |   0.210 |    0.144 | 
     | datapath_IF_pc_reg[14] | CK ^ -> QN ^ | DFFR_X1   | 0.072 |   0.282 |    0.216 | 
     | g59777                 | C2 ^ -> ZN v | OAI221_X1 | 0.020 |   0.302 |    0.236 | 
     | datapath_IF_pc_reg[14] | D v          | DFFR_X1   | 0.000 |   0.302 |    0.236 | 
     +--------------------------------------------------------------------------------+ 
Path 10: MET Hold Check with Pin datapath_IF_pc_reg[16]/CK 
Endpoint:   datapath_IF_pc_reg[16]/D  (v) checked with  leading edge of 'clk'
Beginpoint: datapath_IF_pc_reg[16]/QN (^) triggered by  leading edge of 'clk'
Path Groups: {reg2reg}
Analysis View: RPT_TYP
Other End Arrival Time          0.215
+ Hold                          0.006
+ Phase Shift                   0.000
- CPPR Adjustment               0.000
+ Uncertainty                   0.020
= Required Time                 0.241
  Arrival Time                  0.308
  Slack Time                    0.067
     Clock Rise Edge                 0.000
     + Clock Network Latency (Prop)  0.214
     = Beginpoint Arrival Time       0.214
     +--------------------------------------------------------------------------------+ 
     |        Instance        |     Arc      |   Cell    | Delay | Arrival | Required | 
     |                        |              |           |       |  Time   |   Time   | 
     |------------------------+--------------+-----------+-------+---------+----------| 
     | datapath_IF_pc_reg[16] | CK ^         |           |       |   0.214 |    0.147 | 
     | datapath_IF_pc_reg[16] | CK ^ -> QN ^ | DFFR_X1   | 0.074 |   0.289 |    0.222 | 
     | g59731                 | C2 ^ -> ZN v | OAI221_X1 | 0.019 |   0.308 |    0.241 | 
     | datapath_IF_pc_reg[16] | D v          | DFFR_X1   | 0.000 |   0.308 |    0.241 | 
     +--------------------------------------------------------------------------------+ 
Path 11: MET Hold Check with Pin datapath_EXMEM_storeData_reg[3]/CK 
Endpoint:   datapath_EXMEM_storeData_reg[3]/D (v) checked with  leading edge of 
'clk'
Beginpoint: datapath_IDEX_readData2_reg[3]/QN (^) triggered by  leading edge of 
'clk'
Path Groups: {reg2reg}
Analysis View: RPT_TYP
Other End Arrival Time          0.211
+ Hold                          0.006
+ Phase Shift                   0.000
- CPPR Adjustment               0.000
+ Uncertainty                   0.020
= Required Time                 0.237
  Arrival Time                  0.304
  Slack Time                    0.067
     Clock Rise Edge                 0.000
     + Clock Network Latency (Prop)  0.207
     = Beginpoint Arrival Time       0.207
     +----------------------------------------------------------------------------------------+ 
     |            Instance             |     Arc      |   Cell   | Delay | Arrival | Required | 
     |                                 |              |          |       |  Time   |   Time   | 
     |---------------------------------+--------------+----------+-------+---------+----------| 
     | datapath_IDEX_readData2_reg[3]  | CK ^         |          |       |   0.207 |    0.140 | 
     | datapath_IDEX_readData2_reg[3]  | CK ^ -> QN ^ | DFFR_X1  | 0.073 |   0.280 |    0.213 | 
     | g34218                          | B2 ^ -> ZN v | OAI21_X1 | 0.024 |   0.304 |    0.237 | 
     | datapath_EXMEM_storeData_reg[3] | D v          | DFFR_X1  | 0.000 |   0.304 |    0.237 | 
     +----------------------------------------------------------------------------------------+ 
Path 12: MET Hold Check with Pin datapath_EXMEM_storeData_reg[2]/CK 
Endpoint:   datapath_EXMEM_storeData_reg[2]/D (v) checked with  leading edge of 
'clk'
Beginpoint: datapath_IDEX_readData2_reg[2]/QN (^) triggered by  leading edge of 
'clk'
Path Groups: {reg2reg}
Analysis View: RPT_TYP
Other End Arrival Time          0.211
+ Hold                          0.006
+ Phase Shift                   0.000
- CPPR Adjustment               0.000
+ Uncertainty                   0.020
= Required Time                 0.237
  Arrival Time                  0.304
  Slack Time                    0.068
     Clock Rise Edge                 0.000
     + Clock Network Latency (Prop)  0.207
     = Beginpoint Arrival Time       0.207
     +----------------------------------------------------------------------------------------+ 
     |            Instance             |     Arc      |   Cell   | Delay | Arrival | Required | 
     |                                 |              |          |       |  Time   |   Time   | 
     |---------------------------------+--------------+----------+-------+---------+----------| 
     | datapath_IDEX_readData2_reg[2]  | CK ^         |          |       |   0.207 |    0.139 | 
     | datapath_IDEX_readData2_reg[2]  | CK ^ -> QN ^ | DFFR_X1  | 0.073 |   0.280 |    0.212 | 
     | g34219                          | B2 ^ -> ZN v | OAI21_X1 | 0.024 |   0.304 |    0.237 | 
     | datapath_EXMEM_storeData_reg[2] | D v          | DFFR_X1  | 0.000 |   0.304 |    0.237 | 
     +----------------------------------------------------------------------------------------+ 
Path 13: MET Hold Check with Pin datapath_EXMEM_storeData_reg[4]/CK 
Endpoint:   datapath_EXMEM_storeData_reg[4]/D (v) checked with  leading edge of 
'clk'
Beginpoint: datapath_IDEX_readData2_reg[4]/QN (^) triggered by  leading edge of 
'clk'
Path Groups: {reg2reg}
Analysis View: RPT_TYP
Other End Arrival Time          0.210
+ Hold                          0.006
+ Phase Shift                   0.000
- CPPR Adjustment               0.000
+ Uncertainty                   0.020
= Required Time                 0.236
  Arrival Time                  0.304
  Slack Time                    0.068
     Clock Rise Edge                 0.000
     + Clock Network Latency (Prop)  0.208
     = Beginpoint Arrival Time       0.208
     +----------------------------------------------------------------------------------------+ 
     |            Instance             |     Arc      |   Cell   | Delay | Arrival | Required | 
     |                                 |              |          |       |  Time   |   Time   | 
     |---------------------------------+--------------+----------+-------+---------+----------| 
     | datapath_IDEX_readData2_reg[4]  | CK ^         |          |       |   0.208 |    0.140 | 
     | datapath_IDEX_readData2_reg[4]  | CK ^ -> QN ^ | DFFR_X1  | 0.072 |   0.279 |    0.212 | 
     | g34217                          | B2 ^ -> ZN v | OAI21_X1 | 0.024 |   0.304 |    0.236 | 
     | datapath_EXMEM_storeData_reg[4] | D v          | DFFR_X1  | 0.000 |   0.304 |    0.236 | 
     +----------------------------------------------------------------------------------------+ 
Path 14: MET Hold Check with Pin datapath_IF_pc_reg[2]/CK 
Endpoint:   datapath_IF_pc_reg[2]/SI (^) checked with  leading edge of 'clk'
Beginpoint: datapath_IF_pc_reg[2]/Q  (^) triggered by  leading edge of 'clk'
Path Groups: {reg2reg}
Analysis View: RPT_TYP
Other End Arrival Time          0.212
+ Hold                         -0.009
+ Phase Shift                   0.000
- CPPR Adjustment               0.000
+ Uncertainty                   0.020
= Required Time                 0.223
  Arrival Time                  0.290
  Slack Time                    0.068
     Clock Rise Edge                 0.000
     + Clock Network Latency (Prop)  0.211
     = Beginpoint Arrival Time       0.211
     +-----------------------------------------------------------------------------+ 
     |       Instance        |     Arc     |   Cell   | Delay | Arrival | Required | 
     |                       |             |          |       |  Time   |   Time   | 
     |-----------------------+-------------+----------+-------+---------+----------| 
     | datapath_IF_pc_reg[2] | CK ^        |          |       |   0.211 |    0.144 | 
     | datapath_IF_pc_reg[2] | CK ^ -> Q ^ | SDFFR_X1 | 0.079 |   0.290 |    0.223 | 
     | datapath_IF_pc_reg[2] | SI ^        | SDFFR_X1 | 0.000 |   0.290 |    0.223 | 
     +-----------------------------------------------------------------------------+ 
Path 15: MET Hold Check with Pin datapath_EXMEM_storeData_reg[6]/CK 
Endpoint:   datapath_EXMEM_storeData_reg[6]/D (v) checked with  leading edge of 
'clk'
Beginpoint: datapath_IDEX_readData2_reg[6]/QN (^) triggered by  leading edge of 
'clk'
Path Groups: {reg2reg}
Analysis View: RPT_TYP
Other End Arrival Time          0.212
+ Hold                          0.006
+ Phase Shift                   0.000
- CPPR Adjustment               0.000
+ Uncertainty                   0.020
= Required Time                 0.237
  Arrival Time                  0.305
  Slack Time                    0.068
     Clock Rise Edge                 0.000
     + Clock Network Latency (Prop)  0.208
     = Beginpoint Arrival Time       0.208
     +----------------------------------------------------------------------------------------+ 
     |            Instance             |     Arc      |   Cell   | Delay | Arrival | Required | 
     |                                 |              |          |       |  Time   |   Time   | 
     |---------------------------------+--------------+----------+-------+---------+----------| 
     | datapath_IDEX_readData2_reg[6]  | CK ^         |          |       |   0.208 |    0.140 | 
     | datapath_IDEX_readData2_reg[6]  | CK ^ -> QN ^ | DFFR_X1  | 0.072 |   0.280 |    0.212 | 
     | g34215                          | B2 ^ -> ZN v | OAI21_X1 | 0.025 |   0.305 |    0.237 | 
     | datapath_EXMEM_storeData_reg[6] | D v          | DFFR_X1  | 0.000 |   0.305 |    0.237 | 
     +----------------------------------------------------------------------------------------+ 
Path 16: MET Hold Check with Pin datapath_MEMWB_regWrite_reg/CK 
Endpoint:   datapath_MEMWB_regWrite_reg/D (v) checked with  leading edge of 
'clk'
Beginpoint: datapath_EXMEM_regWrite_reg/Q (v) triggered by  leading edge of 
'clk'
Path Groups: {reg2reg}
Analysis View: RPT_TYP
Other End Arrival Time          0.210
+ Hold                          0.006
+ Phase Shift                   0.000
- CPPR Adjustment               0.000
+ Uncertainty                   0.020
= Required Time                 0.236
  Arrival Time                  0.304
  Slack Time                    0.068
     Clock Rise Edge                 0.000
     + Clock Network Latency (Prop)  0.210
     = Beginpoint Arrival Time       0.210
     +----------------------------------------------------------------------------------+ 
     |          Instance           |     Arc     |  Cell   | Delay | Arrival | Required | 
     |                             |             |         |       |  Time   |   Time   | 
     |-----------------------------+-------------+---------+-------+---------+----------| 
     | datapath_EXMEM_regWrite_reg | CK ^        |         |       |   0.210 |    0.141 | 
     | datapath_EXMEM_regWrite_reg | CK ^ -> Q v | DFFR_X1 | 0.094 |   0.304 |    0.236 | 
     | datapath_MEMWB_regWrite_reg | D v         | DFFR_X1 | 0.000 |   0.304 |    0.236 | 
     +----------------------------------------------------------------------------------+ 
Path 17: MET Hold Check with Pin datapath_MEMWB_aluResult_reg[5]/CK 
Endpoint:   datapath_MEMWB_aluResult_reg[5]/D (v) checked with  leading edge of 
'clk'
Beginpoint: datapath_EXMEM_aluResult_reg[5]/Q (v) triggered by  leading edge of 
'clk'
Path Groups: {reg2reg}
Analysis View: RPT_TYP
Other End Arrival Time          0.211
+ Hold                          0.006
+ Phase Shift                   0.000
- CPPR Adjustment               0.000
+ Uncertainty                   0.020
= Required Time                 0.237
  Arrival Time                  0.305
  Slack Time                    0.068
     Clock Rise Edge                 0.000
     + Clock Network Latency (Prop)  0.208
     = Beginpoint Arrival Time       0.208
     +--------------------------------------------------------------------------------------+ 
     |            Instance             |     Arc     |  Cell   | Delay | Arrival | Required | 
     |                                 |             |         |       |  Time   |   Time   | 
     |---------------------------------+-------------+---------+-------+---------+----------| 
     | datapath_EXMEM_aluResult_reg[5] | CK ^        |         |       |   0.208 |    0.140 | 
     | datapath_EXMEM_aluResult_reg[5] | CK ^ -> Q v | DFFR_X1 | 0.097 |   0.305 |    0.237 | 
     | datapath_MEMWB_aluResult_reg[5] | D v         | DFFR_X1 | 0.000 |   0.305 |    0.237 | 
     +--------------------------------------------------------------------------------------+ 
Path 18: MET Hold Check with Pin datapath_EXMEM_storeData_reg[1]/CK 
Endpoint:   datapath_EXMEM_storeData_reg[1]/D (v) checked with  leading edge of 
'clk'
Beginpoint: datapath_IDEX_readData2_reg[1]/QN (^) triggered by  leading edge of 
'clk'
Path Groups: {reg2reg}
Analysis View: RPT_TYP
Other End Arrival Time          0.210
+ Hold                          0.006
+ Phase Shift                   0.000
- CPPR Adjustment               0.000
+ Uncertainty                   0.020
= Required Time                 0.236
  Arrival Time                  0.305
  Slack Time                    0.069
     Clock Rise Edge                 0.000
     + Clock Network Latency (Prop)  0.207
     = Beginpoint Arrival Time       0.207
     +----------------------------------------------------------------------------------------+ 
     |            Instance             |     Arc      |   Cell   | Delay | Arrival | Required | 
     |                                 |              |          |       |  Time   |   Time   | 
     |---------------------------------+--------------+----------+-------+---------+----------| 
     | datapath_IDEX_readData2_reg[1]  | CK ^         |          |       |   0.207 |    0.139 | 
     | datapath_IDEX_readData2_reg[1]  | CK ^ -> QN ^ | DFFR_X1  | 0.072 |   0.280 |    0.211 | 
     | g34220                          | B2 ^ -> ZN v | OAI21_X1 | 0.025 |   0.305 |    0.236 | 
     | datapath_EXMEM_storeData_reg[1] | D v          | DFFR_X1  | 0.000 |   0.305 |    0.236 | 
     +----------------------------------------------------------------------------------------+ 
Path 19: MET Hold Check with Pin datapath_MEMWB_aluResult_reg[7]/CK 
Endpoint:   datapath_MEMWB_aluResult_reg[7]/D (v) checked with  leading edge of 
'clk'
Beginpoint: datapath_EXMEM_aluResult_reg[7]/Q (v) triggered by  leading edge of 
'clk'
Path Groups: {reg2reg}
Analysis View: RPT_TYP
Other End Arrival Time          0.212
+ Hold                          0.006
+ Phase Shift                   0.000
- CPPR Adjustment               0.000
+ Uncertainty                   0.020
= Required Time                 0.238
  Arrival Time                  0.307
  Slack Time                    0.069
     Clock Rise Edge                 0.000
     + Clock Network Latency (Prop)  0.208
     = Beginpoint Arrival Time       0.208
     +--------------------------------------------------------------------------------------+ 
     |            Instance             |     Arc     |  Cell   | Delay | Arrival | Required | 
     |                                 |             |         |       |  Time   |   Time   | 
     |---------------------------------+-------------+---------+-------+---------+----------| 
     | datapath_EXMEM_aluResult_reg[7] | CK ^        |         |       |   0.208 |    0.139 | 
     | datapath_EXMEM_aluResult_reg[7] | CK ^ -> Q v | DFFR_X1 | 0.099 |   0.307 |    0.238 | 
     | datapath_MEMWB_aluResult_reg[7] | D v         | DFFR_X1 | 0.000 |   0.307 |    0.238 | 
     +--------------------------------------------------------------------------------------+ 
Path 20: MET Hold Check with Pin datapath_MEMWB_rd_reg[0]/CK 
Endpoint:   datapath_MEMWB_rd_reg[0]/D (v) checked with  leading edge of 'clk'
Beginpoint: datapath_EXMEM_rd_reg[0]/Q (v) triggered by  leading edge of 'clk'
Path Groups: {reg2reg}
Analysis View: RPT_TYP
Other End Arrival Time          0.210
+ Hold                          0.006
+ Phase Shift                   0.000
- CPPR Adjustment               0.000
+ Uncertainty                   0.020
= Required Time                 0.236
  Arrival Time                  0.305
  Slack Time                    0.069
     Clock Rise Edge                 0.000
     + Clock Network Latency (Prop)  0.208
     = Beginpoint Arrival Time       0.208
     +-------------------------------------------------------------------------------+ 
     |         Instance         |     Arc     |  Cell   | Delay | Arrival | Required | 
     |                          |             |         |       |  Time   |   Time   | 
     |--------------------------+-------------+---------+-------+---------+----------| 
     | datapath_EXMEM_rd_reg[0] | CK ^        |         |       |   0.208 |    0.139 | 
     | datapath_EXMEM_rd_reg[0] | CK ^ -> Q v | DFFR_X1 | 0.097 |   0.305 |    0.236 | 
     | datapath_MEMWB_rd_reg[0] | D v         | DFFR_X1 | 0.000 |   0.305 |    0.236 | 
     +-------------------------------------------------------------------------------+ 
Path 21: MET Hold Check with Pin datapath_EXMEM_storeData_reg[8]/CK 
Endpoint:   datapath_EXMEM_storeData_reg[8]/D (v) checked with  leading edge of 
'clk'
Beginpoint: datapath_IDEX_readData2_reg[8]/QN (^) triggered by  leading edge of 
'clk'
Path Groups: {reg2reg}
Analysis View: RPT_TYP
Other End Arrival Time          0.211
+ Hold                          0.006
+ Phase Shift                   0.000
- CPPR Adjustment               0.000
+ Uncertainty                   0.020
= Required Time                 0.236
  Arrival Time                  0.306
  Slack Time                    0.070
     Clock Rise Edge                 0.000
     + Clock Network Latency (Prop)  0.207
     = Beginpoint Arrival Time       0.207
     +----------------------------------------------------------------------------------------+ 
     |            Instance             |     Arc      |   Cell   | Delay | Arrival | Required | 
     |                                 |              |          |       |  Time   |   Time   | 
     |---------------------------------+--------------+----------+-------+---------+----------| 
     | datapath_IDEX_readData2_reg[8]  | CK ^         |          |       |   0.207 |    0.137 | 
     | datapath_IDEX_readData2_reg[8]  | CK ^ -> QN ^ | DFFR_X1  | 0.073 |   0.280 |    0.211 | 
     | g34213                          | B2 ^ -> ZN v | OAI21_X1 | 0.026 |   0.306 |    0.236 | 
     | datapath_EXMEM_storeData_reg[8] | D v          | DFFR_X1  | 0.000 |   0.306 |    0.236 | 
     +----------------------------------------------------------------------------------------+ 
Path 22: MET Hold Check with Pin datapath_MEMWB_rd_reg[4]/CK 
Endpoint:   datapath_MEMWB_rd_reg[4]/D (v) checked with  leading edge of 'clk'
Beginpoint: datapath_EXMEM_rd_reg[4]/Q (v) triggered by  leading edge of 'clk'
Path Groups: {reg2reg}
Analysis View: RPT_TYP
Other End Arrival Time          0.208
+ Hold                          0.006
+ Phase Shift                   0.000
- CPPR Adjustment               0.000
+ Uncertainty                   0.020
= Required Time                 0.234
  Arrival Time                  0.304
  Slack Time                    0.070
     Clock Rise Edge                 0.000
     + Clock Network Latency (Prop)  0.208
     = Beginpoint Arrival Time       0.208
     +-------------------------------------------------------------------------------+ 
     |         Instance         |     Arc     |  Cell   | Delay | Arrival | Required | 
     |                          |             |         |       |  Time   |   Time   | 
     |--------------------------+-------------+---------+-------+---------+----------| 
     | datapath_EXMEM_rd_reg[4] | CK ^        |         |       |   0.208 |    0.138 | 
     | datapath_EXMEM_rd_reg[4] | CK ^ -> Q v | DFFR_X1 | 0.096 |   0.304 |    0.234 | 
     | datapath_MEMWB_rd_reg[4] | D v         | DFFR_X1 | 0.000 |   0.304 |    0.234 | 
     +-------------------------------------------------------------------------------+ 
Path 23: MET Hold Check with Pin datapath_IDEX_operation_reg[0]/CK 
Endpoint:   datapath_IDEX_operation_reg[0]/D (v) checked with  leading edge of 
'clk'
Beginpoint: datapath_IFID_instr_reg[13]/QN   (^) triggered by  leading edge of 
'clk'
Path Groups: {reg2reg}
Analysis View: RPT_TYP
Other End Arrival Time          0.211
+ Hold                          0.006
+ Phase Shift                   0.000
- CPPR Adjustment               0.000
+ Uncertainty                   0.020
= Required Time                 0.237
  Arrival Time                  0.306
  Slack Time                    0.070
     Clock Rise Edge                 0.000
     + Clock Network Latency (Prop)  0.211
     = Beginpoint Arrival Time       0.211
     +--------------------------------------------------------------------------------------+ 
     |            Instance            |     Arc      |  Cell   | Delay | Arrival | Required | 
     |                                |              |         |       |  Time   |   Time   | 
     |--------------------------------+--------------+---------+-------+---------+----------| 
     | datapath_IFID_instr_reg[13]    | CK ^         |         |       |   0.211 |    0.141 | 
     | datapath_IFID_instr_reg[13]    | CK ^ -> QN ^ | DFFR_X1 | 0.080 |   0.291 |    0.221 | 
     | g34620                         | A2 ^ -> ZN v | NOR4_X1 | 0.016 |   0.306 |    0.236 | 
     | datapath_IDEX_operation_reg[0] | D v          | DFFR_X1 | 0.000 |   0.306 |    0.237 | 
     +--------------------------------------------------------------------------------------+ 
Path 24: MET Hold Check with Pin datapath_MEMWB_aluResult_reg[15]/CK 
Endpoint:   datapath_MEMWB_aluResult_reg[15]/D (v) checked with  leading edge 
of 'clk'
Beginpoint: datapath_EXMEM_aluResult_reg[15]/Q (v) triggered by  leading edge 
of 'clk'
Path Groups: {reg2reg}
Analysis View: RPT_TYP
Other End Arrival Time          0.213
+ Hold                          0.006
+ Phase Shift                   0.000
- CPPR Adjustment               0.000
+ Uncertainty                   0.020
= Required Time                 0.239
  Arrival Time                  0.309
  Slack Time                    0.070
     Clock Rise Edge                 0.000
     + Clock Network Latency (Prop)  0.211
     = Beginpoint Arrival Time       0.211
     +---------------------------------------------------------------------------------------+ 
     |             Instance             |     Arc     |  Cell   | Delay | Arrival | Required | 
     |                                  |             |         |       |  Time   |   Time   | 
     |----------------------------------+-------------+---------+-------+---------+----------| 
     | datapath_EXMEM_aluResult_reg[15] | CK ^        |         |       |   0.211 |    0.141 | 
     | datapath_EXMEM_aluResult_reg[15] | CK ^ -> Q v | DFFR_X1 | 0.098 |   0.309 |    0.239 | 
     | datapath_MEMWB_aluResult_reg[15] | D v         | DFFR_X1 | 0.000 |   0.309 |    0.239 | 
     +---------------------------------------------------------------------------------------+ 
Path 25: MET Hold Check with Pin datapath_EXMEM_storeData_reg[18]/CK 
Endpoint:   datapath_EXMEM_storeData_reg[18]/D (v) checked with  leading edge 
of 'clk'
Beginpoint: datapath_IDEX_readData2_reg[18]/QN (^) triggered by  leading edge 
of 'clk'
Path Groups: {reg2reg}
Analysis View: RPT_TYP
Other End Arrival Time          0.212
+ Hold                          0.006
+ Phase Shift                   0.000
- CPPR Adjustment               0.000
+ Uncertainty                   0.020
= Required Time                 0.237
  Arrival Time                  0.308
  Slack Time                    0.070
     Clock Rise Edge                 0.000
     + Clock Network Latency (Prop)  0.211
     = Beginpoint Arrival Time       0.211
     +-----------------------------------------------------------------------------------------+ 
     |             Instance             |     Arc      |   Cell   | Delay | Arrival | Required | 
     |                                  |              |          |       |  Time   |   Time   | 
     |----------------------------------+--------------+----------+-------+---------+----------| 
     | datapath_IDEX_readData2_reg[18]  | CK ^         |          |       |   0.211 |    0.141 | 
     | datapath_IDEX_readData2_reg[18]  | CK ^ -> QN ^ | DFFR_X1  | 0.072 |   0.283 |    0.213 | 
     | g34203                           | B2 ^ -> ZN v | OAI21_X1 | 0.025 |   0.308 |    0.237 | 
     | datapath_EXMEM_storeData_reg[18] | D v          | DFFR_X1  | 0.000 |   0.308 |    0.237 | 
     +-----------------------------------------------------------------------------------------+ 
Path 26: MET Hold Check with Pin datapath_MEMWB_memToReg_reg/CK 
Endpoint:   datapath_MEMWB_memToReg_reg/D (v) checked with  leading edge of 
'clk'
Beginpoint: datapath_EXMEM_memRead_reg/Q  (v) triggered by  leading edge of 
'clk'
Path Groups: {reg2reg}
Analysis View: RPT_TYP
Other End Arrival Time          0.212
+ Hold                          0.005
+ Phase Shift                   0.000
- CPPR Adjustment               0.000
+ Uncertainty                   0.020
= Required Time                 0.237
  Arrival Time                  0.308
  Slack Time                    0.070
     Clock Rise Edge                 0.000
     + Clock Network Latency (Prop)  0.212
     = Beginpoint Arrival Time       0.212
     +----------------------------------------------------------------------------------+ 
     |          Instance           |     Arc     |  Cell   | Delay | Arrival | Required | 
     |                             |             |         |       |  Time   |   Time   | 
     |-----------------------------+-------------+---------+-------+---------+----------| 
     | datapath_EXMEM_memRead_reg  | CK ^        |         |       |   0.212 |    0.142 | 
     | datapath_EXMEM_memRead_reg  | CK ^ -> Q v | DFFR_X1 | 0.096 |   0.308 |    0.237 | 
     | datapath_MEMWB_memToReg_reg | D v         | DFFR_X2 | 0.000 |   0.308 |    0.237 | 
     +----------------------------------------------------------------------------------+ 
Path 27: MET Hold Check with Pin datapath_IF_pc_reg[30]/CK 
Endpoint:   datapath_IF_pc_reg[30]/D  (v) checked with  leading edge of 'clk'
Beginpoint: datapath_IF_pc_reg[30]/QN (^) triggered by  leading edge of 'clk'
Path Groups: {reg2reg}
Analysis View: RPT_TYP
Other End Arrival Time          0.215
+ Hold                          0.006
+ Phase Shift                   0.000
- CPPR Adjustment               0.000
+ Uncertainty                   0.020
= Required Time                 0.241
  Arrival Time                  0.311
  Slack Time                    0.070
     Clock Rise Edge                 0.000
     + Clock Network Latency (Prop)  0.215
     = Beginpoint Arrival Time       0.215
     +--------------------------------------------------------------------------------+ 
     |        Instance        |     Arc      |   Cell    | Delay | Arrival | Required | 
     |                        |              |           |       |  Time   |   Time   | 
     |------------------------+--------------+-----------+-------+---------+----------| 
     | datapath_IF_pc_reg[30] | CK ^         |           |       |   0.215 |    0.144 | 
     | datapath_IF_pc_reg[30] | CK ^ -> QN ^ | DFFR_X1   | 0.076 |   0.291 |    0.221 | 
     | g59698                 | C2 ^ -> ZN v | OAI221_X1 | 0.020 |   0.311 |    0.241 | 
     | datapath_IF_pc_reg[30] | D v          | DFFR_X1   | 0.000 |   0.311 |    0.241 | 
     +--------------------------------------------------------------------------------+ 
Path 28: MET Hold Check with Pin datapath_MEMWB_aluResult_reg[3]/CK 
Endpoint:   datapath_MEMWB_aluResult_reg[3]/D (v) checked with  leading edge of 
'clk'
Beginpoint: datapath_EXMEM_aluResult_reg[3]/Q (v) triggered by  leading edge of 
'clk'
Path Groups: {reg2reg}
Analysis View: RPT_TYP
Other End Arrival Time          0.208
+ Hold                          0.006
+ Phase Shift                   0.000
- CPPR Adjustment               0.000
+ Uncertainty                   0.020
= Required Time                 0.233
  Arrival Time                  0.304
  Slack Time                    0.070
     Clock Rise Edge                 0.000
     + Clock Network Latency (Prop)  0.207
     = Beginpoint Arrival Time       0.207
     +--------------------------------------------------------------------------------------+ 
     |            Instance             |     Arc     |  Cell   | Delay | Arrival | Required | 
     |                                 |             |         |       |  Time   |   Time   | 
     |---------------------------------+-------------+---------+-------+---------+----------| 
     | datapath_EXMEM_aluResult_reg[3] | CK ^        |         |       |   0.207 |    0.137 | 
     | datapath_EXMEM_aluResult_reg[3] | CK ^ -> Q v | DFFR_X1 | 0.097 |   0.304 |    0.233 | 
     | datapath_MEMWB_aluResult_reg[3] | D v         | DFFR_X1 | 0.000 |   0.304 |    0.233 | 
     +--------------------------------------------------------------------------------------+ 
Path 29: MET Hold Check with Pin datapath_EXMEM_storeData_reg[9]/CK 
Endpoint:   datapath_EXMEM_storeData_reg[9]/D (v) checked with  leading edge of 
'clk'
Beginpoint: datapath_IDEX_readData2_reg[9]/QN (^) triggered by  leading edge of 
'clk'
Path Groups: {reg2reg}
Analysis View: RPT_TYP
Other End Arrival Time          0.212
+ Hold                          0.006
+ Phase Shift                   0.000
- CPPR Adjustment               0.000
+ Uncertainty                   0.020
= Required Time                 0.237
  Arrival Time                  0.308
  Slack Time                    0.070
     Clock Rise Edge                 0.000
     + Clock Network Latency (Prop)  0.211
     = Beginpoint Arrival Time       0.211
     +----------------------------------------------------------------------------------------+ 
     |            Instance             |     Arc      |   Cell   | Delay | Arrival | Required | 
     |                                 |              |          |       |  Time   |   Time   | 
     |---------------------------------+--------------+----------+-------+---------+----------| 
     | datapath_IDEX_readData2_reg[9]  | CK ^         |          |       |   0.211 |    0.141 | 
     | datapath_IDEX_readData2_reg[9]  | CK ^ -> QN ^ | DFFR_X1  | 0.073 |   0.284 |    0.214 | 
     | g34212                          | B2 ^ -> ZN v | OAI21_X1 | 0.024 |   0.308 |    0.237 | 
     | datapath_EXMEM_storeData_reg[9] | D v          | DFFR_X1  | 0.000 |   0.308 |    0.237 | 
     +----------------------------------------------------------------------------------------+ 
Path 30: MET Hold Check with Pin datapath_IF_pc_reg[18]/CK 
Endpoint:   datapath_IF_pc_reg[18]/D  (v) checked with  leading edge of 'clk'
Beginpoint: datapath_IF_pc_reg[18]/QN (^) triggered by  leading edge of 'clk'
Path Groups: {reg2reg}
Analysis View: RPT_TYP
Other End Arrival Time          0.215
+ Hold                          0.006
+ Phase Shift                   0.000
- CPPR Adjustment               0.000
+ Uncertainty                   0.020
= Required Time                 0.241
  Arrival Time                  0.312
  Slack Time                    0.070
     Clock Rise Edge                 0.000
     + Clock Network Latency (Prop)  0.215
     = Beginpoint Arrival Time       0.215
     +--------------------------------------------------------------------------------+ 
     |        Instance        |     Arc      |   Cell    | Delay | Arrival | Required | 
     |                        |              |           |       |  Time   |   Time   | 
     |------------------------+--------------+-----------+-------+---------+----------| 
     | datapath_IF_pc_reg[18] | CK ^         |           |       |   0.215 |    0.144 | 
     | datapath_IF_pc_reg[18] | CK ^ -> QN ^ | DFFR_X1   | 0.074 |   0.288 |    0.218 | 
     | g59697                 | C2 ^ -> ZN v | OAI222_X1 | 0.023 |   0.312 |    0.241 | 
     | datapath_IF_pc_reg[18] | D v          | DFFR_X1   | 0.000 |   0.312 |    0.241 | 
     +--------------------------------------------------------------------------------+ 
Path 31: MET Hold Check with Pin datapath_EXMEM_memRead_reg/CK 
Endpoint:   datapath_EXMEM_memRead_reg/D (v) checked with  leading edge of 'clk'
Beginpoint: datapath_IDEX_memRead_reg/Q  (v) triggered by  leading edge of 'clk'
Path Groups: {reg2reg}
Analysis View: RPT_TYP
Other End Arrival Time          0.212
+ Hold                          0.006
+ Phase Shift                   0.000
- CPPR Adjustment               0.000
+ Uncertainty                   0.020
= Required Time                 0.238
  Arrival Time                  0.309
  Slack Time                    0.071
     Clock Rise Edge                 0.000
     + Clock Network Latency (Prop)  0.213
     = Beginpoint Arrival Time       0.213
     +---------------------------------------------------------------------------------+ 
     |          Instance          |     Arc     |  Cell   | Delay | Arrival | Required | 
     |                            |             |         |       |  Time   |   Time   | 
     |----------------------------+-------------+---------+-------+---------+----------| 
     | datapath_IDEX_memRead_reg  | CK ^        |         |       |   0.213 |    0.143 | 
     | datapath_IDEX_memRead_reg  | CK ^ -> Q v | DFFR_X1 | 0.095 |   0.309 |    0.238 | 
     | datapath_EXMEM_memRead_reg | D v         | DFFR_X1 | 0.000 |   0.309 |    0.238 | 
     +---------------------------------------------------------------------------------+ 
Path 32: MET Hold Check with Pin datapath_MEMWB_aluResult_reg[25]/CK 
Endpoint:   datapath_MEMWB_aluResult_reg[25]/D (v) checked with  leading edge 
of 'clk'
Beginpoint: datapath_EXMEM_aluResult_reg[25]/Q (v) triggered by  leading edge 
of 'clk'
Path Groups: {reg2reg}
Analysis View: RPT_TYP
Other End Arrival Time          0.214
+ Hold                          0.006
+ Phase Shift                   0.000
- CPPR Adjustment               0.000
+ Uncertainty                   0.020
= Required Time                 0.239
  Arrival Time                  0.310
  Slack Time                    0.071
     Clock Rise Edge                 0.000
     + Clock Network Latency (Prop)  0.204
     = Beginpoint Arrival Time       0.204
     +---------------------------------------------------------------------------------------+ 
     |             Instance             |     Arc     |  Cell   | Delay | Arrival | Required | 
     |                                  |             |         |       |  Time   |   Time   | 
     |----------------------------------+-------------+---------+-------+---------+----------| 
     | datapath_EXMEM_aluResult_reg[25] | CK ^        |         |       |   0.204 |    0.133 | 
     | datapath_EXMEM_aluResult_reg[25] | CK ^ -> Q v | DFFR_X1 | 0.105 |   0.309 |    0.239 | 
     | datapath_MEMWB_aluResult_reg[25] | D v         | DFFR_X1 | 0.001 |   0.310 |    0.239 | 
     +---------------------------------------------------------------------------------------+ 
Path 33: MET Hold Check with Pin datapath_EXMEM_storeData_reg[16]/CK 
Endpoint:   datapath_EXMEM_storeData_reg[16]/D (v) checked with  leading edge 
of 'clk'
Beginpoint: datapath_IDEX_readData2_reg[16]/QN (^) triggered by  leading edge 
of 'clk'
Path Groups: {reg2reg}
Analysis View: RPT_TYP
Other End Arrival Time          0.212
+ Hold                          0.006
+ Phase Shift                   0.000
- CPPR Adjustment               0.000
+ Uncertainty                   0.020
= Required Time                 0.237
  Arrival Time                  0.308
  Slack Time                    0.071
     Clock Rise Edge                 0.000
     + Clock Network Latency (Prop)  0.212
     = Beginpoint Arrival Time       0.212
     +-----------------------------------------------------------------------------------------+ 
     |             Instance             |     Arc      |   Cell   | Delay | Arrival | Required | 
     |                                  |              |          |       |  Time   |   Time   | 
     |----------------------------------+--------------+----------+-------+---------+----------| 
     | datapath_IDEX_readData2_reg[16]  | CK ^         |          |       |   0.212 |    0.141 | 
     | datapath_IDEX_readData2_reg[16]  | CK ^ -> QN ^ | DFFR_X1  | 0.072 |   0.284 |    0.213 | 
     | g34205                           | B2 ^ -> ZN v | OAI21_X1 | 0.025 |   0.308 |    0.237 | 
     | datapath_EXMEM_storeData_reg[16] | D v          | DFFR_X1  | 0.000 |   0.308 |    0.237 | 
     +-----------------------------------------------------------------------------------------+ 
Path 34: MET Hold Check with Pin datapath_EXMEM_storeData_reg[19]/CK 
Endpoint:   datapath_EXMEM_storeData_reg[19]/D (v) checked with  leading edge 
of 'clk'
Beginpoint: datapath_IDEX_readData2_reg[19]/QN (^) triggered by  leading edge 
of 'clk'
Path Groups: {reg2reg}
Analysis View: RPT_TYP
Other End Arrival Time          0.211
+ Hold                          0.006
+ Phase Shift                   0.000
- CPPR Adjustment               0.000
+ Uncertainty                   0.020
= Required Time                 0.237
  Arrival Time                  0.308
  Slack Time                    0.071
     Clock Rise Edge                 0.000
     + Clock Network Latency (Prop)  0.212
     = Beginpoint Arrival Time       0.212
     +-----------------------------------------------------------------------------------------+ 
     |             Instance             |     Arc      |   Cell   | Delay | Arrival | Required | 
     |                                  |              |          |       |  Time   |   Time   | 
     |----------------------------------+--------------+----------+-------+---------+----------| 
     | datapath_IDEX_readData2_reg[19]  | CK ^         |          |       |   0.212 |    0.141 | 
     | datapath_IDEX_readData2_reg[19]  | CK ^ -> QN ^ | DFFR_X1  | 0.072 |   0.284 |    0.213 | 
     | g34202                           | B2 ^ -> ZN v | OAI21_X1 | 0.024 |   0.308 |    0.237 | 
     | datapath_EXMEM_storeData_reg[19] | D v          | DFFR_X1  | 0.000 |   0.308 |    0.237 | 
     +-----------------------------------------------------------------------------------------+ 
Path 35: MET Hold Check with Pin datapath_IF_pc_reg[1]/CK 
Endpoint:   datapath_IF_pc_reg[1]/SI (^) checked with  leading edge of 'clk'
Beginpoint: datapath_IF_pc_reg[1]/Q  (^) triggered by  leading edge of 'clk'
Path Groups: {reg2reg}
Analysis View: RPT_TYP
Other End Arrival Time          0.214
+ Hold                         -0.009
+ Phase Shift                   0.000
- CPPR Adjustment               0.000
+ Uncertainty                   0.020
= Required Time                 0.225
  Arrival Time                  0.296
  Slack Time                    0.071
     Clock Rise Edge                 0.000
     + Clock Network Latency (Prop)  0.213
     = Beginpoint Arrival Time       0.213
     +-----------------------------------------------------------------------------+ 
     |       Instance        |     Arc     |   Cell   | Delay | Arrival | Required | 
     |                       |             |          |       |  Time   |   Time   | 
     |-----------------------+-------------+----------+-------+---------+----------| 
     | datapath_IF_pc_reg[1] | CK ^        |          |       |   0.213 |    0.142 | 
     | datapath_IF_pc_reg[1] | CK ^ -> Q ^ | SDFFR_X1 | 0.082 |   0.296 |    0.225 | 
     | datapath_IF_pc_reg[1] | SI ^        | SDFFR_X1 | 0.000 |   0.296 |    0.225 | 
     +-----------------------------------------------------------------------------+ 
Path 36: MET Hold Check with Pin datapath_EXMEM_storeData_reg[20]/CK 
Endpoint:   datapath_EXMEM_storeData_reg[20]/D (v) checked with  leading edge 
of 'clk'
Beginpoint: datapath_IDEX_readData2_reg[20]/QN (^) triggered by  leading edge 
of 'clk'
Path Groups: {reg2reg}
Analysis View: RPT_TYP
Other End Arrival Time          0.212
+ Hold                          0.006
+ Phase Shift                   0.000
- CPPR Adjustment               0.000
+ Uncertainty                   0.020
= Required Time                 0.238
  Arrival Time                  0.309
  Slack Time                    0.071
     Clock Rise Edge                 0.000
     + Clock Network Latency (Prop)  0.213
     = Beginpoint Arrival Time       0.213
     +-----------------------------------------------------------------------------------------+ 
     |             Instance             |     Arc      |   Cell   | Delay | Arrival | Required | 
     |                                  |              |          |       |  Time   |   Time   | 
     |----------------------------------+--------------+----------+-------+---------+----------| 
     | datapath_IDEX_readData2_reg[20]  | CK ^         |          |       |   0.213 |    0.142 | 
     | datapath_IDEX_readData2_reg[20]  | CK ^ -> QN ^ | DFFR_X1  | 0.073 |   0.286 |    0.215 | 
     | g34201                           | B2 ^ -> ZN v | OAI21_X1 | 0.023 |   0.309 |    0.238 | 
     | datapath_EXMEM_storeData_reg[20] | D v          | DFFR_X1  | 0.000 |   0.309 |    0.238 | 
     +-----------------------------------------------------------------------------------------+ 
Path 37: MET Hold Check with Pin datapath_EXMEM_storeData_reg[14]/CK 
Endpoint:   datapath_EXMEM_storeData_reg[14]/D (v) checked with  leading edge 
of 'clk'
Beginpoint: datapath_IDEX_readData2_reg[14]/QN (^) triggered by  leading edge 
of 'clk'
Path Groups: {reg2reg}
Analysis View: RPT_TYP
Other End Arrival Time          0.212
+ Hold                          0.006
+ Phase Shift                   0.000
- CPPR Adjustment               0.000
+ Uncertainty                   0.020
= Required Time                 0.237
  Arrival Time                  0.309
  Slack Time                    0.071
     Clock Rise Edge                 0.000
     + Clock Network Latency (Prop)  0.213
     = Beginpoint Arrival Time       0.213
     +-----------------------------------------------------------------------------------------+ 
     |             Instance             |     Arc      |   Cell   | Delay | Arrival | Required | 
     |                                  |              |          |       |  Time   |   Time   | 
     |----------------------------------+--------------+----------+-------+---------+----------| 
     | datapath_IDEX_readData2_reg[14]  | CK ^         |          |       |   0.213 |    0.142 | 
     | datapath_IDEX_readData2_reg[14]  | CK ^ -> QN ^ | DFFR_X1  | 0.072 |   0.285 |    0.213 | 
     | g34214                           | B2 ^ -> ZN v | OAI21_X1 | 0.024 |   0.309 |    0.237 | 
     | datapath_EXMEM_storeData_reg[14] | D v          | DFFR_X1  | 0.000 |   0.309 |    0.237 | 
     +-----------------------------------------------------------------------------------------+ 
Path 38: MET Hold Check with Pin datapath_EXMEM_storeData_reg[26]/CK 
Endpoint:   datapath_EXMEM_storeData_reg[26]/D (v) checked with  leading edge 
of 'clk'
Beginpoint: datapath_IDEX_readData2_reg[26]/QN (^) triggered by  leading edge 
of 'clk'
Path Groups: {reg2reg}
Analysis View: RPT_TYP
Other End Arrival Time          0.204
+ Hold                          0.006
+ Phase Shift                   0.000
- CPPR Adjustment               0.000
+ Uncertainty                   0.020
= Required Time                 0.229
  Arrival Time                  0.301
  Slack Time                    0.071
     Clock Rise Edge                 0.000
     + Clock Network Latency (Prop)  0.203
     = Beginpoint Arrival Time       0.203
     +-----------------------------------------------------------------------------------------+ 
     |             Instance             |     Arc      |   Cell   | Delay | Arrival | Required | 
     |                                  |              |          |       |  Time   |   Time   | 
     |----------------------------------+--------------+----------+-------+---------+----------| 
     | datapath_IDEX_readData2_reg[26]  | CK ^         |          |       |   0.203 |    0.131 | 
     | datapath_IDEX_readData2_reg[26]  | CK ^ -> QN ^ | DFFR_X1  | 0.073 |   0.276 |    0.204 | 
     | g34195                           | B2 ^ -> ZN v | OAI21_X1 | 0.025 |   0.301 |    0.229 | 
     | datapath_EXMEM_storeData_reg[26] | D v          | DFFR_X1  | 0.000 |   0.301 |    0.229 | 
     +-----------------------------------------------------------------------------------------+ 
Path 39: MET Hold Check with Pin datapath_MEMWB_rd_reg[1]/CK 
Endpoint:   datapath_MEMWB_rd_reg[1]/D (v) checked with  leading edge of 'clk'
Beginpoint: datapath_EXMEM_rd_reg[1]/Q (v) triggered by  leading edge of 'clk'
Path Groups: {reg2reg}
Analysis View: RPT_TYP
Other End Arrival Time          0.210
+ Hold                          0.006
+ Phase Shift                   0.000
- CPPR Adjustment               0.000
+ Uncertainty                   0.020
= Required Time                 0.236
  Arrival Time                  0.307
  Slack Time                    0.071
     Clock Rise Edge                 0.000
     + Clock Network Latency (Prop)  0.208
     = Beginpoint Arrival Time       0.208
     +-------------------------------------------------------------------------------+ 
     |         Instance         |     Arc     |  Cell   | Delay | Arrival | Required | 
     |                          |             |         |       |  Time   |   Time   | 
     |--------------------------+-------------+---------+-------+---------+----------| 
     | datapath_EXMEM_rd_reg[1] | CK ^        |         |       |   0.208 |    0.137 | 
     | datapath_EXMEM_rd_reg[1] | CK ^ -> Q v | DFFR_X1 | 0.099 |   0.307 |    0.236 | 
     | datapath_MEMWB_rd_reg[1] | D v         | DFFR_X1 | 0.000 |   0.307 |    0.236 | 
     +-------------------------------------------------------------------------------+ 
Path 40: MET Hold Check with Pin datapath_MEMWB_aluResult_reg[0]/CK 
Endpoint:   datapath_MEMWB_aluResult_reg[0]/D (v) checked with  leading edge of 
'clk'
Beginpoint: datapath_EXMEM_aluResult_reg[0]/Q (v) triggered by  leading edge of 
'clk'
Path Groups: {reg2reg}
Analysis View: RPT_TYP
Other End Arrival Time          0.212
+ Hold                          0.006
+ Phase Shift                   0.000
- CPPR Adjustment               0.000
+ Uncertainty                   0.020
= Required Time                 0.238
  Arrival Time                  0.309
  Slack Time                    0.071
     Clock Rise Edge                 0.000
     + Clock Network Latency (Prop)  0.208
     = Beginpoint Arrival Time       0.208
     +--------------------------------------------------------------------------------------+ 
     |            Instance             |     Arc     |  Cell   | Delay | Arrival | Required | 
     |                                 |             |         |       |  Time   |   Time   | 
     |---------------------------------+-------------+---------+-------+---------+----------| 
     | datapath_EXMEM_aluResult_reg[0] | CK ^        |         |       |   0.208 |    0.136 | 
     | datapath_EXMEM_aluResult_reg[0] | CK ^ -> Q v | DFFR_X1 | 0.102 |   0.309 |    0.238 | 
     | datapath_MEMWB_aluResult_reg[0] | D v         | DFFR_X1 | 0.000 |   0.309 |    0.238 | 
     +--------------------------------------------------------------------------------------+ 
Path 41: MET Hold Check with Pin datapath_EXMEM_storeData_reg[11]/CK 
Endpoint:   datapath_EXMEM_storeData_reg[11]/D (v) checked with  leading edge 
of 'clk'
Beginpoint: datapath_IDEX_readData2_reg[11]/QN (^) triggered by  leading edge 
of 'clk'
Path Groups: {reg2reg}
Analysis View: RPT_TYP
Other End Arrival Time          0.209
+ Hold                          0.006
+ Phase Shift                   0.000
- CPPR Adjustment               0.000
+ Uncertainty                   0.020
= Required Time                 0.234
  Arrival Time                  0.306
  Slack Time                    0.072
     Clock Rise Edge                 0.000
     + Clock Network Latency (Prop)  0.209
     = Beginpoint Arrival Time       0.209
     +-----------------------------------------------------------------------------------------+ 
     |             Instance             |     Arc      |   Cell   | Delay | Arrival | Required | 
     |                                  |              |          |       |  Time   |   Time   | 
     |----------------------------------+--------------+----------+-------+---------+----------| 
     | datapath_IDEX_readData2_reg[11]  | CK ^         |          |       |   0.209 |    0.137 | 
     | datapath_IDEX_readData2_reg[11]  | CK ^ -> QN ^ | DFFR_X1  | 0.073 |   0.282 |    0.211 | 
     | g34210                           | B2 ^ -> ZN v | OAI21_X1 | 0.023 |   0.306 |    0.234 | 
     | datapath_EXMEM_storeData_reg[11] | D v          | DFFR_X1  | 0.000 |   0.306 |    0.234 | 
     +-----------------------------------------------------------------------------------------+ 
Path 42: MET Hold Check with Pin datapath_IF_pc_reg[17]/CK 
Endpoint:   datapath_IF_pc_reg[17]/D  (v) checked with  leading edge of 'clk'
Beginpoint: datapath_IF_pc_reg[17]/QN (^) triggered by  leading edge of 'clk'
Path Groups: {reg2reg}
Analysis View: RPT_TYP
Other End Arrival Time          0.215
+ Hold                          0.006
+ Phase Shift                   0.000
- CPPR Adjustment               0.000
+ Uncertainty                   0.020
= Required Time                 0.241
  Arrival Time                  0.313
  Slack Time                    0.072
     Clock Rise Edge                 0.000
     + Clock Network Latency (Prop)  0.215
     = Beginpoint Arrival Time       0.215
     +--------------------------------------------------------------------------------+ 
     |        Instance        |     Arc      |   Cell    | Delay | Arrival | Required | 
     |                        |              |           |       |  Time   |   Time   | 
     |------------------------+--------------+-----------+-------+---------+----------| 
     | datapath_IF_pc_reg[17] | CK ^         |           |       |   0.215 |    0.143 | 
     | datapath_IF_pc_reg[17] | CK ^ -> QN ^ | DFFR_X1   | 0.078 |   0.293 |    0.221 | 
     | g59712                 | C2 ^ -> ZN v | OAI221_X1 | 0.020 |   0.313 |    0.241 | 
     | datapath_IF_pc_reg[17] | D v          | DFFR_X1   | 0.000 |   0.313 |    0.241 | 
     +--------------------------------------------------------------------------------+ 
Path 43: MET Hold Check with Pin datapath_MEMWB_rd_reg[2]/CK 
Endpoint:   datapath_MEMWB_rd_reg[2]/D (v) checked with  leading edge of 'clk'
Beginpoint: datapath_EXMEM_rd_reg[2]/Q (v) triggered by  leading edge of 'clk'
Path Groups: {reg2reg}
Analysis View: RPT_TYP
Other End Arrival Time          0.210
+ Hold                          0.006
+ Phase Shift                   0.000
- CPPR Adjustment               0.000
+ Uncertainty                   0.020
= Required Time                 0.236
  Arrival Time                  0.308
  Slack Time                    0.072
     Clock Rise Edge                 0.000
     + Clock Network Latency (Prop)  0.208
     = Beginpoint Arrival Time       0.208
     +-------------------------------------------------------------------------------+ 
     |         Instance         |     Arc     |  Cell   | Delay | Arrival | Required | 
     |                          |             |         |       |  Time   |   Time   | 
     |--------------------------+-------------+---------+-------+---------+----------| 
     | datapath_EXMEM_rd_reg[2] | CK ^        |         |       |   0.208 |    0.136 | 
     | datapath_EXMEM_rd_reg[2] | CK ^ -> Q v | DFFR_X1 | 0.100 |   0.308 |    0.236 | 
     | datapath_MEMWB_rd_reg[2] | D v         | DFFR_X1 | 0.000 |   0.308 |    0.236 | 
     +-------------------------------------------------------------------------------+ 
Path 44: MET Hold Check with Pin datapath_IDEX_memWrite_reg/CK 
Endpoint:   datapath_IDEX_memWrite_reg/D  (v) checked with  leading edge of 
'clk'
Beginpoint: datapath_IFID_instr_reg[5]/QN (^) triggered by  leading edge of 
'clk'
Path Groups: {reg2reg}
Analysis View: RPT_TYP
Other End Arrival Time          0.212
+ Hold                          0.006
+ Phase Shift                   0.000
- CPPR Adjustment               0.000
+ Uncertainty                   0.020
= Required Time                 0.238
  Arrival Time                  0.310
  Slack Time                    0.072
     Clock Rise Edge                 0.000
     + Clock Network Latency (Prop)  0.212
     = Beginpoint Arrival Time       0.212
     +----------------------------------------------------------------------------------+ 
     |          Instance          |     Arc      |  Cell   | Delay | Arrival | Required | 
     |                            |              |         |       |  Time   |   Time   | 
     |----------------------------+--------------+---------+-------+---------+----------| 
     | datapath_IFID_instr_reg[5] | CK ^         |         |       |   0.212 |    0.139 | 
     | datapath_IFID_instr_reg[5] | CK ^ -> QN ^ | DFFR_X1 | 0.086 |   0.297 |    0.225 | 
     | g34622                     | A3 ^ -> ZN v | NOR3_X1 | 0.013 |   0.310 |    0.238 | 
     | datapath_IDEX_memWrite_reg | D v          | DFFR_X1 | 0.000 |   0.310 |    0.238 | 
     +----------------------------------------------------------------------------------+ 
Path 45: MET Hold Check with Pin datapath_EXMEM_storeData_reg[5]/CK 
Endpoint:   datapath_EXMEM_storeData_reg[5]/D (v) checked with  leading edge of 
'clk'
Beginpoint: datapath_IDEX_readData2_reg[5]/QN (^) triggered by  leading edge of 
'clk'
Path Groups: {reg2reg}
Analysis View: RPT_TYP
Other End Arrival Time          0.211
+ Hold                          0.006
+ Phase Shift                   0.000
- CPPR Adjustment               0.000
+ Uncertainty                   0.020
= Required Time                 0.237
  Arrival Time                  0.309
  Slack Time                    0.072
     Clock Rise Edge                 0.000
     + Clock Network Latency (Prop)  0.212
     = Beginpoint Arrival Time       0.212
     +----------------------------------------------------------------------------------------+ 
     |            Instance             |     Arc      |   Cell   | Delay | Arrival | Required | 
     |                                 |              |          |       |  Time   |   Time   | 
     |---------------------------------+--------------+----------+-------+---------+----------| 
     | datapath_IDEX_readData2_reg[5]  | CK ^         |          |       |   0.212 |    0.140 | 
     | datapath_IDEX_readData2_reg[5]  | CK ^ -> QN ^ | DFFR_X1  | 0.072 |   0.284 |    0.212 | 
     | g34216                          | B2 ^ -> ZN v | OAI21_X1 | 0.025 |   0.309 |    0.237 | 
     | datapath_EXMEM_storeData_reg[5] | D v          | DFFR_X1  | 0.000 |   0.309 |    0.237 | 
     +----------------------------------------------------------------------------------------+ 
Path 46: MET Hold Check with Pin datapath_IF_pc_reg[15]/CK 
Endpoint:   datapath_IF_pc_reg[15]/D  (v) checked with  leading edge of 'clk'
Beginpoint: datapath_IF_pc_reg[15]/QN (^) triggered by  leading edge of 'clk'
Path Groups: {reg2reg}
Analysis View: RPT_TYP
Other End Arrival Time          0.211
+ Hold                          0.006
+ Phase Shift                   0.000
- CPPR Adjustment               0.000
+ Uncertainty                   0.020
= Required Time                 0.237
  Arrival Time                  0.309
  Slack Time                    0.072
     Clock Rise Edge                 0.000
     + Clock Network Latency (Prop)  0.211
     = Beginpoint Arrival Time       0.211
     +--------------------------------------------------------------------------------+ 
     |        Instance        |     Arc      |   Cell    | Delay | Arrival | Required | 
     |                        |              |           |       |  Time   |   Time   | 
     |------------------------+--------------+-----------+-------+---------+----------| 
     | datapath_IF_pc_reg[15] | CK ^         |           |       |   0.211 |    0.139 | 
     | datapath_IF_pc_reg[15] | CK ^ -> QN ^ | DFFR_X1   | 0.077 |   0.288 |    0.216 | 
     | g59745                 | C2 ^ -> ZN v | OAI221_X1 | 0.021 |   0.309 |    0.237 | 
     | datapath_IF_pc_reg[15] | D v          | DFFR_X1   | 0.000 |   0.309 |    0.237 | 
     +--------------------------------------------------------------------------------+ 
Path 47: MET Hold Check with Pin datapath_EXMEM_storeData_reg[10]/CK 
Endpoint:   datapath_EXMEM_storeData_reg[10]/D (v) checked with  leading edge 
of 'clk'
Beginpoint: datapath_IDEX_readData2_reg[10]/QN (^) triggered by  leading edge 
of 'clk'
Path Groups: {reg2reg}
Analysis View: RPT_TYP
Other End Arrival Time          0.209
+ Hold                          0.006
+ Phase Shift                   0.000
- CPPR Adjustment               0.000
+ Uncertainty                   0.020
= Required Time                 0.234
  Arrival Time                  0.307
  Slack Time                    0.072
     Clock Rise Edge                 0.000
     + Clock Network Latency (Prop)  0.209
     = Beginpoint Arrival Time       0.209
     +-----------------------------------------------------------------------------------------+ 
     |             Instance             |     Arc      |   Cell   | Delay | Arrival | Required | 
     |                                  |              |          |       |  Time   |   Time   | 
     |----------------------------------+--------------+----------+-------+---------+----------| 
     | datapath_IDEX_readData2_reg[10]  | CK ^         |          |       |   0.209 |    0.137 | 
     | datapath_IDEX_readData2_reg[10]  | CK ^ -> QN ^ | DFFR_X1  | 0.073 |   0.282 |    0.210 | 
     | g34211                           | B2 ^ -> ZN v | OAI21_X1 | 0.024 |   0.307 |    0.234 | 
     | datapath_EXMEM_storeData_reg[10] | D v          | DFFR_X1  | 0.000 |   0.307 |    0.234 | 
     +-----------------------------------------------------------------------------------------+ 
Path 48: MET Hold Check with Pin datapath_EXMEM_storeData_reg[27]/CK 
Endpoint:   datapath_EXMEM_storeData_reg[27]/D (v) checked with  leading edge 
of 'clk'
Beginpoint: datapath_IDEX_readData2_reg[27]/QN (^) triggered by  leading edge 
of 'clk'
Path Groups: {reg2reg}
Analysis View: RPT_TYP
Other End Arrival Time          0.204
+ Hold                          0.006
+ Phase Shift                   0.000
- CPPR Adjustment               0.000
+ Uncertainty                   0.020
= Required Time                 0.229
  Arrival Time                  0.302
  Slack Time                    0.072
     Clock Rise Edge                 0.000
     + Clock Network Latency (Prop)  0.203
     = Beginpoint Arrival Time       0.203
     +-----------------------------------------------------------------------------------------+ 
     |             Instance             |     Arc      |   Cell   | Delay | Arrival | Required | 
     |                                  |              |          |       |  Time   |   Time   | 
     |----------------------------------+--------------+----------+-------+---------+----------| 
     | datapath_IDEX_readData2_reg[27]  | CK ^         |          |       |   0.203 |    0.130 | 
     | datapath_IDEX_readData2_reg[27]  | CK ^ -> QN ^ | DFFR_X1  | 0.073 |   0.276 |    0.204 | 
     | g34194                           | B2 ^ -> ZN v | OAI21_X1 | 0.026 |   0.302 |    0.229 | 
     | datapath_EXMEM_storeData_reg[27] | D v          | DFFR_X1  | 0.000 |   0.302 |    0.229 | 
     +-----------------------------------------------------------------------------------------+ 
Path 49: MET Hold Check with Pin datapath_IF_pc_reg[28]/CK 
Endpoint:   datapath_IF_pc_reg[28]/D  (v) checked with  leading edge of 'clk'
Beginpoint: datapath_IF_pc_reg[28]/QN (^) triggered by  leading edge of 'clk'
Path Groups: {reg2reg}
Analysis View: RPT_TYP
Other End Arrival Time          0.211
+ Hold                          0.006
+ Phase Shift                   0.000
- CPPR Adjustment               0.000
+ Uncertainty                   0.020
= Required Time                 0.237
  Arrival Time                  0.310
  Slack Time                    0.073
     Clock Rise Edge                 0.000
     + Clock Network Latency (Prop)  0.211
     = Beginpoint Arrival Time       0.211
     +--------------------------------------------------------------------------------+ 
     |        Instance        |     Arc      |   Cell    | Delay | Arrival | Required | 
     |                        |              |           |       |  Time   |   Time   | 
     |------------------------+--------------+-----------+-------+---------+----------| 
     | datapath_IF_pc_reg[28] | CK ^         |           |       |   0.211 |    0.138 | 
     | datapath_IF_pc_reg[28] | CK ^ -> QN ^ | DFFR_X1   | 0.078 |   0.289 |    0.216 | 
     | g59708                 | C2 ^ -> ZN v | OAI221_X1 | 0.021 |   0.310 |    0.237 | 
     | datapath_IF_pc_reg[28] | D v          | DFFR_X1   | 0.000 |   0.310 |    0.237 | 
     +--------------------------------------------------------------------------------+ 
Path 50: MET Hold Check with Pin datapath_IF_pc_reg[19]/CK 
Endpoint:   datapath_IF_pc_reg[19]/D  (v) checked with  leading edge of 'clk'
Beginpoint: datapath_IF_pc_reg[19]/QN (^) triggered by  leading edge of 'clk'
Path Groups: {reg2reg}
Analysis View: RPT_TYP
Other End Arrival Time          0.215
+ Hold                          0.006
+ Phase Shift                   0.000
- CPPR Adjustment               0.000
+ Uncertainty                   0.020
= Required Time                 0.241
  Arrival Time                  0.314
  Slack Time                    0.073
     Clock Rise Edge                 0.000
     + Clock Network Latency (Prop)  0.215
     = Beginpoint Arrival Time       0.215
     +--------------------------------------------------------------------------------+ 
     |        Instance        |     Arc      |   Cell    | Delay | Arrival | Required | 
     |                        |              |           |       |  Time   |   Time   | 
     |------------------------+--------------+-----------+-------+---------+----------| 
     | datapath_IF_pc_reg[19] | CK ^         |           |       |   0.215 |    0.142 | 
     | datapath_IF_pc_reg[19] | CK ^ -> QN ^ | DFFR_X1   | 0.079 |   0.293 |    0.220 | 
     | g59711                 | C2 ^ -> ZN v | OAI221_X1 | 0.021 |   0.314 |    0.241 | 
     | datapath_IF_pc_reg[19] | D v          | DFFR_X1   | 0.000 |   0.314 |    0.241 | 
     +--------------------------------------------------------------------------------+ 

