###############################################################
#  Generated by:      Cadence Innovus 23.12-s091_1
#  OS:                Linux x86_64(Host ID nanohub-2907946-1)
#  Generated on:      Tue Aug 11 14:58:56 2026
#  Design:            pipelined_cpu_core
#  Command:           timeDesign -postRoute -expandedViews -outDir cornerReports
###############################################################

------------------------------------------------------------------
          timeDesign Summary
------------------------------------------------------------------

+--------------------+---------+---------+---------+
|     Setup mode     |   all   | reg2reg | default |
+--------------------+---------+---------+---------+
|           WNS (ns):| -0.044  | -0.044  |  1.014  |
|           TNS (ns):| -0.179  | -0.179  |  0.000  |
|    Violating Paths:|    8    |    8    |    0    |
|          All Paths:|  3519   |  3321   |   230   |
+--------------------+---------+---------+---------+
|RPT_SLOW            | -0.044  | -0.044  |  1.014  |
|                    | -0.179  | -0.179  |  0.000  |
|                    |    8    |    8    |    0    |
|                    |  3519   |  3321   |   230   |
+--------------------+---------+---------+---------+
|RPT_TYP             |  2.160  |  2.751  |  2.160  |
|                    |  0.000  |  0.000  |  0.000  |
|                    |    0    |    0    |    0    |
|                    |  3519   |  3321   |   230   |
+--------------------+---------+---------+---------+
|RPT_FAST            |  2.379  |  3.231  |  2.379  |
|                    |  0.000  |  0.000  |  0.000  |
|                    |    0    |    0    |    0    |
|                    |  3519   |  3321   |   230   |
+--------------------+---------+---------+---------+

+----------------+-------------------------------+------------------+
|                |              Real             |       Total      |
|    DRVs        +------------------+------------+------------------|
|                |  Nr nets(terms)  | Worst Vio  |  Nr nets(terms)  |
+----------------+------------------+------------+------------------+
|   max_cap      |      0 (0)       |   0.000    |      0 (0)       |
|   max_tran     |      0 (0)       |   0.000    |      0 (0)       |
|   max_fanout   |    173 (173)     |    -31     |    173 (173)     |
|   max_length   |      0 (0)       |     0      |      0 (0)       |
+----------------+------------------+------------+------------------+

Density: 71.436%
       (100.000% with Fillers)
------------------------------------------------------------------
