============================================================
  Generated by:           Genus(TM) Synthesis Solution 23.12-s086_1
  Generated on:           Aug 12 2026  02:01:15 pm
  Module:                 pipelined_cpu_core
  Technology libraries:   NangateOpenCellLibrary_slow revision 1.0
                          physical_cells 
  Operating conditions:   slow 
  Interconnect mode:      global
  Area mode:              physical library
============================================================

               Instance                        Module           Cell-Count  Cell-Area  Net-Area   Total-Area 
-------------------------------------------------------------------------------------------------------------
pipelined_cpu_core                    NA                              5052  13123.376  7691.111    20814.487 
  ALU_forward                         alu_fwd_unit                     100    130.340    92.346      222.686 
  branch_forward                      branch_fwd_unit                   40     53.200    30.734       83.934 
  datapath                            pipelined_cpu_datapath          4829  12853.652  6886.785    19740.437 
    ALU_ALU_GEN[0].slice_i_bitAdder   full_adder_95_967                  8     11.438     5.254       16.692 
    ALU_ALU_GEN[0].slice_i_resultMux  mux_4x1_N1                         8      8.246     5.669       13.915 
    ALU_ALU_GEN[10].slice_i_bitAdder  full_adder_95_978                  6     10.640     4.049       14.689 
    ALU_ALU_GEN[10].slice_i_resultMux mux_4x1_N1_31_485                  4      3.990     2.824        6.814 
    ALU_ALU_GEN[11].slice_i_bitAdder  full_adder_95_979                  6     10.640     4.049       14.689 
    ALU_ALU_GEN[11].slice_i_resultMux mux_4x1_N1_31_486                  4      3.990     2.824        6.814 
    ALU_ALU_GEN[12].slice_i_bitAdder  full_adder_95_980                  6     10.640     4.049       14.689 
    ALU_ALU_GEN[12].slice_i_resultMux mux_4x1_N1_31_487                  4      3.990     2.824        6.814 
    ALU_ALU_GEN[13].slice_i_bitAdder  full_adder_95_981                  6     10.640     4.049       14.689 
    ALU_ALU_GEN[13].slice_i_resultMux mux_4x1_N1_31_488                  4      3.990     2.824        6.814 
    ALU_ALU_GEN[14].slice_i_bitAdder  full_adder_95_982                  6     10.640     4.049       14.689 
    ALU_ALU_GEN[14].slice_i_resultMux mux_4x1_N1_31_489                  4      3.990     2.824        6.814 
    ALU_ALU_GEN[15].slice_i_bitAdder  full_adder_95_983                  6     10.640     4.049       14.689 
    ALU_ALU_GEN[15].slice_i_resultMux mux_4x1_N1_31_490                  4      3.990     2.824        6.814 
    ALU_ALU_GEN[16].slice_i_bitAdder  full_adder_95_984                  6     10.640     4.049       14.689 
    ALU_ALU_GEN[16].slice_i_resultMux mux_4x1_N1_31_491                  4      3.990     2.824        6.814 
    ALU_ALU_GEN[17].slice_i_bitAdder  full_adder_95_985                  6     10.640     4.049       14.689 
    ALU_ALU_GEN[17].slice_i_resultMux mux_4x1_N1_31_492                  4      3.990     2.824        6.814 
    ALU_ALU_GEN[18].slice_i_bitAdder  full_adder_95_986                  6     10.640     4.049       14.689 
    ALU_ALU_GEN[18].slice_i_resultMux mux_4x1_N1_31_493                  4      3.990     2.824        6.814 
    ALU_ALU_GEN[19].slice_i_bitAdder  full_adder_95_987                  6     10.640     4.049       14.689 
    ALU_ALU_GEN[19].slice_i_resultMux mux_4x1_N1_31_494                  4      3.990     2.824        6.814 
    ALU_ALU_GEN[1].slice_i_bitAdder   full_adder_95_969                  5      8.246     2.430       10.676 
    ALU_ALU_GEN[1].slice_i_resultMux  mux_4x1_N1_31_476                  4      5.054     2.430        7.484 
    ALU_ALU_GEN[20].slice_i_bitAdder  full_adder_95_988                  6     10.640     4.049       14.689 
    ALU_ALU_GEN[20].slice_i_resultMux mux_4x1_N1_31_495                  4      3.990     2.824        6.814 
    ALU_ALU_GEN[21].slice_i_bitAdder  full_adder_95_989                  6     10.640     4.049       14.689 
    ALU_ALU_GEN[21].slice_i_resultMux mux_4x1_N1_31_496                  4      3.990     2.824        6.814 
    ALU_ALU_GEN[22].slice_i_bitAdder  full_adder_95_990                  6     10.640     4.049       14.689 
    ALU_ALU_GEN[22].slice_i_resultMux mux_4x1_N1_31_497                  4      3.990     2.824        6.814 
    ALU_ALU_GEN[23].slice_i_bitAdder  full_adder_95_991                  6     10.640     4.049       14.689 
    ALU_ALU_GEN[23].slice_i_resultMux mux_4x1_N1_31_498                  4      3.990     2.824        6.814 
    ALU_ALU_GEN[24].slice_i_bitAdder  full_adder_95_992                  6     10.640     4.049       14.689 
    ALU_ALU_GEN[24].slice_i_resultMux mux_4x1_N1_31_499                  4      3.990     2.824        6.814 
    ALU_ALU_GEN[25].slice_i_bitAdder  full_adder_95_993                  6     10.640     4.049       14.689 
    ALU_ALU_GEN[25].slice_i_resultMux mux_4x1_N1_31_500                  4      3.990     2.824        6.814 
    ALU_ALU_GEN[26].slice_i_bitAdder  full_adder_95_994                  6     10.640     4.049       14.689 
    ALU_ALU_GEN[26].slice_i_resultMux mux_4x1_N1_31_501                  4      3.990     2.824        6.814 
    ALU_ALU_GEN[27].slice_i_bitAdder  full_adder_95_995                  6     10.640     4.049       14.689 
    ALU_ALU_GEN[27].slice_i_resultMux mux_4x1_N1_31_502                  6      5.586     4.444       10.030 
    ALU_ALU_GEN[28].slice_i_bitAdder  full_adder_95_996                  6     10.640     4.049       14.689 
    ALU_ALU_GEN[28].slice_i_resultMux mux_4x1_N1_31_503                  5      4.522     3.634        8.156 
    ALU_ALU_GEN[29].slice_i_bitAdder  full_adder_95_997                  8     11.970     5.669       17.639 
    ALU_ALU_GEN[29].slice_i_resultMux mux_4x1_N1_31_504                  6      5.586     4.049        9.635 
    ALU_ALU_GEN[2].slice_i_bitAdder   full_adder_95_970                  6     11.172     3.239       14.411 
    ALU_ALU_GEN[2].slice_i_resultMux  mux_4x1_N1_31_477                  4      5.054     2.430        7.484 
    ALU_ALU_GEN[30].slice_i_bitAdder  full_adder_95_998                  7     11.172     4.859       16.031 
    ALU_ALU_GEN[30].slice_i_resultMux mux_4x1_N1_31                      6      5.586     4.444       10.030 
    ALU_ALU_GEN[3].slice_i_bitAdder   full_adder_95_971                  8     11.172     4.859       16.031 
    ALU_ALU_GEN[3].slice_i_resultMux  mux_4x1_N1_31_478                  4      5.054     2.430        7.484 
    ALU_ALU_GEN[4].slice_i_bitAdder   full_adder_95_972                  6     10.906     4.049       14.955 
    ALU_ALU_GEN[4].slice_i_resultMux  mux_4x1_N1_31_479                  4      5.054     2.430        7.484 
    ALU_ALU_GEN[5].slice_i_bitAdder   full_adder_95_973                  8     10.906     5.254       16.160 
    ALU_ALU_GEN[5].slice_i_resultMux  mux_4x1_N1_31_480                  4      3.990     2.824        6.814 
    ALU_ALU_GEN[6].slice_i_bitAdder   full_adder_95_974                  8     11.970     5.254       17.224 
    ALU_ALU_GEN[6].slice_i_resultMux  mux_4x1_N1_31_481                  4      3.990     2.824        6.814 
    ALU_ALU_GEN[7].slice_i_bitAdder   full_adder_95_975                  6     10.640     4.049       14.689 
    ALU_ALU_GEN[7].slice_i_resultMux  mux_4x1_N1_31_482                  4      3.990     2.824        6.814 
    ALU_ALU_GEN[8].slice_i_bitAdder   full_adder_95_976                  6     10.640     4.049       14.689 
    ALU_ALU_GEN[8].slice_i_resultMux  mux_4x1_N1_31_483                  4      3.990     2.824        6.814 
    ALU_ALU_GEN[9].slice_i_bitAdder   full_adder_95_977                  6     10.640     4.049       14.689 
    ALU_ALU_GEN[9].slice_i_resultMux  mux_4x1_N1_31_484                  4      3.990     2.824        6.814 
    ALU_msb_bitAdder                  full_adder_95_968                  7     11.172     4.859       16.031 
    ALU_msb_resultMux                 mux_4x1_N1_1                       6      5.586     4.049        9.635 
    branch_or_inc_4                   mux_2x1_N32                       46     63.308    26.352       89.660 
    immediate_generation              imm_gen                          113    101.346   104.266      205.612 
    pc_plus_4                         ripple_carry_adder_N32            29     76.076    22.676       98.752 
      FA_GEN[10].fa_i                 full_adder_31_946                  1      2.660     0.000        2.660 
      FA_GEN[11].fa_i                 full_adder_31_947                  1      2.660     0.000        2.660 
      FA_GEN[12].fa_i                 full_adder_31_948                  1      2.660     0.000        2.660 
      FA_GEN[13].fa_i                 full_adder_31_949                  1      2.660     0.000        2.660 
      FA_GEN[14].fa_i                 full_adder_31_950                  1      2.660     0.000        2.660 
      FA_GEN[15].fa_i                 full_adder_31_951                  1      2.660     0.000        2.660 
      FA_GEN[16].fa_i                 full_adder_31_952                  1      2.660     0.000        2.660 
      FA_GEN[17].fa_i                 full_adder_31_953                  1      2.660     0.000        2.660 
      FA_GEN[18].fa_i                 full_adder_31_954                  1      2.660     0.000        2.660 
      FA_GEN[19].fa_i                 full_adder_31_955                  1      2.660     0.000        2.660 
      FA_GEN[20].fa_i                 full_adder_31_956                  1      2.660     0.000        2.660 
      FA_GEN[21].fa_i                 full_adder_31_957                  1      2.660     0.000        2.660 
      FA_GEN[22].fa_i                 full_adder_31_958                  1      2.660     0.000        2.660 
      FA_GEN[23].fa_i                 full_adder_31_959                  1      2.660     0.000        2.660 
      FA_GEN[24].fa_i                 full_adder_31_960                  1      2.660     0.000        2.660 
      FA_GEN[25].fa_i                 full_adder_31_961                  1      2.660     0.000        2.660 
      FA_GEN[26].fa_i                 full_adder_31_962                  1      2.660     0.000        2.660 
      FA_GEN[27].fa_i                 full_adder_31_963                  1      2.660     0.000        2.660 
      FA_GEN[28].fa_i                 full_adder_31_964                  1      2.660     0.000        2.660 
      FA_GEN[29].fa_i                 full_adder_31_965                  1      2.660     0.000        2.660 
      FA_GEN[30].fa_i                 full_adder_31_966                  1      2.660     0.000        2.660 
      FA_GEN[31].fa_i                 full_adder_31                      1      1.596     0.000        1.596 
      FA_GEN[3].fa_i                  full_adder_31_939                  1      2.660     0.000        2.660 
      FA_GEN[4].fa_i                  full_adder_31_940                  1      2.660     0.000        2.660 
      FA_GEN[5].fa_i                  full_adder_31_941                  1      2.660     0.000        2.660 
      FA_GEN[6].fa_i                  full_adder_31_942                  1      2.660     0.000        2.660 
      FA_GEN[7].fa_i                  full_adder_31_943                  1      2.660     0.000        2.660 
      FA_GEN[8].fa_i                  full_adder_31_944                  1      2.660     0.000        2.660 
      FA_GEN[9].fa_i                  full_adder_31_945                  1      2.660     0.000        2.660 
    pc_plus_imm                       ripple_carry_adder_N32_1         181    264.404   152.359      416.763 
      FA_GEN[10].fa_i                 full_adder_95_1008                 6      8.512     4.049       12.561 
      FA_GEN[11].fa_i                 full_adder_95_1009                 5      7.980     3.239       11.219 
      FA_GEN[12].fa_i                 full_adder_95_1010                 6      9.576     4.049       13.625 
      FA_GEN[13].fa_i                 full_adder_95_1011                 6      9.576     4.049       13.625 
      FA_GEN[14].fa_i                 full_adder_95_1012                 6     10.640     4.049       14.689 
      FA_GEN[15].fa_i                 full_adder_95_1013                 6     10.640     4.049       14.689 
      FA_GEN[16].fa_i                 full_adder_95_1014                 6     10.640     4.049       14.689 
      FA_GEN[17].fa_i                 full_adder_95_1015                 6     10.640     4.049       14.689 
      FA_GEN[18].fa_i                 full_adder_95_1016                 6      9.576     4.049       13.625 
      FA_GEN[19].fa_i                 full_adder_95_1017                 6      9.576     4.049       13.625 
      FA_GEN[1].fa_i                  full_adder_95_999                  2      2.926     0.000        2.926 
      FA_GEN[20].fa_i                 full_adder_95_1018                 6      9.576     4.049       13.625 
      FA_GEN[21].fa_i                 full_adder_95_1019                 6      9.576     4.049       13.625 
      FA_GEN[22].fa_i                 full_adder_95_1020                 6      9.576     4.049       13.625 
      FA_GEN[23].fa_i                 full_adder_95_1021                 6      8.512     4.049       12.561 
      FA_GEN[24].fa_i                 full_adder_95_1022                 6      9.576     4.049       13.625 
      FA_GEN[25].fa_i                 full_adder_95_1023                 6      8.512     4.049       12.561 
      FA_GEN[26].fa_i                 full_adder_95_1024                 6      8.512     4.049       12.561 
      FA_GEN[27].fa_i                 full_adder_95_1025                 6      8.512     4.049       12.561 
      FA_GEN[28].fa_i                 full_adder_95_1026                 6      8.512     4.049       12.561 
      FA_GEN[29].fa_i                 full_adder_95_1027                 6      8.512     4.049       12.561 
      FA_GEN[2].fa_i                  full_adder_95_1000                 8      8.512     4.859       13.371 
      FA_GEN[30].fa_i                 full_adder_95_1028                 6      7.448     4.049       11.497 
      FA_GEN[31].fa_i                 full_adder_95                      2      3.192     0.810        4.002 
      FA_GEN[3].fa_i                  full_adder_95_1001                 8      8.512     4.859       13.371 
      FA_GEN[4].fa_i                  full_adder_95_1002                 6      7.182     3.239       10.421 
      FA_GEN[5].fa_i                  full_adder_95_1003                 6      7.714     3.239       10.953 
      FA_GEN[6].fa_i                  full_adder_95_1004                 6      7.714     3.239       10.953 
      FA_GEN[7].fa_i                  full_adder_95_1005                 6      8.512     4.049       12.561 
      FA_GEN[8].fa_i                  full_adder_95_1006                 6      7.448     4.049       11.497 
      FA_GEN[9].fa_i                  full_adder_95_1007                 6      8.512     4.049       12.561 
