###############################################################
#  Generated by:      Cadence Innovus 23.12-s091_1
#  OS:                Linux x86_64(Host ID nanohub-2908156-5)
#  Generated on:      Wed Aug 12 14:15:41 2026
#  Design:            pipelined_cpu_core
#  Command:           timeDesign -postRoute -expandedViews -outDir cornerReports
###############################################################

------------------------------------------------------------------
          timeDesign Summary
------------------------------------------------------------------

+--------------------+---------+---------+---------+
|     Setup mode     |   all   | reg2reg | default |
+--------------------+---------+---------+---------+
|           WNS (ns):|  0.007  |  0.007  |  1.083  |
|           TNS (ns):|  0.000  |  0.000  |  0.000  |
|    Violating Paths:|    0    |    0    |    0    |
|          All Paths:|  3551   |  3353   |   230   |
+--------------------+---------+---------+---------+
|RPT_SLOW            |  0.007  |  0.007  |  1.083  |
|                    |  0.000  |  0.000  |  0.000  |
|                    |    0    |    0    |    0    |
|                    |  3551   |  3353   |   230   |
+--------------------+---------+---------+---------+
|RPT_TYP             |  2.199  |  2.719  |  2.199  |
|                    |  0.000  |  0.000  |  0.000  |
|                    |    0    |    0    |    0    |
|                    |  3551   |  3353   |   230   |
+--------------------+---------+---------+---------+
|RPT_FAST            |  2.404  |  3.193  |  2.404  |
|                    |  0.000  |  0.000  |  0.000  |
|                    |    0    |    0    |    0    |
|                    |  3551   |  3353   |   230   |
+--------------------+---------+---------+---------+

+----------------+-------------------------------+------------------+
|                |              Real             |       Total      |
|    DRVs        +------------------+------------+------------------|
|                |  Nr nets(terms)  | Worst Vio  |  Nr nets(terms)  |
+----------------+------------------+------------+------------------+
|   max_cap      |      0 (0)       |   0.000    |      0 (0)       |
|   max_tran     |      1 (39)      |   -0.001   |      1 (39)      |
|   max_fanout   |    163 (163)     |    -54     |    163 (163)     |
|   max_length   |      0 (0)       |     0      |      0 (0)       |
+----------------+------------------+------------+------------------+

Density: 69.966%
       (99.997% with Fillers)
------------------------------------------------------------------
