###############################################################
#  Generated by:      Cadence Innovus 23.12-s091_1
#  OS:                Linux x86_64(Host ID nanohub-2907946-1)
#  Generated on:      Tue Aug 11 20:01:01 2026
#  Design:            pipelined_cpu_core
#  Command:           report_timing -late > reports/10_place_timing.rpt
###############################################################
Path 1: VIOLATED Setup Check with Pin datapath/EXMEM_aluResult_reg[0]/CK 
Endpoint:   datapath/EXMEM_aluResult_reg[0]/D (v) checked with  leading edge of 
'clk'
Beginpoint: datapath/IDEX_rs2_reg[3]/Q        (^) triggered by  leading edge of 
'clk'
Path Groups: {clk}
Analysis View: WC_VIEW
Other End Arrival Time          0.000
- Setup                         0.139
+ Phase Shift                   3.000
+ CPPR Adjustment               0.000
- Uncertainty                   0.100
= Required Time                 2.761
- Arrival Time                  3.679
= Slack Time                   -0.919
     Clock Rise Edge                 0.000
     + Clock Network Latency (Ideal) -0.300
     = Beginpoint Arrival Time       -0.300
     +-----------------------------------------------------------------------------------------------------------+ 
     |                      Instance                      |     Arc      |   Cell   | Delay | Arrival | Required | 
     |                                                    |              |          |       |  Time   |   Time   | 
     |----------------------------------------------------+--------------+----------+-------+---------+----------| 
     | datapath/IDEX_rs2_reg[3]                           | CK ^         |          |       |  -0.300 |   -1.219 | 
     | datapath/IDEX_rs2_reg[3]                           | CK ^ -> Q ^  | DFFR_X1  | 0.405 |   0.105 |   -0.814 | 
     | ALU_forward/g3896                                  | A ^ -> ZN v  | INV_X1   | 0.047 |   0.151 |   -0.767 | 
     | ALU_forward/g3844__1881                            | A1 v -> ZN ^ | NAND2_X2 | 0.046 |   0.198 |   -0.721 | 
     | ALU_forward/FE_RC_208_0                            | A1 ^ -> ZN v | NAND2_X2 | 0.044 |   0.242 |   -0.676 | 
     | ALU_forward/FE_RC_209_0                            | A v -> ZN ^  | INV_X4   | 0.046 |   0.288 |   -0.630 | 
     | ALU_forward/FE_RC_136_0                            | A1 ^ -> ZN v | NAND2_X2 | 0.034 |   0.322 |   -0.596 | 
     | ALU_forward/FE_RC_137_0                            | A v -> ZN ^  | INV_X2   | 0.052 |   0.375 |   -0.544 | 
     | ALU_forward/g3791__4319                            | A1 ^ -> ZN v | NAND3_X4 | 0.052 |   0.426 |   -0.492 | 
     | ALU_forward/g3786__2398                            | A1 v -> ZN ^ | NAND3_X4 | 0.092 |   0.518 |   -0.400 | 
     | datapath/FE_OCPC478_IDEX_forwardB_0                | A ^ -> ZN v  | INV_X4   | 0.035 |   0.553 |   -0.365 | 
     | datapath/g28076                                    | A1 v -> ZN ^ | NAND3_X4 | 0.058 |   0.612 |   -0.307 | 
     | datapath/FE_RC_160_0                               | A2 ^ -> ZN v | NAND3_X2 | 0.080 |   0.691 |   -0.227 | 
     | datapath/FE_RC_158_0                               | A2 v -> ZN ^ | NAND3_X4 | 0.076 |   0.767 |   -0.151 | 
     | datapath/ALU_ALU_GEN[0].slice_i_bitAdder/g222__748 | A2 ^ -> ZN v | NAND2_X4 | 0.044 |   0.811 |   -0.107 | 
     | 2                                                  |              |          |       |         |          | 
     | datapath/ALU_ALU_GEN[0].slice_i_bitAdder/g220__188 | A1 v -> ZN ^ | NAND2_X4 | 0.043 |   0.855 |   -0.064 | 
     | 1                                                  |              |          |       |         |          | 
     | datapath/ALU_ALU_GEN[1].slice_i_bitAdder/FE_RC_368 | A2 ^ -> ZN v | NAND2_X4 | 0.039 |   0.894 |   -0.025 | 
     | _0                                                 |              |          |       |         |          | 
     | datapath/ALU_ALU_GEN[1].slice_i_bitAdder/g156__547 | A1 v -> ZN ^ | NAND2_X4 | 0.045 |   0.939 |    0.020 | 
     | 7                                                  |              |          |       |         |          | 
     | datapath/ALU_ALU_GEN[2].slice_i_bitAdder/g158__170 | A1 ^ -> ZN v | NAND2_X4 | 0.036 |   0.975 |    0.056 | 
     | 5                                                  |              |          |       |         |          | 
     | datapath/ALU_ALU_GEN[2].slice_i_bitAdder/g156__161 | A1 v -> ZN ^ | NAND2_X4 | 0.043 |   1.018 |    0.099 | 
     | 7                                                  |              |          |       |         |          | 
     | datapath/ALU_ALU_GEN[3].slice_i_bitAdder/FE_RC_153 | A1 ^ -> ZN v | NAND2_X4 | 0.036 |   1.053 |    0.135 | 
     | _0                                                 |              |          |       |         |          | 
     | datapath/ALU_ALU_GEN[3].slice_i_bitAdder/g156__748 | A1 v -> ZN ^ | NAND2_X4 | 0.043 |   1.097 |    0.178 | 
     | 2                                                  |              |          |       |         |          | 
     | datapath/ALU_ALU_GEN[4].slice_i_bitAdder/g158__239 | A1 ^ -> ZN v | NAND2_X4 | 0.036 |   1.132 |    0.214 | 
     | 8                                                  |              |          |       |         |          | 
     | datapath/ALU_ALU_GEN[4].slice_i_bitAdder/g156__641 | A1 v -> ZN ^ | NAND2_X4 | 0.043 |   1.175 |    0.257 | 
     | 7                                                  |              |          |       |         |          | 
     | datapath/ALU_ALU_GEN[5].slice_i_bitAdder/g158__280 | A1 ^ -> ZN v | NAND2_X4 | 0.035 |   1.211 |    0.292 | 
     | 2                                                  |              |          |       |         |          | 
     | datapath/ALU_ALU_GEN[5].slice_i_bitAdder/g156__368 | A1 v -> ZN ^ | NAND2_X4 | 0.043 |   1.254 |    0.335 | 
     | 0                                                  |              |          |       |         |          | 
     | datapath/ALU_ALU_GEN[6].slice_i_bitAdder/g158__473 | A1 ^ -> ZN v | NAND2_X4 | 0.035 |   1.289 |    0.370 | 
     | 3                                                  |              |          |       |         |          | 
     | datapath/ALU_ALU_GEN[6].slice_i_bitAdder/g156__511 | A1 v -> ZN ^ | NAND2_X4 | 0.043 |   1.332 |    0.414 | 
     | 5                                                  |              |          |       |         |          | 
     | datapath/ALU_ALU_GEN[7].slice_i_bitAdder/g158__547 | A1 ^ -> ZN v | NAND2_X4 | 0.035 |   1.368 |    0.449 | 
     | 7                                                  |              |          |       |         |          | 
     | datapath/ALU_ALU_GEN[7].slice_i_bitAdder/g156__741 | A1 v -> ZN ^ | NAND2_X4 | 0.043 |   1.411 |    0.492 | 
     | 0                                                  |              |          |       |         |          | 
     | datapath/ALU_ALU_GEN[8].slice_i_bitAdder/g158__161 | A1 ^ -> ZN v | NAND2_X4 | 0.035 |   1.446 |    0.527 | 
     | 7                                                  |              |          |       |         |          | 
     | datapath/ALU_ALU_GEN[8].slice_i_bitAdder/g156__678 | A1 v -> ZN ^ | NAND2_X4 | 0.043 |   1.489 |    0.570 | 
     | 3                                                  |              |          |       |         |          | 
     | datapath/ALU_ALU_GEN[9].slice_i_bitAdder/g158__511 | A1 ^ -> ZN v | NAND2_X4 | 0.036 |   1.524 |    0.606 | 
     | 5                                                  |              |          |       |         |          | 
     | datapath/ALU_ALU_GEN[9].slice_i_bitAdder/g156__613 | A1 v -> ZN ^ | NAND2_X4 | 0.044 |   1.568 |    0.649 | 
     | 1                                                  |              |          |       |         |          | 
     | datapath/ALU_ALU_GEN[10].slice_i_bitAdder/g158__16 | A1 ^ -> ZN v | NAND2_X4 | 0.036 |   1.604 |    0.685 | 
     | 66                                                 |              |          |       |         |          | 
     | datapath/ALU_ALU_GEN[10].slice_i_bitAdder/g156__28 | A1 v -> ZN ^ | NAND2_X4 | 0.048 |   1.651 |    0.733 | 
     | 83                                                 |              |          |       |         |          | 
     | datapath/ALU_ALU_GEN[11].slice_i_bitAdder/g158__84 | A1 ^ -> ZN v | NAND2_X4 | 0.037 |   1.689 |    0.770 | 
     | 28                                                 |              |          |       |         |          | 
     | datapath/ALU_ALU_GEN[11].slice_i_bitAdder/g156__62 | A1 v -> ZN ^ | NAND2_X4 | 0.044 |   1.732 |    0.814 | 
     | 60                                                 |              |          |       |         |          | 
     | datapath/ALU_ALU_GEN[12].slice_i_bitAdder/g158__82 | A1 ^ -> ZN v | NAND2_X4 | 0.035 |   1.768 |    0.849 | 
     | 46                                                 |              |          |       |         |          | 
     | datapath/ALU_ALU_GEN[12].slice_i_bitAdder/g156__17 | A1 v -> ZN ^ | NAND2_X4 | 0.047 |   1.814 |    0.896 | 
     | 05                                                 |              |          |       |         |          | 
     | datapath/ALU_ALU_GEN[13].slice_i_bitAdder/g158__61 | A1 ^ -> ZN v | NAND2_X4 | 0.036 |   1.851 |    0.932 | 
     | 61                                                 |              |          |       |         |          | 
     | datapath/ALU_ALU_GEN[13].slice_i_bitAdder/g156__47 | A1 v -> ZN ^ | NAND2_X4 | 0.044 |   1.894 |    0.976 | 
     | 33                                                 |              |          |       |         |          | 
     | datapath/ALU_ALU_GEN[14].slice_i_bitAdder/g158__23 | A1 ^ -> ZN v | NAND2_X4 | 0.035 |   1.930 |    1.011 | 
     | 98                                                 |              |          |       |         |          | 
     | datapath/ALU_ALU_GEN[14].slice_i_bitAdder/g156__54 | A1 v -> ZN ^ | NAND2_X4 | 0.044 |   1.973 |    1.055 | 
     | 77                                                 |              |          |       |         |          | 
     | datapath/ALU_ALU_GEN[15].slice_i_bitAdder/g158__28 | A1 ^ -> ZN v | NAND2_X4 | 0.035 |   2.009 |    1.090 | 
     | 02                                                 |              |          |       |         |          | 
     | datapath/ALU_ALU_GEN[15].slice_i_bitAdder/g156__16 | A1 v -> ZN ^ | NAND2_X4 | 0.048 |   2.057 |    1.139 | 
     | 17                                                 |              |          |       |         |          | 
     | datapath/ALU_ALU_GEN[16].slice_i_bitAdder/FE_RC_11 | A1 ^ -> ZN v | NAND2_X4 | 0.037 |   2.094 |    1.176 | 
     | 6_0                                                |              |          |       |         |          | 
     | datapath/ALU_ALU_GEN[16].slice_i_bitAdder/FE_RC_11 | A1 v -> ZN ^ | NAND2_X4 | 0.047 |   2.141 |    1.223 | 
     | 5_0                                                |              |          |       |         |          | 
     | datapath/ALU_ALU_GEN[17].slice_i_bitAdder/g155__54 | A1 ^ -> ZN v | NAND2_X4 | 0.037 |   2.178 |    1.260 | 
     | 77                                                 |              |          |       |         |          | 
     | datapath/ALU_ALU_GEN[17].slice_i_bitAdder/g153__64 | A1 v -> ZN ^ | NAND2_X4 | 0.044 |   2.222 |    1.303 | 
     | 17                                                 |              |          |       |         |          | 
     | datapath/ALU_ALU_GEN[18].slice_i_bitAdder/g158__36 | A1 ^ -> ZN v | NAND2_X4 | 0.035 |   2.257 |    1.339 | 
     | 80                                                 |              |          |       |         |          | 
     | datapath/ALU_ALU_GEN[18].slice_i_bitAdder/g156__67 | A1 v -> ZN ^ | NAND2_X4 | 0.044 |   2.301 |    1.382 | 
     | 83                                                 |              |          |       |         |          | 
     | datapath/ALU_ALU_GEN[19].slice_i_bitAdder/g158__18 | A1 ^ -> ZN v | NAND2_X4 | 0.035 |   2.336 |    1.418 | 
     | 81                                                 |              |          |       |         |          | 
     | datapath/ALU_ALU_GEN[19].slice_i_bitAdder/g156__61 | A1 v -> ZN ^ | NAND2_X4 | 0.043 |   2.380 |    1.461 | 
     | 31                                                 |              |          |       |         |          | 
     | datapath/ALU_ALU_GEN[20].slice_i_bitAdder/FE_RC_15 | A1 ^ -> ZN v | NAND2_X4 | 0.035 |   2.415 |    1.497 | 
     | 2_0                                                |              |          |       |         |          | 
     | datapath/ALU_ALU_GEN[20].slice_i_bitAdder/g156__28 | A1 v -> ZN ^ | NAND2_X4 | 0.044 |   2.459 |    1.540 | 
     | 83                                                 |              |          |       |         |          | 
     | datapath/ALU_ALU_GEN[21].slice_i_bitAdder/g155__43 | A1 ^ -> ZN v | NAND2_X4 | 0.035 |   2.494 |    1.576 | 
     | 19                                                 |              |          |       |         |          | 
     | datapath/ALU_ALU_GEN[21].slice_i_bitAdder/g153__62 | A1 v -> ZN ^ | NAND2_X4 | 0.048 |   2.542 |    1.623 | 
     | 60                                                 |              |          |       |         |          | 
     | datapath/ALU_ALU_GEN[22].slice_i_bitAdder/g158__51 | A1 ^ -> ZN v | NAND2_X4 | 0.037 |   2.579 |    1.661 | 
     | 22                                                 |              |          |       |         |          | 
     | datapath/ALU_ALU_GEN[22].slice_i_bitAdder/g156__17 | A1 v -> ZN ^ | NAND2_X4 | 0.046 |   2.625 |    1.707 | 
     | 05                                                 |              |          |       |         |          | 
     | datapath/ALU_ALU_GEN[23].slice_i_bitAdder/g158__61 | A1 ^ -> ZN v | NAND2_X4 | 0.036 |   2.662 |    1.743 | 
     | 61                                                 |              |          |       |         |          | 
     | datapath/ALU_ALU_GEN[23].slice_i_bitAdder/g156__47 | A1 v -> ZN ^ | NAND2_X4 | 0.043 |   2.705 |    1.787 | 
     | 33                                                 |              |          |       |         |          | 
     | datapath/ALU_ALU_GEN[24].slice_i_bitAdder/g158__54 | A1 ^ -> ZN v | NAND2_X4 | 0.035 |   2.740 |    1.822 | 
     | 77                                                 |              |          |       |         |          | 
     | datapath/ALU_ALU_GEN[24].slice_i_bitAdder/g156__64 | A1 v -> ZN ^ | NAND2_X4 | 0.049 |   2.790 |    1.871 | 
     | 17                                                 |              |          |       |         |          | 
     | datapath/ALU_ALU_GEN[25].slice_i_bitAdder/g158__36 | A1 ^ -> ZN v | NAND2_X4 | 0.038 |   2.828 |    1.910 | 
     | 80                                                 |              |          |       |         |          | 
     | datapath/ALU_ALU_GEN[25].slice_i_bitAdder/g156__67 | A1 v -> ZN ^ | NAND2_X4 | 0.044 |   2.872 |    1.954 | 
     | 83                                                 |              |          |       |         |          | 
     | datapath/ALU_ALU_GEN[26].slice_i_bitAdder/g158__51 | A1 ^ -> ZN v | NAND2_X4 | 0.036 |   2.908 |    1.990 | 
     | 15                                                 |              |          |       |         |          | 
     | datapath/ALU_ALU_GEN[26].slice_i_bitAdder/g156__61 | A1 v -> ZN ^ | NAND2_X4 | 0.047 |   2.955 |    2.036 | 
     | 31                                                 |              |          |       |         |          | 
     | datapath/ALU_ALU_GEN[27].slice_i_bitAdder/g158__64 | A1 ^ -> ZN v | NAND2_X4 | 0.037 |   2.992 |    2.073 | 
     | 17                                                 |              |          |       |         |          | 
     | datapath/ALU_ALU_GEN[27].slice_i_bitAdder/g156__16 | A1 v -> ZN ^ | NAND2_X4 | 0.044 |   3.036 |    2.117 | 
     | 66                                                 |              |          |       |         |          | 
     | datapath/ALU_ALU_GEN[28].slice_i_bitAdder/g158__16 | A1 ^ -> ZN v | NAND2_X4 | 0.036 |   3.072 |    2.153 | 
     | 17                                                 |              |          |       |         |          | 
     | datapath/ALU_ALU_GEN[28].slice_i_bitAdder/g156__67 | A1 v -> ZN ^ | NAND2_X4 | 0.044 |   3.116 |    2.197 | 
     | 83                                                 |              |          |       |         |          | 
     | datapath/ALU_ALU_GEN[29].slice_i_bitAdder/g158__47 | A1 ^ -> ZN v | NAND2_X4 | 0.035 |   3.151 |    2.233 | 
     | 33                                                 |              |          |       |         |          | 
     | datapath/ALU_ALU_GEN[29].slice_i_bitAdder/g156__51 | A1 v -> ZN ^ | NAND2_X4 | 0.043 |   3.195 |    2.276 | 
     | 15                                                 |              |          |       |         |          | 
     | datapath/ALU_ALU_GEN[30].slice_i_bitAdder/g158__54 | A1 ^ -> ZN v | NAND2_X4 | 0.035 |   3.230 |    2.311 | 
     | 77                                                 |              |          |       |         |          | 
     | datapath/ALU_ALU_GEN[30].slice_i_bitAdder/g156__74 | A1 v -> ZN ^ | NAND2_X4 | 0.059 |   3.289 |    2.370 | 
     | 10                                                 |              |          |       |         |          | 
     | datapath/ALU_msb_bitAdder/g118__1617               | A ^ -> ZN ^  | XNOR2_X2 | 0.120 |   3.409 |    2.491 | 
     | datapath/g17621                                    | A ^ -> ZN v  | INV_X2   | 0.040 |   3.449 |    2.531 | 
     | datapath/g17616                                    | B v -> ZN v  | XNOR2_X2 | 0.124 |   3.573 |    2.655 | 
     | datapath/ALU_ALU_GEN[0].slice_i_resultMux/FE_RC_11 | A1 v -> ZN ^ | NAND2_X2 | 0.061 |   3.634 |    2.715 | 
     | 3_0                                                |              |          |       |         |          | 
     | datapath/ALU_ALU_GEN[0].slice_i_resultMux/FE_RC_77 | A1 ^ -> ZN v | NAND2_X2 | 0.045 |   3.679 |    2.760 | 
     | _0                                                 |              |          |       |         |          | 
     | datapath/EXMEM_aluResult_reg[0]                    | D v          | DFFR_X1  | 0.000 |   3.679 |    2.761 | 
     +-----------------------------------------------------------------------------------------------------------+ 

