###############################################################
#  Generated by:      Cadence Innovus 23.12-s091_1
#  OS:                Linux x86_64(Host ID nanohub-2907946-1)
#  Generated on:      Tue Aug 11 20:11:07 2026
#  Design:            pipelined_cpu_core
#  Command:           report_timing -late  -view RPT_TYP -max_paths 50 -nworst 1 > reports/40_setup_typ.rpt
###############################################################
Path 1: MET Late External Delay Assertion 
Endpoint:   dbg_wb_data[30]                  (^) checked with  leading edge of 
'clk'
Beginpoint: datapath/MEMWB_memData_reg[30]/Q (^) triggered by  leading edge of 
'clk'
Path Groups: {clk}
Analysis View: RPT_TYP
Other End Arrival Time          0.000
- External Delay                0.900
+ Phase Shift                   3.000
+ CPPR Adjustment               0.000
- Uncertainty                   0.100
= Required Time                 2.000
- Arrival Time                  0.731
= Slack Time                    1.269
     Clock Rise Edge                 0.000
     + Clock Network Latency (Prop)  0.456
     = Beginpoint Arrival Time       0.456
     +---------------------------------------------------------------------------------------------+ 
     |            Instance            |        Arc        |   Cell    | Delay | Arrival | Required | 
     |                                |                   |           |       |  Time   |   Time   | 
     |--------------------------------+-------------------+-----------+-------+---------+----------| 
     | datapath/MEMWB_memData_reg[30] | CK ^              |           |       |   0.456 |    1.725 | 
     | datapath/MEMWB_memData_reg[30] | CK ^ -> Q ^       | DFFR_X1   | 0.105 |   0.561 |    1.830 | 
     | datapath/g28179                | B2 ^ -> ZN v      | AOI22_X1  | 0.019 |   0.580 |    1.849 | 
     | datapath/FE_OFC102_n_61        | A v -> Z v        | CLKBUF_X1 | 0.068 |   0.649 |    1.917 | 
     | datapath/FE_DBTC55_n_61        | A v -> ZN ^       | INV_X2    | 0.083 |   0.731 |    2.000 | 
     |                                | dbg_wb_data[30] ^ |           | 0.000 |   0.731 |    2.000 | 
     +---------------------------------------------------------------------------------------------+ 
Path 2: MET Late External Delay Assertion 
Endpoint:   dbg_wb_data[27]                  (^) checked with  leading edge of 
'clk'
Beginpoint: datapath/MEMWB_memData_reg[27]/Q (^) triggered by  leading edge of 
'clk'
Path Groups: {clk}
Analysis View: RPT_TYP
Other End Arrival Time          0.000
- External Delay                0.900
+ Phase Shift                   3.000
+ CPPR Adjustment               0.000
- Uncertainty                   0.100
= Required Time                 2.000
- Arrival Time                  0.725
= Slack Time                    1.275
     Clock Rise Edge                 0.000
     + Clock Network Latency (Prop)  0.456
     = Beginpoint Arrival Time       0.456
     +---------------------------------------------------------------------------------------------+ 
     |            Instance            |        Arc        |   Cell    | Delay | Arrival | Required | 
     |                                |                   |           |       |  Time   |   Time   | 
     |--------------------------------+-------------------+-----------+-------+---------+----------| 
     | datapath/MEMWB_memData_reg[27] | CK ^              |           |       |   0.456 |    1.731 | 
     | datapath/MEMWB_memData_reg[27] | CK ^ -> Q ^       | DFFR_X1   | 0.106 |   0.562 |    1.837 | 
     | datapath/g28135                | B2 ^ -> ZN v      | AOI22_X1  | 0.019 |   0.581 |    1.856 | 
     | datapath/FE_OFC103_n_70        | A v -> Z v        | CLKBUF_X1 | 0.065 |   0.646 |    1.921 | 
     | datapath/FE_DBTC52_n_70        | A v -> ZN ^       | INV_X2    | 0.079 |   0.725 |    2.000 | 
     |                                | dbg_wb_data[27] ^ |           | 0.000 |   0.725 |    2.000 | 
     +---------------------------------------------------------------------------------------------+ 
Path 3: MET Late External Delay Assertion 
Endpoint:   dbg_wb_data[25]                  (^) checked with  leading edge of 
'clk'
Beginpoint: datapath/MEMWB_memData_reg[25]/Q (^) triggered by  leading edge of 
'clk'
Path Groups: {clk}
Analysis View: RPT_TYP
Other End Arrival Time          0.000
- External Delay                0.900
+ Phase Shift                   3.000
+ CPPR Adjustment               0.000
- Uncertainty                   0.100
= Required Time                 2.000
- Arrival Time                  0.717
= Slack Time                    1.283
     Clock Rise Edge                 0.000
     + Clock Network Latency (Prop)  0.456
     = Beginpoint Arrival Time       0.456
     +---------------------------------------------------------------------------------------------+ 
     |            Instance            |        Arc        |   Cell    | Delay | Arrival | Required | 
     |                                |                   |           |       |  Time   |   Time   | 
     |--------------------------------+-------------------+-----------+-------+---------+----------| 
     | datapath/MEMWB_memData_reg[25] | CK ^              |           |       |   0.456 |    1.739 | 
     | datapath/MEMWB_memData_reg[25] | CK ^ -> Q ^       | DFFR_X1   | 0.106 |   0.561 |    1.845 | 
     | datapath/g28133                | B2 ^ -> ZN v      | AOI22_X1  | 0.018 |   0.580 |    1.863 | 
     | datapath/FE_OFC99_n_52         | A v -> Z v        | CLKBUF_X1 | 0.061 |   0.641 |    1.924 | 
     | datapath/FE_DBTC50_n_52        | A v -> ZN ^       | INV_X2    | 0.076 |   0.717 |    2.000 | 
     |                                | dbg_wb_data[25] ^ |           | 0.000 |   0.717 |    2.000 | 
     +---------------------------------------------------------------------------------------------+ 
Path 4: MET Late External Delay Assertion 
Endpoint:   dbg_wb_data[26]                     (^) checked with  leading edge 
of 'clk'
Beginpoint: datapath/MEMWB_aluResult_reg[26]/QN (v) triggered by  leading edge 
of 'clk'
Path Groups: {clk}
Analysis View: RPT_TYP
Other End Arrival Time          0.000
- External Delay                0.900
+ Phase Shift                   3.000
+ CPPR Adjustment               0.000
- Uncertainty                   0.100
= Required Time                 2.000
- Arrival Time                  0.679
= Slack Time                    1.321
     Clock Rise Edge                 0.000
     + Clock Network Latency (Prop)  0.456
     = Beginpoint Arrival Time       0.456
     +---------------------------------------------------------------------------------------------+ 
     |             Instance             |        Arc        |  Cell   | Delay | Arrival | Required | 
     |                                  |                   |         |       |  Time   |   Time   | 
     |----------------------------------+-------------------+---------+-------+---------+----------| 
     | datapath/MEMWB_aluResult_reg[26] | CK ^              |         |       |   0.456 |    1.777 | 
     | datapath/MEMWB_aluResult_reg[26] | CK ^ -> QN v      | DFFR_X1 | 0.068 |   0.524 |    1.845 | 
     | datapath/g28168                  | B v -> Z v        | MUX2_X1 | 0.081 |   0.605 |    1.926 | 
     | datapath/FE_DBTC51_n_82          | A v -> ZN ^       | INV_X2  | 0.074 |   0.679 |    2.000 | 
     |                                  | dbg_wb_data[26] ^ |         | 0.000 |   0.679 |    2.000 | 
     +---------------------------------------------------------------------------------------------+ 
Path 5: MET Late External Delay Assertion 
Endpoint:   dbg_wb_data[18]                  (v) checked with  leading edge of 
'clk'
Beginpoint: datapath/MEMWB_memData_reg[18]/Q (v) triggered by  leading edge of 
'clk'
Path Groups: {clk}
Analysis View: RPT_TYP
Other End Arrival Time          0.000
- External Delay                0.900
+ Phase Shift                   3.000
+ CPPR Adjustment               0.000
- Uncertainty                   0.100
= Required Time                 2.000
- Arrival Time                  0.672
= Slack Time                    1.328
     Clock Rise Edge                 0.000
     + Clock Network Latency (Prop)  0.419
     = Beginpoint Arrival Time       0.419
     +--------------------------------------------------------------------------------------------+ 
     |            Instance            |        Arc        |   Cell   | Delay | Arrival | Required | 
     |                                |                   |          |       |  Time   |   Time   | 
     |--------------------------------+-------------------+----------+-------+---------+----------| 
     | datapath/MEMWB_memData_reg[18] | CK ^              |          |       |   0.419 |    1.747 | 
     | datapath/MEMWB_memData_reg[18] | CK ^ -> Q v       | DFFR_X1  | 0.089 |   0.508 |    1.836 | 
     | datapath/g28134                | B2 v -> ZN ^      | AOI22_X1 | 0.063 |   0.571 |    1.899 | 
     | datapath/FE_OFC839_n_94        | A ^ -> Z ^        | BUF_X1   | 0.058 |   0.630 |    1.957 | 
     | datapath/FE_DBTC43_n_94        | A ^ -> ZN v       | INV_X2   | 0.043 |   0.672 |    2.000 | 
     |                                | dbg_wb_data[18] v |          | 0.000 |   0.672 |    2.000 | 
     +--------------------------------------------------------------------------------------------+ 
Path 6: MET Late External Delay Assertion 
Endpoint:   dbg_wb_data[31]                   (^) checked with  leading edge of 
'clk'
Beginpoint: datapath/MEMWB_memData_reg[31]/QN (v) triggered by  leading edge of 
'clk'
Path Groups: {clk}
Analysis View: RPT_TYP
Other End Arrival Time          0.000
- External Delay                0.900
+ Phase Shift                   3.000
+ CPPR Adjustment               0.000
- Uncertainty                   0.100
= Required Time                 2.000
- Arrival Time                  0.651
= Slack Time                    1.349
     Clock Rise Edge                 0.000
     + Clock Network Latency (Prop)  0.481
     = Beginpoint Arrival Time       0.481
     +-------------------------------------------------------------------------------------------+ 
     |            Instance            |        Arc        |  Cell   | Delay | Arrival | Required | 
     |                                |                   |         |       |  Time   |   Time   | 
     |--------------------------------+-------------------+---------+-------+---------+----------| 
     | datapath/MEMWB_memData_reg[31] | CK ^              |         |       |   0.481 |    1.831 | 
     | datapath/MEMWB_memData_reg[31] | CK ^ -> QN v      | DFFR_X1 | 0.067 |   0.548 |    1.897 | 
     | datapath/g28173                | A v -> Z v        | MUX2_X1 | 0.074 |   0.622 |    1.971 | 
     | datapath/FE_OFC1004_n_34       | A v -> ZN ^       | INV_X2  | 0.029 |   0.651 |    2.000 | 
     |                                | dbg_wb_data[31] ^ |         | 0.000 |   0.651 |    2.000 | 
     +-------------------------------------------------------------------------------------------+ 
Path 7: MET Late External Delay Assertion 
Endpoint:   dbg_wb_data[17]                  (^) checked with  leading edge of 
'clk'
Beginpoint: datapath/MEMWB_memData_reg[17]/Q (^) triggered by  leading edge of 
'clk'
Path Groups: {clk}
Analysis View: RPT_TYP
Other End Arrival Time          0.000
- External Delay                0.900
+ Phase Shift                   3.000
+ CPPR Adjustment               0.000
- Uncertainty                   0.100
= Required Time                 2.000
- Arrival Time                  0.647
= Slack Time                    1.353
     Clock Rise Edge                 0.000
     + Clock Network Latency (Prop)  0.419
     = Beginpoint Arrival Time       0.419
     +--------------------------------------------------------------------------------------------+ 
     |            Instance            |        Arc        |   Cell   | Delay | Arrival | Required | 
     |                                |                   |          |       |  Time   |   Time   | 
     |--------------------------------+-------------------+----------+-------+---------+----------| 
     | datapath/MEMWB_memData_reg[17] | CK ^              |          |       |   0.419 |    1.772 | 
     | datapath/MEMWB_memData_reg[17] | CK ^ -> Q ^       | DFFR_X1  | 0.105 |   0.524 |    1.877 | 
     | datapath/g28139                | B2 ^ -> ZN v      | AOI22_X1 | 0.021 |   0.545 |    1.898 | 
     | datapath/FE_OFC100_n_55        | A v -> Z v        | BUF_X2   | 0.037 |   0.582 |    1.935 | 
     | datapath/FE_DBTC42_n_55        | A v -> ZN ^       | INV_X2   | 0.065 |   0.647 |    2.000 | 
     |                                | dbg_wb_data[17] ^ |          | 0.000 |   0.647 |    2.000 | 
     +--------------------------------------------------------------------------------------------+ 
Path 8: MET Late External Delay Assertion 
Endpoint:   dmem_addr[31]                      (^) checked with  leading edge 
of 'clk'
Beginpoint: datapath/EXMEM_aluResult_reg[31]/Q (^) triggered by  leading edge 
of 'clk'
Path Groups: {clk}
Analysis View: RPT_TYP
Other End Arrival Time          0.000
- External Delay                0.900
+ Phase Shift                   3.000
+ CPPR Adjustment               0.000
- Uncertainty                   0.100
= Required Time                 2.000
- Arrival Time                  0.597
= Slack Time                    1.403
     Clock Rise Edge                 0.000
     + Clock Network Latency (Prop)  0.481
     = Beginpoint Arrival Time       0.481
     +-------------------------------------------------------------------------------------------+ 
     |             Instance             |       Arc       |  Cell   | Delay | Arrival | Required | 
     |                                  |                 |         |       |  Time   |   Time   | 
     |----------------------------------+-----------------+---------+-------+---------+----------| 
     | datapath/EXMEM_aluResult_reg[31] | CK ^            |         |       |   0.481 |    1.884 | 
     | datapath/EXMEM_aluResult_reg[31] | CK ^ -> Q ^     | DFFR_X1 | 0.116 |   0.597 |    2.000 | 
     |                                  | dmem_addr[31] ^ |         | 0.000 |   0.597 |    2.000 | 
     +-------------------------------------------------------------------------------------------+ 
Path 9: MET Late External Delay Assertion 
Endpoint:   dbg_wb_data[21]                  (^) checked with  leading edge of 
'clk'
Beginpoint: datapath/MEMWB_memData_reg[21]/Q (^) triggered by  leading edge of 
'clk'
Path Groups: {clk}
Analysis View: RPT_TYP
Other End Arrival Time          0.000
- External Delay                0.900
+ Phase Shift                   3.000
+ CPPR Adjustment               0.000
- Uncertainty                   0.100
= Required Time                 2.000
- Arrival Time                  0.597
= Slack Time                    1.403
     Clock Rise Edge                 0.000
     + Clock Network Latency (Prop)  0.349
     = Beginpoint Arrival Time       0.349
     +--------------------------------------------------------------------------------------------+ 
     |            Instance            |        Arc        |   Cell   | Delay | Arrival | Required | 
     |                                |                   |          |       |  Time   |   Time   | 
     |--------------------------------+-------------------+----------+-------+---------+----------| 
     | datapath/MEMWB_memData_reg[21] | CK ^              |          |       |   0.349 |    1.752 | 
     | datapath/MEMWB_memData_reg[21] | CK ^ -> Q ^       | DFFR_X1  | 0.107 |   0.456 |    1.859 | 
     | datapath/g28172                | B2 ^ -> ZN v      | AOI22_X1 | 0.023 |   0.479 |    1.882 | 
     | datapath/FE_OFC195_n_76        | A v -> Z v        | BUF_X1   | 0.050 |   0.529 |    1.932 | 
     | datapath/FE_DBTC46_n_76        | A v -> ZN ^       | INV_X2   | 0.068 |   0.597 |    2.000 | 
     |                                | dbg_wb_data[21] ^ |          | 0.000 |   0.597 |    2.000 | 
     +--------------------------------------------------------------------------------------------+ 
Path 10: MET Late External Delay Assertion 
Endpoint:   dbg_wb_data[24]                    (^) checked with  leading edge 
of 'clk'
Beginpoint: datapath/MEMWB_aluResult_reg[24]/Q (^) triggered by  leading edge 
of 'clk'
Path Groups: {clk}
Analysis View: RPT_TYP
Other End Arrival Time          0.000
- External Delay                0.900
+ Phase Shift                   3.000
+ CPPR Adjustment               0.000
- Uncertainty                   0.100
= Required Time                 2.000
- Arrival Time                  0.591
= Slack Time                    1.409
     Clock Rise Edge                 0.000
     + Clock Network Latency (Prop)  0.347
     = Beginpoint Arrival Time       0.347
     +----------------------------------------------------------------------------------------------+ 
     |             Instance             |        Arc        |   Cell   | Delay | Arrival | Required | 
     |                                  |                   |          |       |  Time   |   Time   | 
     |----------------------------------+-------------------+----------+-------+---------+----------| 
     | datapath/MEMWB_aluResult_reg[24] | CK ^              |          |       |   0.347 |    1.755 | 
     | datapath/MEMWB_aluResult_reg[24] | CK ^ -> Q ^       | DFFR_X1  | 0.108 |   0.455 |    1.864 | 
     | datapath/g28138                  | A2 ^ -> ZN v      | AOI22_X1 | 0.018 |   0.474 |    1.882 | 
     | datapath/FE_OFC277_n_58          | A v -> Z v        | BUF_X1   | 0.047 |   0.521 |    1.930 | 
     | datapath/FE_DBTC49_n_58          | A v -> ZN ^       | INV_X2   | 0.070 |   0.591 |    2.000 | 
     |                                  | dbg_wb_data[24] ^ |          | 0.000 |   0.591 |    2.000 | 
     +----------------------------------------------------------------------------------------------+ 
Path 11: MET Late External Delay Assertion 
Endpoint:   dmem_addr[25]                      (^) checked with  leading edge 
of 'clk'
Beginpoint: datapath/EXMEM_aluResult_reg[25]/Q (^) triggered by  leading edge 
of 'clk'
Path Groups: {clk}
Analysis View: RPT_TYP
Other End Arrival Time          0.000
- External Delay                0.900
+ Phase Shift                   3.000
+ CPPR Adjustment               0.000
- Uncertainty                   0.100
= Required Time                 2.000
- Arrival Time                  0.591
= Slack Time                    1.409
     Clock Rise Edge                 0.000
     + Clock Network Latency (Prop)  0.481
     = Beginpoint Arrival Time       0.481
     +-------------------------------------------------------------------------------------------+ 
     |             Instance             |       Arc       |  Cell   | Delay | Arrival | Required | 
     |                                  |                 |         |       |  Time   |   Time   | 
     |----------------------------------+-----------------+---------+-------+---------+----------| 
     | datapath/EXMEM_aluResult_reg[25] | CK ^            |         |       |   0.482 |    1.890 | 
     | datapath/EXMEM_aluResult_reg[25] | CK ^ -> Q ^     | DFFR_X1 | 0.110 |   0.591 |    2.000 | 
     |                                  | dmem_addr[25] ^ |         | 0.000 |   0.591 |    2.000 | 
     +-------------------------------------------------------------------------------------------+ 
Path 12: MET Late External Delay Assertion 
Endpoint:   dbg_wb_data[14]                     (^) checked with  leading edge 
of 'clk'
Beginpoint: datapath/MEMWB_aluResult_reg[14]/QN (v) triggered by  leading edge 
of 'clk'
Path Groups: {clk}
Analysis View: RPT_TYP
Other End Arrival Time          0.000
- External Delay                0.900
+ Phase Shift                   3.000
+ CPPR Adjustment               0.000
- Uncertainty                   0.100
= Required Time                 2.000
- Arrival Time                  0.591
= Slack Time                    1.409
     Clock Rise Edge                 0.000
     + Clock Network Latency (Prop)  0.347
     = Beginpoint Arrival Time       0.347
     +---------------------------------------------------------------------------------------------+ 
     |             Instance             |        Arc        |  Cell   | Delay | Arrival | Required | 
     |                                  |                   |         |       |  Time   |   Time   | 
     |----------------------------------+-------------------+---------+-------+---------+----------| 
     | datapath/MEMWB_aluResult_reg[14] | CK ^              |         |       |   0.347 |    1.756 | 
     | datapath/MEMWB_aluResult_reg[14] | CK ^ -> QN v      | DFFR_X1 | 0.071 |   0.418 |    1.827 | 
     | datapath/g28137                  | B v -> Z v        | MUX2_X1 | 0.063 |   0.481 |    1.890 | 
     | datapath/FE_OFC305_n_28          | A v -> Z v        | BUF_X1  | 0.040 |   0.521 |    1.930 | 
     | datapath/FE_OFC306_n_28          | A v -> ZN ^       | INV_X2  | 0.070 |   0.591 |    2.000 | 
     |                                  | dbg_wb_data[14] ^ |         | 0.000 |   0.591 |    2.000 | 
     +---------------------------------------------------------------------------------------------+ 
Path 13: MET Late External Delay Assertion 
Endpoint:   dmem_wdata[25]                     (^) checked with  leading edge 
of 'clk'
Beginpoint: datapath/EXMEM_storeData_reg[25]/Q (^) triggered by  leading edge 
of 'clk'
Path Groups: {clk}
Analysis View: RPT_TYP
Other End Arrival Time          0.000
- External Delay                0.900
+ Phase Shift                   3.000
+ CPPR Adjustment               0.000
- Uncertainty                   0.100
= Required Time                 2.000
- Arrival Time                  0.580
= Slack Time                    1.420
     Clock Rise Edge                 0.000
     + Clock Network Latency (Prop)  0.481
     = Beginpoint Arrival Time       0.481
     +--------------------------------------------------------------------------------------------+ 
     |             Instance             |       Arc        |  Cell   | Delay | Arrival | Required | 
     |                                  |                  |         |       |  Time   |   Time   | 
     |----------------------------------+------------------+---------+-------+---------+----------| 
     | datapath/EXMEM_storeData_reg[25] | CK ^             |         |       |   0.481 |    1.901 | 
     | datapath/EXMEM_storeData_reg[25] | CK ^ -> Q ^      | DFFR_X1 | 0.099 |   0.580 |    2.000 | 
     |                                  | dmem_wdata[25] ^ |         | 0.000 |   0.580 |    2.000 | 
     +--------------------------------------------------------------------------------------------+ 
Path 14: MET Late External Delay Assertion 
Endpoint:   dmem_wdata[28]                     (^) checked with  leading edge 
of 'clk'
Beginpoint: datapath/EXMEM_storeData_reg[28]/Q (^) triggered by  leading edge 
of 'clk'
Path Groups: {clk}
Analysis View: RPT_TYP
Other End Arrival Time          0.000
- External Delay                0.900
+ Phase Shift                   3.000
+ CPPR Adjustment               0.000
- Uncertainty                   0.100
= Required Time                 2.000
- Arrival Time                  0.580
= Slack Time                    1.420
     Clock Rise Edge                 0.000
     + Clock Network Latency (Prop)  0.481
     = Beginpoint Arrival Time       0.481
     +--------------------------------------------------------------------------------------------+ 
     |             Instance             |       Arc        |  Cell   | Delay | Arrival | Required | 
     |                                  |                  |         |       |  Time   |   Time   | 
     |----------------------------------+------------------+---------+-------+---------+----------| 
     | datapath/EXMEM_storeData_reg[28] | CK ^             |         |       |   0.481 |    1.901 | 
     | datapath/EXMEM_storeData_reg[28] | CK ^ -> Q ^      | DFFR_X1 | 0.099 |   0.580 |    2.000 | 
     |                                  | dmem_wdata[28] ^ |         | 0.000 |   0.580 |    2.000 | 
     +--------------------------------------------------------------------------------------------+ 
Path 15: MET Late External Delay Assertion 
Endpoint:   dmem_wdata[29]                     (^) checked with  leading edge 
of 'clk'
Beginpoint: datapath/EXMEM_storeData_reg[29]/Q (^) triggered by  leading edge 
of 'clk'
Path Groups: {clk}
Analysis View: RPT_TYP
Other End Arrival Time          0.000
- External Delay                0.900
+ Phase Shift                   3.000
+ CPPR Adjustment               0.000
- Uncertainty                   0.100
= Required Time                 2.000
- Arrival Time                  0.580
= Slack Time                    1.420
     Clock Rise Edge                 0.000
     + Clock Network Latency (Prop)  0.481
     = Beginpoint Arrival Time       0.481
     +--------------------------------------------------------------------------------------------+ 
     |             Instance             |       Arc        |  Cell   | Delay | Arrival | Required | 
     |                                  |                  |         |       |  Time   |   Time   | 
     |----------------------------------+------------------+---------+-------+---------+----------| 
     | datapath/EXMEM_storeData_reg[29] | CK ^             |         |       |   0.481 |    1.901 | 
     | datapath/EXMEM_storeData_reg[29] | CK ^ -> Q ^      | DFFR_X1 | 0.099 |   0.580 |    2.000 | 
     |                                  | dmem_wdata[29] ^ |         | 0.000 |   0.580 |    2.000 | 
     +--------------------------------------------------------------------------------------------+ 
Path 16: MET Late External Delay Assertion 
Endpoint:   dmem_wdata[31]                     (^) checked with  leading edge 
of 'clk'
Beginpoint: datapath/EXMEM_storeData_reg[31]/Q (^) triggered by  leading edge 
of 'clk'
Path Groups: {clk}
Analysis View: RPT_TYP
Other End Arrival Time          0.000
- External Delay                0.900
+ Phase Shift                   3.000
+ CPPR Adjustment               0.000
- Uncertainty                   0.100
= Required Time                 2.000
- Arrival Time                  0.580
= Slack Time                    1.420
     Clock Rise Edge                 0.000
     + Clock Network Latency (Prop)  0.481
     = Beginpoint Arrival Time       0.481
     +--------------------------------------------------------------------------------------------+ 
     |             Instance             |       Arc        |  Cell   | Delay | Arrival | Required | 
     |                                  |                  |         |       |  Time   |   Time   | 
     |----------------------------------+------------------+---------+-------+---------+----------| 
     | datapath/EXMEM_storeData_reg[31] | CK ^             |         |       |   0.481 |    1.901 | 
     | datapath/EXMEM_storeData_reg[31] | CK ^ -> Q ^      | DFFR_X1 | 0.099 |   0.580 |    2.000 | 
     |                                  | dmem_wdata[31] ^ |         | 0.000 |   0.580 |    2.000 | 
     +--------------------------------------------------------------------------------------------+ 
Path 17: MET Late External Delay Assertion 
Endpoint:   dmem_wdata[26]                     (^) checked with  leading edge 
of 'clk'
Beginpoint: datapath/EXMEM_storeData_reg[26]/Q (^) triggered by  leading edge 
of 'clk'
Path Groups: {clk}
Analysis View: RPT_TYP
Other End Arrival Time          0.000
- External Delay                0.900
+ Phase Shift                   3.000
+ CPPR Adjustment               0.000
- Uncertainty                   0.100
= Required Time                 2.000
- Arrival Time                  0.580
= Slack Time                    1.420
     Clock Rise Edge                 0.000
     + Clock Network Latency (Prop)  0.481
     = Beginpoint Arrival Time       0.481
     +--------------------------------------------------------------------------------------------+ 
     |             Instance             |       Arc        |  Cell   | Delay | Arrival | Required | 
     |                                  |                  |         |       |  Time   |   Time   | 
     |----------------------------------+------------------+---------+-------+---------+----------| 
     | datapath/EXMEM_storeData_reg[26] | CK ^             |         |       |   0.481 |    1.901 | 
     | datapath/EXMEM_storeData_reg[26] | CK ^ -> Q ^      | DFFR_X1 | 0.099 |   0.580 |    2.000 | 
     |                                  | dmem_wdata[26] ^ |         | 0.000 |   0.580 |    2.000 | 
     +--------------------------------------------------------------------------------------------+ 
Path 18: MET Late External Delay Assertion 
Endpoint:   dmem_wdata[27]                     (^) checked with  leading edge 
of 'clk'
Beginpoint: datapath/EXMEM_storeData_reg[27]/Q (^) triggered by  leading edge 
of 'clk'
Path Groups: {clk}
Analysis View: RPT_TYP
Other End Arrival Time          0.000
- External Delay                0.900
+ Phase Shift                   3.000
+ CPPR Adjustment               0.000
- Uncertainty                   0.100
= Required Time                 2.000
- Arrival Time                  0.580
= Slack Time                    1.420
     Clock Rise Edge                 0.000
     + Clock Network Latency (Prop)  0.481
     = Beginpoint Arrival Time       0.481
     +--------------------------------------------------------------------------------------------+ 
     |             Instance             |       Arc        |  Cell   | Delay | Arrival | Required | 
     |                                  |                  |         |       |  Time   |   Time   | 
     |----------------------------------+------------------+---------+-------+---------+----------| 
     | datapath/EXMEM_storeData_reg[27] | CK ^             |         |       |   0.481 |    1.901 | 
     | datapath/EXMEM_storeData_reg[27] | CK ^ -> Q ^      | DFFR_X1 | 0.099 |   0.580 |    2.000 | 
     |                                  | dmem_wdata[27] ^ |         | 0.000 |   0.580 |    2.000 | 
     +--------------------------------------------------------------------------------------------+ 
Path 19: MET Late External Delay Assertion 
Endpoint:   dmem_wdata[18]                     (^) checked with  leading edge 
of 'clk'
Beginpoint: datapath/EXMEM_storeData_reg[18]/Q (^) triggered by  leading edge 
of 'clk'
Path Groups: {clk}
Analysis View: RPT_TYP
Other End Arrival Time          0.000
- External Delay                0.900
+ Phase Shift                   3.000
+ CPPR Adjustment               0.000
- Uncertainty                   0.100
= Required Time                 2.000
- Arrival Time                  0.580
= Slack Time                    1.420
     Clock Rise Edge                 0.000
     + Clock Network Latency (Prop)  0.481
     = Beginpoint Arrival Time       0.481
     +--------------------------------------------------------------------------------------------+ 
     |             Instance             |       Arc        |  Cell   | Delay | Arrival | Required | 
     |                                  |                  |         |       |  Time   |   Time   | 
     |----------------------------------+------------------+---------+-------+---------+----------| 
     | datapath/EXMEM_storeData_reg[18] | CK ^             |         |       |   0.481 |    1.901 | 
     | datapath/EXMEM_storeData_reg[18] | CK ^ -> Q ^      | DFFR_X1 | 0.099 |   0.580 |    2.000 | 
     |                                  | dmem_wdata[18] ^ |         | 0.000 |   0.580 |    2.000 | 
     +--------------------------------------------------------------------------------------------+ 
Path 20: MET Late External Delay Assertion 
Endpoint:   dmem_wdata[30]                     (^) checked with  leading edge 
of 'clk'
Beginpoint: datapath/EXMEM_storeData_reg[30]/Q (^) triggered by  leading edge 
of 'clk'
Path Groups: {clk}
Analysis View: RPT_TYP
Other End Arrival Time          0.000
- External Delay                0.900
+ Phase Shift                   3.000
+ CPPR Adjustment               0.000
- Uncertainty                   0.100
= Required Time                 2.000
- Arrival Time                  0.580
= Slack Time                    1.420
     Clock Rise Edge                 0.000
     + Clock Network Latency (Prop)  0.481
     = Beginpoint Arrival Time       0.481
     +--------------------------------------------------------------------------------------------+ 
     |             Instance             |       Arc        |  Cell   | Delay | Arrival | Required | 
     |                                  |                  |         |       |  Time   |   Time   | 
     |----------------------------------+------------------+---------+-------+---------+----------| 
     | datapath/EXMEM_storeData_reg[30] | CK ^             |         |       |   0.481 |    1.901 | 
     | datapath/EXMEM_storeData_reg[30] | CK ^ -> Q ^      | DFFR_X1 | 0.099 |   0.580 |    2.000 | 
     |                                  | dmem_wdata[30] ^ |         | 0.000 |   0.580 |    2.000 | 
     +--------------------------------------------------------------------------------------------+ 
Path 21: MET Late External Delay Assertion 
Endpoint:   dmem_addr[29]                      (^) checked with  leading edge 
of 'clk'
Beginpoint: datapath/EXMEM_aluResult_reg[29]/Q (^) triggered by  leading edge 
of 'clk'
Path Groups: {clk}
Analysis View: RPT_TYP
Other End Arrival Time          0.000
- External Delay                0.900
+ Phase Shift                   3.000
+ CPPR Adjustment               0.000
- Uncertainty                   0.100
= Required Time                 2.000
- Arrival Time                  0.573
= Slack Time                    1.427
     Clock Rise Edge                 0.000
     + Clock Network Latency (Prop)  0.456
     = Beginpoint Arrival Time       0.456
     +-------------------------------------------------------------------------------------------+ 
     |             Instance             |       Arc       |  Cell   | Delay | Arrival | Required | 
     |                                  |                 |         |       |  Time   |   Time   | 
     |----------------------------------+-----------------+---------+-------+---------+----------| 
     | datapath/EXMEM_aluResult_reg[29] | CK ^            |         |       |   0.456 |    1.883 | 
     | datapath/EXMEM_aluResult_reg[29] | CK ^ -> Q ^     | DFFR_X1 | 0.117 |   0.572 |    2.000 | 
     |                                  | dmem_addr[29] ^ |         | 0.000 |   0.573 |    2.000 | 
     +-------------------------------------------------------------------------------------------+ 
Path 22: MET Late External Delay Assertion 
Endpoint:   dbg_wb_data[19]                   (^) checked with  leading edge of 
'clk'
Beginpoint: datapath/MEMWB_memData_reg[19]/QN (v) triggered by  leading edge of 
'clk'
Path Groups: {clk}
Analysis View: RPT_TYP
Other End Arrival Time          0.000
- External Delay                0.900
+ Phase Shift                   3.000
+ CPPR Adjustment               0.000
- Uncertainty                   0.100
= Required Time                 2.000
- Arrival Time                  0.571
= Slack Time                    1.429
     Clock Rise Edge                 0.000
     + Clock Network Latency (Prop)  0.349
     = Beginpoint Arrival Time       0.349
     +-------------------------------------------------------------------------------------------+ 
     |            Instance            |        Arc        |  Cell   | Delay | Arrival | Required | 
     |                                |                   |         |       |  Time   |   Time   | 
     |--------------------------------+-------------------+---------+-------+---------+----------| 
     | datapath/MEMWB_memData_reg[19] | CK ^              |         |       |   0.349 |    1.778 | 
     | datapath/MEMWB_memData_reg[19] | CK ^ -> QN v      | DFFR_X1 | 0.069 |   0.418 |    1.847 | 
     | datapath/g28184                | A v -> Z v        | MUX2_X1 | 0.081 |   0.500 |    1.929 | 
     | datapath/FE_DBTC44_n_88        | A v -> ZN ^       | INV_X2  | 0.072 |   0.571 |    2.000 | 
     |                                | dbg_wb_data[19] ^ |         | 0.000 |   0.571 |    2.000 | 
     +-------------------------------------------------------------------------------------------+ 
Path 23: MET Late External Delay Assertion 
Endpoint:   dbg_wb_data[23]                   (^) checked with  leading edge of 
'clk'
Beginpoint: datapath/MEMWB_memData_reg[23]/QN (v) triggered by  leading edge of 
'clk'
Path Groups: {clk}
Analysis View: RPT_TYP
Other End Arrival Time          0.000
- External Delay                0.900
+ Phase Shift                   3.000
+ CPPR Adjustment               0.000
- Uncertainty                   0.100
= Required Time                 2.000
- Arrival Time                  0.568
= Slack Time                    1.432
     Clock Rise Edge                 0.000
     + Clock Network Latency (Prop)  0.349
     = Beginpoint Arrival Time       0.349
     +-------------------------------------------------------------------------------------------+ 
     |            Instance            |        Arc        |  Cell   | Delay | Arrival | Required | 
     |                                |                   |         |       |  Time   |   Time   | 
     |--------------------------------+-------------------+---------+-------+---------+----------| 
     | datapath/MEMWB_memData_reg[23] | CK ^              |         |       |   0.349 |    1.781 | 
     | datapath/MEMWB_memData_reg[23] | CK ^ -> QN v      | DFFR_X1 | 0.071 |   0.419 |    1.852 | 
     | datapath/g28171                | A v -> Z v        | MUX2_X1 | 0.075 |   0.495 |    1.927 | 
     | datapath/FE_OFC1007_n_49       | A v -> ZN ^       | INV_X2  | 0.073 |   0.568 |    2.000 | 
     |                                | dbg_wb_data[23] ^ |         | 0.000 |   0.568 |    2.000 | 
     +-------------------------------------------------------------------------------------------+ 
Path 24: MET Late External Delay Assertion 
Endpoint:   dmem_addr[28]                      (^) checked with  leading edge 
of 'clk'
Beginpoint: datapath/EXMEM_aluResult_reg[28]/Q (^) triggered by  leading edge 
of 'clk'
Path Groups: {clk}
Analysis View: RPT_TYP
Other End Arrival Time          0.000
- External Delay                0.900
+ Phase Shift                   3.000
+ CPPR Adjustment               0.000
- Uncertainty                   0.100
= Required Time                 2.000
- Arrival Time                  0.567
= Slack Time                    1.433
     Clock Rise Edge                 0.000
     + Clock Network Latency (Prop)  0.456
     = Beginpoint Arrival Time       0.456
     +-------------------------------------------------------------------------------------------+ 
     |             Instance             |       Arc       |  Cell   | Delay | Arrival | Required | 
     |                                  |                 |         |       |  Time   |   Time   | 
     |----------------------------------+-----------------+---------+-------+---------+----------| 
     | datapath/EXMEM_aluResult_reg[28] | CK ^            |         |       |   0.456 |    1.889 | 
     | datapath/EXMEM_aluResult_reg[28] | CK ^ -> Q ^     | DFFR_X1 | 0.111 |   0.567 |    2.000 | 
     |                                  | dmem_addr[28] ^ |         | 0.000 |   0.567 |    2.000 | 
     +-------------------------------------------------------------------------------------------+ 
Path 25: MET Late External Delay Assertion 
Endpoint:   dmem_addr[30]                      (^) checked with  leading edge 
of 'clk'
Beginpoint: datapath/EXMEM_aluResult_reg[30]/Q (^) triggered by  leading edge 
of 'clk'
Path Groups: {clk}
Analysis View: RPT_TYP
Other End Arrival Time          0.000
- External Delay                0.900
+ Phase Shift                   3.000
+ CPPR Adjustment               0.000
- Uncertainty                   0.100
= Required Time                 2.000
- Arrival Time                  0.567
= Slack Time                    1.433
     Clock Rise Edge                 0.000
     + Clock Network Latency (Prop)  0.456
     = Beginpoint Arrival Time       0.456
     +-------------------------------------------------------------------------------------------+ 
     |             Instance             |       Arc       |  Cell   | Delay | Arrival | Required | 
     |                                  |                 |         |       |  Time   |   Time   | 
     |----------------------------------+-----------------+---------+-------+---------+----------| 
     | datapath/EXMEM_aluResult_reg[30] | CK ^            |         |       |   0.456 |    1.889 | 
     | datapath/EXMEM_aluResult_reg[30] | CK ^ -> Q ^     | DFFR_X1 | 0.111 |   0.567 |    2.000 | 
     |                                  | dmem_addr[30] ^ |         | 0.000 |   0.567 |    2.000 | 
     +-------------------------------------------------------------------------------------------+ 
Path 26: MET Late External Delay Assertion 
Endpoint:   dbg_wb_data[28]               (^) checked with  leading edge of 
'clk'
Beginpoint: datapath/MEMWB_memToReg_reg/Q (v) triggered by  leading edge of 
'clk'
Path Groups: {clk}
Analysis View: RPT_TYP
Other End Arrival Time          0.000
- External Delay                0.900
+ Phase Shift                   3.000
+ CPPR Adjustment               0.000
- Uncertainty                   0.100
= Required Time                 2.000
- Arrival Time                  0.567
= Slack Time                    1.433
     Clock Rise Edge                 0.000
     + Clock Network Latency (Prop)  0.132
     = Beginpoint Arrival Time       0.132
     +----------------------------------------------------------------------------------------------+ 
     |             Instance              |        Arc        |  Cell   | Delay | Arrival | Required | 
     |                                   |                   |         |       |  Time   |   Time   | 
     |-----------------------------------+-------------------+---------+-------+---------+----------| 
     | datapath/MEMWB_memToReg_reg       | CK ^              |         |       |   0.132 |    1.565 | 
     | datapath/MEMWB_memToReg_reg       | CK ^ -> Q v       | DFFR_X1 | 0.098 |   0.230 |    1.663 | 
     | datapath/FE_OFC856_MEMWB_memToReg | A v -> ZN ^       | INV_X4  | 0.025 |   0.255 |    1.688 | 
     | datapath/FE_OFC858_MEMWB_memToReg | A ^ -> ZN v       | INV_X4  | 0.020 |   0.275 |    1.708 | 
     | datapath/FE_OFC862_MEMWB_memToReg | A v -> ZN ^       | INV_X2  | 0.048 |   0.323 |    1.757 | 
     | datapath/FE_OFC863_MEMWB_memToReg | A ^ -> ZN v       | INV_X2  | 0.031 |   0.354 |    1.788 | 
     | datapath/FE_OFC294_MEMWB_memToReg | A v -> ZN ^       | INV_X4  | 0.044 |   0.398 |    1.832 | 
     | datapath/g28169                   | S ^ -> Z v        | MUX2_X1 | 0.095 |   0.494 |    1.927 | 
     | datapath/FE_DBTC53_n_31           | A v -> ZN ^       | INV_X2  | 0.073 |   0.567 |    2.000 | 
     |                                   | dbg_wb_data[28] ^ |         | 0.000 |   0.567 |    2.000 | 
     +----------------------------------------------------------------------------------------------+ 
Path 27: MET Late External Delay Assertion 
Endpoint:   dbg_wb_data[29]               (^) checked with  leading edge of 
'clk'
Beginpoint: datapath/MEMWB_memToReg_reg/Q (v) triggered by  leading edge of 
'clk'
Path Groups: {clk}
Analysis View: RPT_TYP
Other End Arrival Time          0.000
- External Delay                0.900
+ Phase Shift                   3.000
+ CPPR Adjustment               0.000
- Uncertainty                   0.100
= Required Time                 2.000
- Arrival Time                  0.566
= Slack Time                    1.434
     Clock Rise Edge                 0.000
     + Clock Network Latency (Prop)  0.132
     = Beginpoint Arrival Time       0.132
     +----------------------------------------------------------------------------------------------+ 
     |             Instance              |        Arc        |  Cell   | Delay | Arrival | Required | 
     |                                   |                   |         |       |  Time   |   Time   | 
     |-----------------------------------+-------------------+---------+-------+---------+----------| 
     | datapath/MEMWB_memToReg_reg       | CK ^              |         |       |   0.132 |    1.566 | 
     | datapath/MEMWB_memToReg_reg       | CK ^ -> Q v       | DFFR_X1 | 0.098 |   0.230 |    1.663 | 
     | datapath/FE_OFC856_MEMWB_memToReg | A v -> ZN ^       | INV_X4  | 0.025 |   0.255 |    1.688 | 
     | datapath/FE_OFC858_MEMWB_memToReg | A ^ -> ZN v       | INV_X4  | 0.020 |   0.275 |    1.709 | 
     | datapath/FE_OFC862_MEMWB_memToReg | A v -> ZN ^       | INV_X2  | 0.048 |   0.323 |    1.757 | 
     | datapath/FE_OFC863_MEMWB_memToReg | A ^ -> ZN v       | INV_X2  | 0.031 |   0.354 |    1.788 | 
     | datapath/FE_OFC294_MEMWB_memToReg | A v -> ZN ^       | INV_X4  | 0.044 |   0.398 |    1.832 | 
     | datapath/g28185                   | S ^ -> Z v        | MUX2_X1 | 0.093 |   0.491 |    1.925 | 
     | datapath/FE_DBTC54_n_37           | A v -> ZN ^       | INV_X2  | 0.075 |   0.566 |    2.000 | 
     |                                   | dbg_wb_data[29] ^ |         | 0.000 |   0.566 |    2.000 | 
     +----------------------------------------------------------------------------------------------+ 
Path 28: MET Late External Delay Assertion 
Endpoint:   dbg_wb_data[12]                  (^) checked with  leading edge of 
'clk'
Beginpoint: datapath/MEMWB_memData_reg[12]/Q (^) triggered by  leading edge of 
'clk'
Path Groups: {clk}
Analysis View: RPT_TYP
Other End Arrival Time          0.000
- External Delay                0.900
+ Phase Shift                   3.000
+ CPPR Adjustment               0.000
- Uncertainty                   0.100
= Required Time                 2.000
- Arrival Time                  0.562
= Slack Time                    1.438
     Clock Rise Edge                 0.000
     + Clock Network Latency (Prop)  0.323
     = Beginpoint Arrival Time       0.323
     +--------------------------------------------------------------------------------------------+ 
     |            Instance            |        Arc        |   Cell   | Delay | Arrival | Required | 
     |                                |                   |          |       |  Time   |   Time   | 
     |--------------------------------+-------------------+----------+-------+---------+----------| 
     | datapath/MEMWB_memData_reg[12] | CK ^              |          |       |   0.323 |    1.761 | 
     | datapath/MEMWB_memData_reg[12] | CK ^ -> Q ^       | DFFR_X1  | 0.108 |   0.430 |    1.869 | 
     | datapath/g28176                | B2 ^ -> ZN v      | AOI22_X1 | 0.028 |   0.459 |    1.897 | 
     | datapath/FE_OFC165_n_46        | A v -> Z v        | BUF_X2   | 0.037 |   0.496 |    1.934 | 
     | datapath/FE_DBTC37_n_46        | A v -> ZN ^       | INV_X2   | 0.066 |   0.562 |    2.000 | 
     |                                | dbg_wb_data[12] ^ |          | 0.000 |   0.562 |    2.000 | 
     +--------------------------------------------------------------------------------------------+ 
Path 29: MET Late External Delay Assertion 
Endpoint:   dmem_addr[26]                      (^) checked with  leading edge 
of 'clk'
Beginpoint: datapath/EXMEM_aluResult_reg[26]/Q (^) triggered by  leading edge 
of 'clk'
Path Groups: {clk}
Analysis View: RPT_TYP
Other End Arrival Time          0.000
- External Delay                0.900
+ Phase Shift                   3.000
+ CPPR Adjustment               0.000
- Uncertainty                   0.100
= Required Time                 2.000
- Arrival Time                  0.562
= Slack Time                    1.438
     Clock Rise Edge                 0.000
     + Clock Network Latency (Prop)  0.456
     = Beginpoint Arrival Time       0.456
     +-------------------------------------------------------------------------------------------+ 
     |             Instance             |       Arc       |  Cell   | Delay | Arrival | Required | 
     |                                  |                 |         |       |  Time   |   Time   | 
     |----------------------------------+-----------------+---------+-------+---------+----------| 
     | datapath/EXMEM_aluResult_reg[26] | CK ^            |         |       |   0.456 |    1.894 | 
     | datapath/EXMEM_aluResult_reg[26] | CK ^ -> Q ^     | DFFR_X1 | 0.106 |   0.562 |    2.000 | 
     |                                  | dmem_addr[26] ^ |         | 0.000 |   0.562 |    2.000 | 
     +-------------------------------------------------------------------------------------------+ 
Path 30: MET Late External Delay Assertion 
Endpoint:   dmem_addr[27]                      (^) checked with  leading edge 
of 'clk'
Beginpoint: datapath/EXMEM_aluResult_reg[27]/Q (^) triggered by  leading edge 
of 'clk'
Path Groups: {clk}
Analysis View: RPT_TYP
Other End Arrival Time          0.000
- External Delay                0.900
+ Phase Shift                   3.000
+ CPPR Adjustment               0.000
- Uncertainty                   0.100
= Required Time                 2.000
- Arrival Time                  0.561
= Slack Time                    1.439
     Clock Rise Edge                 0.000
     + Clock Network Latency (Prop)  0.456
     = Beginpoint Arrival Time       0.456
     +-------------------------------------------------------------------------------------------+ 
     |             Instance             |       Arc       |  Cell   | Delay | Arrival | Required | 
     |                                  |                 |         |       |  Time   |   Time   | 
     |----------------------------------+-----------------+---------+-------+---------+----------| 
     | datapath/EXMEM_aluResult_reg[27] | CK ^            |         |       |   0.456 |    1.895 | 
     | datapath/EXMEM_aluResult_reg[27] | CK ^ -> Q ^     | DFFR_X1 | 0.105 |   0.561 |    2.000 | 
     |                                  | dmem_addr[27] ^ |         | 0.000 |   0.561 |    2.000 | 
     +-------------------------------------------------------------------------------------------+ 
Path 31: MET Late External Delay Assertion 
Endpoint:   dbg_wb_data[22]               (^) checked with  leading edge of 
'clk'
Beginpoint: datapath/MEMWB_memToReg_reg/Q (v) triggered by  leading edge of 
'clk'
Path Groups: {clk}
Analysis View: RPT_TYP
Other End Arrival Time          0.000
- External Delay                0.900
+ Phase Shift                   3.000
+ CPPR Adjustment               0.000
- Uncertainty                   0.100
= Required Time                 2.000
- Arrival Time                  0.558
= Slack Time                    1.442
     Clock Rise Edge                 0.000
     + Clock Network Latency (Prop)  0.132
     = Beginpoint Arrival Time       0.132
     +----------------------------------------------------------------------------------------------+ 
     |             Instance              |        Arc        |  Cell   | Delay | Arrival | Required | 
     |                                   |                   |         |       |  Time   |   Time   | 
     |-----------------------------------+-------------------+---------+-------+---------+----------| 
     | datapath/MEMWB_memToReg_reg       | CK ^              |         |       |   0.132 |    1.574 | 
     | datapath/MEMWB_memToReg_reg       | CK ^ -> Q v       | DFFR_X1 | 0.098 |   0.230 |    1.672 | 
     | datapath/FE_OFC856_MEMWB_memToReg | A v -> ZN ^       | INV_X4  | 0.025 |   0.255 |    1.696 | 
     | datapath/FE_OFC858_MEMWB_memToReg | A ^ -> ZN v       | INV_X4  | 0.020 |   0.275 |    1.717 | 
     | datapath/FE_OFC862_MEMWB_memToReg | A v -> ZN ^       | INV_X2  | 0.048 |   0.323 |    1.765 | 
     | datapath/FE_OFC863_MEMWB_memToReg | A ^ -> ZN v       | INV_X2  | 0.031 |   0.354 |    1.796 | 
     | datapath/FE_OFC294_MEMWB_memToReg | A v -> ZN ^       | INV_X4  | 0.044 |   0.398 |    1.840 | 
     | datapath/g28174                   | S ^ -> Z v        | MUX2_X1 | 0.086 |   0.484 |    1.926 | 
     | datapath/FE_DBTC47_n_16           | A v -> ZN ^       | INV_X2  | 0.074 |   0.558 |    2.000 | 
     |                                   | dbg_wb_data[22] ^ |         | 0.000 |   0.558 |    2.000 | 
     +----------------------------------------------------------------------------------------------+ 
Path 32: MET Late External Delay Assertion 
Endpoint:   dbg_wb_data[15]               (^) checked with  leading edge of 
'clk'
Beginpoint: datapath/MEMWB_memToReg_reg/Q (v) triggered by  leading edge of 
'clk'
Path Groups: {clk}
Analysis View: RPT_TYP
Other End Arrival Time          0.000
- External Delay                0.900
+ Phase Shift                   3.000
+ CPPR Adjustment               0.000
- Uncertainty                   0.100
= Required Time                 2.000
- Arrival Time                  0.558
= Slack Time                    1.442
     Clock Rise Edge                 0.000
     + Clock Network Latency (Prop)  0.132
     = Beginpoint Arrival Time       0.132
     +----------------------------------------------------------------------------------------------+ 
     |             Instance              |        Arc        |  Cell   | Delay | Arrival | Required | 
     |                                   |                   |         |       |  Time   |   Time   | 
     |-----------------------------------+-------------------+---------+-------+---------+----------| 
     | datapath/MEMWB_memToReg_reg       | CK ^              |         |       |   0.132 |    1.574 | 
     | datapath/MEMWB_memToReg_reg       | CK ^ -> Q v       | DFFR_X1 | 0.098 |   0.230 |    1.672 | 
     | datapath/FE_OFC856_MEMWB_memToReg | A v -> ZN ^       | INV_X4  | 0.025 |   0.255 |    1.697 | 
     | datapath/FE_OFC858_MEMWB_memToReg | A ^ -> ZN v       | INV_X4  | 0.020 |   0.275 |    1.717 | 
     | datapath/FE_OFC862_MEMWB_memToReg | A v -> ZN ^       | INV_X2  | 0.048 |   0.323 |    1.765 | 
     | datapath/FE_OFC863_MEMWB_memToReg | A ^ -> ZN v       | INV_X2  | 0.031 |   0.354 |    1.796 | 
     | datapath/FE_OFC294_MEMWB_memToReg | A v -> ZN ^       | INV_X4  | 0.044 |   0.398 |    1.841 | 
     | datapath/g28170                   | S ^ -> Z v        | MUX2_X1 | 0.085 |   0.484 |    1.926 | 
     | datapath/FE_DBTC40_n_19           | A v -> ZN ^       | INV_X2  | 0.074 |   0.558 |    2.000 | 
     |                                   | dbg_wb_data[15] ^ |         | 0.000 |   0.558 |    2.000 | 
     +----------------------------------------------------------------------------------------------+ 
Path 33: MET Late External Delay Assertion 
Endpoint:   dbg_pc[31]               (^) checked with  leading edge of 'clk'
Beginpoint: datapath/IF_pc_reg[31]/Q (^) triggered by  leading edge of 'clk'
Path Groups: {clk}
Analysis View: RPT_TYP
Other End Arrival Time          0.000
- External Delay                0.900
+ Phase Shift                   3.000
+ CPPR Adjustment               0.000
- Uncertainty                   0.100
= Required Time                 2.000
- Arrival Time                  0.556
= Slack Time                    1.444
     Clock Rise Edge                 0.000
     + Clock Network Latency (Prop)  0.421
     = Beginpoint Arrival Time       0.421
     +------------------------------------------------------------------------------+ 
     |        Instance        |     Arc      |  Cell   | Delay | Arrival | Required | 
     |                        |              |         |       |  Time   |   Time   | 
     |------------------------+--------------+---------+-------+---------+----------| 
     | datapath/IF_pc_reg[31] | CK ^         |         |       |   0.421 |    1.865 | 
     | datapath/IF_pc_reg[31] | CK ^ -> Q ^  | DFFR_X2 | 0.134 |   0.556 |    2.000 | 
     |                        | dbg_pc[31] ^ |         | 0.000 |   0.556 |    2.000 | 
     +------------------------------------------------------------------------------+ 
Path 34: MET Late External Delay Assertion 
Endpoint:   imem_addr[31]            (^) checked with  leading edge of 'clk'
Beginpoint: datapath/IF_pc_reg[31]/Q (^) triggered by  leading edge of 'clk'
Path Groups: {clk}
Analysis View: RPT_TYP
Other End Arrival Time          0.000
- External Delay                0.900
+ Phase Shift                   3.000
+ CPPR Adjustment               0.000
- Uncertainty                   0.100
= Required Time                 2.000
- Arrival Time                  0.556
= Slack Time                    1.444
     Clock Rise Edge                 0.000
     + Clock Network Latency (Prop)  0.421
     = Beginpoint Arrival Time       0.421
     +---------------------------------------------------------------------------------+ 
     |        Instance        |       Arc       |  Cell   | Delay | Arrival | Required | 
     |                        |                 |         |       |  Time   |   Time   | 
     |------------------------+-----------------+---------+-------+---------+----------| 
     | datapath/IF_pc_reg[31] | CK ^            |         |       |   0.421 |    1.865 | 
     | datapath/IF_pc_reg[31] | CK ^ -> Q ^     | DFFR_X2 | 0.134 |   0.556 |    2.000 | 
     |                        | imem_addr[31] ^ |         | 0.000 |   0.556 |    2.000 | 
     +---------------------------------------------------------------------------------+ 
Path 35: MET Late External Delay Assertion 
Endpoint:   dbg_wb_data[16]               (^) checked with  leading edge of 
'clk'
Beginpoint: datapath/MEMWB_memToReg_reg/Q (v) triggered by  leading edge of 
'clk'
Path Groups: {clk}
Analysis View: RPT_TYP
Other End Arrival Time          0.000
- External Delay                0.900
+ Phase Shift                   3.000
+ CPPR Adjustment               0.000
- Uncertainty                   0.100
= Required Time                 2.000
- Arrival Time                  0.554
= Slack Time                    1.446
     Clock Rise Edge                 0.000
     + Clock Network Latency (Prop)  0.132
     = Beginpoint Arrival Time       0.132
     +----------------------------------------------------------------------------------------------+ 
     |             Instance              |        Arc        |  Cell   | Delay | Arrival | Required | 
     |                                   |                   |         |       |  Time   |   Time   | 
     |-----------------------------------+-------------------+---------+-------+---------+----------| 
     | datapath/MEMWB_memToReg_reg       | CK ^              |         |       |   0.132 |    1.578 | 
     | datapath/MEMWB_memToReg_reg       | CK ^ -> Q v       | DFFR_X1 | 0.098 |   0.230 |    1.676 | 
     | datapath/FE_OFC856_MEMWB_memToReg | A v -> ZN ^       | INV_X4  | 0.025 |   0.255 |    1.701 | 
     | datapath/FE_OFC858_MEMWB_memToReg | A ^ -> ZN v       | INV_X4  | 0.020 |   0.275 |    1.721 | 
     | datapath/FE_OFC862_MEMWB_memToReg | A v -> ZN ^       | INV_X2  | 0.048 |   0.323 |    1.769 | 
     | datapath/FE_OFC863_MEMWB_memToReg | A ^ -> ZN v       | INV_X2  | 0.031 |   0.354 |    1.800 | 
     | datapath/FE_OFC294_MEMWB_memToReg | A v -> ZN ^       | INV_X4  | 0.044 |   0.398 |    1.844 | 
     | datapath/g28165                   | S ^ -> Z v        | MUX2_X1 | 0.084 |   0.482 |    1.928 | 
     | datapath/FE_DBTC41_n_109          | A v -> ZN ^       | INV_X2  | 0.072 |   0.554 |    2.000 | 
     |                                   | dbg_wb_data[16] ^ |         | 0.000 |   0.554 |    2.000 | 
     +----------------------------------------------------------------------------------------------+ 
Path 36: MET Late External Delay Assertion 
Endpoint:   dmem_addr[19]                      (^) checked with  leading edge 
of 'clk'
Beginpoint: datapath/EXMEM_aluResult_reg[19]/Q (^) triggered by  leading edge 
of 'clk'
Path Groups: {clk}
Analysis View: RPT_TYP
Other End Arrival Time          0.000
- External Delay                0.900
+ Phase Shift                   3.000
+ CPPR Adjustment               0.000
- Uncertainty                   0.100
= Required Time                 2.000
- Arrival Time                  0.542
= Slack Time                    1.458
     Clock Rise Edge                 0.000
     + Clock Network Latency (Prop)  0.419
     = Beginpoint Arrival Time       0.419
     +-------------------------------------------------------------------------------------------+ 
     |             Instance             |       Arc       |  Cell   | Delay | Arrival | Required | 
     |                                  |                 |         |       |  Time   |   Time   | 
     |----------------------------------+-----------------+---------+-------+---------+----------| 
     | datapath/EXMEM_aluResult_reg[19] | CK ^            |         |       |   0.419 |    1.877 | 
     | datapath/EXMEM_aluResult_reg[19] | CK ^ -> Q ^     | DFFR_X1 | 0.123 |   0.542 |    2.000 | 
     |                                  | dmem_addr[19] ^ |         | 0.000 |   0.542 |    2.000 | 
     +-------------------------------------------------------------------------------------------+ 
Path 37: MET Late External Delay Assertion 
Endpoint:   dbg_pc[30]               (^) checked with  leading edge of 'clk'
Beginpoint: datapath/IF_pc_reg[30]/Q (^) triggered by  leading edge of 'clk'
Path Groups: {clk}
Analysis View: RPT_TYP
Other End Arrival Time          0.000
- External Delay                0.900
+ Phase Shift                   3.000
+ CPPR Adjustment               0.000
- Uncertainty                   0.100
= Required Time                 2.000
- Arrival Time                  0.539
= Slack Time                    1.461
     Clock Rise Edge                 0.000
     + Clock Network Latency (Prop)  0.419
     = Beginpoint Arrival Time       0.419
     +------------------------------------------------------------------------------+ 
     |        Instance        |     Arc      |  Cell   | Delay | Arrival | Required | 
     |                        |              |         |       |  Time   |   Time   | 
     |------------------------+--------------+---------+-------+---------+----------| 
     | datapath/IF_pc_reg[30] | CK ^         |         |       |   0.419 |    1.881 | 
     | datapath/IF_pc_reg[30] | CK ^ -> Q ^  | DFFR_X1 | 0.119 |   0.539 |    2.000 | 
     |                        | dbg_pc[30] ^ |         | 0.000 |   0.539 |    2.000 | 
     +------------------------------------------------------------------------------+ 
Path 38: MET Late External Delay Assertion 
Endpoint:   imem_addr[30]            (^) checked with  leading edge of 'clk'
Beginpoint: datapath/IF_pc_reg[30]/Q (^) triggered by  leading edge of 'clk'
Path Groups: {clk}
Analysis View: RPT_TYP
Other End Arrival Time          0.000
- External Delay                0.900
+ Phase Shift                   3.000
+ CPPR Adjustment               0.000
- Uncertainty                   0.100
= Required Time                 2.000
- Arrival Time                  0.539
= Slack Time                    1.461
     Clock Rise Edge                 0.000
     + Clock Network Latency (Prop)  0.419
     = Beginpoint Arrival Time       0.419
     +---------------------------------------------------------------------------------+ 
     |        Instance        |       Arc       |  Cell   | Delay | Arrival | Required | 
     |                        |                 |         |       |  Time   |   Time   | 
     |------------------------+-----------------+---------+-------+---------+----------| 
     | datapath/IF_pc_reg[30] | CK ^            |         |       |   0.419 |    1.881 | 
     | datapath/IF_pc_reg[30] | CK ^ -> Q ^     | DFFR_X1 | 0.119 |   0.539 |    2.000 | 
     |                        | imem_addr[30] ^ |         | 0.000 |   0.539 |    2.000 | 
     +---------------------------------------------------------------------------------+ 
Path 39: MET Late External Delay Assertion 
Endpoint:   dmem_addr[17]                      (^) checked with  leading edge 
of 'clk'
Beginpoint: datapath/EXMEM_aluResult_reg[17]/Q (^) triggered by  leading edge 
of 'clk'
Path Groups: {clk}
Analysis View: RPT_TYP
Other End Arrival Time          0.000
- External Delay                0.900
+ Phase Shift                   3.000
+ CPPR Adjustment               0.000
- Uncertainty                   0.100
= Required Time                 2.000
- Arrival Time                  0.534
= Slack Time                    1.466
     Clock Rise Edge                 0.000
     + Clock Network Latency (Prop)  0.419
     = Beginpoint Arrival Time       0.419
     +-------------------------------------------------------------------------------------------+ 
     |             Instance             |       Arc       |  Cell   | Delay | Arrival | Required | 
     |                                  |                 |         |       |  Time   |   Time   | 
     |----------------------------------+-----------------+---------+-------+---------+----------| 
     | datapath/EXMEM_aluResult_reg[17] | CK ^            |         |       |   0.419 |    1.885 | 
     | datapath/EXMEM_aluResult_reg[17] | CK ^ -> Q ^     | DFFR_X1 | 0.115 |   0.534 |    2.000 | 
     |                                  | dmem_addr[17] ^ |         | 0.000 |   0.534 |    2.000 | 
     +-------------------------------------------------------------------------------------------+ 
Path 40: MET Late External Delay Assertion 
Endpoint:   dmem_addr[18]                      (^) checked with  leading edge 
of 'clk'
Beginpoint: datapath/EXMEM_aluResult_reg[18]/Q (^) triggered by  leading edge 
of 'clk'
Path Groups: {clk}
Analysis View: RPT_TYP
Other End Arrival Time          0.000
- External Delay                0.900
+ Phase Shift                   3.000
+ CPPR Adjustment               0.000
- Uncertainty                   0.100
= Required Time                 2.000
- Arrival Time                  0.532
= Slack Time                    1.468
     Clock Rise Edge                 0.000
     + Clock Network Latency (Prop)  0.419
     = Beginpoint Arrival Time       0.419
     +-------------------------------------------------------------------------------------------+ 
     |             Instance             |       Arc       |  Cell   | Delay | Arrival | Required | 
     |                                  |                 |         |       |  Time   |   Time   | 
     |----------------------------------+-----------------+---------+-------+---------+----------| 
     | datapath/EXMEM_aluResult_reg[18] | CK ^            |         |       |   0.419 |    1.887 | 
     | datapath/EXMEM_aluResult_reg[18] | CK ^ -> Q ^     | DFFR_X1 | 0.113 |   0.532 |    2.000 | 
     |                                  | dmem_addr[18] ^ |         | 0.000 |   0.532 |    2.000 | 
     +-------------------------------------------------------------------------------------------+ 
Path 41: MET Late External Delay Assertion 
Endpoint:   dbg_wb_data[11]               (^) checked with  leading edge of 
'clk'
Beginpoint: datapath/MEMWB_memToReg_reg/Q (v) triggered by  leading edge of 
'clk'
Path Groups: {clk}
Analysis View: RPT_TYP
Other End Arrival Time          0.000
- External Delay                0.900
+ Phase Shift                   3.000
+ CPPR Adjustment               0.000
- Uncertainty                   0.100
= Required Time                 2.000
- Arrival Time                  0.530
= Slack Time                    1.470
     Clock Rise Edge                 0.000
     + Clock Network Latency (Prop)  0.132
     = Beginpoint Arrival Time       0.132
     +-----------------------------------------------------------------------------------------------+ 
     |             Instance              |        Arc        |   Cell   | Delay | Arrival | Required | 
     |                                   |                   |          |       |  Time   |   Time   | 
     |-----------------------------------+-------------------+----------+-------+---------+----------| 
     | datapath/MEMWB_memToReg_reg       | CK ^              |          |       |   0.132 |    1.602 | 
     | datapath/MEMWB_memToReg_reg       | CK ^ -> Q v       | DFFR_X1  | 0.098 |   0.230 |    1.699 | 
     | datapath/FE_OFC856_MEMWB_memToReg | A v -> ZN ^       | INV_X4   | 0.025 |   0.255 |    1.724 | 
     | datapath/FE_OFC858_MEMWB_memToReg | A ^ -> ZN v       | INV_X4   | 0.020 |   0.275 |    1.745 | 
     | datapath/FE_OFC862_MEMWB_memToReg | A v -> ZN ^       | INV_X2   | 0.048 |   0.323 |    1.793 | 
     | datapath/FE_OFC863_MEMWB_memToReg | A ^ -> ZN v       | INV_X2   | 0.031 |   0.354 |    1.824 | 
     | datapath/FE_OFC294_MEMWB_memToReg | A v -> ZN ^       | INV_X4   | 0.044 |   0.398 |    1.868 | 
     | datapath/g28178                   | A1 ^ -> ZN v      | AOI22_X1 | 0.028 |   0.426 |    1.896 | 
     | datapath/FE_OFC166_n_25           | A v -> Z v        | BUF_X2   | 0.038 |   0.464 |    1.934 | 
     | datapath/FE_DBTC36_n_25           | A v -> ZN ^       | INV_X2   | 0.066 |   0.530 |    2.000 | 
     |                                   | dbg_wb_data[11] ^ |          | 0.000 |   0.530 |    2.000 | 
     +-----------------------------------------------------------------------------------------------+ 
Path 42: MET Late External Delay Assertion 
Endpoint:   dbg_wb_data[20]                     (^) checked with  leading edge 
of 'clk'
Beginpoint: datapath/MEMWB_aluResult_reg[20]/QN (v) triggered by  leading edge 
of 'clk'
Path Groups: {clk}
Analysis View: RPT_TYP
Other End Arrival Time          0.000
- External Delay                0.900
+ Phase Shift                   3.000
+ CPPR Adjustment               0.000
- Uncertainty                   0.100
= Required Time                 2.000
- Arrival Time                  0.521
= Slack Time                    1.479
     Clock Rise Edge                 0.000
     + Clock Network Latency (Prop)  0.349
     = Beginpoint Arrival Time       0.349
     +---------------------------------------------------------------------------------------------+ 
     |             Instance             |        Arc        |  Cell   | Delay | Arrival | Required | 
     |                                  |                   |         |       |  Time   |   Time   | 
     |----------------------------------+-------------------+---------+-------+---------+----------| 
     | datapath/MEMWB_aluResult_reg[20] | CK ^              |         |       |   0.349 |    1.828 | 
     | datapath/MEMWB_aluResult_reg[20] | CK ^ -> QN v      | DFFR_X1 | 0.069 |   0.418 |    1.897 | 
     | datapath/g28177                  | B v -> Z v        | MUX2_X1 | 0.082 |   0.500 |    1.979 | 
     | datapath/FE_OFC175_n_43          | A v -> ZN ^       | INV_X1  | 0.021 |   0.521 |    2.000 | 
     |                                  | dbg_wb_data[20] ^ |         | 0.000 |   0.521 |    2.000 | 
     +---------------------------------------------------------------------------------------------+ 
Path 43: MET Late External Delay Assertion 
Endpoint:   dmem_wdata[17]                     (^) checked with  leading edge 
of 'clk'
Beginpoint: datapath/EXMEM_storeData_reg[17]/Q (^) triggered by  leading edge 
of 'clk'
Path Groups: {clk}
Analysis View: RPT_TYP
Other End Arrival Time          0.000
- External Delay                0.900
+ Phase Shift                   3.000
+ CPPR Adjustment               0.000
- Uncertainty                   0.100
= Required Time                 2.000
- Arrival Time                  0.519
= Slack Time                    1.481
     Clock Rise Edge                 0.000
     + Clock Network Latency (Prop)  0.419
     = Beginpoint Arrival Time       0.419
     +--------------------------------------------------------------------------------------------+ 
     |             Instance             |       Arc        |  Cell   | Delay | Arrival | Required | 
     |                                  |                  |         |       |  Time   |   Time   | 
     |----------------------------------+------------------+---------+-------+---------+----------| 
     | datapath/EXMEM_storeData_reg[17] | CK ^             |         |       |   0.419 |    1.901 | 
     | datapath/EXMEM_storeData_reg[17] | CK ^ -> Q ^      | DFFR_X1 | 0.099 |   0.519 |    2.000 | 
     |                                  | dmem_wdata[17] ^ |         | 0.000 |   0.519 |    2.000 | 
     +--------------------------------------------------------------------------------------------+ 
Path 44: MET Late External Delay Assertion 
Endpoint:   dmem_wdata[19]                     (^) checked with  leading edge 
of 'clk'
Beginpoint: datapath/EXMEM_storeData_reg[19]/Q (^) triggered by  leading edge 
of 'clk'
Path Groups: {clk}
Analysis View: RPT_TYP
Other End Arrival Time          0.000
- External Delay                0.900
+ Phase Shift                   3.000
+ CPPR Adjustment               0.000
- Uncertainty                   0.100
= Required Time                 2.000
- Arrival Time                  0.519
= Slack Time                    1.481
     Clock Rise Edge                 0.000
     + Clock Network Latency (Prop)  0.419
     = Beginpoint Arrival Time       0.419
     +--------------------------------------------------------------------------------------------+ 
     |             Instance             |       Arc        |  Cell   | Delay | Arrival | Required | 
     |                                  |                  |         |       |  Time   |   Time   | 
     |----------------------------------+------------------+---------+-------+---------+----------| 
     | datapath/EXMEM_storeData_reg[19] | CK ^             |         |       |   0.419 |    1.901 | 
     | datapath/EXMEM_storeData_reg[19] | CK ^ -> Q ^      | DFFR_X1 | 0.099 |   0.519 |    2.000 | 
     |                                  | dmem_wdata[19] ^ |         | 0.000 |   0.519 |    2.000 | 
     +--------------------------------------------------------------------------------------------+ 
Path 45: MET Late External Delay Assertion 
Endpoint:   dbg_wb_data[9]                  (^) checked with  leading edge of 
'clk'
Beginpoint: datapath/MEMWB_memData_reg[9]/Q (^) triggered by  leading edge of 
'clk'
Path Groups: {clk}
Analysis View: RPT_TYP
Other End Arrival Time          0.000
- External Delay                0.900
+ Phase Shift                   3.000
+ CPPR Adjustment               0.000
- Uncertainty                   0.100
= Required Time                 2.000
- Arrival Time                  0.515
= Slack Time                    1.485
     Clock Rise Edge                 0.000
     + Clock Network Latency (Prop)  0.270
     = Beginpoint Arrival Time       0.270
     +------------------------------------------------------------------------------------------+ 
     |           Instance            |       Arc        |   Cell   | Delay | Arrival | Required | 
     |                               |                  |          |       |  Time   |   Time   | 
     |-------------------------------+------------------+----------+-------+---------+----------| 
     | datapath/MEMWB_memData_reg[9] | CK ^             |          |       |   0.270 |    1.755 | 
     | datapath/MEMWB_memData_reg[9] | CK ^ -> Q ^      | DFFR_X1  | 0.108 |   0.377 |    1.863 | 
     | datapath/g28182               | B2 ^ -> ZN v     | AOI22_X1 | 0.023 |   0.401 |    1.886 | 
     | datapath/FE_OFC167_n_40       | A v -> Z v       | BUF_X1   | 0.046 |   0.446 |    1.932 | 
     | datapath/FE_DBTC34_n_40       | A v -> ZN ^      | INV_X2   | 0.068 |   0.515 |    2.000 | 
     |                               | dbg_wb_data[9] ^ |          | 0.000 |   0.515 |    2.000 | 
     +------------------------------------------------------------------------------------------+ 
Path 46: MET Late External Delay Assertion 
Endpoint:   dbg_pc[27]               (^) checked with  leading edge of 'clk'
Beginpoint: datapath/IF_pc_reg[27]/Q (^) triggered by  leading edge of 'clk'
Path Groups: {clk}
Analysis View: RPT_TYP
Other End Arrival Time          0.000
- External Delay                0.900
+ Phase Shift                   3.000
+ CPPR Adjustment               0.000
- Uncertainty                   0.100
= Required Time                 2.000
- Arrival Time                  0.513
= Slack Time                    1.487
     Clock Rise Edge                 0.000
     + Clock Network Latency (Prop)  0.394
     = Beginpoint Arrival Time       0.394
     +------------------------------------------------------------------------------+ 
     |        Instance        |     Arc      |  Cell   | Delay | Arrival | Required | 
     |                        |              |         |       |  Time   |   Time   | 
     |------------------------+--------------+---------+-------+---------+----------| 
     | datapath/IF_pc_reg[27] | CK ^         |         |       |   0.394 |    1.881 | 
     | datapath/IF_pc_reg[27] | CK ^ -> Q ^  | DFFR_X1 | 0.119 |   0.513 |    2.000 | 
     |                        | dbg_pc[27] ^ |         | 0.000 |   0.513 |    2.000 | 
     +------------------------------------------------------------------------------+ 
Path 47: MET Late External Delay Assertion 
Endpoint:   imem_addr[27]            (^) checked with  leading edge of 'clk'
Beginpoint: datapath/IF_pc_reg[27]/Q (^) triggered by  leading edge of 'clk'
Path Groups: {clk}
Analysis View: RPT_TYP
Other End Arrival Time          0.000
- External Delay                0.900
+ Phase Shift                   3.000
+ CPPR Adjustment               0.000
- Uncertainty                   0.100
= Required Time                 2.000
- Arrival Time                  0.513
= Slack Time                    1.487
     Clock Rise Edge                 0.000
     + Clock Network Latency (Prop)  0.394
     = Beginpoint Arrival Time       0.394
     +---------------------------------------------------------------------------------+ 
     |        Instance        |       Arc       |  Cell   | Delay | Arrival | Required | 
     |                        |                 |         |       |  Time   |   Time   | 
     |------------------------+-----------------+---------+-------+---------+----------| 
     | datapath/IF_pc_reg[27] | CK ^            |         |       |   0.394 |    1.881 | 
     | datapath/IF_pc_reg[27] | CK ^ -> Q ^     | DFFR_X1 | 0.119 |   0.513 |    2.000 | 
     |                        | imem_addr[27] ^ |         | 0.000 |   0.513 |    2.000 | 
     +---------------------------------------------------------------------------------+ 
Path 48: MET Late External Delay Assertion 
Endpoint:   dbg_pc[28]               (^) checked with  leading edge of 'clk'
Beginpoint: datapath/IF_pc_reg[28]/Q (^) triggered by  leading edge of 'clk'
Path Groups: {clk}
Analysis View: RPT_TYP
Other End Arrival Time          0.000
- External Delay                0.900
+ Phase Shift                   3.000
+ CPPR Adjustment               0.000
- Uncertainty                   0.100
= Required Time                 2.000
- Arrival Time                  0.513
= Slack Time                    1.487
     Clock Rise Edge                 0.000
     + Clock Network Latency (Prop)  0.394
     = Beginpoint Arrival Time       0.394
     +------------------------------------------------------------------------------+ 
     |        Instance        |     Arc      |  Cell   | Delay | Arrival | Required | 
     |                        |              |         |       |  Time   |   Time   | 
     |------------------------+--------------+---------+-------+---------+----------| 
     | datapath/IF_pc_reg[28] | CK ^         |         |       |   0.394 |    1.881 | 
     | datapath/IF_pc_reg[28] | CK ^ -> Q ^  | DFFR_X1 | 0.119 |   0.513 |    2.000 | 
     |                        | dbg_pc[28] ^ |         | 0.000 |   0.513 |    2.000 | 
     +------------------------------------------------------------------------------+ 
Path 49: MET Late External Delay Assertion 
Endpoint:   imem_addr[28]            (^) checked with  leading edge of 'clk'
Beginpoint: datapath/IF_pc_reg[28]/Q (^) triggered by  leading edge of 'clk'
Path Groups: {clk}
Analysis View: RPT_TYP
Other End Arrival Time          0.000
- External Delay                0.900
+ Phase Shift                   3.000
+ CPPR Adjustment               0.000
- Uncertainty                   0.100
= Required Time                 2.000
- Arrival Time                  0.513
= Slack Time                    1.487
     Clock Rise Edge                 0.000
     + Clock Network Latency (Prop)  0.394
     = Beginpoint Arrival Time       0.394
     +---------------------------------------------------------------------------------+ 
     |        Instance        |       Arc       |  Cell   | Delay | Arrival | Required | 
     |                        |                 |         |       |  Time   |   Time   | 
     |------------------------+-----------------+---------+-------+---------+----------| 
     | datapath/IF_pc_reg[28] | CK ^            |         |       |   0.394 |    1.881 | 
     | datapath/IF_pc_reg[28] | CK ^ -> Q ^     | DFFR_X1 | 0.119 |   0.513 |    2.000 | 
     |                        | imem_addr[28] ^ |         | 0.000 |   0.513 |    2.000 | 
     +---------------------------------------------------------------------------------+ 
Path 50: MET Late External Delay Assertion 
Endpoint:   dbg_pc[29]               (^) checked with  leading edge of 'clk'
Beginpoint: datapath/IF_pc_reg[29]/Q (^) triggered by  leading edge of 'clk'
Path Groups: {clk}
Analysis View: RPT_TYP
Other End Arrival Time          0.000
- External Delay                0.900
+ Phase Shift                   3.000
+ CPPR Adjustment               0.000
- Uncertainty                   0.100
= Required Time                 2.000
- Arrival Time                  0.512
= Slack Time                    1.488
     Clock Rise Edge                 0.000
     + Clock Network Latency (Prop)  0.394
     = Beginpoint Arrival Time       0.394
     +------------------------------------------------------------------------------+ 
     |        Instance        |     Arc      |  Cell   | Delay | Arrival | Required | 
     |                        |              |         |       |  Time   |   Time   | 
     |------------------------+--------------+---------+-------+---------+----------| 
     | datapath/IF_pc_reg[29] | CK ^         |         |       |   0.394 |    1.882 | 
     | datapath/IF_pc_reg[29] | CK ^ -> Q ^  | DFFR_X1 | 0.118 |   0.512 |    2.000 | 
     |                        | dbg_pc[29] ^ |         | 0.000 |   0.512 |    2.000 | 
     +------------------------------------------------------------------------------+ 

