###############################################################
#  Generated by:      Cadence Innovus 23.12-s091_1
#  OS:                Linux x86_64(Host ID nanohub-2908156-5)
#  Generated on:      Wed Aug 12 14:38:51 2026
#  Design:            pipelined_cpu_core
#  Command:           report_timing -late > reports/10_place_timing.rpt
###############################################################
Path 1: MET Setup Check with Pin datapath/EXMEM_aluResult_reg[0]/CK 
Endpoint:   datapath/EXMEM_aluResult_reg[0]/D (^) checked with  leading edge of 
'clk'
Beginpoint: datapath/IDEX_rs2_reg[1]/QN       (v) triggered by  leading edge of 
'clk'
Path Groups: {clk}
Analysis View: WC_VIEW
Other End Arrival Time          0.000
- Setup                         0.069
+ Phase Shift                   4.100
+ CPPR Adjustment               0.000
- Uncertainty                   0.100
= Required Time                 3.931
- Arrival Time                  3.892
= Slack Time                    0.039
     Clock Rise Edge                 0.000
     + Clock Network Latency (Ideal) -0.185
     = Beginpoint Arrival Time       -0.185
     +------------------------------------------------------------------------------------------------------------+ 
     |                      Instance                      |     Arc      |   Cell    | Delay | Arrival | Required | 
     |                                                    |              |           |       |  Time   |   Time   | 
     |----------------------------------------------------+--------------+-----------+-------+---------+----------| 
     | datapath/IDEX_rs2_reg[1]                           | CK ^         |           |       |  -0.185 |   -0.145 | 
     | datapath/IDEX_rs2_reg[1]                           | CK ^ -> QN v | DFFR_X1   | 0.294 |   0.109 |    0.148 | 
     | ALU_forward/FE_RC_488_0                            | A v -> ZN ^  | INV_X2    | 0.072 |   0.181 |    0.221 | 
     | ALU_forward/FE_RC_346_0                            | A1 ^ -> ZN v | NAND2_X2  | 0.038 |   0.219 |    0.259 | 
     | ALU_forward/FE_RC_345_0                            | A1 v -> ZN ^ | NAND2_X2  | 0.046 |   0.265 |    0.305 | 
     | ALU_forward/FE_RC_222_0                            | A2 ^ -> ZN v | NAND3_X1  | 0.067 |   0.333 |    0.372 | 
     | ALU_forward/FE_RC_454_0                            | A v -> ZN ^  | INV_X2    | 0.050 |   0.382 |    0.422 | 
     | ALU_forward/FE_RC_453_0                            | A2 ^ -> ZN v | NAND2_X2  | 0.037 |   0.419 |    0.459 | 
     | ALU_forward/FE_RC_546_0                            | A2 v -> ZN ^ | NAND3_X2  | 0.093 |   0.512 |    0.552 | 
     | datapath/FE_OCPC559_FE_RN_90_0                     | A ^ -> ZN v  | INV_X8    | 0.049 |   0.561 |    0.601 | 
     | datapath/FE_OCPC563_FE_RN_90_0                     | A v -> ZN ^  | INV_X4    | 0.057 |   0.618 |    0.658 | 
     | datapath/g27148                                    | A1 ^ -> ZN ^ | AND2_X4   | 0.133 |   0.751 |    0.791 | 
     | datapath/FE_OFC614_n_620                           | A ^ -> ZN v  | INV_X2    | 0.057 |   0.808 |    0.848 | 
     | datapath/FE_RC_89_0                                | A1 v -> ZN ^ | OAI222_X2 | 0.139 |   0.947 |    0.986 | 
     | datapath/FE_RC_518_0                               | B1 ^ -> ZN v | AOI21_X2  | 0.076 |   1.023 |    1.062 | 
     | datapath/FE_RC_261_0                               | A v -> ZN ^  | INV_X1    | 0.062 |   1.085 |    1.124 | 
     | datapath/FE_RC_260_0                               | A1 ^ -> ZN v | NAND2_X1  | 0.035 |   1.120 |    1.159 | 
     | datapath/FE_RC_259_0                               | A1 v -> ZN ^ | NAND2_X1  | 0.097 |   1.217 |    1.257 | 
     | datapath/ALU_ALU_GEN[6].slice_i_bitAdder/FE_RC_137 | A ^ -> ZN v  | INV_X1    | 0.049 |   1.267 |    1.306 | 
     | _0                                                 |              |           |       |         |          | 
     | datapath/ALU_ALU_GEN[6].slice_i_bitAdder/FE_RC_557 | A2 v -> ZN ^ | NAND2_X2  | 0.071 |   1.337 |    1.377 | 
     | _0                                                 |              |           |       |         |          | 
     | datapath/ALU_ALU_GEN[6].slice_i_bitAdder/FE_RC_556 | A2 ^ -> ZN v | NAND2_X4  | 0.044 |   1.382 |    1.421 | 
     | _0                                                 |              |           |       |         |          | 
     | datapath/ALU_ALU_GEN[6].slice_i_bitAdder/FE_RC_555 | A1 v -> ZN ^ | NAND2_X4  | 0.047 |   1.429 |    1.468 | 
     | _0                                                 |              |           |       |         |          | 
     | datapath/ALU_ALU_GEN[7].slice_i_bitAdder/g155__161 | A1 ^ -> ZN v | NAND2_X4  | 0.037 |   1.466 |    1.505 | 
     | 7                                                  |              |           |       |         |          | 
     | datapath/ALU_ALU_GEN[7].slice_i_bitAdder/g153__678 | A1 v -> ZN ^ | NAND2_X4  | 0.045 |   1.511 |    1.550 | 
     | 3                                                  |              |           |       |         |          | 
     | datapath/ALU_ALU_GEN[8].slice_i_bitAdder/FE_RC_167 | A1 ^ -> ZN v | NAND2_X4  | 0.036 |   1.546 |    1.586 | 
     | _0                                                 |              |           |       |         |          | 
     | datapath/ALU_ALU_GEN[8].slice_i_bitAdder/g153__613 | A1 v -> ZN ^ | NAND2_X4  | 0.051 |   1.598 |    1.637 | 
     | 1                                                  |              |           |       |         |          | 
     | datapath/ALU_ALU_GEN[9].slice_i_bitAdder/g137__166 | A1 ^ -> ZN v | NAND2_X4  | 0.038 |   1.636 |    1.675 | 
     | 6                                                  |              |           |       |         |          | 
     | datapath/ALU_ALU_GEN[9].slice_i_bitAdder/g135__288 | A1 v -> ZN ^ | NAND2_X4  | 0.044 |   1.680 |    1.720 | 
     | 3                                                  |              |           |       |         |          | 
     | datapath/ALU_ALU_GEN[10].slice_i_bitAdder/g146__84 | A1 ^ -> ZN v | NAND2_X4  | 0.035 |   1.715 |    1.755 | 
     | 28                                                 |              |           |       |         |          | 
     | datapath/ALU_ALU_GEN[10].slice_i_bitAdder/g144__62 | A1 v -> ZN ^ | NAND2_X4  | 0.053 |   1.769 |    1.808 | 
     | 60                                                 |              |           |       |         |          | 
     | datapath/ALU_ALU_GEN[11].slice_i_bitAdder/g155__82 | A1 ^ -> ZN v | NAND2_X4  | 0.039 |   1.808 |    1.847 | 
     | 46                                                 |              |           |       |         |          | 
     | datapath/ALU_ALU_GEN[11].slice_i_bitAdder/g153__17 | A1 v -> ZN ^ | NAND2_X4  | 0.045 |   1.853 |    1.892 | 
     | 05                                                 |              |           |       |         |          | 
     | datapath/ALU_ALU_GEN[12].slice_i_bitAdder/g155__93 | A1 ^ -> ZN v | NAND2_X4  | 0.035 |   1.888 |    1.928 | 
     | 15                                                 |              |           |       |         |          | 
     | datapath/ALU_ALU_GEN[12].slice_i_bitAdder/g153__47 | A1 v -> ZN ^ | NAND2_X4  | 0.048 |   1.936 |    1.976 | 
     | 33                                                 |              |           |       |         |          | 
     | datapath/ALU_ALU_GEN[13].slice_i_bitAdder/g155__23 | A1 ^ -> ZN v | NAND2_X4  | 0.037 |   1.973 |    2.013 | 
     | 98                                                 |              |           |       |         |          | 
     | datapath/ALU_ALU_GEN[13].slice_i_bitAdder/g153__64 | A1 v -> ZN ^ | NAND2_X4  | 0.050 |   2.023 |    2.063 | 
     | 17                                                 |              |           |       |         |          | 
     | datapath/ALU_ALU_GEN[14].slice_i_bitAdder/g155__16 | A1 ^ -> ZN v | NAND2_X4  | 0.038 |   2.061 |    2.101 | 
     | 17                                                 |              |           |       |         |          | 
     | datapath/ALU_ALU_GEN[14].slice_i_bitAdder/g153__67 | A1 v -> ZN ^ | NAND2_X4  | 0.044 |   2.106 |    2.145 | 
     | 83                                                 |              |           |       |         |          | 
     | datapath/ALU_ALU_GEN[15].slice_i_bitAdder/g155__51 | A1 ^ -> ZN v | NAND2_X4  | 0.035 |   2.141 |    2.180 | 
     | 15                                                 |              |           |       |         |          | 
     | datapath/ALU_ALU_GEN[15].slice_i_bitAdder/g153__61 | A1 v -> ZN ^ | NAND2_X4  | 0.045 |   2.185 |    2.225 | 
     | 31                                                 |              |           |       |         |          | 
     | datapath/ALU_ALU_GEN[16].slice_i_bitAdder/g158__16 | A1 ^ -> ZN v | NAND2_X4  | 0.035 |   2.220 |    2.260 | 
     | 66                                                 |              |           |       |         |          | 
     | datapath/ALU_ALU_GEN[16].slice_i_bitAdder/g156__28 | A1 v -> ZN ^ | NAND2_X4  | 0.046 |   2.266 |    2.305 | 
     | 83                                                 |              |           |       |         |          | 
     | datapath/ALU_ALU_GEN[17].slice_i_bitAdder/g155__84 | A1 ^ -> ZN v | NAND2_X4  | 0.036 |   2.302 |    2.341 | 
     | 28                                                 |              |           |       |         |          | 
     | datapath/ALU_ALU_GEN[17].slice_i_bitAdder/g153__62 | A1 v -> ZN ^ | NAND2_X4  | 0.045 |   2.346 |    2.386 | 
     | 60                                                 |              |           |       |         |          | 
     | datapath/ALU_ALU_GEN[18].slice_i_bitAdder/g158__82 | A1 ^ -> ZN v | NAND2_X4  | 0.035 |   2.382 |    2.421 | 
     | 46                                                 |              |           |       |         |          | 
     | datapath/ALU_ALU_GEN[18].slice_i_bitAdder/g156__17 | A1 v -> ZN ^ | NAND2_X4  | 0.045 |   2.426 |    2.466 | 
     | 05                                                 |              |           |       |         |          | 
     | datapath/ALU_ALU_GEN[19].slice_i_bitAdder/g158__93 | A1 ^ -> ZN v | NAND2_X4  | 0.035 |   2.462 |    2.501 | 
     | 15                                                 |              |           |       |         |          | 
     | datapath/ALU_ALU_GEN[19].slice_i_bitAdder/g156__47 | A1 v -> ZN ^ | NAND2_X4  | 0.047 |   2.508 |    2.548 | 
     | 33                                                 |              |           |       |         |          | 
     | datapath/ALU_ALU_GEN[20].slice_i_bitAdder/g158__23 | A1 ^ -> ZN v | NAND2_X4  | 0.036 |   2.545 |    2.584 | 
     | 98                                                 |              |           |       |         |          | 
     | datapath/ALU_ALU_GEN[20].slice_i_bitAdder/g156__64 | A1 v -> ZN ^ | NAND2_X4  | 0.045 |   2.589 |    2.629 | 
     | 17                                                 |              |           |       |         |          | 
     | datapath/ALU_ALU_GEN[21].slice_i_bitAdder/g158__36 | A1 ^ -> ZN v | NAND2_X4  | 0.035 |   2.625 |    2.664 | 
     | 80                                                 |              |           |       |         |          | 
     | datapath/ALU_ALU_GEN[21].slice_i_bitAdder/g156__67 | A1 v -> ZN ^ | NAND2_X4  | 0.049 |   2.674 |    2.713 | 
     | 83                                                 |              |           |       |         |          | 
     | datapath/ALU_ALU_GEN[22].slice_i_bitAdder/g158__51 | A1 ^ -> ZN v | NAND2_X4  | 0.037 |   2.711 |    2.750 | 
     | 15                                                 |              |           |       |         |          | 
     | datapath/ALU_ALU_GEN[22].slice_i_bitAdder/g156__18 | A1 v -> ZN ^ | NAND2_X4  | 0.045 |   2.755 |    2.795 | 
     | 81                                                 |              |           |       |         |          | 
     | datapath/ALU_ALU_GEN[23].slice_i_bitAdder/g158__74 | A1 ^ -> ZN v | NAND2_X4  | 0.035 |   2.790 |    2.830 | 
     | 10                                                 |              |           |       |         |          | 
     | datapath/ALU_ALU_GEN[23].slice_i_bitAdder/g156__16 | A1 v -> ZN ^ | NAND2_X4  | 0.056 |   2.846 |    2.886 | 
     | 66                                                 |              |           |       |         |          | 
     | datapath/ALU_ALU_GEN[24].slice_i_bitAdder/g158__67 | A1 ^ -> ZN v | NAND2_X4  | 0.041 |   2.887 |    2.927 | 
     | 83                                                 |              |           |       |         |          | 
     | datapath/ALU_ALU_GEN[24].slice_i_bitAdder/g156__55 | A1 v -> ZN ^ | NAND2_X4  | 0.047 |   2.934 |    2.974 | 
     | 26                                                 |              |           |       |         |          | 
     | datapath/ALU_ALU_GEN[25].slice_i_bitAdder/g158__18 | A1 ^ -> ZN v | NAND2_X4  | 0.036 |   2.970 |    3.010 | 
     | 81                                                 |              |           |       |         |          | 
     | datapath/ALU_ALU_GEN[25].slice_i_bitAdder/g156__61 | A1 v -> ZN ^ | NAND2_X4  | 0.045 |   3.016 |    3.055 | 
     | 31                                                 |              |           |       |         |          | 
     | datapath/ALU_ALU_GEN[26].slice_i_bitAdder/g158__16 | A1 ^ -> ZN v | NAND2_X4  | 0.035 |   3.051 |    3.090 | 
     | 66                                                 |              |           |       |         |          | 
     | datapath/ALU_ALU_GEN[26].slice_i_bitAdder/g156__23 | A1 v -> ZN ^ | NAND2_X4  | 0.046 |   3.097 |    3.136 | 
     | 46                                                 |              |           |       |         |          | 
     | datapath/ALU_ALU_GEN[27].slice_i_bitAdder/g158__55 | A1 ^ -> ZN v | NAND2_X4  | 0.036 |   3.133 |    3.172 | 
     | 26                                                 |              |           |       |         |          | 
     | datapath/ALU_ALU_GEN[27].slice_i_bitAdder/g156__84 | A1 v -> ZN ^ | NAND2_X4  | 0.047 |   3.180 |    3.220 | 
     | 28                                                 |              |           |       |         |          | 
     | datapath/ALU_ALU_GEN[28].slice_i_bitAdder/g158__51 | A1 ^ -> ZN v | NAND2_X4  | 0.037 |   3.217 |    3.256 | 
     | 15                                                 |              |           |       |         |          | 
     | datapath/ALU_ALU_GEN[28].slice_i_bitAdder/g156__61 | A1 v -> ZN ^ | NAND2_X4  | 0.048 |   3.265 |    3.304 | 
     | 31                                                 |              |           |       |         |          | 
     | datapath/ALU_ALU_GEN[29].slice_i_bitAdder/FE_RC_77 | A1 ^ -> ZN v | NAND2_X4  | 0.033 |   3.298 |    3.337 | 
     | _0                                                 |              |           |       |         |          | 
     | datapath/ALU_ALU_GEN[29].slice_i_bitAdder/g156__28 | A1 v -> ZN ^ | NAND2_X2  | 0.067 |   3.365 |    3.405 | 
     | 83                                                 |              |           |       |         |          | 
     | datapath/ALU_ALU_GEN[30].slice_i_bitAdder/g158__55 | A1 ^ -> ZN v | NAND2_X4  | 0.044 |   3.409 |    3.449 | 
     | 26                                                 |              |           |       |         |          | 
     | datapath/ALU_ALU_GEN[30].slice_i_bitAdder/g156__43 | A1 v -> ZN ^ | NAND2_X4  | 0.060 |   3.469 |    3.508 | 
     | 19                                                 |              |           |       |         |          | 
     | datapath/ALU_msb_bitAdder/g119__1881               | A1 ^ -> ZN v | NAND2_X4  | 0.041 |   3.510 |    3.550 | 
     | datapath/ALU_msb_bitAdder/g117__7098               | A1 v -> ZN ^ | NAND2_X4  | 0.039 |   3.549 |    3.589 | 
     | datapath/g16080                                    | A ^ -> ZN ^  | XNOR2_X2  | 0.112 |   3.661 |    3.700 | 
     | datapath/g16078                                    | A ^ -> ZN ^  | XNOR2_X2  | 0.132 |   3.793 |    3.832 | 
     | datapath/ALU_ALU_GEN[0].slice_i_resultMux/FE_RC_55 | A1 ^ -> ZN v | NAND2_X2  | 0.052 |   3.845 |    3.885 | 
     | 3_0                                                |              |           |       |         |          | 
     | datapath/ALU_ALU_GEN[0].slice_i_resultMux/FE_RC_42 | A1 v -> ZN ^ | NAND2_X2  | 0.046 |   3.892 |    3.931 | 
     | _0                                                 |              |           |       |         |          | 
     | datapath/EXMEM_aluResult_reg[0]                    | D ^          | DFFR_X1   | 0.000 |   3.892 |    3.931 | 
     +------------------------------------------------------------------------------------------------------------+ 

