###############################################################
#  Generated by:      Cadence Innovus 23.12-s091_1
#  OS:                Linux x86_64(Host ID nanohub-2908156-5)
#  Generated on:      Wed Aug 12 14:46:13 2026
#  Design:            pipelined_cpu_core
#  Command:           report_timing -late  -view RPT_FAST -max_paths 50 -nworst 1 > reports/40_setup_fast.rpt
###############################################################
Path 1: MET Late External Delay Assertion 
Endpoint:   dbg_wb_data[31]               (v) checked with  leading edge of 
'clk'
Beginpoint: datapath/MEMWB_memToReg_reg/Q (^) triggered by  leading edge of 
'clk'
Path Groups: {clk}
Analysis View: RPT_FAST
Other End Arrival Time          0.000
- External Delay                1.230
+ Phase Shift                   4.100
+ CPPR Adjustment               0.000
- Uncertainty                   0.100
= Required Time                 2.770
- Arrival Time                  0.390
= Slack Time                    2.380
     Clock Rise Edge                 0.000
     + Clock Network Latency (Prop)  0.117
     = Beginpoint Arrival Time       0.117
     +----------------------------------------------------------------------------------------------------+ 
     |               Instance                |        Arc        |   Cell    | Delay | Arrival | Required | 
     |                                       |                   |           |       |  Time   |   Time   | 
     |---------------------------------------+-------------------+-----------+-------+---------+----------| 
     | datapath/MEMWB_memToReg_reg           | CK ^              |           |       |   0.117 |    2.497 | 
     | datapath/MEMWB_memToReg_reg           | CK ^ -> Q ^       | DFFR_X1   | 0.067 |   0.184 |    2.564 | 
     | datapath/FE_OFC314_n_1340             | A ^ -> ZN v       | INV_X4    | 0.011 |   0.195 |    2.575 | 
     | datapath/FE_OCPC497_n_1305            | A v -> Z v        | CLKBUF_X1 | 0.064 |   0.259 |    2.639 | 
     | datapath/FE_OFC704_FE_OCPN1254_n_1305 | A v -> ZN ^       | INV_X1    | 0.055 |   0.314 |    2.694 | 
     | datapath/g26764                       | S ^ -> Z v        | MUX2_X2   | 0.076 |   0.390 |    2.770 | 
     |                                       | dbg_wb_data[31] v |           | 0.000 |   0.390 |    2.770 | 
     +----------------------------------------------------------------------------------------------------+ 
Path 2: MET Late External Delay Assertion 
Endpoint:   dbg_wb_data[28]               (v) checked with  leading edge of 
'clk'
Beginpoint: datapath/MEMWB_memToReg_reg/Q (^) triggered by  leading edge of 
'clk'
Path Groups: {clk}
Analysis View: RPT_FAST
Other End Arrival Time          0.000
- External Delay                1.230
+ Phase Shift                   4.100
+ CPPR Adjustment               0.000
- Uncertainty                   0.100
= Required Time                 2.770
- Arrival Time                  0.390
= Slack Time                    2.380
     Clock Rise Edge                 0.000
     + Clock Network Latency (Prop)  0.117
     = Beginpoint Arrival Time       0.117
     +----------------------------------------------------------------------------------------------------+ 
     |               Instance                |        Arc        |   Cell    | Delay | Arrival | Required | 
     |                                       |                   |           |       |  Time   |   Time   | 
     |---------------------------------------+-------------------+-----------+-------+---------+----------| 
     | datapath/MEMWB_memToReg_reg           | CK ^              |           |       |   0.117 |    2.497 | 
     | datapath/MEMWB_memToReg_reg           | CK ^ -> Q ^       | DFFR_X1   | 0.067 |   0.184 |    2.564 | 
     | datapath/FE_OFC314_n_1340             | A ^ -> ZN v       | INV_X4    | 0.011 |   0.195 |    2.576 | 
     | datapath/FE_OCPC497_n_1305            | A v -> Z v        | CLKBUF_X1 | 0.064 |   0.259 |    2.640 | 
     | datapath/FE_OFC704_FE_OCPN1254_n_1305 | A v -> ZN ^       | INV_X1    | 0.055 |   0.314 |    2.695 | 
     | datapath/g26763                       | S ^ -> Z v        | MUX2_X2   | 0.075 |   0.390 |    2.770 | 
     |                                       | dbg_wb_data[28] v |           | 0.000 |   0.390 |    2.770 | 
     +----------------------------------------------------------------------------------------------------+ 
Path 3: MET Late External Delay Assertion 
Endpoint:   dbg_wb_data[27]               (v) checked with  leading edge of 
'clk'
Beginpoint: datapath/MEMWB_memToReg_reg/Q (^) triggered by  leading edge of 
'clk'
Path Groups: {clk}
Analysis View: RPT_FAST
Other End Arrival Time          0.000
- External Delay                1.230
+ Phase Shift                   4.100
+ CPPR Adjustment               0.000
- Uncertainty                   0.100
= Required Time                 2.770
- Arrival Time                  0.389
= Slack Time                    2.381
     Clock Rise Edge                 0.000
     + Clock Network Latency (Prop)  0.117
     = Beginpoint Arrival Time       0.117
     +----------------------------------------------------------------------------------------------------+ 
     |               Instance                |        Arc        |   Cell    | Delay | Arrival | Required | 
     |                                       |                   |           |       |  Time   |   Time   | 
     |---------------------------------------+-------------------+-----------+-------+---------+----------| 
     | datapath/MEMWB_memToReg_reg           | CK ^              |           |       |   0.117 |    2.498 | 
     | datapath/MEMWB_memToReg_reg           | CK ^ -> Q ^       | DFFR_X1   | 0.067 |   0.184 |    2.565 | 
     | datapath/FE_OFC314_n_1340             | A ^ -> ZN v       | INV_X4    | 0.011 |   0.195 |    2.577 | 
     | datapath/FE_OCPC497_n_1305            | A v -> Z v        | CLKBUF_X1 | 0.064 |   0.259 |    2.641 | 
     | datapath/FE_OFC704_FE_OCPN1254_n_1305 | A v -> ZN ^       | INV_X1    | 0.055 |   0.314 |    2.696 | 
     | datapath/g26760                       | S ^ -> Z v        | MUX2_X2   | 0.074 |   0.389 |    2.770 | 
     |                                       | dbg_wb_data[27] v |           | 0.000 |   0.389 |    2.770 | 
     +----------------------------------------------------------------------------------------------------+ 
Path 4: MET Late External Delay Assertion 
Endpoint:   dbg_wb_data[30]               (v) checked with  leading edge of 
'clk'
Beginpoint: datapath/MEMWB_memToReg_reg/Q (^) triggered by  leading edge of 
'clk'
Path Groups: {clk}
Analysis View: RPT_FAST
Other End Arrival Time          0.000
- External Delay                1.230
+ Phase Shift                   4.100
+ CPPR Adjustment               0.000
- Uncertainty                   0.100
= Required Time                 2.770
- Arrival Time                  0.387
= Slack Time                    2.383
     Clock Rise Edge                 0.000
     + Clock Network Latency (Prop)  0.117
     = Beginpoint Arrival Time       0.117
     +----------------------------------------------------------------------------------------------------+ 
     |               Instance                |        Arc        |   Cell    | Delay | Arrival | Required | 
     |                                       |                   |           |       |  Time   |   Time   | 
     |---------------------------------------+-------------------+-----------+-------+---------+----------| 
     | datapath/MEMWB_memToReg_reg           | CK ^              |           |       |   0.117 |    2.500 | 
     | datapath/MEMWB_memToReg_reg           | CK ^ -> Q ^       | DFFR_X1   | 0.067 |   0.184 |    2.567 | 
     | datapath/FE_OFC314_n_1340             | A ^ -> ZN v       | INV_X4    | 0.011 |   0.195 |    2.578 | 
     | datapath/FE_OCPC497_n_1305            | A v -> Z v        | CLKBUF_X1 | 0.064 |   0.259 |    2.642 | 
     | datapath/FE_OFC704_FE_OCPN1254_n_1305 | A v -> ZN ^       | INV_X1    | 0.055 |   0.314 |    2.697 | 
     | datapath/g26765                       | S ^ -> Z v        | MUX2_X2   | 0.073 |   0.387 |    2.770 | 
     |                                       | dbg_wb_data[30] v |           | 0.000 |   0.387 |    2.770 | 
     +----------------------------------------------------------------------------------------------------+ 
Path 5: MET Late External Delay Assertion 
Endpoint:   dbg_wb_data[29]               (v) checked with  leading edge of 
'clk'
Beginpoint: datapath/MEMWB_memToReg_reg/Q (^) triggered by  leading edge of 
'clk'
Path Groups: {clk}
Analysis View: RPT_FAST
Other End Arrival Time          0.000
- External Delay                1.230
+ Phase Shift                   4.100
+ CPPR Adjustment               0.000
- Uncertainty                   0.100
= Required Time                 2.770
- Arrival Time                  0.387
= Slack Time                    2.383
     Clock Rise Edge                 0.000
     + Clock Network Latency (Prop)  0.117
     = Beginpoint Arrival Time       0.117
     +----------------------------------------------------------------------------------------------------+ 
     |               Instance                |        Arc        |   Cell    | Delay | Arrival | Required | 
     |                                       |                   |           |       |  Time   |   Time   | 
     |---------------------------------------+-------------------+-----------+-------+---------+----------| 
     | datapath/MEMWB_memToReg_reg           | CK ^              |           |       |   0.117 |    2.500 | 
     | datapath/MEMWB_memToReg_reg           | CK ^ -> Q ^       | DFFR_X1   | 0.067 |   0.184 |    2.567 | 
     | datapath/FE_OFC314_n_1340             | A ^ -> ZN v       | INV_X4    | 0.011 |   0.195 |    2.578 | 
     | datapath/FE_OCPC497_n_1305            | A v -> Z v        | CLKBUF_X1 | 0.064 |   0.259 |    2.642 | 
     | datapath/FE_OFC704_FE_OCPN1254_n_1305 | A v -> ZN ^       | INV_X1    | 0.055 |   0.314 |    2.697 | 
     | datapath/g26762                       | S ^ -> Z v        | MUX2_X2   | 0.073 |   0.387 |    2.770 | 
     |                                       | dbg_wb_data[29] v |           | 0.000 |   0.387 |    2.770 | 
     +----------------------------------------------------------------------------------------------------+ 
Path 6: MET Late External Delay Assertion 
Endpoint:   dbg_wb_data[25]               (v) checked with  leading edge of 
'clk'
Beginpoint: datapath/MEMWB_memToReg_reg/Q (^) triggered by  leading edge of 
'clk'
Path Groups: {clk}
Analysis View: RPT_FAST
Other End Arrival Time          0.000
- External Delay                1.230
+ Phase Shift                   4.100
+ CPPR Adjustment               0.000
- Uncertainty                   0.100
= Required Time                 2.770
- Arrival Time                  0.385
= Slack Time                    2.385
     Clock Rise Edge                 0.000
     + Clock Network Latency (Prop)  0.117
     = Beginpoint Arrival Time       0.117
     +----------------------------------------------------------------------------------------------------+ 
     |               Instance                |        Arc        |   Cell    | Delay | Arrival | Required | 
     |                                       |                   |           |       |  Time   |   Time   | 
     |---------------------------------------+-------------------+-----------+-------+---------+----------| 
     | datapath/MEMWB_memToReg_reg           | CK ^              |           |       |   0.117 |    2.502 | 
     | datapath/MEMWB_memToReg_reg           | CK ^ -> Q ^       | DFFR_X1   | 0.067 |   0.184 |    2.569 | 
     | datapath/FE_OFC314_n_1340             | A ^ -> ZN v       | INV_X4    | 0.011 |   0.195 |    2.580 | 
     | datapath/FE_OCPC497_n_1305            | A v -> Z v        | CLKBUF_X1 | 0.064 |   0.259 |    2.644 | 
     | datapath/FE_OFC704_FE_OCPN1254_n_1305 | A v -> ZN ^       | INV_X1    | 0.055 |   0.314 |    2.699 | 
     | datapath/g26761                       | S ^ -> Z v        | MUX2_X2   | 0.071 |   0.385 |    2.770 | 
     |                                       | dbg_wb_data[25] v |           | 0.000 |   0.385 |    2.770 | 
     +----------------------------------------------------------------------------------------------------+ 
Path 7: MET Late External Delay Assertion 
Endpoint:   dbg_wb_data[26]               (v) checked with  leading edge of 
'clk'
Beginpoint: datapath/MEMWB_memToReg_reg/Q (^) triggered by  leading edge of 
'clk'
Path Groups: {clk}
Analysis View: RPT_FAST
Other End Arrival Time          0.000
- External Delay                1.230
+ Phase Shift                   4.100
+ CPPR Adjustment               0.000
- Uncertainty                   0.100
= Required Time                 2.770
- Arrival Time                  0.385
= Slack Time                    2.385
     Clock Rise Edge                 0.000
     + Clock Network Latency (Prop)  0.117
     = Beginpoint Arrival Time       0.117
     +----------------------------------------------------------------------------------------------------+ 
     |               Instance                |        Arc        |   Cell    | Delay | Arrival | Required | 
     |                                       |                   |           |       |  Time   |   Time   | 
     |---------------------------------------+-------------------+-----------+-------+---------+----------| 
     | datapath/MEMWB_memToReg_reg           | CK ^              |           |       |   0.117 |    2.502 | 
     | datapath/MEMWB_memToReg_reg           | CK ^ -> Q ^       | DFFR_X1   | 0.067 |   0.184 |    2.569 | 
     | datapath/FE_OFC314_n_1340             | A ^ -> ZN v       | INV_X4    | 0.011 |   0.195 |    2.580 | 
     | datapath/FE_OCPC497_n_1305            | A v -> Z v        | CLKBUF_X1 | 0.064 |   0.259 |    2.644 | 
     | datapath/FE_OFC704_FE_OCPN1254_n_1305 | A v -> ZN ^       | INV_X1    | 0.055 |   0.314 |    2.699 | 
     | datapath/g26766                       | S ^ -> Z v        | MUX2_X2   | 0.071 |   0.385 |    2.770 | 
     |                                       | dbg_wb_data[26] v |           | 0.000 |   0.385 |    2.770 | 
     +----------------------------------------------------------------------------------------------------+ 
Path 8: MET Late External Delay Assertion 
Endpoint:   dbg_wb_data[19]               (^) checked with  leading edge of 
'clk'
Beginpoint: datapath/MEMWB_memToReg_reg/Q (^) triggered by  leading edge of 
'clk'
Path Groups: {clk}
Analysis View: RPT_FAST
Other End Arrival Time          0.000
- External Delay                1.230
+ Phase Shift                   4.100
+ CPPR Adjustment               0.000
- Uncertainty                   0.100
= Required Time                 2.770
- Arrival Time                  0.354
= Slack Time                    2.416
     Clock Rise Edge                 0.000
     + Clock Network Latency (Prop)  0.117
     = Beginpoint Arrival Time       0.117
     +------------------------------------------------------------------------------------------+ 
     |          Instance           |        Arc        |   Cell    | Delay | Arrival | Required | 
     |                             |                   |           |       |  Time   |   Time   | 
     |-----------------------------+-------------------+-----------+-------+---------+----------| 
     | datapath/MEMWB_memToReg_reg | CK ^              |           |       |   0.117 |    2.533 | 
     | datapath/MEMWB_memToReg_reg | CK ^ -> Q ^       | DFFR_X1   | 0.067 |   0.184 |    2.600 | 
     | datapath/FE_OFC314_n_1340   | A ^ -> ZN v       | INV_X4    | 0.011 |   0.195 |    2.612 | 
     | datapath/FE_OCPC497_n_1305  | A v -> Z v        | CLKBUF_X1 | 0.064 |   0.259 |    2.675 | 
     | datapath/g26808             | S v -> Z v        | MUX2_X1   | 0.054 |   0.313 |    2.729 | 
     | datapath/FE_DBTC20_n_34     | A v -> ZN ^       | INV_X2    | 0.041 |   0.354 |    2.770 | 
     |                             | dbg_wb_data[19] ^ |           | 0.000 |   0.354 |    2.770 | 
     +------------------------------------------------------------------------------------------+ 
Path 9: MET Late External Delay Assertion 
Endpoint:   dbg_wb_data[11]               (^) checked with  leading edge of 
'clk'
Beginpoint: datapath/MEMWB_memToReg_reg/Q (^) triggered by  leading edge of 
'clk'
Path Groups: {clk}
Analysis View: RPT_FAST
Other End Arrival Time          0.000
- External Delay                1.230
+ Phase Shift                   4.100
+ CPPR Adjustment               0.000
- Uncertainty                   0.100
= Required Time                 2.770
- Arrival Time                  0.353
= Slack Time                    2.417
     Clock Rise Edge                 0.000
     + Clock Network Latency (Prop)  0.117
     = Beginpoint Arrival Time       0.117
     +------------------------------------------------------------------------------------------+ 
     |          Instance           |        Arc        |   Cell    | Delay | Arrival | Required | 
     |                             |                   |           |       |  Time   |   Time   | 
     |-----------------------------+-------------------+-----------+-------+---------+----------| 
     | datapath/MEMWB_memToReg_reg | CK ^              |           |       |   0.117 |    2.534 | 
     | datapath/MEMWB_memToReg_reg | CK ^ -> Q ^       | DFFR_X1   | 0.067 |   0.184 |    2.601 | 
     | datapath/FE_OFC314_n_1340   | A ^ -> ZN v       | INV_X4    | 0.011 |   0.195 |    2.612 | 
     | datapath/FE_OCPC497_n_1305  | A v -> Z v        | CLKBUF_X1 | 0.064 |   0.259 |    2.676 | 
     | datapath/g26803             | S v -> Z v        | MUX2_X1   | 0.053 |   0.312 |    2.730 | 
     | datapath/FE_DBTC14_n_79     | A v -> ZN ^       | INV_X2    | 0.040 |   0.353 |    2.770 | 
     |                             | dbg_wb_data[11] ^ |           | 0.000 |   0.353 |    2.770 | 
     +------------------------------------------------------------------------------------------+ 
Path 10: MET Late External Delay Assertion 
Endpoint:   dbg_wb_data[24]               (^) checked with  leading edge of 
'clk'
Beginpoint: datapath/MEMWB_memToReg_reg/Q (^) triggered by  leading edge of 
'clk'
Path Groups: {clk}
Analysis View: RPT_FAST
Other End Arrival Time          0.000
- External Delay                1.230
+ Phase Shift                   4.100
+ CPPR Adjustment               0.000
- Uncertainty                   0.100
= Required Time                 2.770
- Arrival Time                  0.352
= Slack Time                    2.418
     Clock Rise Edge                 0.000
     + Clock Network Latency (Prop)  0.117
     = Beginpoint Arrival Time       0.117
     +------------------------------------------------------------------------------------------+ 
     |          Instance           |        Arc        |   Cell    | Delay | Arrival | Required | 
     |                             |                   |           |       |  Time   |   Time   | 
     |-----------------------------+-------------------+-----------+-------+---------+----------| 
     | datapath/MEMWB_memToReg_reg | CK ^              |           |       |   0.117 |    2.535 | 
     | datapath/MEMWB_memToReg_reg | CK ^ -> Q ^       | DFFR_X1   | 0.067 |   0.184 |    2.602 | 
     | datapath/FE_OFC314_n_1340   | A ^ -> ZN v       | INV_X4    | 0.011 |   0.195 |    2.613 | 
     | datapath/FE_OCPC497_n_1305  | A v -> Z v        | CLKBUF_X1 | 0.064 |   0.259 |    2.677 | 
     | datapath/g26793             | S v -> Z v        | MUX2_X1   | 0.051 |   0.310 |    2.728 | 
     | datapath/FE_DBTC23_n_28     | A v -> ZN ^       | INV_X2    | 0.042 |   0.352 |    2.770 | 
     |                             | dbg_wb_data[24] ^ |           | 0.000 |   0.352 |    2.770 | 
     +------------------------------------------------------------------------------------------+ 
Path 11: MET Late External Delay Assertion 
Endpoint:   dbg_wb_data[22]               (^) checked with  leading edge of 
'clk'
Beginpoint: datapath/MEMWB_memToReg_reg/Q (^) triggered by  leading edge of 
'clk'
Path Groups: {clk}
Analysis View: RPT_FAST
Other End Arrival Time          0.000
- External Delay                1.230
+ Phase Shift                   4.100
+ CPPR Adjustment               0.000
- Uncertainty                   0.100
= Required Time                 2.770
- Arrival Time                  0.352
= Slack Time                    2.418
     Clock Rise Edge                 0.000
     + Clock Network Latency (Prop)  0.117
     = Beginpoint Arrival Time       0.117
     +------------------------------------------------------------------------------------------+ 
     |          Instance           |        Arc        |   Cell    | Delay | Arrival | Required | 
     |                             |                   |           |       |  Time   |   Time   | 
     |-----------------------------+-------------------+-----------+-------+---------+----------| 
     | datapath/MEMWB_memToReg_reg | CK ^              |           |       |   0.117 |    2.535 | 
     | datapath/MEMWB_memToReg_reg | CK ^ -> Q ^       | DFFR_X1   | 0.067 |   0.184 |    2.602 | 
     | datapath/FE_OFC314_n_1340   | A ^ -> ZN v       | INV_X4    | 0.011 |   0.195 |    2.613 | 
     | datapath/FE_OCPC497_n_1305  | A v -> Z v        | CLKBUF_X1 | 0.064 |   0.259 |    2.677 | 
     | datapath/g26801             | S v -> Z v        | MUX2_X1   | 0.051 |   0.310 |    2.728 | 
     | datapath/FE_DBTC22_n_100    | A v -> ZN ^       | INV_X2    | 0.042 |   0.352 |    2.770 | 
     |                             | dbg_wb_data[22] ^ |           | 0.000 |   0.352 |    2.770 | 
     +------------------------------------------------------------------------------------------+ 
Path 12: MET Late External Delay Assertion 
Endpoint:   dbg_wb_data[12]               (^) checked with  leading edge of 
'clk'
Beginpoint: datapath/MEMWB_memToReg_reg/Q (^) triggered by  leading edge of 
'clk'
Path Groups: {clk}
Analysis View: RPT_FAST
Other End Arrival Time          0.000
- External Delay                1.230
+ Phase Shift                   4.100
+ CPPR Adjustment               0.000
- Uncertainty                   0.100
= Required Time                 2.770
- Arrival Time                  0.351
= Slack Time                    2.419
     Clock Rise Edge                 0.000
     + Clock Network Latency (Prop)  0.117
     = Beginpoint Arrival Time       0.117
     +------------------------------------------------------------------------------------------+ 
     |          Instance           |        Arc        |   Cell    | Delay | Arrival | Required | 
     |                             |                   |           |       |  Time   |   Time   | 
     |-----------------------------+-------------------+-----------+-------+---------+----------| 
     | datapath/MEMWB_memToReg_reg | CK ^              |           |       |   0.117 |    2.536 | 
     | datapath/MEMWB_memToReg_reg | CK ^ -> Q ^       | DFFR_X1   | 0.067 |   0.184 |    2.603 | 
     | datapath/FE_OFC314_n_1340   | A ^ -> ZN v       | INV_X4    | 0.011 |   0.195 |    2.614 | 
     | datapath/FE_OCPC497_n_1305  | A v -> Z v        | CLKBUF_X1 | 0.064 |   0.259 |    2.678 | 
     | datapath/g26802             | S v -> Z v        | MUX2_X1   | 0.050 |   0.309 |    2.728 | 
     | datapath/FE_DBTC15_n_94     | A v -> ZN ^       | INV_X2    | 0.042 |   0.351 |    2.770 | 
     |                             | dbg_wb_data[12] ^ |           | 0.000 |   0.351 |    2.770 | 
     +------------------------------------------------------------------------------------------+ 
Path 13: MET Late External Delay Assertion 
Endpoint:   dbg_wb_data[13]               (^) checked with  leading edge of 
'clk'
Beginpoint: datapath/MEMWB_memToReg_reg/Q (^) triggered by  leading edge of 
'clk'
Path Groups: {clk}
Analysis View: RPT_FAST
Other End Arrival Time          0.000
- External Delay                1.230
+ Phase Shift                   4.100
+ CPPR Adjustment               0.000
- Uncertainty                   0.100
= Required Time                 2.770
- Arrival Time                  0.351
= Slack Time                    2.419
     Clock Rise Edge                 0.000
     + Clock Network Latency (Prop)  0.117
     = Beginpoint Arrival Time       0.117
     +------------------------------------------------------------------------------------------+ 
     |          Instance           |        Arc        |   Cell    | Delay | Arrival | Required | 
     |                             |                   |           |       |  Time   |   Time   | 
     |-----------------------------+-------------------+-----------+-------+---------+----------| 
     | datapath/MEMWB_memToReg_reg | CK ^              |           |       |   0.117 |    2.536 | 
     | datapath/MEMWB_memToReg_reg | CK ^ -> Q ^       | DFFR_X1   | 0.067 |   0.184 |    2.603 | 
     | datapath/FE_OFC314_n_1340   | A ^ -> ZN v       | INV_X4    | 0.011 |   0.195 |    2.615 | 
     | datapath/FE_OCPC497_n_1305  | A v -> Z v        | CLKBUF_X1 | 0.064 |   0.259 |    2.678 | 
     | datapath/g26800             | S v -> Z v        | MUX2_X1   | 0.051 |   0.311 |    2.730 | 
     | datapath/FE_DBTC16_n_31     | A v -> ZN ^       | INV_X2    | 0.040 |   0.351 |    2.770 | 
     |                             | dbg_wb_data[13] ^ |           | 0.000 |   0.351 |    2.770 | 
     +------------------------------------------------------------------------------------------+ 
Path 14: MET Late External Delay Assertion 
Endpoint:   dbg_wb_data[17]               (^) checked with  leading edge of 
'clk'
Beginpoint: datapath/MEMWB_memToReg_reg/Q (^) triggered by  leading edge of 
'clk'
Path Groups: {clk}
Analysis View: RPT_FAST
Other End Arrival Time          0.000
- External Delay                1.230
+ Phase Shift                   4.100
+ CPPR Adjustment               0.000
- Uncertainty                   0.100
= Required Time                 2.770
- Arrival Time                  0.342
= Slack Time                    2.428
     Clock Rise Edge                 0.000
     + Clock Network Latency (Prop)  0.117
     = Beginpoint Arrival Time       0.117
     +------------------------------------------------------------------------------------------+ 
     |          Instance           |        Arc        |   Cell    | Delay | Arrival | Required | 
     |                             |                   |           |       |  Time   |   Time   | 
     |-----------------------------+-------------------+-----------+-------+---------+----------| 
     | datapath/MEMWB_memToReg_reg | CK ^              |           |       |   0.117 |    2.545 | 
     | datapath/MEMWB_memToReg_reg | CK ^ -> Q ^       | DFFR_X1   | 0.067 |   0.184 |    2.612 | 
     | datapath/FE_OFC314_n_1340   | A ^ -> ZN v       | INV_X4    | 0.011 |   0.195 |    2.624 | 
     | datapath/FE_OCPC497_n_1305  | A v -> Z v        | CLKBUF_X1 | 0.064 |   0.259 |    2.688 | 
     | datapath/g26794             | S v -> Z ^        | MUX2_X2   | 0.082 |   0.342 |    2.770 | 
     |                             | dbg_wb_data[17] ^ |           | 0.000 |   0.342 |    2.770 | 
     +------------------------------------------------------------------------------------------+ 
Path 15: MET Late External Delay Assertion 
Endpoint:   dbg_wb_data[9]                (^) checked with  leading edge of 
'clk'
Beginpoint: datapath/MEMWB_memToReg_reg/Q (v) triggered by  leading edge of 
'clk'
Path Groups: {clk}
Analysis View: RPT_FAST
Other End Arrival Time          0.000
- External Delay                1.230
+ Phase Shift                   4.100
+ CPPR Adjustment               0.000
- Uncertainty                   0.100
= Required Time                 2.770
- Arrival Time                  0.322
= Slack Time                    2.448
     Clock Rise Edge                 0.000
     + Clock Network Latency (Prop)  0.117
     = Beginpoint Arrival Time       0.117
     +---------------------------------------------------------------------------------------+ 
     |          Instance           |       Arc        |  Cell   | Delay | Arrival | Required | 
     |                             |                  |         |       |  Time   |   Time   | 
     |-----------------------------+------------------+---------+-------+---------+----------| 
     | datapath/MEMWB_memToReg_reg | CK ^             |         |       |   0.117 |    2.565 | 
     | datapath/MEMWB_memToReg_reg | CK ^ -> Q v      | DFFR_X1 | 0.061 |   0.178 |    2.626 | 
     | datapath/FE_OFC314_n_1340   | A v -> ZN ^      | INV_X4  | 0.015 |   0.192 |    2.641 | 
     | datapath/FE_OCPC465_n_1305  | A ^ -> Z ^       | BUF_X2  | 0.032 |   0.224 |    2.672 | 
     | datapath/g26805             | S ^ -> Z v       | MUX2_X1 | 0.051 |   0.275 |    2.723 | 
     | datapath/FE_DBTC12_n_82     | A v -> ZN ^      | INV_X2  | 0.047 |   0.322 |    2.770 | 
     |                             | dbg_wb_data[9] ^ |         | 0.000 |   0.322 |    2.770 | 
     +---------------------------------------------------------------------------------------+ 
Path 16: MET Late External Delay Assertion 
Endpoint:   dbg_wb_data[21]               (^) checked with  leading edge of 
'clk'
Beginpoint: datapath/MEMWB_memToReg_reg/Q (v) triggered by  leading edge of 
'clk'
Path Groups: {clk}
Analysis View: RPT_FAST
Other End Arrival Time          0.000
- External Delay                1.230
+ Phase Shift                   4.100
+ CPPR Adjustment               0.000
- Uncertainty                   0.100
= Required Time                 2.770
- Arrival Time                  0.319
= Slack Time                    2.451
     Clock Rise Edge                 0.000
     + Clock Network Latency (Prop)  0.117
     = Beginpoint Arrival Time       0.117
     +----------------------------------------------------------------------------------------+ 
     |          Instance           |        Arc        |  Cell   | Delay | Arrival | Required | 
     |                             |                   |         |       |  Time   |   Time   | 
     |-----------------------------+-------------------+---------+-------+---------+----------| 
     | datapath/MEMWB_memToReg_reg | CK ^              |         |       |   0.117 |    2.568 | 
     | datapath/MEMWB_memToReg_reg | CK ^ -> Q v       | DFFR_X1 | 0.061 |   0.178 |    2.629 | 
     | datapath/FE_OFC314_n_1340   | A v -> ZN ^       | INV_X4  | 0.015 |   0.192 |    2.643 | 
     | datapath/FE_OCPC465_n_1305  | A ^ -> Z ^        | BUF_X2  | 0.032 |   0.224 |    2.675 | 
     | datapath/g26769             | S ^ -> Z v        | MUX2_X1 | 0.051 |   0.275 |    2.726 | 
     | datapath/FE_DBTC21_n_46     | A v -> ZN ^       | INV_X2  | 0.044 |   0.319 |    2.770 | 
     |                             | dbg_wb_data[21] ^ |         | 0.000 |   0.319 |    2.770 | 
     +----------------------------------------------------------------------------------------+ 
Path 17: MET Late External Delay Assertion 
Endpoint:   dbg_wb_data[10]               (^) checked with  leading edge of 
'clk'
Beginpoint: datapath/MEMWB_memToReg_reg/Q (v) triggered by  leading edge of 
'clk'
Path Groups: {clk}
Analysis View: RPT_FAST
Other End Arrival Time          0.000
- External Delay                1.230
+ Phase Shift                   4.100
+ CPPR Adjustment               0.000
- Uncertainty                   0.100
= Required Time                 2.770
- Arrival Time                  0.317
= Slack Time                    2.453
     Clock Rise Edge                 0.000
     + Clock Network Latency (Prop)  0.117
     = Beginpoint Arrival Time       0.117
     +----------------------------------------------------------------------------------------+ 
     |          Instance           |        Arc        |  Cell   | Delay | Arrival | Required | 
     |                             |                   |         |       |  Time   |   Time   | 
     |-----------------------------+-------------------+---------+-------+---------+----------| 
     | datapath/MEMWB_memToReg_reg | CK ^              |         |       |   0.117 |    2.570 | 
     | datapath/MEMWB_memToReg_reg | CK ^ -> Q v       | DFFR_X1 | 0.061 |   0.178 |    2.631 | 
     | datapath/FE_OFC314_n_1340   | A v -> ZN ^       | INV_X4  | 0.015 |   0.192 |    2.645 | 
     | datapath/FE_OCPC465_n_1305  | A ^ -> Z ^        | BUF_X2  | 0.032 |   0.224 |    2.677 | 
     | datapath/g26807             | S ^ -> Z v        | MUX2_X1 | 0.051 |   0.275 |    2.728 | 
     | datapath/FE_DBTC13_n_37     | A v -> ZN ^       | INV_X2  | 0.042 |   0.317 |    2.770 | 
     |                             | dbg_wb_data[10] ^ |         | 0.000 |   0.317 |    2.770 | 
     +----------------------------------------------------------------------------------------+ 
Path 18: MET Late External Delay Assertion 
Endpoint:   dbg_wb_data[15]               (^) checked with  leading edge of 
'clk'
Beginpoint: datapath/MEMWB_memToReg_reg/Q (v) triggered by  leading edge of 
'clk'
Path Groups: {clk}
Analysis View: RPT_FAST
Other End Arrival Time          0.000
- External Delay                1.230
+ Phase Shift                   4.100
+ CPPR Adjustment               0.000
- Uncertainty                   0.100
= Required Time                 2.770
- Arrival Time                  0.313
= Slack Time                    2.457
     Clock Rise Edge                 0.000
     + Clock Network Latency (Prop)  0.117
     = Beginpoint Arrival Time       0.117
     +----------------------------------------------------------------------------------------+ 
     |          Instance           |        Arc        |  Cell   | Delay | Arrival | Required | 
     |                             |                   |         |       |  Time   |   Time   | 
     |-----------------------------+-------------------+---------+-------+---------+----------| 
     | datapath/MEMWB_memToReg_reg | CK ^              |         |       |   0.117 |    2.573 | 
     | datapath/MEMWB_memToReg_reg | CK ^ -> Q v       | DFFR_X1 | 0.061 |   0.178 |    2.634 | 
     | datapath/FE_OFC314_n_1340   | A v -> ZN ^       | INV_X4  | 0.015 |   0.192 |    2.649 | 
     | datapath/FE_OCPC465_n_1305  | A ^ -> Z ^        | BUF_X2  | 0.032 |   0.224 |    2.681 | 
     | datapath/g26798             | S ^ -> Z v        | MUX2_X1 | 0.048 |   0.272 |    2.728 | 
     | datapath/FE_DBTC18_n_121    | A v -> ZN ^       | INV_X2  | 0.042 |   0.313 |    2.770 | 
     |                             | dbg_wb_data[15] ^ |         | 0.000 |   0.313 |    2.770 | 
     +----------------------------------------------------------------------------------------+ 
Path 19: MET Late External Delay Assertion 
Endpoint:   dbg_wb_data[18]               (^) checked with  leading edge of 
'clk'
Beginpoint: datapath/MEMWB_memToReg_reg/Q (v) triggered by  leading edge of 
'clk'
Path Groups: {clk}
Analysis View: RPT_FAST
Other End Arrival Time          0.000
- External Delay                1.230
+ Phase Shift                   4.100
+ CPPR Adjustment               0.000
- Uncertainty                   0.100
= Required Time                 2.770
- Arrival Time                  0.311
= Slack Time                    2.459
     Clock Rise Edge                 0.000
     + Clock Network Latency (Prop)  0.117
     = Beginpoint Arrival Time       0.117
     +----------------------------------------------------------------------------------------+ 
     |          Instance           |        Arc        |  Cell   | Delay | Arrival | Required | 
     |                             |                   |         |       |  Time   |   Time   | 
     |-----------------------------+-------------------+---------+-------+---------+----------| 
     | datapath/MEMWB_memToReg_reg | CK ^              |         |       |   0.117 |    2.576 | 
     | datapath/MEMWB_memToReg_reg | CK ^ -> Q v       | DFFR_X1 | 0.061 |   0.178 |    2.637 | 
     | datapath/FE_OFC314_n_1340   | A v -> ZN ^       | INV_X4  | 0.015 |   0.192 |    2.651 | 
     | datapath/FE_OCPC465_n_1305  | A ^ -> Z ^        | BUF_X2  | 0.032 |   0.224 |    2.683 | 
     | datapath/g26768             | S ^ -> Z v        | MUX2_X1 | 0.047 |   0.271 |    2.730 | 
     | datapath/FE_DBTC19_n_58     | A v -> ZN ^       | INV_X2  | 0.040 |   0.311 |    2.770 | 
     |                             | dbg_wb_data[18] ^ |         | 0.000 |   0.311 |    2.770 | 
     +----------------------------------------------------------------------------------------+ 
Path 20: MET Late External Delay Assertion 
Endpoint:   dbg_wb_data[14]               (^) checked with  leading edge of 
'clk'
Beginpoint: datapath/MEMWB_memToReg_reg/Q (v) triggered by  leading edge of 
'clk'
Path Groups: {clk}
Analysis View: RPT_FAST
Other End Arrival Time          0.000
- External Delay                1.230
+ Phase Shift                   4.100
+ CPPR Adjustment               0.000
- Uncertainty                   0.100
= Required Time                 2.770
- Arrival Time                  0.308
= Slack Time                    2.462
     Clock Rise Edge                 0.000
     + Clock Network Latency (Prop)  0.117
     = Beginpoint Arrival Time       0.117
     +----------------------------------------------------------------------------------------+ 
     |          Instance           |        Arc        |  Cell   | Delay | Arrival | Required | 
     |                             |                   |         |       |  Time   |   Time   | 
     |-----------------------------+-------------------+---------+-------+---------+----------| 
     | datapath/MEMWB_memToReg_reg | CK ^              |         |       |   0.117 |    2.579 | 
     | datapath/MEMWB_memToReg_reg | CK ^ -> Q v       | DFFR_X1 | 0.061 |   0.178 |    2.640 | 
     | datapath/FE_OFC314_n_1340   | A v -> ZN ^       | INV_X4  | 0.015 |   0.192 |    2.654 | 
     | datapath/FE_OCPC465_n_1305  | A ^ -> Z ^        | BUF_X2  | 0.032 |   0.224 |    2.686 | 
     | datapath/g26799             | S ^ -> Z v        | MUX2_X1 | 0.045 |   0.269 |    2.731 | 
     | datapath/FE_DBTC17_n_70     | A v -> ZN ^       | INV_X2  | 0.039 |   0.308 |    2.770 | 
     |                             | dbg_wb_data[14] ^ |         | 0.000 |   0.308 |    2.770 | 
     +----------------------------------------------------------------------------------------+ 
Path 21: MET Late External Delay Assertion 
Endpoint:   dbg_wb_data[23]               (^) checked with  leading edge of 
'clk'
Beginpoint: datapath/MEMWB_memToReg_reg/Q (^) triggered by  leading edge of 
'clk'
Path Groups: {clk}
Analysis View: RPT_FAST
Other End Arrival Time          0.000
- External Delay                1.230
+ Phase Shift                   4.100
+ CPPR Adjustment               0.000
- Uncertainty                   0.100
= Required Time                 2.770
- Arrival Time                  0.299
= Slack Time                    2.471
     Clock Rise Edge                 0.000
     + Clock Network Latency (Prop)  0.117
     = Beginpoint Arrival Time       0.117
     +----------------------------------------------------------------------------------------+ 
     |          Instance           |        Arc        |  Cell   | Delay | Arrival | Required | 
     |                             |                   |         |       |  Time   |   Time   | 
     |-----------------------------+-------------------+---------+-------+---------+----------| 
     | datapath/MEMWB_memToReg_reg | CK ^              |         |       |   0.117 |    2.588 | 
     | datapath/MEMWB_memToReg_reg | CK ^ -> Q ^       | DFFR_X1 | 0.067 |   0.184 |    2.655 | 
     | datapath/FE_OFC314_n_1340   | A ^ -> ZN v       | INV_X4  | 0.011 |   0.195 |    2.666 | 
     | datapath/FE_OCPC465_n_1305  | A v -> Z v        | BUF_X2  | 0.030 |   0.225 |    2.696 | 
     | datapath/g26771             | S v -> Z ^        | MUX2_X2 | 0.074 |   0.299 |    2.770 | 
     |                             | dbg_wb_data[23] ^ |         | 0.000 |   0.299 |    2.770 | 
     +----------------------------------------------------------------------------------------+ 
Path 22: MET Late External Delay Assertion 
Endpoint:   dbg_wb_data[20]               (^) checked with  leading edge of 
'clk'
Beginpoint: datapath/MEMWB_memToReg_reg/Q (^) triggered by  leading edge of 
'clk'
Path Groups: {clk}
Analysis View: RPT_FAST
Other End Arrival Time          0.000
- External Delay                1.230
+ Phase Shift                   4.100
+ CPPR Adjustment               0.000
- Uncertainty                   0.100
= Required Time                 2.770
- Arrival Time                  0.299
= Slack Time                    2.471
     Clock Rise Edge                 0.000
     + Clock Network Latency (Prop)  0.117
     = Beginpoint Arrival Time       0.117
     +----------------------------------------------------------------------------------------+ 
     |          Instance           |        Arc        |  Cell   | Delay | Arrival | Required | 
     |                             |                   |         |       |  Time   |   Time   | 
     |-----------------------------+-------------------+---------+-------+---------+----------| 
     | datapath/MEMWB_memToReg_reg | CK ^              |         |       |   0.117 |    2.588 | 
     | datapath/MEMWB_memToReg_reg | CK ^ -> Q ^       | DFFR_X1 | 0.067 |   0.184 |    2.655 | 
     | datapath/FE_OFC314_n_1340   | A ^ -> ZN v       | INV_X4  | 0.011 |   0.195 |    2.667 | 
     | datapath/FE_OCPC465_n_1305  | A v -> Z v        | BUF_X2  | 0.030 |   0.225 |    2.696 | 
     | datapath/g26804             | S v -> Z ^        | MUX2_X2 | 0.074 |   0.299 |    2.770 | 
     |                             | dbg_wb_data[20] ^ |         | 0.000 |   0.299 |    2.770 | 
     +----------------------------------------------------------------------------------------+ 
Path 23: MET Late External Delay Assertion 
Endpoint:   dbg_wb_data[16]               (^) checked with  leading edge of 
'clk'
Beginpoint: datapath/MEMWB_memToReg_reg/Q (^) triggered by  leading edge of 
'clk'
Path Groups: {clk}
Analysis View: RPT_FAST
Other End Arrival Time          0.000
- External Delay                1.230
+ Phase Shift                   4.100
+ CPPR Adjustment               0.000
- Uncertainty                   0.100
= Required Time                 2.770
- Arrival Time                  0.297
= Slack Time                    2.473
     Clock Rise Edge                 0.000
     + Clock Network Latency (Prop)  0.117
     = Beginpoint Arrival Time       0.117
     +----------------------------------------------------------------------------------------+ 
     |          Instance           |        Arc        |  Cell   | Delay | Arrival | Required | 
     |                             |                   |         |       |  Time   |   Time   | 
     |-----------------------------+-------------------+---------+-------+---------+----------| 
     | datapath/MEMWB_memToReg_reg | CK ^              |         |       |   0.117 |    2.590 | 
     | datapath/MEMWB_memToReg_reg | CK ^ -> Q ^       | DFFR_X1 | 0.067 |   0.184 |    2.657 | 
     | datapath/FE_OFC314_n_1340   | A ^ -> ZN v       | INV_X4  | 0.011 |   0.195 |    2.668 | 
     | datapath/FE_OCPC465_n_1305  | A v -> Z v        | BUF_X2  | 0.030 |   0.225 |    2.698 | 
     | datapath/g26796             | S v -> Z ^        | MUX2_X2 | 0.072 |   0.297 |    2.770 | 
     |                             | dbg_wb_data[16] ^ |         | 0.000 |   0.297 |    2.770 | 
     +----------------------------------------------------------------------------------------+ 
Path 24: MET Late External Delay Assertion 
Endpoint:   dbg_wb_data[6]                (^) checked with  leading edge of 
'clk'
Beginpoint: datapath/MEMWB_memToReg_reg/Q (v) triggered by  leading edge of 
'clk'
Path Groups: {clk}
Analysis View: RPT_FAST
Other End Arrival Time          0.000
- External Delay                1.230
+ Phase Shift                   4.100
+ CPPR Adjustment               0.000
- Uncertainty                   0.100
= Required Time                 2.770
- Arrival Time                  0.289
= Slack Time                    2.481
     Clock Rise Edge                 0.000
     + Clock Network Latency (Prop)  0.117
     = Beginpoint Arrival Time       0.117
     +---------------------------------------------------------------------------------------+ 
     |          Instance           |       Arc        |  Cell   | Delay | Arrival | Required | 
     |                             |                  |         |       |  Time   |   Time   | 
     |-----------------------------+------------------+---------+-------+---------+----------| 
     | datapath/MEMWB_memToReg_reg | CK ^             |         |       |   0.117 |    2.598 | 
     | datapath/MEMWB_memToReg_reg | CK ^ -> Q v      | DFFR_X1 | 0.061 |   0.178 |    2.659 | 
     | datapath/FE_OFC314_n_1340   | A v -> ZN ^      | INV_X4  | 0.015 |   0.192 |    2.674 | 
     | datapath/g26810             | S ^ -> Z v       | MUX2_X1 | 0.054 |   0.247 |    2.728 | 
     | datapath/FE_DBTC9_n_97      | A v -> ZN ^      | INV_X2  | 0.042 |   0.289 |    2.770 | 
     |                             | dbg_wb_data[6] ^ |         | 0.000 |   0.289 |    2.770 | 
     +---------------------------------------------------------------------------------------+ 
Path 25: MET Late External Delay Assertion 
Endpoint:   dbg_wb_data[3]                (v) checked with  leading edge of 
'clk'
Beginpoint: datapath/MEMWB_memToReg_reg/Q (^) triggered by  leading edge of 
'clk'
Path Groups: {clk}
Analysis View: RPT_FAST
Other End Arrival Time          0.000
- External Delay                1.230
+ Phase Shift                   4.100
+ CPPR Adjustment               0.000
- Uncertainty                   0.100
= Required Time                 2.770
- Arrival Time                  0.286
= Slack Time                    2.484
     Clock Rise Edge                 0.000
     + Clock Network Latency (Prop)  0.117
     = Beginpoint Arrival Time       0.117
     +-------------------------------------------------------------------------------------------+ 
     |           Instance            |       Arc        |   Cell    | Delay | Arrival | Required | 
     |                               |                  |           |       |  Time   |   Time   | 
     |-------------------------------+------------------+-----------+-------+---------+----------| 
     | datapath/MEMWB_memToReg_reg   | CK ^             |           |       |   0.117 |    2.601 | 
     | datapath/MEMWB_memToReg_reg   | CK ^ -> Q ^      | DFFR_X1   | 0.067 |   0.184 |    2.668 | 
     | datapath/FE_OFC314_n_1340     | A ^ -> ZN v      | INV_X4    | 0.011 |   0.195 |    2.679 | 
     | datapath/FE_RC_103_0          | B1 v -> ZN ^     | AOI22_X1  | 0.025 |   0.220 |    2.704 | 
     | datapath/FE_RC_220_0          | A ^ -> ZN v      | INV_X1    | 0.015 |   0.235 |    2.719 | 
     | datapath/FE_OFC649_FE_RN_51_0 | A v -> Z v       | CLKBUF_X3 | 0.051 |   0.286 |    2.770 | 
     |                               | dbg_wb_data[3] v |           | 0.000 |   0.286 |    2.770 | 
     +-------------------------------------------------------------------------------------------+ 
Path 26: MET Late External Delay Assertion 
Endpoint:   dbg_wb_data[7]                (^) checked with  leading edge of 
'clk'
Beginpoint: datapath/MEMWB_memToReg_reg/Q (v) triggered by  leading edge of 
'clk'
Path Groups: {clk}
Analysis View: RPT_FAST
Other End Arrival Time          0.000
- External Delay                1.230
+ Phase Shift                   4.100
+ CPPR Adjustment               0.000
- Uncertainty                   0.100
= Required Time                 2.770
- Arrival Time                  0.283
= Slack Time                    2.487
     Clock Rise Edge                 0.000
     + Clock Network Latency (Prop)  0.117
     = Beginpoint Arrival Time       0.117
     +---------------------------------------------------------------------------------------+ 
     |          Instance           |       Arc        |  Cell   | Delay | Arrival | Required | 
     |                             |                  |         |       |  Time   |   Time   | 
     |-----------------------------+------------------+---------+-------+---------+----------| 
     | datapath/MEMWB_memToReg_reg | CK ^             |         |       |   0.117 |    2.604 | 
     | datapath/MEMWB_memToReg_reg | CK ^ -> Q v      | DFFR_X1 | 0.061 |   0.178 |    2.665 | 
     | datapath/FE_OFC314_n_1340   | A v -> ZN ^      | INV_X4  | 0.015 |   0.192 |    2.680 | 
     | datapath/g26809             | S ^ -> Z v       | MUX2_X1 | 0.048 |   0.241 |    2.728 | 
     | datapath/FE_DBTC10_n_76     | A v -> ZN ^      | INV_X2  | 0.042 |   0.283 |    2.770 | 
     |                             | dbg_wb_data[7] ^ |         | 0.000 |   0.283 |    2.770 | 
     +---------------------------------------------------------------------------------------+ 
Path 27: MET Late External Delay Assertion 
Endpoint:   dbg_wb_data[4]                (^) checked with  leading edge of 
'clk'
Beginpoint: datapath/MEMWB_memToReg_reg/Q (^) triggered by  leading edge of 
'clk'
Path Groups: {clk}
Analysis View: RPT_FAST
Other End Arrival Time          0.000
- External Delay                1.230
+ Phase Shift                   4.100
+ CPPR Adjustment               0.000
- Uncertainty                   0.100
= Required Time                 2.770
- Arrival Time                  0.281
= Slack Time                    2.489
     Clock Rise Edge                 0.000
     + Clock Network Latency (Prop)  0.117
     = Beginpoint Arrival Time       0.117
     +----------------------------------------------------------------------------------------+ 
     |          Instance           |       Arc        |   Cell   | Delay | Arrival | Required | 
     |                             |                  |          |       |  Time   |   Time   | 
     |-----------------------------+------------------+----------+-------+---------+----------| 
     | datapath/MEMWB_memToReg_reg | CK ^             |          |       |   0.117 |    2.606 | 
     | datapath/MEMWB_memToReg_reg | CK ^ -> Q ^      | DFFR_X1  | 0.067 |   0.184 |    2.673 | 
     | datapath/FE_OFC314_n_1340   | A ^ -> ZN v      | INV_X4   | 0.011 |   0.195 |    2.685 | 
     | datapath/FE_RC_503_0        | B1 v -> ZN ^     | AOI22_X1 | 0.024 |   0.219 |    2.709 | 
     | datapath/FE_RC_504_0        | A ^ -> ZN v      | INV_X1   | 0.021 |   0.240 |    2.729 | 
     | datapath/g26751             | A v -> ZN ^      | INV_X2   | 0.041 |   0.281 |    2.770 | 
     |                             | dbg_wb_data[4] ^ |          | 0.000 |   0.281 |    2.770 | 
     +----------------------------------------------------------------------------------------+ 
Path 28: MET Late External Delay Assertion 
Endpoint:   dbg_wb_data[2]                 (v) checked with  leading edge of 
'clk'
Beginpoint: datapath/MEMWB_memToReg_reg/QN (v) triggered by  leading edge of 
'clk'
Path Groups: {clk}
Analysis View: RPT_FAST
Other End Arrival Time          0.000
- External Delay                1.230
+ Phase Shift                   4.100
+ CPPR Adjustment               0.000
- Uncertainty                   0.100
= Required Time                 2.770
- Arrival Time                  0.268
= Slack Time                    2.502
     Clock Rise Edge                 0.000
     + Clock Network Latency (Prop)  0.117
     = Beginpoint Arrival Time       0.117
     +-----------------------------------------------------------------------------------------+ 
     |          Instance           |       Arc        |   Cell    | Delay | Arrival | Required | 
     |                             |                  |           |       |  Time   |   Time   | 
     |-----------------------------+------------------+-----------+-------+---------+----------| 
     | datapath/MEMWB_memToReg_reg | CK ^             |           |       |   0.117 |    2.619 | 
     | datapath/MEMWB_memToReg_reg | CK ^ -> QN v     | DFFR_X1   | 0.055 |   0.172 |    2.674 | 
     | datapath/FE_RC_296_0        | A v -> ZN ^      | INV_X2    | 0.018 |   0.190 |    2.691 | 
     | datapath/FE_RC_295_0        | A1 ^ -> ZN v     | NAND2_X1  | 0.010 |   0.199 |    2.701 | 
     | datapath/FE_RC_294_0        | A1 v -> ZN ^     | NAND2_X1  | 0.008 |   0.207 |    2.709 | 
     | datapath/FE_OFC651_n_106    | A ^ -> ZN v      | INV_X1    | 0.011 |   0.218 |    2.720 | 
     | datapath/FE_OFC652_n_106    | A v -> Z v       | CLKBUF_X3 | 0.050 |   0.268 |    2.770 | 
     |                             | dbg_wb_data[2] v |           | 0.000 |   0.268 |    2.770 | 
     +-----------------------------------------------------------------------------------------+ 
Path 29: MET Late External Delay Assertion 
Endpoint:   dbg_wb_data[8]                (^) checked with  leading edge of 
'clk'
Beginpoint: datapath/MEMWB_memToReg_reg/Q (v) triggered by  leading edge of 
'clk'
Path Groups: {clk}
Analysis View: RPT_FAST
Other End Arrival Time          0.000
- External Delay                1.230
+ Phase Shift                   4.100
+ CPPR Adjustment               0.000
- Uncertainty                   0.100
= Required Time                 2.770
- Arrival Time                  0.266
= Slack Time                    2.504
     Clock Rise Edge                 0.000
     + Clock Network Latency (Prop)  0.117
     = Beginpoint Arrival Time       0.117
     +---------------------------------------------------------------------------------------+ 
     |          Instance           |       Arc        |  Cell   | Delay | Arrival | Required | 
     |                             |                  |         |       |  Time   |   Time   | 
     |-----------------------------+------------------+---------+-------+---------+----------| 
     | datapath/MEMWB_memToReg_reg | CK ^             |         |       |   0.117 |    2.621 | 
     | datapath/MEMWB_memToReg_reg | CK ^ -> Q v      | DFFR_X1 | 0.061 |   0.178 |    2.682 | 
     | datapath/FE_OFC314_n_1340   | A v -> ZN ^      | INV_X4  | 0.015 |   0.192 |    2.696 | 
     | datapath/g26806             | S ^ -> Z v       | MUX2_X1 | 0.052 |   0.244 |    2.748 | 
     | datapath/FE_DBTC11_n_88     | A v -> ZN ^      | INV_X4  | 0.022 |   0.266 |    2.770 | 
     |                             | dbg_wb_data[8] ^ |         | 0.000 |   0.266 |    2.770 | 
     +---------------------------------------------------------------------------------------+ 
Path 30: MET Late External Delay Assertion 
Endpoint:   dbg_wb_data[5]                (^) checked with  leading edge of 
'clk'
Beginpoint: datapath/MEMWB_memToReg_reg/Q (v) triggered by  leading edge of 
'clk'
Path Groups: {clk}
Analysis View: RPT_FAST
Other End Arrival Time          0.000
- External Delay                1.230
+ Phase Shift                   4.100
+ CPPR Adjustment               0.000
- Uncertainty                   0.100
= Required Time                 2.770
- Arrival Time                  0.266
= Slack Time                    2.504
     Clock Rise Edge                 0.000
     + Clock Network Latency (Prop)  0.117
     = Beginpoint Arrival Time       0.117
     +---------------------------------------------------------------------------------------+ 
     |          Instance           |       Arc        |  Cell   | Delay | Arrival | Required | 
     |                             |                  |         |       |  Time   |   Time   | 
     |-----------------------------+------------------+---------+-------+---------+----------| 
     | datapath/MEMWB_memToReg_reg | CK ^             |         |       |   0.117 |    2.621 | 
     | datapath/MEMWB_memToReg_reg | CK ^ -> Q v      | DFFR_X1 | 0.061 |   0.178 |    2.682 | 
     | datapath/FE_OFC314_n_1340   | A v -> ZN ^      | INV_X4  | 0.015 |   0.192 |    2.697 | 
     | datapath/g26767             | S ^ -> Z v       | MUX2_X1 | 0.049 |   0.241 |    2.745 | 
     | datapath/FE_OFC913_n_40     | A v -> ZN ^      | INV_X4  | 0.025 |   0.266 |    2.770 | 
     |                             | dbg_wb_data[5] ^ |         | 0.000 |   0.266 |    2.770 | 
     +---------------------------------------------------------------------------------------+ 
Path 31: MET Late External Delay Assertion 
Endpoint:   dbg_wb_data[1]                    (^) checked with  leading edge of 
'clk'
Beginpoint: datapath/MEMWB_aluResult_reg[1]/Q (^) triggered by  leading edge of 
'clk'
Path Groups: {clk}
Analysis View: RPT_FAST
Other End Arrival Time          0.000
- External Delay                1.230
+ Phase Shift                   4.100
+ CPPR Adjustment               0.000
- Uncertainty                   0.100
= Required Time                 2.770
- Arrival Time                  0.235
= Slack Time                    2.535
     Clock Rise Edge                 0.000
     + Clock Network Latency (Prop)  0.124
     = Beginpoint Arrival Time       0.124
     +--------------------------------------------------------------------------------------------+ 
     |            Instance             |       Arc        |   Cell   | Delay | Arrival | Required | 
     |                                 |                  |          |       |  Time   |   Time   | 
     |---------------------------------+------------------+----------+-------+---------+----------| 
     | datapath/MEMWB_aluResult_reg[1] | CK ^             |          |       |   0.124 |    2.659 | 
     | datapath/MEMWB_aluResult_reg[1] | CK ^ -> Q ^      | DFFR_X1  | 0.060 |   0.184 |    2.720 | 
     | datapath/FE_RC_411_0            | A1 ^ -> ZN v     | NAND2_X1 | 0.024 |   0.208 |    2.743 | 
     | datapath/FE_RC_508_0            | A2 v -> ZN ^     | NAND2_X4 | 0.027 |   0.235 |    2.770 | 
     |                                 | dbg_wb_data[1] ^ |          | 0.000 |   0.235 |    2.770 | 
     +--------------------------------------------------------------------------------------------+ 
Path 32: MET Late External Delay Assertion 
Endpoint:   dbg_wb_data[0]                 (v) checked with  leading edge of 
'clk'
Beginpoint: datapath/MEMWB_memToReg_reg/QN (^) triggered by  leading edge of 
'clk'
Path Groups: {clk}
Analysis View: RPT_FAST
Other End Arrival Time          0.000
- External Delay                1.230
+ Phase Shift                   4.100
+ CPPR Adjustment               0.000
- Uncertainty                   0.100
= Required Time                 2.770
- Arrival Time                  0.233
= Slack Time                    2.537
     Clock Rise Edge                 0.000
     + Clock Network Latency (Prop)  0.117
     = Beginpoint Arrival Time       0.117
     +----------------------------------------------------------------------------------------+ 
     |          Instance           |       Arc        |   Cell   | Delay | Arrival | Required | 
     |                             |                  |          |       |  Time   |   Time   | 
     |-----------------------------+------------------+----------+-------+---------+----------| 
     | datapath/MEMWB_memToReg_reg | CK ^             |          |       |   0.117 |    2.654 | 
     | datapath/MEMWB_memToReg_reg | CK ^ -> QN ^     | DFFR_X1  | 0.061 |   0.178 |    2.715 | 
     | datapath/FE_RC_296_0        | A ^ -> ZN v      | INV_X2   | 0.013 |   0.191 |    2.728 | 
     | datapath/FE_RC_131_0        | A2 v -> ZN ^     | NAND2_X2 | 0.019 |   0.210 |    2.747 | 
     | datapath/FE_RC_403_0        | A2 ^ -> ZN v     | NAND2_X4 | 0.023 |   0.233 |    2.770 | 
     |                             | dbg_wb_data[0] v |          | 0.000 |   0.233 |    2.770 | 
     +----------------------------------------------------------------------------------------+ 
Path 33: MET Late External Delay Assertion 
Endpoint:   dbg_wb_addr[4]              (v) checked with  leading edge of 'clk'
Beginpoint: datapath/MEMWB_rd_reg[4]/QN (^) triggered by  leading edge of 'clk'
Path Groups: {clk}
Analysis View: RPT_FAST
Other End Arrival Time          0.000
- External Delay                1.230
+ Phase Shift                   4.100
+ CPPR Adjustment               0.000
- Uncertainty                   0.100
= Required Time                 2.770
- Arrival Time                  0.228
= Slack Time                    2.542
     Clock Rise Edge                 0.000
     + Clock Network Latency (Prop)  0.090
     = Beginpoint Arrival Time       0.090
     +---------------------------------------------------------------------------------------+ 
     |         Instance          |       Arc        |   Cell    | Delay | Arrival | Required | 
     |                           |                  |           |       |  Time   |   Time   | 
     |---------------------------+------------------+-----------+-------+---------+----------| 
     | datapath/MEMWB_rd_reg[4]  | CK ^             |           |       |   0.090 |    2.633 | 
     | datapath/MEMWB_rd_reg[4]  | CK ^ -> QN ^     | DFFR_X1   | 0.051 |   0.142 |    2.684 | 
     | datapath/FE_OCPC321_n_497 | A ^ -> ZN v      | INV_X4    | 0.009 |   0.151 |    2.693 | 
     | datapath/FE_OCPC793_n_497 | A v -> Z v       | CLKBUF_X1 | 0.038 |   0.189 |    2.731 | 
     | datapath/FE_OCPC585_n_497 | A v -> Z v       | BUF_X1    | 0.039 |   0.228 |    2.770 | 
     |                           | dbg_wb_addr[4] v |           | 0.000 |   0.228 |    2.770 | 
     +---------------------------------------------------------------------------------------+ 
Path 34: MET Late External Delay Assertion 
Endpoint:   dmem_addr[3]                      (^) checked with  leading edge of 
'clk'
Beginpoint: datapath/EXMEM_aluResult_reg[3]/Q (^) triggered by  leading edge of 
'clk'
Path Groups: {clk}
Analysis View: RPT_FAST
Other End Arrival Time          0.000
- External Delay                1.230
+ Phase Shift                   4.100
+ CPPR Adjustment               0.000
- Uncertainty                   0.100
= Required Time                 2.770
- Arrival Time                  0.204
= Slack Time                    2.566
     Clock Rise Edge                 0.000
     + Clock Network Latency (Prop)  0.123
     = Beginpoint Arrival Time       0.123
     +-----------------------------------------------------------------------------------------+ 
     |            Instance             |      Arc       |  Cell   | Delay | Arrival | Required | 
     |                                 |                |         |       |  Time   |   Time   | 
     |---------------------------------+----------------+---------+-------+---------+----------| 
     | datapath/EXMEM_aluResult_reg[3] | CK ^           |         |       |   0.123 |    2.689 | 
     | datapath/EXMEM_aluResult_reg[3] | CK ^ -> Q ^    | DFFR_X1 | 0.081 |   0.204 |    2.770 | 
     |                                 | dmem_addr[3] ^ |         | 0.000 |   0.204 |    2.770 | 
     +-----------------------------------------------------------------------------------------+ 
Path 35: MET Late External Delay Assertion 
Endpoint:   dbg_pc[26]               (^) checked with  leading edge of 'clk'
Beginpoint: datapath/IF_pc_reg[26]/Q (^) triggered by  leading edge of 'clk'
Path Groups: {clk}
Analysis View: RPT_FAST
Other End Arrival Time          0.000
- External Delay                1.230
+ Phase Shift                   4.100
+ CPPR Adjustment               0.000
- Uncertainty                   0.100
= Required Time                 2.770
- Arrival Time                  0.204
= Slack Time                    2.566
     Clock Rise Edge                 0.000
     + Clock Network Latency (Prop)  0.125
     = Beginpoint Arrival Time       0.125
     +--------------------------------------------------------------------------------+ 
     |        Instance        |     Arc      |   Cell    | Delay | Arrival | Required | 
     |                        |              |           |       |  Time   |   Time   | 
     |------------------------+--------------+-----------+-------+---------+----------| 
     | datapath/IF_pc_reg[26] | CK ^         |           |       |   0.125 |    2.691 | 
     | datapath/IF_pc_reg[26] | CK ^ -> Q ^  | SDFFRS_X1 | 0.079 |   0.204 |    2.770 | 
     |                        | dbg_pc[26] ^ |           | 0.000 |   0.204 |    2.770 | 
     +--------------------------------------------------------------------------------+ 
Path 36: MET Late External Delay Assertion 
Endpoint:   imem_addr[26]            (^) checked with  leading edge of 'clk'
Beginpoint: datapath/IF_pc_reg[26]/Q (^) triggered by  leading edge of 'clk'
Path Groups: {clk}
Analysis View: RPT_FAST
Other End Arrival Time          0.000
- External Delay                1.230
+ Phase Shift                   4.100
+ CPPR Adjustment               0.000
- Uncertainty                   0.100
= Required Time                 2.770
- Arrival Time                  0.204
= Slack Time                    2.566
     Clock Rise Edge                 0.000
     + Clock Network Latency (Prop)  0.125
     = Beginpoint Arrival Time       0.125
     +-----------------------------------------------------------------------------------+ 
     |        Instance        |       Arc       |   Cell    | Delay | Arrival | Required | 
     |                        |                 |           |       |  Time   |   Time   | 
     |------------------------+-----------------+-----------+-------+---------+----------| 
     | datapath/IF_pc_reg[26] | CK ^            |           |       |   0.125 |    2.691 | 
     | datapath/IF_pc_reg[26] | CK ^ -> Q ^     | SDFFRS_X1 | 0.079 |   0.204 |    2.770 | 
     |                        | imem_addr[26] ^ |           | 0.000 |   0.204 |    2.770 | 
     +-----------------------------------------------------------------------------------+ 
Path 37: MET Late External Delay Assertion 
Endpoint:   dbg_wb_addr[3]              (^) checked with  leading edge of 'clk'
Beginpoint: datapath/MEMWB_rd_reg[3]/QN (v) triggered by  leading edge of 'clk'
Path Groups: {clk}
Analysis View: RPT_FAST
Other End Arrival Time          0.000
- External Delay                1.230
+ Phase Shift                   4.100
+ CPPR Adjustment               0.000
- Uncertainty                   0.100
= Required Time                 2.770
- Arrival Time                  0.199
= Slack Time                    2.571
     Clock Rise Edge                 0.000
     + Clock Network Latency (Prop)  0.088
     = Beginpoint Arrival Time       0.088
     +------------------------------------------------------------------------------------------------+ 
     |               Instance               |       Arc        |  Cell   | Delay | Arrival | Required | 
     |                                      |                  |         |       |  Time   |   Time   | 
     |--------------------------------------+------------------+---------+-------+---------+----------| 
     | datapath/MEMWB_rd_reg[3]             | CK ^             |         |       |   0.088 |    2.659 | 
     | datapath/MEMWB_rd_reg[3]             | CK ^ -> QN v     | DFFR_X1 | 0.052 |   0.139 |    2.710 | 
     | datapath/FE_OFC938_FE_OCPN1193_n_499 | A v -> ZN ^      | INV_X2  | 0.014 |   0.153 |    2.724 | 
     | datapath/FE_OCPC434_n_499            | A ^ -> Z ^       | BUF_X1  | 0.046 |   0.199 |    2.770 | 
     |                                      | dbg_wb_addr[3] ^ |         | 0.000 |   0.199 |    2.770 | 
     +------------------------------------------------------------------------------------------------+ 
Path 38: MET Late External Delay Assertion 
Endpoint:   dmem_addr[0]                      (^) checked with  leading edge of 
'clk'
Beginpoint: datapath/EXMEM_aluResult_reg[0]/Q (^) triggered by  leading edge of 
'clk'
Path Groups: {clk}
Analysis View: RPT_FAST
Other End Arrival Time          0.000
- External Delay                1.230
+ Phase Shift                   4.100
+ CPPR Adjustment               0.000
- Uncertainty                   0.100
= Required Time                 2.770
- Arrival Time                  0.197
= Slack Time                    2.573
     Clock Rise Edge                 0.000
     + Clock Network Latency (Prop)  0.116
     = Beginpoint Arrival Time       0.116
     +-----------------------------------------------------------------------------------------+ 
     |            Instance             |      Arc       |  Cell   | Delay | Arrival | Required | 
     |                                 |                |         |       |  Time   |   Time   | 
     |---------------------------------+----------------+---------+-------+---------+----------| 
     | datapath/EXMEM_aluResult_reg[0] | CK ^           |         |       |   0.116 |    2.689 | 
     | datapath/EXMEM_aluResult_reg[0] | CK ^ -> Q ^    | DFFR_X2 | 0.081 |   0.197 |    2.770 | 
     |                                 | dmem_addr[0] ^ |         | 0.000 |   0.197 |    2.770 | 
     +-----------------------------------------------------------------------------------------+ 
Path 39: MET Late External Delay Assertion 
Endpoint:   dmem_addr[2]                      (^) checked with  leading edge of 
'clk'
Beginpoint: datapath/EXMEM_aluResult_reg[2]/Q (^) triggered by  leading edge of 
'clk'
Path Groups: {clk}
Analysis View: RPT_FAST
Other End Arrival Time          0.000
- External Delay                1.230
+ Phase Shift                   4.100
+ CPPR Adjustment               0.000
- Uncertainty                   0.100
= Required Time                 2.770
- Arrival Time                  0.197
= Slack Time                    2.573
     Clock Rise Edge                 0.000
     + Clock Network Latency (Prop)  0.123
     = Beginpoint Arrival Time       0.123
     +-----------------------------------------------------------------------------------------+ 
     |            Instance             |      Arc       |  Cell   | Delay | Arrival | Required | 
     |                                 |                |         |       |  Time   |   Time   | 
     |---------------------------------+----------------+---------+-------+---------+----------| 
     | datapath/EXMEM_aluResult_reg[2] | CK ^           |         |       |   0.123 |    2.696 | 
     | datapath/EXMEM_aluResult_reg[2] | CK ^ -> Q ^    | DFFR_X1 | 0.074 |   0.197 |    2.770 | 
     |                                 | dmem_addr[2] ^ |         | 0.000 |   0.197 |    2.770 | 
     +-----------------------------------------------------------------------------------------+ 
Path 40: MET Late External Delay Assertion 
Endpoint:   dmem_addr[31]                      (^) checked with  leading edge 
of 'clk'
Beginpoint: datapath/EXMEM_aluResult_reg[31]/Q (^) triggered by  leading edge 
of 'clk'
Path Groups: {clk}
Analysis View: RPT_FAST
Other End Arrival Time          0.000
- External Delay                1.230
+ Phase Shift                   4.100
+ CPPR Adjustment               0.000
- Uncertainty                   0.100
= Required Time                 2.770
- Arrival Time                  0.197
= Slack Time                    2.573
     Clock Rise Edge                 0.000
     + Clock Network Latency (Prop)  0.123
     = Beginpoint Arrival Time       0.123
     +-------------------------------------------------------------------------------------------+ 
     |             Instance             |       Arc       |  Cell   | Delay | Arrival | Required | 
     |                                  |                 |         |       |  Time   |   Time   | 
     |----------------------------------+-----------------+---------+-------+---------+----------| 
     | datapath/EXMEM_aluResult_reg[31] | CK ^            |         |       |   0.123 |    2.696 | 
     | datapath/EXMEM_aluResult_reg[31] | CK ^ -> Q ^     | DFFR_X1 | 0.074 |   0.197 |    2.770 | 
     |                                  | dmem_addr[31] ^ |         | 0.000 |   0.197 |    2.770 | 
     +-------------------------------------------------------------------------------------------+ 
Path 41: MET Late External Delay Assertion 
Endpoint:   dmem_addr[30]                      (^) checked with  leading edge 
of 'clk'
Beginpoint: datapath/EXMEM_aluResult_reg[30]/Q (^) triggered by  leading edge 
of 'clk'
Path Groups: {clk}
Analysis View: RPT_FAST
Other End Arrival Time          0.000
- External Delay                1.230
+ Phase Shift                   4.100
+ CPPR Adjustment               0.000
- Uncertainty                   0.100
= Required Time                 2.770
- Arrival Time                  0.196
= Slack Time                    2.574
     Clock Rise Edge                 0.000
     + Clock Network Latency (Prop)  0.123
     = Beginpoint Arrival Time       0.123
     +-------------------------------------------------------------------------------------------+ 
     |             Instance             |       Arc       |  Cell   | Delay | Arrival | Required | 
     |                                  |                 |         |       |  Time   |   Time   | 
     |----------------------------------+-----------------+---------+-------+---------+----------| 
     | datapath/EXMEM_aluResult_reg[30] | CK ^            |         |       |   0.123 |    2.697 | 
     | datapath/EXMEM_aluResult_reg[30] | CK ^ -> Q ^     | DFFR_X1 | 0.073 |   0.196 |    2.770 | 
     |                                  | dmem_addr[30] ^ |         | 0.000 |   0.196 |    2.770 | 
     +-------------------------------------------------------------------------------------------+ 
Path 42: MET Late External Delay Assertion 
Endpoint:   dmem_addr[28]                      (^) checked with  leading edge 
of 'clk'
Beginpoint: datapath/EXMEM_aluResult_reg[28]/Q (^) triggered by  leading edge 
of 'clk'
Path Groups: {clk}
Analysis View: RPT_FAST
Other End Arrival Time          0.000
- External Delay                1.230
+ Phase Shift                   4.100
+ CPPR Adjustment               0.000
- Uncertainty                   0.100
= Required Time                 2.770
- Arrival Time                  0.195
= Slack Time                    2.575
     Clock Rise Edge                 0.000
     + Clock Network Latency (Prop)  0.123
     = Beginpoint Arrival Time       0.123
     +-------------------------------------------------------------------------------------------+ 
     |             Instance             |       Arc       |  Cell   | Delay | Arrival | Required | 
     |                                  |                 |         |       |  Time   |   Time   | 
     |----------------------------------+-----------------+---------+-------+---------+----------| 
     | datapath/EXMEM_aluResult_reg[28] | CK ^            |         |       |   0.123 |    2.698 | 
     | datapath/EXMEM_aluResult_reg[28] | CK ^ -> Q ^     | DFFR_X1 | 0.072 |   0.195 |    2.770 | 
     |                                  | dmem_addr[28] ^ |         | 0.000 |   0.195 |    2.770 | 
     +-------------------------------------------------------------------------------------------+ 
Path 43: MET Late External Delay Assertion 
Endpoint:   dmem_addr[1]                      (^) checked with  leading edge of 
'clk'
Beginpoint: datapath/EXMEM_aluResult_reg[1]/Q (^) triggered by  leading edge of 
'clk'
Path Groups: {clk}
Analysis View: RPT_FAST
Other End Arrival Time          0.000
- External Delay                1.230
+ Phase Shift                   4.100
+ CPPR Adjustment               0.000
- Uncertainty                   0.100
= Required Time                 2.770
- Arrival Time                  0.195
= Slack Time                    2.575
     Clock Rise Edge                 0.000
     + Clock Network Latency (Prop)  0.116
     = Beginpoint Arrival Time       0.116
     +-----------------------------------------------------------------------------------------+ 
     |            Instance             |      Arc       |  Cell   | Delay | Arrival | Required | 
     |                                 |                |         |       |  Time   |   Time   | 
     |---------------------------------+----------------+---------+-------+---------+----------| 
     | datapath/EXMEM_aluResult_reg[1] | CK ^           |         |       |   0.116 |    2.691 | 
     | datapath/EXMEM_aluResult_reg[1] | CK ^ -> Q ^    | DFFR_X1 | 0.079 |   0.195 |    2.770 | 
     |                                 | dmem_addr[1] ^ |         | 0.000 |   0.195 |    2.770 | 
     +-----------------------------------------------------------------------------------------+ 
Path 44: MET Late External Delay Assertion 
Endpoint:   dbg_pc[28]               (^) checked with  leading edge of 'clk'
Beginpoint: datapath/IF_pc_reg[28]/Q (^) triggered by  leading edge of 'clk'
Path Groups: {clk}
Analysis View: RPT_FAST
Other End Arrival Time          0.000
- External Delay                1.230
+ Phase Shift                   4.100
+ CPPR Adjustment               0.000
- Uncertainty                   0.100
= Required Time                 2.770
- Arrival Time                  0.194
= Slack Time                    2.576
     Clock Rise Edge                 0.000
     + Clock Network Latency (Prop)  0.125
     = Beginpoint Arrival Time       0.125
     +------------------------------------------------------------------------------+ 
     |        Instance        |     Arc      |  Cell   | Delay | Arrival | Required | 
     |                        |              |         |       |  Time   |   Time   | 
     |------------------------+--------------+---------+-------+---------+----------| 
     | datapath/IF_pc_reg[28] | CK ^         |         |       |   0.125 |    2.701 | 
     | datapath/IF_pc_reg[28] | CK ^ -> Q ^  | DFFR_X1 | 0.069 |   0.194 |    2.770 | 
     |                        | dbg_pc[28] ^ |         | 0.000 |   0.194 |    2.770 | 
     +------------------------------------------------------------------------------+ 
Path 45: MET Late External Delay Assertion 
Endpoint:   imem_addr[28]            (^) checked with  leading edge of 'clk'
Beginpoint: datapath/IF_pc_reg[28]/Q (^) triggered by  leading edge of 'clk'
Path Groups: {clk}
Analysis View: RPT_FAST
Other End Arrival Time          0.000
- External Delay                1.230
+ Phase Shift                   4.100
+ CPPR Adjustment               0.000
- Uncertainty                   0.100
= Required Time                 2.770
- Arrival Time                  0.194
= Slack Time                    2.576
     Clock Rise Edge                 0.000
     + Clock Network Latency (Prop)  0.125
     = Beginpoint Arrival Time       0.125
     +---------------------------------------------------------------------------------+ 
     |        Instance        |       Arc       |  Cell   | Delay | Arrival | Required | 
     |                        |                 |         |       |  Time   |   Time   | 
     |------------------------+-----------------+---------+-------+---------+----------| 
     | datapath/IF_pc_reg[28] | CK ^            |         |       |   0.125 |    2.701 | 
     | datapath/IF_pc_reg[28] | CK ^ -> Q ^     | DFFR_X1 | 0.069 |   0.194 |    2.770 | 
     |                        | imem_addr[28] ^ |         | 0.000 |   0.194 |    2.770 | 
     +---------------------------------------------------------------------------------+ 
Path 46: MET Late External Delay Assertion 
Endpoint:   dmem_addr[29]                      (^) checked with  leading edge 
of 'clk'
Beginpoint: datapath/EXMEM_aluResult_reg[29]/Q (^) triggered by  leading edge 
of 'clk'
Path Groups: {clk}
Analysis View: RPT_FAST
Other End Arrival Time          0.000
- External Delay                1.230
+ Phase Shift                   4.100
+ CPPR Adjustment               0.000
- Uncertainty                   0.100
= Required Time                 2.770
- Arrival Time                  0.194
= Slack Time                    2.576
     Clock Rise Edge                 0.000
     + Clock Network Latency (Prop)  0.123
     = Beginpoint Arrival Time       0.123
     +-------------------------------------------------------------------------------------------+ 
     |             Instance             |       Arc       |  Cell   | Delay | Arrival | Required | 
     |                                  |                 |         |       |  Time   |   Time   | 
     |----------------------------------+-----------------+---------+-------+---------+----------| 
     | datapath/EXMEM_aluResult_reg[29] | CK ^            |         |       |   0.123 |    2.699 | 
     | datapath/EXMEM_aluResult_reg[29] | CK ^ -> Q ^     | DFFR_X1 | 0.071 |   0.194 |    2.770 | 
     |                                  | dmem_addr[29] ^ |         | 0.000 |   0.194 |    2.770 | 
     +-------------------------------------------------------------------------------------------+ 
Path 47: MET Late External Delay Assertion 
Endpoint:   dbg_pc[30]               (^) checked with  leading edge of 'clk'
Beginpoint: datapath/IF_pc_reg[30]/Q (^) triggered by  leading edge of 'clk'
Path Groups: {clk}
Analysis View: RPT_FAST
Other End Arrival Time          0.000
- External Delay                1.230
+ Phase Shift                   4.100
+ CPPR Adjustment               0.000
- Uncertainty                   0.100
= Required Time                 2.770
- Arrival Time                  0.194
= Slack Time                    2.576
     Clock Rise Edge                 0.000
     + Clock Network Latency (Prop)  0.125
     = Beginpoint Arrival Time       0.125
     +------------------------------------------------------------------------------+ 
     |        Instance        |     Arc      |  Cell   | Delay | Arrival | Required | 
     |                        |              |         |       |  Time   |   Time   | 
     |------------------------+--------------+---------+-------+---------+----------| 
     | datapath/IF_pc_reg[30] | CK ^         |         |       |   0.125 |    2.701 | 
     | datapath/IF_pc_reg[30] | CK ^ -> Q ^  | DFFR_X1 | 0.069 |   0.194 |    2.770 | 
     |                        | dbg_pc[30] ^ |         | 0.000 |   0.194 |    2.770 | 
     +------------------------------------------------------------------------------+ 
Path 48: MET Late External Delay Assertion 
Endpoint:   imem_addr[30]            (^) checked with  leading edge of 'clk'
Beginpoint: datapath/IF_pc_reg[30]/Q (^) triggered by  leading edge of 'clk'
Path Groups: {clk}
Analysis View: RPT_FAST
Other End Arrival Time          0.000
- External Delay                1.230
+ Phase Shift                   4.100
+ CPPR Adjustment               0.000
- Uncertainty                   0.100
= Required Time                 2.770
- Arrival Time                  0.194
= Slack Time                    2.576
     Clock Rise Edge                 0.000
     + Clock Network Latency (Prop)  0.125
     = Beginpoint Arrival Time       0.125
     +---------------------------------------------------------------------------------+ 
     |        Instance        |       Arc       |  Cell   | Delay | Arrival | Required | 
     |                        |                 |         |       |  Time   |   Time   | 
     |------------------------+-----------------+---------+-------+---------+----------| 
     | datapath/IF_pc_reg[30] | CK ^            |         |       |   0.125 |    2.701 | 
     | datapath/IF_pc_reg[30] | CK ^ -> Q ^     | DFFR_X1 | 0.069 |   0.194 |    2.770 | 
     |                        | imem_addr[30] ^ |         | 0.000 |   0.194 |    2.770 | 
     +---------------------------------------------------------------------------------+ 
Path 49: MET Late External Delay Assertion 
Endpoint:   dbg_pc[29]               (^) checked with  leading edge of 'clk'
Beginpoint: datapath/IF_pc_reg[29]/Q (^) triggered by  leading edge of 'clk'
Path Groups: {clk}
Analysis View: RPT_FAST
Other End Arrival Time          0.000
- External Delay                1.230
+ Phase Shift                   4.100
+ CPPR Adjustment               0.000
- Uncertainty                   0.100
= Required Time                 2.770
- Arrival Time                  0.194
= Slack Time                    2.576
     Clock Rise Edge                 0.000
     + Clock Network Latency (Prop)  0.125
     = Beginpoint Arrival Time       0.125
     +------------------------------------------------------------------------------+ 
     |        Instance        |     Arc      |  Cell   | Delay | Arrival | Required | 
     |                        |              |         |       |  Time   |   Time   | 
     |------------------------+--------------+---------+-------+---------+----------| 
     | datapath/IF_pc_reg[29] | CK ^         |         |       |   0.125 |    2.701 | 
     | datapath/IF_pc_reg[29] | CK ^ -> Q ^  | DFFR_X1 | 0.069 |   0.193 |    2.770 | 
     |                        | dbg_pc[29] ^ |         | 0.000 |   0.194 |    2.770 | 
     +------------------------------------------------------------------------------+ 
Path 50: MET Late External Delay Assertion 
Endpoint:   imem_addr[29]            (^) checked with  leading edge of 'clk'
Beginpoint: datapath/IF_pc_reg[29]/Q (^) triggered by  leading edge of 'clk'
Path Groups: {clk}
Analysis View: RPT_FAST
Other End Arrival Time          0.000
- External Delay                1.230
+ Phase Shift                   4.100
+ CPPR Adjustment               0.000
- Uncertainty                   0.100
= Required Time                 2.770
- Arrival Time                  0.194
= Slack Time                    2.576
     Clock Rise Edge                 0.000
     + Clock Network Latency (Prop)  0.125
     = Beginpoint Arrival Time       0.125
     +---------------------------------------------------------------------------------+ 
     |        Instance        |       Arc       |  Cell   | Delay | Arrival | Required | 
     |                        |                 |         |       |  Time   |   Time   | 
     |------------------------+-----------------+---------+-------+---------+----------| 
     | datapath/IF_pc_reg[29] | CK ^            |         |       |   0.125 |    2.701 | 
     | datapath/IF_pc_reg[29] | CK ^ -> Q ^     | DFFR_X1 | 0.069 |   0.193 |    2.770 | 
     |                        | imem_addr[29] ^ |         | 0.000 |   0.194 |    2.770 | 
     +---------------------------------------------------------------------------------+ 

