###############################################################
#  Generated by:      Cadence Innovus 23.12-s091_1
#  OS:                Linux x86_64(Host ID nanohub-2908156-5)
#  Generated on:      Wed Aug 12 16:12:51 2026
#  Design:            pipelined_cpu_core
#  Command:           report_timing -late > reports/10_place_timing.rpt
###############################################################
Path 1: MET Setup Check with Pin datapath/EXMEM_aluResult_reg[0]/CK 
Endpoint:   datapath/EXMEM_aluResult_reg[0]/D (^) checked with  leading edge of 
'clk'
Beginpoint: datapath/IDEX_rs2_reg[0]/QN       (v) triggered by  leading edge of 
'clk'
Path Groups: {clk}
Analysis View: WC_VIEW
Other End Arrival Time          0.000
- Setup                         0.065
+ Phase Shift                   4.000
+ CPPR Adjustment               0.000
- Uncertainty                   0.100
= Required Time                 3.835
- Arrival Time                  3.796
= Slack Time                    0.039
     Clock Rise Edge                 0.000
     + Clock Network Latency (Ideal) -0.300
     = Beginpoint Arrival Time       -0.300
     +------------------------------------------------------------------------------------------------------------+ 
     |                      Instance                      |     Arc      |   Cell    | Delay | Arrival | Required | 
     |                                                    |              |           |       |  Time   |   Time   | 
     |----------------------------------------------------+--------------+-----------+-------+---------+----------| 
     | datapath/IDEX_rs2_reg[0]                           | CK ^         |           |       |  -0.300 |   -0.261 | 
     | datapath/IDEX_rs2_reg[0]                           | CK ^ -> QN v | DFFR_X1   | 0.289 |  -0.011 |    0.029 | 
     | ALU_forward/g3383__3680                            | B v -> ZN ^  | XNOR2_X1  | 0.134 |   0.124 |    0.163 | 
     | ALU_forward/FE_RC_551_0                            | A4 ^ -> ZN v | NAND4_X1  | 0.113 |   0.237 |    0.276 | 
     | ALU_forward/FE_RC_544_0                            | A1 v -> ZN ^ | NOR2_X2   | 0.085 |   0.322 |    0.361 | 
     | ALU_forward/FE_RC_559_0                            | A2 ^ -> ZN v | NAND2_X1  | 0.053 |   0.374 |    0.414 | 
     | ALU_forward/FE_RC_560_0                            | A v -> ZN ^  | INV_X2    | 0.052 |   0.427 |    0.466 | 
     | ALU_forward/FE_RC_542_0                            | A1 ^ -> ZN v | NAND2_X4  | 0.071 |   0.497 |    0.537 | 
     | datapath/FE_OCPC313_n_107                          | A v -> ZN ^  | INV_X4    | 0.060 |   0.557 |    0.596 | 
     | datapath/g26492                                    | A1 ^ -> ZN v | NAND3_X4  | 0.054 |   0.611 |    0.650 | 
     | datapath/g25980_dup                                | A1 v -> ZN ^ | NAND2_X4  | 0.052 |   0.663 |    0.702 | 
     | datapath/g25953                                    | A1 ^ -> ZN v | NAND2_X4  | 0.036 |   0.699 |    0.738 | 
     | datapath/g25914                                    | A v -> ZN ^  | OAI211_X4 | 0.079 |   0.778 |    0.817 | 
     | datapath/ALU_ALU_GEN[0].slice_i_bitAdder/FE_RC_565 | A1 ^ -> ZN v | NAND2_X2  | 0.057 |   0.835 |    0.875 | 
     | _0                                                 |              |           |       |         |          | 
     | datapath/ALU_ALU_GEN[0].slice_i_bitAdder/FE_RC_563 | A2 v -> ZN ^ | NAND2_X2  | 0.076 |   0.912 |    0.951 | 
     | _0                                                 |              |           |       |         |          | 
     | datapath/ALU_ALU_GEN[1].slice_i_bitAdder/FE_RC_163 | A ^ -> ZN v  | OAI21_X4  | 0.056 |   0.967 |    1.007 | 
     | _0                                                 |              |           |       |         |          | 
     | datapath/ALU_ALU_GEN[1].slice_i_bitAdder/g2__8428  | A1 v -> ZN ^ | NAND2_X4  | 0.048 |   1.015 |    1.055 | 
     | datapath/ALU_ALU_GEN[2].slice_i_bitAdder/g155__512 | A1 ^ -> ZN v | NAND2_X4  | 0.035 |   1.051 |    1.090 | 
     | 2                                                  |              |           |       |         |          | 
     | datapath/ALU_ALU_GEN[2].slice_i_bitAdder/g153__280 | A1 v -> ZN ^ | NAND2_X4  | 0.045 |   1.096 |    1.135 | 
     | 2                                                  |              |           |       |         |          | 
     | datapath/ALU_ALU_GEN[3].slice_i_bitAdder/g155__931 | A1 ^ -> ZN v | NAND2_X4  | 0.036 |   1.132 |    1.171 | 
     | 5                                                  |              |           |       |         |          | 
     | datapath/ALU_ALU_GEN[3].slice_i_bitAdder/g153__473 | A1 v -> ZN ^ | NAND2_X4  | 0.043 |   1.175 |    1.215 | 
     | 3                                                  |              |           |       |         |          | 
     | datapath/ALU_ALU_GEN[4].slice_i_bitAdder/FE_RC_145 | A1 ^ -> ZN v | NAND2_X4  | 0.035 |   1.210 |    1.250 | 
     | _0                                                 |              |           |       |         |          | 
     | datapath/ALU_ALU_GEN[4].slice_i_bitAdder/FE_RC_144 | A1 v -> ZN ^ | NAND2_X4  | 0.043 |   1.253 |    1.293 | 
     | _0                                                 |              |           |       |         |          | 
     | datapath/ALU_ALU_GEN[5].slice_i_bitAdder/FE_RC_275 | A1 ^ -> ZN v | NAND2_X4  | 0.036 |   1.289 |    1.329 | 
     | _0                                                 |              |           |       |         |          | 
     | datapath/ALU_ALU_GEN[5].slice_i_bitAdder/FE_RC_274 | A1 v -> ZN ^ | NAND2_X4  | 0.045 |   1.334 |    1.373 | 
     | _0                                                 |              |           |       |         |          | 
     | datapath/ALU_ALU_GEN[6].slice_i_bitAdder/FE_RC_117 | A1 ^ -> ZN v | NAND2_X4  | 0.036 |   1.370 |    1.409 | 
     | _0                                                 |              |           |       |         |          | 
     | datapath/ALU_ALU_GEN[6].slice_i_bitAdder/FE_RC_116 | A1 v -> ZN ^ | NAND2_X4  | 0.044 |   1.414 |    1.453 | 
     | _0                                                 |              |           |       |         |          | 
     | datapath/ALU_ALU_GEN[7].slice_i_bitAdder/g158__239 | A1 ^ -> ZN v | NAND2_X4  | 0.036 |   1.450 |    1.489 | 
     | 8                                                  |              |           |       |         |          | 
     | datapath/ALU_ALU_GEN[7].slice_i_bitAdder/g156__641 | A1 v -> ZN ^ | NAND2_X4  | 0.047 |   1.496 |    1.536 | 
     | 7                                                  |              |           |       |         |          | 
     | datapath/ALU_ALU_GEN[8].slice_i_bitAdder/g158__161 | A1 ^ -> ZN v | NAND2_X4  | 0.036 |   1.533 |    1.572 | 
     | 7                                                  |              |           |       |         |          | 
     | datapath/ALU_ALU_GEN[8].slice_i_bitAdder/g156__678 | A1 v -> ZN ^ | NAND2_X4  | 0.045 |   1.577 |    1.617 | 
     | 3                                                  |              |           |       |         |          | 
     | datapath/ALU_ALU_GEN[9].slice_i_bitAdder/FE_RC_137 | A1 ^ -> ZN v | NAND2_X4  | 0.036 |   1.613 |    1.652 | 
     | _0                                                 |              |           |       |         |          | 
     | datapath/ALU_ALU_GEN[9].slice_i_bitAdder/FE_RC_136 | A1 v -> ZN ^ | NAND2_X4  | 0.044 |   1.657 |    1.697 | 
     | _0                                                 |              |           |       |         |          | 
     | datapath/ALU_ALU_GEN[10].slice_i_bitAdder/FE_RC_12 | A1 ^ -> ZN v | NAND2_X4  | 0.035 |   1.693 |    1.732 | 
     | 3_0                                                |              |           |       |         |          | 
     | datapath/ALU_ALU_GEN[10].slice_i_bitAdder/FE_RC_12 | A1 v -> ZN ^ | NAND2_X4  | 0.044 |   1.737 |    1.777 | 
     | 2_0                                                |              |           |       |         |          | 
     | datapath/ALU_ALU_GEN[11].slice_i_bitAdder/FE_RC_20 | A1 ^ -> ZN v | NAND2_X4  | 0.036 |   1.773 |    1.812 | 
     | 4_0                                                |              |           |       |         |          | 
     | datapath/ALU_ALU_GEN[11].slice_i_bitAdder/FE_RC_20 | A1 v -> ZN ^ | NAND2_X4  | 0.044 |   1.817 |    1.857 | 
     | 3_0                                                |              |           |       |         |          | 
     | datapath/ALU_ALU_GEN[12].slice_i_bitAdder/g158__82 | A1 ^ -> ZN v | NAND2_X4  | 0.035 |   1.853 |    1.892 | 
     | 46                                                 |              |           |       |         |          | 
     | datapath/ALU_ALU_GEN[12].slice_i_bitAdder/g156__17 | A1 v -> ZN ^ | NAND2_X4  | 0.045 |   1.897 |    1.937 | 
     | 05                                                 |              |           |       |         |          | 
     | datapath/ALU_ALU_GEN[13].slice_i_bitAdder/FE_RC_20 | A1 ^ -> ZN v | NAND2_X4  | 0.035 |   1.933 |    1.972 | 
     | 0_0                                                |              |           |       |         |          | 
     | datapath/ALU_ALU_GEN[13].slice_i_bitAdder/FE_RC_19 | A1 v -> ZN ^ | NAND2_X4  | 0.045 |   1.977 |    2.017 | 
     | 9_0                                                |              |           |       |         |          | 
     | datapath/ALU_ALU_GEN[14].slice_i_bitAdder/g158__23 | A1 ^ -> ZN v | NAND2_X4  | 0.035 |   2.013 |    2.052 | 
     | 98                                                 |              |           |       |         |          | 
     | datapath/ALU_ALU_GEN[14].slice_i_bitAdder/g156__64 | A1 v -> ZN ^ | NAND2_X4  | 0.045 |   2.057 |    2.097 | 
     | 17                                                 |              |           |       |         |          | 
     | datapath/ALU_ALU_GEN[15].slice_i_bitAdder/FE_RC_27 | A1 ^ -> ZN v | NAND2_X4  | 0.036 |   2.093 |    2.132 | 
     | 1_0                                                |              |           |       |         |          | 
     | datapath/ALU_ALU_GEN[15].slice_i_bitAdder/FE_RC_27 | A1 v -> ZN ^ | NAND2_X4  | 0.045 |   2.138 |    2.177 | 
     | 0_0                                                |              |           |       |         |          | 
     | datapath/ALU_ALU_GEN[16].slice_i_bitAdder/FE_RC_11 | A1 ^ -> ZN v | NAND2_X4  | 0.036 |   2.174 |    2.213 | 
     | 5_0                                                |              |           |       |         |          | 
     | datapath/ALU_ALU_GEN[16].slice_i_bitAdder/g156__61 | A1 v -> ZN ^ | NAND2_X4  | 0.045 |   2.218 |    2.258 | 
     | 31                                                 |              |           |       |         |          | 
     | datapath/ALU_ALU_GEN[17].slice_i_bitAdder/g155__16 | A1 ^ -> ZN v | NAND2_X4  | 0.035 |   2.254 |    2.293 | 
     | 66                                                 |              |           |       |         |          | 
     | datapath/ALU_ALU_GEN[17].slice_i_bitAdder/g153__28 | A1 v -> ZN ^ | NAND2_X4  | 0.046 |   2.300 |    2.339 | 
     | 83                                                 |              |           |       |         |          | 
     | datapath/ALU_ALU_GEN[18].slice_i_bitAdder/g158__84 | A1 ^ -> ZN v | NAND2_X4  | 0.036 |   2.336 |    2.376 | 
     | 28                                                 |              |           |       |         |          | 
     | datapath/ALU_ALU_GEN[18].slice_i_bitAdder/g156__62 | A1 v -> ZN ^ | NAND2_X4  | 0.045 |   2.381 |    2.420 | 
     | 60                                                 |              |           |       |         |          | 
     | datapath/ALU_ALU_GEN[19].slice_i_bitAdder/g158__82 | A1 ^ -> ZN v | NAND2_X4  | 0.035 |   2.416 |    2.456 | 
     | 46                                                 |              |           |       |         |          | 
     | datapath/ALU_ALU_GEN[19].slice_i_bitAdder/g156__17 | A1 v -> ZN ^ | NAND2_X4  | 0.045 |   2.461 |    2.500 | 
     | 05                                                 |              |           |       |         |          | 
     | datapath/ALU_ALU_GEN[20].slice_i_bitAdder/g158__61 | A1 ^ -> ZN v | NAND2_X4  | 0.036 |   2.497 |    2.536 | 
     | 61                                                 |              |           |       |         |          | 
     | datapath/ALU_ALU_GEN[20].slice_i_bitAdder/g156__47 | A1 v -> ZN ^ | NAND2_X4  | 0.045 |   2.541 |    2.581 | 
     | 33                                                 |              |           |       |         |          | 
     | datapath/ALU_ALU_GEN[21].slice_i_bitAdder/g158__54 | A1 ^ -> ZN v | NAND2_X4  | 0.035 |   2.577 |    2.616 | 
     | 77                                                 |              |           |       |         |          | 
     | datapath/ALU_ALU_GEN[21].slice_i_bitAdder/g156__64 | A1 v -> ZN ^ | NAND2_X4  | 0.045 |   2.621 |    2.661 | 
     | 17                                                 |              |           |       |         |          | 
     | datapath/ALU_ALU_GEN[22].slice_i_bitAdder/g158__16 | A1 ^ -> ZN v | NAND2_X4  | 0.035 |   2.657 |    2.696 | 
     | 17                                                 |              |           |       |         |          | 
     | datapath/ALU_ALU_GEN[22].slice_i_bitAdder/g156__36 | A1 v -> ZN ^ | NAND2_X4  | 0.045 |   2.701 |    2.741 | 
     | 80                                                 |              |           |       |         |          | 
     | datapath/ALU_ALU_GEN[23].slice_i_bitAdder/g158__74 | A1 ^ -> ZN v | NAND2_X4  | 0.036 |   2.737 |    2.776 | 
     | 82                                                 |              |           |       |         |          | 
     | datapath/ALU_ALU_GEN[23].slice_i_bitAdder/g156__51 | A1 v -> ZN ^ | NAND2_X4  | 0.049 |   2.786 |    2.825 | 
     | 15                                                 |              |           |       |         |          | 
     | datapath/ALU_ALU_GEN[24].slice_i_bitAdder/g158__64 | A1 ^ -> ZN v | NAND2_X4  | 0.037 |   2.823 |    2.863 | 
     | 17                                                 |              |           |       |         |          | 
     | datapath/ALU_ALU_GEN[24].slice_i_bitAdder/g156__74 | A1 v -> ZN ^ | NAND2_X4  | 0.045 |   2.869 |    2.908 | 
     | 10                                                 |              |           |       |         |          | 
     | datapath/ALU_ALU_GEN[25].slice_i_bitAdder/g158__36 | A1 ^ -> ZN v | NAND2_X4  | 0.036 |   2.905 |    2.944 | 
     | 80                                                 |              |           |       |         |          | 
     | datapath/ALU_ALU_GEN[25].slice_i_bitAdder/g156__67 | A1 v -> ZN ^ | NAND2_X4  | 0.051 |   2.955 |    2.995 | 
     | 83                                                 |              |           |       |         |          | 
     | datapath/ALU_ALU_GEN[26].slice_i_bitAdder/g158__51 | A1 ^ -> ZN v | NAND2_X4  | 0.038 |   2.993 |    3.033 | 
     | 15                                                 |              |           |       |         |          | 
     | datapath/ALU_ALU_GEN[26].slice_i_bitAdder/g156__18 | A1 v -> ZN ^ | NAND2_X4  | 0.045 |   3.038 |    3.077 | 
     | 81                                                 |              |           |       |         |          | 
     | datapath/ALU_ALU_GEN[27].slice_i_bitAdder/g158__74 | A1 ^ -> ZN v | NAND2_X4  | 0.035 |   3.073 |    3.113 | 
     | 10                                                 |              |           |       |         |          | 
     | datapath/ALU_ALU_GEN[27].slice_i_bitAdder/g156__23 | A1 v -> ZN ^ | NAND2_X4  | 0.045 |   3.118 |    3.157 | 
     | 46                                                 |              |           |       |         |          | 
     | datapath/ALU_ALU_GEN[28].slice_i_bitAdder/g158__55 | A1 ^ -> ZN v | NAND2_X4  | 0.035 |   3.153 |    3.193 | 
     | 26                                                 |              |           |       |         |          | 
     | datapath/ALU_ALU_GEN[28].slice_i_bitAdder/g156__43 | A1 v -> ZN ^ | NAND2_X4  | 0.048 |   3.201 |    3.241 | 
     | 19                                                 |              |           |       |         |          | 
     | datapath/ALU_ALU_GEN[29].slice_i_bitAdder/g158__18 | A1 ^ -> ZN v | NAND2_X4  | 0.037 |   3.238 |    3.277 | 
     | 81                                                 |              |           |       |         |          | 
     | datapath/ALU_ALU_GEN[29].slice_i_bitAdder/g156__70 | A1 v -> ZN ^ | NAND2_X4  | 0.044 |   3.282 |    3.321 | 
     | 98                                                 |              |           |       |         |          | 
     | datapath/ALU_ALU_GEN[30].slice_i_bitAdder/g158__16 | A1 ^ -> ZN v | NAND2_X4  | 0.035 |   3.316 |    3.356 | 
     | 66                                                 |              |           |       |         |          | 
     | datapath/ALU_ALU_GEN[30].slice_i_bitAdder/g156__28 | A1 v -> ZN ^ | NAND2_X4  | 0.058 |   3.375 |    3.414 | 
     | 83                                                 |              |           |       |         |          | 
     | datapath/ALU_msb_bitAdder/g119__6783               | A1 ^ -> ZN v | NAND2_X4  | 0.041 |   3.415 |    3.455 | 
     | datapath/ALU_msb_bitAdder/g117__8428               | A1 v -> ZN ^ | NAND2_X4  | 0.043 |   3.459 |    3.498 | 
     | datapath/FE_RC_193_0                               | A1 ^ -> ZN v | NAND2_X2  | 0.035 |   3.494 |    3.534 | 
     | datapath/FE_RC_192_0                               | A v -> ZN ^  | OAI21_X2  | 0.066 |   3.560 |    3.600 | 
     | datapath/g16077                                    | A ^ -> ZN ^  | XNOR2_X2  | 0.133 |   3.693 |    3.733 | 
     | datapath/ALU_ALU_GEN[0].slice_i_resultMux/g187__74 | A1 ^ -> ZN v | NAND2_X2  | 0.056 |   3.749 |    3.789 | 
     | 10                                                 |              |           |       |         |          | 
     | datapath/ALU_ALU_GEN[0].slice_i_resultMux/g185__23 | A1 v -> ZN ^ | NAND2_X1  | 0.047 |   3.796 |    3.835 | 
     | 46                                                 |              |           |       |         |          | 
     | datapath/EXMEM_aluResult_reg[0]                    | D ^          | DFFR_X2   | 0.000 |   3.796 |    3.835 | 
     +------------------------------------------------------------------------------------------------------------+ 

