###############################################################
#  Generated by:      Cadence Innovus 23.12-s091_1
#  OS:                Linux x86_64(Host ID nanohub-2908156-5)
#  Generated on:      Wed Aug 12 16:19:19 2026
#  Design:            pipelined_cpu_core
#  Command:           report_timing -early -max_paths 50 -nworst 1 > reports/41_final_hold.rpt
###############################################################
Path 1: MET Hold Check with Pin datapath/registers_RF_reg[3][17]/CK 
Endpoint:   datapath/registers_RF_reg[3][17]/SE (^) checked with  leading edge 
of 'clk'
Beginpoint: datapath/MEMWB_regWrite_reg/QN      (^) triggered by  leading edge 
of 'clk'
Path Groups: {reg2reg}
Analysis View: BC_VIEW
Other End Arrival Time          0.024
+ Hold                         -0.007
+ Phase Shift                   0.000
- CPPR Adjustment               0.000
+ Uncertainty                   0.020
= Required Time                 0.037
  Arrival Time                  0.052
  Slack Time                    0.015
     Clock Rise Edge                 0.000
     + Clock Network Latency (Prop)  -0.047
     = Beginpoint Arrival Time       -0.047
     +---------------------------------------------------------------------------------------------+ 
     |               Instance               |     Arc      |   Cell   | Delay | Arrival | Required | 
     |                                      |              |          |       |  Time   |   Time   | 
     |--------------------------------------+--------------+----------+-------+---------+----------| 
     | datapath/MEMWB_regWrite_reg          | CK ^         |          |       |  -0.047 |   -0.062 | 
     | datapath/MEMWB_regWrite_reg          | CK ^ -> QN ^ | DFFR_X1  | 0.047 |  -0.000 |   -0.015 | 
     | datapath/FE_OFC720_FE_OCPN2731_n_498 | A ^ -> ZN v  | INV_X2   | 0.012 |   0.012 |   -0.004 | 
     | datapath/g35713                      | A2 v -> ZN ^ | NAND2_X1 | 0.016 |   0.027 |    0.012 | 
     | datapath/g35605                      | A1 ^ -> ZN v | NOR2_X1  | 0.011 |   0.038 |    0.023 | 
     | datapath/g35539                      | A1 v -> ZN ^ | NAND2_X1 | 0.014 |   0.052 |    0.037 | 
     | datapath/registers_RF_reg[3][17]     | SE ^         | SDFFR_X1 | 0.000 |   0.052 |    0.037 | 
     +---------------------------------------------------------------------------------------------+ 
Path 2: MET Hold Check with Pin datapath/MEMWB_aluResult_reg[4]/CK 
Endpoint:   datapath/MEMWB_aluResult_reg[4]/D (v) checked with  leading edge of 
'clk'
Beginpoint: datapath/EXMEM_aluResult_reg[4]/Q (v) triggered by  leading edge of 
'clk'
Path Groups: {reg2reg}
Analysis View: BC_VIEW
Other End Arrival Time          0.019
+ Hold                          0.005
+ Phase Shift                   0.000
- CPPR Adjustment               0.000
+ Uncertainty                   0.020
= Required Time                 0.044
  Arrival Time                  0.059
  Slack Time                    0.016
     Clock Rise Edge                 0.000
     + Clock Network Latency (Prop)  0.001
     = Beginpoint Arrival Time       0.001
     +--------------------------------------------------------------------------------------+ 
     |            Instance             |     Arc     |  Cell   | Delay | Arrival | Required | 
     |                                 |             |         |       |  Time   |   Time   | 
     |---------------------------------+-------------+---------+-------+---------+----------| 
     | datapath/EXMEM_aluResult_reg[4] | CK ^        |         |       |   0.001 |   -0.014 | 
     | datapath/EXMEM_aluResult_reg[4] | CK ^ -> Q v | DFFR_X1 | 0.058 |   0.059 |    0.044 | 
     | datapath/MEMWB_aluResult_reg[4] | D v         | DFFR_X1 | 0.000 |   0.059 |    0.044 | 
     +--------------------------------------------------------------------------------------+ 
Path 3: MET Hold Check with Pin datapath/MEMWB_aluResult_reg[3]/CK 
Endpoint:   datapath/MEMWB_aluResult_reg[3]/D (v) checked with  leading edge of 
'clk'
Beginpoint: datapath/EXMEM_aluResult_reg[3]/Q (v) triggered by  leading edge of 
'clk'
Path Groups: {reg2reg}
Analysis View: BC_VIEW
Other End Arrival Time          0.019
+ Hold                          0.005
+ Phase Shift                   0.000
- CPPR Adjustment               0.000
+ Uncertainty                   0.020
= Required Time                 0.044
  Arrival Time                  0.065
  Slack Time                    0.021
     Clock Rise Edge                 0.000
     + Clock Network Latency (Prop)  0.001
     = Beginpoint Arrival Time       0.001
     +--------------------------------------------------------------------------------------+ 
     |            Instance             |     Arc     |  Cell   | Delay | Arrival | Required | 
     |                                 |             |         |       |  Time   |   Time   | 
     |---------------------------------+-------------+---------+-------+---------+----------| 
     | datapath/EXMEM_aluResult_reg[3] | CK ^        |         |       |   0.001 |   -0.020 | 
     | datapath/EXMEM_aluResult_reg[3] | CK ^ -> Q v | DFFR_X1 | 0.064 |   0.065 |    0.044 | 
     | datapath/MEMWB_aluResult_reg[3] | D v         | DFFR_X1 | 0.000 |   0.065 |    0.044 | 
     +--------------------------------------------------------------------------------------+ 
Path 4: MET Hold Check with Pin datapath/IDEX_rd_reg[0]/CK 
Endpoint:   datapath/IDEX_rd_reg[0]/D     (v) checked with  leading edge of 
'clk'
Beginpoint: datapath/IFID_instr_reg[7]/QN (^) triggered by  leading edge of 
'clk'
Path Groups: {reg2reg}
Analysis View: BC_VIEW
Other End Arrival Time          0.022
+ Hold                          0.005
+ Phase Shift                   0.000
- CPPR Adjustment               0.000
+ Uncertainty                   0.020
= Required Time                 0.047
  Arrival Time                  0.072
  Slack Time                    0.025
     Clock Rise Edge                 0.000
     + Clock Network Latency (Prop)  0.021
     = Beginpoint Arrival Time       0.021
     +----------------------------------------------------------------------------------+ 
     |          Instance          |     Arc      |  Cell   | Delay | Arrival | Required | 
     |                            |              |         |       |  Time   |   Time   | 
     |----------------------------+--------------+---------+-------+---------+----------| 
     | datapath/IFID_instr_reg[7] | CK ^         |         |       |   0.021 |   -0.004 | 
     | datapath/IFID_instr_reg[7] | CK ^ -> QN ^ | DFFR_X1 | 0.044 |   0.065 |    0.040 | 
     | datapath/g35709            | A2 ^ -> ZN v | NOR2_X1 | 0.006 |   0.072 |    0.047 | 
     | datapath/IDEX_rd_reg[0]    | D v          | DFFR_X1 | 0.000 |   0.072 |    0.047 | 
     +----------------------------------------------------------------------------------+ 
Path 5: MET Hold Check with Pin datapath/IDEX_rd_reg[3]/CK 
Endpoint:   datapath/IDEX_rd_reg[3]/D      (v) checked with  leading edge of 
'clk'
Beginpoint: datapath/IFID_instr_reg[10]/QN (^) triggered by  leading edge of 
'clk'
Path Groups: {reg2reg}
Analysis View: BC_VIEW
Other End Arrival Time          0.022
+ Hold                          0.005
+ Phase Shift                   0.000
- CPPR Adjustment               0.000
+ Uncertainty                   0.020
= Required Time                 0.047
  Arrival Time                  0.072
  Slack Time                    0.025
     Clock Rise Edge                 0.000
     + Clock Network Latency (Prop)  0.022
     = Beginpoint Arrival Time       0.022
     +-----------------------------------------------------------------------------------+ 
     |          Instance           |     Arc      |  Cell   | Delay | Arrival | Required | 
     |                             |              |         |       |  Time   |   Time   | 
     |-----------------------------+--------------+---------+-------+---------+----------| 
     | datapath/IFID_instr_reg[10] | CK ^         |         |       |   0.022 |   -0.004 | 
     | datapath/IFID_instr_reg[10] | CK ^ -> QN ^ | DFFR_X1 | 0.044 |   0.066 |    0.040 | 
     | datapath/g35705             | A2 ^ -> ZN v | NOR2_X1 | 0.006 |   0.072 |    0.047 | 
     | datapath/IDEX_rd_reg[3]     | D v          | DFFR_X1 | 0.000 |   0.072 |    0.047 | 
     +-----------------------------------------------------------------------------------+ 
Path 6: MET Hold Check with Pin datapath/MEMWB_aluResult_reg[19]/CK 
Endpoint:   datapath/MEMWB_aluResult_reg[19]/D (v) checked with  leading edge 
of 'clk'
Beginpoint: datapath/EXMEM_aluResult_reg[19]/Q (v) triggered by  leading edge 
of 'clk'
Path Groups: {reg2reg}
Analysis View: BC_VIEW
Other End Arrival Time          0.022
+ Hold                          0.005
+ Phase Shift                   0.000
- CPPR Adjustment               0.000
+ Uncertainty                   0.020
= Required Time                 0.047
  Arrival Time                  0.072
  Slack Time                    0.026
     Clock Rise Edge                 0.000
     + Clock Network Latency (Prop)  0.018
     = Beginpoint Arrival Time       0.018
     +---------------------------------------------------------------------------------------+ 
     |             Instance             |     Arc     |  Cell   | Delay | Arrival | Required | 
     |                                  |             |         |       |  Time   |   Time   | 
     |----------------------------------+-------------+---------+-------+---------+----------| 
     | datapath/EXMEM_aluResult_reg[19] | CK ^        |         |       |   0.018 |   -0.008 | 
     | datapath/EXMEM_aluResult_reg[19] | CK ^ -> Q v | DFFR_X1 | 0.054 |   0.072 |    0.047 | 
     | datapath/MEMWB_aluResult_reg[19] | D v         | DFFR_X1 | 0.000 |   0.072 |    0.047 | 
     +---------------------------------------------------------------------------------------+ 
Path 7: MET Hold Check with Pin datapath/IDEX_rd_reg[1]/CK 
Endpoint:   datapath/IDEX_rd_reg[1]/D     (v) checked with  leading edge of 
'clk'
Beginpoint: datapath/IFID_instr_reg[8]/QN (^) triggered by  leading edge of 
'clk'
Path Groups: {reg2reg}
Analysis View: BC_VIEW
Other End Arrival Time          0.022
+ Hold                          0.005
+ Phase Shift                   0.000
- CPPR Adjustment               0.000
+ Uncertainty                   0.020
= Required Time                 0.047
  Arrival Time                  0.073
  Slack Time                    0.026
     Clock Rise Edge                 0.000
     + Clock Network Latency (Prop)  0.022
     = Beginpoint Arrival Time       0.022
     +----------------------------------------------------------------------------------+ 
     |          Instance          |     Arc      |  Cell   | Delay | Arrival | Required | 
     |                            |              |         |       |  Time   |   Time   | 
     |----------------------------+--------------+---------+-------+---------+----------| 
     | datapath/IFID_instr_reg[8] | CK ^         |         |       |   0.022 |   -0.005 | 
     | datapath/IFID_instr_reg[8] | CK ^ -> QN ^ | DFFR_X1 | 0.045 |   0.066 |    0.040 | 
     | datapath/g35704            | A2 ^ -> ZN v | NOR2_X1 | 0.007 |   0.073 |    0.047 | 
     | datapath/IDEX_rd_reg[1]    | D v          | DFFR_X1 | 0.000 |   0.073 |    0.047 | 
     +----------------------------------------------------------------------------------+ 
Path 8: MET Hold Check with Pin datapath/IDEX_rd_reg[2]/CK 
Endpoint:   datapath/IDEX_rd_reg[2]/D     (v) checked with  leading edge of 
'clk'
Beginpoint: datapath/IFID_instr_reg[9]/QN (^) triggered by  leading edge of 
'clk'
Path Groups: {reg2reg}
Analysis View: BC_VIEW
Other End Arrival Time          0.022
+ Hold                          0.005
+ Phase Shift                   0.000
- CPPR Adjustment               0.000
+ Uncertainty                   0.020
= Required Time                 0.047
  Arrival Time                  0.073
  Slack Time                    0.026
     Clock Rise Edge                 0.000
     + Clock Network Latency (Prop)  0.022
     = Beginpoint Arrival Time       0.022
     +----------------------------------------------------------------------------------+ 
     |          Instance          |     Arc      |  Cell   | Delay | Arrival | Required | 
     |                            |              |         |       |  Time   |   Time   | 
     |----------------------------+--------------+---------+-------+---------+----------| 
     | datapath/IFID_instr_reg[9] | CK ^         |         |       |   0.022 |   -0.005 | 
     | datapath/IFID_instr_reg[9] | CK ^ -> QN ^ | DFFR_X1 | 0.045 |   0.067 |    0.040 | 
     | datapath/g35708            | A2 ^ -> ZN v | NOR2_X1 | 0.007 |   0.073 |    0.047 | 
     | datapath/IDEX_rd_reg[2]    | D v          | DFFR_X1 | 0.000 |   0.073 |    0.047 | 
     +----------------------------------------------------------------------------------+ 
Path 9: MET Hold Check with Pin datapath/IDEX_rd_reg[4]/CK 
Endpoint:   datapath/IDEX_rd_reg[4]/D      (v) checked with  leading edge of 
'clk'
Beginpoint: datapath/IFID_instr_reg[11]/QN (^) triggered by  leading edge of 
'clk'
Path Groups: {reg2reg}
Analysis View: BC_VIEW
Other End Arrival Time          0.022
+ Hold                          0.005
+ Phase Shift                   0.000
- CPPR Adjustment               0.000
+ Uncertainty                   0.020
= Required Time                 0.046
  Arrival Time                  0.073
  Slack Time                    0.026
     Clock Rise Edge                 0.000
     + Clock Network Latency (Prop)  0.021
     = Beginpoint Arrival Time       0.021
     +-----------------------------------------------------------------------------------+ 
     |          Instance           |     Arc      |  Cell   | Delay | Arrival | Required | 
     |                             |              |         |       |  Time   |   Time   | 
     |-----------------------------+--------------+---------+-------+---------+----------| 
     | datapath/IFID_instr_reg[11] | CK ^         |         |       |   0.021 |   -0.005 | 
     | datapath/IFID_instr_reg[11] | CK ^ -> QN ^ | DFFR_X1 | 0.045 |   0.066 |    0.040 | 
     | datapath/g35707             | A2 ^ -> ZN v | NOR2_X1 | 0.007 |   0.073 |    0.046 | 
     | datapath/IDEX_rd_reg[4]     | D v          | DFFR_X1 | 0.000 |   0.073 |    0.046 | 
     +-----------------------------------------------------------------------------------+ 
Path 10: MET Hold Check with Pin datapath/MEMWB_aluResult_reg[12]/CK 
Endpoint:   datapath/MEMWB_aluResult_reg[12]/D (v) checked with  leading edge 
of 'clk'
Beginpoint: datapath/EXMEM_aluResult_reg[12]/Q (v) triggered by  leading edge 
of 'clk'
Path Groups: {reg2reg}
Analysis View: BC_VIEW
Other End Arrival Time          0.024
+ Hold                          0.005
+ Phase Shift                   0.000
- CPPR Adjustment               0.000
+ Uncertainty                   0.020
= Required Time                 0.049
  Arrival Time                  0.076
  Slack Time                    0.028
     Clock Rise Edge                 0.000
     + Clock Network Latency (Prop)  0.018
     = Beginpoint Arrival Time       0.018
     +---------------------------------------------------------------------------------------+ 
     |             Instance             |     Arc     |  Cell   | Delay | Arrival | Required | 
     |                                  |             |         |       |  Time   |   Time   | 
     |----------------------------------+-------------+---------+-------+---------+----------| 
     | datapath/EXMEM_aluResult_reg[12] | CK ^        |         |       |   0.018 |   -0.010 | 
     | datapath/EXMEM_aluResult_reg[12] | CK ^ -> Q v | DFFR_X1 | 0.059 |   0.076 |    0.049 | 
     | datapath/MEMWB_aluResult_reg[12] | D v         | DFFR_X1 | 0.000 |   0.076 |    0.049 | 
     +---------------------------------------------------------------------------------------+ 
Path 11: MET Hold Check with Pin datapath/EXMEM_storeData_reg[5]/CK 
Endpoint:   datapath/EXMEM_storeData_reg[5]/D (v) checked with  leading edge of 
'clk'
Beginpoint: datapath/IDEX_readData2_reg[5]/QN (^) triggered by  leading edge of 
'clk'
Path Groups: {reg2reg}
Analysis View: BC_VIEW
Other End Arrival Time          0.018
+ Hold                          0.005
+ Phase Shift                   0.000
- CPPR Adjustment               0.000
+ Uncertainty                   0.020
= Required Time                 0.043
  Arrival Time                  0.072
  Slack Time                    0.030
     Clock Rise Edge                 0.000
     + Clock Network Latency (Prop)  0.001
     = Beginpoint Arrival Time       0.001
     +-----------------------------------------------------------------------------------------+ 
     |            Instance             |     Arc      |   Cell    | Delay | Arrival | Required | 
     |                                 |              |           |       |  Time   |   Time   | 
     |---------------------------------+--------------+-----------+-------+---------+----------| 
     | datapath/IDEX_readData2_reg[5]  | CK ^         |           |       |   0.001 |   -0.029 | 
     | datapath/IDEX_readData2_reg[5]  | CK ^ -> QN ^ | DFFR_X1   | 0.046 |   0.046 |    0.017 | 
     | datapath/FE_RC_497_0            | C2 ^ -> ZN v | OAI211_X1 | 0.026 |   0.072 |    0.043 | 
     | datapath/EXMEM_storeData_reg[5] | D v          | DFFR_X1   | 0.000 |   0.072 |    0.043 | 
     +-----------------------------------------------------------------------------------------+ 
Path 12: MET Hold Check with Pin datapath/EXMEM_memWrite_reg/CK 
Endpoint:   datapath/EXMEM_memWrite_reg/D (v) checked with  leading edge of 
'clk'
Beginpoint: datapath/IDEX_memWrite_reg/Q  (v) triggered by  leading edge of 
'clk'
Path Groups: {reg2reg}
Analysis View: BC_VIEW
Other End Arrival Time          0.022
+ Hold                          0.005
+ Phase Shift                   0.000
- CPPR Adjustment               0.000
+ Uncertainty                   0.020
= Required Time                 0.047
  Arrival Time                  0.077
  Slack Time                    0.030
     Clock Rise Edge                 0.000
     + Clock Network Latency (Prop)  0.022
     = Beginpoint Arrival Time       0.022
     +----------------------------------------------------------------------------------+ 
     |          Instance           |     Arc     |  Cell   | Delay | Arrival | Required | 
     |                             |             |         |       |  Time   |   Time   | 
     |-----------------------------+-------------+---------+-------+---------+----------| 
     | datapath/IDEX_memWrite_reg  | CK ^        |         |       |   0.022 |   -0.008 | 
     | datapath/IDEX_memWrite_reg  | CK ^ -> Q v | DFFR_X1 | 0.055 |   0.077 |    0.047 | 
     | datapath/EXMEM_memWrite_reg | D v         | DFFR_X1 | 0.000 |   0.077 |    0.047 | 
     +----------------------------------------------------------------------------------+ 
Path 13: MET Hold Check with Pin datapath/MEMWB_aluResult_reg[18]/CK 
Endpoint:   datapath/MEMWB_aluResult_reg[18]/D (v) checked with  leading edge 
of 'clk'
Beginpoint: datapath/EXMEM_aluResult_reg[18]/Q (v) triggered by  leading edge 
of 'clk'
Path Groups: {reg2reg}
Analysis View: BC_VIEW
Other End Arrival Time          0.018
+ Hold                          0.004
+ Phase Shift                   0.000
- CPPR Adjustment               0.000
+ Uncertainty                   0.020
= Required Time                 0.043
  Arrival Time                  0.073
  Slack Time                    0.030
     Clock Rise Edge                 0.000
     + Clock Network Latency (Prop)  0.018
     = Beginpoint Arrival Time       0.018
     +---------------------------------------------------------------------------------------+ 
     |             Instance             |     Arc     |  Cell   | Delay | Arrival | Required | 
     |                                  |             |         |       |  Time   |   Time   | 
     |----------------------------------+-------------+---------+-------+---------+----------| 
     | datapath/EXMEM_aluResult_reg[18] | CK ^        |         |       |   0.018 |   -0.012 | 
     | datapath/EXMEM_aluResult_reg[18] | CK ^ -> Q v | DFFR_X1 | 0.054 |   0.073 |    0.043 | 
     | datapath/MEMWB_aluResult_reg[18] | D v         | DFFR_X1 | 0.000 |   0.073 |    0.043 | 
     +---------------------------------------------------------------------------------------+ 
Path 14: MET Hold Check with Pin datapath/MEMWB_aluResult_reg[10]/CK 
Endpoint:   datapath/MEMWB_aluResult_reg[10]/D (v) checked with  leading edge 
of 'clk'
Beginpoint: datapath/EXMEM_aluResult_reg[10]/Q (v) triggered by  leading edge 
of 'clk'
Path Groups: {reg2reg}
Analysis View: BC_VIEW
Other End Arrival Time          0.018
+ Hold                          0.005
+ Phase Shift                   0.000
- CPPR Adjustment               0.000
+ Uncertainty                   0.020
= Required Time                 0.042
  Arrival Time                  0.073
  Slack Time                    0.030
     Clock Rise Edge                 0.000
     + Clock Network Latency (Prop)  0.018
     = Beginpoint Arrival Time       0.018
     +---------------------------------------------------------------------------------------+ 
     |             Instance             |     Arc     |  Cell   | Delay | Arrival | Required | 
     |                                  |             |         |       |  Time   |   Time   | 
     |----------------------------------+-------------+---------+-------+---------+----------| 
     | datapath/EXMEM_aluResult_reg[10] | CK ^        |         |       |   0.018 |   -0.013 | 
     | datapath/EXMEM_aluResult_reg[10] | CK ^ -> Q v | DFFR_X1 | 0.055 |   0.073 |    0.042 | 
     | datapath/MEMWB_aluResult_reg[10] | D v         | DFFR_X1 | 0.000 |   0.073 |    0.042 | 
     +---------------------------------------------------------------------------------------+ 
Path 15: MET Hold Check with Pin datapath/EXMEM_storeData_reg[7]/CK 
Endpoint:   datapath/EXMEM_storeData_reg[7]/D (^) checked with  leading edge of 
'clk'
Beginpoint: datapath/IDEX_readData2_reg[7]/QN (v) triggered by  leading edge of 
'clk'
Path Groups: {reg2reg}
Analysis View: BC_VIEW
Other End Arrival Time          0.019
+ Hold                          0.005
+ Phase Shift                   0.000
- CPPR Adjustment               0.000
+ Uncertainty                   0.020
= Required Time                 0.044
  Arrival Time                  0.074
  Slack Time                    0.031
     Clock Rise Edge                 0.000
     + Clock Network Latency (Prop)  0.001
     = Beginpoint Arrival Time       0.001
     +-----------------------------------------------------------------------------------------+ 
     |            Instance             |     Arc      |   Cell    | Delay | Arrival | Required | 
     |                                 |              |           |       |  Time   |   Time   | 
     |---------------------------------+--------------+-----------+-------+---------+----------| 
     | datapath/IDEX_readData2_reg[7]  | CK ^         |           |       |   0.001 |   -0.029 | 
     | datapath/IDEX_readData2_reg[7]  | CK ^ -> QN v | DFFR_X1   | 0.041 |   0.042 |    0.011 | 
     | datapath/FE_RC_269_0            | A v -> ZN ^  | INV_X1    | 0.008 |   0.050 |    0.019 | 
     | datapath/FE_RC_267_0            | A2 ^ -> ZN v | NAND2_X1  | 0.010 |   0.059 |    0.029 | 
     | datapath/FE_RC_436_0            | A v -> ZN ^  | OAI221_X1 | 0.015 |   0.074 |    0.044 | 
     | datapath/EXMEM_storeData_reg[7] | D ^          | DFFR_X1   | 0.000 |   0.074 |    0.044 | 
     +-----------------------------------------------------------------------------------------+ 
Path 16: MET Hold Check with Pin datapath/MEMWB_aluResult_reg[15]/CK 
Endpoint:   datapath/MEMWB_aluResult_reg[15]/D (v) checked with  leading edge 
of 'clk'
Beginpoint: datapath/EXMEM_aluResult_reg[15]/Q (v) triggered by  leading edge 
of 'clk'
Path Groups: {reg2reg}
Analysis View: BC_VIEW
Other End Arrival Time          0.018
+ Hold                          0.005
+ Phase Shift                   0.000
- CPPR Adjustment               0.000
+ Uncertainty                   0.020
= Required Time                 0.043
  Arrival Time                  0.073
  Slack Time                    0.031
     Clock Rise Edge                 0.000
     + Clock Network Latency (Prop)  0.018
     = Beginpoint Arrival Time       0.018
     +---------------------------------------------------------------------------------------+ 
     |             Instance             |     Arc     |  Cell   | Delay | Arrival | Required | 
     |                                  |             |         |       |  Time   |   Time   | 
     |----------------------------------+-------------+---------+-------+---------+----------| 
     | datapath/EXMEM_aluResult_reg[15] | CK ^        |         |       |   0.018 |   -0.013 | 
     | datapath/EXMEM_aluResult_reg[15] | CK ^ -> Q v | DFFR_X1 | 0.055 |   0.073 |    0.043 | 
     | datapath/MEMWB_aluResult_reg[15] | D v         | DFFR_X1 | 0.000 |   0.073 |    0.043 | 
     +---------------------------------------------------------------------------------------+ 
Path 17: MET Hold Check with Pin datapath/MEMWB_aluResult_reg[13]/CK 
Endpoint:   datapath/MEMWB_aluResult_reg[13]/D (v) checked with  leading edge 
of 'clk'
Beginpoint: datapath/EXMEM_aluResult_reg[13]/Q (v) triggered by  leading edge 
of 'clk'
Path Groups: {reg2reg}
Analysis View: BC_VIEW
Other End Arrival Time          0.018
+ Hold                          0.005
+ Phase Shift                   0.000
- CPPR Adjustment               0.000
+ Uncertainty                   0.020
= Required Time                 0.043
  Arrival Time                  0.073
  Slack Time                    0.031
     Clock Rise Edge                 0.000
     + Clock Network Latency (Prop)  0.018
     = Beginpoint Arrival Time       0.018
     +---------------------------------------------------------------------------------------+ 
     |             Instance             |     Arc     |  Cell   | Delay | Arrival | Required | 
     |                                  |             |         |       |  Time   |   Time   | 
     |----------------------------------+-------------+---------+-------+---------+----------| 
     | datapath/EXMEM_aluResult_reg[13] | CK ^        |         |       |   0.018 |   -0.013 | 
     | datapath/EXMEM_aluResult_reg[13] | CK ^ -> Q v | DFFR_X1 | 0.056 |   0.073 |    0.043 | 
     | datapath/MEMWB_aluResult_reg[13] | D v         | DFFR_X1 | 0.000 |   0.073 |    0.043 | 
     +---------------------------------------------------------------------------------------+ 
Path 18: MET Hold Check with Pin datapath/MEMWB_aluResult_reg[11]/CK 
Endpoint:   datapath/MEMWB_aluResult_reg[11]/D (v) checked with  leading edge 
of 'clk'
Beginpoint: datapath/EXMEM_aluResult_reg[11]/Q (v) triggered by  leading edge 
of 'clk'
Path Groups: {reg2reg}
Analysis View: BC_VIEW
Other End Arrival Time          0.018
+ Hold                          0.005
+ Phase Shift                   0.000
- CPPR Adjustment               0.000
+ Uncertainty                   0.020
= Required Time                 0.043
  Arrival Time                  0.073
  Slack Time                    0.031
     Clock Rise Edge                 0.000
     + Clock Network Latency (Prop)  0.018
     = Beginpoint Arrival Time       0.018
     +---------------------------------------------------------------------------------------+ 
     |             Instance             |     Arc     |  Cell   | Delay | Arrival | Required | 
     |                                  |             |         |       |  Time   |   Time   | 
     |----------------------------------+-------------+---------+-------+---------+----------| 
     | datapath/EXMEM_aluResult_reg[11] | CK ^        |         |       |   0.018 |   -0.013 | 
     | datapath/EXMEM_aluResult_reg[11] | CK ^ -> Q v | DFFR_X1 | 0.056 |   0.073 |    0.043 | 
     | datapath/MEMWB_aluResult_reg[11] | D v         | DFFR_X1 | 0.000 |   0.073 |    0.043 | 
     +---------------------------------------------------------------------------------------+ 
Path 19: MET Hold Check with Pin datapath/MEMWB_aluResult_reg[8]/CK 
Endpoint:   datapath/MEMWB_aluResult_reg[8]/D (v) checked with  leading edge of 
'clk'
Beginpoint: datapath/EXMEM_aluResult_reg[8]/Q (v) triggered by  leading edge of 
'clk'
Path Groups: {reg2reg}
Analysis View: BC_VIEW
Other End Arrival Time          0.018
+ Hold                          0.005
+ Phase Shift                   0.000
- CPPR Adjustment               0.000
+ Uncertainty                   0.020
= Required Time                 0.042
  Arrival Time                  0.073
  Slack Time                    0.031
     Clock Rise Edge                 0.000
     + Clock Network Latency (Prop)  0.018
     = Beginpoint Arrival Time       0.018
     +--------------------------------------------------------------------------------------+ 
     |            Instance             |     Arc     |  Cell   | Delay | Arrival | Required | 
     |                                 |             |         |       |  Time   |   Time   | 
     |---------------------------------+-------------+---------+-------+---------+----------| 
     | datapath/EXMEM_aluResult_reg[8] | CK ^        |         |       |   0.018 |   -0.013 | 
     | datapath/EXMEM_aluResult_reg[8] | CK ^ -> Q v | DFFR_X1 | 0.056 |   0.073 |    0.042 | 
     | datapath/MEMWB_aluResult_reg[8] | D v         | DFFR_X1 | 0.000 |   0.073 |    0.042 | 
     +--------------------------------------------------------------------------------------+ 
Path 20: MET Hold Check with Pin datapath/MEMWB_aluResult_reg[9]/CK 
Endpoint:   datapath/MEMWB_aluResult_reg[9]/D (v) checked with  leading edge of 
'clk'
Beginpoint: datapath/EXMEM_aluResult_reg[9]/Q (v) triggered by  leading edge of 
'clk'
Path Groups: {reg2reg}
Analysis View: BC_VIEW
Other End Arrival Time          0.018
+ Hold                          0.005
+ Phase Shift                   0.000
- CPPR Adjustment               0.000
+ Uncertainty                   0.020
= Required Time                 0.042
  Arrival Time                  0.073
  Slack Time                    0.031
     Clock Rise Edge                 0.000
     + Clock Network Latency (Prop)  0.018
     = Beginpoint Arrival Time       0.018
     +--------------------------------------------------------------------------------------+ 
     |            Instance             |     Arc     |  Cell   | Delay | Arrival | Required | 
     |                                 |             |         |       |  Time   |   Time   | 
     |---------------------------------+-------------+---------+-------+---------+----------| 
     | datapath/EXMEM_aluResult_reg[9] | CK ^        |         |       |   0.018 |   -0.013 | 
     | datapath/EXMEM_aluResult_reg[9] | CK ^ -> Q v | DFFR_X1 | 0.056 |   0.073 |    0.042 | 
     | datapath/MEMWB_aluResult_reg[9] | D v         | DFFR_X1 | 0.000 |   0.073 |    0.042 | 
     +--------------------------------------------------------------------------------------+ 
Path 21: MET Hold Check with Pin datapath/EXMEM_storeData_reg[4]/CK 
Endpoint:   datapath/EXMEM_storeData_reg[4]/D (^) checked with  leading edge of 
'clk'
Beginpoint: datapath/IDEX_readData2_reg[4]/QN (v) triggered by  leading edge of 
'clk'
Path Groups: {reg2reg}
Analysis View: BC_VIEW
Other End Arrival Time          0.018
+ Hold                          0.004
+ Phase Shift                   0.000
- CPPR Adjustment               0.000
+ Uncertainty                   0.020
= Required Time                 0.042
  Arrival Time                  0.074
  Slack Time                    0.032
     Clock Rise Edge                 0.000
     + Clock Network Latency (Prop)  0.001
     = Beginpoint Arrival Time       0.001
     +----------------------------------------------------------------------------------------+ 
     |            Instance             |     Arc      |   Cell   | Delay | Arrival | Required | 
     |                                 |              |          |       |  Time   |   Time   | 
     |---------------------------------+--------------+----------+-------+---------+----------| 
     | datapath/IDEX_readData2_reg[4]  | CK ^         |          |       |   0.001 |   -0.031 | 
     | datapath/IDEX_readData2_reg[4]  | CK ^ -> QN v | DFFR_X1  | 0.040 |   0.041 |    0.009 | 
     | datapath/FE_RC_112_0            | A v -> ZN ^  | INV_X1   | 0.008 |   0.049 |    0.017 | 
     | datapath/FE_RC_110_0            | A2 ^ -> ZN v | NAND2_X1 | 0.012 |   0.061 |    0.029 | 
     | datapath/FE_RC_638_0            | A2 v -> ZN ^ | NAND3_X2 | 0.013 |   0.074 |    0.042 | 
     | datapath/EXMEM_storeData_reg[4] | D ^          | DFFR_X1  | 0.000 |   0.074 |    0.042 | 
     +----------------------------------------------------------------------------------------+ 
Path 22: MET Hold Check with Pin datapath/MEMWB_aluResult_reg[24]/CK 
Endpoint:   datapath/MEMWB_aluResult_reg[24]/D (v) checked with  leading edge 
of 'clk'
Beginpoint: datapath/EXMEM_aluResult_reg[24]/Q (v) triggered by  leading edge 
of 'clk'
Path Groups: {reg2reg}
Analysis View: BC_VIEW
Other End Arrival Time          0.024
+ Hold                          0.005
+ Phase Shift                   0.000
- CPPR Adjustment               0.000
+ Uncertainty                   0.020
= Required Time                 0.049
  Arrival Time                  0.081
  Slack Time                    0.033
     Clock Rise Edge                 0.000
     + Clock Network Latency (Prop)  0.024
     = Beginpoint Arrival Time       0.024
     +---------------------------------------------------------------------------------------+ 
     |             Instance             |     Arc     |  Cell   | Delay | Arrival | Required | 
     |                                  |             |         |       |  Time   |   Time   | 
     |----------------------------------+-------------+---------+-------+---------+----------| 
     | datapath/EXMEM_aluResult_reg[24] | CK ^        |         |       |   0.024 |   -0.009 | 
     | datapath/EXMEM_aluResult_reg[24] | CK ^ -> Q v | DFFR_X1 | 0.057 |   0.081 |    0.049 | 
     | datapath/MEMWB_aluResult_reg[24] | D v         | DFFR_X1 | 0.000 |   0.081 |    0.049 | 
     +---------------------------------------------------------------------------------------+ 
Path 23: MET Hold Check with Pin datapath/MEMWB_aluResult_reg[23]/CK 
Endpoint:   datapath/MEMWB_aluResult_reg[23]/D (v) checked with  leading edge 
of 'clk'
Beginpoint: datapath/EXMEM_aluResult_reg[23]/Q (v) triggered by  leading edge 
of 'clk'
Path Groups: {reg2reg}
Analysis View: BC_VIEW
Other End Arrival Time          0.022
+ Hold                          0.005
+ Phase Shift                   0.000
- CPPR Adjustment               0.000
+ Uncertainty                   0.020
= Required Time                 0.046
  Arrival Time                  0.080
  Slack Time                    0.033
     Clock Rise Edge                 0.000
     + Clock Network Latency (Prop)  0.022
     = Beginpoint Arrival Time       0.022
     +---------------------------------------------------------------------------------------+ 
     |             Instance             |     Arc     |  Cell   | Delay | Arrival | Required | 
     |                                  |             |         |       |  Time   |   Time   | 
     |----------------------------------+-------------+---------+-------+---------+----------| 
     | datapath/EXMEM_aluResult_reg[23] | CK ^        |         |       |   0.022 |   -0.011 | 
     | datapath/EXMEM_aluResult_reg[23] | CK ^ -> Q v | DFFR_X1 | 0.058 |   0.080 |    0.046 | 
     | datapath/MEMWB_aluResult_reg[23] | D v         | DFFR_X1 | 0.000 |   0.080 |    0.046 | 
     +---------------------------------------------------------------------------------------+ 
Path 24: MET Hold Check with Pin datapath/MEMWB_aluResult_reg[25]/CK 
Endpoint:   datapath/MEMWB_aluResult_reg[25]/D (v) checked with  leading edge 
of 'clk'
Beginpoint: datapath/EXMEM_aluResult_reg[25]/Q (v) triggered by  leading edge 
of 'clk'
Path Groups: {reg2reg}
Analysis View: BC_VIEW
Other End Arrival Time          0.018
+ Hold                          0.005
+ Phase Shift                   0.000
- CPPR Adjustment               0.000
+ Uncertainty                   0.020
= Required Time                 0.043
  Arrival Time                  0.076
  Slack Time                    0.033
     Clock Rise Edge                 0.000
     + Clock Network Latency (Prop)  0.017
     = Beginpoint Arrival Time       0.017
     +---------------------------------------------------------------------------------------+ 
     |             Instance             |     Arc     |  Cell   | Delay | Arrival | Required | 
     |                                  |             |         |       |  Time   |   Time   | 
     |----------------------------------+-------------+---------+-------+---------+----------| 
     | datapath/EXMEM_aluResult_reg[25] | CK ^        |         |       |   0.017 |   -0.016 | 
     | datapath/EXMEM_aluResult_reg[25] | CK ^ -> Q v | DFFR_X1 | 0.058 |   0.076 |    0.043 | 
     | datapath/MEMWB_aluResult_reg[25] | D v         | DFFR_X1 | 0.000 |   0.076 |    0.043 | 
     +---------------------------------------------------------------------------------------+ 
Path 25: MET Hold Check with Pin datapath/MEMWB_aluResult_reg[7]/CK 
Endpoint:   datapath/MEMWB_aluResult_reg[7]/D (v) checked with  leading edge of 
'clk'
Beginpoint: datapath/EXMEM_aluResult_reg[7]/Q (v) triggered by  leading edge of 
'clk'
Path Groups: {reg2reg}
Analysis View: BC_VIEW
Other End Arrival Time          0.019
+ Hold                          0.005
+ Phase Shift                   0.000
- CPPR Adjustment               0.000
+ Uncertainty                   0.020
= Required Time                 0.044
  Arrival Time                  0.077
  Slack Time                    0.033
     Clock Rise Edge                 0.000
     + Clock Network Latency (Prop)  0.019
     = Beginpoint Arrival Time       0.019
     +--------------------------------------------------------------------------------------+ 
     |            Instance             |     Arc     |  Cell   | Delay | Arrival | Required | 
     |                                 |             |         |       |  Time   |   Time   | 
     |---------------------------------+-------------+---------+-------+---------+----------| 
     | datapath/EXMEM_aluResult_reg[7] | CK ^        |         |       |   0.019 |   -0.015 | 
     | datapath/EXMEM_aluResult_reg[7] | CK ^ -> Q v | DFFR_X1 | 0.058 |   0.077 |    0.044 | 
     | datapath/MEMWB_aluResult_reg[7] | D v         | DFFR_X1 | 0.000 |   0.077 |    0.044 | 
     +--------------------------------------------------------------------------------------+ 
Path 26: MET Hold Check with Pin datapath/MEMWB_aluResult_reg[20]/CK 
Endpoint:   datapath/MEMWB_aluResult_reg[20]/D (v) checked with  leading edge 
of 'clk'
Beginpoint: datapath/EXMEM_aluResult_reg[20]/Q (v) triggered by  leading edge 
of 'clk'
Path Groups: {reg2reg}
Analysis View: BC_VIEW
Other End Arrival Time          0.022
+ Hold                          0.005
+ Phase Shift                   0.000
- CPPR Adjustment               0.000
+ Uncertainty                   0.020
= Required Time                 0.047
  Arrival Time                  0.081
  Slack Time                    0.034
     Clock Rise Edge                 0.000
     + Clock Network Latency (Prop)  0.022
     = Beginpoint Arrival Time       0.022
     +---------------------------------------------------------------------------------------+ 
     |             Instance             |     Arc     |  Cell   | Delay | Arrival | Required | 
     |                                  |             |         |       |  Time   |   Time   | 
     |----------------------------------+-------------+---------+-------+---------+----------| 
     | datapath/EXMEM_aluResult_reg[20] | CK ^        |         |       |   0.022 |   -0.012 | 
     | datapath/EXMEM_aluResult_reg[20] | CK ^ -> Q v | DFFR_X1 | 0.059 |   0.081 |    0.047 | 
     | datapath/MEMWB_aluResult_reg[20] | D v         | DFFR_X1 | 0.000 |   0.081 |    0.047 | 
     +---------------------------------------------------------------------------------------+ 
Path 27: MET Hold Check with Pin datapath/MEMWB_aluResult_reg[16]/CK 
Endpoint:   datapath/MEMWB_aluResult_reg[16]/D (v) checked with  leading edge 
of 'clk'
Beginpoint: datapath/EXMEM_aluResult_reg[16]/Q (v) triggered by  leading edge 
of 'clk'
Path Groups: {reg2reg}
Analysis View: BC_VIEW
Other End Arrival Time          0.024
+ Hold                          0.005
+ Phase Shift                   0.000
- CPPR Adjustment               0.000
+ Uncertainty                   0.020
= Required Time                 0.049
  Arrival Time                  0.083
  Slack Time                    0.034
     Clock Rise Edge                 0.000
     + Clock Network Latency (Prop)  0.022
     = Beginpoint Arrival Time       0.022
     +---------------------------------------------------------------------------------------+ 
     |             Instance             |     Arc     |  Cell   | Delay | Arrival | Required | 
     |                                  |             |         |       |  Time   |   Time   | 
     |----------------------------------+-------------+---------+-------+---------+----------| 
     | datapath/EXMEM_aluResult_reg[16] | CK ^        |         |       |   0.022 |   -0.012 | 
     | datapath/EXMEM_aluResult_reg[16] | CK ^ -> Q v | DFFR_X1 | 0.060 |   0.083 |    0.049 | 
     | datapath/MEMWB_aluResult_reg[16] | D v         | DFFR_X1 | 0.000 |   0.083 |    0.049 | 
     +---------------------------------------------------------------------------------------+ 
Path 28: MET Hold Check with Pin datapath/MEMWB_aluResult_reg[21]/CK 
Endpoint:   datapath/MEMWB_aluResult_reg[21]/D (v) checked with  leading edge 
of 'clk'
Beginpoint: datapath/EXMEM_aluResult_reg[21]/Q (v) triggered by  leading edge 
of 'clk'
Path Groups: {reg2reg}
Analysis View: BC_VIEW
Other End Arrival Time          0.022
+ Hold                          0.005
+ Phase Shift                   0.000
- CPPR Adjustment               0.000
+ Uncertainty                   0.020
= Required Time                 0.047
  Arrival Time                  0.081
  Slack Time                    0.034
     Clock Rise Edge                 0.000
     + Clock Network Latency (Prop)  0.022
     = Beginpoint Arrival Time       0.022
     +---------------------------------------------------------------------------------------+ 
     |             Instance             |     Arc     |  Cell   | Delay | Arrival | Required | 
     |                                  |             |         |       |  Time   |   Time   | 
     |----------------------------------+-------------+---------+-------+---------+----------| 
     | datapath/EXMEM_aluResult_reg[21] | CK ^        |         |       |   0.022 |   -0.012 | 
     | datapath/EXMEM_aluResult_reg[21] | CK ^ -> Q v | DFFR_X1 | 0.059 |   0.081 |    0.047 | 
     | datapath/MEMWB_aluResult_reg[21] | D v         | DFFR_X1 | 0.000 |   0.081 |    0.047 | 
     +---------------------------------------------------------------------------------------+ 
Path 29: MET Hold Check with Pin datapath/MEMWB_aluResult_reg[14]/CK 
Endpoint:   datapath/MEMWB_aluResult_reg[14]/D (v) checked with  leading edge 
of 'clk'
Beginpoint: datapath/EXMEM_aluResult_reg[14]/Q (v) triggered by  leading edge 
of 'clk'
Path Groups: {reg2reg}
Analysis View: BC_VIEW
Other End Arrival Time          0.018
+ Hold                          0.005
+ Phase Shift                   0.000
- CPPR Adjustment               0.000
+ Uncertainty                   0.020
= Required Time                 0.043
  Arrival Time                  0.078
  Slack Time                    0.035
     Clock Rise Edge                 0.000
     + Clock Network Latency (Prop)  0.018
     = Beginpoint Arrival Time       0.018
     +---------------------------------------------------------------------------------------+ 
     |             Instance             |     Arc     |  Cell   | Delay | Arrival | Required | 
     |                                  |             |         |       |  Time   |   Time   | 
     |----------------------------------+-------------+---------+-------+---------+----------| 
     | datapath/EXMEM_aluResult_reg[14] | CK ^        |         |       |   0.018 |   -0.017 | 
     | datapath/EXMEM_aluResult_reg[14] | CK ^ -> Q v | DFFR_X1 | 0.060 |   0.078 |    0.043 | 
     | datapath/MEMWB_aluResult_reg[14] | D v         | DFFR_X1 | 0.000 |   0.078 |    0.043 | 
     +---------------------------------------------------------------------------------------+ 
Path 30: MET Hold Check with Pin datapath/MEMWB_aluResult_reg[22]/CK 
Endpoint:   datapath/MEMWB_aluResult_reg[22]/D (v) checked with  leading edge 
of 'clk'
Beginpoint: datapath/EXMEM_aluResult_reg[22]/Q (v) triggered by  leading edge 
of 'clk'
Path Groups: {reg2reg}
Analysis View: BC_VIEW
Other End Arrival Time          0.022
+ Hold                          0.005
+ Phase Shift                   0.000
- CPPR Adjustment               0.000
+ Uncertainty                   0.020
= Required Time                 0.047
  Arrival Time                  0.082
  Slack Time                    0.036
     Clock Rise Edge                 0.000
     + Clock Network Latency (Prop)  0.022
     = Beginpoint Arrival Time       0.022
     +---------------------------------------------------------------------------------------+ 
     |             Instance             |     Arc     |  Cell   | Delay | Arrival | Required | 
     |                                  |             |         |       |  Time   |   Time   | 
     |----------------------------------+-------------+---------+-------+---------+----------| 
     | datapath/EXMEM_aluResult_reg[22] | CK ^        |         |       |   0.022 |   -0.013 | 
     | datapath/EXMEM_aluResult_reg[22] | CK ^ -> Q v | DFFR_X1 | 0.060 |   0.082 |    0.047 | 
     | datapath/MEMWB_aluResult_reg[22] | D v         | DFFR_X1 | 0.000 |   0.082 |    0.047 | 
     +---------------------------------------------------------------------------------------+ 
Path 31: MET Hold Check with Pin datapath/MEMWB_memToReg_reg/CK 
Endpoint:   datapath/MEMWB_memToReg_reg/D (v) checked with  leading edge of 
'clk'
Beginpoint: datapath/EXMEM_memRead_reg/Q  (v) triggered by  leading edge of 
'clk'
Path Groups: {reg2reg}
Analysis View: BC_VIEW
Other End Arrival Time          0.014
+ Hold                          0.004
+ Phase Shift                   0.000
- CPPR Adjustment               0.000
+ Uncertainty                   0.020
= Required Time                 0.038
  Arrival Time                  0.074
  Slack Time                    0.036
     Clock Rise Edge                 0.000
     + Clock Network Latency (Prop)  0.017
     = Beginpoint Arrival Time       0.017
     +----------------------------------------------------------------------------------+ 
     |          Instance           |     Arc     |  Cell   | Delay | Arrival | Required | 
     |                             |             |         |       |  Time   |   Time   | 
     |-----------------------------+-------------+---------+-------+---------+----------| 
     | datapath/EXMEM_memRead_reg  | CK ^        |         |       |   0.017 |   -0.019 | 
     | datapath/EXMEM_memRead_reg  | CK ^ -> Q v | DFFR_X1 | 0.057 |   0.074 |    0.038 | 
     | datapath/MEMWB_memToReg_reg | D v         | DFFR_X1 | 0.000 |   0.074 |    0.038 | 
     +----------------------------------------------------------------------------------+ 
Path 32: MET Hold Check with Pin datapath/registers_RF_reg[31][23]/CK 
Endpoint:   datapath/registers_RF_reg[31][23]/D (v) checked with  leading edge 
of 'clk'
Beginpoint: datapath/registers_RF_reg[31][23]/Q (v) triggered by  leading edge 
of 'clk'
Path Groups: {reg2reg}
Analysis View: BC_VIEW
Other End Arrival Time          0.011
+ Hold                         -0.010
+ Phase Shift                   0.000
- CPPR Adjustment               0.000
+ Uncertainty                   0.020
= Required Time                 0.021
  Arrival Time                  0.057
  Slack Time                    0.036
     Clock Rise Edge                 0.000
     + Clock Network Latency (Prop)  0.010
     = Beginpoint Arrival Time       0.010
     +-----------------------------------------------------------------------------------------+ 
     |             Instance              |     Arc     |   Cell   | Delay | Arrival | Required | 
     |                                   |             |          |       |  Time   |   Time   | 
     |-----------------------------------+-------------+----------+-------+---------+----------| 
     | datapath/registers_RF_reg[31][23] | CK ^        |          |       |   0.010 |   -0.026 | 
     | datapath/registers_RF_reg[31][23] | CK ^ -> Q v | SDFFR_X1 | 0.047 |   0.057 |    0.021 | 
     | datapath/registers_RF_reg[31][23] | D v         | SDFFR_X1 | 0.000 |   0.057 |    0.021 | 
     +-----------------------------------------------------------------------------------------+ 
Path 33: MET Hold Check with Pin datapath/registers_RF_reg[31][18]/CK 
Endpoint:   datapath/registers_RF_reg[31][18]/D (v) checked with  leading edge 
of 'clk'
Beginpoint: datapath/registers_RF_reg[31][18]/Q (v) triggered by  leading edge 
of 'clk'
Path Groups: {reg2reg}
Analysis View: BC_VIEW
Other End Arrival Time          0.010
+ Hold                         -0.010
+ Phase Shift                   0.000
- CPPR Adjustment               0.000
+ Uncertainty                   0.020
= Required Time                 0.020
  Arrival Time                  0.056
  Slack Time                    0.036
     Clock Rise Edge                 0.000
     + Clock Network Latency (Prop)  0.009
     = Beginpoint Arrival Time       0.009
     +-----------------------------------------------------------------------------------------+ 
     |             Instance              |     Arc     |   Cell   | Delay | Arrival | Required | 
     |                                   |             |          |       |  Time   |   Time   | 
     |-----------------------------------+-------------+----------+-------+---------+----------| 
     | datapath/registers_RF_reg[31][18] | CK ^        |          |       |   0.009 |   -0.027 | 
     | datapath/registers_RF_reg[31][18] | CK ^ -> Q v | SDFFR_X1 | 0.047 |   0.056 |    0.020 | 
     | datapath/registers_RF_reg[31][18] | D v         | SDFFR_X1 | 0.000 |   0.056 |    0.020 | 
     +-----------------------------------------------------------------------------------------+ 
Path 34: MET Hold Check with Pin datapath/registers_RF_reg[27][9]/CK 
Endpoint:   datapath/registers_RF_reg[27][9]/D (v) checked with  leading edge 
of 'clk'
Beginpoint: datapath/registers_RF_reg[27][9]/Q (v) triggered by  leading edge 
of 'clk'
Path Groups: {reg2reg}
Analysis View: BC_VIEW
Other End Arrival Time          0.011
+ Hold                         -0.010
+ Phase Shift                   0.000
- CPPR Adjustment               0.000
+ Uncertainty                   0.020
= Required Time                 0.021
  Arrival Time                  0.058
  Slack Time                    0.036
     Clock Rise Edge                 0.000
     + Clock Network Latency (Prop)  0.010
     = Beginpoint Arrival Time       0.010
     +----------------------------------------------------------------------------------------+ 
     |             Instance             |     Arc     |   Cell   | Delay | Arrival | Required | 
     |                                  |             |          |       |  Time   |   Time   | 
     |----------------------------------+-------------+----------+-------+---------+----------| 
     | datapath/registers_RF_reg[27][9] | CK ^        |          |       |   0.010 |   -0.026 | 
     | datapath/registers_RF_reg[27][9] | CK ^ -> Q v | SDFFR_X1 | 0.047 |   0.058 |    0.021 | 
     | datapath/registers_RF_reg[27][9] | D v         | SDFFR_X1 | 0.000 |   0.058 |    0.021 | 
     +----------------------------------------------------------------------------------------+ 
Path 35: MET Hold Check with Pin datapath/registers_RF_reg[31][11]/CK 
Endpoint:   datapath/registers_RF_reg[31][11]/D (v) checked with  leading edge 
of 'clk'
Beginpoint: datapath/registers_RF_reg[31][11]/Q (v) triggered by  leading edge 
of 'clk'
Path Groups: {reg2reg}
Analysis View: BC_VIEW
Other End Arrival Time          0.022
+ Hold                         -0.010
+ Phase Shift                   0.000
- CPPR Adjustment               0.000
+ Uncertainty                   0.020
= Required Time                 0.032
  Arrival Time                  0.068
  Slack Time                    0.036
     Clock Rise Edge                 0.000
     + Clock Network Latency (Prop)  0.021
     = Beginpoint Arrival Time       0.021
     +-----------------------------------------------------------------------------------------+ 
     |             Instance              |     Arc     |   Cell   | Delay | Arrival | Required | 
     |                                   |             |          |       |  Time   |   Time   | 
     |-----------------------------------+-------------+----------+-------+---------+----------| 
     | datapath/registers_RF_reg[31][11] | CK ^        |          |       |   0.021 |   -0.015 | 
     | datapath/registers_RF_reg[31][11] | CK ^ -> Q v | SDFFR_X1 | 0.047 |   0.068 |    0.032 | 
     | datapath/registers_RF_reg[31][11] | D v         | SDFFR_X1 | 0.000 |   0.068 |    0.032 | 
     +-----------------------------------------------------------------------------------------+ 
Path 36: MET Hold Check with Pin datapath/registers_RF_reg[29][19]/CK 
Endpoint:   datapath/registers_RF_reg[29][19]/D (v) checked with  leading edge 
of 'clk'
Beginpoint: datapath/registers_RF_reg[29][19]/Q (v) triggered by  leading edge 
of 'clk'
Path Groups: {reg2reg}
Analysis View: BC_VIEW
Other End Arrival Time          0.011
+ Hold                         -0.010
+ Phase Shift                   0.000
- CPPR Adjustment               0.000
+ Uncertainty                   0.020
= Required Time                 0.021
  Arrival Time                  0.057
  Slack Time                    0.036
     Clock Rise Edge                 0.000
     + Clock Network Latency (Prop)  0.010
     = Beginpoint Arrival Time       0.010
     +-----------------------------------------------------------------------------------------+ 
     |             Instance              |     Arc     |   Cell   | Delay | Arrival | Required | 
     |                                   |             |          |       |  Time   |   Time   | 
     |-----------------------------------+-------------+----------+-------+---------+----------| 
     | datapath/registers_RF_reg[29][19] | CK ^        |          |       |   0.010 |   -0.026 | 
     | datapath/registers_RF_reg[29][19] | CK ^ -> Q v | SDFFR_X1 | 0.047 |   0.057 |    0.021 | 
     | datapath/registers_RF_reg[29][19] | D v         | SDFFR_X1 | 0.000 |   0.057 |    0.021 | 
     +-----------------------------------------------------------------------------------------+ 
Path 37: MET Hold Check with Pin datapath/registers_RF_reg[29][21]/CK 
Endpoint:   datapath/registers_RF_reg[29][21]/D (v) checked with  leading edge 
of 'clk'
Beginpoint: datapath/registers_RF_reg[29][21]/Q (v) triggered by  leading edge 
of 'clk'
Path Groups: {reg2reg}
Analysis View: BC_VIEW
Other End Arrival Time          0.010
+ Hold                         -0.010
+ Phase Shift                   0.000
- CPPR Adjustment               0.000
+ Uncertainty                   0.020
= Required Time                 0.020
  Arrival Time                  0.057
  Slack Time                    0.036
     Clock Rise Edge                 0.000
     + Clock Network Latency (Prop)  0.009
     = Beginpoint Arrival Time       0.009
     +-----------------------------------------------------------------------------------------+ 
     |             Instance              |     Arc     |   Cell   | Delay | Arrival | Required | 
     |                                   |             |          |       |  Time   |   Time   | 
     |-----------------------------------+-------------+----------+-------+---------+----------| 
     | datapath/registers_RF_reg[29][21] | CK ^        |          |       |   0.009 |   -0.027 | 
     | datapath/registers_RF_reg[29][21] | CK ^ -> Q v | SDFFR_X1 | 0.047 |   0.057 |    0.020 | 
     | datapath/registers_RF_reg[29][21] | D v         | SDFFR_X1 | 0.000 |   0.057 |    0.020 | 
     +-----------------------------------------------------------------------------------------+ 
Path 38: MET Hold Check with Pin datapath/registers_RF_reg[28][21]/CK 
Endpoint:   datapath/registers_RF_reg[28][21]/D (v) checked with  leading edge 
of 'clk'
Beginpoint: datapath/registers_RF_reg[28][21]/Q (v) triggered by  leading edge 
of 'clk'
Path Groups: {reg2reg}
Analysis View: BC_VIEW
Other End Arrival Time          0.010
+ Hold                         -0.010
+ Phase Shift                   0.000
- CPPR Adjustment               0.000
+ Uncertainty                   0.020
= Required Time                 0.020
  Arrival Time                  0.057
  Slack Time                    0.036
     Clock Rise Edge                 0.000
     + Clock Network Latency (Prop)  0.009
     = Beginpoint Arrival Time       0.009
     +-----------------------------------------------------------------------------------------+ 
     |             Instance              |     Arc     |   Cell   | Delay | Arrival | Required | 
     |                                   |             |          |       |  Time   |   Time   | 
     |-----------------------------------+-------------+----------+-------+---------+----------| 
     | datapath/registers_RF_reg[28][21] | CK ^        |          |       |   0.009 |   -0.027 | 
     | datapath/registers_RF_reg[28][21] | CK ^ -> Q v | SDFFR_X1 | 0.047 |   0.057 |    0.020 | 
     | datapath/registers_RF_reg[28][21] | D v         | SDFFR_X1 | 0.000 |   0.057 |    0.020 | 
     +-----------------------------------------------------------------------------------------+ 
Path 39: MET Hold Check with Pin datapath/registers_RF_reg[27][24]/CK 
Endpoint:   datapath/registers_RF_reg[27][24]/D (v) checked with  leading edge 
of 'clk'
Beginpoint: datapath/registers_RF_reg[27][24]/Q (v) triggered by  leading edge 
of 'clk'
Path Groups: {reg2reg}
Analysis View: BC_VIEW
Other End Arrival Time          0.010
+ Hold                         -0.010
+ Phase Shift                   0.000
- CPPR Adjustment               0.000
+ Uncertainty                   0.020
= Required Time                 0.020
  Arrival Time                  0.056
  Slack Time                    0.036
     Clock Rise Edge                 0.000
     + Clock Network Latency (Prop)  0.009
     = Beginpoint Arrival Time       0.009
     +-----------------------------------------------------------------------------------------+ 
     |             Instance              |     Arc     |   Cell   | Delay | Arrival | Required | 
     |                                   |             |          |       |  Time   |   Time   | 
     |-----------------------------------+-------------+----------+-------+---------+----------| 
     | datapath/registers_RF_reg[27][24] | CK ^        |          |       |   0.009 |   -0.028 | 
     | datapath/registers_RF_reg[27][24] | CK ^ -> Q v | SDFFR_X1 | 0.047 |   0.056 |    0.020 | 
     | datapath/registers_RF_reg[27][24] | D v         | SDFFR_X1 | 0.000 |   0.056 |    0.020 | 
     +-----------------------------------------------------------------------------------------+ 
Path 40: MET Hold Check with Pin datapath/registers_RF_reg[27][23]/CK 
Endpoint:   datapath/registers_RF_reg[27][23]/D (v) checked with  leading edge 
of 'clk'
Beginpoint: datapath/registers_RF_reg[27][23]/Q (v) triggered by  leading edge 
of 'clk'
Path Groups: {reg2reg}
Analysis View: BC_VIEW
Other End Arrival Time          0.010
+ Hold                         -0.010
+ Phase Shift                   0.000
- CPPR Adjustment               0.000
+ Uncertainty                   0.020
= Required Time                 0.020
  Arrival Time                  0.056
  Slack Time                    0.036
     Clock Rise Edge                 0.000
     + Clock Network Latency (Prop)  0.009
     = Beginpoint Arrival Time       0.009
     +-----------------------------------------------------------------------------------------+ 
     |             Instance              |     Arc     |   Cell   | Delay | Arrival | Required | 
     |                                   |             |          |       |  Time   |   Time   | 
     |-----------------------------------+-------------+----------+-------+---------+----------| 
     | datapath/registers_RF_reg[27][23] | CK ^        |          |       |   0.009 |   -0.028 | 
     | datapath/registers_RF_reg[27][23] | CK ^ -> Q v | SDFFR_X1 | 0.047 |   0.056 |    0.020 | 
     | datapath/registers_RF_reg[27][23] | D v         | SDFFR_X1 | 0.000 |   0.056 |    0.020 | 
     +-----------------------------------------------------------------------------------------+ 
Path 41: MET Hold Check with Pin datapath/registers_RF_reg[29][16]/CK 
Endpoint:   datapath/registers_RF_reg[29][16]/D (v) checked with  leading edge 
of 'clk'
Beginpoint: datapath/registers_RF_reg[29][16]/Q (v) triggered by  leading edge 
of 'clk'
Path Groups: {reg2reg}
Analysis View: BC_VIEW
Other End Arrival Time          0.001
+ Hold                         -0.010
+ Phase Shift                   0.000
- CPPR Adjustment               0.000
+ Uncertainty                   0.020
= Required Time                 0.011
  Arrival Time                  0.048
  Slack Time                    0.036
     Clock Rise Edge                 0.000
     + Clock Network Latency (Prop)  0.000
     = Beginpoint Arrival Time       0.000
     +-----------------------------------------------------------------------------------------+ 
     |             Instance              |     Arc     |   Cell   | Delay | Arrival | Required | 
     |                                   |             |          |       |  Time   |   Time   | 
     |-----------------------------------+-------------+----------+-------+---------+----------| 
     | datapath/registers_RF_reg[29][16] | CK ^        |          |       |   0.000 |   -0.036 | 
     | datapath/registers_RF_reg[29][16] | CK ^ -> Q v | SDFFR_X1 | 0.047 |   0.048 |    0.011 | 
     | datapath/registers_RF_reg[29][16] | D v         | SDFFR_X1 | 0.000 |   0.048 |    0.011 | 
     +-----------------------------------------------------------------------------------------+ 
Path 42: MET Hold Check with Pin datapath/registers_RF_reg[31][2]/CK 
Endpoint:   datapath/registers_RF_reg[31][2]/D (v) checked with  leading edge 
of 'clk'
Beginpoint: datapath/registers_RF_reg[31][2]/Q (v) triggered by  leading edge 
of 'clk'
Path Groups: {reg2reg}
Analysis View: BC_VIEW
Other End Arrival Time          0.001
+ Hold                         -0.010
+ Phase Shift                   0.000
- CPPR Adjustment               0.000
+ Uncertainty                   0.020
= Required Time                 0.011
  Arrival Time                  0.048
  Slack Time                    0.036
     Clock Rise Edge                 0.000
     + Clock Network Latency (Prop)  0.001
     = Beginpoint Arrival Time       0.001
     +----------------------------------------------------------------------------------------+ 
     |             Instance             |     Arc     |   Cell   | Delay | Arrival | Required | 
     |                                  |             |          |       |  Time   |   Time   | 
     |----------------------------------+-------------+----------+-------+---------+----------| 
     | datapath/registers_RF_reg[31][2] | CK ^        |          |       |   0.001 |   -0.036 | 
     | datapath/registers_RF_reg[31][2] | CK ^ -> Q v | SDFFR_X1 | 0.047 |   0.048 |    0.011 | 
     | datapath/registers_RF_reg[31][2] | D v         | SDFFR_X1 | 0.000 |   0.048 |    0.011 | 
     +----------------------------------------------------------------------------------------+ 
Path 43: MET Hold Check with Pin datapath/registers_RF_reg[27][2]/CK 
Endpoint:   datapath/registers_RF_reg[27][2]/D (v) checked with  leading edge 
of 'clk'
Beginpoint: datapath/registers_RF_reg[27][2]/Q (v) triggered by  leading edge 
of 'clk'
Path Groups: {reg2reg}
Analysis View: BC_VIEW
Other End Arrival Time          0.001
+ Hold                         -0.010
+ Phase Shift                   0.000
- CPPR Adjustment               0.000
+ Uncertainty                   0.020
= Required Time                 0.012
  Arrival Time                  0.048
  Slack Time                    0.036
     Clock Rise Edge                 0.000
     + Clock Network Latency (Prop)  0.001
     = Beginpoint Arrival Time       0.001
     +----------------------------------------------------------------------------------------+ 
     |             Instance             |     Arc     |   Cell   | Delay | Arrival | Required | 
     |                                  |             |          |       |  Time   |   Time   | 
     |----------------------------------+-------------+----------+-------+---------+----------| 
     | datapath/registers_RF_reg[27][2] | CK ^        |          |       |   0.001 |   -0.036 | 
     | datapath/registers_RF_reg[27][2] | CK ^ -> Q v | SDFFR_X1 | 0.047 |   0.048 |    0.012 | 
     | datapath/registers_RF_reg[27][2] | D v         | SDFFR_X1 | 0.000 |   0.048 |    0.012 | 
     +----------------------------------------------------------------------------------------+ 
Path 44: MET Hold Check with Pin datapath/registers_RF_reg[26][24]/CK 
Endpoint:   datapath/registers_RF_reg[26][24]/D (v) checked with  leading edge 
of 'clk'
Beginpoint: datapath/registers_RF_reg[26][24]/Q (v) triggered by  leading edge 
of 'clk'
Path Groups: {reg2reg}
Analysis View: BC_VIEW
Other End Arrival Time          0.010
+ Hold                         -0.010
+ Phase Shift                   0.000
- CPPR Adjustment               0.000
+ Uncertainty                   0.020
= Required Time                 0.020
  Arrival Time                  0.056
  Slack Time                    0.036
     Clock Rise Edge                 0.000
     + Clock Network Latency (Prop)  0.009
     = Beginpoint Arrival Time       0.009
     +-----------------------------------------------------------------------------------------+ 
     |             Instance              |     Arc     |   Cell   | Delay | Arrival | Required | 
     |                                   |             |          |       |  Time   |   Time   | 
     |-----------------------------------+-------------+----------+-------+---------+----------| 
     | datapath/registers_RF_reg[26][24] | CK ^        |          |       |   0.009 |   -0.028 | 
     | datapath/registers_RF_reg[26][24] | CK ^ -> Q v | SDFFR_X1 | 0.047 |   0.056 |    0.020 | 
     | datapath/registers_RF_reg[26][24] | D v         | SDFFR_X1 | 0.000 |   0.056 |    0.020 | 
     +-----------------------------------------------------------------------------------------+ 
Path 45: MET Hold Check with Pin datapath/registers_RF_reg[29][22]/CK 
Endpoint:   datapath/registers_RF_reg[29][22]/D (v) checked with  leading edge 
of 'clk'
Beginpoint: datapath/registers_RF_reg[29][22]/Q (v) triggered by  leading edge 
of 'clk'
Path Groups: {reg2reg}
Analysis View: BC_VIEW
Other End Arrival Time          0.010
+ Hold                         -0.010
+ Phase Shift                   0.000
- CPPR Adjustment               0.000
+ Uncertainty                   0.020
= Required Time                 0.020
  Arrival Time                  0.057
  Slack Time                    0.037
     Clock Rise Edge                 0.000
     + Clock Network Latency (Prop)  0.009
     = Beginpoint Arrival Time       0.009
     +-----------------------------------------------------------------------------------------+ 
     |             Instance              |     Arc     |   Cell   | Delay | Arrival | Required | 
     |                                   |             |          |       |  Time   |   Time   | 
     |-----------------------------------+-------------+----------+-------+---------+----------| 
     | datapath/registers_RF_reg[29][22] | CK ^        |          |       |   0.009 |   -0.027 | 
     | datapath/registers_RF_reg[29][22] | CK ^ -> Q v | SDFFR_X1 | 0.047 |   0.057 |    0.020 | 
     | datapath/registers_RF_reg[29][22] | D v         | SDFFR_X1 | 0.000 |   0.057 |    0.020 | 
     +-----------------------------------------------------------------------------------------+ 
Path 46: MET Hold Check with Pin datapath/registers_RF_reg[21][10]/CK 
Endpoint:   datapath/registers_RF_reg[21][10]/D (v) checked with  leading edge 
of 'clk'
Beginpoint: datapath/registers_RF_reg[21][10]/Q (v) triggered by  leading edge 
of 'clk'
Path Groups: {reg2reg}
Analysis View: BC_VIEW
Other End Arrival Time          0.009
+ Hold                         -0.010
+ Phase Shift                   0.000
- CPPR Adjustment               0.000
+ Uncertainty                   0.020
= Required Time                 0.020
  Arrival Time                  0.056
  Slack Time                    0.037
     Clock Rise Edge                 0.000
     + Clock Network Latency (Prop)  0.009
     = Beginpoint Arrival Time       0.009
     +-----------------------------------------------------------------------------------------+ 
     |             Instance              |     Arc     |   Cell   | Delay | Arrival | Required | 
     |                                   |             |          |       |  Time   |   Time   | 
     |-----------------------------------+-------------+----------+-------+---------+----------| 
     | datapath/registers_RF_reg[21][10] | CK ^        |          |       |   0.009 |   -0.027 | 
     | datapath/registers_RF_reg[21][10] | CK ^ -> Q v | SDFFR_X1 | 0.047 |   0.056 |    0.020 | 
     | datapath/registers_RF_reg[21][10] | D v         | SDFFR_X1 | 0.000 |   0.056 |    0.020 | 
     +-----------------------------------------------------------------------------------------+ 
Path 47: MET Hold Check with Pin datapath/registers_RF_reg[21][26]/CK 
Endpoint:   datapath/registers_RF_reg[21][26]/D (v) checked with  leading edge 
of 'clk'
Beginpoint: datapath/registers_RF_reg[21][26]/Q (v) triggered by  leading edge 
of 'clk'
Path Groups: {reg2reg}
Analysis View: BC_VIEW
Other End Arrival Time         -0.000
+ Hold                         -0.010
+ Phase Shift                   0.000
- CPPR Adjustment               0.000
+ Uncertainty                   0.020
= Required Time                 0.010
  Arrival Time                  0.046
  Slack Time                    0.037
     Clock Rise Edge                 0.000
     + Clock Network Latency (Prop)  -0.001
     = Beginpoint Arrival Time       -0.001
     +-----------------------------------------------------------------------------------------+ 
     |             Instance              |     Arc     |   Cell   | Delay | Arrival | Required | 
     |                                   |             |          |       |  Time   |   Time   | 
     |-----------------------------------+-------------+----------+-------+---------+----------| 
     | datapath/registers_RF_reg[21][26] | CK ^        |          |       |  -0.001 |   -0.037 | 
     | datapath/registers_RF_reg[21][26] | CK ^ -> Q v | SDFFR_X1 | 0.047 |   0.046 |    0.010 | 
     | datapath/registers_RF_reg[21][26] | D v         | SDFFR_X1 | 0.000 |   0.046 |    0.010 | 
     +-----------------------------------------------------------------------------------------+ 
Path 48: MET Hold Check with Pin datapath/registers_RF_reg[20][5]/CK 
Endpoint:   datapath/registers_RF_reg[20][5]/D (v) checked with  leading edge 
of 'clk'
Beginpoint: datapath/registers_RF_reg[20][5]/Q (v) triggered by  leading edge 
of 'clk'
Path Groups: {reg2reg}
Analysis View: BC_VIEW
Other End Arrival Time          0.011
+ Hold                         -0.010
+ Phase Shift                   0.000
- CPPR Adjustment               0.000
+ Uncertainty                   0.020
= Required Time                 0.022
  Arrival Time                  0.058
  Slack Time                    0.037
     Clock Rise Edge                 0.000
     + Clock Network Latency (Prop)  0.010
     = Beginpoint Arrival Time       0.010
     +----------------------------------------------------------------------------------------+ 
     |             Instance             |     Arc     |   Cell   | Delay | Arrival | Required | 
     |                                  |             |          |       |  Time   |   Time   | 
     |----------------------------------+-------------+----------+-------+---------+----------| 
     | datapath/registers_RF_reg[20][5] | CK ^        |          |       |   0.010 |   -0.026 | 
     | datapath/registers_RF_reg[20][5] | CK ^ -> Q v | SDFFR_X1 | 0.048 |   0.058 |    0.022 | 
     | datapath/registers_RF_reg[20][5] | D v         | SDFFR_X1 | 0.000 |   0.058 |    0.022 | 
     +----------------------------------------------------------------------------------------+ 
Path 49: MET Hold Check with Pin datapath/registers_RF_reg[28][10]/CK 
Endpoint:   datapath/registers_RF_reg[28][10]/D (v) checked with  leading edge 
of 'clk'
Beginpoint: datapath/registers_RF_reg[28][10]/Q (v) triggered by  leading edge 
of 'clk'
Path Groups: {reg2reg}
Analysis View: BC_VIEW
Other End Arrival Time          0.011
+ Hold                         -0.010
+ Phase Shift                   0.000
- CPPR Adjustment               0.000
+ Uncertainty                   0.020
= Required Time                 0.022
  Arrival Time                  0.058
  Slack Time                    0.037
     Clock Rise Edge                 0.000
     + Clock Network Latency (Prop)  0.010
     = Beginpoint Arrival Time       0.010
     +-----------------------------------------------------------------------------------------+ 
     |             Instance              |     Arc     |   Cell   | Delay | Arrival | Required | 
     |                                   |             |          |       |  Time   |   Time   | 
     |-----------------------------------+-------------+----------+-------+---------+----------| 
     | datapath/registers_RF_reg[28][10] | CK ^        |          |       |   0.010 |   -0.026 | 
     | datapath/registers_RF_reg[28][10] | CK ^ -> Q v | SDFFR_X1 | 0.048 |   0.058 |    0.022 | 
     | datapath/registers_RF_reg[28][10] | D v         | SDFFR_X1 | 0.000 |   0.058 |    0.022 | 
     +-----------------------------------------------------------------------------------------+ 
Path 50: MET Hold Check with Pin datapath/registers_RF_reg[30][25]/CK 
Endpoint:   datapath/registers_RF_reg[30][25]/D (v) checked with  leading edge 
of 'clk'
Beginpoint: datapath/registers_RF_reg[30][25]/Q (v) triggered by  leading edge 
of 'clk'
Path Groups: {reg2reg}
Analysis View: BC_VIEW
Other End Arrival Time          0.011
+ Hold                         -0.010
+ Phase Shift                   0.000
- CPPR Adjustment               0.000
+ Uncertainty                   0.020
= Required Time                 0.021
  Arrival Time                  0.058
  Slack Time                    0.037
     Clock Rise Edge                 0.000
     + Clock Network Latency (Prop)  0.010
     = Beginpoint Arrival Time       0.010
     +-----------------------------------------------------------------------------------------+ 
     |             Instance              |     Arc     |   Cell   | Delay | Arrival | Required | 
     |                                   |             |          |       |  Time   |   Time   | 
     |-----------------------------------+-------------+----------+-------+---------+----------| 
     | datapath/registers_RF_reg[30][25] | CK ^        |          |       |   0.010 |   -0.026 | 
     | datapath/registers_RF_reg[30][25] | CK ^ -> Q v | SDFFR_X1 | 0.047 |   0.058 |    0.021 | 
     | datapath/registers_RF_reg[30][25] | D v         | SDFFR_X1 | 0.000 |   0.058 |    0.021 | 
     +-----------------------------------------------------------------------------------------+ 

