
Power Net Detected:
        Voltage	    Name
             0V	    VSS
          0.95V	    VDD
Using Power View: WC_VIEW.
AAE_INFO: opIsDesignInPostRouteState() is 1
AAE_INFO: resetNetProps viewIdx 0 
Starting SI iteration 1 using Infinite Timing Windows
#################################################################################
# Design Stage: PostRoute
# Design Name: pipelined_cpu_core
# Design Mode: 45nm
# Analysis Mode: MMMC OCV 
# Parasitics Mode: SPEF/RCDB 
# Signoff Settings: SI On 
#################################################################################
AAE_INFO: 1 threads acquired from CTE.
Start delay calculation (fullDC) (1 T). (MEM=1751.12)
Total number of fetched objects 6747
AAE_INFO: Total number of nets for which stage creation was skipped for all views 0
AAE_INFO-618: Total number of nets in the design is 6992,  97.4 percent of the nets selected for SI analysis
End delay calculation. (MEM=1768.56 CPU=0:00:01.7 REAL=0:00:01.0)
End delay calculation (fullDC). (MEM=1768.56 CPU=0:00:01.8 REAL=0:00:02.0)
Save waveform /home/nanohub/estaresinic05/Silicon-From-Scratch/pipelined-cpu-physical-design/runs/confirm-clk4p0-u72-ts06/innovus_temp_56777_a57003fc-a298-4b4f-9a6d-76637acddffe_nanohub-2908156-5_estaresinic05_bJKVKm/.AAE_i078YN/.AAE_56777_a57003fc-a298-4b4f-9a6d-76637acddffe/waveform.data...
Loading CTE timing window with TwFlowType 0...(CPU = 0:00:00.0, REAL = 0:00:00.0, MEM = 3680.9M)
Add other clocks and setupCteToAAEClockMapping during iter 1
Loading CTE timing window is completed (CPU = 0:00:00.1, REAL = 0:00:00.0, MEM = 3680.9M)
Starting SI iteration 2
Start delay calculation (fullDC) (1 T). (MEM=1764.03)
Glitch Analysis: View WC_VIEW -- Total Number of Nets Skipped = 0. 
Glitch Analysis: View WC_VIEW -- Total Number of Nets Analyzed = 6747. 
Total number of fetched objects 6747
AAE_INFO: Total number of nets for which stage creation was skipped for all views 0
AAE_INFO-618: Total number of nets in the design is 6992,  4.7 percent of the nets selected for SI analysis
End delay calculation. (MEM=1777.48 CPU=0:00:00.2 REAL=0:00:00.0)
End delay calculation (fullDC). (MEM=1777.48 CPU=0:00:00.2 REAL=0:00:00.0)
Load RC corner of view WC_VIEW

Begin Power Analysis

             0V	    VSS
          0.95V	    VDD

Begin Processing Timing Library for Power Calculation

Ended Processing Timing Library for Power Calculation: (cpu=0:00:00, real=0:00:00, mem(process/total/peak)=1767.18MB/5288.14MB/1875.63MB)



Begin Processing Power Net/Grid for Power Calculation

Ended Processing Power Net/Grid for Power Calculation: (cpu=0:00:00, real=0:00:00, mem(process/total/peak)=1767.24MB/5288.14MB/1875.63MB)

Begin Processing Timing Window Data for Power Calculation

clk(250MHz) CK: assigning clock clk to net clk
Ended Processing Timing Window Data for Power Calculation: (cpu=0:00:00, real=0:00:00, mem(process/total/peak)=1767.79MB/5288.14MB/1875.63MB)

Begin Processing User Attributes

Ended Processing User Attributes: (cpu=0:00:00, real=0:00:00, mem(process/total/peak)=1768.02MB/5288.14MB/1875.63MB)

Begin Processing Signal Activity


Starting Levelizing
2026-Aug-12 16:19:28 (2026-Aug-12 16:19:28 GMT)
2026-Aug-12 16:19:28 (2026-Aug-12 16:19:28 GMT): 10%
2026-Aug-12 16:19:28 (2026-Aug-12 16:19:28 GMT): 20%
2026-Aug-12 16:19:28 (2026-Aug-12 16:19:28 GMT): 30%
2026-Aug-12 16:19:28 (2026-Aug-12 16:19:28 GMT): 40%
2026-Aug-12 16:19:28 (2026-Aug-12 16:19:28 GMT): 50%
2026-Aug-12 16:19:28 (2026-Aug-12 16:19:28 GMT): 60%
2026-Aug-12 16:19:28 (2026-Aug-12 16:19:28 GMT): 70%
2026-Aug-12 16:19:28 (2026-Aug-12 16:19:28 GMT): 80%
2026-Aug-12 16:19:28 (2026-Aug-12 16:19:28 GMT): 90%

Finished Levelizing
2026-Aug-12 16:19:28 (2026-Aug-12 16:19:28 GMT)

Starting Activity Propagation
2026-Aug-12 16:19:28 (2026-Aug-12 16:19:28 GMT)
** INFO:  (VOLTUS_POWR-1356): No default input activity has been set. Defaulting to 0.2.
Use 'set_default_switching_activity -input_activity' command to change the default activity value.

2026-Aug-12 16:19:28 (2026-Aug-12 16:19:28 GMT): 10%
2026-Aug-12 16:19:28 (2026-Aug-12 16:19:28 GMT): 20%

Finished Activity Propagation
2026-Aug-12 16:19:28 (2026-Aug-12 16:19:28 GMT)
Ended Processing Signal Activity: (cpu=0:00:00, real=0:00:00, mem(process/total/peak)=1768.80MB/5288.14MB/1875.63MB)

Begin Power Computation

      ----------------------------------------------------------
      # of cell(s) missing both power/leakage table: 0
      # of cell(s) missing power table: 0
      # of cell(s) missing leakage table: 0
      ----------------------------------------------------------



Starting Calculating power
2026-Aug-12 16:19:28 (2026-Aug-12 16:19:28 GMT)
 ... Calculating switching power
2026-Aug-12 16:19:28 (2026-Aug-12 16:19:28 GMT): 10%
2026-Aug-12 16:19:28 (2026-Aug-12 16:19:28 GMT): 20%
2026-Aug-12 16:19:28 (2026-Aug-12 16:19:28 GMT): 30%
2026-Aug-12 16:19:28 (2026-Aug-12 16:19:28 GMT): 40%
2026-Aug-12 16:19:28 (2026-Aug-12 16:19:28 GMT): 50%
 ... Calculating internal and leakage power
2026-Aug-12 16:19:28 (2026-Aug-12 16:19:28 GMT): 60%
2026-Aug-12 16:19:28 (2026-Aug-12 16:19:28 GMT): 70%
2026-Aug-12 16:19:28 (2026-Aug-12 16:19:28 GMT): 80%
2026-Aug-12 16:19:29 (2026-Aug-12 16:19:29 GMT): 90%

Finished Calculating power
2026-Aug-12 16:19:29 (2026-Aug-12 16:19:29 GMT)
      # of MSMV cell(s) missing power_level: 0
Ended Power Computation: (cpu=0:00:01, real=0:00:01, mem(process/total/peak)=1770.81MB/5288.14MB/1875.63MB)

Begin Processing User Attributes

Begin Processing set_power
Ended Processing set_power: (cpu=0:00:00, real=0:00:00,
mem(process/total/peak)=1770.84MB/5288.14MB/1875.63MB)
Ended Processing User Attributes: (cpu=0:00:00, real=0:00:00, mem(process/total/peak)=1771.06MB/5288.14MB/1875.63MB)

Ended Power Analysis: (cpu=0:00:01, real=0:00:01, mem(process/total/peak)=1771.06MB/5288.14MB/1875.63MB)

Begin Boundary Leakage Calculation
Ended Boundary Leakage Calculation: (cpu=0:00:00, real=0:00:00,
mem(process/total/peak)=1772.18MB/5288.14MB/1875.63MB)
Begin Static Power Report Generation
*----------------------------------------------------------------------------------------
*	Innovus 23.12-s091_1 (64bit) 07/30/2024 16:11 (Linux 3.10.0-693.el7.x86_64)
*	
*
* 	Date & Time:	2026-Aug-12 16:19:29 (2026-Aug-12 16:19:29 GMT)
*
*----------------------------------------------------------------------------------------
*
*	Design: pipelined_cpu_core
*
*	Liberty Libraries used:
*	        WC_VIEW: /home/nanohub/estaresinic05/MacroPlacement/Enablements/NanGate45/lib/NangateOpenCellLibrary_slow.lib
*
*	Parasitic Files used:
*
*       Power View : WC_VIEW
*
*       User-Defined Activity : N.A.
*
*       Activity File: N.A.
*
*       Hierarchical Global Activity: N.A.
*
*       Global Activity: N.A.
*
*       Sequential Element Activity: 0.200000
*
*       Primary Input Activity: 0.200000
*
*       Default icg ratio: N.A.
*
*       Global Comb ClockGate Ratio: N.A.
*
*	Power Units = 1mW
*
*	Time Units = 1e-09 secs
*
*       report_power
*
-----------------------------------------------------------------------------------------
*



Total Power
-----------------------------------------------------------------------------------------
Total Internal Power:        1.92959858 	   60.7457%
Total Switching Power:       1.07853614 	   33.9534%
Total Leakage Power:         0.16838295 	    5.3009%
Total Power:                 3.17651767
-----------------------------------------------------------------------------------------


Group                           Internal   Switching     Leakage       Total  Percentage 
                                Power      Power         Power         Power  (%)        
-----------------------------------------------------------------------------------------
Sequential                         1.343      0.1576     0.08822       1.589       50.01
Macro                                  0           0           0           0           0
IO                                     0           0           0           0           0
Combinational                     0.3303      0.4598     0.07709      0.8672        27.3
Clock (Combinational)             0.2566      0.4611    0.003073      0.7208       22.69
Clock (Sequential)                     0           0           0           0           0
-----------------------------------------------------------------------------------------
Total                               1.93       1.079      0.1684       3.177         100
-----------------------------------------------------------------------------------------


Rail                  Voltage   Internal   Switching     Leakage       Total  Percentage 
                                Power      Power         Power         Power  (%)        
-----------------------------------------------------------------------------------------
VDD                      0.95       1.93       1.079      0.1684       3.177         100


Clock                           Internal   Switching     Leakage       Total  Percentage 
                                Power      Power         Power         Power  (%)        
-----------------------------------------------------------------------------------------
clk                               0.2566      0.4611    0.003073      0.7208       22.69
-----------------------------------------------------------------------------------------
Total                             0.2566      0.4611    0.003073      0.7208       22.69
-----------------------------------------------------------------------------------------
Clock: clk
Clock Period: 0.004000 usec 
Clock Toggle Rate:   500.0000 Mhz 
Clock Static Probability:  0.5000
  
 
 
-----------------------------------------------------------------------------------------
*	Power Distribution Summary: 
*              Highest Average Power: datapath/CTS_ccl_a_buf_00030 (CLKBUF_X3):         0.006127
*              Highest Leakage Power:    datapath/fopt36488_dup (INV_X8):        9.815e-05
*                Total Cap:      3.5923e-11 F
*                Total instances in design:  5266
*                Total instances in design with no power:     0
*                Total instances in design with no activty:     0

*                Total Fillers and Decap:     0
-----------------------------------------------------------------------------------------
 
** INFO:  (VOLTUS_POWR-3465): There are 0 decaps and 0 fillers in the design

Ended Static Power Report Generation: (cpu=0:00:00, real=0:00:00,
mem(process/total/peak)=1774.23MB/5288.14MB/1875.63MB)

