###############################################################
#  Generated by:      Cadence Innovus 23.12-s091_1
#  OS:                Linux x86_64(Host ID nanohub-2908156-5)
#  Generated on:      Wed Aug 12 16:20:43 2026
#  Design:            pipelined_cpu_core
#  Command:           timeDesign -postRoute -expandedViews -outDir cornerReports
###############################################################

------------------------------------------------------------------
          timeDesign Summary
------------------------------------------------------------------

+--------------------+---------+---------+---------+
|     Setup mode     |   all   | reg2reg | default |
+--------------------+---------+---------+---------+
|           WNS (ns):|  0.002  |  0.002  |  0.912  |
|           TNS (ns):|  0.000  |  0.000  |  0.000  |
|    Violating Paths:|    0    |    0    |    0    |
|          All Paths:|  3549   |  3351   |   230   |
+--------------------+---------+---------+---------+
|RPT_SLOW            |  0.002  |  0.002  |  0.912  |
|                    |  0.000  |  0.000  |  0.000  |
|                    |    0    |    0    |    0    |
|                    |  3549   |  3351   |   230   |
+--------------------+---------+---------+---------+
|RPT_TYP             |  2.104  |  2.650  |  2.104  |
|                    |  0.000  |  0.000  |  0.000  |
|                    |    0    |    0    |    0    |
|                    |  3549   |  3351   |   230   |
+--------------------+---------+---------+---------+
|RPT_FAST            |  2.326  |  3.112  |  2.326  |
|                    |  0.000  |  0.000  |  0.000  |
|                    |    0    |    0    |    0    |
|                    |  3549   |  3351   |   230   |
+--------------------+---------+---------+---------+

+----------------+-------------------------------+------------------+
|                |              Real             |       Total      |
|    DRVs        +------------------+------------+------------------|
|                |  Nr nets(terms)  | Worst Vio  |  Nr nets(terms)  |
+----------------+------------------+------------+------------------+
|   max_cap      |      0 (0)       |   0.000    |      0 (0)       |
|   max_tran     |      2 (78)      |   -0.005   |      2 (78)      |
|   max_fanout   |    157 (157)     |    -55     |    157 (157)     |
|   max_length   |      0 (0)       |     0      |      0 (0)       |
+----------------+------------------+------------+------------------+

Density: 74.274%
       (100.006% with Fillers)
------------------------------------------------------------------
