###############################################################
#  Generated by:      Cadence Innovus 23.12-s091_1
#  OS:                Linux x86_64(Host ID nanohub-2908156-5)
#  Generated on:      Wed Aug 12 16:20:46 2026
#  Design:            pipelined_cpu_core
#  Command:           timeDesign -postRoute -hold -expandedViews -outDir cornerReports
###############################################################

------------------------------------------------------------------
          timeDesign Summary
------------------------------------------------------------------

+--------------------+---------+---------+---------+
|     Hold mode      |   all   | reg2reg | default |
+--------------------+---------+---------+---------+
|           WNS (ns):|  0.015  |  0.015  |  0.537  |
|           TNS (ns):|  0.000  |  0.000  |  0.000  |
|    Violating Paths:|    0    |    0    |    0    |
|          All Paths:|  3549   |  3351   |   230   |
+--------------------+---------+---------+---------+
|RPT_SLOW            |  0.173  |  0.173  |  0.537  |
|                    |  0.000  |  0.000  |  0.000  |
|                    |    0    |    0    |    0    |
|                    |  3549   |  3351   |   230   |
+--------------------+---------+---------+---------+
|RPT_TYP             |  0.041  |  0.041  |  0.928  |
|                    |  0.000  |  0.000  |  0.000  |
|                    |    0    |    0    |    0    |
|                    |  3549   |  3351   |   230   |
+--------------------+---------+---------+---------+
|RPT_FAST            |  0.015  |  0.015  |  1.008  |
|                    |  0.000  |  0.000  |  0.000  |
|                    |    0    |    0    |    0    |
|                    |  3549   |  3351   |   230   |
+--------------------+---------+---------+---------+

Density: 74.274%
       (100.006% with Fillers)
------------------------------------------------------------------
