###############################################################
#  Generated by:      Cadence Innovus 23.12-s091_1
#  OS:                Linux x86_64(Host ID nanohub-2908156-5)
#  Generated on:      Wed Aug 12 15:48:27 2026
#  Design:            pipelined_cpu_core
#  Command:           report_timing -late  -view RPT_FAST -max_paths 50 -nworst 1 > reports/40_setup_fast.rpt
###############################################################
Path 1: MET Late External Delay Assertion 
Endpoint:   dbg_wb_data[13]                (^) checked with  leading edge of 
'clk'
Beginpoint: datapath/MEMWB_memToReg_reg/QN (^) triggered by  leading edge of 
'clk'
Path Groups: {clk}
Analysis View: RPT_FAST
Other End Arrival Time          0.000
- External Delay                1.200
+ Phase Shift                   4.000
+ CPPR Adjustment               0.000
- Uncertainty                   0.100
= Required Time                 2.700
- Arrival Time                  0.312
= Slack Time                    2.388
     Clock Rise Edge                 0.000
     + Clock Network Latency (Prop)  0.109
     = Beginpoint Arrival Time       0.109
     +--------------------------------------------------------------------------------------------------------+ 
     |                  Instance                   |        Arc        |  Cell   | Delay | Arrival | Required | 
     |                                             |                   |         |       |  Time   |   Time   | 
     |---------------------------------------------+-------------------+---------+-------+---------+----------| 
     | datapath/MEMWB_memToReg_reg                 | CK ^              |         |       |   0.109 |    2.497 | 
     | datapath/MEMWB_memToReg_reg                 | CK ^ -> QN ^      | DFFR_X1 | 0.047 |   0.156 |    2.544 | 
     | datapath/FE_OCPC550_MEMWB_memToReg          | A ^ -> Z ^        | BUF_X4  | 0.019 |   0.176 |    2.563 | 
     | datapath/FE_OCPC479_FE_OFN65_MEMWB_memToReg | A ^ -> Z ^        | BUF_X2  | 0.043 |   0.218 |    2.606 | 
     | datapath/g26554                             | S ^ -> Z v        | MUX2_X1 | 0.053 |   0.272 |    2.660 | 
     | datapath/FE_DBTC13_n_100                    | A v -> ZN ^       | INV_X2  | 0.040 |   0.312 |    2.700 | 
     |                                             | dbg_wb_data[13] ^ |         | 0.000 |   0.312 |    2.700 | 
     +--------------------------------------------------------------------------------------------------------+ 
Path 2: MET Late External Delay Assertion 
Endpoint:   dbg_wb_data[24]                (^) checked with  leading edge of 
'clk'
Beginpoint: datapath/MEMWB_memToReg_reg/QN (^) triggered by  leading edge of 
'clk'
Path Groups: {clk}
Analysis View: RPT_FAST
Other End Arrival Time          0.000
- External Delay                1.200
+ Phase Shift                   4.000
+ CPPR Adjustment               0.000
- Uncertainty                   0.100
= Required Time                 2.700
- Arrival Time                  0.310
= Slack Time                    2.390
     Clock Rise Edge                 0.000
     + Clock Network Latency (Prop)  0.109
     = Beginpoint Arrival Time       0.109
     +--------------------------------------------------------------------------------------------------------+ 
     |                  Instance                   |        Arc        |  Cell   | Delay | Arrival | Required | 
     |                                             |                   |         |       |  Time   |   Time   | 
     |---------------------------------------------+-------------------+---------+-------+---------+----------| 
     | datapath/MEMWB_memToReg_reg                 | CK ^              |         |       |   0.109 |    2.499 | 
     | datapath/MEMWB_memToReg_reg                 | CK ^ -> QN ^      | DFFR_X1 | 0.047 |   0.156 |    2.546 | 
     | datapath/FE_OCPC550_MEMWB_memToReg          | A ^ -> Z ^        | BUF_X4  | 0.019 |   0.176 |    2.565 | 
     | datapath/FE_OCPC479_FE_OFN65_MEMWB_memToReg | A ^ -> Z ^        | BUF_X2  | 0.043 |   0.218 |    2.608 | 
     | datapath/g26549                             | S ^ -> Z v        | MUX2_X1 | 0.051 |   0.269 |    2.659 | 
     | datapath/FE_DBTC18_n_40                     | A v -> ZN ^       | INV_X2  | 0.041 |   0.310 |    2.700 | 
     |                                             | dbg_wb_data[24] ^ |         | 0.000 |   0.310 |    2.700 | 
     +--------------------------------------------------------------------------------------------------------+ 
Path 3: MET Late External Delay Assertion 
Endpoint:   dbg_wb_data[11]                (^) checked with  leading edge of 
'clk'
Beginpoint: datapath/MEMWB_memToReg_reg/QN (^) triggered by  leading edge of 
'clk'
Path Groups: {clk}
Analysis View: RPT_FAST
Other End Arrival Time          0.000
- External Delay                1.200
+ Phase Shift                   4.000
+ CPPR Adjustment               0.000
- Uncertainty                   0.100
= Required Time                 2.700
- Arrival Time                  0.309
= Slack Time                    2.391
     Clock Rise Edge                 0.000
     + Clock Network Latency (Prop)  0.109
     = Beginpoint Arrival Time       0.109
     +--------------------------------------------------------------------------------------------------------+ 
     |                  Instance                   |        Arc        |  Cell   | Delay | Arrival | Required | 
     |                                             |                   |         |       |  Time   |   Time   | 
     |---------------------------------------------+-------------------+---------+-------+---------+----------| 
     | datapath/MEMWB_memToReg_reg                 | CK ^              |         |       |   0.109 |    2.500 | 
     | datapath/MEMWB_memToReg_reg                 | CK ^ -> QN ^      | DFFR_X1 | 0.047 |   0.156 |    2.548 | 
     | datapath/FE_OCPC550_MEMWB_memToReg          | A ^ -> Z ^        | BUF_X4  | 0.019 |   0.176 |    2.567 | 
     | datapath/FE_OCPC479_FE_OFN65_MEMWB_memToReg | A ^ -> Z ^        | BUF_X2  | 0.043 |   0.218 |    2.609 | 
     | datapath/g26525                             | S ^ -> Z v        | MUX2_X1 | 0.053 |   0.271 |    2.662 | 
     | datapath/FE_DBTC12_n_34                     | A v -> ZN ^       | INV_X2  | 0.038 |   0.309 |    2.700 | 
     |                                             | dbg_wb_data[11] ^ |         | 0.000 |   0.309 |    2.700 | 
     +--------------------------------------------------------------------------------------------------------+ 
Path 4: MET Late External Delay Assertion 
Endpoint:   dbg_wb_data[10]                (^) checked with  leading edge of 
'clk'
Beginpoint: datapath/MEMWB_memToReg_reg/QN (^) triggered by  leading edge of 
'clk'
Path Groups: {clk}
Analysis View: RPT_FAST
Other End Arrival Time          0.000
- External Delay                1.200
+ Phase Shift                   4.000
+ CPPR Adjustment               0.000
- Uncertainty                   0.100
= Required Time                 2.700
- Arrival Time                  0.309
= Slack Time                    2.391
     Clock Rise Edge                 0.000
     + Clock Network Latency (Prop)  0.109
     = Beginpoint Arrival Time       0.109
     +--------------------------------------------------------------------------------------------------------+ 
     |                  Instance                   |        Arc        |  Cell   | Delay | Arrival | Required | 
     |                                             |                   |         |       |  Time   |   Time   | 
     |---------------------------------------------+-------------------+---------+-------+---------+----------| 
     | datapath/MEMWB_memToReg_reg                 | CK ^              |         |       |   0.109 |    2.500 | 
     | datapath/MEMWB_memToReg_reg                 | CK ^ -> QN ^      | DFFR_X1 | 0.047 |   0.156 |    2.548 | 
     | datapath/FE_OCPC550_MEMWB_memToReg          | A ^ -> Z ^        | BUF_X4  | 0.019 |   0.176 |    2.567 | 
     | datapath/FE_OCPC479_FE_OFN65_MEMWB_memToReg | A ^ -> Z ^        | BUF_X2  | 0.043 |   0.218 |    2.610 | 
     | datapath/g26556                             | S ^ -> Z v        | MUX2_X1 | 0.052 |   0.271 |    2.662 | 
     | datapath/FE_DBTC11_n_88                     | A v -> ZN ^       | INV_X2  | 0.038 |   0.309 |    2.700 | 
     |                                             | dbg_wb_data[10] ^ |         | 0.000 |   0.309 |    2.700 | 
     +--------------------------------------------------------------------------------------------------------+ 
Path 5: MET Late External Delay Assertion 
Endpoint:   dbg_wb_data[12]                (^) checked with  leading edge of 
'clk'
Beginpoint: datapath/MEMWB_memToReg_reg/QN (^) triggered by  leading edge of 
'clk'
Path Groups: {clk}
Analysis View: RPT_FAST
Other End Arrival Time          0.000
- External Delay                1.200
+ Phase Shift                   4.000
+ CPPR Adjustment               0.000
- Uncertainty                   0.100
= Required Time                 2.700
- Arrival Time                  0.308
= Slack Time                    2.392
     Clock Rise Edge                 0.000
     + Clock Network Latency (Prop)  0.109
     = Beginpoint Arrival Time       0.109
     +--------------------------------------------------------------------------------------------------------+ 
     |                  Instance                   |        Arc        |  Cell   | Delay | Arrival | Required | 
     |                                             |                   |         |       |  Time   |   Time   | 
     |---------------------------------------------+-------------------+---------+-------+---------+----------| 
     | datapath/MEMWB_memToReg_reg                 | CK ^              |         |       |   0.109 |    2.501 | 
     | datapath/MEMWB_memToReg_reg                 | CK ^ -> QN ^      | DFFR_X1 | 0.047 |   0.156 |    2.548 | 
     | datapath/FE_OCPC550_MEMWB_memToReg          | A ^ -> Z ^        | BUF_X4  | 0.019 |   0.176 |    2.567 | 
     | datapath/FE_OCPC479_FE_OFN65_MEMWB_memToReg | A ^ -> Z ^        | BUF_X2  | 0.043 |   0.218 |    2.610 | 
     | datapath/g26557                             | S ^ -> Z v        | MUX2_X1 | 0.052 |   0.271 |    2.662 | 
     | datapath/g26538                             | A v -> ZN ^       | INV_X2  | 0.037 |   0.308 |    2.700 | 
     |                                             | dbg_wb_data[12] ^ |         | 0.000 |   0.308 |    2.700 | 
     +--------------------------------------------------------------------------------------------------------+ 
Path 6: MET Late External Delay Assertion 
Endpoint:   dbg_wb_data[19]                (^) checked with  leading edge of 
'clk'
Beginpoint: datapath/MEMWB_memToReg_reg/QN (^) triggered by  leading edge of 
'clk'
Path Groups: {clk}
Analysis View: RPT_FAST
Other End Arrival Time          0.000
- External Delay                1.200
+ Phase Shift                   4.000
+ CPPR Adjustment               0.000
- Uncertainty                   0.100
= Required Time                 2.700
- Arrival Time                  0.307
= Slack Time                    2.393
     Clock Rise Edge                 0.000
     + Clock Network Latency (Prop)  0.109
     = Beginpoint Arrival Time       0.109
     +--------------------------------------------------------------------------------------------------------+ 
     |                  Instance                   |        Arc        |  Cell   | Delay | Arrival | Required | 
     |                                             |                   |         |       |  Time   |   Time   | 
     |---------------------------------------------+-------------------+---------+-------+---------+----------| 
     | datapath/MEMWB_memToReg_reg                 | CK ^              |         |       |   0.109 |    2.502 | 
     | datapath/MEMWB_memToReg_reg                 | CK ^ -> QN ^      | DFFR_X1 | 0.047 |   0.156 |    2.549 | 
     | datapath/FE_OCPC550_MEMWB_memToReg          | A ^ -> Z ^        | BUF_X4  | 0.019 |   0.176 |    2.569 | 
     | datapath/FE_OCPC479_FE_OFN65_MEMWB_memToReg | A ^ -> Z ^        | BUF_X2  | 0.043 |   0.218 |    2.611 | 
     | datapath/g26562                             | S ^ -> Z v        | MUX2_X1 | 0.050 |   0.269 |    2.662 | 
     | datapath/FE_DBTC17_n_61                     | A v -> ZN ^       | INV_X2  | 0.038 |   0.307 |    2.700 | 
     |                                             | dbg_wb_data[19] ^ |         | 0.000 |   0.307 |    2.700 | 
     +--------------------------------------------------------------------------------------------------------+ 
Path 7: MET Late External Delay Assertion 
Endpoint:   dbg_wb_data[25]                (^) checked with  leading edge of 
'clk'
Beginpoint: datapath/MEMWB_memToReg_reg/QN (^) triggered by  leading edge of 
'clk'
Path Groups: {clk}
Analysis View: RPT_FAST
Other End Arrival Time          0.000
- External Delay                1.200
+ Phase Shift                   4.000
+ CPPR Adjustment               0.000
- Uncertainty                   0.100
= Required Time                 2.700
- Arrival Time                  0.307
= Slack Time                    2.393
     Clock Rise Edge                 0.000
     + Clock Network Latency (Prop)  0.109
     = Beginpoint Arrival Time       0.109
     +--------------------------------------------------------------------------------------------------------+ 
     |                  Instance                   |        Arc        |  Cell   | Delay | Arrival | Required | 
     |                                             |                   |         |       |  Time   |   Time   | 
     |---------------------------------------------+-------------------+---------+-------+---------+----------| 
     | datapath/MEMWB_memToReg_reg                 | CK ^              |         |       |   0.109 |    2.502 | 
     | datapath/MEMWB_memToReg_reg                 | CK ^ -> QN ^      | DFFR_X1 | 0.047 |   0.156 |    2.549 | 
     | datapath/FE_OCPC550_MEMWB_memToReg          | A ^ -> Z ^        | BUF_X4  | 0.019 |   0.176 |    2.569 | 
     | datapath/FE_OCPC479_FE_OFN65_MEMWB_memToReg | A ^ -> Z ^        | BUF_X2  | 0.043 |   0.218 |    2.611 | 
     | datapath/g26524                             | S ^ -> Z v        | MUX2_X1 | 0.050 |   0.268 |    2.661 | 
     | datapath/FE_DBTC19_n_28                     | A v -> ZN ^       | INV_X2  | 0.039 |   0.307 |    2.700 | 
     |                                             | dbg_wb_data[25] ^ |         | 0.000 |   0.307 |    2.700 | 
     +--------------------------------------------------------------------------------------------------------+ 
Path 8: MET Late External Delay Assertion 
Endpoint:   dbg_wb_data[18]                (^) checked with  leading edge of 
'clk'
Beginpoint: datapath/MEMWB_memToReg_reg/QN (^) triggered by  leading edge of 
'clk'
Path Groups: {clk}
Analysis View: RPT_FAST
Other End Arrival Time          0.000
- External Delay                1.200
+ Phase Shift                   4.000
+ CPPR Adjustment               0.000
- Uncertainty                   0.100
= Required Time                 2.700
- Arrival Time                  0.306
= Slack Time                    2.394
     Clock Rise Edge                 0.000
     + Clock Network Latency (Prop)  0.109
     = Beginpoint Arrival Time       0.109
     +--------------------------------------------------------------------------------------------------------+ 
     |                  Instance                   |        Arc        |  Cell   | Delay | Arrival | Required | 
     |                                             |                   |         |       |  Time   |   Time   | 
     |---------------------------------------------+-------------------+---------+-------+---------+----------| 
     | datapath/MEMWB_memToReg_reg                 | CK ^              |         |       |   0.109 |    2.503 | 
     | datapath/MEMWB_memToReg_reg                 | CK ^ -> QN ^      | DFFR_X1 | 0.047 |   0.156 |    2.550 | 
     | datapath/FE_OCPC550_MEMWB_memToReg          | A ^ -> Z ^        | BUF_X4  | 0.019 |   0.176 |    2.569 | 
     | datapath/FE_OCPC479_FE_OFN65_MEMWB_memToReg | A ^ -> Z ^        | BUF_X2  | 0.043 |   0.218 |    2.612 | 
     | datapath/g26523                             | S ^ -> Z v        | MUX2_X1 | 0.050 |   0.268 |    2.662 | 
     | datapath/FE_DBTC16_n_64                     | A v -> ZN ^       | INV_X2  | 0.038 |   0.306 |    2.700 | 
     |                                             | dbg_wb_data[18] ^ |         | 0.000 |   0.306 |    2.700 | 
     +--------------------------------------------------------------------------------------------------------+ 
Path 9: MET Late External Delay Assertion 
Endpoint:   dbg_wb_data[14]                (^) checked with  leading edge of 
'clk'
Beginpoint: datapath/MEMWB_memToReg_reg/QN (^) triggered by  leading edge of 
'clk'
Path Groups: {clk}
Analysis View: RPT_FAST
Other End Arrival Time          0.000
- External Delay                1.200
+ Phase Shift                   4.000
+ CPPR Adjustment               0.000
- Uncertainty                   0.100
= Required Time                 2.700
- Arrival Time                  0.306
= Slack Time                    2.394
     Clock Rise Edge                 0.000
     + Clock Network Latency (Prop)  0.109
     = Beginpoint Arrival Time       0.109
     +--------------------------------------------------------------------------------------------------------+ 
     |                  Instance                   |        Arc        |  Cell   | Delay | Arrival | Required | 
     |                                             |                   |         |       |  Time   |   Time   | 
     |---------------------------------------------+-------------------+---------+-------+---------+----------| 
     | datapath/MEMWB_memToReg_reg                 | CK ^              |         |       |   0.109 |    2.503 | 
     | datapath/MEMWB_memToReg_reg                 | CK ^ -> QN ^      | DFFR_X1 | 0.047 |   0.156 |    2.551 | 
     | datapath/FE_OCPC550_MEMWB_memToReg          | A ^ -> Z ^        | BUF_X4  | 0.019 |   0.176 |    2.570 | 
     | datapath/FE_OCPC479_FE_OFN65_MEMWB_memToReg | A ^ -> Z ^        | BUF_X2  | 0.043 |   0.218 |    2.613 | 
     | datapath/g26522                             | S ^ -> Z v        | MUX2_X1 | 0.048 |   0.267 |    2.661 | 
     | datapath/FE_DBTC14_n_37                     | A v -> ZN ^       | INV_X2  | 0.039 |   0.306 |    2.700 | 
     |                                             | dbg_wb_data[14] ^ |         | 0.000 |   0.306 |    2.700 | 
     +--------------------------------------------------------------------------------------------------------+ 
Path 10: MET Late External Delay Assertion 
Endpoint:   dbg_wb_data[26]                (^) checked with  leading edge of 
'clk'
Beginpoint: datapath/MEMWB_memToReg_reg/QN (^) triggered by  leading edge of 
'clk'
Path Groups: {clk}
Analysis View: RPT_FAST
Other End Arrival Time          0.000
- External Delay                1.200
+ Phase Shift                   4.000
+ CPPR Adjustment               0.000
- Uncertainty                   0.100
= Required Time                 2.700
- Arrival Time                  0.303
= Slack Time                    2.397
     Clock Rise Edge                 0.000
     + Clock Network Latency (Prop)  0.109
     = Beginpoint Arrival Time       0.109
     +---------------------------------------------------------------------------------------------------------------+ 
     |                      Instance                      |        Arc        |  Cell   | Delay | Arrival | Required | 
     |                                                    |                   |         |       |  Time   |   Time   | 
     |----------------------------------------------------+-------------------+---------+-------+---------+----------| 
     | datapath/MEMWB_memToReg_reg                        | CK ^              |         |       |   0.109 |    2.506 | 
     | datapath/MEMWB_memToReg_reg                        | CK ^ -> QN ^      | DFFR_X1 | 0.047 |   0.156 |    2.553 | 
     | datapath/FE_OCPC550_MEMWB_memToReg                 | A ^ -> Z ^        | BUF_X4  | 0.019 |   0.176 |    2.572 | 
     | datapath/FE_OCPC528_FE_OFN65_MEMWB_memToReg        | A ^ -> Z ^        | BUF_X2  | 0.026 |   0.202 |    2.598 | 
     | datapath/FE_OFC694_FE_OCPN2786_FE_OFN65_MEMWB_memT | A ^ -> ZN v       | INV_X1  | 0.025 |   0.226 |    2.623 | 
     | oReg                                               |                   |         |       |         |          | 
     | datapath/g26517                                    | S v -> Z ^        | MUX2_X2 | 0.077 |   0.303 |    2.700 | 
     |                                                    | dbg_wb_data[26] ^ |         | 0.000 |   0.303 |    2.700 | 
     +---------------------------------------------------------------------------------------------------------------+ 
Path 11: MET Late External Delay Assertion 
Endpoint:   dbg_wb_data[31]                (^) checked with  leading edge of 
'clk'
Beginpoint: datapath/MEMWB_memToReg_reg/QN (^) triggered by  leading edge of 
'clk'
Path Groups: {clk}
Analysis View: RPT_FAST
Other End Arrival Time          0.000
- External Delay                1.200
+ Phase Shift                   4.000
+ CPPR Adjustment               0.000
- Uncertainty                   0.100
= Required Time                 2.700
- Arrival Time                  0.303
= Slack Time                    2.397
     Clock Rise Edge                 0.000
     + Clock Network Latency (Prop)  0.109
     = Beginpoint Arrival Time       0.109
     +---------------------------------------------------------------------------------------------------------------+ 
     |                      Instance                      |        Arc        |  Cell   | Delay | Arrival | Required | 
     |                                                    |                   |         |       |  Time   |   Time   | 
     |----------------------------------------------------+-------------------+---------+-------+---------+----------| 
     | datapath/MEMWB_memToReg_reg                        | CK ^              |         |       |   0.109 |    2.506 | 
     | datapath/MEMWB_memToReg_reg                        | CK ^ -> QN ^      | DFFR_X1 | 0.047 |   0.156 |    2.553 | 
     | datapath/FE_OCPC550_MEMWB_memToReg                 | A ^ -> Z ^        | BUF_X4  | 0.019 |   0.176 |    2.573 | 
     | datapath/FE_OCPC528_FE_OFN65_MEMWB_memToReg        | A ^ -> Z ^        | BUF_X2  | 0.026 |   0.201 |    2.599 | 
     | datapath/FE_OFC694_FE_OCPN2786_FE_OFN65_MEMWB_memT | A ^ -> ZN v       | INV_X1  | 0.025 |   0.226 |    2.623 | 
     | oReg                                               |                   |         |       |         |          | 
     | datapath/g26516                                    | S v -> Z ^        | MUX2_X2 | 0.077 |   0.303 |    2.700 | 
     |                                                    | dbg_wb_data[31] ^ |         | 0.000 |   0.303 |    2.700 | 
     +---------------------------------------------------------------------------------------------------------------+ 
Path 12: MET Late External Delay Assertion 
Endpoint:   dbg_wb_data[30]                (^) checked with  leading edge of 
'clk'
Beginpoint: datapath/MEMWB_memToReg_reg/QN (^) triggered by  leading edge of 
'clk'
Path Groups: {clk}
Analysis View: RPT_FAST
Other End Arrival Time          0.000
- External Delay                1.200
+ Phase Shift                   4.000
+ CPPR Adjustment               0.000
- Uncertainty                   0.100
= Required Time                 2.700
- Arrival Time                  0.301
= Slack Time                    2.399
     Clock Rise Edge                 0.000
     + Clock Network Latency (Prop)  0.109
     = Beginpoint Arrival Time       0.109
     +---------------------------------------------------------------------------------------------------------------+ 
     |                      Instance                      |        Arc        |  Cell   | Delay | Arrival | Required | 
     |                                                    |                   |         |       |  Time   |   Time   | 
     |----------------------------------------------------+-------------------+---------+-------+---------+----------| 
     | datapath/MEMWB_memToReg_reg                        | CK ^              |         |       |   0.109 |    2.508 | 
     | datapath/MEMWB_memToReg_reg                        | CK ^ -> QN ^      | DFFR_X1 | 0.047 |   0.156 |    2.555 | 
     | datapath/FE_OCPC550_MEMWB_memToReg                 | A ^ -> Z ^        | BUF_X4  | 0.019 |   0.176 |    2.574 | 
     | datapath/FE_OCPC528_FE_OFN65_MEMWB_memToReg        | A ^ -> Z ^        | BUF_X2  | 0.026 |   0.201 |    2.600 | 
     | datapath/FE_OFC694_FE_OCPN2786_FE_OFN65_MEMWB_memT | A ^ -> ZN v       | INV_X1  | 0.025 |   0.226 |    2.625 | 
     | oReg                                               |                   |         |       |         |          | 
     | datapath/g26520                                    | S v -> Z ^        | MUX2_X2 | 0.075 |   0.301 |    2.700 | 
     |                                                    | dbg_wb_data[30] ^ |         | 0.000 |   0.301 |    2.700 | 
     +---------------------------------------------------------------------------------------------------------------+ 
Path 13: MET Late External Delay Assertion 
Endpoint:   dbg_wb_data[27]                (^) checked with  leading edge of 
'clk'
Beginpoint: datapath/MEMWB_memToReg_reg/QN (^) triggered by  leading edge of 
'clk'
Path Groups: {clk}
Analysis View: RPT_FAST
Other End Arrival Time          0.000
- External Delay                1.200
+ Phase Shift                   4.000
+ CPPR Adjustment               0.000
- Uncertainty                   0.100
= Required Time                 2.700
- Arrival Time                  0.301
= Slack Time                    2.399
     Clock Rise Edge                 0.000
     + Clock Network Latency (Prop)  0.109
     = Beginpoint Arrival Time       0.109
     +---------------------------------------------------------------------------------------------------------------+ 
     |                      Instance                      |        Arc        |  Cell   | Delay | Arrival | Required | 
     |                                                    |                   |         |       |  Time   |   Time   | 
     |----------------------------------------------------+-------------------+---------+-------+---------+----------| 
     | datapath/MEMWB_memToReg_reg                        | CK ^              |         |       |   0.109 |    2.508 | 
     | datapath/MEMWB_memToReg_reg                        | CK ^ -> QN ^      | DFFR_X1 | 0.047 |   0.156 |    2.556 | 
     | datapath/FE_OCPC550_MEMWB_memToReg                 | A ^ -> Z ^        | BUF_X4  | 0.019 |   0.176 |    2.575 | 
     | datapath/FE_OCPC528_FE_OFN65_MEMWB_memToReg        | A ^ -> Z ^        | BUF_X2  | 0.026 |   0.202 |    2.601 | 
     | datapath/FE_OFC694_FE_OCPN2786_FE_OFN65_MEMWB_memT | A ^ -> ZN v       | INV_X1  | 0.025 |   0.226 |    2.625 | 
     | oReg                                               |                   |         |       |         |          | 
     | datapath/g26519                                    | S v -> Z ^        | MUX2_X2 | 0.075 |   0.301 |    2.700 | 
     |                                                    | dbg_wb_data[27] ^ |         | 0.000 |   0.301 |    2.700 | 
     +---------------------------------------------------------------------------------------------------------------+ 
Path 14: MET Late External Delay Assertion 
Endpoint:   dbg_wb_data[28]                (^) checked with  leading edge of 
'clk'
Beginpoint: datapath/MEMWB_memToReg_reg/QN (^) triggered by  leading edge of 
'clk'
Path Groups: {clk}
Analysis View: RPT_FAST
Other End Arrival Time          0.000
- External Delay                1.200
+ Phase Shift                   4.000
+ CPPR Adjustment               0.000
- Uncertainty                   0.100
= Required Time                 2.700
- Arrival Time                  0.301
= Slack Time                    2.399
     Clock Rise Edge                 0.000
     + Clock Network Latency (Prop)  0.109
     = Beginpoint Arrival Time       0.109
     +---------------------------------------------------------------------------------------------------------------+ 
     |                      Instance                      |        Arc        |  Cell   | Delay | Arrival | Required | 
     |                                                    |                   |         |       |  Time   |   Time   | 
     |----------------------------------------------------+-------------------+---------+-------+---------+----------| 
     | datapath/MEMWB_memToReg_reg                        | CK ^              |         |       |   0.109 |    2.508 | 
     | datapath/MEMWB_memToReg_reg                        | CK ^ -> QN ^      | DFFR_X1 | 0.047 |   0.156 |    2.556 | 
     | datapath/FE_OCPC550_MEMWB_memToReg                 | A ^ -> Z ^        | BUF_X4  | 0.019 |   0.176 |    2.575 | 
     | datapath/FE_OCPC528_FE_OFN65_MEMWB_memToReg        | A ^ -> Z ^        | BUF_X2  | 0.026 |   0.201 |    2.601 | 
     | datapath/FE_OFC694_FE_OCPN2786_FE_OFN65_MEMWB_memT | A ^ -> ZN v       | INV_X1  | 0.025 |   0.226 |    2.625 | 
     | oReg                                               |                   |         |       |         |          | 
     | datapath/g26515                                    | S v -> Z ^        | MUX2_X2 | 0.075 |   0.301 |    2.700 | 
     |                                                    | dbg_wb_data[28] ^ |         | 0.000 |   0.301 |    2.700 | 
     +---------------------------------------------------------------------------------------------------------------+ 
Path 15: MET Late External Delay Assertion 
Endpoint:   dbg_wb_data[29]                (^) checked with  leading edge of 
'clk'
Beginpoint: datapath/MEMWB_memToReg_reg/QN (^) triggered by  leading edge of 
'clk'
Path Groups: {clk}
Analysis View: RPT_FAST
Other End Arrival Time          0.000
- External Delay                1.200
+ Phase Shift                   4.000
+ CPPR Adjustment               0.000
- Uncertainty                   0.100
= Required Time                 2.700
- Arrival Time                  0.300
= Slack Time                    2.400
     Clock Rise Edge                 0.000
     + Clock Network Latency (Prop)  0.109
     = Beginpoint Arrival Time       0.109
     +---------------------------------------------------------------------------------------------------------------+ 
     |                      Instance                      |        Arc        |  Cell   | Delay | Arrival | Required | 
     |                                                    |                   |         |       |  Time   |   Time   | 
     |----------------------------------------------------+-------------------+---------+-------+---------+----------| 
     | datapath/MEMWB_memToReg_reg                        | CK ^              |         |       |   0.109 |    2.509 | 
     | datapath/MEMWB_memToReg_reg                        | CK ^ -> QN ^      | DFFR_X1 | 0.047 |   0.156 |    2.556 | 
     | datapath/FE_OCPC550_MEMWB_memToReg                 | A ^ -> Z ^        | BUF_X4  | 0.019 |   0.176 |    2.575 | 
     | datapath/FE_OCPC528_FE_OFN65_MEMWB_memToReg        | A ^ -> Z ^        | BUF_X2  | 0.026 |   0.201 |    2.601 | 
     | datapath/FE_OFC694_FE_OCPN2786_FE_OFN65_MEMWB_memT | A ^ -> ZN v       | INV_X1  | 0.025 |   0.226 |    2.626 | 
     | oReg                                               |                   |         |       |         |          | 
     | datapath/g26518                                    | S v -> Z ^        | MUX2_X2 | 0.074 |   0.300 |    2.700 | 
     |                                                    | dbg_wb_data[29] ^ |         | 0.000 |   0.300 |    2.700 | 
     +---------------------------------------------------------------------------------------------------------------+ 
Path 16: MET Late External Delay Assertion 
Endpoint:   dbg_wb_data[8]                 (^) checked with  leading edge of 
'clk'
Beginpoint: datapath/MEMWB_memToReg_reg/QN (^) triggered by  leading edge of 
'clk'
Path Groups: {clk}
Analysis View: RPT_FAST
Other End Arrival Time          0.000
- External Delay                1.200
+ Phase Shift                   4.000
+ CPPR Adjustment               0.000
- Uncertainty                   0.100
= Required Time                 2.700
- Arrival Time                  0.296
= Slack Time                    2.404
     Clock Rise Edge                 0.000
     + Clock Network Latency (Prop)  0.109
     = Beginpoint Arrival Time       0.109
     +-------------------------------------------------------------------------------------------------------+ 
     |                  Instance                   |       Arc        |  Cell   | Delay | Arrival | Required | 
     |                                             |                  |         |       |  Time   |   Time   | 
     |---------------------------------------------+------------------+---------+-------+---------+----------| 
     | datapath/MEMWB_memToReg_reg                 | CK ^             |         |       |   0.109 |    2.513 | 
     | datapath/MEMWB_memToReg_reg                 | CK ^ -> QN ^     | DFFR_X1 | 0.047 |   0.156 |    2.560 | 
     | datapath/FE_OCPC550_MEMWB_memToReg          | A ^ -> Z ^       | BUF_X4  | 0.019 |   0.176 |    2.579 | 
     | datapath/FE_OCPC528_FE_OFN65_MEMWB_memToReg | A ^ -> Z ^       | BUF_X2  | 0.026 |   0.202 |    2.605 | 
     | datapath/g26561                             | S ^ -> Z v       | MUX2_X1 | 0.053 |   0.254 |    2.658 | 
     | datapath/FE_DBTC9_n_82                      | A v -> ZN ^      | INV_X2  | 0.042 |   0.296 |    2.700 | 
     |                                             | dbg_wb_data[8] ^ |         | 0.000 |   0.296 |    2.700 | 
     +-------------------------------------------------------------------------------------------------------+ 
Path 17: MET Late External Delay Assertion 
Endpoint:   dbg_wb_data[6]                 (^) checked with  leading edge of 
'clk'
Beginpoint: datapath/MEMWB_memToReg_reg/QN (^) triggered by  leading edge of 
'clk'
Path Groups: {clk}
Analysis View: RPT_FAST
Other End Arrival Time          0.000
- External Delay                1.200
+ Phase Shift                   4.000
+ CPPR Adjustment               0.000
- Uncertainty                   0.100
= Required Time                 2.700
- Arrival Time                  0.296
= Slack Time                    2.405
     Clock Rise Edge                 0.000
     + Clock Network Latency (Prop)  0.109
     = Beginpoint Arrival Time       0.109
     +-------------------------------------------------------------------------------------------------+ 
     |               Instance                |       Arc        |  Cell   | Delay | Arrival | Required | 
     |                                       |                  |         |       |  Time   |   Time   | 
     |---------------------------------------+------------------+---------+-------+---------+----------| 
     | datapath/MEMWB_memToReg_reg           | CK ^             |         |       |   0.109 |    2.513 | 
     | datapath/MEMWB_memToReg_reg           | CK ^ -> QN ^     | DFFR_X1 | 0.047 |   0.156 |    2.561 | 
     | datapath/FE_OCPC550_MEMWB_memToReg    | A ^ -> Z ^       | BUF_X4  | 0.019 |   0.176 |    2.580 | 
     | datapath/FE_OFC273_MEMWB_memToReg_dup | A ^ -> Z ^       | BUF_X4  | 0.021 |   0.197 |    2.601 | 
     | datapath/g26565                       | S ^ -> Z v       | MUX2_X1 | 0.038 |   0.235 |    2.640 | 
     | datapath/FE_OCPC800_n_636             | A v -> Z v       | BUF_X1  | 0.026 |   0.261 |    2.665 | 
     | datapath/g26545                       | A v -> ZN ^      | INV_X2  | 0.035 |   0.296 |    2.700 | 
     |                                       | dbg_wb_data[6] ^ |         | 0.000 |   0.296 |    2.700 | 
     +-------------------------------------------------------------------------------------------------+ 
Path 18: MET Late External Delay Assertion 
Endpoint:   dbg_wb_data[20]                (v) checked with  leading edge of 
'clk'
Beginpoint: datapath/MEMWB_memToReg_reg/QN (^) triggered by  leading edge of 
'clk'
Path Groups: {clk}
Analysis View: RPT_FAST
Other End Arrival Time          0.000
- External Delay                1.200
+ Phase Shift                   4.000
+ CPPR Adjustment               0.000
- Uncertainty                   0.100
= Required Time                 2.700
- Arrival Time                  0.293
= Slack Time                    2.407
     Clock Rise Edge                 0.000
     + Clock Network Latency (Prop)  0.109
     = Beginpoint Arrival Time       0.109
     +--------------------------------------------------------------------------------------------------------+ 
     |                  Instance                   |        Arc        |  Cell   | Delay | Arrival | Required | 
     |                                             |                   |         |       |  Time   |   Time   | 
     |---------------------------------------------+-------------------+---------+-------+---------+----------| 
     | datapath/MEMWB_memToReg_reg                 | CK ^              |         |       |   0.109 |    2.515 | 
     | datapath/MEMWB_memToReg_reg                 | CK ^ -> QN ^      | DFFR_X1 | 0.047 |   0.156 |    2.563 | 
     | datapath/FE_OCPC550_MEMWB_memToReg          | A ^ -> Z ^        | BUF_X4  | 0.019 |   0.176 |    2.582 | 
     | datapath/FE_OCPC479_FE_OFN65_MEMWB_memToReg | A ^ -> Z ^        | BUF_X2  | 0.043 |   0.218 |    2.625 | 
     | datapath/g26559                             | S ^ -> Z v        | MUX2_X2 | 0.075 |   0.293 |    2.700 | 
     |                                             | dbg_wb_data[20] v |         | 0.000 |   0.293 |    2.700 | 
     +--------------------------------------------------------------------------------------------------------+ 
Path 19: MET Late External Delay Assertion 
Endpoint:   dbg_wb_data[22]                (v) checked with  leading edge of 
'clk'
Beginpoint: datapath/MEMWB_memToReg_reg/QN (^) triggered by  leading edge of 
'clk'
Path Groups: {clk}
Analysis View: RPT_FAST
Other End Arrival Time          0.000
- External Delay                1.200
+ Phase Shift                   4.000
+ CPPR Adjustment               0.000
- Uncertainty                   0.100
= Required Time                 2.700
- Arrival Time                  0.293
= Slack Time                    2.407
     Clock Rise Edge                 0.000
     + Clock Network Latency (Prop)  0.109
     = Beginpoint Arrival Time       0.109
     +--------------------------------------------------------------------------------------------------------+ 
     |                  Instance                   |        Arc        |  Cell   | Delay | Arrival | Required | 
     |                                             |                   |         |       |  Time   |   Time   | 
     |---------------------------------------------+-------------------+---------+-------+---------+----------| 
     | datapath/MEMWB_memToReg_reg                 | CK ^              |         |       |   0.109 |    2.516 | 
     | datapath/MEMWB_memToReg_reg                 | CK ^ -> QN ^      | DFFR_X1 | 0.047 |   0.156 |    2.563 | 
     | datapath/FE_OCPC550_MEMWB_memToReg          | A ^ -> Z ^        | BUF_X4  | 0.019 |   0.176 |    2.582 | 
     | datapath/FE_OCPC479_FE_OFN65_MEMWB_memToReg | A ^ -> Z ^        | BUF_X2  | 0.043 |   0.218 |    2.625 | 
     | datapath/g26555                             | S ^ -> Z v        | MUX2_X2 | 0.075 |   0.293 |    2.700 | 
     |                                             | dbg_wb_data[22] v |         | 0.000 |   0.293 |    2.700 | 
     +--------------------------------------------------------------------------------------------------------+ 
Path 20: MET Late External Delay Assertion 
Endpoint:   dbg_wb_data[23]                (v) checked with  leading edge of 
'clk'
Beginpoint: datapath/MEMWB_memToReg_reg/QN (^) triggered by  leading edge of 
'clk'
Path Groups: {clk}
Analysis View: RPT_FAST
Other End Arrival Time          0.000
- External Delay                1.200
+ Phase Shift                   4.000
+ CPPR Adjustment               0.000
- Uncertainty                   0.100
= Required Time                 2.700
- Arrival Time                  0.293
= Slack Time                    2.407
     Clock Rise Edge                 0.000
     + Clock Network Latency (Prop)  0.109
     = Beginpoint Arrival Time       0.109
     +--------------------------------------------------------------------------------------------------------+ 
     |                  Instance                   |        Arc        |  Cell   | Delay | Arrival | Required | 
     |                                             |                   |         |       |  Time   |   Time   | 
     |---------------------------------------------+-------------------+---------+-------+---------+----------| 
     | datapath/MEMWB_memToReg_reg                 | CK ^              |         |       |   0.109 |    2.516 | 
     | datapath/MEMWB_memToReg_reg                 | CK ^ -> QN ^      | DFFR_X1 | 0.047 |   0.156 |    2.564 | 
     | datapath/FE_OCPC550_MEMWB_memToReg          | A ^ -> Z ^        | BUF_X4  | 0.019 |   0.176 |    2.583 | 
     | datapath/FE_OCPC479_FE_OFN65_MEMWB_memToReg | A ^ -> Z ^        | BUF_X2  | 0.043 |   0.218 |    2.626 | 
     | datapath/g26553                             | S ^ -> Z v        | MUX2_X2 | 0.074 |   0.293 |    2.700 | 
     |                                             | dbg_wb_data[23] v |         | 0.000 |   0.293 |    2.700 | 
     +--------------------------------------------------------------------------------------------------------+ 
Path 21: MET Late External Delay Assertion 
Endpoint:   dbg_wb_data[17]                (v) checked with  leading edge of 
'clk'
Beginpoint: datapath/MEMWB_memToReg_reg/QN (^) triggered by  leading edge of 
'clk'
Path Groups: {clk}
Analysis View: RPT_FAST
Other End Arrival Time          0.000
- External Delay                1.200
+ Phase Shift                   4.000
+ CPPR Adjustment               0.000
- Uncertainty                   0.100
= Required Time                 2.700
- Arrival Time                  0.292
= Slack Time                    2.408
     Clock Rise Edge                 0.000
     + Clock Network Latency (Prop)  0.109
     = Beginpoint Arrival Time       0.109
     +--------------------------------------------------------------------------------------------------------+ 
     |                  Instance                   |        Arc        |  Cell   | Delay | Arrival | Required | 
     |                                             |                   |         |       |  Time   |   Time   | 
     |---------------------------------------------+-------------------+---------+-------+---------+----------| 
     | datapath/MEMWB_memToReg_reg                 | CK ^              |         |       |   0.109 |    2.517 | 
     | datapath/MEMWB_memToReg_reg                 | CK ^ -> QN ^      | DFFR_X1 | 0.047 |   0.156 |    2.564 | 
     | datapath/FE_OCPC550_MEMWB_memToReg          | A ^ -> Z ^        | BUF_X4  | 0.019 |   0.176 |    2.584 | 
     | datapath/FE_OCPC479_FE_OFN65_MEMWB_memToReg | A ^ -> Z ^        | BUF_X2  | 0.043 |   0.218 |    2.626 | 
     | datapath/g26550                             | S ^ -> Z v        | MUX2_X2 | 0.074 |   0.292 |    2.700 | 
     |                                             | dbg_wb_data[17] v |         | 0.000 |   0.292 |    2.700 | 
     +--------------------------------------------------------------------------------------------------------+ 
Path 22: MET Late External Delay Assertion 
Endpoint:   dbg_wb_data[16]                (v) checked with  leading edge of 
'clk'
Beginpoint: datapath/MEMWB_memToReg_reg/QN (^) triggered by  leading edge of 
'clk'
Path Groups: {clk}
Analysis View: RPT_FAST
Other End Arrival Time          0.000
- External Delay                1.200
+ Phase Shift                   4.000
+ CPPR Adjustment               0.000
- Uncertainty                   0.100
= Required Time                 2.700
- Arrival Time                  0.291
= Slack Time                    2.409
     Clock Rise Edge                 0.000
     + Clock Network Latency (Prop)  0.109
     = Beginpoint Arrival Time       0.109
     +--------------------------------------------------------------------------------------------------------+ 
     |                  Instance                   |        Arc        |  Cell   | Delay | Arrival | Required | 
     |                                             |                   |         |       |  Time   |   Time   | 
     |---------------------------------------------+-------------------+---------+-------+---------+----------| 
     | datapath/MEMWB_memToReg_reg                 | CK ^              |         |       |   0.109 |    2.518 | 
     | datapath/MEMWB_memToReg_reg                 | CK ^ -> QN ^      | DFFR_X1 | 0.047 |   0.156 |    2.565 | 
     | datapath/FE_OCPC550_MEMWB_memToReg          | A ^ -> Z ^        | BUF_X4  | 0.019 |   0.176 |    2.584 | 
     | datapath/FE_OCPC479_FE_OFN65_MEMWB_memToReg | A ^ -> Z ^        | BUF_X2  | 0.043 |   0.218 |    2.627 | 
     | datapath/g26551                             | S ^ -> Z v        | MUX2_X2 | 0.073 |   0.291 |    2.700 | 
     |                                             | dbg_wb_data[16] v |         | 0.000 |   0.291 |    2.700 | 
     +--------------------------------------------------------------------------------------------------------+ 
Path 23: MET Late External Delay Assertion 
Endpoint:   dbg_wb_data[7]                 (^) checked with  leading edge of 
'clk'
Beginpoint: datapath/MEMWB_memToReg_reg/QN (^) triggered by  leading edge of 
'clk'
Path Groups: {clk}
Analysis View: RPT_FAST
Other End Arrival Time          0.000
- External Delay                1.200
+ Phase Shift                   4.000
+ CPPR Adjustment               0.000
- Uncertainty                   0.100
= Required Time                 2.700
- Arrival Time                  0.291
= Slack Time                    2.409
     Clock Rise Edge                 0.000
     + Clock Network Latency (Prop)  0.109
     = Beginpoint Arrival Time       0.109
     +-------------------------------------------------------------------------------------------------------+ 
     |                  Instance                   |       Arc        |  Cell   | Delay | Arrival | Required | 
     |                                             |                  |         |       |  Time   |   Time   | 
     |---------------------------------------------+------------------+---------+-------+---------+----------| 
     | datapath/MEMWB_memToReg_reg                 | CK ^             |         |       |   0.109 |    2.518 | 
     | datapath/MEMWB_memToReg_reg                 | CK ^ -> QN ^     | DFFR_X1 | 0.047 |   0.156 |    2.565 | 
     | datapath/FE_OCPC550_MEMWB_memToReg          | A ^ -> Z ^       | BUF_X4  | 0.019 |   0.176 |    2.585 | 
     | datapath/FE_OCPC528_FE_OFN65_MEMWB_memToReg | A ^ -> Z ^       | BUF_X2  | 0.026 |   0.201 |    2.611 | 
     | datapath/g26563                             | S ^ -> Z v       | MUX2_X1 | 0.050 |   0.251 |    2.661 | 
     | datapath/g26544                             | A v -> ZN ^      | INV_X2  | 0.039 |   0.291 |    2.700 | 
     |                                             | dbg_wb_data[7] ^ |         | 0.000 |   0.291 |    2.700 | 
     +-------------------------------------------------------------------------------------------------------+ 
Path 24: MET Late External Delay Assertion 
Endpoint:   dbg_wb_data[21]                (v) checked with  leading edge of 
'clk'
Beginpoint: datapath/MEMWB_memToReg_reg/QN (^) triggered by  leading edge of 
'clk'
Path Groups: {clk}
Analysis View: RPT_FAST
Other End Arrival Time          0.000
- External Delay                1.200
+ Phase Shift                   4.000
+ CPPR Adjustment               0.000
- Uncertainty                   0.100
= Required Time                 2.700
- Arrival Time                  0.290
= Slack Time                    2.410
     Clock Rise Edge                 0.000
     + Clock Network Latency (Prop)  0.109
     = Beginpoint Arrival Time       0.109
     +--------------------------------------------------------------------------------------------------------+ 
     |                  Instance                   |        Arc        |  Cell   | Delay | Arrival | Required | 
     |                                             |                   |         |       |  Time   |   Time   | 
     |---------------------------------------------+-------------------+---------+-------+---------+----------| 
     | datapath/MEMWB_memToReg_reg                 | CK ^              |         |       |   0.109 |    2.519 | 
     | datapath/MEMWB_memToReg_reg                 | CK ^ -> QN ^      | DFFR_X1 | 0.047 |   0.156 |    2.566 | 
     | datapath/FE_OCPC550_MEMWB_memToReg          | A ^ -> Z ^        | BUF_X4  | 0.019 |   0.176 |    2.586 | 
     | datapath/FE_OCPC479_FE_OFN65_MEMWB_memToReg | A ^ -> Z ^        | BUF_X2  | 0.043 |   0.218 |    2.628 | 
     | datapath/g26547                             | S ^ -> Z v        | MUX2_X2 | 0.072 |   0.290 |    2.700 | 
     |                                             | dbg_wb_data[21] v |         | 0.000 |   0.290 |    2.700 | 
     +--------------------------------------------------------------------------------------------------------+ 
Path 25: MET Late External Delay Assertion 
Endpoint:   dbg_wb_data[9]                 (^) checked with  leading edge of 
'clk'
Beginpoint: datapath/MEMWB_memToReg_reg/QN (^) triggered by  leading edge of 
'clk'
Path Groups: {clk}
Analysis View: RPT_FAST
Other End Arrival Time          0.000
- External Delay                1.200
+ Phase Shift                   4.000
+ CPPR Adjustment               0.000
- Uncertainty                   0.100
= Required Time                 2.700
- Arrival Time                  0.289
= Slack Time                    2.411
     Clock Rise Edge                 0.000
     + Clock Network Latency (Prop)  0.109
     = Beginpoint Arrival Time       0.109
     +-------------------------------------------------------------------------------------------------------+ 
     |                  Instance                   |       Arc        |  Cell   | Delay | Arrival | Required | 
     |                                             |                  |         |       |  Time   |   Time   | 
     |---------------------------------------------+------------------+---------+-------+---------+----------| 
     | datapath/MEMWB_memToReg_reg                 | CK ^             |         |       |   0.109 |    2.520 | 
     | datapath/MEMWB_memToReg_reg                 | CK ^ -> QN ^     | DFFR_X1 | 0.047 |   0.156 |    2.567 | 
     | datapath/FE_OCPC550_MEMWB_memToReg          | A ^ -> Z ^       | BUF_X4  | 0.019 |   0.176 |    2.587 | 
     | datapath/FE_OCPC528_FE_OFN65_MEMWB_memToReg | A ^ -> Z ^       | BUF_X2  | 0.026 |   0.201 |    2.612 | 
     | datapath/g26560                             | S ^ -> Z v       | MUX2_X1 | 0.049 |   0.250 |    2.661 | 
     | datapath/FE_DBTC10_n_85                     | A v -> ZN ^      | INV_X2  | 0.039 |   0.289 |    2.700 | 
     |                                             | dbg_wb_data[9] ^ |         | 0.000 |   0.289 |    2.700 | 
     +-------------------------------------------------------------------------------------------------------+ 
Path 26: MET Late External Delay Assertion 
Endpoint:   dbg_wb_data[15]                (^) checked with  leading edge of 
'clk'
Beginpoint: datapath/MEMWB_memToReg_reg/QN (^) triggered by  leading edge of 
'clk'
Path Groups: {clk}
Analysis View: RPT_FAST
Other End Arrival Time          0.000
- External Delay                1.200
+ Phase Shift                   4.000
+ CPPR Adjustment               0.000
- Uncertainty                   0.100
= Required Time                 2.700
- Arrival Time                  0.288
= Slack Time                    2.412
     Clock Rise Edge                 0.000
     + Clock Network Latency (Prop)  0.109
     = Beginpoint Arrival Time       0.109
     +--------------------------------------------------------------------------------------------------------+ 
     |                  Instance                   |        Arc        |  Cell   | Delay | Arrival | Required | 
     |                                             |                   |         |       |  Time   |   Time   | 
     |---------------------------------------------+-------------------+---------+-------+---------+----------| 
     | datapath/MEMWB_memToReg_reg                 | CK ^              |         |       |   0.109 |    2.521 | 
     | datapath/MEMWB_memToReg_reg                 | CK ^ -> QN ^      | DFFR_X1 | 0.047 |   0.156 |    2.568 | 
     | datapath/FE_OCPC550_MEMWB_memToReg          | A ^ -> Z ^        | BUF_X4  | 0.019 |   0.176 |    2.587 | 
     | datapath/FE_OCPC528_FE_OFN65_MEMWB_memToReg | A ^ -> Z ^        | BUF_X2  | 0.026 |   0.202 |    2.613 | 
     | datapath/g26552                             | S ^ -> Z v        | MUX2_X1 | 0.049 |   0.250 |    2.662 | 
     | datapath/FE_DBTC15_n_73                     | A v -> ZN ^       | INV_X2  | 0.038 |   0.288 |    2.700 | 
     |                                             | dbg_wb_data[15] ^ |         | 0.000 |   0.288 |    2.700 | 
     +--------------------------------------------------------------------------------------------------------+ 
Path 27: MET Late External Delay Assertion 
Endpoint:   dbg_wb_data[5]                 (^) checked with  leading edge of 
'clk'
Beginpoint: datapath/MEMWB_memToReg_reg/QN (v) triggered by  leading edge of 
'clk'
Path Groups: {clk}
Analysis View: RPT_FAST
Other End Arrival Time          0.000
- External Delay                1.200
+ Phase Shift                   4.000
+ CPPR Adjustment               0.000
- Uncertainty                   0.100
= Required Time                 2.700
- Arrival Time                  0.284
= Slack Time                    2.416
     Clock Rise Edge                 0.000
     + Clock Network Latency (Prop)  0.109
     = Beginpoint Arrival Time       0.109
     +--------------------------------------------------------------------------------------------------+ 
     |               Instance                |       Arc        |   Cell   | Delay | Arrival | Required | 
     |                                       |                  |          |       |  Time   |   Time   | 
     |---------------------------------------+------------------+----------+-------+---------+----------| 
     | datapath/MEMWB_memToReg_reg           | CK ^             |          |       |   0.109 |    2.525 | 
     | datapath/MEMWB_memToReg_reg           | CK ^ -> QN v     | DFFR_X1  | 0.042 |   0.151 |    2.567 | 
     | datapath/FE_OCPC550_MEMWB_memToReg    | A v -> Z v       | BUF_X4   | 0.020 |   0.171 |    2.587 | 
     | datapath/FE_OFC273_MEMWB_memToReg_dup | A v -> Z v       | BUF_X4   | 0.022 |   0.193 |    2.609 | 
     | datapath/FE_RC_436_0                  | A1 v -> ZN ^     | NAND2_X1 | 0.009 |   0.202 |    2.618 | 
     | datapath/FE_RC_435_0                  | A ^ -> ZN v      | OAI21_X1 | 0.013 |   0.215 |    2.631 | 
     | datapath/FE_OFC853_n_665              | A v -> ZN ^      | INV_X1   | 0.018 |   0.233 |    2.648 | 
     | datapath/FE_OFC854_n_665              | A ^ -> ZN v      | INV_X1   | 0.015 |   0.248 |    2.664 | 
     | datapath/FE_OFC855_n_665              | A v -> ZN ^      | INV_X2   | 0.037 |   0.284 |    2.700 | 
     |                                       | dbg_wb_data[5] ^ |          | 0.000 |   0.284 |    2.700 | 
     +--------------------------------------------------------------------------------------------------+ 
Path 28: MET Late External Delay Assertion 
Endpoint:   dbg_wb_data[2]                 (^) checked with  leading edge of 
'clk'
Beginpoint: datapath/MEMWB_memToReg_reg/QN (v) triggered by  leading edge of 
'clk'
Path Groups: {clk}
Analysis View: RPT_FAST
Other End Arrival Time          0.000
- External Delay                1.200
+ Phase Shift                   4.000
+ CPPR Adjustment               0.000
- Uncertainty                   0.100
= Required Time                 2.700
- Arrival Time                  0.279
= Slack Time                    2.421
     Clock Rise Edge                 0.000
     + Clock Network Latency (Prop)  0.109
     = Beginpoint Arrival Time       0.109
     +--------------------------------------------------------------------------------------------------+ 
     |               Instance                |       Arc        |   Cell   | Delay | Arrival | Required | 
     |                                       |                  |          |       |  Time   |   Time   | 
     |---------------------------------------+------------------+----------+-------+---------+----------| 
     | datapath/MEMWB_memToReg_reg           | CK ^             |          |       |   0.109 |    2.530 | 
     | datapath/MEMWB_memToReg_reg           | CK ^ -> QN v     | DFFR_X1  | 0.042 |   0.151 |    2.572 | 
     | datapath/FE_OCPC550_MEMWB_memToReg    | A v -> Z v       | BUF_X4   | 0.020 |   0.171 |    2.592 | 
     | datapath/FE_OFC273_MEMWB_memToReg_dup | A v -> Z v       | BUF_X4   | 0.022 |   0.193 |    2.614 | 
     | datapath/FE_RC_31_0                   | A1 v -> ZN ^     | NAND2_X1 | 0.008 |   0.201 |    2.622 | 
     | datapath/FE_RC_494_0                  | A ^ -> ZN v      | OAI21_X1 | 0.013 |   0.214 |    2.635 | 
     | datapath/FE_OFC638_n_652              | A v -> ZN ^      | INV_X1   | 0.017 |   0.231 |    2.652 | 
     | datapath/FE_OFC639_n_652              | A ^ -> ZN v      | INV_X1   | 0.011 |   0.242 |    2.663 | 
     | datapath/FE_OFC848_FE_RN_72_0         | A v -> ZN ^      | INV_X2   | 0.037 |   0.279 |    2.700 | 
     |                                       | dbg_wb_data[2] ^ |          | 0.000 |   0.279 |    2.700 | 
     +--------------------------------------------------------------------------------------------------+ 
Path 29: MET Late External Delay Assertion 
Endpoint:   dbg_wb_data[1]                 (^) checked with  leading edge of 
'clk'
Beginpoint: datapath/MEMWB_memToReg_reg/QN (^) triggered by  leading edge of 
'clk'
Path Groups: {clk}
Analysis View: RPT_FAST
Other End Arrival Time          0.000
- External Delay                1.200
+ Phase Shift                   4.000
+ CPPR Adjustment               0.000
- Uncertainty                   0.100
= Required Time                 2.700
- Arrival Time                  0.276
= Slack Time                    2.424
     Clock Rise Edge                 0.000
     + Clock Network Latency (Prop)  0.109
     = Beginpoint Arrival Time       0.109
     +--------------------------------------------------------------------------------------------------+ 
     |               Instance                |       Arc        |   Cell   | Delay | Arrival | Required | 
     |                                       |                  |          |       |  Time   |   Time   | 
     |---------------------------------------+------------------+----------+-------+---------+----------| 
     | datapath/MEMWB_memToReg_reg           | CK ^             |          |       |   0.109 |    2.533 | 
     | datapath/MEMWB_memToReg_reg           | CK ^ -> QN ^     | DFFR_X1  | 0.047 |   0.156 |    2.580 | 
     | datapath/FE_OCPC550_MEMWB_memToReg    | A ^ -> Z ^       | BUF_X4   | 0.019 |   0.176 |    2.599 | 
     | datapath/FE_OFC273_MEMWB_memToReg_dup | A ^ -> Z ^       | BUF_X4   | 0.021 |   0.197 |    2.621 | 
     | datapath/FE_OFC878_FE_RN_3            | A ^ -> ZN v      | INV_X1   | 0.009 |   0.206 |    2.629 | 
     | datapath/FE_RC_410_0                  | A1 v -> ZN ^     | NAND2_X1 | 0.008 |   0.214 |    2.638 | 
     | datapath/FE_RC_409_0                  | A1 ^ -> ZN v     | NAND2_X1 | 0.011 |   0.225 |    2.649 | 
     | datapath/FE_OFC850_n_642              | A v -> ZN ^      | INV_X2   | 0.018 |   0.243 |    2.666 | 
     | datapath/FE_OFC851_n_642              | A ^ -> ZN v      | INV_X1   | 0.014 |   0.257 |    2.681 | 
     | datapath/FE_OFC852_n_642              | A v -> ZN ^      | INV_X4   | 0.019 |   0.276 |    2.700 | 
     |                                       | dbg_wb_data[1] ^ |          | 0.000 |   0.276 |    2.700 | 
     +--------------------------------------------------------------------------------------------------+ 
Path 30: MET Late External Delay Assertion 
Endpoint:   dbg_wb_data[4]                 (v) checked with  leading edge of 
'clk'
Beginpoint: datapath/MEMWB_memToReg_reg/QN (^) triggered by  leading edge of 
'clk'
Path Groups: {clk}
Analysis View: RPT_FAST
Other End Arrival Time          0.000
- External Delay                1.200
+ Phase Shift                   4.000
+ CPPR Adjustment               0.000
- Uncertainty                   0.100
= Required Time                 2.700
- Arrival Time                  0.250
= Slack Time                    2.450
     Clock Rise Edge                 0.000
     + Clock Network Latency (Prop)  0.109
     = Beginpoint Arrival Time       0.109
     +--------------------------------------------------------------------------------------------------+ 
     |               Instance                |       Arc        |   Cell   | Delay | Arrival | Required | 
     |                                       |                  |          |       |  Time   |   Time   | 
     |---------------------------------------+------------------+----------+-------+---------+----------| 
     | datapath/MEMWB_memToReg_reg           | CK ^             |          |       |   0.109 |    2.559 | 
     | datapath/MEMWB_memToReg_reg           | CK ^ -> QN ^     | DFFR_X1  | 0.047 |   0.156 |    2.606 | 
     | datapath/FE_OCPC550_MEMWB_memToReg    | A ^ -> Z ^       | BUF_X4   | 0.019 |   0.176 |    2.626 | 
     | datapath/FE_OFC273_MEMWB_memToReg_dup | A ^ -> Z ^       | BUF_X4   | 0.021 |   0.197 |    2.647 | 
     | datapath/FE_OFC878_FE_RN_3            | A ^ -> ZN v      | INV_X1   | 0.009 |   0.206 |    2.656 | 
     | datapath/FE_RC_355_0                  | A1 v -> ZN ^     | NAND2_X1 | 0.017 |   0.223 |    2.673 | 
     | datapath/FE_RC_419_0                  | A1 ^ -> ZN v     | NAND2_X4 | 0.027 |   0.250 |    2.700 | 
     |                                       | dbg_wb_data[4] v |          | 0.000 |   0.250 |    2.700 | 
     +--------------------------------------------------------------------------------------------------+ 
Path 31: MET Late External Delay Assertion 
Endpoint:   dbg_wb_data[3]                 (^) checked with  leading edge of 
'clk'
Beginpoint: datapath/MEMWB_memToReg_reg/QN (^) triggered by  leading edge of 
'clk'
Path Groups: {clk}
Analysis View: RPT_FAST
Other End Arrival Time          0.000
- External Delay                1.200
+ Phase Shift                   4.000
+ CPPR Adjustment               0.000
- Uncertainty                   0.100
= Required Time                 2.700
- Arrival Time                  0.236
= Slack Time                    2.464
     Clock Rise Edge                 0.000
     + Clock Network Latency (Prop)  0.109
     = Beginpoint Arrival Time       0.109
     +--------------------------------------------------------------------------------------------------+ 
     |               Instance                |       Arc        |   Cell   | Delay | Arrival | Required | 
     |                                       |                  |          |       |  Time   |   Time   | 
     |---------------------------------------+------------------+----------+-------+---------+----------| 
     | datapath/MEMWB_memToReg_reg           | CK ^             |          |       |   0.109 |    2.573 | 
     | datapath/MEMWB_memToReg_reg           | CK ^ -> QN ^     | DFFR_X1  | 0.047 |   0.156 |    2.621 | 
     | datapath/FE_OCPC550_MEMWB_memToReg    | A ^ -> Z ^       | BUF_X4   | 0.019 |   0.176 |    2.640 | 
     | datapath/FE_OFC273_MEMWB_memToReg_dup | A ^ -> Z ^       | BUF_X4   | 0.021 |   0.197 |    2.661 | 
     | datapath/FE_RC_339_0                  | A1 ^ -> ZN v     | NAND2_X1 | 0.008 |   0.205 |    2.669 | 
     | datapath/FE_RC_338_0                  | A1 v -> ZN v     | AND2_X1  | 0.018 |   0.223 |    2.687 | 
     | datapath/FE_OFC643_FE_RN_213_0        | A v -> ZN ^      | INV_X2   | 0.013 |   0.235 |    2.700 | 
     |                                       | dbg_wb_data[3] ^ |          | 0.000 |   0.236 |    2.700 | 
     +--------------------------------------------------------------------------------------------------+ 
Path 32: MET Late External Delay Assertion 
Endpoint:   dbg_wb_data[0]                  (^) checked with  leading edge of 
'clk'
Beginpoint: datapath/MEMWB_memData_reg[0]/Q (^) triggered by  leading edge of 
'clk'
Path Groups: {clk}
Analysis View: RPT_FAST
Other End Arrival Time          0.000
- External Delay                1.200
+ Phase Shift                   4.000
+ CPPR Adjustment               0.000
- Uncertainty                   0.100
= Required Time                 2.700
- Arrival Time                  0.219
= Slack Time                    2.481
     Clock Rise Edge                 0.000
     + Clock Network Latency (Prop)  0.120
     = Beginpoint Arrival Time       0.120
     +------------------------------------------------------------------------------------------+ 
     |           Instance            |       Arc        |   Cell   | Delay | Arrival | Required | 
     |                               |                  |          |       |  Time   |   Time   | 
     |-------------------------------+------------------+----------+-------+---------+----------| 
     | datapath/MEMWB_memData_reg[0] | CK ^             |          |       |   0.120 |    2.601 | 
     | datapath/MEMWB_memData_reg[0] | CK ^ -> Q ^      | DFFR_X1  | 0.061 |   0.181 |    2.662 | 
     | datapath/FE_RC_357_0          | A ^ -> ZN v      | INV_X1   | 0.010 |   0.192 |    2.673 | 
     | datapath/FE_RC_356_0          | A1 v -> ZN ^     | NAND2_X4 | 0.008 |   0.199 |    2.680 | 
     | datapath/FE_RC_401_0          | A1 ^ -> ZN ^     | AND2_X4  | 0.020 |   0.219 |    2.700 | 
     |                               | dbg_wb_data[0] ^ |          | 0.000 |   0.219 |    2.700 | 
     +------------------------------------------------------------------------------------------+ 
Path 33: MET Late External Delay Assertion 
Endpoint:   dmem_addr[0]                      (^) checked with  leading edge of 
'clk'
Beginpoint: datapath/EXMEM_aluResult_reg[0]/Q (^) triggered by  leading edge of 
'clk'
Path Groups: {clk}
Analysis View: RPT_FAST
Other End Arrival Time          0.000
- External Delay                1.200
+ Phase Shift                   4.000
+ CPPR Adjustment               0.000
- Uncertainty                   0.100
= Required Time                 2.700
- Arrival Time                  0.208
= Slack Time                    2.492
     Clock Rise Edge                 0.000
     + Clock Network Latency (Prop)  0.131
     = Beginpoint Arrival Time       0.131
     +-----------------------------------------------------------------------------------------+ 
     |            Instance             |      Arc       |  Cell   | Delay | Arrival | Required | 
     |                                 |                |         |       |  Time   |   Time   | 
     |---------------------------------+----------------+---------+-------+---------+----------| 
     | datapath/EXMEM_aluResult_reg[0] | CK ^           |         |       |   0.130 |    2.623 | 
     | datapath/EXMEM_aluResult_reg[0] | CK ^ -> Q ^    | DFFR_X1 | 0.077 |   0.208 |    2.700 | 
     |                                 | dmem_addr[0] ^ |         | 0.000 |   0.208 |    2.700 | 
     +-----------------------------------------------------------------------------------------+ 
Path 34: MET Late External Delay Assertion 
Endpoint:   dmem_addr[27]                      (^) checked with  leading edge 
of 'clk'
Beginpoint: datapath/EXMEM_aluResult_reg[27]/Q (^) triggered by  leading edge 
of 'clk'
Path Groups: {clk}
Analysis View: RPT_FAST
Other End Arrival Time          0.000
- External Delay                1.200
+ Phase Shift                   4.000
+ CPPR Adjustment               0.000
- Uncertainty                   0.100
= Required Time                 2.700
- Arrival Time                  0.203
= Slack Time                    2.497
     Clock Rise Edge                 0.000
     + Clock Network Latency (Prop)  0.130
     = Beginpoint Arrival Time       0.130
     +-------------------------------------------------------------------------------------------+ 
     |             Instance             |       Arc       |  Cell   | Delay | Arrival | Required | 
     |                                  |                 |         |       |  Time   |   Time   | 
     |----------------------------------+-----------------+---------+-------+---------+----------| 
     | datapath/EXMEM_aluResult_reg[27] | CK ^            |         |       |   0.130 |    2.627 | 
     | datapath/EXMEM_aluResult_reg[27] | CK ^ -> Q ^     | DFFR_X1 | 0.073 |   0.203 |    2.700 | 
     |                                  | dmem_addr[27] ^ |         | 0.000 |   0.203 |    2.700 | 
     +-------------------------------------------------------------------------------------------+ 
Path 35: MET Late External Delay Assertion 
Endpoint:   dmem_addr[26]                      (^) checked with  leading edge 
of 'clk'
Beginpoint: datapath/EXMEM_aluResult_reg[26]/Q (^) triggered by  leading edge 
of 'clk'
Path Groups: {clk}
Analysis View: RPT_FAST
Other End Arrival Time          0.000
- External Delay                1.200
+ Phase Shift                   4.000
+ CPPR Adjustment               0.000
- Uncertainty                   0.100
= Required Time                 2.700
- Arrival Time                  0.203
= Slack Time                    2.497
     Clock Rise Edge                 0.000
     + Clock Network Latency (Prop)  0.131
     = Beginpoint Arrival Time       0.131
     +-------------------------------------------------------------------------------------------+ 
     |             Instance             |       Arc       |  Cell   | Delay | Arrival | Required | 
     |                                  |                 |         |       |  Time   |   Time   | 
     |----------------------------------+-----------------+---------+-------+---------+----------| 
     | datapath/EXMEM_aluResult_reg[26] | CK ^            |         |       |   0.131 |    2.628 | 
     | datapath/EXMEM_aluResult_reg[26] | CK ^ -> Q ^     | DFFR_X1 | 0.072 |   0.203 |    2.700 | 
     |                                  | dmem_addr[26] ^ |         | 0.000 |   0.203 |    2.700 | 
     +-------------------------------------------------------------------------------------------+ 
Path 36: MET Late External Delay Assertion 
Endpoint:   dmem_addr[31]                      (^) checked with  leading edge 
of 'clk'
Beginpoint: datapath/EXMEM_aluResult_reg[31]/Q (^) triggered by  leading edge 
of 'clk'
Path Groups: {clk}
Analysis View: RPT_FAST
Other End Arrival Time          0.000
- External Delay                1.200
+ Phase Shift                   4.000
+ CPPR Adjustment               0.000
- Uncertainty                   0.100
= Required Time                 2.700
- Arrival Time                  0.203
= Slack Time                    2.497
     Clock Rise Edge                 0.000
     + Clock Network Latency (Prop)  0.131
     = Beginpoint Arrival Time       0.131
     +-------------------------------------------------------------------------------------------+ 
     |             Instance             |       Arc       |  Cell   | Delay | Arrival | Required | 
     |                                  |                 |         |       |  Time   |   Time   | 
     |----------------------------------+-----------------+---------+-------+---------+----------| 
     | datapath/EXMEM_aluResult_reg[31] | CK ^            |         |       |   0.131 |    2.628 | 
     | datapath/EXMEM_aluResult_reg[31] | CK ^ -> Q ^     | DFFR_X1 | 0.072 |   0.203 |    2.700 | 
     |                                  | dmem_addr[31] ^ |         | 0.000 |   0.203 |    2.700 | 
     +-------------------------------------------------------------------------------------------+ 
Path 37: MET Late External Delay Assertion 
Endpoint:   dmem_addr[30]                      (^) checked with  leading edge 
of 'clk'
Beginpoint: datapath/EXMEM_aluResult_reg[30]/Q (^) triggered by  leading edge 
of 'clk'
Path Groups: {clk}
Analysis View: RPT_FAST
Other End Arrival Time          0.000
- External Delay                1.200
+ Phase Shift                   4.000
+ CPPR Adjustment               0.000
- Uncertainty                   0.100
= Required Time                 2.700
- Arrival Time                  0.202
= Slack Time                    2.498
     Clock Rise Edge                 0.000
     + Clock Network Latency (Prop)  0.131
     = Beginpoint Arrival Time       0.131
     +-------------------------------------------------------------------------------------------+ 
     |             Instance             |       Arc       |  Cell   | Delay | Arrival | Required | 
     |                                  |                 |         |       |  Time   |   Time   | 
     |----------------------------------+-----------------+---------+-------+---------+----------| 
     | datapath/EXMEM_aluResult_reg[30] | CK ^            |         |       |   0.131 |    2.629 | 
     | datapath/EXMEM_aluResult_reg[30] | CK ^ -> Q ^     | DFFR_X1 | 0.071 |   0.202 |    2.700 | 
     |                                  | dmem_addr[30] ^ |         | 0.000 |   0.202 |    2.700 | 
     +-------------------------------------------------------------------------------------------+ 
Path 38: MET Late External Delay Assertion 
Endpoint:   dmem_addr[29]                      (^) checked with  leading edge 
of 'clk'
Beginpoint: datapath/EXMEM_aluResult_reg[29]/Q (^) triggered by  leading edge 
of 'clk'
Path Groups: {clk}
Analysis View: RPT_FAST
Other End Arrival Time          0.000
- External Delay                1.200
+ Phase Shift                   4.000
+ CPPR Adjustment               0.000
- Uncertainty                   0.100
= Required Time                 2.700
- Arrival Time                  0.202
= Slack Time                    2.498
     Clock Rise Edge                 0.000
     + Clock Network Latency (Prop)  0.130
     = Beginpoint Arrival Time       0.130
     +-------------------------------------------------------------------------------------------+ 
     |             Instance             |       Arc       |  Cell   | Delay | Arrival | Required | 
     |                                  |                 |         |       |  Time   |   Time   | 
     |----------------------------------+-----------------+---------+-------+---------+----------| 
     | datapath/EXMEM_aluResult_reg[29] | CK ^            |         |       |   0.130 |    2.629 | 
     | datapath/EXMEM_aluResult_reg[29] | CK ^ -> Q ^     | DFFR_X1 | 0.071 |   0.201 |    2.700 | 
     |                                  | dmem_addr[29] ^ |         | 0.000 |   0.202 |    2.700 | 
     +-------------------------------------------------------------------------------------------+ 
Path 39: MET Late External Delay Assertion 
Endpoint:   dbg_pc[25]               (^) checked with  leading edge of 'clk'
Beginpoint: datapath/IF_pc_reg[25]/Q (^) triggered by  leading edge of 'clk'
Path Groups: {clk}
Analysis View: RPT_FAST
Other End Arrival Time          0.000
- External Delay                1.200
+ Phase Shift                   4.000
+ CPPR Adjustment               0.000
- Uncertainty                   0.100
= Required Time                 2.700
- Arrival Time                  0.198
= Slack Time                    2.502
     Clock Rise Edge                 0.000
     + Clock Network Latency (Prop)  0.119
     = Beginpoint Arrival Time       0.119
     +--------------------------------------------------------------------------------+ 
     |        Instance        |     Arc      |   Cell    | Delay | Arrival | Required | 
     |                        |              |           |       |  Time   |   Time   | 
     |------------------------+--------------+-----------+-------+---------+----------| 
     | datapath/IF_pc_reg[25] | CK ^         |           |       |   0.119 |    2.621 | 
     | datapath/IF_pc_reg[25] | CK ^ -> Q ^  | SDFFRS_X1 | 0.079 |   0.198 |    2.700 | 
     |                        | dbg_pc[25] ^ |           | 0.000 |   0.198 |    2.700 | 
     +--------------------------------------------------------------------------------+ 
Path 40: MET Late External Delay Assertion 
Endpoint:   imem_addr[25]            (^) checked with  leading edge of 'clk'
Beginpoint: datapath/IF_pc_reg[25]/Q (^) triggered by  leading edge of 'clk'
Path Groups: {clk}
Analysis View: RPT_FAST
Other End Arrival Time          0.000
- External Delay                1.200
+ Phase Shift                   4.000
+ CPPR Adjustment               0.000
- Uncertainty                   0.100
= Required Time                 2.700
- Arrival Time                  0.198
= Slack Time                    2.502
     Clock Rise Edge                 0.000
     + Clock Network Latency (Prop)  0.119
     = Beginpoint Arrival Time       0.119
     +-----------------------------------------------------------------------------------+ 
     |        Instance        |       Arc       |   Cell    | Delay | Arrival | Required | 
     |                        |                 |           |       |  Time   |   Time   | 
     |------------------------+-----------------+-----------+-------+---------+----------| 
     | datapath/IF_pc_reg[25] | CK ^            |           |       |   0.119 |    2.621 | 
     | datapath/IF_pc_reg[25] | CK ^ -> Q ^     | SDFFRS_X1 | 0.079 |   0.198 |    2.700 | 
     |                        | imem_addr[25] ^ |           | 0.000 |   0.198 |    2.700 | 
     +-----------------------------------------------------------------------------------+ 
Path 41: MET Late External Delay Assertion 
Endpoint:   dmem_addr[3]                      (^) checked with  leading edge of 
'clk'
Beginpoint: datapath/EXMEM_aluResult_reg[3]/Q (^) triggered by  leading edge of 
'clk'
Path Groups: {clk}
Analysis View: RPT_FAST
Other End Arrival Time          0.000
- External Delay                1.200
+ Phase Shift                   4.000
+ CPPR Adjustment               0.000
- Uncertainty                   0.100
= Required Time                 2.700
- Arrival Time                  0.195
= Slack Time                    2.505
     Clock Rise Edge                 0.000
     + Clock Network Latency (Prop)  0.121
     = Beginpoint Arrival Time       0.121
     +-----------------------------------------------------------------------------------------+ 
     |            Instance             |      Arc       |  Cell   | Delay | Arrival | Required | 
     |                                 |                |         |       |  Time   |   Time   | 
     |---------------------------------+----------------+---------+-------+---------+----------| 
     | datapath/EXMEM_aluResult_reg[3] | CK ^           |         |       |   0.121 |    2.626 | 
     | datapath/EXMEM_aluResult_reg[3] | CK ^ -> Q ^    | DFFR_X1 | 0.073 |   0.194 |    2.700 | 
     |                                 | dmem_addr[3] ^ |         | 0.000 |   0.195 |    2.700 | 
     +-----------------------------------------------------------------------------------------+ 
Path 42: MET Late External Delay Assertion 
Endpoint:   dmem_addr[2]                      (^) checked with  leading edge of 
'clk'
Beginpoint: datapath/EXMEM_aluResult_reg[2]/Q (^) triggered by  leading edge of 
'clk'
Path Groups: {clk}
Analysis View: RPT_FAST
Other End Arrival Time          0.000
- External Delay                1.200
+ Phase Shift                   4.000
+ CPPR Adjustment               0.000
- Uncertainty                   0.100
= Required Time                 2.700
- Arrival Time                  0.194
= Slack Time                    2.506
     Clock Rise Edge                 0.000
     + Clock Network Latency (Prop)  0.121
     = Beginpoint Arrival Time       0.121
     +-----------------------------------------------------------------------------------------+ 
     |            Instance             |      Arc       |  Cell   | Delay | Arrival | Required | 
     |                                 |                |         |       |  Time   |   Time   | 
     |---------------------------------+----------------+---------+-------+---------+----------| 
     | datapath/EXMEM_aluResult_reg[2] | CK ^           |         |       |   0.121 |    2.627 | 
     | datapath/EXMEM_aluResult_reg[2] | CK ^ -> Q ^    | DFFR_X1 | 0.073 |   0.194 |    2.700 | 
     |                                 | dmem_addr[2] ^ |         | 0.000 |   0.194 |    2.700 | 
     +-----------------------------------------------------------------------------------------+ 
Path 43: MET Late External Delay Assertion 
Endpoint:   dmem_addr[7]                      (^) checked with  leading edge of 
'clk'
Beginpoint: datapath/EXMEM_aluResult_reg[7]/Q (^) triggered by  leading edge of 
'clk'
Path Groups: {clk}
Analysis View: RPT_FAST
Other End Arrival Time          0.000
- External Delay                1.200
+ Phase Shift                   4.000
+ CPPR Adjustment               0.000
- Uncertainty                   0.100
= Required Time                 2.700
- Arrival Time                  0.194
= Slack Time                    2.506
     Clock Rise Edge                 0.000
     + Clock Network Latency (Prop)  0.129
     = Beginpoint Arrival Time       0.129
     +-----------------------------------------------------------------------------------------+ 
     |            Instance             |      Arc       |  Cell   | Delay | Arrival | Required | 
     |                                 |                |         |       |  Time   |   Time   | 
     |---------------------------------+----------------+---------+-------+---------+----------| 
     | datapath/EXMEM_aluResult_reg[7] | CK ^           |         |       |   0.129 |    2.636 | 
     | datapath/EXMEM_aluResult_reg[7] | CK ^ -> Q ^    | DFFR_X1 | 0.064 |   0.194 |    2.700 | 
     |                                 | dmem_addr[7] ^ |         | 0.000 |   0.194 |    2.700 | 
     +-----------------------------------------------------------------------------------------+ 
Path 44: MET Late External Delay Assertion 
Endpoint:   dmem_addr[28]                      (^) checked with  leading edge 
of 'clk'
Beginpoint: datapath/EXMEM_aluResult_reg[28]/Q (^) triggered by  leading edge 
of 'clk'
Path Groups: {clk}
Analysis View: RPT_FAST
Other End Arrival Time          0.000
- External Delay                1.200
+ Phase Shift                   4.000
+ CPPR Adjustment               0.000
- Uncertainty                   0.100
= Required Time                 2.700
- Arrival Time                  0.193
= Slack Time                    2.507
     Clock Rise Edge                 0.000
     + Clock Network Latency (Prop)  0.121
     = Beginpoint Arrival Time       0.121
     +-------------------------------------------------------------------------------------------+ 
     |             Instance             |       Arc       |  Cell   | Delay | Arrival | Required | 
     |                                  |                 |         |       |  Time   |   Time   | 
     |----------------------------------+-----------------+---------+-------+---------+----------| 
     | datapath/EXMEM_aluResult_reg[28] | CK ^            |         |       |   0.121 |    2.628 | 
     | datapath/EXMEM_aluResult_reg[28] | CK ^ -> Q ^     | DFFR_X1 | 0.072 |   0.193 |    2.700 | 
     |                                  | dmem_addr[28] ^ |         | 0.000 |   0.193 |    2.700 | 
     +-------------------------------------------------------------------------------------------+ 
Path 45: MET Late External Delay Assertion 
Endpoint:   dmem_addr[4]                      (^) checked with  leading edge of 
'clk'
Beginpoint: datapath/EXMEM_aluResult_reg[4]/Q (^) triggered by  leading edge of 
'clk'
Path Groups: {clk}
Analysis View: RPT_FAST
Other End Arrival Time          0.000
- External Delay                1.200
+ Phase Shift                   4.000
+ CPPR Adjustment               0.000
- Uncertainty                   0.100
= Required Time                 2.700
- Arrival Time                  0.192
= Slack Time                    2.508
     Clock Rise Edge                 0.000
     + Clock Network Latency (Prop)  0.129
     = Beginpoint Arrival Time       0.129
     +-----------------------------------------------------------------------------------------+ 
     |            Instance             |      Arc       |  Cell   | Delay | Arrival | Required | 
     |                                 |                |         |       |  Time   |   Time   | 
     |---------------------------------+----------------+---------+-------+---------+----------| 
     | datapath/EXMEM_aluResult_reg[4] | CK ^           |         |       |   0.129 |    2.637 | 
     | datapath/EXMEM_aluResult_reg[4] | CK ^ -> Q ^    | DFFR_X1 | 0.063 |   0.192 |    2.700 | 
     |                                 | dmem_addr[4] ^ |         | 0.000 |   0.192 |    2.700 | 
     +-----------------------------------------------------------------------------------------+ 
Path 46: MET Late External Delay Assertion 
Endpoint:   dmem_addr[5]                      (^) checked with  leading edge of 
'clk'
Beginpoint: datapath/EXMEM_aluResult_reg[5]/Q (^) triggered by  leading edge of 
'clk'
Path Groups: {clk}
Analysis View: RPT_FAST
Other End Arrival Time          0.000
- External Delay                1.200
+ Phase Shift                   4.000
+ CPPR Adjustment               0.000
- Uncertainty                   0.100
= Required Time                 2.700
- Arrival Time                  0.192
= Slack Time                    2.508
     Clock Rise Edge                 0.000
     + Clock Network Latency (Prop)  0.130
     = Beginpoint Arrival Time       0.130
     +-----------------------------------------------------------------------------------------+ 
     |            Instance             |      Arc       |  Cell   | Delay | Arrival | Required | 
     |                                 |                |         |       |  Time   |   Time   | 
     |---------------------------------+----------------+---------+-------+---------+----------| 
     | datapath/EXMEM_aluResult_reg[5] | CK ^           |         |       |   0.130 |    2.638 | 
     | datapath/EXMEM_aluResult_reg[5] | CK ^ -> Q ^    | DFFR_X1 | 0.062 |   0.192 |    2.700 | 
     |                                 | dmem_addr[5] ^ |         | 0.000 |   0.192 |    2.700 | 
     +-----------------------------------------------------------------------------------------+ 
Path 47: MET Late External Delay Assertion 
Endpoint:   dmem_addr[8]                      (^) checked with  leading edge of 
'clk'
Beginpoint: datapath/EXMEM_aluResult_reg[8]/Q (^) triggered by  leading edge of 
'clk'
Path Groups: {clk}
Analysis View: RPT_FAST
Other End Arrival Time          0.000
- External Delay                1.200
+ Phase Shift                   4.000
+ CPPR Adjustment               0.000
- Uncertainty                   0.100
= Required Time                 2.700
- Arrival Time                  0.190
= Slack Time                    2.510
     Clock Rise Edge                 0.000
     + Clock Network Latency (Prop)  0.129
     = Beginpoint Arrival Time       0.129
     +-----------------------------------------------------------------------------------------+ 
     |            Instance             |      Arc       |  Cell   | Delay | Arrival | Required | 
     |                                 |                |         |       |  Time   |   Time   | 
     |---------------------------------+----------------+---------+-------+---------+----------| 
     | datapath/EXMEM_aluResult_reg[8] | CK ^           |         |       |   0.129 |    2.639 | 
     | datapath/EXMEM_aluResult_reg[8] | CK ^ -> Q ^    | DFFR_X1 | 0.061 |   0.190 |    2.700 | 
     |                                 | dmem_addr[8] ^ |         | 0.000 |   0.190 |    2.700 | 
     +-----------------------------------------------------------------------------------------+ 
Path 48: MET Late External Delay Assertion 
Endpoint:   dmem_addr[6]                      (^) checked with  leading edge of 
'clk'
Beginpoint: datapath/EXMEM_aluResult_reg[6]/Q (^) triggered by  leading edge of 
'clk'
Path Groups: {clk}
Analysis View: RPT_FAST
Other End Arrival Time          0.000
- External Delay                1.200
+ Phase Shift                   4.000
+ CPPR Adjustment               0.000
- Uncertainty                   0.100
= Required Time                 2.700
- Arrival Time                  0.189
= Slack Time                    2.511
     Clock Rise Edge                 0.000
     + Clock Network Latency (Prop)  0.130
     = Beginpoint Arrival Time       0.130
     +-----------------------------------------------------------------------------------------+ 
     |            Instance             |      Arc       |  Cell   | Delay | Arrival | Required | 
     |                                 |                |         |       |  Time   |   Time   | 
     |---------------------------------+----------------+---------+-------+---------+----------| 
     | datapath/EXMEM_aluResult_reg[6] | CK ^           |         |       |   0.130 |    2.640 | 
     | datapath/EXMEM_aluResult_reg[6] | CK ^ -> Q ^    | DFFR_X1 | 0.060 |   0.189 |    2.700 | 
     |                                 | dmem_addr[6] ^ |         | 0.000 |   0.189 |    2.700 | 
     +-----------------------------------------------------------------------------------------+ 
Path 49: MET Late External Delay Assertion 
Endpoint:   dbg_pc[28]               (^) checked with  leading edge of 'clk'
Beginpoint: datapath/IF_pc_reg[28]/Q (^) triggered by  leading edge of 'clk'
Path Groups: {clk}
Analysis View: RPT_FAST
Other End Arrival Time          0.000
- External Delay                1.200
+ Phase Shift                   4.000
+ CPPR Adjustment               0.000
- Uncertainty                   0.100
= Required Time                 2.700
- Arrival Time                  0.188
= Slack Time                    2.512
     Clock Rise Edge                 0.000
     + Clock Network Latency (Prop)  0.120
     = Beginpoint Arrival Time       0.120
     +------------------------------------------------------------------------------+ 
     |        Instance        |     Arc      |  Cell   | Delay | Arrival | Required | 
     |                        |              |         |       |  Time   |   Time   | 
     |------------------------+--------------+---------+-------+---------+----------| 
     | datapath/IF_pc_reg[28] | CK ^         |         |       |   0.120 |    2.632 | 
     | datapath/IF_pc_reg[28] | CK ^ -> Q ^  | DFFR_X1 | 0.068 |   0.188 |    2.700 | 
     |                        | dbg_pc[28] ^ |         | 0.000 |   0.188 |    2.700 | 
     +------------------------------------------------------------------------------+ 
Path 50: MET Late External Delay Assertion 
Endpoint:   imem_addr[28]            (^) checked with  leading edge of 'clk'
Beginpoint: datapath/IF_pc_reg[28]/Q (^) triggered by  leading edge of 'clk'
Path Groups: {clk}
Analysis View: RPT_FAST
Other End Arrival Time          0.000
- External Delay                1.200
+ Phase Shift                   4.000
+ CPPR Adjustment               0.000
- Uncertainty                   0.100
= Required Time                 2.700
- Arrival Time                  0.188
= Slack Time                    2.512
     Clock Rise Edge                 0.000
     + Clock Network Latency (Prop)  0.120
     = Beginpoint Arrival Time       0.120
     +---------------------------------------------------------------------------------+ 
     |        Instance        |       Arc       |  Cell   | Delay | Arrival | Required | 
     |                        |                 |         |       |  Time   |   Time   | 
     |------------------------+-----------------+---------+-------+---------+----------| 
     | datapath/IF_pc_reg[28] | CK ^            |         |       |   0.120 |    2.632 | 
     | datapath/IF_pc_reg[28] | CK ^ -> Q ^     | DFFR_X1 | 0.068 |   0.188 |    2.700 | 
     |                        | imem_addr[28] ^ |         | 0.000 |   0.188 |    2.700 | 
     +---------------------------------------------------------------------------------+ 

