###############################################################
#  Generated by:      Cadence Innovus 23.12-s091_1
#  OS:                Linux x86_64(Host ID nanohub-2908156-5)
#  Generated on:      Wed Aug 12 15:48:55 2026
#  Design:            pipelined_cpu_core
#  Command:           timeDesign -postRoute -hold -expandedViews -outDir cornerReports
###############################################################

------------------------------------------------------------------
          timeDesign Summary
------------------------------------------------------------------

+--------------------+---------+---------+---------+
|     Hold mode      |   all   | reg2reg | default |
+--------------------+---------+---------+---------+
|           WNS (ns):|  0.022  |  0.022  |  0.622  |
|           TNS (ns):|  0.000  |  0.000  |  0.000  |
|    Violating Paths:|    0    |    0    |    0    |
|          All Paths:|  3549   |  3351   |   230   |
+--------------------+---------+---------+---------+
|RPT_SLOW            |  0.195  |  0.195  |  0.622  |
|                    |  0.000  |  0.000  |  0.000  |
|                    |    0    |    0    |    0    |
|                    |  3549   |  3351   |   230   |
+--------------------+---------+---------+---------+
|RPT_TYP             |  0.050  |  0.050  |  0.974  |
|                    |  0.000  |  0.000  |  0.000  |
|                    |    0    |    0    |    0    |
|                    |  3549   |  3351   |   230   |
+--------------------+---------+---------+---------+
|RPT_FAST            |  0.022  |  0.022  |  1.044  |
|                    |  0.000  |  0.000  |  0.000  |
|                    |    0    |    0    |    0    |
|                    |  3549   |  3351   |   230   |
+--------------------+---------+---------+---------+

Density: 71.359%
       (99.986% with Fillers)
------------------------------------------------------------------
