 ------------------------------------------------------------------------------------------------------------------------------------------------------------------- 
| Snapshot                | WNS                  | TNS                  | Density (%) | Hotspot                   | Resource               | DRVs       | Layer-OPT |
|                         | HEPG (ns) | ALL (ns) | HEPG (ns) | ALL (ns) |             | Max (bins) | Total (bins) | Real (s) | Memory (MB) | Tran | Cap | metal4    |
|-------------------------+-----------+----------+-----------+----------+-------------+------------+--------------+----------+-------------+------+-----+-----------|
| initial_summary         |           |   -2.960 |           |     -427 |       67.89 |            |              | 0:00:04  |        3318 |  211 |  74 |           |
| simplify_netlist        |           |          |           |          |             |            |              | 0:00:01  |        3320 |      |     |           |
| drv_fixing              |     0.000 |   -2.960 |         0 |     -427 |       68.15 |            |              | 0:00:01  |        3352 |      |     |           |
| drv_fixing_2            |     0.000 |   -0.975 |         0 |      -68 |       69.17 |            |              | 0:00:03  |        3360 |   32 |  32 |           |
| global_opt              |           |   -0.616 |           |       -2 |       69.51 |            |              | 0:00:09  |        3375 |      |     |        20 |
| area_reclaiming         |     0.000 |   -0.598 |         0 |       -2 |       69.32 |            |              | 0:00:02  |        3380 |      |     |         7 |
| incremental_replacement |    -0.575 |   -0.575 |           |       -2 |             |       0.00 |         0.00 | 0:00:25  |        3377 |      |     |           |
| drv_fixing_3            |    -0.575 |   -0.575 |        -2 |       -2 |       69.39 |            |              | 0:00:02  |        3371 |    0 |   0 |         7 |
| tns_fixing              |    -0.470 |   -0.470 |        -1 |       -1 |       69.79 |            |              | 0:00:04  |        3480 |      |     |         5 |
| wns_fixing              |     0.058 |    0.058 |         0 |        0 |       70.53 |            |              | 0:02:26  |        3521 |      |     |        15 |
| tns_fixing_2            |     0.058 |    0.058 |         0 |        0 |       70.54 |            |              | 0:00:06  |        3488 |      |     |        15 |
| area_reclaiming_2       |     0.060 |    0.060 |         0 |        0 |       70.17 |            |              | 0:00:06  |        3441 |      |     |        13 |
| area_reclaiming_3       |     0.060 |    0.060 |         0 |        0 |       69.99 |            |              | 0:00:01  |        3441 |      |     |         5 |
| drv_eco_fixing          |     0.060 |    0.060 |         0 |        0 |       69.99 |            |              | 0:00:00  |        3437 |    6 |   0 |         5 |
| final_summary           |     0.037 |    0.037 |           |        0 |       69.99 |            |              | 0:00:02  |        3395 |    0 |   0 |           |
 ------------------------------------------------------------------------------------------------------------------------------------------------------------------- 
