###############################################################
#  Generated by:      Cadence Innovus 23.12-s091_1
#  OS:                Linux x86_64(Host ID nanohub-2908156-5)
#  Generated on:      Wed Aug 12 18:09:36 2026
#  Design:            pipelined_cpu_core
#  Command:           report_timing -late  > reports/20_cts_setup.rpt
###############################################################
Path 1: VIOLATED Setup Check with Pin datapath/IF_pc_reg[11]/CK 
Endpoint:   datapath/IF_pc_reg[11]/D      (v) checked with  leading edge of 
'clk'
Beginpoint: datapath/IFID_instr_reg[20]/Q (^) triggered by  leading edge of 
'clk'
Path Groups: {clk}
Analysis View: WC_VIEW
Other End Arrival Time         -0.034
- Setup                         0.244
+ Phase Shift                   4.000
+ CPPR Adjustment               0.000
- Uncertainty                   0.100
= Required Time                 3.622
- Arrival Time                  3.624
= Slack Time                   -0.002
     Clock Rise Edge                 0.000
     + Clock Network Latency (Prop)  -0.023
     = Beginpoint Arrival Time       -0.023
     +------------------------------------------------------------------------------------------------------------+ 
     |                      Instance                      |     Arc      |   Cell    | Delay | Arrival | Required | 
     |                                                    |              |           |       |  Time   |   Time   | 
     |----------------------------------------------------+--------------+-----------+-------+---------+----------| 
     | datapath/IFID_instr_reg[20]                        | CK ^         |           |       |  -0.023 |   -0.025 | 
     | datapath/IFID_instr_reg[20]                        | CK ^ -> Q ^  | DFFR_X1   | 0.574 |   0.551 |    0.549 | 
     | datapath/g524__1705                                | A1 ^ -> ZN ^ | AND2_X1   | 0.279 |   0.831 |    0.829 | 
     | datapath/g520                                      | A ^ -> ZN v  | INV_X1    | 0.064 |   0.895 |    0.893 | 
     | datapath/g481__5107                                | A1 v -> ZN ^ | NOR2_X1   | 0.117 |   1.012 |    1.010 | 
     | datapath/FE_OFC583_registers_n_2582                | A ^ -> Z ^   | CLKBUF_X3 | 0.330 |   1.342 |    1.339 | 
     | datapath/g36504                                    | A2 ^ -> ZN v | AOI22_X1  | 0.099 |   1.441 |    1.438 | 
     | datapath/g3460                                     | A4 v -> ZN ^ | NAND4_X1  | 0.088 |   1.529 |    1.526 | 
     | datapath/g3397                                     | A2 ^ -> ZN ^ | OR4_X1    | 0.141 |   1.670 |    1.668 | 
     | datapath/g26304                                    | A1 ^ -> ZN v | NAND2_X1  | 0.053 |   1.723 |    1.721 | 
     | datapath/g26112                                    | A v -> ZN ^  | OAI221_X1 | 0.120 |   1.843 |    1.841 | 
     | datapath/LT_TC_OP_g1856                            | A ^ -> ZN v  | INV_X1    | 0.061 |   1.905 |    1.903 | 
     | datapath/LT_TC_OP_g1820                            | A2 v -> ZN ^ | NOR2_X1   | 0.159 |   2.063 |    2.061 | 
     | datapath/LT_TC_OP_g1809                            | A ^ -> ZN v  | INV_X1    | 0.038 |   2.101 |    2.099 | 
     | datapath/LT_TC_OP_g1780                            | A2 v -> ZN ^ | AOI22_X1  | 0.141 |   2.242 |    2.240 | 
     | datapath/LT_TC_OP_g1770                            | B1 ^ -> ZN v | OAI221_X1 | 0.124 |   2.367 |    2.365 | 
     | datapath/LT_TC_OP_g1765                            | A v -> ZN ^  | AOI21_X1  | 0.211 |   2.578 |    2.576 | 
     | datapath/FE_RC_397_0                               | C1 ^ -> ZN v | OAI211_X1 | 0.085 |   2.663 |    2.661 | 
     | datapath/FE_RC_10_0                                | C2 v -> ZN ^ | AOI221_X1 | 0.219 |   2.882 |    2.880 | 
     | datapath/FE_OFC855_IFID_lessThan                   | A ^ -> Z ^   | BUF_X2    | 0.115 |   2.997 |    2.995 | 
     | datapath/FE_OFC216_IFID_lessThan                   | A ^ -> Z ^   | BUF_X2    | 0.079 |   3.076 |    3.074 | 
     | datapath/g16080                                    | A1 ^ -> ZN ^ | AND2_X2   | 0.092 |   3.169 |    3.167 | 
     | datapath/g16078                                    | A1 ^ -> ZN ^ | OR2_X4    | 0.080 |   3.248 |    3.246 | 
     | datapath/branch_or_inc_4/FE_OFC537_IFID_takeBranch | A ^ -> Z ^   | BUF_X4    | 0.140 |   3.389 |    3.387 | 
     | datapath/branch_or_inc_4/g830__6783                | S ^ -> Z v   | MUX2_X1   | 0.235 |   3.624 |    3.621 | 
     | datapath/IF_pc_reg[11]                             | D v          | SDFFR_X1  | 0.000 |   3.624 |    3.622 | 
     +------------------------------------------------------------------------------------------------------------+ 

