###############################################################
#  Generated by:      Cadence Innovus 23.12-s091_1
#  OS:                Linux x86_64(Host ID nanohub-2908156-5)
#  Generated on:      Wed Aug 12 18:13:58 2026
#  Design:            pipelined_cpu_core
#  Command:           report_timing -early -view RPT_TYP -max_paths 50 -nworst 1 > reports/41_hold_typ.rpt
###############################################################
Path 1: VIOLATED Removal Check with Pin datapath/IFID_instr_reg[0]/CK 
Endpoint:   datapath/IFID_instr_reg[0]/RN (^) checked with  leading edge of 
'clk'
Beginpoint: u_reset_sync/stage2_reg/Q     (v) triggered by  leading edge of 
'clk'
Path Groups: {reg2reg}
Analysis View: RPT_TYP
Other End Arrival Time          0.198
+ Removal                       0.246
+ Phase Shift                   0.000
- CPPR Adjustment               0.000
+ Uncertainty                   0.020
= Required Time                 0.464
  Arrival Time                  0.350
  Slack Time                   -0.114
     Clock Rise Edge                 0.000
     + Clock Network Latency (Prop)  0.197
     = Beginpoint Arrival Time       0.197
     +---------------------------------------------------------------------------------+ 
     |          Instance          |     Arc     |  Cell   | Delay | Arrival | Required | 
     |                            |             |         |       |  Time   |   Time   | 
     |----------------------------+-------------+---------+-------+---------+----------| 
     | u_reset_sync/stage2_reg    | CK ^        |         |       |   0.197 |    0.312 | 
     | u_reset_sync/stage2_reg    | CK ^ -> Q v | DFFS_X1 | 0.102 |   0.299 |    0.414 | 
     | datapath/g26966            | A v -> ZN ^ | INV_X8  | 0.049 |   0.348 |    0.462 | 
     | datapath/IFID_instr_reg[0] | RN ^        | DFFR_X1 | 0.002 |   0.350 |    0.464 | 
     +---------------------------------------------------------------------------------+ 
Path 2: VIOLATED Removal Check with Pin datapath/IFID_instr_reg[1]/CK 
Endpoint:   datapath/IFID_instr_reg[1]/RN (^) checked with  leading edge of 
'clk'
Beginpoint: u_reset_sync/stage2_reg/Q     (v) triggered by  leading edge of 
'clk'
Path Groups: {reg2reg}
Analysis View: RPT_TYP
Other End Arrival Time          0.198
+ Removal                       0.246
+ Phase Shift                   0.000
- CPPR Adjustment               0.000
+ Uncertainty                   0.020
= Required Time                 0.464
  Arrival Time                  0.351
  Slack Time                   -0.113
     Clock Rise Edge                 0.000
     + Clock Network Latency (Prop)  0.197
     = Beginpoint Arrival Time       0.197
     +---------------------------------------------------------------------------------+ 
     |          Instance          |     Arc     |  Cell   | Delay | Arrival | Required | 
     |                            |             |         |       |  Time   |   Time   | 
     |----------------------------+-------------+---------+-------+---------+----------| 
     | u_reset_sync/stage2_reg    | CK ^        |         |       |   0.197 |    0.311 | 
     | u_reset_sync/stage2_reg    | CK ^ -> Q v | DFFS_X1 | 0.102 |   0.299 |    0.413 | 
     | datapath/g26966            | A v -> ZN ^ | INV_X8  | 0.049 |   0.348 |    0.462 | 
     | datapath/IFID_instr_reg[1] | RN ^        | DFFR_X1 | 0.002 |   0.351 |    0.464 | 
     +---------------------------------------------------------------------------------+ 
Path 3: VIOLATED Removal Check with Pin datapath/IFID_instr_reg[3]/CK 
Endpoint:   datapath/IFID_instr_reg[3]/RN (^) checked with  leading edge of 
'clk'
Beginpoint: u_reset_sync/stage2_reg/Q     (v) triggered by  leading edge of 
'clk'
Path Groups: {reg2reg}
Analysis View: RPT_TYP
Other End Arrival Time          0.198
+ Removal                       0.246
+ Phase Shift                   0.000
- CPPR Adjustment               0.000
+ Uncertainty                   0.020
= Required Time                 0.464
  Arrival Time                  0.351
  Slack Time                   -0.113
     Clock Rise Edge                 0.000
     + Clock Network Latency (Prop)  0.197
     = Beginpoint Arrival Time       0.197
     +---------------------------------------------------------------------------------+ 
     |          Instance          |     Arc     |  Cell   | Delay | Arrival | Required | 
     |                            |             |         |       |  Time   |   Time   | 
     |----------------------------+-------------+---------+-------+---------+----------| 
     | u_reset_sync/stage2_reg    | CK ^        |         |       |   0.197 |    0.311 | 
     | u_reset_sync/stage2_reg    | CK ^ -> Q v | DFFS_X1 | 0.102 |   0.299 |    0.413 | 
     | datapath/g26966            | A v -> ZN ^ | INV_X8  | 0.049 |   0.348 |    0.461 | 
     | datapath/IFID_instr_reg[3] | RN ^        | DFFR_X1 | 0.002 |   0.351 |    0.464 | 
     +---------------------------------------------------------------------------------+ 
Path 4: VIOLATED Removal Check with Pin datapath/IFID_instr_reg[2]/CK 
Endpoint:   datapath/IFID_instr_reg[2]/RN (^) checked with  leading edge of 
'clk'
Beginpoint: u_reset_sync/stage2_reg/Q     (v) triggered by  leading edge of 
'clk'
Path Groups: {reg2reg}
Analysis View: RPT_TYP
Other End Arrival Time          0.198
+ Removal                       0.246
+ Phase Shift                   0.000
- CPPR Adjustment               0.000
+ Uncertainty                   0.020
= Required Time                 0.464
  Arrival Time                  0.351
  Slack Time                   -0.113
     Clock Rise Edge                 0.000
     + Clock Network Latency (Prop)  0.197
     = Beginpoint Arrival Time       0.197
     +---------------------------------------------------------------------------------+ 
     |          Instance          |     Arc     |  Cell   | Delay | Arrival | Required | 
     |                            |             |         |       |  Time   |   Time   | 
     |----------------------------+-------------+---------+-------+---------+----------| 
     | u_reset_sync/stage2_reg    | CK ^        |         |       |   0.197 |    0.311 | 
     | u_reset_sync/stage2_reg    | CK ^ -> Q v | DFFS_X1 | 0.102 |   0.299 |    0.413 | 
     | datapath/g26966            | A v -> ZN ^ | INV_X8  | 0.049 |   0.348 |    0.461 | 
     | datapath/IFID_instr_reg[2] | RN ^        | DFFR_X1 | 0.002 |   0.351 |    0.464 | 
     +---------------------------------------------------------------------------------+ 
Path 5: VIOLATED Removal Check with Pin datapath/IFID_instr_reg[5]/CK 
Endpoint:   datapath/IFID_instr_reg[5]/RN (^) checked with  leading edge of 
'clk'
Beginpoint: u_reset_sync/stage2_reg/Q     (v) triggered by  leading edge of 
'clk'
Path Groups: {reg2reg}
Analysis View: RPT_TYP
Other End Arrival Time          0.198
+ Removal                       0.246
+ Phase Shift                   0.000
- CPPR Adjustment               0.000
+ Uncertainty                   0.020
= Required Time                 0.464
  Arrival Time                  0.351
  Slack Time                   -0.113
     Clock Rise Edge                 0.000
     + Clock Network Latency (Prop)  0.197
     = Beginpoint Arrival Time       0.197
     +---------------------------------------------------------------------------------+ 
     |          Instance          |     Arc     |  Cell   | Delay | Arrival | Required | 
     |                            |             |         |       |  Time   |   Time   | 
     |----------------------------+-------------+---------+-------+---------+----------| 
     | u_reset_sync/stage2_reg    | CK ^        |         |       |   0.197 |    0.310 | 
     | u_reset_sync/stage2_reg    | CK ^ -> Q v | DFFS_X1 | 0.102 |   0.299 |    0.412 | 
     | datapath/g26966            | A v -> ZN ^ | INV_X8  | 0.049 |   0.348 |    0.461 | 
     | datapath/IFID_instr_reg[5] | RN ^        | DFFR_X1 | 0.003 |   0.351 |    0.464 | 
     +---------------------------------------------------------------------------------+ 
Path 6: VIOLATED Removal Check with Pin datapath/IFID_instr_reg[6]/CK 
Endpoint:   datapath/IFID_instr_reg[6]/RN (^) checked with  leading edge of 
'clk'
Beginpoint: u_reset_sync/stage2_reg/Q     (v) triggered by  leading edge of 
'clk'
Path Groups: {reg2reg}
Analysis View: RPT_TYP
Other End Arrival Time          0.198
+ Removal                       0.246
+ Phase Shift                   0.000
- CPPR Adjustment               0.000
+ Uncertainty                   0.020
= Required Time                 0.464
  Arrival Time                  0.351
  Slack Time                   -0.113
     Clock Rise Edge                 0.000
     + Clock Network Latency (Prop)  0.197
     = Beginpoint Arrival Time       0.197
     +---------------------------------------------------------------------------------+ 
     |          Instance          |     Arc     |  Cell   | Delay | Arrival | Required | 
     |                            |             |         |       |  Time   |   Time   | 
     |----------------------------+-------------+---------+-------+---------+----------| 
     | u_reset_sync/stage2_reg    | CK ^        |         |       |   0.197 |    0.310 | 
     | u_reset_sync/stage2_reg    | CK ^ -> Q v | DFFS_X1 | 0.102 |   0.299 |    0.412 | 
     | datapath/g26966            | A v -> ZN ^ | INV_X8  | 0.049 |   0.348 |    0.461 | 
     | datapath/IFID_instr_reg[6] | RN ^        | DFFR_X1 | 0.003 |   0.351 |    0.464 | 
     +---------------------------------------------------------------------------------+ 
Path 7: VIOLATED Removal Check with Pin datapath/IFID_pc_reg[18]/CK 
Endpoint:   datapath/IFID_pc_reg[18]/RN (^) checked with  leading edge of 'clk'
Beginpoint: u_reset_sync/stage2_reg/Q   (v) triggered by  leading edge of 'clk'
Path Groups: {reg2reg}
Analysis View: RPT_TYP
Other End Arrival Time          0.198
+ Removal                       0.248
+ Phase Shift                   0.000
- CPPR Adjustment               0.000
+ Uncertainty                   0.020
= Required Time                 0.466
  Arrival Time                  0.353
  Slack Time                   -0.113
     Clock Rise Edge                 0.000
     + Clock Network Latency (Prop)  0.197
     = Beginpoint Arrival Time       0.197
     +-------------------------------------------------------------------------------+ 
     |         Instance         |     Arc     |  Cell   | Delay | Arrival | Required | 
     |                          |             |         |       |  Time   |   Time   | 
     |--------------------------+-------------+---------+-------+---------+----------| 
     | u_reset_sync/stage2_reg  | CK ^        |         |       |   0.197 |    0.310 | 
     | u_reset_sync/stage2_reg  | CK ^ -> Q v | DFFS_X1 | 0.102 |   0.299 |    0.412 | 
     | datapath/g26966          | A v -> ZN ^ | INV_X8  | 0.049 |   0.348 |    0.461 | 
     | datapath/IFID_pc_reg[18] | RN ^        | DFFR_X1 | 0.005 |   0.353 |    0.466 | 
     +-------------------------------------------------------------------------------+ 
Path 8: VIOLATED Removal Check with Pin datapath/IFID_pc_reg[19]/CK 
Endpoint:   datapath/IFID_pc_reg[19]/RN (^) checked with  leading edge of 'clk'
Beginpoint: u_reset_sync/stage2_reg/Q   (v) triggered by  leading edge of 'clk'
Path Groups: {reg2reg}
Analysis View: RPT_TYP
Other End Arrival Time          0.198
+ Removal                       0.248
+ Phase Shift                   0.000
- CPPR Adjustment               0.000
+ Uncertainty                   0.020
= Required Time                 0.466
  Arrival Time                  0.354
  Slack Time                   -0.113
     Clock Rise Edge                 0.000
     + Clock Network Latency (Prop)  0.197
     = Beginpoint Arrival Time       0.197
     +-------------------------------------------------------------------------------+ 
     |         Instance         |     Arc     |  Cell   | Delay | Arrival | Required | 
     |                          |             |         |       |  Time   |   Time   | 
     |--------------------------+-------------+---------+-------+---------+----------| 
     | u_reset_sync/stage2_reg  | CK ^        |         |       |   0.197 |    0.310 | 
     | u_reset_sync/stage2_reg  | CK ^ -> Q v | DFFS_X1 | 0.102 |   0.299 |    0.412 | 
     | datapath/g26966          | A v -> ZN ^ | INV_X8  | 0.049 |   0.348 |    0.461 | 
     | datapath/IFID_pc_reg[19] | RN ^        | DFFR_X1 | 0.005 |   0.354 |    0.466 | 
     +-------------------------------------------------------------------------------+ 
Path 9: VIOLATED Removal Check with Pin datapath/IFID_instr_reg[8]/CK 
Endpoint:   datapath/IFID_instr_reg[8]/RN (^) checked with  leading edge of 
'clk'
Beginpoint: u_reset_sync/stage2_reg/Q     (v) triggered by  leading edge of 
'clk'
Path Groups: {reg2reg}
Analysis View: RPT_TYP
Other End Arrival Time          0.198
+ Removal                       0.246
+ Phase Shift                   0.000
- CPPR Adjustment               0.000
+ Uncertainty                   0.020
= Required Time                 0.464
  Arrival Time                  0.351
  Slack Time                   -0.113
     Clock Rise Edge                 0.000
     + Clock Network Latency (Prop)  0.197
     = Beginpoint Arrival Time       0.197
     +---------------------------------------------------------------------------------+ 
     |          Instance          |     Arc     |  Cell   | Delay | Arrival | Required | 
     |                            |             |         |       |  Time   |   Time   | 
     |----------------------------+-------------+---------+-------+---------+----------| 
     | u_reset_sync/stage2_reg    | CK ^        |         |       |   0.197 |    0.310 | 
     | u_reset_sync/stage2_reg    | CK ^ -> Q v | DFFS_X1 | 0.102 |   0.299 |    0.412 | 
     | datapath/g26966            | A v -> ZN ^ | INV_X8  | 0.049 |   0.348 |    0.461 | 
     | datapath/IFID_instr_reg[8] | RN ^        | DFFR_X1 | 0.003 |   0.351 |    0.464 | 
     +---------------------------------------------------------------------------------+ 
Path 10: VIOLATED Removal Check with Pin datapath/IFID_instr_reg[9]/CK 
Endpoint:   datapath/IFID_instr_reg[9]/RN (^) checked with  leading edge of 
'clk'
Beginpoint: u_reset_sync/stage2_reg/Q     (v) triggered by  leading edge of 
'clk'
Path Groups: {reg2reg}
Analysis View: RPT_TYP
Other End Arrival Time          0.198
+ Removal                       0.246
+ Phase Shift                   0.000
- CPPR Adjustment               0.000
+ Uncertainty                   0.020
= Required Time                 0.464
  Arrival Time                  0.351
  Slack Time                   -0.113
     Clock Rise Edge                 0.000
     + Clock Network Latency (Prop)  0.197
     = Beginpoint Arrival Time       0.197
     +---------------------------------------------------------------------------------+ 
     |          Instance          |     Arc     |  Cell   | Delay | Arrival | Required | 
     |                            |             |         |       |  Time   |   Time   | 
     |----------------------------+-------------+---------+-------+---------+----------| 
     | u_reset_sync/stage2_reg    | CK ^        |         |       |   0.197 |    0.310 | 
     | u_reset_sync/stage2_reg    | CK ^ -> Q v | DFFS_X1 | 0.102 |   0.299 |    0.412 | 
     | datapath/g26966            | A v -> ZN ^ | INV_X8  | 0.049 |   0.348 |    0.461 | 
     | datapath/IFID_instr_reg[9] | RN ^        | DFFR_X1 | 0.003 |   0.351 |    0.464 | 
     +---------------------------------------------------------------------------------+ 
Path 11: VIOLATED Removal Check with Pin datapath/IDEX_memWrite_reg/CK 
Endpoint:   datapath/IDEX_memWrite_reg/RN (^) checked with  leading edge of 
'clk'
Beginpoint: u_reset_sync/stage2_reg/Q     (v) triggered by  leading edge of 
'clk'
Path Groups: {reg2reg}
Analysis View: RPT_TYP
Other End Arrival Time          0.198
+ Removal                       0.246
+ Phase Shift                   0.000
- CPPR Adjustment               0.000
+ Uncertainty                   0.020
= Required Time                 0.464
  Arrival Time                  0.351
  Slack Time                   -0.113
     Clock Rise Edge                 0.000
     + Clock Network Latency (Prop)  0.197
     = Beginpoint Arrival Time       0.197
     +---------------------------------------------------------------------------------+ 
     |          Instance          |     Arc     |  Cell   | Delay | Arrival | Required | 
     |                            |             |         |       |  Time   |   Time   | 
     |----------------------------+-------------+---------+-------+---------+----------| 
     | u_reset_sync/stage2_reg    | CK ^        |         |       |   0.197 |    0.310 | 
     | u_reset_sync/stage2_reg    | CK ^ -> Q v | DFFS_X1 | 0.102 |   0.299 |    0.412 | 
     | datapath/g26966            | A v -> ZN ^ | INV_X8  | 0.049 |   0.348 |    0.461 | 
     | datapath/IDEX_memWrite_reg | RN ^        | DFFR_X1 | 0.003 |   0.351 |    0.464 | 
     +---------------------------------------------------------------------------------+ 
Path 12: VIOLATED Removal Check with Pin datapath/EXMEM_memWrite_reg/CK 
Endpoint:   datapath/EXMEM_memWrite_reg/RN (^) checked with  leading edge of 
'clk'
Beginpoint: u_reset_sync/stage2_reg/Q      (v) triggered by  leading edge of 
'clk'
Path Groups: {reg2reg}
Analysis View: RPT_TYP
Other End Arrival Time          0.198
+ Removal                       0.246
+ Phase Shift                   0.000
- CPPR Adjustment               0.000
+ Uncertainty                   0.020
= Required Time                 0.464
  Arrival Time                  0.351
  Slack Time                   -0.112
     Clock Rise Edge                 0.000
     + Clock Network Latency (Prop)  0.197
     = Beginpoint Arrival Time       0.197
     +----------------------------------------------------------------------------------+ 
     |          Instance           |     Arc     |  Cell   | Delay | Arrival | Required | 
     |                             |             |         |       |  Time   |   Time   | 
     |-----------------------------+-------------+---------+-------+---------+----------| 
     | u_reset_sync/stage2_reg     | CK ^        |         |       |   0.197 |    0.310 | 
     | u_reset_sync/stage2_reg     | CK ^ -> Q v | DFFS_X1 | 0.102 |   0.299 |    0.412 | 
     | datapath/g26966             | A v -> ZN ^ | INV_X8  | 0.049 |   0.348 |    0.461 | 
     | datapath/EXMEM_memWrite_reg | RN ^        | DFFR_X1 | 0.003 |   0.351 |    0.464 | 
     +----------------------------------------------------------------------------------+ 
Path 13: VIOLATED Removal Check with Pin datapath/IDEX_rd_reg[2]/CK 
Endpoint:   datapath/IDEX_rd_reg[2]/RN (^) checked with  leading edge of 'clk'
Beginpoint: u_reset_sync/stage2_reg/Q  (v) triggered by  leading edge of 'clk'
Path Groups: {reg2reg}
Analysis View: RPT_TYP
Other End Arrival Time          0.198
+ Removal                       0.246
+ Phase Shift                   0.000
- CPPR Adjustment               0.000
+ Uncertainty                   0.020
= Required Time                 0.464
  Arrival Time                  0.352
  Slack Time                   -0.112
     Clock Rise Edge                 0.000
     + Clock Network Latency (Prop)  0.197
     = Beginpoint Arrival Time       0.197
     +------------------------------------------------------------------------------+ 
     |        Instance         |     Arc     |  Cell   | Delay | Arrival | Required | 
     |                         |             |         |       |  Time   |   Time   | 
     |-------------------------+-------------+---------+-------+---------+----------| 
     | u_reset_sync/stage2_reg | CK ^        |         |       |   0.197 |    0.310 | 
     | u_reset_sync/stage2_reg | CK ^ -> Q v | DFFS_X1 | 0.102 |   0.299 |    0.412 | 
     | datapath/g26966         | A v -> ZN ^ | INV_X8  | 0.049 |   0.348 |    0.460 | 
     | datapath/IDEX_rd_reg[2] | RN ^        | DFFR_X1 | 0.003 |   0.352 |    0.464 | 
     +------------------------------------------------------------------------------+ 
Path 14: VIOLATED Removal Check with Pin datapath/IFID_instr_reg[7]/CK 
Endpoint:   datapath/IFID_instr_reg[7]/RN (^) checked with  leading edge of 
'clk'
Beginpoint: u_reset_sync/stage2_reg/Q     (v) triggered by  leading edge of 
'clk'
Path Groups: {reg2reg}
Analysis View: RPT_TYP
Other End Arrival Time          0.197
+ Removal                       0.246
+ Phase Shift                   0.000
- CPPR Adjustment               0.000
+ Uncertainty                   0.020
= Required Time                 0.463
  Arrival Time                  0.351
  Slack Time                   -0.112
     Clock Rise Edge                 0.000
     + Clock Network Latency (Prop)  0.197
     = Beginpoint Arrival Time       0.197
     +---------------------------------------------------------------------------------+ 
     |          Instance          |     Arc     |  Cell   | Delay | Arrival | Required | 
     |                            |             |         |       |  Time   |   Time   | 
     |----------------------------+-------------+---------+-------+---------+----------| 
     | u_reset_sync/stage2_reg    | CK ^        |         |       |   0.197 |    0.309 | 
     | u_reset_sync/stage2_reg    | CK ^ -> Q v | DFFS_X1 | 0.102 |   0.299 |    0.411 | 
     | datapath/g26966            | A v -> ZN ^ | INV_X8  | 0.049 |   0.348 |    0.460 | 
     | datapath/IFID_instr_reg[7] | RN ^        | DFFR_X1 | 0.003 |   0.351 |    0.463 | 
     +---------------------------------------------------------------------------------+ 
Path 15: VIOLATED Removal Check with Pin datapath/IFID_pc_reg[1]/CK 
Endpoint:   datapath/IFID_pc_reg[1]/RN (^) checked with  leading edge of 'clk'
Beginpoint: u_reset_sync/stage2_reg/Q  (v) triggered by  leading edge of 'clk'
Path Groups: {reg2reg}
Analysis View: RPT_TYP
Other End Arrival Time          0.198
+ Removal                       0.249
+ Phase Shift                   0.000
- CPPR Adjustment               0.000
+ Uncertainty                   0.020
= Required Time                 0.467
  Arrival Time                  0.356
  Slack Time                   -0.111
     Clock Rise Edge                 0.000
     + Clock Network Latency (Prop)  0.197
     = Beginpoint Arrival Time       0.197
     +------------------------------------------------------------------------------+ 
     |        Instance         |     Arc     |  Cell   | Delay | Arrival | Required | 
     |                         |             |         |       |  Time   |   Time   | 
     |-------------------------+-------------+---------+-------+---------+----------| 
     | u_reset_sync/stage2_reg | CK ^        |         |       |   0.197 |    0.308 | 
     | u_reset_sync/stage2_reg | CK ^ -> Q v | DFFS_X1 | 0.102 |   0.299 |    0.410 | 
     | datapath/g26966         | A v -> ZN ^ | INV_X8  | 0.049 |   0.348 |    0.459 | 
     | datapath/IFID_pc_reg[1] | RN ^        | DFFR_X1 | 0.008 |   0.356 |    0.467 | 
     +------------------------------------------------------------------------------+ 
Path 16: VIOLATED Removal Check with Pin datapath/IFID_instr_reg[31]/CK 
Endpoint:   datapath/IFID_instr_reg[31]/RN (^) checked with  leading edge of 
'clk'
Beginpoint: u_reset_sync/stage2_reg/Q      (v) triggered by  leading edge of 
'clk'
Path Groups: {reg2reg}
Analysis View: RPT_TYP
Other End Arrival Time          0.198
+ Removal                       0.249
+ Phase Shift                   0.000
- CPPR Adjustment               0.000
+ Uncertainty                   0.020
= Required Time                 0.467
  Arrival Time                  0.356
  Slack Time                   -0.111
     Clock Rise Edge                 0.000
     + Clock Network Latency (Prop)  0.197
     = Beginpoint Arrival Time       0.197
     +----------------------------------------------------------------------------------+ 
     |          Instance           |     Arc     |  Cell   | Delay | Arrival | Required | 
     |                             |             |         |       |  Time   |   Time   | 
     |-----------------------------+-------------+---------+-------+---------+----------| 
     | u_reset_sync/stage2_reg     | CK ^        |         |       |   0.197 |    0.308 | 
     | u_reset_sync/stage2_reg     | CK ^ -> Q v | DFFS_X1 | 0.102 |   0.299 |    0.410 | 
     | datapath/g26966             | A v -> ZN ^ | INV_X8  | 0.049 |   0.348 |    0.459 | 
     | datapath/IFID_instr_reg[31] | RN ^        | DFFR_X1 | 0.008 |   0.356 |    0.467 | 
     +----------------------------------------------------------------------------------+ 
Path 17: VIOLATED Removal Check with Pin datapath/IFID_pc_reg[20]/CK 
Endpoint:   datapath/IFID_pc_reg[20]/RN (^) checked with  leading edge of 'clk'
Beginpoint: u_reset_sync/stage2_reg/Q   (v) triggered by  leading edge of 'clk'
Path Groups: {reg2reg}
Analysis View: RPT_TYP
Other End Arrival Time          0.198
+ Removal                       0.249
+ Phase Shift                   0.000
- CPPR Adjustment               0.000
+ Uncertainty                   0.020
= Required Time                 0.467
  Arrival Time                  0.357
  Slack Time                   -0.110
     Clock Rise Edge                 0.000
     + Clock Network Latency (Prop)  0.197
     = Beginpoint Arrival Time       0.197
     +-------------------------------------------------------------------------------+ 
     |         Instance         |     Arc     |  Cell   | Delay | Arrival | Required | 
     |                          |             |         |       |  Time   |   Time   | 
     |--------------------------+-------------+---------+-------+---------+----------| 
     | u_reset_sync/stage2_reg  | CK ^        |         |       |   0.197 |    0.308 | 
     | u_reset_sync/stage2_reg  | CK ^ -> Q v | DFFS_X1 | 0.102 |   0.299 |    0.410 | 
     | datapath/g26966          | A v -> ZN ^ | INV_X8  | 0.049 |   0.348 |    0.458 | 
     | datapath/IFID_pc_reg[20] | RN ^        | DFFR_X1 | 0.009 |   0.357 |    0.467 | 
     +-------------------------------------------------------------------------------+ 
Path 18: VIOLATED Removal Check with Pin datapath/IFID_pc_reg[23]/CK 
Endpoint:   datapath/IFID_pc_reg[23]/RN (^) checked with  leading edge of 'clk'
Beginpoint: u_reset_sync/stage2_reg/Q   (v) triggered by  leading edge of 'clk'
Path Groups: {reg2reg}
Analysis View: RPT_TYP
Other End Arrival Time          0.199
+ Removal                       0.250
+ Phase Shift                   0.000
- CPPR Adjustment               0.000
+ Uncertainty                   0.020
= Required Time                 0.469
  Arrival Time                  0.359
  Slack Time                   -0.110
     Clock Rise Edge                 0.000
     + Clock Network Latency (Prop)  0.197
     = Beginpoint Arrival Time       0.197
     +-------------------------------------------------------------------------------+ 
     |         Instance         |     Arc     |  Cell   | Delay | Arrival | Required | 
     |                          |             |         |       |  Time   |   Time   | 
     |--------------------------+-------------+---------+-------+---------+----------| 
     | u_reset_sync/stage2_reg  | CK ^        |         |       |   0.197 |    0.307 | 
     | u_reset_sync/stage2_reg  | CK ^ -> Q v | DFFS_X1 | 0.102 |   0.299 |    0.409 | 
     | datapath/g26966          | A v -> ZN ^ | INV_X8  | 0.049 |   0.348 |    0.458 | 
     | datapath/IFID_pc_reg[23] | RN ^        | DFFR_X1 | 0.011 |   0.359 |    0.469 | 
     +-------------------------------------------------------------------------------+ 
Path 19: VIOLATED Removal Check with Pin datapath/IFID_pc_reg[17]/CK 
Endpoint:   datapath/IFID_pc_reg[17]/RN (^) checked with  leading edge of 'clk'
Beginpoint: u_reset_sync/stage2_reg/Q   (v) triggered by  leading edge of 'clk'
Path Groups: {reg2reg}
Analysis View: RPT_TYP
Other End Arrival Time          0.198
+ Removal                       0.249
+ Phase Shift                   0.000
- CPPR Adjustment               0.000
+ Uncertainty                   0.020
= Required Time                 0.467
  Arrival Time                  0.357
  Slack Time                   -0.110
     Clock Rise Edge                 0.000
     + Clock Network Latency (Prop)  0.197
     = Beginpoint Arrival Time       0.197
     +-------------------------------------------------------------------------------+ 
     |         Instance         |     Arc     |  Cell   | Delay | Arrival | Required | 
     |                          |             |         |       |  Time   |   Time   | 
     |--------------------------+-------------+---------+-------+---------+----------| 
     | u_reset_sync/stage2_reg  | CK ^        |         |       |   0.197 |    0.307 | 
     | u_reset_sync/stage2_reg  | CK ^ -> Q v | DFFS_X1 | 0.102 |   0.299 |    0.409 | 
     | datapath/g26966          | A v -> ZN ^ | INV_X8  | 0.049 |   0.348 |    0.458 | 
     | datapath/IFID_pc_reg[17] | RN ^        | DFFR_X1 | 0.009 |   0.357 |    0.467 | 
     +-------------------------------------------------------------------------------+ 
Path 20: VIOLATED Removal Check with Pin datapath/IFID_pc_reg[21]/CK 
Endpoint:   datapath/IFID_pc_reg[21]/RN (^) checked with  leading edge of 'clk'
Beginpoint: u_reset_sync/stage2_reg/Q   (v) triggered by  leading edge of 'clk'
Path Groups: {reg2reg}
Analysis View: RPT_TYP
Other End Arrival Time          0.199
+ Removal                       0.250
+ Phase Shift                   0.000
- CPPR Adjustment               0.000
+ Uncertainty                   0.020
= Required Time                 0.469
  Arrival Time                  0.359
  Slack Time                   -0.110
     Clock Rise Edge                 0.000
     + Clock Network Latency (Prop)  0.197
     = Beginpoint Arrival Time       0.197
     +-------------------------------------------------------------------------------+ 
     |         Instance         |     Arc     |  Cell   | Delay | Arrival | Required | 
     |                          |             |         |       |  Time   |   Time   | 
     |--------------------------+-------------+---------+-------+---------+----------| 
     | u_reset_sync/stage2_reg  | CK ^        |         |       |   0.197 |    0.307 | 
     | u_reset_sync/stage2_reg  | CK ^ -> Q v | DFFS_X1 | 0.102 |   0.299 |    0.409 | 
     | datapath/g26966          | A v -> ZN ^ | INV_X8  | 0.049 |   0.348 |    0.458 | 
     | datapath/IFID_pc_reg[21] | RN ^        | DFFR_X1 | 0.011 |   0.359 |    0.469 | 
     +-------------------------------------------------------------------------------+ 
Path 21: VIOLATED Removal Check with Pin datapath/IFID_pc_reg[22]/CK 
Endpoint:   datapath/IFID_pc_reg[22]/RN (^) checked with  leading edge of 'clk'
Beginpoint: u_reset_sync/stage2_reg/Q   (v) triggered by  leading edge of 'clk'
Path Groups: {reg2reg}
Analysis View: RPT_TYP
Other End Arrival Time          0.199
+ Removal                       0.250
+ Phase Shift                   0.000
- CPPR Adjustment               0.000
+ Uncertainty                   0.020
= Required Time                 0.469
  Arrival Time                  0.359
  Slack Time                   -0.110
     Clock Rise Edge                 0.000
     + Clock Network Latency (Prop)  0.197
     = Beginpoint Arrival Time       0.197
     +-------------------------------------------------------------------------------+ 
     |         Instance         |     Arc     |  Cell   | Delay | Arrival | Required | 
     |                          |             |         |       |  Time   |   Time   | 
     |--------------------------+-------------+---------+-------+---------+----------| 
     | u_reset_sync/stage2_reg  | CK ^        |         |       |   0.197 |    0.307 | 
     | u_reset_sync/stage2_reg  | CK ^ -> Q v | DFFS_X1 | 0.102 |   0.299 |    0.409 | 
     | datapath/g26966          | A v -> ZN ^ | INV_X8  | 0.049 |   0.348 |    0.458 | 
     | datapath/IFID_pc_reg[22] | RN ^        | DFFR_X1 | 0.011 |   0.359 |    0.469 | 
     +-------------------------------------------------------------------------------+ 
Path 22: VIOLATED Removal Check with Pin datapath/IDEX_imm_reg[21]/CK 
Endpoint:   datapath/IDEX_imm_reg[21]/RN (^) checked with  leading edge of 'clk'
Beginpoint: u_reset_sync/stage2_reg/Q    (v) triggered by  leading edge of 'clk'
Path Groups: {reg2reg}
Analysis View: RPT_TYP
Other End Arrival Time          0.198
+ Removal                       0.250
+ Phase Shift                   0.000
- CPPR Adjustment               0.000
+ Uncertainty                   0.020
= Required Time                 0.468
  Arrival Time                  0.360
  Slack Time                   -0.108
     Clock Rise Edge                 0.000
     + Clock Network Latency (Prop)  0.197
     = Beginpoint Arrival Time       0.197
     +--------------------------------------------------------------------------------+ 
     |         Instance          |     Arc     |  Cell   | Delay | Arrival | Required | 
     |                           |             |         |       |  Time   |   Time   | 
     |---------------------------+-------------+---------+-------+---------+----------| 
     | u_reset_sync/stage2_reg   | CK ^        |         |       |   0.197 |    0.305 | 
     | u_reset_sync/stage2_reg   | CK ^ -> Q v | DFFS_X1 | 0.102 |   0.299 |    0.407 | 
     | datapath/g26966           | A v -> ZN ^ | INV_X8  | 0.049 |   0.348 |    0.456 | 
     | datapath/IDEX_imm_reg[21] | RN ^        | DFFR_X1 | 0.012 |   0.360 |    0.468 | 
     +--------------------------------------------------------------------------------+ 
Path 23: VIOLATED Removal Check with Pin datapath/IDEX_imm_reg[20]/CK 
Endpoint:   datapath/IDEX_imm_reg[20]/RN (^) checked with  leading edge of 'clk'
Beginpoint: u_reset_sync/stage2_reg/Q    (v) triggered by  leading edge of 'clk'
Path Groups: {reg2reg}
Analysis View: RPT_TYP
Other End Arrival Time          0.198
+ Removal                       0.250
+ Phase Shift                   0.000
- CPPR Adjustment               0.000
+ Uncertainty                   0.020
= Required Time                 0.468
  Arrival Time                  0.360
  Slack Time                   -0.107
     Clock Rise Edge                 0.000
     + Clock Network Latency (Prop)  0.197
     = Beginpoint Arrival Time       0.197
     +--------------------------------------------------------------------------------+ 
     |         Instance          |     Arc     |  Cell   | Delay | Arrival | Required | 
     |                           |             |         |       |  Time   |   Time   | 
     |---------------------------+-------------+---------+-------+---------+----------| 
     | u_reset_sync/stage2_reg   | CK ^        |         |       |   0.197 |    0.305 | 
     | u_reset_sync/stage2_reg   | CK ^ -> Q v | DFFS_X1 | 0.102 |   0.299 |    0.407 | 
     | datapath/g26966           | A v -> ZN ^ | INV_X8  | 0.049 |   0.348 |    0.456 | 
     | datapath/IDEX_imm_reg[20] | RN ^        | DFFR_X1 | 0.012 |   0.360 |    0.468 | 
     +--------------------------------------------------------------------------------+ 
Path 24: VIOLATED Removal Check with Pin datapath/IFID_pc_reg[2]/CK 
Endpoint:   datapath/IFID_pc_reg[2]/RN (^) checked with  leading edge of 'clk'
Beginpoint: u_reset_sync/stage2_reg/Q  (v) triggered by  leading edge of 'clk'
Path Groups: {reg2reg}
Analysis View: RPT_TYP
Other End Arrival Time          0.200
+ Removal                       0.252
+ Phase Shift                   0.000
- CPPR Adjustment               0.000
+ Uncertainty                   0.020
= Required Time                 0.471
  Arrival Time                  0.366
  Slack Time                   -0.105
     Clock Rise Edge                 0.000
     + Clock Network Latency (Prop)  0.197
     = Beginpoint Arrival Time       0.197
     +------------------------------------------------------------------------------+ 
     |        Instance         |     Arc     |  Cell   | Delay | Arrival | Required | 
     |                         |             |         |       |  Time   |   Time   | 
     |-------------------------+-------------+---------+-------+---------+----------| 
     | u_reset_sync/stage2_reg | CK ^        |         |       |   0.197 |    0.303 | 
     | u_reset_sync/stage2_reg | CK ^ -> Q v | DFFS_X1 | 0.102 |   0.299 |    0.405 | 
     | datapath/g26966         | A v -> ZN ^ | INV_X8  | 0.049 |   0.348 |    0.453 | 
     | datapath/IFID_pc_reg[2] | RN ^        | DFFR_X1 | 0.018 |   0.366 |    0.471 | 
     +------------------------------------------------------------------------------+ 
Path 25: VIOLATED Removal Check with Pin datapath/IFID_pc_reg[3]/CK 
Endpoint:   datapath/IFID_pc_reg[3]/RN (^) checked with  leading edge of 'clk'
Beginpoint: u_reset_sync/stage2_reg/Q  (v) triggered by  leading edge of 'clk'
Path Groups: {reg2reg}
Analysis View: RPT_TYP
Other End Arrival Time          0.200
+ Removal                       0.252
+ Phase Shift                   0.000
- CPPR Adjustment               0.000
+ Uncertainty                   0.020
= Required Time                 0.472
  Arrival Time                  0.367
  Slack Time                   -0.104
     Clock Rise Edge                 0.000
     + Clock Network Latency (Prop)  0.197
     = Beginpoint Arrival Time       0.197
     +------------------------------------------------------------------------------+ 
     |        Instance         |     Arc     |  Cell   | Delay | Arrival | Required | 
     |                         |             |         |       |  Time   |   Time   | 
     |-------------------------+-------------+---------+-------+---------+----------| 
     | u_reset_sync/stage2_reg | CK ^        |         |       |   0.197 |    0.302 | 
     | u_reset_sync/stage2_reg | CK ^ -> Q v | DFFS_X1 | 0.102 |   0.299 |    0.404 | 
     | datapath/g26966         | A v -> ZN ^ | INV_X8  | 0.049 |   0.348 |    0.453 | 
     | datapath/IFID_pc_reg[3] | RN ^        | DFFR_X1 | 0.019 |   0.367 |    0.472 | 
     +------------------------------------------------------------------------------+ 
Path 26: VIOLATED Removal Check with Pin datapath/EXMEM_aluResult_reg[3]/CK 
Endpoint:   datapath/EXMEM_aluResult_reg[3]/RN (^) checked with  leading edge 
of 'clk'
Beginpoint: u_reset_sync/stage2_reg/Q          (v) triggered by  leading edge 
of 'clk'
Path Groups: {reg2reg}
Analysis View: RPT_TYP
Other End Arrival Time          0.204
+ Removal                       0.253
+ Phase Shift                   0.000
- CPPR Adjustment               0.000
+ Uncertainty                   0.020
= Required Time                 0.477
  Arrival Time                  0.375
  Slack Time                   -0.102
     Clock Rise Edge                 0.000
     + Clock Network Latency (Prop)  0.197
     = Beginpoint Arrival Time       0.197
     +--------------------------------------------------------------------------------------+ 
     |            Instance             |     Arc     |  Cell   | Delay | Arrival | Required | 
     |                                 |             |         |       |  Time   |   Time   | 
     |---------------------------------+-------------+---------+-------+---------+----------| 
     | u_reset_sync/stage2_reg         | CK ^        |         |       |   0.197 |    0.300 | 
     | u_reset_sync/stage2_reg         | CK ^ -> Q v | DFFS_X1 | 0.102 |   0.299 |    0.402 | 
     | datapath/g26966                 | A v -> ZN ^ | INV_X8  | 0.049 |   0.348 |    0.451 | 
     | datapath/EXMEM_aluResult_reg[3] | RN ^        | DFFR_X1 | 0.027 |   0.375 |    0.477 | 
     +--------------------------------------------------------------------------------------+ 
Path 27: VIOLATED Removal Check with Pin datapath/MEMWB_memData_reg[9]/CK 
Endpoint:   datapath/MEMWB_memData_reg[9]/RN (^) checked with  leading edge of 
'clk'
Beginpoint: u_reset_sync/stage2_reg/Q        (v) triggered by  leading edge of 
'clk'
Path Groups: {reg2reg}
Analysis View: RPT_TYP
Other End Arrival Time          0.204
+ Removal                       0.253
+ Phase Shift                   0.000
- CPPR Adjustment               0.000
+ Uncertainty                   0.020
= Required Time                 0.477
  Arrival Time                  0.375
  Slack Time                   -0.102
     Clock Rise Edge                 0.000
     + Clock Network Latency (Prop)  0.197
     = Beginpoint Arrival Time       0.197
     +------------------------------------------------------------------------------------+ 
     |           Instance            |     Arc     |  Cell   | Delay | Arrival | Required | 
     |                               |             |         |       |  Time   |   Time   | 
     |-------------------------------+-------------+---------+-------+---------+----------| 
     | u_reset_sync/stage2_reg       | CK ^        |         |       |   0.197 |    0.300 | 
     | u_reset_sync/stage2_reg       | CK ^ -> Q v | DFFS_X1 | 0.102 |   0.299 |    0.402 | 
     | datapath/g26966               | A v -> ZN ^ | INV_X8  | 0.049 |   0.348 |    0.450 | 
     | datapath/MEMWB_memData_reg[9] | RN ^        | DFFR_X1 | 0.027 |   0.375 |    0.477 | 
     +------------------------------------------------------------------------------------+ 
Path 28: VIOLATED Removal Check with Pin datapath/MEMWB_aluResult_reg[31]/CK 
Endpoint:   datapath/MEMWB_aluResult_reg[31]/RN (^) checked with  leading edge 
of 'clk'
Beginpoint: u_reset_sync/stage2_reg/Q           (v) triggered by  leading edge 
of 'clk'
Path Groups: {reg2reg}
Analysis View: RPT_TYP
Other End Arrival Time          0.204
+ Removal                       0.253
+ Phase Shift                   0.000
- CPPR Adjustment               0.000
+ Uncertainty                   0.020
= Required Time                 0.477
  Arrival Time                  0.376
  Slack Time                   -0.101
     Clock Rise Edge                 0.000
     + Clock Network Latency (Prop)  0.197
     = Beginpoint Arrival Time       0.197
     +---------------------------------------------------------------------------------------+ 
     |             Instance             |     Arc     |  Cell   | Delay | Arrival | Required | 
     |                                  |             |         |       |  Time   |   Time   | 
     |----------------------------------+-------------+---------+-------+---------+----------| 
     | u_reset_sync/stage2_reg          | CK ^        |         |       |   0.197 |    0.299 | 
     | u_reset_sync/stage2_reg          | CK ^ -> Q v | DFFS_X1 | 0.102 |   0.299 |    0.401 | 
     | datapath/g26966                  | A v -> ZN ^ | INV_X8  | 0.049 |   0.348 |    0.450 | 
     | datapath/MEMWB_aluResult_reg[31] | RN ^        | DFFR_X1 | 0.028 |   0.376 |    0.477 | 
     +---------------------------------------------------------------------------------------+ 
Path 29: VIOLATED Removal Check with Pin datapath/MEMWB_memData_reg[31]/CK 
Endpoint:   datapath/MEMWB_memData_reg[31]/RN (^) checked with  leading edge of 
'clk'
Beginpoint: u_reset_sync/stage2_reg/Q         (v) triggered by  leading edge of 
'clk'
Path Groups: {reg2reg}
Analysis View: RPT_TYP
Other End Arrival Time          0.204
+ Removal                       0.253
+ Phase Shift                   0.000
- CPPR Adjustment               0.000
+ Uncertainty                   0.020
= Required Time                 0.477
  Arrival Time                  0.376
  Slack Time                   -0.101
     Clock Rise Edge                 0.000
     + Clock Network Latency (Prop)  0.197
     = Beginpoint Arrival Time       0.197
     +-------------------------------------------------------------------------------------+ 
     |            Instance            |     Arc     |  Cell   | Delay | Arrival | Required | 
     |                                |             |         |       |  Time   |   Time   | 
     |--------------------------------+-------------+---------+-------+---------+----------| 
     | u_reset_sync/stage2_reg        | CK ^        |         |       |   0.197 |    0.299 | 
     | u_reset_sync/stage2_reg        | CK ^ -> Q v | DFFS_X1 | 0.102 |   0.299 |    0.401 | 
     | datapath/g26966                | A v -> ZN ^ | INV_X8  | 0.049 |   0.348 |    0.450 | 
     | datapath/MEMWB_memData_reg[31] | RN ^        | DFFR_X1 | 0.028 |   0.376 |    0.477 | 
     +-------------------------------------------------------------------------------------+ 
Path 30: VIOLATED Removal Check with Pin datapath/IDEX_readData2_reg[31]/CK 
Endpoint:   datapath/IDEX_readData2_reg[31]/RN (^) checked with  leading edge 
of 'clk'
Beginpoint: u_reset_sync/stage2_reg/Q          (v) triggered by  leading edge 
of 'clk'
Path Groups: {reg2reg}
Analysis View: RPT_TYP
Other End Arrival Time          0.204
+ Removal                       0.253
+ Phase Shift                   0.000
- CPPR Adjustment               0.000
+ Uncertainty                   0.020
= Required Time                 0.477
  Arrival Time                  0.376
  Slack Time                   -0.101
     Clock Rise Edge                 0.000
     + Clock Network Latency (Prop)  0.197
     = Beginpoint Arrival Time       0.197
     +--------------------------------------------------------------------------------------+ 
     |            Instance             |     Arc     |  Cell   | Delay | Arrival | Required | 
     |                                 |             |         |       |  Time   |   Time   | 
     |---------------------------------+-------------+---------+-------+---------+----------| 
     | u_reset_sync/stage2_reg         | CK ^        |         |       |   0.197 |    0.299 | 
     | u_reset_sync/stage2_reg         | CK ^ -> Q v | DFFS_X1 | 0.102 |   0.299 |    0.401 | 
     | datapath/g26966                 | A v -> ZN ^ | INV_X8  | 0.049 |   0.348 |    0.449 | 
     | datapath/IDEX_readData2_reg[31] | RN ^        | DFFR_X1 | 0.028 |   0.376 |    0.477 | 
     +--------------------------------------------------------------------------------------+ 
Path 31: VIOLATED Removal Check with Pin datapath/IDEX_readData2_reg[3]/CK 
Endpoint:   datapath/IDEX_readData2_reg[3]/RN (^) checked with  leading edge of 
'clk'
Beginpoint: u_reset_sync/stage2_reg/Q         (v) triggered by  leading edge of 
'clk'
Path Groups: {reg2reg}
Analysis View: RPT_TYP
Other End Arrival Time          0.204
+ Removal                       0.253
+ Phase Shift                   0.000
- CPPR Adjustment               0.000
+ Uncertainty                   0.020
= Required Time                 0.477
  Arrival Time                  0.376
  Slack Time                   -0.101
     Clock Rise Edge                 0.000
     + Clock Network Latency (Prop)  0.197
     = Beginpoint Arrival Time       0.197
     +-------------------------------------------------------------------------------------+ 
     |            Instance            |     Arc     |  Cell   | Delay | Arrival | Required | 
     |                                |             |         |       |  Time   |   Time   | 
     |--------------------------------+-------------+---------+-------+---------+----------| 
     | u_reset_sync/stage2_reg        | CK ^        |         |       |   0.197 |    0.299 | 
     | u_reset_sync/stage2_reg        | CK ^ -> Q v | DFFS_X1 | 0.102 |   0.299 |    0.401 | 
     | datapath/g26966                | A v -> ZN ^ | INV_X8  | 0.049 |   0.348 |    0.449 | 
     | datapath/IDEX_readData2_reg[3] | RN ^        | DFFR_X1 | 0.028 |   0.376 |    0.477 | 
     +-------------------------------------------------------------------------------------+ 
Path 32: VIOLATED Removal Check with Pin datapath/IFID_pc_reg[15]/CK 
Endpoint:   datapath/IFID_pc_reg[15]/RN (^) checked with  leading edge of 'clk'
Beginpoint: u_reset_sync/stage2_reg/Q   (v) triggered by  leading edge of 'clk'
Path Groups: {reg2reg}
Analysis View: RPT_TYP
Other End Arrival Time          0.198
+ Removal                       0.252
+ Phase Shift                   0.000
- CPPR Adjustment               0.000
+ Uncertainty                   0.020
= Required Time                 0.470
  Arrival Time                  0.369
  Slack Time                   -0.101
     Clock Rise Edge                 0.000
     + Clock Network Latency (Prop)  0.197
     = Beginpoint Arrival Time       0.197
     +-------------------------------------------------------------------------------+ 
     |         Instance         |     Arc     |  Cell   | Delay | Arrival | Required | 
     |                          |             |         |       |  Time   |   Time   | 
     |--------------------------+-------------+---------+-------+---------+----------| 
     | u_reset_sync/stage2_reg  | CK ^        |         |       |   0.197 |    0.298 | 
     | u_reset_sync/stage2_reg  | CK ^ -> Q v | DFFS_X1 | 0.102 |   0.299 |    0.400 | 
     | datapath/g26966          | A v -> ZN ^ | INV_X8  | 0.049 |   0.348 |    0.449 | 
     | datapath/IFID_pc_reg[15] | RN ^        | DFFR_X1 | 0.021 |   0.369 |    0.470 | 
     +-------------------------------------------------------------------------------+ 
Path 33: VIOLATED Removal Check with Pin datapath/IFID_pc_reg[14]/CK 
Endpoint:   datapath/IFID_pc_reg[14]/RN (^) checked with  leading edge of 'clk'
Beginpoint: u_reset_sync/stage2_reg/Q   (v) triggered by  leading edge of 'clk'
Path Groups: {reg2reg}
Analysis View: RPT_TYP
Other End Arrival Time          0.198
+ Removal                       0.252
+ Phase Shift                   0.000
- CPPR Adjustment               0.000
+ Uncertainty                   0.020
= Required Time                 0.470
  Arrival Time                  0.369
  Slack Time                   -0.101
     Clock Rise Edge                 0.000
     + Clock Network Latency (Prop)  0.197
     = Beginpoint Arrival Time       0.197
     +-------------------------------------------------------------------------------+ 
     |         Instance         |     Arc     |  Cell   | Delay | Arrival | Required | 
     |                          |             |         |       |  Time   |   Time   | 
     |--------------------------+-------------+---------+-------+---------+----------| 
     | u_reset_sync/stage2_reg  | CK ^        |         |       |   0.197 |    0.298 | 
     | u_reset_sync/stage2_reg  | CK ^ -> Q v | DFFS_X1 | 0.102 |   0.299 |    0.400 | 
     | datapath/g26966          | A v -> ZN ^ | INV_X8  | 0.049 |   0.348 |    0.449 | 
     | datapath/IFID_pc_reg[14] | RN ^        | DFFR_X1 | 0.021 |   0.369 |    0.470 | 
     +-------------------------------------------------------------------------------+ 
Path 34: VIOLATED Removal Check with Pin datapath/IDEX_imm_reg[22]/CK 
Endpoint:   datapath/IDEX_imm_reg[22]/RN (^) checked with  leading edge of 'clk'
Beginpoint: u_reset_sync/stage2_reg/Q    (v) triggered by  leading edge of 'clk'
Path Groups: {reg2reg}
Analysis View: RPT_TYP
Other End Arrival Time          0.198
+ Removal                       0.252
+ Phase Shift                   0.000
- CPPR Adjustment               0.000
+ Uncertainty                   0.020
= Required Time                 0.470
  Arrival Time                  0.369
  Slack Time                   -0.101
     Clock Rise Edge                 0.000
     + Clock Network Latency (Prop)  0.197
     = Beginpoint Arrival Time       0.197
     +--------------------------------------------------------------------------------+ 
     |         Instance          |     Arc     |  Cell   | Delay | Arrival | Required | 
     |                           |             |         |       |  Time   |   Time   | 
     |---------------------------+-------------+---------+-------+---------+----------| 
     | u_reset_sync/stage2_reg   | CK ^        |         |       |   0.197 |    0.298 | 
     | u_reset_sync/stage2_reg   | CK ^ -> Q v | DFFS_X1 | 0.102 |   0.299 |    0.400 | 
     | datapath/g26966           | A v -> ZN ^ | INV_X8  | 0.049 |   0.348 |    0.449 | 
     | datapath/IDEX_imm_reg[22] | RN ^        | DFFR_X1 | 0.021 |   0.369 |    0.470 | 
     +--------------------------------------------------------------------------------+ 
Path 35: VIOLATED Removal Check with Pin datapath/IDEX_imm_reg[0]/CK 
Endpoint:   datapath/IDEX_imm_reg[0]/RN (^) checked with  leading edge of 'clk'
Beginpoint: u_reset_sync/stage2_reg/Q   (v) triggered by  leading edge of 'clk'
Path Groups: {reg2reg}
Analysis View: RPT_TYP
Other End Arrival Time          0.198
+ Removal                       0.252
+ Phase Shift                   0.000
- CPPR Adjustment               0.000
+ Uncertainty                   0.020
= Required Time                 0.470
  Arrival Time                  0.369
  Slack Time                   -0.101
     Clock Rise Edge                 0.000
     + Clock Network Latency (Prop)  0.197
     = Beginpoint Arrival Time       0.197
     +-------------------------------------------------------------------------------+ 
     |         Instance         |     Arc     |  Cell   | Delay | Arrival | Required | 
     |                          |             |         |       |  Time   |   Time   | 
     |--------------------------+-------------+---------+-------+---------+----------| 
     | u_reset_sync/stage2_reg  | CK ^        |         |       |   0.197 |    0.298 | 
     | u_reset_sync/stage2_reg  | CK ^ -> Q v | DFFS_X1 | 0.102 |   0.299 |    0.400 | 
     | datapath/g26966          | A v -> ZN ^ | INV_X8  | 0.049 |   0.348 |    0.449 | 
     | datapath/IDEX_imm_reg[0] | RN ^        | DFFR_X1 | 0.021 |   0.369 |    0.470 | 
     +-------------------------------------------------------------------------------+ 
Path 36: VIOLATED Removal Check with Pin datapath/IFID_pc_reg[16]/CK 
Endpoint:   datapath/IFID_pc_reg[16]/RN (^) checked with  leading edge of 'clk'
Beginpoint: u_reset_sync/stage2_reg/Q   (v) triggered by  leading edge of 'clk'
Path Groups: {reg2reg}
Analysis View: RPT_TYP
Other End Arrival Time          0.198
+ Removal                       0.252
+ Phase Shift                   0.000
- CPPR Adjustment               0.000
+ Uncertainty                   0.020
= Required Time                 0.469
  Arrival Time                  0.369
  Slack Time                   -0.100
     Clock Rise Edge                 0.000
     + Clock Network Latency (Prop)  0.197
     = Beginpoint Arrival Time       0.197
     +-------------------------------------------------------------------------------+ 
     |         Instance         |     Arc     |  Cell   | Delay | Arrival | Required | 
     |                          |             |         |       |  Time   |   Time   | 
     |--------------------------+-------------+---------+-------+---------+----------| 
     | u_reset_sync/stage2_reg  | CK ^        |         |       |   0.197 |    0.298 | 
     | u_reset_sync/stage2_reg  | CK ^ -> Q v | DFFS_X1 | 0.102 |   0.299 |    0.400 | 
     | datapath/g26966          | A v -> ZN ^ | INV_X8  | 0.049 |   0.348 |    0.449 | 
     | datapath/IFID_pc_reg[16] | RN ^        | DFFR_X1 | 0.021 |   0.369 |    0.469 | 
     +-------------------------------------------------------------------------------+ 
Path 37: VIOLATED Removal Check with Pin datapath/IFID_instr_reg[30]/CK 
Endpoint:   datapath/IFID_instr_reg[30]/RN (^) checked with  leading edge of 
'clk'
Beginpoint: u_reset_sync/stage2_reg/Q      (v) triggered by  leading edge of 
'clk'
Path Groups: {reg2reg}
Analysis View: RPT_TYP
Other End Arrival Time          0.198
+ Removal                       0.252
+ Phase Shift                   0.000
- CPPR Adjustment               0.000
+ Uncertainty                   0.020
= Required Time                 0.469
  Arrival Time                  0.369
  Slack Time                   -0.100
     Clock Rise Edge                 0.000
     + Clock Network Latency (Prop)  0.197
     = Beginpoint Arrival Time       0.197
     +----------------------------------------------------------------------------------+ 
     |          Instance           |     Arc     |  Cell   | Delay | Arrival | Required | 
     |                             |             |         |       |  Time   |   Time   | 
     |-----------------------------+-------------+---------+-------+---------+----------| 
     | u_reset_sync/stage2_reg     | CK ^        |         |       |   0.197 |    0.298 | 
     | u_reset_sync/stage2_reg     | CK ^ -> Q v | DFFS_X1 | 0.102 |   0.299 |    0.400 | 
     | datapath/g26966             | A v -> ZN ^ | INV_X8  | 0.049 |   0.348 |    0.449 | 
     | datapath/IFID_instr_reg[30] | RN ^        | DFFR_X1 | 0.021 |   0.369 |    0.469 | 
     +----------------------------------------------------------------------------------+ 
Path 38: VIOLATED Removal Check with Pin datapath/IDEX_operation_reg[2]/CK 
Endpoint:   datapath/IDEX_operation_reg[2]/RN (^) checked with  leading edge of 
'clk'
Beginpoint: u_reset_sync/stage2_reg/Q         (v) triggered by  leading edge of 
'clk'
Path Groups: {reg2reg}
Analysis View: RPT_TYP
Other End Arrival Time          0.198
+ Removal                       0.252
+ Phase Shift                   0.000
- CPPR Adjustment               0.000
+ Uncertainty                   0.020
= Required Time                 0.469
  Arrival Time                  0.369
  Slack Time                   -0.100
     Clock Rise Edge                 0.000
     + Clock Network Latency (Prop)  0.197
     = Beginpoint Arrival Time       0.197
     +-------------------------------------------------------------------------------------+ 
     |            Instance            |     Arc     |  Cell   | Delay | Arrival | Required | 
     |                                |             |         |       |  Time   |   Time   | 
     |--------------------------------+-------------+---------+-------+---------+----------| 
     | u_reset_sync/stage2_reg        | CK ^        |         |       |   0.197 |    0.298 | 
     | u_reset_sync/stage2_reg        | CK ^ -> Q v | DFFS_X1 | 0.102 |   0.299 |    0.400 | 
     | datapath/g26966                | A v -> ZN ^ | INV_X8  | 0.049 |   0.348 |    0.449 | 
     | datapath/IDEX_operation_reg[2] | RN ^        | DFFR_X1 | 0.021 |   0.369 |    0.469 | 
     +-------------------------------------------------------------------------------------+ 
Path 39: VIOLATED Removal Check with Pin datapath/IDEX_imm_reg[23]/CK 
Endpoint:   datapath/IDEX_imm_reg[23]/RN (^) checked with  leading edge of 'clk'
Beginpoint: u_reset_sync/stage2_reg/Q    (v) triggered by  leading edge of 'clk'
Path Groups: {reg2reg}
Analysis View: RPT_TYP
Other End Arrival Time          0.198
+ Removal                       0.252
+ Phase Shift                   0.000
- CPPR Adjustment               0.000
+ Uncertainty                   0.020
= Required Time                 0.469
  Arrival Time                  0.369
  Slack Time                   -0.100
     Clock Rise Edge                 0.000
     + Clock Network Latency (Prop)  0.197
     = Beginpoint Arrival Time       0.197
     +--------------------------------------------------------------------------------+ 
     |         Instance          |     Arc     |  Cell   | Delay | Arrival | Required | 
     |                           |             |         |       |  Time   |   Time   | 
     |---------------------------+-------------+---------+-------+---------+----------| 
     | u_reset_sync/stage2_reg   | CK ^        |         |       |   0.197 |    0.298 | 
     | u_reset_sync/stage2_reg   | CK ^ -> Q v | DFFS_X1 | 0.102 |   0.299 |    0.400 | 
     | datapath/g26966           | A v -> ZN ^ | INV_X8  | 0.049 |   0.348 |    0.449 | 
     | datapath/IDEX_imm_reg[23] | RN ^        | DFFR_X1 | 0.021 |   0.369 |    0.469 | 
     +--------------------------------------------------------------------------------+ 
Path 40: VIOLATED Removal Check with Pin datapath/MEMWB_aluResult_reg[30]/CK 
Endpoint:   datapath/MEMWB_aluResult_reg[30]/RN (^) checked with  leading edge 
of 'clk'
Beginpoint: u_reset_sync/stage2_reg/Q           (v) triggered by  leading edge 
of 'clk'
Path Groups: {reg2reg}
Analysis View: RPT_TYP
Other End Arrival Time          0.203
+ Removal                       0.253
+ Phase Shift                   0.000
- CPPR Adjustment               0.000
+ Uncertainty                   0.020
= Required Time                 0.475
  Arrival Time                  0.376
  Slack Time                   -0.099
     Clock Rise Edge                 0.000
     + Clock Network Latency (Prop)  0.197
     = Beginpoint Arrival Time       0.197
     +---------------------------------------------------------------------------------------+ 
     |             Instance             |     Arc     |  Cell   | Delay | Arrival | Required | 
     |                                  |             |         |       |  Time   |   Time   | 
     |----------------------------------+-------------+---------+-------+---------+----------| 
     | u_reset_sync/stage2_reg          | CK ^        |         |       |   0.197 |    0.296 | 
     | u_reset_sync/stage2_reg          | CK ^ -> Q v | DFFS_X1 | 0.102 |   0.299 |    0.398 | 
     | datapath/g26966                  | A v -> ZN ^ | INV_X8  | 0.049 |   0.348 |    0.447 | 
     | datapath/MEMWB_aluResult_reg[30] | RN ^        | DFFR_X1 | 0.028 |   0.376 |    0.475 | 
     +---------------------------------------------------------------------------------------+ 
Path 41: VIOLATED Removal Check with Pin datapath/MEMWB_memData_reg[30]/CK 
Endpoint:   datapath/MEMWB_memData_reg[30]/RN (^) checked with  leading edge of 
'clk'
Beginpoint: u_reset_sync/stage2_reg/Q         (v) triggered by  leading edge of 
'clk'
Path Groups: {reg2reg}
Analysis View: RPT_TYP
Other End Arrival Time          0.203
+ Removal                       0.253
+ Phase Shift                   0.000
- CPPR Adjustment               0.000
+ Uncertainty                   0.020
= Required Time                 0.475
  Arrival Time                  0.376
  Slack Time                   -0.099
     Clock Rise Edge                 0.000
     + Clock Network Latency (Prop)  0.197
     = Beginpoint Arrival Time       0.197
     +-------------------------------------------------------------------------------------+ 
     |            Instance            |     Arc     |  Cell   | Delay | Arrival | Required | 
     |                                |             |         |       |  Time   |   Time   | 
     |--------------------------------+-------------+---------+-------+---------+----------| 
     | u_reset_sync/stage2_reg        | CK ^        |         |       |   0.197 |    0.296 | 
     | u_reset_sync/stage2_reg        | CK ^ -> Q v | DFFS_X1 | 0.102 |   0.299 |    0.398 | 
     | datapath/g26966                | A v -> ZN ^ | INV_X8  | 0.049 |   0.348 |    0.447 | 
     | datapath/MEMWB_memData_reg[30] | RN ^        | DFFR_X1 | 0.028 |   0.376 |    0.475 | 
     +-------------------------------------------------------------------------------------+ 
Path 42: VIOLATED Removal Check with Pin datapath/MEMWB_memData_reg[29]/CK 
Endpoint:   datapath/MEMWB_memData_reg[29]/RN (^) checked with  leading edge of 
'clk'
Beginpoint: u_reset_sync/stage2_reg/Q         (v) triggered by  leading edge of 
'clk'
Path Groups: {reg2reg}
Analysis View: RPT_TYP
Other End Arrival Time          0.203
+ Removal                       0.253
+ Phase Shift                   0.000
- CPPR Adjustment               0.000
+ Uncertainty                   0.020
= Required Time                 0.475
  Arrival Time                  0.377
  Slack Time                   -0.099
     Clock Rise Edge                 0.000
     + Clock Network Latency (Prop)  0.197
     = Beginpoint Arrival Time       0.197
     +-------------------------------------------------------------------------------------+ 
     |            Instance            |     Arc     |  Cell   | Delay | Arrival | Required | 
     |                                |             |         |       |  Time   |   Time   | 
     |--------------------------------+-------------+---------+-------+---------+----------| 
     | u_reset_sync/stage2_reg        | CK ^        |         |       |   0.197 |    0.296 | 
     | u_reset_sync/stage2_reg        | CK ^ -> Q v | DFFS_X1 | 0.102 |   0.299 |    0.398 | 
     | datapath/g26966                | A v -> ZN ^ | INV_X8  | 0.049 |   0.348 |    0.447 | 
     | datapath/MEMWB_memData_reg[29] | RN ^        | DFFR_X1 | 0.028 |   0.377 |    0.475 | 
     +-------------------------------------------------------------------------------------+ 
Path 43: VIOLATED Removal Check with Pin datapath/MEMWB_memData_reg[28]/CK 
Endpoint:   datapath/MEMWB_memData_reg[28]/RN (^) checked with  leading edge of 
'clk'
Beginpoint: u_reset_sync/stage2_reg/Q         (v) triggered by  leading edge of 
'clk'
Path Groups: {reg2reg}
Analysis View: RPT_TYP
Other End Arrival Time          0.203
+ Removal                       0.253
+ Phase Shift                   0.000
- CPPR Adjustment               0.000
+ Uncertainty                   0.020
= Required Time                 0.476
  Arrival Time                  0.377
  Slack Time                   -0.099
     Clock Rise Edge                 0.000
     + Clock Network Latency (Prop)  0.197
     = Beginpoint Arrival Time       0.197
     +-------------------------------------------------------------------------------------+ 
     |            Instance            |     Arc     |  Cell   | Delay | Arrival | Required | 
     |                                |             |         |       |  Time   |   Time   | 
     |--------------------------------+-------------+---------+-------+---------+----------| 
     | u_reset_sync/stage2_reg        | CK ^        |         |       |   0.197 |    0.296 | 
     | u_reset_sync/stage2_reg        | CK ^ -> Q v | DFFS_X1 | 0.102 |   0.299 |    0.398 | 
     | datapath/g26966                | A v -> ZN ^ | INV_X8  | 0.049 |   0.348 |    0.447 | 
     | datapath/MEMWB_memData_reg[28] | RN ^        | DFFR_X1 | 0.029 |   0.377 |    0.476 | 
     +-------------------------------------------------------------------------------------+ 
Path 44: VIOLATED Removal Check with Pin datapath/MEMWB_aluResult_reg[29]/CK 
Endpoint:   datapath/MEMWB_aluResult_reg[29]/RN (^) checked with  leading edge 
of 'clk'
Beginpoint: u_reset_sync/stage2_reg/Q           (v) triggered by  leading edge 
of 'clk'
Path Groups: {reg2reg}
Analysis View: RPT_TYP
Other End Arrival Time          0.203
+ Removal                       0.253
+ Phase Shift                   0.000
- CPPR Adjustment               0.000
+ Uncertainty                   0.020
= Required Time                 0.475
  Arrival Time                  0.377
  Slack Time                   -0.099
     Clock Rise Edge                 0.000
     + Clock Network Latency (Prop)  0.197
     = Beginpoint Arrival Time       0.197
     +---------------------------------------------------------------------------------------+ 
     |             Instance             |     Arc     |  Cell   | Delay | Arrival | Required | 
     |                                  |             |         |       |  Time   |   Time   | 
     |----------------------------------+-------------+---------+-------+---------+----------| 
     | u_reset_sync/stage2_reg          | CK ^        |         |       |   0.197 |    0.296 | 
     | u_reset_sync/stage2_reg          | CK ^ -> Q v | DFFS_X1 | 0.102 |   0.299 |    0.398 | 
     | datapath/g26966                  | A v -> ZN ^ | INV_X8  | 0.049 |   0.348 |    0.447 | 
     | datapath/MEMWB_aluResult_reg[29] | RN ^        | DFFR_X1 | 0.028 |   0.377 |    0.475 | 
     +---------------------------------------------------------------------------------------+ 
Path 45: VIOLATED Removal Check with Pin datapath/MEMWB_aluResult_reg[26]/CK 
Endpoint:   datapath/MEMWB_aluResult_reg[26]/RN (^) checked with  leading edge 
of 'clk'
Beginpoint: u_reset_sync/stage2_reg/Q           (v) triggered by  leading edge 
of 'clk'
Path Groups: {reg2reg}
Analysis View: RPT_TYP
Other End Arrival Time          0.203
+ Removal                       0.253
+ Phase Shift                   0.000
- CPPR Adjustment               0.000
+ Uncertainty                   0.020
= Required Time                 0.476
  Arrival Time                  0.377
  Slack Time                   -0.099
     Clock Rise Edge                 0.000
     + Clock Network Latency (Prop)  0.197
     = Beginpoint Arrival Time       0.197
     +---------------------------------------------------------------------------------------+ 
     |             Instance             |     Arc     |  Cell   | Delay | Arrival | Required | 
     |                                  |             |         |       |  Time   |   Time   | 
     |----------------------------------+-------------+---------+-------+---------+----------| 
     | u_reset_sync/stage2_reg          | CK ^        |         |       |   0.197 |    0.296 | 
     | u_reset_sync/stage2_reg          | CK ^ -> Q v | DFFS_X1 | 0.102 |   0.299 |    0.398 | 
     | datapath/g26966                  | A v -> ZN ^ | INV_X8  | 0.049 |   0.348 |    0.447 | 
     | datapath/MEMWB_aluResult_reg[26] | RN ^        | DFFR_X1 | 0.029 |   0.377 |    0.476 | 
     +---------------------------------------------------------------------------------------+ 
Path 46: VIOLATED Removal Check with Pin datapath/MEMWB_memData_reg[26]/CK 
Endpoint:   datapath/MEMWB_memData_reg[26]/RN (^) checked with  leading edge of 
'clk'
Beginpoint: u_reset_sync/stage2_reg/Q         (v) triggered by  leading edge of 
'clk'
Path Groups: {reg2reg}
Analysis View: RPT_TYP
Other End Arrival Time          0.203
+ Removal                       0.253
+ Phase Shift                   0.000
- CPPR Adjustment               0.000
+ Uncertainty                   0.020
= Required Time                 0.476
  Arrival Time                  0.377
  Slack Time                   -0.099
     Clock Rise Edge                 0.000
     + Clock Network Latency (Prop)  0.197
     = Beginpoint Arrival Time       0.197
     +-------------------------------------------------------------------------------------+ 
     |            Instance            |     Arc     |  Cell   | Delay | Arrival | Required | 
     |                                |             |         |       |  Time   |   Time   | 
     |--------------------------------+-------------+---------+-------+---------+----------| 
     | u_reset_sync/stage2_reg        | CK ^        |         |       |   0.197 |    0.296 | 
     | u_reset_sync/stage2_reg        | CK ^ -> Q v | DFFS_X1 | 0.102 |   0.299 |    0.398 | 
     | datapath/g26966                | A v -> ZN ^ | INV_X8  | 0.049 |   0.348 |    0.447 | 
     | datapath/MEMWB_memData_reg[26] | RN ^        | DFFR_X1 | 0.029 |   0.377 |    0.476 | 
     +-------------------------------------------------------------------------------------+ 
Path 47: VIOLATED Removal Check with Pin datapath/MEMWB_memData_reg[14]/CK 
Endpoint:   datapath/MEMWB_memData_reg[14]/RN (^) checked with  leading edge of 
'clk'
Beginpoint: u_reset_sync/stage2_reg/Q         (v) triggered by  leading edge of 
'clk'
Path Groups: {reg2reg}
Analysis View: RPT_TYP
Other End Arrival Time          0.203
+ Removal                       0.253
+ Phase Shift                   0.000
- CPPR Adjustment               0.000
+ Uncertainty                   0.020
= Required Time                 0.476
  Arrival Time                  0.377
  Slack Time                   -0.098
     Clock Rise Edge                 0.000
     + Clock Network Latency (Prop)  0.197
     = Beginpoint Arrival Time       0.197
     +-------------------------------------------------------------------------------------+ 
     |            Instance            |     Arc     |  Cell   | Delay | Arrival | Required | 
     |                                |             |         |       |  Time   |   Time   | 
     |--------------------------------+-------------+---------+-------+---------+----------| 
     | u_reset_sync/stage2_reg        | CK ^        |         |       |   0.197 |    0.296 | 
     | u_reset_sync/stage2_reg        | CK ^ -> Q v | DFFS_X1 | 0.102 |   0.299 |    0.398 | 
     | datapath/g26966                | A v -> ZN ^ | INV_X8  | 0.049 |   0.348 |    0.446 | 
     | datapath/MEMWB_memData_reg[14] | RN ^        | DFFR_X1 | 0.029 |   0.377 |    0.476 | 
     +-------------------------------------------------------------------------------------+ 
Path 48: VIOLATED Removal Check with Pin datapath/EXMEM_aluResult_reg[14]/CK 
Endpoint:   datapath/EXMEM_aluResult_reg[14]/RN (^) checked with  leading edge 
of 'clk'
Beginpoint: u_reset_sync/stage2_reg/Q           (v) triggered by  leading edge 
of 'clk'
Path Groups: {reg2reg}
Analysis View: RPT_TYP
Other End Arrival Time          0.203
+ Removal                       0.253
+ Phase Shift                   0.000
- CPPR Adjustment               0.000
+ Uncertainty                   0.020
= Required Time                 0.475
  Arrival Time                  0.377
  Slack Time                   -0.098
     Clock Rise Edge                 0.000
     + Clock Network Latency (Prop)  0.197
     = Beginpoint Arrival Time       0.197
     +---------------------------------------------------------------------------------------+ 
     |             Instance             |     Arc     |  Cell   | Delay | Arrival | Required | 
     |                                  |             |         |       |  Time   |   Time   | 
     |----------------------------------+-------------+---------+-------+---------+----------| 
     | u_reset_sync/stage2_reg          | CK ^        |         |       |   0.197 |    0.296 | 
     | u_reset_sync/stage2_reg          | CK ^ -> Q v | DFFS_X1 | 0.102 |   0.299 |    0.398 | 
     | datapath/g26966                  | A v -> ZN ^ | INV_X8  | 0.049 |   0.348 |    0.446 | 
     | datapath/EXMEM_aluResult_reg[14] | RN ^        | DFFR_X1 | 0.029 |   0.377 |    0.475 | 
     +---------------------------------------------------------------------------------------+ 
Path 49: VIOLATED Removal Check with Pin datapath/MEMWB_aluResult_reg[14]/CK 
Endpoint:   datapath/MEMWB_aluResult_reg[14]/RN (^) checked with  leading edge 
of 'clk'
Beginpoint: u_reset_sync/stage2_reg/Q           (v) triggered by  leading edge 
of 'clk'
Path Groups: {reg2reg}
Analysis View: RPT_TYP
Other End Arrival Time          0.203
+ Removal                       0.253
+ Phase Shift                   0.000
- CPPR Adjustment               0.000
+ Uncertainty                   0.020
= Required Time                 0.475
  Arrival Time                  0.377
  Slack Time                   -0.098
     Clock Rise Edge                 0.000
     + Clock Network Latency (Prop)  0.197
     = Beginpoint Arrival Time       0.197
     +---------------------------------------------------------------------------------------+ 
     |             Instance             |     Arc     |  Cell   | Delay | Arrival | Required | 
     |                                  |             |         |       |  Time   |   Time   | 
     |----------------------------------+-------------+---------+-------+---------+----------| 
     | u_reset_sync/stage2_reg          | CK ^        |         |       |   0.197 |    0.296 | 
     | u_reset_sync/stage2_reg          | CK ^ -> Q v | DFFS_X1 | 0.102 |   0.299 |    0.398 | 
     | datapath/g26966                  | A v -> ZN ^ | INV_X8  | 0.049 |   0.348 |    0.446 | 
     | datapath/MEMWB_aluResult_reg[14] | RN ^        | DFFR_X1 | 0.029 |   0.377 |    0.475 | 
     +---------------------------------------------------------------------------------------+ 
Path 50: VIOLATED Removal Check with Pin datapath/IFID_pc_reg[24]/CK 
Endpoint:   datapath/IFID_pc_reg[24]/RN (^) checked with  leading edge of 'clk'
Beginpoint: u_reset_sync/stage2_reg/Q   (v) triggered by  leading edge of 'clk'
Path Groups: {reg2reg}
Analysis View: RPT_TYP
Other End Arrival Time          0.214
+ Removal                       0.250
+ Phase Shift                   0.000
- CPPR Adjustment               0.000
+ Uncertainty                   0.020
= Required Time                 0.484
  Arrival Time                  0.445
  Slack Time                   -0.039
     Clock Rise Edge                 0.000
     + Clock Network Latency (Prop)  0.197
     = Beginpoint Arrival Time       0.197
     +-------------------------------------------------------------------------------+ 
     |         Instance         |     Arc     |  Cell   | Delay | Arrival | Required | 
     |                          |             |         |       |  Time   |   Time   | 
     |--------------------------+-------------+---------+-------+---------+----------| 
     | u_reset_sync/stage2_reg  | CK ^        |         |       |   0.197 |    0.236 | 
     | u_reset_sync/stage2_reg  | CK ^ -> Q v | DFFS_X1 | 0.102 |   0.299 |    0.338 | 
     | datapath/g26966          | A v -> ZN ^ | INV_X8  | 0.049 |   0.348 |    0.387 | 
     | datapath/FE_OFC857_n_0   | A ^ -> Z ^  | BUF_X4  | 0.092 |   0.440 |    0.478 | 
     | datapath/IFID_pc_reg[24] | RN ^        | DFFR_X1 | 0.006 |   0.445 |    0.484 | 
     +-------------------------------------------------------------------------------+ 

