###############################################################
#  Generated by:      Cadence Innovus 23.12-s091_1
#  OS:                Linux x86_64(Host ID nanohub-2908156-5)
#  Generated on:      Wed Aug 12 18:14:14 2026
#  Design:            pipelined_cpu_core
#  Command:           report_timing -early -view RPT_FAST -max_paths 50 -nworst 1 > reports/41_hold_fast.rpt
###############################################################
Path 1: VIOLATED Removal Check with Pin datapath/IFID_pc_reg[19]/CK 
Endpoint:   datapath/IFID_pc_reg[19]/RN (^) checked with  leading edge of 'clk'
Beginpoint: u_reset_sync/stage2_reg/Q   (v) triggered by  leading edge of 'clk'
Path Groups: {reg2reg}
Analysis View: RPT_FAST
Other End Arrival Time          0.131
+ Removal                       0.134
+ Phase Shift                   0.000
- CPPR Adjustment               0.000
+ Uncertainty                   0.020
= Required Time                 0.285
  Arrival Time                  0.225
  Slack Time                   -0.061
     Clock Rise Edge                 0.000
     + Clock Network Latency (Prop)  0.131
     = Beginpoint Arrival Time       0.131
     +-------------------------------------------------------------------------------+ 
     |         Instance         |     Arc     |  Cell   | Delay | Arrival | Required | 
     |                          |             |         |       |  Time   |   Time   | 
     |--------------------------+-------------+---------+-------+---------+----------| 
     | u_reset_sync/stage2_reg  | CK ^        |         |       |   0.131 |    0.192 | 
     | u_reset_sync/stage2_reg  | CK ^ -> Q v | DFFS_X1 | 0.065 |   0.195 |    0.256 | 
     | datapath/g26966          | A v -> ZN ^ | INV_X8  | 0.024 |   0.220 |    0.281 | 
     | datapath/IFID_pc_reg[19] | RN ^        | DFFR_X1 | 0.005 |   0.225 |    0.285 | 
     +-------------------------------------------------------------------------------+ 
Path 2: VIOLATED Removal Check with Pin datapath/IFID_pc_reg[18]/CK 
Endpoint:   datapath/IFID_pc_reg[18]/RN (^) checked with  leading edge of 'clk'
Beginpoint: u_reset_sync/stage2_reg/Q   (v) triggered by  leading edge of 'clk'
Path Groups: {reg2reg}
Analysis View: RPT_FAST
Other End Arrival Time          0.131
+ Removal                       0.134
+ Phase Shift                   0.000
- CPPR Adjustment               0.000
+ Uncertainty                   0.020
= Required Time                 0.285
  Arrival Time                  0.224
  Slack Time                   -0.061
     Clock Rise Edge                 0.000
     + Clock Network Latency (Prop)  0.131
     = Beginpoint Arrival Time       0.131
     +-------------------------------------------------------------------------------+ 
     |         Instance         |     Arc     |  Cell   | Delay | Arrival | Required | 
     |                          |             |         |       |  Time   |   Time   | 
     |--------------------------+-------------+---------+-------+---------+----------| 
     | u_reset_sync/stage2_reg  | CK ^        |         |       |   0.131 |    0.192 | 
     | u_reset_sync/stage2_reg  | CK ^ -> Q v | DFFS_X1 | 0.065 |   0.195 |    0.256 | 
     | datapath/g26966          | A v -> ZN ^ | INV_X8  | 0.024 |   0.220 |    0.281 | 
     | datapath/IFID_pc_reg[18] | RN ^        | DFFR_X1 | 0.005 |   0.224 |    0.285 | 
     +-------------------------------------------------------------------------------+ 
Path 3: VIOLATED Removal Check with Pin datapath/IFID_instr_reg[0]/CK 
Endpoint:   datapath/IFID_instr_reg[0]/RN (^) checked with  leading edge of 
'clk'
Beginpoint: u_reset_sync/stage2_reg/Q     (v) triggered by  leading edge of 
'clk'
Path Groups: {reg2reg}
Analysis View: RPT_FAST
Other End Arrival Time          0.131
+ Removal                       0.131
+ Phase Shift                   0.000
- CPPR Adjustment               0.000
+ Uncertainty                   0.020
= Required Time                 0.282
  Arrival Time                  0.221
  Slack Time                   -0.060
     Clock Rise Edge                 0.000
     + Clock Network Latency (Prop)  0.131
     = Beginpoint Arrival Time       0.131
     +---------------------------------------------------------------------------------+ 
     |          Instance          |     Arc     |  Cell   | Delay | Arrival | Required | 
     |                            |             |         |       |  Time   |   Time   | 
     |----------------------------+-------------+---------+-------+---------+----------| 
     | u_reset_sync/stage2_reg    | CK ^        |         |       |   0.131 |    0.191 | 
     | u_reset_sync/stage2_reg    | CK ^ -> Q v | DFFS_X1 | 0.065 |   0.195 |    0.256 | 
     | datapath/g26966            | A v -> ZN ^ | INV_X8  | 0.024 |   0.220 |    0.280 | 
     | datapath/IFID_instr_reg[0] | RN ^        | DFFR_X1 | 0.001 |   0.221 |    0.282 | 
     +---------------------------------------------------------------------------------+ 
Path 4: VIOLATED Removal Check with Pin datapath/IFID_pc_reg[1]/CK 
Endpoint:   datapath/IFID_pc_reg[1]/RN (^) checked with  leading edge of 'clk'
Beginpoint: u_reset_sync/stage2_reg/Q  (v) triggered by  leading edge of 'clk'
Path Groups: {reg2reg}
Analysis View: RPT_FAST
Other End Arrival Time          0.131
+ Removal                       0.136
+ Phase Shift                   0.000
- CPPR Adjustment               0.000
+ Uncertainty                   0.020
= Required Time                 0.287
  Arrival Time                  0.227
  Slack Time                   -0.060
     Clock Rise Edge                 0.000
     + Clock Network Latency (Prop)  0.131
     = Beginpoint Arrival Time       0.131
     +------------------------------------------------------------------------------+ 
     |        Instance         |     Arc     |  Cell   | Delay | Arrival | Required | 
     |                         |             |         |       |  Time   |   Time   | 
     |-------------------------+-------------+---------+-------+---------+----------| 
     | u_reset_sync/stage2_reg | CK ^        |         |       |   0.131 |    0.191 | 
     | u_reset_sync/stage2_reg | CK ^ -> Q v | DFFS_X1 | 0.065 |   0.195 |    0.256 | 
     | datapath/g26966         | A v -> ZN ^ | INV_X8  | 0.024 |   0.220 |    0.280 | 
     | datapath/IFID_pc_reg[1] | RN ^        | DFFR_X1 | 0.007 |   0.227 |    0.287 | 
     +------------------------------------------------------------------------------+ 
Path 5: VIOLATED Removal Check with Pin datapath/IFID_instr_reg[31]/CK 
Endpoint:   datapath/IFID_instr_reg[31]/RN (^) checked with  leading edge of 
'clk'
Beginpoint: u_reset_sync/stage2_reg/Q      (v) triggered by  leading edge of 
'clk'
Path Groups: {reg2reg}
Analysis View: RPT_FAST
Other End Arrival Time          0.131
+ Removal                       0.136
+ Phase Shift                   0.000
- CPPR Adjustment               0.000
+ Uncertainty                   0.020
= Required Time                 0.287
  Arrival Time                  0.227
  Slack Time                   -0.060
     Clock Rise Edge                 0.000
     + Clock Network Latency (Prop)  0.131
     = Beginpoint Arrival Time       0.131
     +----------------------------------------------------------------------------------+ 
     |          Instance           |     Arc     |  Cell   | Delay | Arrival | Required | 
     |                             |             |         |       |  Time   |   Time   | 
     |-----------------------------+-------------+---------+-------+---------+----------| 
     | u_reset_sync/stage2_reg     | CK ^        |         |       |   0.131 |    0.191 | 
     | u_reset_sync/stage2_reg     | CK ^ -> Q v | DFFS_X1 | 0.065 |   0.195 |    0.256 | 
     | datapath/g26966             | A v -> ZN ^ | INV_X8  | 0.024 |   0.220 |    0.280 | 
     | datapath/IFID_instr_reg[31] | RN ^        | DFFR_X1 | 0.007 |   0.227 |    0.287 | 
     +----------------------------------------------------------------------------------+ 
Path 6: VIOLATED Removal Check with Pin datapath/IFID_pc_reg[23]/CK 
Endpoint:   datapath/IFID_pc_reg[23]/RN (^) checked with  leading edge of 'clk'
Beginpoint: u_reset_sync/stage2_reg/Q   (v) triggered by  leading edge of 'clk'
Path Groups: {reg2reg}
Analysis View: RPT_FAST
Other End Arrival Time          0.132
+ Removal                       0.138
+ Phase Shift                   0.000
- CPPR Adjustment               0.000
+ Uncertainty                   0.020
= Required Time                 0.290
  Arrival Time                  0.230
  Slack Time                   -0.060
     Clock Rise Edge                 0.000
     + Clock Network Latency (Prop)  0.131
     = Beginpoint Arrival Time       0.131
     +-------------------------------------------------------------------------------+ 
     |         Instance         |     Arc     |  Cell   | Delay | Arrival | Required | 
     |                          |             |         |       |  Time   |   Time   | 
     |--------------------------+-------------+---------+-------+---------+----------| 
     | u_reset_sync/stage2_reg  | CK ^        |         |       |   0.131 |    0.191 | 
     | u_reset_sync/stage2_reg  | CK ^ -> Q v | DFFS_X1 | 0.065 |   0.195 |    0.255 | 
     | datapath/g26966          | A v -> ZN ^ | INV_X8  | 0.024 |   0.220 |    0.280 | 
     | datapath/IFID_pc_reg[23] | RN ^        | DFFR_X1 | 0.010 |   0.230 |    0.290 | 
     +-------------------------------------------------------------------------------+ 
Path 7: VIOLATED Removal Check with Pin datapath/IFID_pc_reg[20]/CK 
Endpoint:   datapath/IFID_pc_reg[20]/RN (^) checked with  leading edge of 'clk'
Beginpoint: u_reset_sync/stage2_reg/Q   (v) triggered by  leading edge of 'clk'
Path Groups: {reg2reg}
Analysis View: RPT_FAST
Other End Arrival Time          0.131
+ Removal                       0.137
+ Phase Shift                   0.000
- CPPR Adjustment               0.000
+ Uncertainty                   0.020
= Required Time                 0.288
  Arrival Time                  0.228
  Slack Time                   -0.060
     Clock Rise Edge                 0.000
     + Clock Network Latency (Prop)  0.131
     = Beginpoint Arrival Time       0.131
     +-------------------------------------------------------------------------------+ 
     |         Instance         |     Arc     |  Cell   | Delay | Arrival | Required | 
     |                          |             |         |       |  Time   |   Time   | 
     |--------------------------+-------------+---------+-------+---------+----------| 
     | u_reset_sync/stage2_reg  | CK ^        |         |       |   0.131 |    0.190 | 
     | u_reset_sync/stage2_reg  | CK ^ -> Q v | DFFS_X1 | 0.065 |   0.195 |    0.255 | 
     | datapath/g26966          | A v -> ZN ^ | INV_X8  | 0.024 |   0.220 |    0.280 | 
     | datapath/IFID_pc_reg[20] | RN ^        | DFFR_X1 | 0.008 |   0.228 |    0.288 | 
     +-------------------------------------------------------------------------------+ 
Path 8: VIOLATED Removal Check with Pin datapath/IFID_pc_reg[22]/CK 
Endpoint:   datapath/IFID_pc_reg[22]/RN (^) checked with  leading edge of 'clk'
Beginpoint: u_reset_sync/stage2_reg/Q   (v) triggered by  leading edge of 'clk'
Path Groups: {reg2reg}
Analysis View: RPT_FAST
Other End Arrival Time          0.132
+ Removal                       0.138
+ Phase Shift                   0.000
- CPPR Adjustment               0.000
+ Uncertainty                   0.020
= Required Time                 0.290
  Arrival Time                  0.230
  Slack Time                   -0.060
     Clock Rise Edge                 0.000
     + Clock Network Latency (Prop)  0.131
     = Beginpoint Arrival Time       0.131
     +-------------------------------------------------------------------------------+ 
     |         Instance         |     Arc     |  Cell   | Delay | Arrival | Required | 
     |                          |             |         |       |  Time   |   Time   | 
     |--------------------------+-------------+---------+-------+---------+----------| 
     | u_reset_sync/stage2_reg  | CK ^        |         |       |   0.131 |    0.190 | 
     | u_reset_sync/stage2_reg  | CK ^ -> Q v | DFFS_X1 | 0.065 |   0.195 |    0.255 | 
     | datapath/g26966          | A v -> ZN ^ | INV_X8  | 0.024 |   0.220 |    0.280 | 
     | datapath/IFID_pc_reg[22] | RN ^        | DFFR_X1 | 0.010 |   0.230 |    0.290 | 
     +-------------------------------------------------------------------------------+ 
Path 9: VIOLATED Removal Check with Pin datapath/IFID_pc_reg[21]/CK 
Endpoint:   datapath/IFID_pc_reg[21]/RN (^) checked with  leading edge of 'clk'
Beginpoint: u_reset_sync/stage2_reg/Q   (v) triggered by  leading edge of 'clk'
Path Groups: {reg2reg}
Analysis View: RPT_FAST
Other End Arrival Time          0.132
+ Removal                       0.138
+ Phase Shift                   0.000
- CPPR Adjustment               0.000
+ Uncertainty                   0.020
= Required Time                 0.290
  Arrival Time                  0.230
  Slack Time                   -0.060
     Clock Rise Edge                 0.000
     + Clock Network Latency (Prop)  0.131
     = Beginpoint Arrival Time       0.131
     +-------------------------------------------------------------------------------+ 
     |         Instance         |     Arc     |  Cell   | Delay | Arrival | Required | 
     |                          |             |         |       |  Time   |   Time   | 
     |--------------------------+-------------+---------+-------+---------+----------| 
     | u_reset_sync/stage2_reg  | CK ^        |         |       |   0.131 |    0.190 | 
     | u_reset_sync/stage2_reg  | CK ^ -> Q v | DFFS_X1 | 0.065 |   0.195 |    0.255 | 
     | datapath/g26966          | A v -> ZN ^ | INV_X8  | 0.024 |   0.220 |    0.280 | 
     | datapath/IFID_pc_reg[21] | RN ^        | DFFR_X1 | 0.010 |   0.230 |    0.290 | 
     +-------------------------------------------------------------------------------+ 
Path 10: VIOLATED Removal Check with Pin datapath/IFID_instr_reg[1]/CK 
Endpoint:   datapath/IFID_instr_reg[1]/RN (^) checked with  leading edge of 
'clk'
Beginpoint: u_reset_sync/stage2_reg/Q     (v) triggered by  leading edge of 
'clk'
Path Groups: {reg2reg}
Analysis View: RPT_FAST
Other End Arrival Time          0.131
+ Removal                       0.131
+ Phase Shift                   0.000
- CPPR Adjustment               0.000
+ Uncertainty                   0.020
= Required Time                 0.282
  Arrival Time                  0.222
  Slack Time                   -0.060
     Clock Rise Edge                 0.000
     + Clock Network Latency (Prop)  0.131
     = Beginpoint Arrival Time       0.131
     +---------------------------------------------------------------------------------+ 
     |          Instance          |     Arc     |  Cell   | Delay | Arrival | Required | 
     |                            |             |         |       |  Time   |   Time   | 
     |----------------------------+-------------+---------+-------+---------+----------| 
     | u_reset_sync/stage2_reg    | CK ^        |         |       |   0.131 |    0.190 | 
     | u_reset_sync/stage2_reg    | CK ^ -> Q v | DFFS_X1 | 0.065 |   0.195 |    0.255 | 
     | datapath/g26966            | A v -> ZN ^ | INV_X8  | 0.024 |   0.220 |    0.279 | 
     | datapath/IFID_instr_reg[1] | RN ^        | DFFR_X1 | 0.002 |   0.222 |    0.282 | 
     +---------------------------------------------------------------------------------+ 
Path 11: VIOLATED Removal Check with Pin datapath/IFID_pc_reg[17]/CK 
Endpoint:   datapath/IFID_pc_reg[17]/RN (^) checked with  leading edge of 'clk'
Beginpoint: u_reset_sync/stage2_reg/Q   (v) triggered by  leading edge of 'clk'
Path Groups: {reg2reg}
Analysis View: RPT_FAST
Other End Arrival Time          0.131
+ Removal                       0.137
+ Phase Shift                   0.000
- CPPR Adjustment               0.000
+ Uncertainty                   0.020
= Required Time                 0.288
  Arrival Time                  0.228
  Slack Time                   -0.060
     Clock Rise Edge                 0.000
     + Clock Network Latency (Prop)  0.131
     = Beginpoint Arrival Time       0.131
     +-------------------------------------------------------------------------------+ 
     |         Instance         |     Arc     |  Cell   | Delay | Arrival | Required | 
     |                          |             |         |       |  Time   |   Time   | 
     |--------------------------+-------------+---------+-------+---------+----------| 
     | u_reset_sync/stage2_reg  | CK ^        |         |       |   0.131 |    0.190 | 
     | u_reset_sync/stage2_reg  | CK ^ -> Q v | DFFS_X1 | 0.065 |   0.195 |    0.255 | 
     | datapath/g26966          | A v -> ZN ^ | INV_X8  | 0.024 |   0.220 |    0.279 | 
     | datapath/IFID_pc_reg[17] | RN ^        | DFFR_X1 | 0.008 |   0.228 |    0.288 | 
     +-------------------------------------------------------------------------------+ 
Path 12: VIOLATED Removal Check with Pin datapath/IFID_instr_reg[3]/CK 
Endpoint:   datapath/IFID_instr_reg[3]/RN (^) checked with  leading edge of 
'clk'
Beginpoint: u_reset_sync/stage2_reg/Q     (v) triggered by  leading edge of 
'clk'
Path Groups: {reg2reg}
Analysis View: RPT_FAST
Other End Arrival Time          0.131
+ Removal                       0.131
+ Phase Shift                   0.000
- CPPR Adjustment               0.000
+ Uncertainty                   0.020
= Required Time                 0.282
  Arrival Time                  0.222
  Slack Time                   -0.059
     Clock Rise Edge                 0.000
     + Clock Network Latency (Prop)  0.131
     = Beginpoint Arrival Time       0.131
     +---------------------------------------------------------------------------------+ 
     |          Instance          |     Arc     |  Cell   | Delay | Arrival | Required | 
     |                            |             |         |       |  Time   |   Time   | 
     |----------------------------+-------------+---------+-------+---------+----------| 
     | u_reset_sync/stage2_reg    | CK ^        |         |       |   0.131 |    0.190 | 
     | u_reset_sync/stage2_reg    | CK ^ -> Q v | DFFS_X1 | 0.065 |   0.195 |    0.255 | 
     | datapath/g26966            | A v -> ZN ^ | INV_X8  | 0.024 |   0.220 |    0.279 | 
     | datapath/IFID_instr_reg[3] | RN ^        | DFFR_X1 | 0.002 |   0.222 |    0.282 | 
     +---------------------------------------------------------------------------------+ 
Path 13: VIOLATED Removal Check with Pin datapath/IFID_instr_reg[2]/CK 
Endpoint:   datapath/IFID_instr_reg[2]/RN (^) checked with  leading edge of 
'clk'
Beginpoint: u_reset_sync/stage2_reg/Q     (v) triggered by  leading edge of 
'clk'
Path Groups: {reg2reg}
Analysis View: RPT_FAST
Other End Arrival Time          0.131
+ Removal                       0.131
+ Phase Shift                   0.000
- CPPR Adjustment               0.000
+ Uncertainty                   0.020
= Required Time                 0.282
  Arrival Time                  0.222
  Slack Time                   -0.059
     Clock Rise Edge                 0.000
     + Clock Network Latency (Prop)  0.131
     = Beginpoint Arrival Time       0.131
     +---------------------------------------------------------------------------------+ 
     |          Instance          |     Arc     |  Cell   | Delay | Arrival | Required | 
     |                            |             |         |       |  Time   |   Time   | 
     |----------------------------+-------------+---------+-------+---------+----------| 
     | u_reset_sync/stage2_reg    | CK ^        |         |       |   0.131 |    0.190 | 
     | u_reset_sync/stage2_reg    | CK ^ -> Q v | DFFS_X1 | 0.065 |   0.195 |    0.255 | 
     | datapath/g26966            | A v -> ZN ^ | INV_X8  | 0.024 |   0.220 |    0.279 | 
     | datapath/IFID_instr_reg[2] | RN ^        | DFFR_X1 | 0.002 |   0.222 |    0.282 | 
     +---------------------------------------------------------------------------------+ 
Path 14: VIOLATED Removal Check with Pin datapath/IFID_instr_reg[5]/CK 
Endpoint:   datapath/IFID_instr_reg[5]/RN (^) checked with  leading edge of 
'clk'
Beginpoint: u_reset_sync/stage2_reg/Q     (v) triggered by  leading edge of 
'clk'
Path Groups: {reg2reg}
Analysis View: RPT_FAST
Other End Arrival Time          0.131
+ Removal                       0.131
+ Phase Shift                   0.000
- CPPR Adjustment               0.000
+ Uncertainty                   0.020
= Required Time                 0.282
  Arrival Time                  0.222
  Slack Time                   -0.059
     Clock Rise Edge                 0.000
     + Clock Network Latency (Prop)  0.131
     = Beginpoint Arrival Time       0.131
     +---------------------------------------------------------------------------------+ 
     |          Instance          |     Arc     |  Cell   | Delay | Arrival | Required | 
     |                            |             |         |       |  Time   |   Time   | 
     |----------------------------+-------------+---------+-------+---------+----------| 
     | u_reset_sync/stage2_reg    | CK ^        |         |       |   0.131 |    0.190 | 
     | u_reset_sync/stage2_reg    | CK ^ -> Q v | DFFS_X1 | 0.065 |   0.195 |    0.255 | 
     | datapath/g26966            | A v -> ZN ^ | INV_X8  | 0.024 |   0.220 |    0.279 | 
     | datapath/IFID_instr_reg[5] | RN ^        | DFFR_X1 | 0.003 |   0.222 |    0.282 | 
     +---------------------------------------------------------------------------------+ 
Path 15: VIOLATED Removal Check with Pin datapath/IFID_instr_reg[6]/CK 
Endpoint:   datapath/IFID_instr_reg[6]/RN (^) checked with  leading edge of 
'clk'
Beginpoint: u_reset_sync/stage2_reg/Q     (v) triggered by  leading edge of 
'clk'
Path Groups: {reg2reg}
Analysis View: RPT_FAST
Other End Arrival Time          0.131
+ Removal                       0.131
+ Phase Shift                   0.000
- CPPR Adjustment               0.000
+ Uncertainty                   0.020
= Required Time                 0.282
  Arrival Time                  0.222
  Slack Time                   -0.059
     Clock Rise Edge                 0.000
     + Clock Network Latency (Prop)  0.131
     = Beginpoint Arrival Time       0.131
     +---------------------------------------------------------------------------------+ 
     |          Instance          |     Arc     |  Cell   | Delay | Arrival | Required | 
     |                            |             |         |       |  Time   |   Time   | 
     |----------------------------+-------------+---------+-------+---------+----------| 
     | u_reset_sync/stage2_reg    | CK ^        |         |       |   0.131 |    0.190 | 
     | u_reset_sync/stage2_reg    | CK ^ -> Q v | DFFS_X1 | 0.065 |   0.195 |    0.255 | 
     | datapath/g26966            | A v -> ZN ^ | INV_X8  | 0.024 |   0.220 |    0.279 | 
     | datapath/IFID_instr_reg[6] | RN ^        | DFFR_X1 | 0.003 |   0.222 |    0.282 | 
     +---------------------------------------------------------------------------------+ 
Path 16: VIOLATED Removal Check with Pin datapath/IFID_instr_reg[8]/CK 
Endpoint:   datapath/IFID_instr_reg[8]/RN (^) checked with  leading edge of 
'clk'
Beginpoint: u_reset_sync/stage2_reg/Q     (v) triggered by  leading edge of 
'clk'
Path Groups: {reg2reg}
Analysis View: RPT_FAST
Other End Arrival Time          0.131
+ Removal                       0.131
+ Phase Shift                   0.000
- CPPR Adjustment               0.000
+ Uncertainty                   0.020
= Required Time                 0.282
  Arrival Time                  0.223
  Slack Time                   -0.059
     Clock Rise Edge                 0.000
     + Clock Network Latency (Prop)  0.131
     = Beginpoint Arrival Time       0.131
     +---------------------------------------------------------------------------------+ 
     |          Instance          |     Arc     |  Cell   | Delay | Arrival | Required | 
     |                            |             |         |       |  Time   |   Time   | 
     |----------------------------+-------------+---------+-------+---------+----------| 
     | u_reset_sync/stage2_reg    | CK ^        |         |       |   0.131 |    0.190 | 
     | u_reset_sync/stage2_reg    | CK ^ -> Q v | DFFS_X1 | 0.065 |   0.195 |    0.255 | 
     | datapath/g26966            | A v -> ZN ^ | INV_X8  | 0.024 |   0.220 |    0.279 | 
     | datapath/IFID_instr_reg[8] | RN ^        | DFFR_X1 | 0.003 |   0.223 |    0.282 | 
     +---------------------------------------------------------------------------------+ 
Path 17: VIOLATED Removal Check with Pin datapath/IFID_instr_reg[9]/CK 
Endpoint:   datapath/IFID_instr_reg[9]/RN (^) checked with  leading edge of 
'clk'
Beginpoint: u_reset_sync/stage2_reg/Q     (v) triggered by  leading edge of 
'clk'
Path Groups: {reg2reg}
Analysis View: RPT_FAST
Other End Arrival Time          0.131
+ Removal                       0.131
+ Phase Shift                   0.000
- CPPR Adjustment               0.000
+ Uncertainty                   0.020
= Required Time                 0.282
  Arrival Time                  0.223
  Slack Time                   -0.059
     Clock Rise Edge                 0.000
     + Clock Network Latency (Prop)  0.131
     = Beginpoint Arrival Time       0.131
     +---------------------------------------------------------------------------------+ 
     |          Instance          |     Arc     |  Cell   | Delay | Arrival | Required | 
     |                            |             |         |       |  Time   |   Time   | 
     |----------------------------+-------------+---------+-------+---------+----------| 
     | u_reset_sync/stage2_reg    | CK ^        |         |       |   0.131 |    0.190 | 
     | u_reset_sync/stage2_reg    | CK ^ -> Q v | DFFS_X1 | 0.065 |   0.195 |    0.254 | 
     | datapath/g26966            | A v -> ZN ^ | INV_X8  | 0.024 |   0.220 |    0.279 | 
     | datapath/IFID_instr_reg[9] | RN ^        | DFFR_X1 | 0.003 |   0.223 |    0.282 | 
     +---------------------------------------------------------------------------------+ 
Path 18: VIOLATED Removal Check with Pin datapath/IDEX_memWrite_reg/CK 
Endpoint:   datapath/IDEX_memWrite_reg/RN (^) checked with  leading edge of 
'clk'
Beginpoint: u_reset_sync/stage2_reg/Q     (v) triggered by  leading edge of 
'clk'
Path Groups: {reg2reg}
Analysis View: RPT_FAST
Other End Arrival Time          0.131
+ Removal                       0.131
+ Phase Shift                   0.000
- CPPR Adjustment               0.000
+ Uncertainty                   0.020
= Required Time                 0.282
  Arrival Time                  0.223
  Slack Time                   -0.059
     Clock Rise Edge                 0.000
     + Clock Network Latency (Prop)  0.131
     = Beginpoint Arrival Time       0.131
     +---------------------------------------------------------------------------------+ 
     |          Instance          |     Arc     |  Cell   | Delay | Arrival | Required | 
     |                            |             |         |       |  Time   |   Time   | 
     |----------------------------+-------------+---------+-------+---------+----------| 
     | u_reset_sync/stage2_reg    | CK ^        |         |       |   0.131 |    0.189 | 
     | u_reset_sync/stage2_reg    | CK ^ -> Q v | DFFS_X1 | 0.065 |   0.195 |    0.254 | 
     | datapath/g26966            | A v -> ZN ^ | INV_X8  | 0.024 |   0.220 |    0.279 | 
     | datapath/IDEX_memWrite_reg | RN ^        | DFFR_X1 | 0.003 |   0.223 |    0.282 | 
     +---------------------------------------------------------------------------------+ 
Path 19: VIOLATED Removal Check with Pin datapath/EXMEM_memWrite_reg/CK 
Endpoint:   datapath/EXMEM_memWrite_reg/RN (^) checked with  leading edge of 
'clk'
Beginpoint: u_reset_sync/stage2_reg/Q      (v) triggered by  leading edge of 
'clk'
Path Groups: {reg2reg}
Analysis View: RPT_FAST
Other End Arrival Time          0.131
+ Removal                       0.131
+ Phase Shift                   0.000
- CPPR Adjustment               0.000
+ Uncertainty                   0.020
= Required Time                 0.282
  Arrival Time                  0.223
  Slack Time                   -0.059
     Clock Rise Edge                 0.000
     + Clock Network Latency (Prop)  0.131
     = Beginpoint Arrival Time       0.131
     +----------------------------------------------------------------------------------+ 
     |          Instance           |     Arc     |  Cell   | Delay | Arrival | Required | 
     |                             |             |         |       |  Time   |   Time   | 
     |-----------------------------+-------------+---------+-------+---------+----------| 
     | u_reset_sync/stage2_reg     | CK ^        |         |       |   0.131 |    0.189 | 
     | u_reset_sync/stage2_reg     | CK ^ -> Q v | DFFS_X1 | 0.065 |   0.195 |    0.254 | 
     | datapath/g26966             | A v -> ZN ^ | INV_X8  | 0.024 |   0.220 |    0.279 | 
     | datapath/EXMEM_memWrite_reg | RN ^        | DFFR_X1 | 0.003 |   0.223 |    0.282 | 
     +----------------------------------------------------------------------------------+ 
Path 20: VIOLATED Removal Check with Pin datapath/IDEX_rd_reg[2]/CK 
Endpoint:   datapath/IDEX_rd_reg[2]/RN (^) checked with  leading edge of 'clk'
Beginpoint: u_reset_sync/stage2_reg/Q  (v) triggered by  leading edge of 'clk'
Path Groups: {reg2reg}
Analysis View: RPT_FAST
Other End Arrival Time          0.131
+ Removal                       0.131
+ Phase Shift                   0.000
- CPPR Adjustment               0.000
+ Uncertainty                   0.020
= Required Time                 0.282
  Arrival Time                  0.223
  Slack Time                   -0.059
     Clock Rise Edge                 0.000
     + Clock Network Latency (Prop)  0.131
     = Beginpoint Arrival Time       0.131
     +------------------------------------------------------------------------------+ 
     |        Instance         |     Arc     |  Cell   | Delay | Arrival | Required | 
     |                         |             |         |       |  Time   |   Time   | 
     |-------------------------+-------------+---------+-------+---------+----------| 
     | u_reset_sync/stage2_reg | CK ^        |         |       |   0.131 |    0.189 | 
     | u_reset_sync/stage2_reg | CK ^ -> Q v | DFFS_X1 | 0.065 |   0.195 |    0.254 | 
     | datapath/g26966         | A v -> ZN ^ | INV_X8  | 0.024 |   0.220 |    0.278 | 
     | datapath/IDEX_rd_reg[2] | RN ^        | DFFR_X1 | 0.003 |   0.223 |    0.282 | 
     +------------------------------------------------------------------------------+ 
Path 21: VIOLATED Removal Check with Pin datapath/IFID_instr_reg[7]/CK 
Endpoint:   datapath/IFID_instr_reg[7]/RN (^) checked with  leading edge of 
'clk'
Beginpoint: u_reset_sync/stage2_reg/Q     (v) triggered by  leading edge of 
'clk'
Path Groups: {reg2reg}
Analysis View: RPT_FAST
Other End Arrival Time          0.131
+ Removal                       0.131
+ Phase Shift                   0.000
- CPPR Adjustment               0.000
+ Uncertainty                   0.020
= Required Time                 0.281
  Arrival Time                  0.223
  Slack Time                   -0.059
     Clock Rise Edge                 0.000
     + Clock Network Latency (Prop)  0.131
     = Beginpoint Arrival Time       0.131
     +---------------------------------------------------------------------------------+ 
     |          Instance          |     Arc     |  Cell   | Delay | Arrival | Required | 
     |                            |             |         |       |  Time   |   Time   | 
     |----------------------------+-------------+---------+-------+---------+----------| 
     | u_reset_sync/stage2_reg    | CK ^        |         |       |   0.131 |    0.189 | 
     | u_reset_sync/stage2_reg    | CK ^ -> Q v | DFFS_X1 | 0.065 |   0.195 |    0.254 | 
     | datapath/g26966            | A v -> ZN ^ | INV_X8  | 0.024 |   0.220 |    0.278 | 
     | datapath/IFID_instr_reg[7] | RN ^        | DFFR_X1 | 0.003 |   0.223 |    0.281 | 
     +---------------------------------------------------------------------------------+ 
Path 22: VIOLATED Removal Check with Pin datapath/IDEX_imm_reg[21]/CK 
Endpoint:   datapath/IDEX_imm_reg[21]/RN (^) checked with  leading edge of 'clk'
Beginpoint: u_reset_sync/stage2_reg/Q    (v) triggered by  leading edge of 'clk'
Path Groups: {reg2reg}
Analysis View: RPT_FAST
Other End Arrival Time          0.131
+ Removal                       0.138
+ Phase Shift                   0.000
- CPPR Adjustment               0.000
+ Uncertainty                   0.020
= Required Time                 0.289
  Arrival Time                  0.231
  Slack Time                   -0.058
     Clock Rise Edge                 0.000
     + Clock Network Latency (Prop)  0.131
     = Beginpoint Arrival Time       0.131
     +--------------------------------------------------------------------------------+ 
     |         Instance          |     Arc     |  Cell   | Delay | Arrival | Required | 
     |                           |             |         |       |  Time   |   Time   | 
     |---------------------------+-------------+---------+-------+---------+----------| 
     | u_reset_sync/stage2_reg   | CK ^        |         |       |   0.131 |    0.189 | 
     | u_reset_sync/stage2_reg   | CK ^ -> Q v | DFFS_X1 | 0.065 |   0.195 |    0.254 | 
     | datapath/g26966           | A v -> ZN ^ | INV_X8  | 0.024 |   0.220 |    0.278 | 
     | datapath/IDEX_imm_reg[21] | RN ^        | DFFR_X1 | 0.011 |   0.231 |    0.289 | 
     +--------------------------------------------------------------------------------+ 
Path 23: VIOLATED Removal Check with Pin datapath/IDEX_imm_reg[20]/CK 
Endpoint:   datapath/IDEX_imm_reg[20]/RN (^) checked with  leading edge of 'clk'
Beginpoint: u_reset_sync/stage2_reg/Q    (v) triggered by  leading edge of 'clk'
Path Groups: {reg2reg}
Analysis View: RPT_FAST
Other End Arrival Time          0.131
+ Removal                       0.138
+ Phase Shift                   0.000
- CPPR Adjustment               0.000
+ Uncertainty                   0.020
= Required Time                 0.289
  Arrival Time                  0.231
  Slack Time                   -0.058
     Clock Rise Edge                 0.000
     + Clock Network Latency (Prop)  0.131
     = Beginpoint Arrival Time       0.131
     +--------------------------------------------------------------------------------+ 
     |         Instance          |     Arc     |  Cell   | Delay | Arrival | Required | 
     |                           |             |         |       |  Time   |   Time   | 
     |---------------------------+-------------+---------+-------+---------+----------| 
     | u_reset_sync/stage2_reg   | CK ^        |         |       |   0.131 |    0.189 | 
     | u_reset_sync/stage2_reg   | CK ^ -> Q v | DFFS_X1 | 0.065 |   0.195 |    0.254 | 
     | datapath/g26966           | A v -> ZN ^ | INV_X8  | 0.024 |   0.220 |    0.278 | 
     | datapath/IDEX_imm_reg[20] | RN ^        | DFFR_X1 | 0.011 |   0.231 |    0.289 | 
     +--------------------------------------------------------------------------------+ 
Path 24: VIOLATED Removal Check with Pin datapath/IFID_pc_reg[2]/CK 
Endpoint:   datapath/IFID_pc_reg[2]/RN (^) checked with  leading edge of 'clk'
Beginpoint: u_reset_sync/stage2_reg/Q  (v) triggered by  leading edge of 'clk'
Path Groups: {reg2reg}
Analysis View: RPT_FAST
Other End Arrival Time          0.132
+ Removal                       0.142
+ Phase Shift                   0.000
- CPPR Adjustment               0.000
+ Uncertainty                   0.020
= Required Time                 0.294
  Arrival Time                  0.237
  Slack Time                   -0.057
     Clock Rise Edge                 0.000
     + Clock Network Latency (Prop)  0.131
     = Beginpoint Arrival Time       0.131
     +------------------------------------------------------------------------------+ 
     |        Instance         |     Arc     |  Cell   | Delay | Arrival | Required | 
     |                         |             |         |       |  Time   |   Time   | 
     |-------------------------+-------------+---------+-------+---------+----------| 
     | u_reset_sync/stage2_reg | CK ^        |         |       |   0.131 |    0.188 | 
     | u_reset_sync/stage2_reg | CK ^ -> Q v | DFFS_X1 | 0.065 |   0.195 |    0.252 | 
     | datapath/g26966         | A v -> ZN ^ | INV_X8  | 0.024 |   0.220 |    0.277 | 
     | datapath/IFID_pc_reg[2] | RN ^        | DFFR_X1 | 0.017 |   0.237 |    0.294 | 
     +------------------------------------------------------------------------------+ 
Path 25: VIOLATED Removal Check with Pin datapath/IFID_pc_reg[3]/CK 
Endpoint:   datapath/IFID_pc_reg[3]/RN (^) checked with  leading edge of 'clk'
Beginpoint: u_reset_sync/stage2_reg/Q  (v) triggered by  leading edge of 'clk'
Path Groups: {reg2reg}
Analysis View: RPT_FAST
Other End Arrival Time          0.132
+ Removal                       0.142
+ Phase Shift                   0.000
- CPPR Adjustment               0.000
+ Uncertainty                   0.020
= Required Time                 0.294
  Arrival Time                  0.238
  Slack Time                   -0.056
     Clock Rise Edge                 0.000
     + Clock Network Latency (Prop)  0.131
     = Beginpoint Arrival Time       0.131
     +------------------------------------------------------------------------------+ 
     |        Instance         |     Arc     |  Cell   | Delay | Arrival | Required | 
     |                         |             |         |       |  Time   |   Time   | 
     |-------------------------+-------------+---------+-------+---------+----------| 
     | u_reset_sync/stage2_reg | CK ^        |         |       |   0.131 |    0.187 | 
     | u_reset_sync/stage2_reg | CK ^ -> Q v | DFFS_X1 | 0.065 |   0.195 |    0.251 | 
     | datapath/g26966         | A v -> ZN ^ | INV_X8  | 0.024 |   0.220 |    0.276 | 
     | datapath/IFID_pc_reg[3] | RN ^        | DFFR_X1 | 0.018 |   0.238 |    0.294 | 
     +------------------------------------------------------------------------------+ 
Path 26: VIOLATED Removal Check with Pin datapath/IFID_pc_reg[15]/CK 
Endpoint:   datapath/IFID_pc_reg[15]/RN (^) checked with  leading edge of 'clk'
Beginpoint: u_reset_sync/stage2_reg/Q   (v) triggered by  leading edge of 'clk'
Path Groups: {reg2reg}
Analysis View: RPT_FAST
Other End Arrival Time          0.131
+ Removal                       0.142
+ Phase Shift                   0.000
- CPPR Adjustment               0.000
+ Uncertainty                   0.020
= Required Time                 0.293
  Arrival Time                  0.240
  Slack Time                   -0.053
     Clock Rise Edge                 0.000
     + Clock Network Latency (Prop)  0.131
     = Beginpoint Arrival Time       0.131
     +-------------------------------------------------------------------------------+ 
     |         Instance         |     Arc     |  Cell   | Delay | Arrival | Required | 
     |                          |             |         |       |  Time   |   Time   | 
     |--------------------------+-------------+---------+-------+---------+----------| 
     | u_reset_sync/stage2_reg  | CK ^        |         |       |   0.131 |    0.184 | 
     | u_reset_sync/stage2_reg  | CK ^ -> Q v | DFFS_X1 | 0.065 |   0.195 |    0.249 | 
     | datapath/g26966          | A v -> ZN ^ | INV_X8  | 0.024 |   0.220 |    0.273 | 
     | datapath/IFID_pc_reg[15] | RN ^        | DFFR_X1 | 0.020 |   0.240 |    0.293 | 
     +-------------------------------------------------------------------------------+ 
Path 27: VIOLATED Removal Check with Pin datapath/IFID_pc_reg[14]/CK 
Endpoint:   datapath/IFID_pc_reg[14]/RN (^) checked with  leading edge of 'clk'
Beginpoint: u_reset_sync/stage2_reg/Q   (v) triggered by  leading edge of 'clk'
Path Groups: {reg2reg}
Analysis View: RPT_FAST
Other End Arrival Time          0.131
+ Removal                       0.142
+ Phase Shift                   0.000
- CPPR Adjustment               0.000
+ Uncertainty                   0.020
= Required Time                 0.293
  Arrival Time                  0.240
  Slack Time                   -0.053
     Clock Rise Edge                 0.000
     + Clock Network Latency (Prop)  0.131
     = Beginpoint Arrival Time       0.131
     +-------------------------------------------------------------------------------+ 
     |         Instance         |     Arc     |  Cell   | Delay | Arrival | Required | 
     |                          |             |         |       |  Time   |   Time   | 
     |--------------------------+-------------+---------+-------+---------+----------| 
     | u_reset_sync/stage2_reg  | CK ^        |         |       |   0.131 |    0.184 | 
     | u_reset_sync/stage2_reg  | CK ^ -> Q v | DFFS_X1 | 0.065 |   0.195 |    0.249 | 
     | datapath/g26966          | A v -> ZN ^ | INV_X8  | 0.024 |   0.220 |    0.273 | 
     | datapath/IFID_pc_reg[14] | RN ^        | DFFR_X1 | 0.020 |   0.240 |    0.293 | 
     +-------------------------------------------------------------------------------+ 
Path 28: VIOLATED Removal Check with Pin datapath/IDEX_imm_reg[22]/CK 
Endpoint:   datapath/IDEX_imm_reg[22]/RN (^) checked with  leading edge of 'clk'
Beginpoint: u_reset_sync/stage2_reg/Q    (v) triggered by  leading edge of 'clk'
Path Groups: {reg2reg}
Analysis View: RPT_FAST
Other End Arrival Time          0.131
+ Removal                       0.142
+ Phase Shift                   0.000
- CPPR Adjustment               0.000
+ Uncertainty                   0.020
= Required Time                 0.293
  Arrival Time                  0.240
  Slack Time                   -0.053
     Clock Rise Edge                 0.000
     + Clock Network Latency (Prop)  0.131
     = Beginpoint Arrival Time       0.131
     +--------------------------------------------------------------------------------+ 
     |         Instance          |     Arc     |  Cell   | Delay | Arrival | Required | 
     |                           |             |         |       |  Time   |   Time   | 
     |---------------------------+-------------+---------+-------+---------+----------| 
     | u_reset_sync/stage2_reg   | CK ^        |         |       |   0.131 |    0.184 | 
     | u_reset_sync/stage2_reg   | CK ^ -> Q v | DFFS_X1 | 0.065 |   0.195 |    0.249 | 
     | datapath/g26966           | A v -> ZN ^ | INV_X8  | 0.024 |   0.220 |    0.273 | 
     | datapath/IDEX_imm_reg[22] | RN ^        | DFFR_X1 | 0.020 |   0.240 |    0.293 | 
     +--------------------------------------------------------------------------------+ 
Path 29: VIOLATED Removal Check with Pin datapath/IDEX_imm_reg[0]/CK 
Endpoint:   datapath/IDEX_imm_reg[0]/RN (^) checked with  leading edge of 'clk'
Beginpoint: u_reset_sync/stage2_reg/Q   (v) triggered by  leading edge of 'clk'
Path Groups: {reg2reg}
Analysis View: RPT_FAST
Other End Arrival Time          0.131
+ Removal                       0.142
+ Phase Shift                   0.000
- CPPR Adjustment               0.000
+ Uncertainty                   0.020
= Required Time                 0.293
  Arrival Time                  0.240
  Slack Time                   -0.053
     Clock Rise Edge                 0.000
     + Clock Network Latency (Prop)  0.131
     = Beginpoint Arrival Time       0.131
     +-------------------------------------------------------------------------------+ 
     |         Instance         |     Arc     |  Cell   | Delay | Arrival | Required | 
     |                          |             |         |       |  Time   |   Time   | 
     |--------------------------+-------------+---------+-------+---------+----------| 
     | u_reset_sync/stage2_reg  | CK ^        |         |       |   0.131 |    0.184 | 
     | u_reset_sync/stage2_reg  | CK ^ -> Q v | DFFS_X1 | 0.065 |   0.195 |    0.249 | 
     | datapath/g26966          | A v -> ZN ^ | INV_X8  | 0.024 |   0.220 |    0.273 | 
     | datapath/IDEX_imm_reg[0] | RN ^        | DFFR_X1 | 0.020 |   0.240 |    0.293 | 
     +-------------------------------------------------------------------------------+ 
Path 30: VIOLATED Removal Check with Pin datapath/IDEX_imm_reg[23]/CK 
Endpoint:   datapath/IDEX_imm_reg[23]/RN (^) checked with  leading edge of 'clk'
Beginpoint: u_reset_sync/stage2_reg/Q    (v) triggered by  leading edge of 'clk'
Path Groups: {reg2reg}
Analysis View: RPT_FAST
Other End Arrival Time          0.131
+ Removal                       0.142
+ Phase Shift                   0.000
- CPPR Adjustment               0.000
+ Uncertainty                   0.020
= Required Time                 0.293
  Arrival Time                  0.240
  Slack Time                   -0.053
     Clock Rise Edge                 0.000
     + Clock Network Latency (Prop)  0.131
     = Beginpoint Arrival Time       0.131
     +--------------------------------------------------------------------------------+ 
     |         Instance          |     Arc     |  Cell   | Delay | Arrival | Required | 
     |                           |             |         |       |  Time   |   Time   | 
     |---------------------------+-------------+---------+-------+---------+----------| 
     | u_reset_sync/stage2_reg   | CK ^        |         |       |   0.131 |    0.184 | 
     | u_reset_sync/stage2_reg   | CK ^ -> Q v | DFFS_X1 | 0.065 |   0.195 |    0.248 | 
     | datapath/g26966           | A v -> ZN ^ | INV_X8  | 0.024 |   0.220 |    0.273 | 
     | datapath/IDEX_imm_reg[23] | RN ^        | DFFR_X1 | 0.020 |   0.240 |    0.293 | 
     +--------------------------------------------------------------------------------+ 
Path 31: VIOLATED Removal Check with Pin datapath/IFID_pc_reg[16]/CK 
Endpoint:   datapath/IFID_pc_reg[16]/RN (^) checked with  leading edge of 'clk'
Beginpoint: u_reset_sync/stage2_reg/Q   (v) triggered by  leading edge of 'clk'
Path Groups: {reg2reg}
Analysis View: RPT_FAST
Other End Arrival Time          0.131
+ Removal                       0.142
+ Phase Shift                   0.000
- CPPR Adjustment               0.000
+ Uncertainty                   0.020
= Required Time                 0.293
  Arrival Time                  0.240
  Slack Time                   -0.053
     Clock Rise Edge                 0.000
     + Clock Network Latency (Prop)  0.131
     = Beginpoint Arrival Time       0.131
     +-------------------------------------------------------------------------------+ 
     |         Instance         |     Arc     |  Cell   | Delay | Arrival | Required | 
     |                          |             |         |       |  Time   |   Time   | 
     |--------------------------+-------------+---------+-------+---------+----------| 
     | u_reset_sync/stage2_reg  | CK ^        |         |       |   0.131 |    0.184 | 
     | u_reset_sync/stage2_reg  | CK ^ -> Q v | DFFS_X1 | 0.065 |   0.195 |    0.248 | 
     | datapath/g26966          | A v -> ZN ^ | INV_X8  | 0.024 |   0.220 |    0.273 | 
     | datapath/IFID_pc_reg[16] | RN ^        | DFFR_X1 | 0.020 |   0.240 |    0.293 | 
     +-------------------------------------------------------------------------------+ 
Path 32: VIOLATED Removal Check with Pin datapath/IFID_instr_reg[30]/CK 
Endpoint:   datapath/IFID_instr_reg[30]/RN (^) checked with  leading edge of 
'clk'
Beginpoint: u_reset_sync/stage2_reg/Q      (v) triggered by  leading edge of 
'clk'
Path Groups: {reg2reg}
Analysis View: RPT_FAST
Other End Arrival Time          0.131
+ Removal                       0.142
+ Phase Shift                   0.000
- CPPR Adjustment               0.000
+ Uncertainty                   0.020
= Required Time                 0.293
  Arrival Time                  0.240
  Slack Time                   -0.053
     Clock Rise Edge                 0.000
     + Clock Network Latency (Prop)  0.131
     = Beginpoint Arrival Time       0.131
     +----------------------------------------------------------------------------------+ 
     |          Instance           |     Arc     |  Cell   | Delay | Arrival | Required | 
     |                             |             |         |       |  Time   |   Time   | 
     |-----------------------------+-------------+---------+-------+---------+----------| 
     | u_reset_sync/stage2_reg     | CK ^        |         |       |   0.131 |    0.184 | 
     | u_reset_sync/stage2_reg     | CK ^ -> Q v | DFFS_X1 | 0.065 |   0.195 |    0.248 | 
     | datapath/g26966             | A v -> ZN ^ | INV_X8  | 0.024 |   0.220 |    0.273 | 
     | datapath/IFID_instr_reg[30] | RN ^        | DFFR_X1 | 0.020 |   0.240 |    0.293 | 
     +----------------------------------------------------------------------------------+ 
Path 33: VIOLATED Removal Check with Pin datapath/IDEX_operation_reg[2]/CK 
Endpoint:   datapath/IDEX_operation_reg[2]/RN (^) checked with  leading edge of 
'clk'
Beginpoint: u_reset_sync/stage2_reg/Q         (v) triggered by  leading edge of 
'clk'
Path Groups: {reg2reg}
Analysis View: RPT_FAST
Other End Arrival Time          0.131
+ Removal                       0.142
+ Phase Shift                   0.000
- CPPR Adjustment               0.000
+ Uncertainty                   0.020
= Required Time                 0.293
  Arrival Time                  0.240
  Slack Time                   -0.053
     Clock Rise Edge                 0.000
     + Clock Network Latency (Prop)  0.131
     = Beginpoint Arrival Time       0.131
     +-------------------------------------------------------------------------------------+ 
     |            Instance            |     Arc     |  Cell   | Delay | Arrival | Required | 
     |                                |             |         |       |  Time   |   Time   | 
     |--------------------------------+-------------+---------+-------+---------+----------| 
     | u_reset_sync/stage2_reg        | CK ^        |         |       |   0.131 |    0.184 | 
     | u_reset_sync/stage2_reg        | CK ^ -> Q v | DFFS_X1 | 0.065 |   0.195 |    0.248 | 
     | datapath/g26966                | A v -> ZN ^ | INV_X8  | 0.024 |   0.220 |    0.273 | 
     | datapath/IDEX_operation_reg[2] | RN ^        | DFFR_X1 | 0.020 |   0.240 |    0.293 | 
     +-------------------------------------------------------------------------------------+ 
Path 34: VIOLATED Removal Check with Pin datapath/EXMEM_aluResult_reg[3]/CK 
Endpoint:   datapath/EXMEM_aluResult_reg[3]/RN (^) checked with  leading edge 
of 'clk'
Beginpoint: u_reset_sync/stage2_reg/Q          (v) triggered by  leading edge 
of 'clk'
Path Groups: {reg2reg}
Analysis View: RPT_FAST
Other End Arrival Time          0.134
+ Removal                       0.144
+ Phase Shift                   0.000
- CPPR Adjustment               0.000
+ Uncertainty                   0.020
= Required Time                 0.298
  Arrival Time                  0.246
  Slack Time                   -0.052
     Clock Rise Edge                 0.000
     + Clock Network Latency (Prop)  0.131
     = Beginpoint Arrival Time       0.131
     +--------------------------------------------------------------------------------------+ 
     |            Instance             |     Arc     |  Cell   | Delay | Arrival | Required | 
     |                                 |             |         |       |  Time   |   Time   | 
     |---------------------------------+-------------+---------+-------+---------+----------| 
     | u_reset_sync/stage2_reg         | CK ^        |         |       |   0.131 |    0.183 | 
     | u_reset_sync/stage2_reg         | CK ^ -> Q v | DFFS_X1 | 0.065 |   0.195 |    0.248 | 
     | datapath/g26966                 | A v -> ZN ^ | INV_X8  | 0.024 |   0.220 |    0.272 | 
     | datapath/EXMEM_aluResult_reg[3] | RN ^        | DFFR_X1 | 0.026 |   0.246 |    0.298 | 
     +--------------------------------------------------------------------------------------+ 
Path 35: VIOLATED Removal Check with Pin datapath/MEMWB_memData_reg[9]/CK 
Endpoint:   datapath/MEMWB_memData_reg[9]/RN (^) checked with  leading edge of 
'clk'
Beginpoint: u_reset_sync/stage2_reg/Q        (v) triggered by  leading edge of 
'clk'
Path Groups: {reg2reg}
Analysis View: RPT_FAST
Other End Arrival Time          0.134
+ Removal                       0.144
+ Phase Shift                   0.000
- CPPR Adjustment               0.000
+ Uncertainty                   0.020
= Required Time                 0.298
  Arrival Time                  0.246
  Slack Time                   -0.052
     Clock Rise Edge                 0.000
     + Clock Network Latency (Prop)  0.131
     = Beginpoint Arrival Time       0.131
     +------------------------------------------------------------------------------------+ 
     |           Instance            |     Arc     |  Cell   | Delay | Arrival | Required | 
     |                               |             |         |       |  Time   |   Time   | 
     |-------------------------------+-------------+---------+-------+---------+----------| 
     | u_reset_sync/stage2_reg       | CK ^        |         |       |   0.131 |    0.183 | 
     | u_reset_sync/stage2_reg       | CK ^ -> Q v | DFFS_X1 | 0.065 |   0.195 |    0.247 | 
     | datapath/g26966               | A v -> ZN ^ | INV_X8  | 0.024 |   0.220 |    0.272 | 
     | datapath/MEMWB_memData_reg[9] | RN ^        | DFFR_X1 | 0.027 |   0.246 |    0.298 | 
     +------------------------------------------------------------------------------------+ 
Path 36: VIOLATED Removal Check with Pin datapath/MEMWB_aluResult_reg[31]/CK 
Endpoint:   datapath/MEMWB_aluResult_reg[31]/RN (^) checked with  leading edge 
of 'clk'
Beginpoint: u_reset_sync/stage2_reg/Q           (v) triggered by  leading edge 
of 'clk'
Path Groups: {reg2reg}
Analysis View: RPT_FAST
Other End Arrival Time          0.134
+ Removal                       0.144
+ Phase Shift                   0.000
- CPPR Adjustment               0.000
+ Uncertainty                   0.020
= Required Time                 0.298
  Arrival Time                  0.247
  Slack Time                   -0.051
     Clock Rise Edge                 0.000
     + Clock Network Latency (Prop)  0.131
     = Beginpoint Arrival Time       0.131
     +---------------------------------------------------------------------------------------+ 
     |             Instance             |     Arc     |  Cell   | Delay | Arrival | Required | 
     |                                  |             |         |       |  Time   |   Time   | 
     |----------------------------------+-------------+---------+-------+---------+----------| 
     | u_reset_sync/stage2_reg          | CK ^        |         |       |   0.131 |    0.182 | 
     | u_reset_sync/stage2_reg          | CK ^ -> Q v | DFFS_X1 | 0.065 |   0.195 |    0.247 | 
     | datapath/g26966                  | A v -> ZN ^ | INV_X8  | 0.024 |   0.220 |    0.271 | 
     | datapath/MEMWB_aluResult_reg[31] | RN ^        | DFFR_X1 | 0.027 |   0.247 |    0.298 | 
     +---------------------------------------------------------------------------------------+ 
Path 37: VIOLATED Removal Check with Pin datapath/MEMWB_memData_reg[31]/CK 
Endpoint:   datapath/MEMWB_memData_reg[31]/RN (^) checked with  leading edge of 
'clk'
Beginpoint: u_reset_sync/stage2_reg/Q         (v) triggered by  leading edge of 
'clk'
Path Groups: {reg2reg}
Analysis View: RPT_FAST
Other End Arrival Time          0.134
+ Removal                       0.144
+ Phase Shift                   0.000
- CPPR Adjustment               0.000
+ Uncertainty                   0.020
= Required Time                 0.298
  Arrival Time                  0.247
  Slack Time                   -0.051
     Clock Rise Edge                 0.000
     + Clock Network Latency (Prop)  0.131
     = Beginpoint Arrival Time       0.131
     +-------------------------------------------------------------------------------------+ 
     |            Instance            |     Arc     |  Cell   | Delay | Arrival | Required | 
     |                                |             |         |       |  Time   |   Time   | 
     |--------------------------------+-------------+---------+-------+---------+----------| 
     | u_reset_sync/stage2_reg        | CK ^        |         |       |   0.131 |    0.182 | 
     | u_reset_sync/stage2_reg        | CK ^ -> Q v | DFFS_X1 | 0.065 |   0.195 |    0.247 | 
     | datapath/g26966                | A v -> ZN ^ | INV_X8  | 0.024 |   0.220 |    0.271 | 
     | datapath/MEMWB_memData_reg[31] | RN ^        | DFFR_X1 | 0.027 |   0.247 |    0.298 | 
     +-------------------------------------------------------------------------------------+ 
Path 38: VIOLATED Removal Check with Pin datapath/IDEX_readData2_reg[31]/CK 
Endpoint:   datapath/IDEX_readData2_reg[31]/RN (^) checked with  leading edge 
of 'clk'
Beginpoint: u_reset_sync/stage2_reg/Q          (v) triggered by  leading edge 
of 'clk'
Path Groups: {reg2reg}
Analysis View: RPT_FAST
Other End Arrival Time          0.134
+ Removal                       0.144
+ Phase Shift                   0.000
- CPPR Adjustment               0.000
+ Uncertainty                   0.020
= Required Time                 0.298
  Arrival Time                  0.247
  Slack Time                   -0.051
     Clock Rise Edge                 0.000
     + Clock Network Latency (Prop)  0.131
     = Beginpoint Arrival Time       0.131
     +--------------------------------------------------------------------------------------+ 
     |            Instance             |     Arc     |  Cell   | Delay | Arrival | Required | 
     |                                 |             |         |       |  Time   |   Time   | 
     |---------------------------------+-------------+---------+-------+---------+----------| 
     | u_reset_sync/stage2_reg         | CK ^        |         |       |   0.131 |    0.182 | 
     | u_reset_sync/stage2_reg         | CK ^ -> Q v | DFFS_X1 | 0.065 |   0.195 |    0.246 | 
     | datapath/g26966                 | A v -> ZN ^ | INV_X8  | 0.024 |   0.220 |    0.271 | 
     | datapath/IDEX_readData2_reg[31] | RN ^        | DFFR_X1 | 0.027 |   0.247 |    0.298 | 
     +--------------------------------------------------------------------------------------+ 
Path 39: VIOLATED Removal Check with Pin datapath/IDEX_readData2_reg[3]/CK 
Endpoint:   datapath/IDEX_readData2_reg[3]/RN (^) checked with  leading edge of 
'clk'
Beginpoint: u_reset_sync/stage2_reg/Q         (v) triggered by  leading edge of 
'clk'
Path Groups: {reg2reg}
Analysis View: RPT_FAST
Other End Arrival Time          0.134
+ Removal                       0.144
+ Phase Shift                   0.000
- CPPR Adjustment               0.000
+ Uncertainty                   0.020
= Required Time                 0.298
  Arrival Time                  0.247
  Slack Time                   -0.051
     Clock Rise Edge                 0.000
     + Clock Network Latency (Prop)  0.131
     = Beginpoint Arrival Time       0.131
     +-------------------------------------------------------------------------------------+ 
     |            Instance            |     Arc     |  Cell   | Delay | Arrival | Required | 
     |                                |             |         |       |  Time   |   Time   | 
     |--------------------------------+-------------+---------+-------+---------+----------| 
     | u_reset_sync/stage2_reg        | CK ^        |         |       |   0.131 |    0.182 | 
     | u_reset_sync/stage2_reg        | CK ^ -> Q v | DFFS_X1 | 0.065 |   0.195 |    0.246 | 
     | datapath/g26966                | A v -> ZN ^ | INV_X8  | 0.024 |   0.220 |    0.271 | 
     | datapath/IDEX_readData2_reg[3] | RN ^        | DFFR_X1 | 0.027 |   0.247 |    0.298 | 
     +-------------------------------------------------------------------------------------+ 
Path 40: VIOLATED Removal Check with Pin datapath/MEMWB_aluResult_reg[30]/CK 
Endpoint:   datapath/MEMWB_aluResult_reg[30]/RN (^) checked with  leading edge 
of 'clk'
Beginpoint: u_reset_sync/stage2_reg/Q           (v) triggered by  leading edge 
of 'clk'
Path Groups: {reg2reg}
Analysis View: RPT_FAST
Other End Arrival Time          0.133
+ Removal                       0.144
+ Phase Shift                   0.000
- CPPR Adjustment               0.000
+ Uncertainty                   0.020
= Required Time                 0.297
  Arrival Time                  0.248
  Slack Time                   -0.050
     Clock Rise Edge                 0.000
     + Clock Network Latency (Prop)  0.131
     = Beginpoint Arrival Time       0.131
     +---------------------------------------------------------------------------------------+ 
     |             Instance             |     Arc     |  Cell   | Delay | Arrival | Required | 
     |                                  |             |         |       |  Time   |   Time   | 
     |----------------------------------+-------------+---------+-------+---------+----------| 
     | u_reset_sync/stage2_reg          | CK ^        |         |       |   0.131 |    0.180 | 
     | u_reset_sync/stage2_reg          | CK ^ -> Q v | DFFS_X1 | 0.065 |   0.195 |    0.245 | 
     | datapath/g26966                  | A v -> ZN ^ | INV_X8  | 0.024 |   0.220 |    0.269 | 
     | datapath/MEMWB_aluResult_reg[30] | RN ^        | DFFR_X1 | 0.028 |   0.248 |    0.297 | 
     +---------------------------------------------------------------------------------------+ 
Path 41: VIOLATED Removal Check with Pin datapath/MEMWB_memData_reg[30]/CK 
Endpoint:   datapath/MEMWB_memData_reg[30]/RN (^) checked with  leading edge of 
'clk'
Beginpoint: u_reset_sync/stage2_reg/Q         (v) triggered by  leading edge of 
'clk'
Path Groups: {reg2reg}
Analysis View: RPT_FAST
Other End Arrival Time          0.133
+ Removal                       0.144
+ Phase Shift                   0.000
- CPPR Adjustment               0.000
+ Uncertainty                   0.020
= Required Time                 0.297
  Arrival Time                  0.248
  Slack Time                   -0.050
     Clock Rise Edge                 0.000
     + Clock Network Latency (Prop)  0.131
     = Beginpoint Arrival Time       0.131
     +-------------------------------------------------------------------------------------+ 
     |            Instance            |     Arc     |  Cell   | Delay | Arrival | Required | 
     |                                |             |         |       |  Time   |   Time   | 
     |--------------------------------+-------------+---------+-------+---------+----------| 
     | u_reset_sync/stage2_reg        | CK ^        |         |       |   0.131 |    0.180 | 
     | u_reset_sync/stage2_reg        | CK ^ -> Q v | DFFS_X1 | 0.065 |   0.195 |    0.245 | 
     | datapath/g26966                | A v -> ZN ^ | INV_X8  | 0.024 |   0.220 |    0.269 | 
     | datapath/MEMWB_memData_reg[30] | RN ^        | DFFR_X1 | 0.028 |   0.248 |    0.297 | 
     +-------------------------------------------------------------------------------------+ 
Path 42: VIOLATED Removal Check with Pin datapath/MEMWB_memData_reg[28]/CK 
Endpoint:   datapath/MEMWB_memData_reg[28]/RN (^) checked with  leading edge of 
'clk'
Beginpoint: u_reset_sync/stage2_reg/Q         (v) triggered by  leading edge of 
'clk'
Path Groups: {reg2reg}
Analysis View: RPT_FAST
Other End Arrival Time          0.134
+ Removal                       0.144
+ Phase Shift                   0.000
- CPPR Adjustment               0.000
+ Uncertainty                   0.020
= Required Time                 0.298
  Arrival Time                  0.248
  Slack Time                   -0.049
     Clock Rise Edge                 0.000
     + Clock Network Latency (Prop)  0.131
     = Beginpoint Arrival Time       0.131
     +-------------------------------------------------------------------------------------+ 
     |            Instance            |     Arc     |  Cell   | Delay | Arrival | Required | 
     |                                |             |         |       |  Time   |   Time   | 
     |--------------------------------+-------------+---------+-------+---------+----------| 
     | u_reset_sync/stage2_reg        | CK ^        |         |       |   0.131 |    0.180 | 
     | u_reset_sync/stage2_reg        | CK ^ -> Q v | DFFS_X1 | 0.065 |   0.195 |    0.245 | 
     | datapath/g26966                | A v -> ZN ^ | INV_X8  | 0.024 |   0.220 |    0.269 | 
     | datapath/MEMWB_memData_reg[28] | RN ^        | DFFR_X1 | 0.028 |   0.248 |    0.298 | 
     +-------------------------------------------------------------------------------------+ 
Path 43: VIOLATED Removal Check with Pin datapath/MEMWB_aluResult_reg[29]/CK 
Endpoint:   datapath/MEMWB_aluResult_reg[29]/RN (^) checked with  leading edge 
of 'clk'
Beginpoint: u_reset_sync/stage2_reg/Q           (v) triggered by  leading edge 
of 'clk'
Path Groups: {reg2reg}
Analysis View: RPT_FAST
Other End Arrival Time          0.133
+ Removal                       0.144
+ Phase Shift                   0.000
- CPPR Adjustment               0.000
+ Uncertainty                   0.020
= Required Time                 0.297
  Arrival Time                  0.248
  Slack Time                   -0.049
     Clock Rise Edge                 0.000
     + Clock Network Latency (Prop)  0.131
     = Beginpoint Arrival Time       0.131
     +---------------------------------------------------------------------------------------+ 
     |             Instance             |     Arc     |  Cell   | Delay | Arrival | Required | 
     |                                  |             |         |       |  Time   |   Time   | 
     |----------------------------------+-------------+---------+-------+---------+----------| 
     | u_reset_sync/stage2_reg          | CK ^        |         |       |   0.131 |    0.180 | 
     | u_reset_sync/stage2_reg          | CK ^ -> Q v | DFFS_X1 | 0.065 |   0.195 |    0.245 | 
     | datapath/g26966                  | A v -> ZN ^ | INV_X8  | 0.024 |   0.220 |    0.269 | 
     | datapath/MEMWB_aluResult_reg[29] | RN ^        | DFFR_X1 | 0.028 |   0.248 |    0.297 | 
     +---------------------------------------------------------------------------------------+ 
Path 44: VIOLATED Removal Check with Pin datapath/MEMWB_memData_reg[29]/CK 
Endpoint:   datapath/MEMWB_memData_reg[29]/RN (^) checked with  leading edge of 
'clk'
Beginpoint: u_reset_sync/stage2_reg/Q         (v) triggered by  leading edge of 
'clk'
Path Groups: {reg2reg}
Analysis View: RPT_FAST
Other End Arrival Time          0.133
+ Removal                       0.144
+ Phase Shift                   0.000
- CPPR Adjustment               0.000
+ Uncertainty                   0.020
= Required Time                 0.297
  Arrival Time                  0.248
  Slack Time                   -0.049
     Clock Rise Edge                 0.000
     + Clock Network Latency (Prop)  0.131
     = Beginpoint Arrival Time       0.131
     +-------------------------------------------------------------------------------------+ 
     |            Instance            |     Arc     |  Cell   | Delay | Arrival | Required | 
     |                                |             |         |       |  Time   |   Time   | 
     |--------------------------------+-------------+---------+-------+---------+----------| 
     | u_reset_sync/stage2_reg        | CK ^        |         |       |   0.131 |    0.180 | 
     | u_reset_sync/stage2_reg        | CK ^ -> Q v | DFFS_X1 | 0.065 |   0.195 |    0.245 | 
     | datapath/g26966                | A v -> ZN ^ | INV_X8  | 0.024 |   0.220 |    0.269 | 
     | datapath/MEMWB_memData_reg[29] | RN ^        | DFFR_X1 | 0.028 |   0.248 |    0.297 | 
     +-------------------------------------------------------------------------------------+ 
Path 45: VIOLATED Removal Check with Pin datapath/MEMWB_aluResult_reg[26]/CK 
Endpoint:   datapath/MEMWB_aluResult_reg[26]/RN (^) checked with  leading edge 
of 'clk'
Beginpoint: u_reset_sync/stage2_reg/Q           (v) triggered by  leading edge 
of 'clk'
Path Groups: {reg2reg}
Analysis View: RPT_FAST
Other End Arrival Time          0.134
+ Removal                       0.144
+ Phase Shift                   0.000
- CPPR Adjustment               0.000
+ Uncertainty                   0.020
= Required Time                 0.298
  Arrival Time                  0.248
  Slack Time                   -0.049
     Clock Rise Edge                 0.000
     + Clock Network Latency (Prop)  0.131
     = Beginpoint Arrival Time       0.131
     +---------------------------------------------------------------------------------------+ 
     |             Instance             |     Arc     |  Cell   | Delay | Arrival | Required | 
     |                                  |             |         |       |  Time   |   Time   | 
     |----------------------------------+-------------+---------+-------+---------+----------| 
     | u_reset_sync/stage2_reg          | CK ^        |         |       |   0.131 |    0.180 | 
     | u_reset_sync/stage2_reg          | CK ^ -> Q v | DFFS_X1 | 0.065 |   0.195 |    0.245 | 
     | datapath/g26966                  | A v -> ZN ^ | INV_X8  | 0.024 |   0.220 |    0.269 | 
     | datapath/MEMWB_aluResult_reg[26] | RN ^        | DFFR_X1 | 0.029 |   0.248 |    0.298 | 
     +---------------------------------------------------------------------------------------+ 
Path 46: VIOLATED Removal Check with Pin datapath/MEMWB_memData_reg[26]/CK 
Endpoint:   datapath/MEMWB_memData_reg[26]/RN (^) checked with  leading edge of 
'clk'
Beginpoint: u_reset_sync/stage2_reg/Q         (v) triggered by  leading edge of 
'clk'
Path Groups: {reg2reg}
Analysis View: RPT_FAST
Other End Arrival Time          0.134
+ Removal                       0.144
+ Phase Shift                   0.000
- CPPR Adjustment               0.000
+ Uncertainty                   0.020
= Required Time                 0.298
  Arrival Time                  0.248
  Slack Time                   -0.049
     Clock Rise Edge                 0.000
     + Clock Network Latency (Prop)  0.131
     = Beginpoint Arrival Time       0.131
     +-------------------------------------------------------------------------------------+ 
     |            Instance            |     Arc     |  Cell   | Delay | Arrival | Required | 
     |                                |             |         |       |  Time   |   Time   | 
     |--------------------------------+-------------+---------+-------+---------+----------| 
     | u_reset_sync/stage2_reg        | CK ^        |         |       |   0.131 |    0.180 | 
     | u_reset_sync/stage2_reg        | CK ^ -> Q v | DFFS_X1 | 0.065 |   0.195 |    0.245 | 
     | datapath/g26966                | A v -> ZN ^ | INV_X8  | 0.024 |   0.220 |    0.269 | 
     | datapath/MEMWB_memData_reg[26] | RN ^        | DFFR_X1 | 0.029 |   0.248 |    0.298 | 
     +-------------------------------------------------------------------------------------+ 
Path 47: VIOLATED Removal Check with Pin datapath/MEMWB_memData_reg[14]/CK 
Endpoint:   datapath/MEMWB_memData_reg[14]/RN (^) checked with  leading edge of 
'clk'
Beginpoint: u_reset_sync/stage2_reg/Q         (v) triggered by  leading edge of 
'clk'
Path Groups: {reg2reg}
Analysis View: RPT_FAST
Other End Arrival Time          0.134
+ Removal                       0.144
+ Phase Shift                   0.000
- CPPR Adjustment               0.000
+ Uncertainty                   0.020
= Required Time                 0.298
  Arrival Time                  0.248
  Slack Time                   -0.049
     Clock Rise Edge                 0.000
     + Clock Network Latency (Prop)  0.131
     = Beginpoint Arrival Time       0.131
     +-------------------------------------------------------------------------------------+ 
     |            Instance            |     Arc     |  Cell   | Delay | Arrival | Required | 
     |                                |             |         |       |  Time   |   Time   | 
     |--------------------------------+-------------+---------+-------+---------+----------| 
     | u_reset_sync/stage2_reg        | CK ^        |         |       |   0.131 |    0.180 | 
     | u_reset_sync/stage2_reg        | CK ^ -> Q v | DFFS_X1 | 0.065 |   0.195 |    0.244 | 
     | datapath/g26966                | A v -> ZN ^ | INV_X8  | 0.024 |   0.220 |    0.269 | 
     | datapath/MEMWB_memData_reg[14] | RN ^        | DFFR_X1 | 0.029 |   0.248 |    0.298 | 
     +-------------------------------------------------------------------------------------+ 
Path 48: VIOLATED Removal Check with Pin datapath/MEMWB_aluResult_reg[14]/CK 
Endpoint:   datapath/MEMWB_aluResult_reg[14]/RN (^) checked with  leading edge 
of 'clk'
Beginpoint: u_reset_sync/stage2_reg/Q           (v) triggered by  leading edge 
of 'clk'
Path Groups: {reg2reg}
Analysis View: RPT_FAST
Other End Arrival Time          0.134
+ Removal                       0.144
+ Phase Shift                   0.000
- CPPR Adjustment               0.000
+ Uncertainty                   0.020
= Required Time                 0.297
  Arrival Time                  0.248
  Slack Time                   -0.049
     Clock Rise Edge                 0.000
     + Clock Network Latency (Prop)  0.131
     = Beginpoint Arrival Time       0.131
     +---------------------------------------------------------------------------------------+ 
     |             Instance             |     Arc     |  Cell   | Delay | Arrival | Required | 
     |                                  |             |         |       |  Time   |   Time   | 
     |----------------------------------+-------------+---------+-------+---------+----------| 
     | u_reset_sync/stage2_reg          | CK ^        |         |       |   0.131 |    0.180 | 
     | u_reset_sync/stage2_reg          | CK ^ -> Q v | DFFS_X1 | 0.065 |   0.195 |    0.244 | 
     | datapath/g26966                  | A v -> ZN ^ | INV_X8  | 0.024 |   0.220 |    0.269 | 
     | datapath/MEMWB_aluResult_reg[14] | RN ^        | DFFR_X1 | 0.029 |   0.248 |    0.297 | 
     +---------------------------------------------------------------------------------------+ 
Path 49: VIOLATED Removal Check with Pin datapath/EXMEM_aluResult_reg[14]/CK 
Endpoint:   datapath/EXMEM_aluResult_reg[14]/RN (^) checked with  leading edge 
of 'clk'
Beginpoint: u_reset_sync/stage2_reg/Q           (v) triggered by  leading edge 
of 'clk'
Path Groups: {reg2reg}
Analysis View: RPT_FAST
Other End Arrival Time          0.134
+ Removal                       0.144
+ Phase Shift                   0.000
- CPPR Adjustment               0.000
+ Uncertainty                   0.020
= Required Time                 0.297
  Arrival Time                  0.249
  Slack Time                   -0.049
     Clock Rise Edge                 0.000
     + Clock Network Latency (Prop)  0.131
     = Beginpoint Arrival Time       0.131
     +---------------------------------------------------------------------------------------+ 
     |             Instance             |     Arc     |  Cell   | Delay | Arrival | Required | 
     |                                  |             |         |       |  Time   |   Time   | 
     |----------------------------------+-------------+---------+-------+---------+----------| 
     | u_reset_sync/stage2_reg          | CK ^        |         |       |   0.131 |    0.179 | 
     | u_reset_sync/stage2_reg          | CK ^ -> Q v | DFFS_X1 | 0.065 |   0.195 |    0.244 | 
     | datapath/g26966                  | A v -> ZN ^ | INV_X8  | 0.024 |   0.220 |    0.269 | 
     | datapath/EXMEM_aluResult_reg[14] | RN ^        | DFFR_X1 | 0.029 |   0.249 |    0.297 | 
     +---------------------------------------------------------------------------------------+ 
Path 50: VIOLATED Removal Check with Pin datapath/IF_pc_reg[18]/CK 
Endpoint:   datapath/IF_pc_reg[18]/RN (^) checked with  leading edge of 'clk'
Beginpoint: u_reset_sync/stage2_reg/Q (v) triggered by  leading edge of 'clk'
Path Groups: {reg2reg}
Analysis View: RPT_FAST
Other End Arrival Time          0.131
+ Removal                       0.100
+ Phase Shift                   0.000
- CPPR Adjustment               0.000
+ Uncertainty                   0.020
= Required Time                 0.252
  Arrival Time                  0.223
  Slack Time                   -0.029
     Clock Rise Edge                 0.000
     + Clock Network Latency (Prop)  0.131
     = Beginpoint Arrival Time       0.131
     +-------------------------------------------------------------------------------+ 
     |        Instance         |     Arc     |   Cell   | Delay | Arrival | Required | 
     |                         |             |          |       |  Time   |   Time   | 
     |-------------------------+-------------+----------+-------+---------+----------| 
     | u_reset_sync/stage2_reg | CK ^        |          |       |   0.131 |    0.160 | 
     | u_reset_sync/stage2_reg | CK ^ -> Q v | DFFS_X1  | 0.065 |   0.195 |    0.224 | 
     | datapath/g26966         | A v -> ZN ^ | INV_X8   | 0.024 |   0.220 |    0.249 | 
     | datapath/IF_pc_reg[18]  | RN ^        | SDFFR_X1 | 0.003 |   0.223 |    0.252 | 
     +-------------------------------------------------------------------------------+ 

