
Power Net Detected:
        Voltage	    Name
             0V	    VSS
          0.95V	    VDD
Using Power View: WC_VIEW.
AAE_INFO: opIsDesignInPostRouteState() is 1
AAE_INFO: resetNetProps viewIdx 0 
Starting SI iteration 1 using Infinite Timing Windows
#################################################################################
# Design Stage: PostRoute
# Design Name: pipelined_cpu_core
# Design Mode: 45nm
# Analysis Mode: MMMC OCV 
# Parasitics Mode: SPEF/RCDB 
# Signoff Settings: SI On 
#################################################################################
AAE_INFO: 1 threads acquired from CTE.
Start delay calculation (fullDC) (1 T). (MEM=1852.25)
Total number of fetched objects 6621
AAE_INFO: Total number of nets for which stage creation was skipped for all views 0
AAE_INFO-618: Total number of nets in the design is 6862,  97.4 percent of the nets selected for SI analysis
End delay calculation. (MEM=1867.04 CPU=0:00:02.0 REAL=0:00:02.0)
End delay calculation (fullDC). (MEM=1867.04 CPU=0:00:02.1 REAL=0:00:02.0)
Save waveform /home/nanohub/estaresinic05/Silicon-From-Scratch/pipelined-cpu-physical-design/runs/confirm-clk4p2-u72/innovus_temp_97406_675cccf4-286a-4201-8c86-a05e9f6f590d_nanohub-2907946-1_estaresinic05_gwc6GU/.AAE_YhOOxn/.AAE_97406_675cccf4-286a-4201-8c86-a05e9f6f590d/waveform.data...
Loading CTE timing window with TwFlowType 0...(CPU = 0:00:00.0, REAL = 0:00:00.0, MEM = 3674.3M)
Add other clocks and setupCteToAAEClockMapping during iter 1
Loading CTE timing window is completed (CPU = 0:00:00.1, REAL = 0:00:00.0, MEM = 3674.3M)
Starting SI iteration 2
Start delay calculation (fullDC) (1 T). (MEM=1861.05)
Glitch Analysis: View WC_VIEW -- Total Number of Nets Skipped = 0. 
Glitch Analysis: View WC_VIEW -- Total Number of Nets Analyzed = 6621. 
Total number of fetched objects 6621
AAE_INFO: Total number of nets for which stage creation was skipped for all views 0
AAE_INFO-618: Total number of nets in the design is 6862,  4.3 percent of the nets selected for SI analysis
End delay calculation. (MEM=1867.77 CPU=0:00:00.2 REAL=0:00:00.0)
End delay calculation (fullDC). (MEM=1867.77 CPU=0:00:00.2 REAL=0:00:00.0)
Load RC corner of view WC_VIEW

Begin Power Analysis

             0V	    VSS
          0.95V	    VDD

Begin Processing Timing Library for Power Calculation

Ended Processing Timing Library for Power Calculation: (cpu=0:00:00, real=0:00:00, mem(process/total/peak)=1864.15MB/5278.57MB/2016.10MB)



Begin Processing Power Net/Grid for Power Calculation

Ended Processing Power Net/Grid for Power Calculation: (cpu=0:00:00, real=0:00:00, mem(process/total/peak)=1864.25MB/5278.57MB/2016.10MB)

Begin Processing Timing Window Data for Power Calculation

clk(238.095MHz) CK: assigning clock clk to net clk
Ended Processing Timing Window Data for Power Calculation: (cpu=0:00:00, real=0:00:00, mem(process/total/peak)=1864.59MB/5278.57MB/2016.10MB)

Begin Processing User Attributes

Ended Processing User Attributes: (cpu=0:00:00, real=0:00:00, mem(process/total/peak)=1864.66MB/5278.57MB/2016.10MB)

Begin Processing Signal Activity


Starting Levelizing
2026-Aug-11 19:15:05 (2026-Aug-11 19:15:05 GMT)
2026-Aug-11 19:15:05 (2026-Aug-11 19:15:05 GMT): 10%
2026-Aug-11 19:15:05 (2026-Aug-11 19:15:05 GMT): 20%
2026-Aug-11 19:15:05 (2026-Aug-11 19:15:05 GMT): 30%
2026-Aug-11 19:15:05 (2026-Aug-11 19:15:05 GMT): 40%
2026-Aug-11 19:15:05 (2026-Aug-11 19:15:05 GMT): 50%
2026-Aug-11 19:15:05 (2026-Aug-11 19:15:05 GMT): 60%
2026-Aug-11 19:15:05 (2026-Aug-11 19:15:05 GMT): 70%
2026-Aug-11 19:15:05 (2026-Aug-11 19:15:05 GMT): 80%
2026-Aug-11 19:15:05 (2026-Aug-11 19:15:05 GMT): 90%

Finished Levelizing
2026-Aug-11 19:15:05 (2026-Aug-11 19:15:05 GMT)

Starting Activity Propagation
2026-Aug-11 19:15:05 (2026-Aug-11 19:15:05 GMT)
** INFO:  (VOLTUS_POWR-1356): No default input activity has been set. Defaulting to 0.2.
Use 'set_default_switching_activity -input_activity' command to change the default activity value.

2026-Aug-11 19:15:05 (2026-Aug-11 19:15:05 GMT): 10%
2026-Aug-11 19:15:05 (2026-Aug-11 19:15:05 GMT): 20%

Finished Activity Propagation
2026-Aug-11 19:15:06 (2026-Aug-11 19:15:06 GMT)
Ended Processing Signal Activity: (cpu=0:00:00, real=0:00:00, mem(process/total/peak)=1864.99MB/5278.57MB/2016.10MB)

Begin Power Computation

      ----------------------------------------------------------
      # of cell(s) missing both power/leakage table: 0
      # of cell(s) missing power table: 0
      # of cell(s) missing leakage table: 0
      ----------------------------------------------------------



Starting Calculating power
2026-Aug-11 19:15:06 (2026-Aug-11 19:15:06 GMT)
 ... Calculating switching power
2026-Aug-11 19:15:06 (2026-Aug-11 19:15:06 GMT): 10%
2026-Aug-11 19:15:06 (2026-Aug-11 19:15:06 GMT): 20%
2026-Aug-11 19:15:06 (2026-Aug-11 19:15:06 GMT): 30%
2026-Aug-11 19:15:06 (2026-Aug-11 19:15:06 GMT): 40%
2026-Aug-11 19:15:06 (2026-Aug-11 19:15:06 GMT): 50%
 ... Calculating internal and leakage power
2026-Aug-11 19:15:06 (2026-Aug-11 19:15:06 GMT): 60%
2026-Aug-11 19:15:06 (2026-Aug-11 19:15:06 GMT): 70%
2026-Aug-11 19:15:06 (2026-Aug-11 19:15:06 GMT): 80%
2026-Aug-11 19:15:07 (2026-Aug-11 19:15:07 GMT): 90%

Finished Calculating power
2026-Aug-11 19:15:07 (2026-Aug-11 19:15:07 GMT)
      # of MSMV cell(s) missing power_level: 0
Ended Power Computation: (cpu=0:00:01, real=0:00:01, mem(process/total/peak)=1866.62MB/5278.57MB/2016.10MB)

Begin Processing User Attributes

Begin Processing set_power
Ended Processing set_power: (cpu=0:00:00, real=0:00:00,
mem(process/total/peak)=1866.65MB/5278.57MB/2016.10MB)
Ended Processing User Attributes: (cpu=0:00:00, real=0:00:00, mem(process/total/peak)=1866.71MB/5278.57MB/2016.10MB)

Ended Power Analysis: (cpu=0:00:01, real=0:00:01, mem(process/total/peak)=1866.71MB/5278.57MB/2016.10MB)

Begin Boundary Leakage Calculation
Ended Boundary Leakage Calculation: (cpu=0:00:00, real=0:00:00,
mem(process/total/peak)=1867.79MB/5278.57MB/2016.10MB)
Begin Static Power Report Generation
*----------------------------------------------------------------------------------------
*	Innovus 23.12-s091_1 (64bit) 07/30/2024 16:11 (Linux 3.10.0-693.el7.x86_64)
*	
*
* 	Date & Time:	2026-Aug-11 19:15:07 (2026-Aug-11 19:15:07 GMT)
*
*----------------------------------------------------------------------------------------
*
*	Design: pipelined_cpu_core
*
*	Liberty Libraries used:
*	        WC_VIEW: /home/nanohub/estaresinic05/MacroPlacement/Enablements/NanGate45/lib/NangateOpenCellLibrary_slow.lib
*
*	Parasitic Files used:
*
*       Power View : WC_VIEW
*
*       User-Defined Activity : N.A.
*
*       Activity File: N.A.
*
*       Hierarchical Global Activity: N.A.
*
*       Global Activity: N.A.
*
*       Sequential Element Activity: 0.200000
*
*       Primary Input Activity: 0.200000
*
*       Default icg ratio: N.A.
*
*       Global Comb ClockGate Ratio: N.A.
*
*	Power Units = 1mW
*
*	Time Units = 1e-09 secs
*
*       report_power
*
-----------------------------------------------------------------------------------------
*



Total Power
-----------------------------------------------------------------------------------------
Total Internal Power:        1.82634166 	   60.7002%
Total Switching Power:       1.01675941 	   33.7930%
Total Leakage Power:         0.16568766 	    5.5068%
Total Power:                 3.00878873
-----------------------------------------------------------------------------------------


Group                           Internal   Switching     Leakage       Total  Percentage 
                                Power      Power         Power         Power  (%)        
-----------------------------------------------------------------------------------------
Sequential                         1.279      0.1515     0.08827       1.519       50.48
Macro                                  0           0           0           0           0
IO                                     0           0           0           0           0
Combinational                     0.3046      0.4232     0.07437      0.8022       26.66
Clock (Combinational)             0.2428       0.442    0.003051      0.6879       22.86
Clock (Sequential)                     0           0           0           0           0
-----------------------------------------------------------------------------------------
Total                              1.826       1.017      0.1657       3.009         100
-----------------------------------------------------------------------------------------


Rail                  Voltage   Internal   Switching     Leakage       Total  Percentage 
                                Power      Power         Power         Power  (%)        
-----------------------------------------------------------------------------------------
VDD                      0.95      1.826       1.017      0.1657       3.009         100


Clock                           Internal   Switching     Leakage       Total  Percentage 
                                Power      Power         Power         Power  (%)        
-----------------------------------------------------------------------------------------
clk                               0.2428       0.442    0.003051      0.6879       22.86
-----------------------------------------------------------------------------------------
Total                             0.2428       0.442    0.003051      0.6879       22.86
-----------------------------------------------------------------------------------------
Clock: clk
Clock Period: 0.004200 usec 
Clock Toggle Rate:   476.1905 Mhz 
Clock Static Probability:  0.5000
  
 
 
-----------------------------------------------------------------------------------------
*	Power Distribution Summary: 
*              Highest Average Power: datapath/CTS_ccl_a_buf_00097 (CLKBUF_X3):         0.005881
*              Highest Leakage Power: datapath/branch_or_inc_4/FE_OFC194_IFID_takeBranch (BUF_X8):        0.0001182
*                Total Cap:      3.55078e-11 F
*                Total instances in design:  5130
*                Total instances in design with no power:     0
*                Total instances in design with no activty:     0

*                Total Fillers and Decap:     0
-----------------------------------------------------------------------------------------
 
** INFO:  (VOLTUS_POWR-3465): There are 0 decaps and 0 fillers in the design

Ended Static Power Report Generation: (cpu=0:00:00, real=0:00:00,
mem(process/total/peak)=1869.75MB/5278.57MB/2016.10MB)

