###############################################################
#  Generated by:      Cadence Innovus 23.12-s091_1
#  OS:                Linux x86_64(Host ID nanohub-2907946-1)
#  Generated on:      Tue Aug 11 19:16:34 2026
#  Design:            pipelined_cpu_core
#  Command:           timeDesign -postRoute -hold -expandedViews -outDir cornerReports
###############################################################

------------------------------------------------------------------
          timeDesign Summary
------------------------------------------------------------------

+--------------------+---------+---------+---------+
|     Hold mode      |   all   | reg2reg | default |
+--------------------+---------+---------+---------+
|           WNS (ns):|  0.027  |  0.027  |  0.708  |
|           TNS (ns):|  0.000  |  0.000  |  0.000  |
|    Violating Paths:|    0    |    0    |    0    |
|          All Paths:|  3551   |  3353   |   230   |
+--------------------+---------+---------+---------+
|RPT_SLOW            |  0.212  |  0.212  |  0.708  |
|                    |  0.000  |  0.000  |  0.000  |
|                    |    0    |    0    |    0    |
|                    |  3551   |  3353   |   230   |
+--------------------+---------+---------+---------+
|RPT_TYP             |  0.056  |  0.056  |  1.034  |
|                    |  0.000  |  0.000  |  0.000  |
|                    |    0    |    0    |    0    |
|                    |  3551   |  3353   |   230   |
+--------------------+---------+---------+---------+
|RPT_FAST            |  0.027  |  0.027  |  1.100  |
|                    |  0.000  |  0.000  |  0.000  |
|                    |    0    |    0    |    0    |
|                    |  3551   |  3353   |   230   |
+--------------------+---------+---------+---------+

Density: 73.765%
       (99.999% with Fillers)
------------------------------------------------------------------
