###############################################################
#  Generated by:      Cadence Innovus 23.12-s091_1
#  OS:                Linux x86_64(Host ID nanohub-2907570-14)
#  Generated on:      Tue Aug 11 02:07:33 2026
#  Design:            pipelined_cpu_core
#  Command:           report_timing -early -view RPT_SLOW -max_paths 50 -nworst 1 > reports/41_hold_slow.rpt
###############################################################
Path 1: MET Hold Check with Pin datapath/IDEX_rd_reg[1]/CK 
Endpoint:   datapath/IDEX_rd_reg[1]/D     (v) checked with  leading edge of 
'clk'
Beginpoint: datapath/IFID_instr_reg[8]/QN (^) triggered by  leading edge of 
'clk'
Path Groups: {reg2reg}
Analysis View: RPT_SLOW
Other End Arrival Time          0.495
+ Hold                          0.022
+ Phase Shift                   0.000
- CPPR Adjustment               0.000
+ Uncertainty                   0.020
= Required Time                 0.537
  Arrival Time                  0.746
  Slack Time                    0.210
     Clock Rise Edge                 0.000
     + Clock Network Latency (Prop)  0.494
     = Beginpoint Arrival Time       0.494
     +----------------------------------------------------------------------------------+ 
     |          Instance          |     Arc      |  Cell   | Delay | Arrival | Required | 
     |                            |              |         |       |  Time   |   Time   | 
     |----------------------------+--------------+---------+-------+---------+----------| 
     | datapath/IFID_instr_reg[8] | CK ^         |         |       |   0.494 |    0.285 | 
     | datapath/IFID_instr_reg[8] | CK ^ -> QN ^ | DFFR_X1 | 0.224 |   0.719 |    0.509 | 
     | datapath/g40757            | A2 ^ -> ZN v | NOR2_X1 | 0.028 |   0.746 |    0.537 | 
     | datapath/IDEX_rd_reg[1]    | D v          | DFFR_X1 | 0.000 |   0.746 |    0.537 | 
     +----------------------------------------------------------------------------------+ 
Path 2: MET Hold Check with Pin datapath/IDEX_rd_reg[0]/CK 
Endpoint:   datapath/IDEX_rd_reg[0]/D     (v) checked with  leading edge of 
'clk'
Beginpoint: datapath/IFID_instr_reg[7]/QN (^) triggered by  leading edge of 
'clk'
Path Groups: {reg2reg}
Analysis View: RPT_SLOW
Other End Arrival Time          0.504
+ Hold                          0.025
+ Phase Shift                   0.000
- CPPR Adjustment               0.000
+ Uncertainty                   0.020
= Required Time                 0.549
  Arrival Time                  0.763
  Slack Time                    0.215
     Clock Rise Edge                 0.000
     + Clock Network Latency (Prop)  0.503
     = Beginpoint Arrival Time       0.503
     +----------------------------------------------------------------------------------+ 
     |          Instance          |     Arc      |  Cell   | Delay | Arrival | Required | 
     |                            |              |         |       |  Time   |   Time   | 
     |----------------------------+--------------+---------+-------+---------+----------| 
     | datapath/IFID_instr_reg[7] | CK ^         |         |       |   0.503 |    0.289 | 
     | datapath/IFID_instr_reg[7] | CK ^ -> QN ^ | DFFR_X1 | 0.232 |   0.735 |    0.521 | 
     | datapath/g40756            | A2 ^ -> ZN v | NOR2_X1 | 0.028 |   0.763 |    0.549 | 
     | datapath/IDEX_rd_reg[0]    | D v          | DFFR_X1 | 0.000 |   0.763 |    0.549 | 
     +----------------------------------------------------------------------------------+ 
Path 3: MET Hold Check with Pin datapath/MEMWB_memToReg_reg/CK 
Endpoint:   datapath/MEMWB_memToReg_reg/D (v) checked with  leading edge of 
'clk'
Beginpoint: datapath/EXMEM_memRead_reg/Q  (v) triggered by  leading edge of 
'clk'
Path Groups: {reg2reg}
Analysis View: RPT_SLOW
Other End Arrival Time          0.545
+ Hold                          0.022
+ Phase Shift                   0.000
- CPPR Adjustment               0.000
+ Uncertainty                   0.020
= Required Time                 0.587
  Arrival Time                  0.804
  Slack Time                    0.216
     Clock Rise Edge                 0.000
     + Clock Network Latency (Prop)  0.502
     = Beginpoint Arrival Time       0.502
     +----------------------------------------------------------------------------------+ 
     |          Instance           |     Arc     |  Cell   | Delay | Arrival | Required | 
     |                             |             |         |       |  Time   |   Time   | 
     |-----------------------------+-------------+---------+-------+---------+----------| 
     | datapath/EXMEM_memRead_reg  | CK ^        |         |       |   0.502 |    0.286 | 
     | datapath/EXMEM_memRead_reg  | CK ^ -> Q v | DFFR_X1 | 0.301 |   0.804 |    0.587 | 
     | datapath/MEMWB_memToReg_reg | D v         | DFFR_X2 | 0.000 |   0.804 |    0.587 | 
     +----------------------------------------------------------------------------------+ 
Path 4: MET Hold Check with Pin datapath/IDEX_rd_reg[4]/CK 
Endpoint:   datapath/IDEX_rd_reg[4]/D      (v) checked with  leading edge of 
'clk'
Beginpoint: datapath/IFID_instr_reg[11]/QN (^) triggered by  leading edge of 
'clk'
Path Groups: {reg2reg}
Analysis View: RPT_SLOW
Other End Arrival Time          0.495
+ Hold                          0.022
+ Phase Shift                   0.000
- CPPR Adjustment               0.000
+ Uncertainty                   0.020
= Required Time                 0.537
  Arrival Time                  0.764
  Slack Time                    0.227
     Clock Rise Edge                 0.000
     + Clock Network Latency (Prop)  0.504
     = Beginpoint Arrival Time       0.504
     +-----------------------------------------------------------------------------------+ 
     |          Instance           |     Arc      |  Cell   | Delay | Arrival | Required | 
     |                             |              |         |       |  Time   |   Time   | 
     |-----------------------------+--------------+---------+-------+---------+----------| 
     | datapath/IFID_instr_reg[11] | CK ^         |         |       |   0.504 |    0.277 | 
     | datapath/IFID_instr_reg[11] | CK ^ -> QN ^ | DFFR_X1 | 0.232 |   0.736 |    0.509 | 
     | datapath/g40755             | A2 ^ -> ZN v | NOR2_X1 | 0.028 |   0.764 |    0.537 | 
     | datapath/IDEX_rd_reg[4]     | D v          | DFFR_X1 | 0.000 |   0.764 |    0.537 | 
     +-----------------------------------------------------------------------------------+ 
Path 5: MET Hold Check with Pin datapath/IDEX_rd_reg[3]/CK 
Endpoint:   datapath/IDEX_rd_reg[3]/D      (v) checked with  leading edge of 
'clk'
Beginpoint: datapath/IFID_instr_reg[10]/QN (^) triggered by  leading edge of 
'clk'
Path Groups: {reg2reg}
Analysis View: RPT_SLOW
Other End Arrival Time          0.495
+ Hold                          0.022
+ Phase Shift                   0.000
- CPPR Adjustment               0.000
+ Uncertainty                   0.020
= Required Time                 0.537
  Arrival Time                  0.766
  Slack Time                    0.229
     Clock Rise Edge                 0.000
     + Clock Network Latency (Prop)  0.503
     = Beginpoint Arrival Time       0.503
     +-----------------------------------------------------------------------------------+ 
     |          Instance           |     Arc      |  Cell   | Delay | Arrival | Required | 
     |                             |              |         |       |  Time   |   Time   | 
     |-----------------------------+--------------+---------+-------+---------+----------| 
     | datapath/IFID_instr_reg[10] | CK ^         |         |       |   0.503 |    0.274 | 
     | datapath/IFID_instr_reg[10] | CK ^ -> QN ^ | DFFR_X1 | 0.233 |   0.736 |    0.508 | 
     | datapath/g40752             | A2 ^ -> ZN v | NOR2_X1 | 0.029 |   0.766 |    0.537 | 
     | datapath/IDEX_rd_reg[3]     | D v          | DFFR_X1 | 0.000 |   0.766 |    0.537 | 
     +-----------------------------------------------------------------------------------+ 
Path 6: MET Hold Check with Pin datapath/EXMEM_storeData_reg[1]/CK 
Endpoint:   datapath/EXMEM_storeData_reg[1]/D (v) checked with  leading edge of 
'clk'
Beginpoint: datapath/IDEX_readData2_reg[1]/QN (^) triggered by  leading edge of 
'clk'
Path Groups: {reg2reg}
Analysis View: RPT_SLOW
Other End Arrival Time          0.546
+ Hold                          0.026
+ Phase Shift                   0.000
- CPPR Adjustment               0.000
+ Uncertainty                   0.020
= Required Time                 0.592
  Arrival Time                  0.821
  Slack Time                    0.229
     Clock Rise Edge                 0.000
     + Clock Network Latency (Prop)  0.545
     = Beginpoint Arrival Time       0.545
     +----------------------------------------------------------------------------------------+ 
     |            Instance             |     Arc      |   Cell   | Delay | Arrival | Required | 
     |                                 |              |          |       |  Time   |   Time   | 
     |---------------------------------+--------------+----------+-------+---------+----------| 
     | datapath/IDEX_readData2_reg[1]  | CK ^         |          |       |   0.545 |    0.316 | 
     | datapath/IDEX_readData2_reg[1]  | CK ^ -> QN ^ | DFFR_X1  | 0.231 |   0.777 |    0.548 | 
     | datapath/g31850                 | B2 ^ -> ZN v | OAI21_X1 | 0.044 |   0.821 |    0.592 | 
     | datapath/EXMEM_storeData_reg[1] | D v          | DFFR_X1  | 0.000 |   0.821 |    0.592 | 
     +----------------------------------------------------------------------------------------+ 
Path 7: MET Hold Check with Pin datapath/MEMWB_aluResult_reg[14]/CK 
Endpoint:   datapath/MEMWB_aluResult_reg[14]/D (v) checked with  leading edge 
of 'clk'
Beginpoint: datapath/EXMEM_aluResult_reg[14]/Q (v) triggered by  leading edge 
of 'clk'
Path Groups: {reg2reg}
Analysis View: RPT_SLOW
Other End Arrival Time          0.546
+ Hold                          0.029
+ Phase Shift                   0.000
- CPPR Adjustment               0.000
+ Uncertainty                   0.020
= Required Time                 0.595
  Arrival Time                  0.826
  Slack Time                    0.231
     Clock Rise Edge                 0.000
     + Clock Network Latency (Prop)  0.500
     = Beginpoint Arrival Time       0.500
     +---------------------------------------------------------------------------------------+ 
     |             Instance             |     Arc     |  Cell   | Delay | Arrival | Required | 
     |                                  |             |         |       |  Time   |   Time   | 
     |----------------------------------+-------------+---------+-------+---------+----------| 
     | datapath/EXMEM_aluResult_reg[14] | CK ^        |         |       |   0.500 |    0.269 | 
     | datapath/EXMEM_aluResult_reg[14] | CK ^ -> Q v | DFFR_X1 | 0.325 |   0.825 |    0.595 | 
     | datapath/MEMWB_aluResult_reg[14] | D v         | DFFR_X1 | 0.001 |   0.826 |    0.595 | 
     +---------------------------------------------------------------------------------------+ 
Path 8: MET Hold Check with Pin datapath/IDEX_rd_reg[2]/CK 
Endpoint:   datapath/IDEX_rd_reg[2]/D     (v) checked with  leading edge of 
'clk'
Beginpoint: datapath/IFID_instr_reg[9]/QN (^) triggered by  leading edge of 
'clk'
Path Groups: {reg2reg}
Analysis View: RPT_SLOW
Other End Arrival Time          0.495
+ Hold                          0.023
+ Phase Shift                   0.000
- CPPR Adjustment               0.000
+ Uncertainty                   0.020
= Required Time                 0.537
  Arrival Time                  0.772
  Slack Time                    0.235
     Clock Rise Edge                 0.000
     + Clock Network Latency (Prop)  0.503
     = Beginpoint Arrival Time       0.503
     +----------------------------------------------------------------------------------+ 
     |          Instance          |     Arc      |  Cell   | Delay | Arrival | Required | 
     |                            |              |         |       |  Time   |   Time   | 
     |----------------------------+--------------+---------+-------+---------+----------| 
     | datapath/IFID_instr_reg[9] | CK ^         |         |       |   0.503 |    0.268 | 
     | datapath/IFID_instr_reg[9] | CK ^ -> QN ^ | DFFR_X1 | 0.237 |   0.741 |    0.506 | 
     | datapath/g40753            | A2 ^ -> ZN v | NOR2_X1 | 0.032 |   0.772 |    0.537 | 
     | datapath/IDEX_rd_reg[2]    | D v          | DFFR_X1 | 0.000 |   0.772 |    0.537 | 
     +----------------------------------------------------------------------------------+ 
Path 9: MET Hold Check with Pin datapath/EXMEM_memWrite_reg/CK 
Endpoint:   datapath/EXMEM_memWrite_reg/D (v) checked with  leading edge of 
'clk'
Beginpoint: datapath/IDEX_memWrite_reg/Q  (v) triggered by  leading edge of 
'clk'
Path Groups: {reg2reg}
Analysis View: RPT_SLOW
Other End Arrival Time          0.504
+ Hold                          0.026
+ Phase Shift                   0.000
- CPPR Adjustment               0.000
+ Uncertainty                   0.020
= Required Time                 0.550
  Arrival Time                  0.795
  Slack Time                    0.245
     Clock Rise Edge                 0.000
     + Clock Network Latency (Prop)  0.502
     = Beginpoint Arrival Time       0.502
     +----------------------------------------------------------------------------------+ 
     |          Instance           |     Arc     |  Cell   | Delay | Arrival | Required | 
     |                             |             |         |       |  Time   |   Time   | 
     |-----------------------------+-------------+---------+-------+---------+----------| 
     | datapath/IDEX_memWrite_reg  | CK ^        |         |       |   0.502 |    0.257 | 
     | datapath/IDEX_memWrite_reg  | CK ^ -> Q v | DFFR_X1 | 0.292 |   0.795 |    0.550 | 
     | datapath/EXMEM_memWrite_reg | D v         | DFFR_X1 | 0.000 |   0.795 |    0.550 | 
     +----------------------------------------------------------------------------------+ 
Path 10: MET Hold Check with Pin datapath/EXMEM_memRead_reg/CK 
Endpoint:   datapath/EXMEM_memRead_reg/D (v) checked with  leading edge of 'clk'
Beginpoint: datapath/IDEX_memRead_reg/Q  (v) triggered by  leading edge of 'clk'
Path Groups: {reg2reg}
Analysis View: RPT_SLOW
Other End Arrival Time          0.503
+ Hold                          0.026
+ Phase Shift                   0.000
- CPPR Adjustment               0.000
+ Uncertainty                   0.020
= Required Time                 0.549
  Arrival Time                  0.802
  Slack Time                    0.253
     Clock Rise Edge                 0.000
     + Clock Network Latency (Prop)  0.502
     = Beginpoint Arrival Time       0.502
     +---------------------------------------------------------------------------------+ 
     |          Instance          |     Arc     |  Cell   | Delay | Arrival | Required | 
     |                            |             |         |       |  Time   |   Time   | 
     |----------------------------+-------------+---------+-------+---------+----------| 
     | datapath/IDEX_memRead_reg  | CK ^        |         |       |   0.502 |    0.250 | 
     | datapath/IDEX_memRead_reg  | CK ^ -> Q v | DFFR_X1 | 0.299 |   0.802 |    0.549 | 
     | datapath/EXMEM_memRead_reg | D v         | DFFR_X1 | 0.000 |   0.802 |    0.549 | 
     +---------------------------------------------------------------------------------+ 
Path 11: MET Hold Check with Pin datapath/EXMEM_regWrite_reg/CK 
Endpoint:   datapath/EXMEM_regWrite_reg/D (v) checked with  leading edge of 
'clk'
Beginpoint: datapath/IDEX_regWrite_reg/Q  (v) triggered by  leading edge of 
'clk'
Path Groups: {reg2reg}
Analysis View: RPT_SLOW
Other End Arrival Time          0.503
+ Hold                          0.026
+ Phase Shift                   0.000
- CPPR Adjustment               0.000
+ Uncertainty                   0.020
= Required Time                 0.549
  Arrival Time                  0.802
  Slack Time                    0.253
     Clock Rise Edge                 0.000
     + Clock Network Latency (Prop)  0.502
     = Beginpoint Arrival Time       0.502
     +----------------------------------------------------------------------------------+ 
     |          Instance           |     Arc     |  Cell   | Delay | Arrival | Required | 
     |                             |             |         |       |  Time   |   Time   | 
     |-----------------------------+-------------+---------+-------+---------+----------| 
     | datapath/IDEX_regWrite_reg  | CK ^        |         |       |   0.502 |    0.250 | 
     | datapath/IDEX_regWrite_reg  | CK ^ -> Q v | DFFR_X1 | 0.299 |   0.802 |    0.549 | 
     | datapath/EXMEM_regWrite_reg | D v         | DFFR_X1 | 0.000 |   0.802 |    0.549 | 
     +----------------------------------------------------------------------------------+ 
Path 12: MET Hold Check with Pin datapath/MEMWB_aluResult_reg[7]/CK 
Endpoint:   datapath/MEMWB_aluResult_reg[7]/D (v) checked with  leading edge of 
'clk'
Beginpoint: datapath/EXMEM_aluResult_reg[7]/Q (v) triggered by  leading edge of 
'clk'
Path Groups: {reg2reg}
Analysis View: RPT_SLOW
Other End Arrival Time          0.511
+ Hold                          0.028
+ Phase Shift                   0.000
- CPPR Adjustment               0.000
+ Uncertainty                   0.020
= Required Time                 0.559
  Arrival Time                  0.813
  Slack Time                    0.253
     Clock Rise Edge                 0.000
     + Clock Network Latency (Prop)  0.498
     = Beginpoint Arrival Time       0.498
     +--------------------------------------------------------------------------------------+ 
     |            Instance             |     Arc     |  Cell   | Delay | Arrival | Required | 
     |                                 |             |         |       |  Time   |   Time   | 
     |---------------------------------+-------------+---------+-------+---------+----------| 
     | datapath/EXMEM_aluResult_reg[7] | CK ^        |         |       |   0.498 |    0.244 | 
     | datapath/EXMEM_aluResult_reg[7] | CK ^ -> Q v | DFFR_X1 | 0.315 |   0.813 |    0.559 | 
     | datapath/MEMWB_aluResult_reg[7] | D v         | DFFR_X1 | 0.000 |   0.813 |    0.559 | 
     +--------------------------------------------------------------------------------------+ 
Path 13: MET Hold Check with Pin datapath/MEMWB_aluResult_reg[31]/CK 
Endpoint:   datapath/MEMWB_aluResult_reg[31]/D (v) checked with  leading edge 
of 'clk'
Beginpoint: datapath/EXMEM_aluResult_reg[31]/Q (v) triggered by  leading edge 
of 'clk'
Path Groups: {reg2reg}
Analysis View: RPT_SLOW
Other End Arrival Time          0.544
+ Hold                          0.026
+ Phase Shift                   0.000
- CPPR Adjustment               0.000
+ Uncertainty                   0.020
= Required Time                 0.590
  Arrival Time                  0.845
  Slack Time                    0.255
     Clock Rise Edge                 0.000
     + Clock Network Latency (Prop)  0.536
     = Beginpoint Arrival Time       0.536
     +---------------------------------------------------------------------------------------+ 
     |             Instance             |     Arc     |  Cell   | Delay | Arrival | Required | 
     |                                  |             |         |       |  Time   |   Time   | 
     |----------------------------------+-------------+---------+-------+---------+----------| 
     | datapath/EXMEM_aluResult_reg[31] | CK ^        |         |       |   0.536 |    0.282 | 
     | datapath/EXMEM_aluResult_reg[31] | CK ^ -> Q v | DFFR_X1 | 0.308 |   0.845 |    0.590 | 
     | datapath/MEMWB_aluResult_reg[31] | D v         | DFFR_X1 | 0.000 |   0.845 |    0.590 | 
     +---------------------------------------------------------------------------------------+ 
Path 14: MET Hold Check with Pin datapath/EXMEM_rd_reg[2]/CK 
Endpoint:   datapath/EXMEM_rd_reg[2]/D (v) checked with  leading edge of 'clk'
Beginpoint: datapath/IDEX_rd_reg[2]/Q  (v) triggered by  leading edge of 'clk'
Path Groups: {reg2reg}
Analysis View: RPT_SLOW
Other End Arrival Time          0.495
+ Hold                          0.024
+ Phase Shift                   0.000
- CPPR Adjustment               0.000
+ Uncertainty                   0.020
= Required Time                 0.539
  Arrival Time                  0.798
  Slack Time                    0.259
     Clock Rise Edge                 0.000
     + Clock Network Latency (Prop)  0.494
     = Beginpoint Arrival Time       0.494
     +-------------------------------------------------------------------------------+ 
     |         Instance         |     Arc     |  Cell   | Delay | Arrival | Required | 
     |                          |             |         |       |  Time   |   Time   | 
     |--------------------------+-------------+---------+-------+---------+----------| 
     | datapath/IDEX_rd_reg[2]  | CK ^        |         |       |   0.494 |    0.235 | 
     | datapath/IDEX_rd_reg[2]  | CK ^ -> Q v | DFFR_X1 | 0.304 |   0.798 |    0.539 | 
     | datapath/EXMEM_rd_reg[2] | D v         | DFFR_X1 | 0.000 |   0.798 |    0.539 | 
     +-------------------------------------------------------------------------------+ 
Path 15: MET Hold Check with Pin datapath/MEMWB_aluResult_reg[2]/CK 
Endpoint:   datapath/MEMWB_aluResult_reg[2]/D (v) checked with  leading edge of 
'clk'
Beginpoint: datapath/EXMEM_aluResult_reg[2]/Q (v) triggered by  leading edge of 
'clk'
Path Groups: {reg2reg}
Analysis View: RPT_SLOW
Other End Arrival Time          0.539
+ Hold                          0.024
+ Phase Shift                   0.000
- CPPR Adjustment               0.000
+ Uncertainty                   0.020
= Required Time                 0.583
  Arrival Time                  0.843
  Slack Time                    0.260
     Clock Rise Edge                 0.000
     + Clock Network Latency (Prop)  0.539
     = Beginpoint Arrival Time       0.539
     +--------------------------------------------------------------------------------------+ 
     |            Instance             |     Arc     |  Cell   | Delay | Arrival | Required | 
     |                                 |             |         |       |  Time   |   Time   | 
     |---------------------------------+-------------+---------+-------+---------+----------| 
     | datapath/EXMEM_aluResult_reg[2] | CK ^        |         |       |   0.539 |    0.278 | 
     | datapath/EXMEM_aluResult_reg[2] | CK ^ -> Q v | DFFR_X1 | 0.305 |   0.843 |    0.583 | 
     | datapath/MEMWB_aluResult_reg[2] | D v         | DFFR_X1 | 0.000 |   0.843 |    0.583 | 
     +--------------------------------------------------------------------------------------+ 
Path 16: MET Hold Check with Pin datapath/MEMWB_aluResult_reg[22]/CK 
Endpoint:   datapath/MEMWB_aluResult_reg[22]/D (v) checked with  leading edge 
of 'clk'
Beginpoint: datapath/EXMEM_aluResult_reg[22]/Q (v) triggered by  leading edge 
of 'clk'
Path Groups: {reg2reg}
Analysis View: RPT_SLOW
Other End Arrival Time          0.545
+ Hold                          0.027
+ Phase Shift                   0.000
- CPPR Adjustment               0.000
+ Uncertainty                   0.020
= Required Time                 0.591
  Arrival Time                  0.852
  Slack Time                    0.261
     Clock Rise Edge                 0.000
     + Clock Network Latency (Prop)  0.536
     = Beginpoint Arrival Time       0.536
     +---------------------------------------------------------------------------------------+ 
     |             Instance             |     Arc     |  Cell   | Delay | Arrival | Required | 
     |                                  |             |         |       |  Time   |   Time   | 
     |----------------------------------+-------------+---------+-------+---------+----------| 
     | datapath/EXMEM_aluResult_reg[22] | CK ^        |         |       |   0.536 |    0.275 | 
     | datapath/EXMEM_aluResult_reg[22] | CK ^ -> Q v | DFFR_X1 | 0.316 |   0.852 |    0.591 | 
     | datapath/MEMWB_aluResult_reg[22] | D v         | DFFR_X1 | 0.000 |   0.852 |    0.591 | 
     +---------------------------------------------------------------------------------------+ 
Path 17: MET Hold Check with Pin datapath/MEMWB_aluResult_reg[0]/CK 
Endpoint:   datapath/MEMWB_aluResult_reg[0]/D (v) checked with  leading edge of 
'clk'
Beginpoint: datapath/EXMEM_aluResult_reg[0]/Q (v) triggered by  leading edge of 
'clk'
Path Groups: {reg2reg}
Analysis View: RPT_SLOW
Other End Arrival Time          0.585
+ Hold                          0.020
+ Phase Shift                   0.000
- CPPR Adjustment               0.000
+ Uncertainty                   0.020
= Required Time                 0.626
  Arrival Time                  0.887
  Slack Time                    0.261
     Clock Rise Edge                 0.000
     + Clock Network Latency (Prop)  0.585
     = Beginpoint Arrival Time       0.585
     +--------------------------------------------------------------------------------------+ 
     |            Instance             |     Arc     |  Cell   | Delay | Arrival | Required | 
     |                                 |             |         |       |  Time   |   Time   | 
     |---------------------------------+-------------+---------+-------+---------+----------| 
     | datapath/EXMEM_aluResult_reg[0] | CK ^        |         |       |   0.585 |    0.323 | 
     | datapath/EXMEM_aluResult_reg[0] | CK ^ -> Q v | DFFR_X1 | 0.302 |   0.887 |    0.626 | 
     | datapath/MEMWB_aluResult_reg[0] | D v         | DFFR_X1 | 0.000 |   0.887 |    0.626 | 
     +--------------------------------------------------------------------------------------+ 
Path 18: MET Hold Check with Pin datapath/MEMWB_aluResult_reg[11]/CK 
Endpoint:   datapath/MEMWB_aluResult_reg[11]/D (v) checked with  leading edge 
of 'clk'
Beginpoint: datapath/EXMEM_aluResult_reg[11]/Q (v) triggered by  leading edge 
of 'clk'
Path Groups: {reg2reg}
Analysis View: RPT_SLOW
Other End Arrival Time          0.500
+ Hold                          0.028
+ Phase Shift                   0.000
- CPPR Adjustment               0.000
+ Uncertainty                   0.020
= Required Time                 0.548
  Arrival Time                  0.809
  Slack Time                    0.262
     Clock Rise Edge                 0.000
     + Clock Network Latency (Prop)  0.494
     = Beginpoint Arrival Time       0.494
     +---------------------------------------------------------------------------------------+ 
     |             Instance             |     Arc     |  Cell   | Delay | Arrival | Required | 
     |                                  |             |         |       |  Time   |   Time   | 
     |----------------------------------+-------------+---------+-------+---------+----------| 
     | datapath/EXMEM_aluResult_reg[11] | CK ^        |         |       |   0.494 |    0.233 | 
     | datapath/EXMEM_aluResult_reg[11] | CK ^ -> Q v | DFFR_X1 | 0.315 |   0.809 |    0.548 | 
     | datapath/MEMWB_aluResult_reg[11] | D v         | DFFR_X1 | 0.000 |   0.809 |    0.548 | 
     +---------------------------------------------------------------------------------------+ 
Path 19: MET Hold Check with Pin datapath/MEMWB_aluResult_reg[28]/CK 
Endpoint:   datapath/MEMWB_aluResult_reg[28]/D (v) checked with  leading edge 
of 'clk'
Beginpoint: datapath/EXMEM_aluResult_reg[28]/Q (v) triggered by  leading edge 
of 'clk'
Path Groups: {reg2reg}
Analysis View: RPT_SLOW
Other End Arrival Time          0.544
+ Hold                          0.026
+ Phase Shift                   0.000
- CPPR Adjustment               0.000
+ Uncertainty                   0.020
= Required Time                 0.590
  Arrival Time                  0.854
  Slack Time                    0.264
     Clock Rise Edge                 0.000
     + Clock Network Latency (Prop)  0.544
     = Beginpoint Arrival Time       0.544
     +---------------------------------------------------------------------------------------+ 
     |             Instance             |     Arc     |  Cell   | Delay | Arrival | Required | 
     |                                  |             |         |       |  Time   |   Time   | 
     |----------------------------------+-------------+---------+-------+---------+----------| 
     | datapath/EXMEM_aluResult_reg[28] | CK ^        |         |       |   0.544 |    0.280 | 
     | datapath/EXMEM_aluResult_reg[28] | CK ^ -> Q v | DFFR_X1 | 0.310 |   0.854 |    0.590 | 
     | datapath/MEMWB_aluResult_reg[28] | D v         | DFFR_X1 | 0.000 |   0.854 |    0.590 | 
     +---------------------------------------------------------------------------------------+ 
Path 20: MET Hold Check with Pin datapath/MEMWB_aluResult_reg[4]/CK 
Endpoint:   datapath/MEMWB_aluResult_reg[4]/D (v) checked with  leading edge of 
'clk'
Beginpoint: datapath/EXMEM_aluResult_reg[4]/Q (v) triggered by  leading edge of 
'clk'
Path Groups: {reg2reg}
Analysis View: RPT_SLOW
Other End Arrival Time          0.539
+ Hold                          0.024
+ Phase Shift                   0.000
- CPPR Adjustment               0.000
+ Uncertainty                   0.020
= Required Time                 0.583
  Arrival Time                  0.848
  Slack Time                    0.264
     Clock Rise Edge                 0.000
     + Clock Network Latency (Prop)  0.539
     = Beginpoint Arrival Time       0.539
     +--------------------------------------------------------------------------------------+ 
     |            Instance             |     Arc     |  Cell   | Delay | Arrival | Required | 
     |                                 |             |         |       |  Time   |   Time   | 
     |---------------------------------+-------------+---------+-------+---------+----------| 
     | datapath/EXMEM_aluResult_reg[4] | CK ^        |         |       |   0.539 |    0.274 | 
     | datapath/EXMEM_aluResult_reg[4] | CK ^ -> Q v | DFFR_X1 | 0.309 |   0.848 |    0.583 | 
     | datapath/MEMWB_aluResult_reg[4] | D v         | DFFR_X1 | 0.000 |   0.848 |    0.583 | 
     +--------------------------------------------------------------------------------------+ 
Path 21: MET Hold Check with Pin datapath/MEMWB_aluResult_reg[30]/CK 
Endpoint:   datapath/MEMWB_aluResult_reg[30]/D (v) checked with  leading edge 
of 'clk'
Beginpoint: datapath/EXMEM_aluResult_reg[30]/Q (v) triggered by  leading edge 
of 'clk'
Path Groups: {reg2reg}
Analysis View: RPT_SLOW
Other End Arrival Time          0.544
+ Hold                          0.026
+ Phase Shift                   0.000
- CPPR Adjustment               0.000
+ Uncertainty                   0.020
= Required Time                 0.590
  Arrival Time                  0.855
  Slack Time                    0.265
     Clock Rise Edge                 0.000
     + Clock Network Latency (Prop)  0.544
     = Beginpoint Arrival Time       0.544
     +---------------------------------------------------------------------------------------+ 
     |             Instance             |     Arc     |  Cell   | Delay | Arrival | Required | 
     |                                  |             |         |       |  Time   |   Time   | 
     |----------------------------------+-------------+---------+-------+---------+----------| 
     | datapath/EXMEM_aluResult_reg[30] | CK ^        |         |       |   0.544 |    0.279 | 
     | datapath/EXMEM_aluResult_reg[30] | CK ^ -> Q v | DFFR_X1 | 0.311 |   0.855 |    0.590 | 
     | datapath/MEMWB_aluResult_reg[30] | D v         | DFFR_X1 | 0.000 |   0.855 |    0.590 | 
     +---------------------------------------------------------------------------------------+ 
Path 22: MET Hold Check with Pin datapath/MEMWB_aluResult_reg[23]/CK 
Endpoint:   datapath/MEMWB_aluResult_reg[23]/D (v) checked with  leading edge 
of 'clk'
Beginpoint: datapath/EXMEM_aluResult_reg[23]/Q (v) triggered by  leading edge 
of 'clk'
Path Groups: {reg2reg}
Analysis View: RPT_SLOW
Other End Arrival Time          0.545
+ Hold                          0.027
+ Phase Shift                   0.000
- CPPR Adjustment               0.000
+ Uncertainty                   0.020
= Required Time                 0.592
  Arrival Time                  0.857
  Slack Time                    0.265
     Clock Rise Edge                 0.000
     + Clock Network Latency (Prop)  0.536
     = Beginpoint Arrival Time       0.536
     +---------------------------------------------------------------------------------------+ 
     |             Instance             |     Arc     |  Cell   | Delay | Arrival | Required | 
     |                                  |             |         |       |  Time   |   Time   | 
     |----------------------------------+-------------+---------+-------+---------+----------| 
     | datapath/EXMEM_aluResult_reg[23] | CK ^        |         |       |   0.536 |    0.271 | 
     | datapath/EXMEM_aluResult_reg[23] | CK ^ -> Q v | DFFR_X1 | 0.320 |   0.857 |    0.591 | 
     | datapath/MEMWB_aluResult_reg[23] | D v         | DFFR_X1 | 0.001 |   0.857 |    0.592 | 
     +---------------------------------------------------------------------------------------+ 
Path 23: MET Hold Check with Pin datapath/MEMWB_aluResult_reg[20]/CK 
Endpoint:   datapath/MEMWB_aluResult_reg[20]/D (v) checked with  leading edge 
of 'clk'
Beginpoint: datapath/EXMEM_aluResult_reg[20]/Q (v) triggered by  leading edge 
of 'clk'
Path Groups: {reg2reg}
Analysis View: RPT_SLOW
Other End Arrival Time          0.546
+ Hold                          0.027
+ Phase Shift                   0.000
- CPPR Adjustment               0.000
+ Uncertainty                   0.020
= Required Time                 0.594
  Arrival Time                  0.859
  Slack Time                    0.266
     Clock Rise Edge                 0.000
     + Clock Network Latency (Prop)  0.545
     = Beginpoint Arrival Time       0.545
     +---------------------------------------------------------------------------------------+ 
     |             Instance             |     Arc     |  Cell   | Delay | Arrival | Required | 
     |                                  |             |         |       |  Time   |   Time   | 
     |----------------------------------+-------------+---------+-------+---------+----------| 
     | datapath/EXMEM_aluResult_reg[20] | CK ^        |         |       |   0.545 |    0.280 | 
     | datapath/EXMEM_aluResult_reg[20] | CK ^ -> Q v | DFFR_X1 | 0.314 |   0.859 |    0.594 | 
     | datapath/MEMWB_aluResult_reg[20] | D v         | DFFR_X1 | 0.000 |   0.859 |    0.594 | 
     +---------------------------------------------------------------------------------------+ 
Path 24: MET Hold Check with Pin datapath/EXMEM_rd_reg[3]/CK 
Endpoint:   datapath/EXMEM_rd_reg[3]/D (v) checked with  leading edge of 'clk'
Beginpoint: datapath/IDEX_rd_reg[3]/Q  (v) triggered by  leading edge of 'clk'
Path Groups: {reg2reg}
Analysis View: RPT_SLOW
Other End Arrival Time          0.495
+ Hold                          0.025
+ Phase Shift                   0.000
- CPPR Adjustment               0.000
+ Uncertainty                   0.020
= Required Time                 0.540
  Arrival Time                  0.806
  Slack Time                    0.267
     Clock Rise Edge                 0.000
     + Clock Network Latency (Prop)  0.494
     = Beginpoint Arrival Time       0.494
     +-------------------------------------------------------------------------------+ 
     |         Instance         |     Arc     |  Cell   | Delay | Arrival | Required | 
     |                          |             |         |       |  Time   |   Time   | 
     |--------------------------+-------------+---------+-------+---------+----------| 
     | datapath/IDEX_rd_reg[3]  | CK ^        |         |       |   0.494 |    0.227 | 
     | datapath/IDEX_rd_reg[3]  | CK ^ -> Q v | DFFR_X1 | 0.312 |   0.806 |    0.540 | 
     | datapath/EXMEM_rd_reg[3] | D v         | DFFR_X1 | 0.000 |   0.806 |    0.540 | 
     +-------------------------------------------------------------------------------+ 
Path 25: MET Hold Check with Pin datapath/MEMWB_aluResult_reg[21]/CK 
Endpoint:   datapath/MEMWB_aluResult_reg[21]/D (v) checked with  leading edge 
of 'clk'
Beginpoint: datapath/EXMEM_aluResult_reg[21]/Q (v) triggered by  leading edge 
of 'clk'
Path Groups: {reg2reg}
Analysis View: RPT_SLOW
Other End Arrival Time          0.545
+ Hold                          0.027
+ Phase Shift                   0.000
- CPPR Adjustment               0.000
+ Uncertainty                   0.020
= Required Time                 0.592
  Arrival Time                  0.859
  Slack Time                    0.267
     Clock Rise Edge                 0.000
     + Clock Network Latency (Prop)  0.536
     = Beginpoint Arrival Time       0.536
     +---------------------------------------------------------------------------------------+ 
     |             Instance             |     Arc     |  Cell   | Delay | Arrival | Required | 
     |                                  |             |         |       |  Time   |   Time   | 
     |----------------------------------+-------------+---------+-------+---------+----------| 
     | datapath/EXMEM_aluResult_reg[21] | CK ^        |         |       |   0.536 |    0.270 | 
     | datapath/EXMEM_aluResult_reg[21] | CK ^ -> Q v | DFFR_X1 | 0.322 |   0.858 |    0.591 | 
     | datapath/MEMWB_aluResult_reg[21] | D v         | DFFR_X1 | 0.000 |   0.859 |    0.592 | 
     +---------------------------------------------------------------------------------------+ 
Path 26: MET Hold Check with Pin datapath/MEMWB_aluResult_reg[3]/CK 
Endpoint:   datapath/MEMWB_aluResult_reg[3]/D (v) checked with  leading edge of 
'clk'
Beginpoint: datapath/EXMEM_aluResult_reg[3]/Q (v) triggered by  leading edge of 
'clk'
Path Groups: {reg2reg}
Analysis View: RPT_SLOW
Other End Arrival Time          0.541
+ Hold                          0.025
+ Phase Shift                   0.000
- CPPR Adjustment               0.000
+ Uncertainty                   0.020
= Required Time                 0.586
  Arrival Time                  0.854
  Slack Time                    0.268
     Clock Rise Edge                 0.000
     + Clock Network Latency (Prop)  0.540
     = Beginpoint Arrival Time       0.540
     +--------------------------------------------------------------------------------------+ 
     |            Instance             |     Arc     |  Cell   | Delay | Arrival | Required | 
     |                                 |             |         |       |  Time   |   Time   | 
     |---------------------------------+-------------+---------+-------+---------+----------| 
     | datapath/EXMEM_aluResult_reg[3] | CK ^        |         |       |   0.540 |    0.272 | 
     | datapath/EXMEM_aluResult_reg[3] | CK ^ -> Q v | DFFR_X1 | 0.314 |   0.854 |    0.586 | 
     | datapath/MEMWB_aluResult_reg[3] | D v         | DFFR_X1 | 0.000 |   0.854 |    0.586 | 
     +--------------------------------------------------------------------------------------+ 
Path 27: MET Hold Check with Pin datapath/MEMWB_aluResult_reg[9]/CK 
Endpoint:   datapath/MEMWB_aluResult_reg[9]/D (v) checked with  leading edge of 
'clk'
Beginpoint: datapath/EXMEM_aluResult_reg[9]/Q (v) triggered by  leading edge of 
'clk'
Path Groups: {reg2reg}
Analysis View: RPT_SLOW
Other End Arrival Time          0.546
+ Hold                          0.028
+ Phase Shift                   0.000
- CPPR Adjustment               0.000
+ Uncertainty                   0.020
= Required Time                 0.594
  Arrival Time                  0.863
  Slack Time                    0.269
     Clock Rise Edge                 0.000
     + Clock Network Latency (Prop)  0.546
     = Beginpoint Arrival Time       0.546
     +--------------------------------------------------------------------------------------+ 
     |            Instance             |     Arc     |  Cell   | Delay | Arrival | Required | 
     |                                 |             |         |       |  Time   |   Time   | 
     |---------------------------------+-------------+---------+-------+---------+----------| 
     | datapath/EXMEM_aluResult_reg[9] | CK ^        |         |       |   0.546 |    0.277 | 
     | datapath/EXMEM_aluResult_reg[9] | CK ^ -> Q v | DFFR_X1 | 0.317 |   0.863 |    0.594 | 
     | datapath/MEMWB_aluResult_reg[9] | D v         | DFFR_X1 | 0.000 |   0.863 |    0.594 | 
     +--------------------------------------------------------------------------------------+ 
Path 28: MET Hold Check with Pin datapath/EXMEM_rd_reg[4]/CK 
Endpoint:   datapath/EXMEM_rd_reg[4]/D (v) checked with  leading edge of 'clk'
Beginpoint: datapath/IDEX_rd_reg[4]/Q  (v) triggered by  leading edge of 'clk'
Path Groups: {reg2reg}
Analysis View: RPT_SLOW
Other End Arrival Time          0.495
+ Hold                          0.025
+ Phase Shift                   0.000
- CPPR Adjustment               0.000
+ Uncertainty                   0.020
= Required Time                 0.540
  Arrival Time                  0.809
  Slack Time                    0.269
     Clock Rise Edge                 0.000
     + Clock Network Latency (Prop)  0.494
     = Beginpoint Arrival Time       0.494
     +-------------------------------------------------------------------------------+ 
     |         Instance         |     Arc     |  Cell   | Delay | Arrival | Required | 
     |                          |             |         |       |  Time   |   Time   | 
     |--------------------------+-------------+---------+-------+---------+----------| 
     | datapath/IDEX_rd_reg[4]  | CK ^        |         |       |   0.494 |    0.225 | 
     | datapath/IDEX_rd_reg[4]  | CK ^ -> Q v | DFFR_X1 | 0.315 |   0.809 |    0.540 | 
     | datapath/EXMEM_rd_reg[4] | D v         | DFFR_X1 | 0.000 |   0.809 |    0.540 | 
     +-------------------------------------------------------------------------------+ 
Path 29: MET Hold Check with Pin datapath/MEMWB_aluResult_reg[27]/CK 
Endpoint:   datapath/MEMWB_aluResult_reg[27]/D (v) checked with  leading edge 
of 'clk'
Beginpoint: datapath/EXMEM_aluResult_reg[27]/Q (v) triggered by  leading edge 
of 'clk'
Path Groups: {reg2reg}
Analysis View: RPT_SLOW
Other End Arrival Time          0.544
+ Hold                          0.026
+ Phase Shift                   0.000
- CPPR Adjustment               0.000
+ Uncertainty                   0.020
= Required Time                 0.590
  Arrival Time                  0.860
  Slack Time                    0.269
     Clock Rise Edge                 0.000
     + Clock Network Latency (Prop)  0.544
     = Beginpoint Arrival Time       0.544
     +---------------------------------------------------------------------------------------+ 
     |             Instance             |     Arc     |  Cell   | Delay | Arrival | Required | 
     |                                  |             |         |       |  Time   |   Time   | 
     |----------------------------------+-------------+---------+-------+---------+----------| 
     | datapath/EXMEM_aluResult_reg[27] | CK ^        |         |       |   0.544 |    0.275 | 
     | datapath/EXMEM_aluResult_reg[27] | CK ^ -> Q v | DFFR_X1 | 0.316 |   0.860 |    0.590 | 
     | datapath/MEMWB_aluResult_reg[27] | D v         | DFFR_X1 | 0.000 |   0.860 |    0.590 | 
     +---------------------------------------------------------------------------------------+ 
Path 30: MET Hold Check with Pin datapath/MEMWB_aluResult_reg[8]/CK 
Endpoint:   datapath/MEMWB_aluResult_reg[8]/D (v) checked with  leading edge of 
'clk'
Beginpoint: datapath/EXMEM_aluResult_reg[8]/Q (v) triggered by  leading edge of 
'clk'
Path Groups: {reg2reg}
Analysis View: RPT_SLOW
Other End Arrival Time          0.546
+ Hold                          0.028
+ Phase Shift                   0.000
- CPPR Adjustment               0.000
+ Uncertainty                   0.020
= Required Time                 0.594
  Arrival Time                  0.864
  Slack Time                    0.270
     Clock Rise Edge                 0.000
     + Clock Network Latency (Prop)  0.546
     = Beginpoint Arrival Time       0.546
     +--------------------------------------------------------------------------------------+ 
     |            Instance             |     Arc     |  Cell   | Delay | Arrival | Required | 
     |                                 |             |         |       |  Time   |   Time   | 
     |---------------------------------+-------------+---------+-------+---------+----------| 
     | datapath/EXMEM_aluResult_reg[8] | CK ^        |         |       |   0.546 |    0.276 | 
     | datapath/EXMEM_aluResult_reg[8] | CK ^ -> Q v | DFFR_X1 | 0.318 |   0.864 |    0.594 | 
     | datapath/MEMWB_aluResult_reg[8] | D v         | DFFR_X1 | 0.000 |   0.864 |    0.594 | 
     +--------------------------------------------------------------------------------------+ 
Path 31: MET Hold Check with Pin datapath/EXMEM_rd_reg[1]/CK 
Endpoint:   datapath/EXMEM_rd_reg[1]/D (v) checked with  leading edge of 'clk'
Beginpoint: datapath/IDEX_rd_reg[1]/Q  (v) triggered by  leading edge of 'clk'
Path Groups: {reg2reg}
Analysis View: RPT_SLOW
Other End Arrival Time          0.495
+ Hold                          0.025
+ Phase Shift                   0.000
- CPPR Adjustment               0.000
+ Uncertainty                   0.020
= Required Time                 0.540
  Arrival Time                  0.810
  Slack Time                    0.270
     Clock Rise Edge                 0.000
     + Clock Network Latency (Prop)  0.494
     = Beginpoint Arrival Time       0.494
     +-------------------------------------------------------------------------------+ 
     |         Instance         |     Arc     |  Cell   | Delay | Arrival | Required | 
     |                          |             |         |       |  Time   |   Time   | 
     |--------------------------+-------------+---------+-------+---------+----------| 
     | datapath/IDEX_rd_reg[1]  | CK ^        |         |       |   0.494 |    0.224 | 
     | datapath/IDEX_rd_reg[1]  | CK ^ -> Q v | DFFR_X1 | 0.316 |   0.810 |    0.540 | 
     | datapath/EXMEM_rd_reg[1] | D v         | DFFR_X1 | 0.000 |   0.810 |    0.540 | 
     +-------------------------------------------------------------------------------+ 
Path 32: MET Hold Check with Pin datapath/MEMWB_aluResult_reg[29]/CK 
Endpoint:   datapath/MEMWB_aluResult_reg[29]/D (v) checked with  leading edge 
of 'clk'
Beginpoint: datapath/EXMEM_aluResult_reg[29]/Q (v) triggered by  leading edge 
of 'clk'
Path Groups: {reg2reg}
Analysis View: RPT_SLOW
Other End Arrival Time          0.545
+ Hold                          0.026
+ Phase Shift                   0.000
- CPPR Adjustment               0.000
+ Uncertainty                   0.020
= Required Time                 0.591
  Arrival Time                  0.862
  Slack Time                    0.271
     Clock Rise Edge                 0.000
     + Clock Network Latency (Prop)  0.544
     = Beginpoint Arrival Time       0.544
     +---------------------------------------------------------------------------------------+ 
     |             Instance             |     Arc     |  Cell   | Delay | Arrival | Required | 
     |                                  |             |         |       |  Time   |   Time   | 
     |----------------------------------+-------------+---------+-------+---------+----------| 
     | datapath/EXMEM_aluResult_reg[29] | CK ^        |         |       |   0.544 |    0.273 | 
     | datapath/EXMEM_aluResult_reg[29] | CK ^ -> Q v | DFFR_X1 | 0.318 |   0.862 |    0.591 | 
     | datapath/MEMWB_aluResult_reg[29] | D v         | DFFR_X1 | 0.000 |   0.862 |    0.591 | 
     +---------------------------------------------------------------------------------------+ 
Path 33: MET Hold Check with Pin datapath/MEMWB_aluResult_reg[12]/CK 
Endpoint:   datapath/MEMWB_aluResult_reg[12]/D (v) checked with  leading edge 
of 'clk'
Beginpoint: datapath/EXMEM_aluResult_reg[12]/Q (v) triggered by  leading edge 
of 'clk'
Path Groups: {reg2reg}
Analysis View: RPT_SLOW
Other End Arrival Time          0.500
+ Hold                          0.028
+ Phase Shift                   0.000
- CPPR Adjustment               0.000
+ Uncertainty                   0.020
= Required Time                 0.548
  Arrival Time                  0.820
  Slack Time                    0.272
     Clock Rise Edge                 0.000
     + Clock Network Latency (Prop)  0.500
     = Beginpoint Arrival Time       0.500
     +---------------------------------------------------------------------------------------+ 
     |             Instance             |     Arc     |  Cell   | Delay | Arrival | Required | 
     |                                  |             |         |       |  Time   |   Time   | 
     |----------------------------------+-------------+---------+-------+---------+----------| 
     | datapath/EXMEM_aluResult_reg[12] | CK ^        |         |       |   0.500 |    0.228 | 
     | datapath/EXMEM_aluResult_reg[12] | CK ^ -> Q v | DFFR_X1 | 0.320 |   0.820 |    0.548 | 
     | datapath/MEMWB_aluResult_reg[12] | D v         | DFFR_X1 | 0.000 |   0.820 |    0.548 | 
     +---------------------------------------------------------------------------------------+ 
Path 34: MET Hold Check with Pin datapath/MEMWB_aluResult_reg[5]/CK 
Endpoint:   datapath/MEMWB_aluResult_reg[5]/D (v) checked with  leading edge of 
'clk'
Beginpoint: datapath/EXMEM_aluResult_reg[5]/Q (v) triggered by  leading edge of 
'clk'
Path Groups: {reg2reg}
Analysis View: RPT_SLOW
Other End Arrival Time          0.539
+ Hold                          0.025
+ Phase Shift                   0.000
- CPPR Adjustment               0.000
+ Uncertainty                   0.020
= Required Time                 0.584
  Arrival Time                  0.856
  Slack Time                    0.272
     Clock Rise Edge                 0.000
     + Clock Network Latency (Prop)  0.539
     = Beginpoint Arrival Time       0.539
     +--------------------------------------------------------------------------------------+ 
     |            Instance             |     Arc     |  Cell   | Delay | Arrival | Required | 
     |                                 |             |         |       |  Time   |   Time   | 
     |---------------------------------+-------------+---------+-------+---------+----------| 
     | datapath/EXMEM_aluResult_reg[5] | CK ^        |         |       |   0.539 |    0.266 | 
     | datapath/EXMEM_aluResult_reg[5] | CK ^ -> Q v | DFFR_X1 | 0.318 |   0.856 |    0.584 | 
     | datapath/MEMWB_aluResult_reg[5] | D v         | DFFR_X1 | 0.000 |   0.856 |    0.584 | 
     +--------------------------------------------------------------------------------------+ 
Path 35: MET Hold Check with Pin datapath/MEMWB_aluResult_reg[24]/CK 
Endpoint:   datapath/MEMWB_aluResult_reg[24]/D (v) checked with  leading edge 
of 'clk'
Beginpoint: datapath/EXMEM_aluResult_reg[24]/Q (v) triggered by  leading edge 
of 'clk'
Path Groups: {reg2reg}
Analysis View: RPT_SLOW
Other End Arrival Time          0.537
+ Hold                          0.024
+ Phase Shift                   0.000
- CPPR Adjustment               0.000
+ Uncertainty                   0.020
= Required Time                 0.581
  Arrival Time                  0.853
  Slack Time                    0.273
     Clock Rise Edge                 0.000
     + Clock Network Latency (Prop)  0.540
     = Beginpoint Arrival Time       0.540
     +---------------------------------------------------------------------------------------+ 
     |             Instance             |     Arc     |  Cell   | Delay | Arrival | Required | 
     |                                  |             |         |       |  Time   |   Time   | 
     |----------------------------------+-------------+---------+-------+---------+----------| 
     | datapath/EXMEM_aluResult_reg[24] | CK ^        |         |       |   0.540 |    0.268 | 
     | datapath/EXMEM_aluResult_reg[24] | CK ^ -> Q v | DFFR_X1 | 0.313 |   0.853 |    0.581 | 
     | datapath/MEMWB_aluResult_reg[24] | D v         | DFFR_X1 | 0.000 |   0.853 |    0.581 | 
     +---------------------------------------------------------------------------------------+ 
Path 36: MET Hold Check with Pin datapath/MEMWB_aluResult_reg[26]/CK 
Endpoint:   datapath/MEMWB_aluResult_reg[26]/D (v) checked with  leading edge 
of 'clk'
Beginpoint: datapath/EXMEM_aluResult_reg[26]/Q (v) triggered by  leading edge 
of 'clk'
Path Groups: {reg2reg}
Analysis View: RPT_SLOW
Other End Arrival Time          0.544
+ Hold                          0.026
+ Phase Shift                   0.000
- CPPR Adjustment               0.000
+ Uncertainty                   0.020
= Required Time                 0.591
  Arrival Time                  0.864
  Slack Time                    0.273
     Clock Rise Edge                 0.000
     + Clock Network Latency (Prop)  0.544
     = Beginpoint Arrival Time       0.544
     +---------------------------------------------------------------------------------------+ 
     |             Instance             |     Arc     |  Cell   | Delay | Arrival | Required | 
     |                                  |             |         |       |  Time   |   Time   | 
     |----------------------------------+-------------+---------+-------+---------+----------| 
     | datapath/EXMEM_aluResult_reg[26] | CK ^        |         |       |   0.544 |    0.271 | 
     | datapath/EXMEM_aluResult_reg[26] | CK ^ -> Q v | DFFR_X1 | 0.319 |   0.863 |    0.590 | 
     | datapath/MEMWB_aluResult_reg[26] | D v         | DFFR_X1 | 0.000 |   0.864 |    0.591 | 
     +---------------------------------------------------------------------------------------+ 
Path 37: MET Hold Check with Pin datapath/MEMWB_regWrite_reg/CK 
Endpoint:   datapath/MEMWB_regWrite_reg/D (v) checked with  leading edge of 
'clk'
Beginpoint: datapath/EXMEM_regWrite_reg/Q (v) triggered by  leading edge of 
'clk'
Path Groups: {reg2reg}
Analysis View: RPT_SLOW
Other End Arrival Time          0.501
+ Hold                          0.027
+ Phase Shift                   0.000
- CPPR Adjustment               0.000
+ Uncertainty                   0.020
= Required Time                 0.548
  Arrival Time                  0.821
  Slack Time                    0.273
     Clock Rise Edge                 0.000
     + Clock Network Latency (Prop)  0.502
     = Beginpoint Arrival Time       0.502
     +----------------------------------------------------------------------------------+ 
     |          Instance           |     Arc     |  Cell   | Delay | Arrival | Required | 
     |                             |             |         |       |  Time   |   Time   | 
     |-----------------------------+-------------+---------+-------+---------+----------| 
     | datapath/EXMEM_regWrite_reg | CK ^        |         |       |   0.502 |    0.229 | 
     | datapath/EXMEM_regWrite_reg | CK ^ -> Q v | DFFR_X1 | 0.319 |   0.821 |    0.548 | 
     | datapath/MEMWB_regWrite_reg | D v         | DFFR_X1 | 0.000 |   0.821 |    0.548 | 
     +----------------------------------------------------------------------------------+ 
Path 38: MET Hold Check with Pin datapath/MEMWB_aluResult_reg[10]/CK 
Endpoint:   datapath/MEMWB_aluResult_reg[10]/D (v) checked with  leading edge 
of 'clk'
Beginpoint: datapath/EXMEM_aluResult_reg[10]/Q (v) triggered by  leading edge 
of 'clk'
Path Groups: {reg2reg}
Analysis View: RPT_SLOW
Other End Arrival Time          0.495
+ Hold                          0.023
+ Phase Shift                   0.000
- CPPR Adjustment               0.000
+ Uncertainty                   0.020
= Required Time                 0.538
  Arrival Time                  0.812
  Slack Time                    0.274
     Clock Rise Edge                 0.000
     + Clock Network Latency (Prop)  0.498
     = Beginpoint Arrival Time       0.498
     +---------------------------------------------------------------------------------------+ 
     |             Instance             |     Arc     |  Cell   | Delay | Arrival | Required | 
     |                                  |             |         |       |  Time   |   Time   | 
     |----------------------------------+-------------+---------+-------+---------+----------| 
     | datapath/EXMEM_aluResult_reg[10] | CK ^        |         |       |   0.498 |    0.224 | 
     | datapath/EXMEM_aluResult_reg[10] | CK ^ -> Q v | DFFR_X1 | 0.315 |   0.812 |    0.538 | 
     | datapath/MEMWB_aluResult_reg[10] | D v         | DFFR_X1 | 0.000 |   0.812 |    0.538 | 
     +---------------------------------------------------------------------------------------+ 
Path 39: MET Hold Check with Pin datapath/MEMWB_aluResult_reg[6]/CK 
Endpoint:   datapath/MEMWB_aluResult_reg[6]/D (v) checked with  leading edge of 
'clk'
Beginpoint: datapath/EXMEM_aluResult_reg[6]/Q (v) triggered by  leading edge of 
'clk'
Path Groups: {reg2reg}
Analysis View: RPT_SLOW
Other End Arrival Time          0.501
+ Hold                          0.026
+ Phase Shift                   0.000
- CPPR Adjustment               0.000
+ Uncertainty                   0.020
= Required Time                 0.546
  Arrival Time                  0.821
  Slack Time                    0.275
     Clock Rise Edge                 0.000
     + Clock Network Latency (Prop)  0.500
     = Beginpoint Arrival Time       0.500
     +--------------------------------------------------------------------------------------+ 
     |            Instance             |     Arc     |  Cell   | Delay | Arrival | Required | 
     |                                 |             |         |       |  Time   |   Time   | 
     |---------------------------------+-------------+---------+-------+---------+----------| 
     | datapath/EXMEM_aluResult_reg[6] | CK ^        |         |       |   0.500 |    0.225 | 
     | datapath/EXMEM_aluResult_reg[6] | CK ^ -> Q v | DFFR_X1 | 0.321 |   0.821 |    0.546 | 
     | datapath/MEMWB_aluResult_reg[6] | D v         | DFFR_X1 | 0.000 |   0.821 |    0.546 | 
     +--------------------------------------------------------------------------------------+ 
Path 40: MET Hold Check with Pin datapath/MEMWB_aluResult_reg[15]/CK 
Endpoint:   datapath/MEMWB_aluResult_reg[15]/D (v) checked with  leading edge 
of 'clk'
Beginpoint: datapath/EXMEM_aluResult_reg[15]/Q (v) triggered by  leading edge 
of 'clk'
Path Groups: {reg2reg}
Analysis View: RPT_SLOW
Other End Arrival Time          0.495
+ Hold                          0.024
+ Phase Shift                   0.000
- CPPR Adjustment               0.000
+ Uncertainty                   0.020
= Required Time                 0.538
  Arrival Time                  0.814
  Slack Time                    0.276
     Clock Rise Edge                 0.000
     + Clock Network Latency (Prop)  0.498
     = Beginpoint Arrival Time       0.498
     +---------------------------------------------------------------------------------------+ 
     |             Instance             |     Arc     |  Cell   | Delay | Arrival | Required | 
     |                                  |             |         |       |  Time   |   Time   | 
     |----------------------------------+-------------+---------+-------+---------+----------| 
     | datapath/EXMEM_aluResult_reg[15] | CK ^        |         |       |   0.498 |    0.222 | 
     | datapath/EXMEM_aluResult_reg[15] | CK ^ -> Q v | DFFR_X1 | 0.317 |   0.814 |    0.538 | 
     | datapath/MEMWB_aluResult_reg[15] | D v         | DFFR_X1 | 0.000 |   0.814 |    0.538 | 
     +---------------------------------------------------------------------------------------+ 
Path 41: MET Hold Check with Pin datapath/EXMEM_rd_reg[0]/CK 
Endpoint:   datapath/EXMEM_rd_reg[0]/D (v) checked with  leading edge of 'clk'
Beginpoint: datapath/IDEX_rd_reg[0]/Q  (v) triggered by  leading edge of 'clk'
Path Groups: {reg2reg}
Analysis View: RPT_SLOW
Other End Arrival Time          0.495
+ Hold                          0.025
+ Phase Shift                   0.000
- CPPR Adjustment               0.000
+ Uncertainty                   0.020
= Required Time                 0.540
  Arrival Time                  0.820
  Slack Time                    0.280
     Clock Rise Edge                 0.000
     + Clock Network Latency (Prop)  0.503
     = Beginpoint Arrival Time       0.503
     +-------------------------------------------------------------------------------+ 
     |         Instance         |     Arc     |  Cell   | Delay | Arrival | Required | 
     |                          |             |         |       |  Time   |   Time   | 
     |--------------------------+-------------+---------+-------+---------+----------| 
     | datapath/IDEX_rd_reg[0]  | CK ^        |         |       |   0.503 |    0.223 | 
     | datapath/IDEX_rd_reg[0]  | CK ^ -> Q v | DFFR_X1 | 0.317 |   0.820 |    0.540 | 
     | datapath/EXMEM_rd_reg[0] | D v         | DFFR_X1 | 0.000 |   0.820 |    0.540 | 
     +-------------------------------------------------------------------------------+ 
Path 42: MET Hold Check with Pin datapath/MEMWB_aluResult_reg[16]/CK 
Endpoint:   datapath/MEMWB_aluResult_reg[16]/D (v) checked with  leading edge 
of 'clk'
Beginpoint: datapath/EXMEM_aluResult_reg[16]/Q (v) triggered by  leading edge 
of 'clk'
Path Groups: {reg2reg}
Analysis View: RPT_SLOW
Other End Arrival Time          0.500
+ Hold                          0.028
+ Phase Shift                   0.000
- CPPR Adjustment               0.000
+ Uncertainty                   0.020
= Required Time                 0.549
  Arrival Time                  0.829
  Slack Time                    0.281
     Clock Rise Edge                 0.000
     + Clock Network Latency (Prop)  0.500
     = Beginpoint Arrival Time       0.500
     +---------------------------------------------------------------------------------------+ 
     |             Instance             |     Arc     |  Cell   | Delay | Arrival | Required | 
     |                                  |             |         |       |  Time   |   Time   | 
     |----------------------------------+-------------+---------+-------+---------+----------| 
     | datapath/EXMEM_aluResult_reg[16] | CK ^        |         |       |   0.500 |    0.219 | 
     | datapath/EXMEM_aluResult_reg[16] | CK ^ -> Q v | DFFR_X1 | 0.329 |   0.829 |    0.548 | 
     | datapath/MEMWB_aluResult_reg[16] | D v         | DFFR_X1 | 0.000 |   0.829 |    0.549 | 
     +---------------------------------------------------------------------------------------+ 
Path 43: MET Hold Check with Pin datapath/MEMWB_aluResult_reg[18]/CK 
Endpoint:   datapath/MEMWB_aluResult_reg[18]/D (v) checked with  leading edge 
of 'clk'
Beginpoint: datapath/EXMEM_aluResult_reg[18]/Q (v) triggered by  leading edge 
of 'clk'
Path Groups: {reg2reg}
Analysis View: RPT_SLOW
Other End Arrival Time          0.495
+ Hold                          0.024
+ Phase Shift                   0.000
- CPPR Adjustment               0.000
+ Uncertainty                   0.020
= Required Time                 0.539
  Arrival Time                  0.820
  Slack Time                    0.281
     Clock Rise Edge                 0.000
     + Clock Network Latency (Prop)  0.498
     = Beginpoint Arrival Time       0.498
     +---------------------------------------------------------------------------------------+ 
     |             Instance             |     Arc     |  Cell   | Delay | Arrival | Required | 
     |                                  |             |         |       |  Time   |   Time   | 
     |----------------------------------+-------------+---------+-------+---------+----------| 
     | datapath/EXMEM_aluResult_reg[18] | CK ^        |         |       |   0.498 |    0.216 | 
     | datapath/EXMEM_aluResult_reg[18] | CK ^ -> Q v | DFFR_X1 | 0.322 |   0.820 |    0.539 | 
     | datapath/MEMWB_aluResult_reg[18] | D v         | DFFR_X1 | 0.000 |   0.820 |    0.539 | 
     +---------------------------------------------------------------------------------------+ 
Path 44: MET Hold Check with Pin datapath/MEMWB_aluResult_reg[13]/CK 
Endpoint:   datapath/MEMWB_aluResult_reg[13]/D (v) checked with  leading edge 
of 'clk'
Beginpoint: datapath/EXMEM_aluResult_reg[13]/Q (v) triggered by  leading edge 
of 'clk'
Path Groups: {reg2reg}
Analysis View: RPT_SLOW
Other End Arrival Time          0.500
+ Hold                          0.029
+ Phase Shift                   0.000
- CPPR Adjustment               0.000
+ Uncertainty                   0.020
= Required Time                 0.549
  Arrival Time                  0.831
  Slack Time                    0.282
     Clock Rise Edge                 0.000
     + Clock Network Latency (Prop)  0.500
     = Beginpoint Arrival Time       0.500
     +---------------------------------------------------------------------------------------+ 
     |             Instance             |     Arc     |  Cell   | Delay | Arrival | Required | 
     |                                  |             |         |       |  Time   |   Time   | 
     |----------------------------------+-------------+---------+-------+---------+----------| 
     | datapath/EXMEM_aluResult_reg[13] | CK ^        |         |       |   0.500 |    0.218 | 
     | datapath/EXMEM_aluResult_reg[13] | CK ^ -> Q v | DFFR_X1 | 0.330 |   0.830 |    0.549 | 
     | datapath/MEMWB_aluResult_reg[13] | D v         | DFFR_X1 | 0.000 |   0.831 |    0.549 | 
     +---------------------------------------------------------------------------------------+ 
Path 45: MET Hold Check with Pin datapath/MEMWB_aluResult_reg[19]/CK 
Endpoint:   datapath/MEMWB_aluResult_reg[19]/D (v) checked with  leading edge 
of 'clk'
Beginpoint: datapath/EXMEM_aluResult_reg[19]/Q (v) triggered by  leading edge 
of 'clk'
Path Groups: {reg2reg}
Analysis View: RPT_SLOW
Other End Arrival Time          0.541
+ Hold                          0.026
+ Phase Shift                   0.000
- CPPR Adjustment               0.000
+ Uncertainty                   0.020
= Required Time                 0.587
  Arrival Time                  0.871
  Slack Time                    0.284
     Clock Rise Edge                 0.000
     + Clock Network Latency (Prop)  0.545
     = Beginpoint Arrival Time       0.545
     +---------------------------------------------------------------------------------------+ 
     |             Instance             |     Arc     |  Cell   | Delay | Arrival | Required | 
     |                                  |             |         |       |  Time   |   Time   | 
     |----------------------------------+-------------+---------+-------+---------+----------| 
     | datapath/EXMEM_aluResult_reg[19] | CK ^        |         |       |   0.545 |    0.261 | 
     | datapath/EXMEM_aluResult_reg[19] | CK ^ -> Q v | DFFR_X1 | 0.325 |   0.871 |    0.586 | 
     | datapath/MEMWB_aluResult_reg[19] | D v         | DFFR_X1 | 0.001 |   0.871 |    0.587 | 
     +---------------------------------------------------------------------------------------+ 
Path 46: MET Hold Check with Pin datapath/MEMWB_aluResult_reg[17]/CK 
Endpoint:   datapath/MEMWB_aluResult_reg[17]/D (v) checked with  leading edge 
of 'clk'
Beginpoint: datapath/EXMEM_aluResult_reg[17]/Q (v) triggered by  leading edge 
of 'clk'
Path Groups: {reg2reg}
Analysis View: RPT_SLOW
Other End Arrival Time          0.495
+ Hold                          0.023
+ Phase Shift                   0.000
- CPPR Adjustment               0.000
+ Uncertainty                   0.020
= Required Time                 0.538
  Arrival Time                  0.830
  Slack Time                    0.292
     Clock Rise Edge                 0.000
     + Clock Network Latency (Prop)  0.511
     = Beginpoint Arrival Time       0.511
     +---------------------------------------------------------------------------------------+ 
     |             Instance             |     Arc     |  Cell   | Delay | Arrival | Required | 
     |                                  |             |         |       |  Time   |   Time   | 
     |----------------------------------+-------------+---------+-------+---------+----------| 
     | datapath/EXMEM_aluResult_reg[17] | CK ^        |         |       |   0.511 |    0.219 | 
     | datapath/EXMEM_aluResult_reg[17] | CK ^ -> Q v | DFFR_X1 | 0.320 |   0.830 |    0.538 | 
     | datapath/MEMWB_aluResult_reg[17] | D v         | DFFR_X1 | 0.000 |   0.830 |    0.538 | 
     +---------------------------------------------------------------------------------------+ 
Path 47: MET Hold Check with Pin datapath/MEMWB_aluResult_reg[1]/CK 
Endpoint:   datapath/MEMWB_aluResult_reg[1]/D (v) checked with  leading edge of 
'clk'
Beginpoint: datapath/EXMEM_aluResult_reg[1]/Q (v) triggered by  leading edge of 
'clk'
Path Groups: {reg2reg}
Analysis View: RPT_SLOW
Other End Arrival Time          0.546
+ Hold                          0.028
+ Phase Shift                   0.000
- CPPR Adjustment               0.000
+ Uncertainty                   0.020
= Required Time                 0.594
  Arrival Time                  0.894
  Slack Time                    0.300
     Clock Rise Edge                 0.000
     + Clock Network Latency (Prop)  0.585
     = Beginpoint Arrival Time       0.585
     +--------------------------------------------------------------------------------------+ 
     |            Instance             |     Arc     |  Cell   | Delay | Arrival | Required | 
     |                                 |             |         |       |  Time   |   Time   | 
     |---------------------------------+-------------+---------+-------+---------+----------| 
     | datapath/EXMEM_aluResult_reg[1] | CK ^        |         |       |   0.585 |    0.285 | 
     | datapath/EXMEM_aluResult_reg[1] | CK ^ -> Q v | DFFR_X1 | 0.309 |   0.894 |    0.594 | 
     | datapath/MEMWB_aluResult_reg[1] | D v         | DFFR_X1 | 0.000 |   0.894 |    0.594 | 
     +--------------------------------------------------------------------------------------+ 
Path 48: MET Hold Check with Pin datapath/MEMWB_aluResult_reg[25]/CK 
Endpoint:   datapath/MEMWB_aluResult_reg[25]/D (v) checked with  leading edge 
of 'clk'
Beginpoint: datapath/EXMEM_aluResult_reg[25]/Q (v) triggered by  leading edge 
of 'clk'
Path Groups: {reg2reg}
Analysis View: RPT_SLOW
Other End Arrival Time          0.541
+ Hold                          0.025
+ Phase Shift                   0.000
- CPPR Adjustment               0.000
+ Uncertainty                   0.020
= Required Time                 0.586
  Arrival Time                  0.886
  Slack Time                    0.300
     Clock Rise Edge                 0.000
     + Clock Network Latency (Prop)  0.585
     = Beginpoint Arrival Time       0.585
     +---------------------------------------------------------------------------------------+ 
     |             Instance             |     Arc     |  Cell   | Delay | Arrival | Required | 
     |                                  |             |         |       |  Time   |   Time   | 
     |----------------------------------+-------------+---------+-------+---------+----------| 
     | datapath/EXMEM_aluResult_reg[25] | CK ^        |         |       |   0.585 |    0.285 | 
     | datapath/EXMEM_aluResult_reg[25] | CK ^ -> Q v | DFFR_X1 | 0.301 |   0.886 |    0.586 | 
     | datapath/MEMWB_aluResult_reg[25] | D v         | DFFR_X1 | 0.000 |   0.886 |    0.586 | 
     +---------------------------------------------------------------------------------------+ 
Path 49: MET Hold Check with Pin datapath/MEMWB_rd_reg[3]/CK 
Endpoint:   datapath/MEMWB_rd_reg[3]/D  (v) checked with  leading edge of 'clk'
Beginpoint: datapath/EXMEM_rd_reg[3]/QN (^) triggered by  leading edge of 'clk'
Path Groups: {reg2reg}
Analysis View: RPT_SLOW
Other End Arrival Time          0.501
+ Hold                          0.027
+ Phase Shift                   0.000
- CPPR Adjustment               0.000
+ Uncertainty                   0.020
= Required Time                 0.547
  Arrival Time                  0.855
  Slack Time                    0.308
     Clock Rise Edge                 0.000
     + Clock Network Latency (Prop)  0.494
     = Beginpoint Arrival Time       0.494
     +--------------------------------------------------------------------------------------+ 
     |            Instance            |     Arc      |  Cell   | Delay | Arrival | Required | 
     |                                |              |         |       |  Time   |   Time   | 
     |--------------------------------+--------------+---------+-------+---------+----------| 
     | datapath/EXMEM_rd_reg[3]       | CK ^         |         |       |   0.494 |    0.187 | 
     | datapath/EXMEM_rd_reg[3]       | CK ^ -> QN ^ | DFFR_X1 | 0.303 |   0.798 |    0.490 | 
     | datapath/FE_OFC1117_EXMEM_rd_3 | A ^ -> ZN v  | INV_X1  | 0.058 |   0.855 |    0.547 | 
     | datapath/MEMWB_rd_reg[3]       | D v          | DFFR_X1 | 0.000 |   0.855 |    0.547 | 
     +--------------------------------------------------------------------------------------+ 
Path 50: MET Hold Check with Pin datapath/MEMWB_rd_reg[2]/CK 
Endpoint:   datapath/MEMWB_rd_reg[2]/D  (v) checked with  leading edge of 'clk'
Beginpoint: datapath/EXMEM_rd_reg[2]/QN (^) triggered by  leading edge of 'clk'
Path Groups: {reg2reg}
Analysis View: RPT_SLOW
Other End Arrival Time          0.501
+ Hold                          0.028
+ Phase Shift                   0.000
- CPPR Adjustment               0.000
+ Uncertainty                   0.020
= Required Time                 0.548
  Arrival Time                  0.861
  Slack Time                    0.313
     Clock Rise Edge                 0.000
     + Clock Network Latency (Prop)  0.494
     = Beginpoint Arrival Time       0.494
     +--------------------------------------------------------------------------------------+ 
     |            Instance            |     Arc      |  Cell   | Delay | Arrival | Required | 
     |                                |              |         |       |  Time   |   Time   | 
     |--------------------------------+--------------+---------+-------+---------+----------| 
     | datapath/EXMEM_rd_reg[2]       | CK ^         |         |       |   0.494 |    0.182 | 
     | datapath/EXMEM_rd_reg[2]       | CK ^ -> QN ^ | DFFR_X1 | 0.285 |   0.779 |    0.466 | 
     | datapath/FE_OFC1115_EXMEM_rd_2 | A ^ -> ZN v  | INV_X1  | 0.082 |   0.861 |    0.548 | 
     | datapath/MEMWB_rd_reg[2]       | D v          | DFFR_X1 | 0.000 |   0.861 |    0.548 | 
     +--------------------------------------------------------------------------------------+ 

