 ------------------------------------------------------------------------------------------------------------------------------------------------------------------------- 
| Snapshot                | WNS                  | TNS                  | Density (%) | Hotspot                   | Resource               | DRVs       | Layer-OPT       |
|                         | HEPG (ns) | ALL (ns) | HEPG (ns) | ALL (ns) |             | Max (bins) | Total (bins) | Real (s) | Memory (MB) | Tran | Cap | metal4 | metal7 |
|-------------------------+-----------+----------+-----------+----------+-------------+------------+--------------+----------+-------------+------+-----+--------+--------|
| initial_summary         |           |   -2.296 |           |     -349 |       68.88 |            |              | 0:00:05  |        3325 |  279 | 109 |        |        |
| simplify_netlist        |           |          |           |          |             |            |              | 0:00:02  |        3326 |      |     |        |        |
| drv_fixing              |     0.000 |   -2.296 |         0 |     -349 |       69.11 |            |              | 0:00:01  |        3355 |      |     |        |        |
| drv_fixing_2            |     0.000 |   -0.630 |         0 |      -39 |       70.15 |            |              | 0:00:04  |        3366 |   31 |  31 |      5 |        |
| global_opt              |           |   -0.364 |           |      -12 |       70.91 |            |              | 0:00:10  |        3383 |      |     |     90 |        |
| area_reclaiming         |     0.000 |   -0.359 |         0 |      -12 |       70.83 |            |              | 0:00:02  |        3387 |      |     |     80 |        |
| incremental_replacement |    -0.369 |   -0.369 |           |      -12 |             |       0.00 |         0.00 | 0:00:37  |        3385 |      |     |        |        |
| drv_fixing_3            |    -0.354 |   -0.354 |       -12 |      -12 |       70.92 |            |              | 0:00:04  |        3383 |    0 |   0 |     80 |        |
| tns_fixing              |    -0.342 |   -0.342 |        -3 |       -3 |       71.27 |            |              | 0:00:06  |        3488 |      |     |     78 |      1 |
| wns_fixing              |     0.033 |    0.033 |         0 |        0 |       73.51 |            |              | 0:05:46  |        3533 |      |     |    101 |      1 |
| area_reclaiming_2       |     0.000 |    0.000 |         0 |        0 |       72.94 |            |              | 0:00:06  |        3463 |      |     |    105 |      1 |
| area_reclaiming_3       |    -0.005 |   -0.005 |        -0 |       -0 |       72.12 |            |              | 0:00:03  |        3463 |      |     |      7 |        |
| drv_eco_fixing          |    -0.005 |   -0.005 |        -0 |       -0 |       72.18 |            |              | 0:00:01  |        3463 |   16 |   0 |      7 |        |
| tns_eco_fixing          |     0.000 |    0.000 |         0 |        0 |       72.18 |            |              | 0:00:01  |        3547 |      |     |      7 |        |
| final_summary           |    -0.009 |   -0.009 |           |       -0 |       72.18 |            |              | 0:00:02  |        3424 |    0 |   0 |        |        |
 ------------------------------------------------------------------------------------------------------------------------------------------------------------------------- 
