###############################################################
#  Generated by:      Cadence Innovus 23.12-s091_1
#  OS:                Linux x86_64(Host ID nanohub-2907946-1)
#  Generated on:      Tue Aug 11 15:59:58 2026
#  Design:            pipelined_cpu_core
#  Command:           report_timing -early > reports/21_cts_hold.rpt
###############################################################
Path 1: MET Hold Check with Pin datapath/MEMWB_aluResult_reg[18]/CK 
Endpoint:   datapath/MEMWB_aluResult_reg[18]/D (v) checked with  leading edge 
of 'clk'
Beginpoint: datapath/EXMEM_aluResult_reg[18]/Q (v) triggered by  leading edge 
of 'clk'
Path Groups: {clk}
Analysis View: BC_VIEW
Other End Arrival Time         -0.004
+ Hold                          0.005
+ Phase Shift                   0.000
- CPPR Adjustment               0.000
+ Uncertainty                   0.020
= Required Time                 0.020
  Arrival Time                  0.036
  Slack Time                    0.015
     Clock Rise Edge                 0.000
     + Clock Network Latency (Prop)  -0.020
     = Beginpoint Arrival Time       -0.020
     +---------------------------------------------------------------------------------------+ 
     |             Instance             |     Arc     |  Cell   | Delay | Arrival | Required | 
     |                                  |             |         |       |  Time   |   Time   | 
     |----------------------------------+-------------+---------+-------+---------+----------| 
     | datapath/EXMEM_aluResult_reg[18] | CK ^        |         |       |  -0.020 |   -0.035 | 
     | datapath/EXMEM_aluResult_reg[18] | CK ^ -> Q v | DFFR_X1 | 0.056 |   0.036 |    0.020 | 
     | datapath/MEMWB_aluResult_reg[18] | D v         | DFFR_X1 | 0.000 |   0.036 |    0.020 | 
     +---------------------------------------------------------------------------------------+ 

