###############################################################
#  Generated by:      Cadence Innovus 23.12-s091_1
#  OS:                Linux x86_64(Host ID nanohub-2907376-4)
#  Generated on:      Sun Aug  9 21:52:47 2026
#  Design:            pipelined_cpu_core
#  Command:           report_timing -late  -max_paths 10 > reports/40_final_setup.rpt
###############################################################
Path 1: MET Setup Check with Pin datapath/EXMEM_aluResult_reg[0]/CK 
Endpoint:   datapath/EXMEM_aluResult_reg[0]/D (v) checked with  leading edge of 
'clk'
Beginpoint: datapath/MEMWB_rd_reg[3]/Q        (v) triggered by  leading edge of 
'clk'
Path Groups: {reg2reg}
Analysis View: WC_VIEW
Other End Arrival Time         -0.010
- Setup                         0.027
+ Phase Shift                   2.800
+ CPPR Adjustment               0.000
- Uncertainty                   0.100
= Required Time                 2.663
- Arrival Time                  2.661
= Slack Time                    0.002
     Clock Rise Edge                 0.000
     + Clock Network Latency (Prop)  -0.008
     = Beginpoint Arrival Time       -0.008
     +------------------------------------------------------------------------------------------------------------+ 
     |                      Instance                      |     Arc      |   Cell    | Delay | Arrival | Required | 
     |                                                    |              |           |       |  Time   |   Time   | 
     |----------------------------------------------------+--------------+-----------+-------+---------+----------| 
     | datapath/MEMWB_rd_reg[3]                           | CK ^         |           |       |  -0.008 |   -0.006 | 
     | datapath/MEMWB_rd_reg[3]                           | CK ^ -> Q v  | DFFR_X1   | 0.123 |   0.115 |    0.117 | 
     | ALU_forward/g1340__6783                            | A1 v -> ZN v | OR2_X1    | 0.049 |   0.165 |    0.167 | 
     | ALU_forward/g1318__8246                            | A1 v -> ZN v | OR4_X1    | 0.080 |   0.245 |    0.247 | 
     | ALU_forward/g1314__1617                            | A1 v -> ZN v | AND2_X1   | 0.035 |   0.281 |    0.283 | 
     | ALU_forward/g1310__8428                            | A3 v -> ZN v | AND3_X1   | 0.036 |   0.316 |    0.318 | 
     | ALU_forward/g1308__6260                            | A1 v -> ZN ^ | NAND4_X1  | 0.020 |   0.336 |    0.338 | 
     | ALU_forward/g1306__2398                            | A2 ^ -> ZN v | NOR2_X1   | 0.021 |   0.357 |    0.359 | 
     | datapath/g28795                                    | A1 v -> ZN ^ | NOR2_X1   | 0.106 |   0.463 |    0.465 | 
     | datapath/g28087                                    | C1 ^ -> ZN v | AOI211_X1 | 0.051 |   0.514 |    0.516 | 
     | datapath/ALU_ALU_GEN[0].slice_i_bitAdder/g93__4733 | B v -> CO v  | HA_X1     | 0.044 |   0.558 |    0.560 | 
     | datapath/ALU_ALU_GEN[0].slice_i_bitAdder/g92       | A v -> ZN ^  | INV_X1    | 0.012 |   0.570 |    0.572 | 
     | datapath/ALU_ALU_GEN[0].slice_i_bitAdder/g89__1881 | A2 ^ -> ZN v | NAND2_X1  | 0.018 |   0.587 |    0.589 | 
     | datapath/ALU_ALU_GEN[1].slice_i_bitAdder/g2        | A v -> ZN ^  | OAI21_X1  | 0.022 |   0.609 |    0.612 | 
     | datapath/ALU_ALU_GEN[1].slice_i_bitAdder/g77__2883 | A1 ^ -> ZN v | NAND2_X1  | 0.023 |   0.632 |    0.634 | 
     | datapath/ALU_ALU_GEN[2].slice_i_bitAdder/g79__8428 | A v -> ZN ^  | OAI21_X1  | 0.022 |   0.654 |    0.657 | 
     | datapath/ALU_ALU_GEN[2].slice_i_bitAdder/g77__6260 | A1 ^ -> ZN v | NAND2_X1  | 0.024 |   0.678 |    0.680 | 
     | datapath/ALU_ALU_GEN[3].slice_i_bitAdder/g2        | A v -> ZN ^  | OAI21_X1  | 0.027 |   0.705 |    0.707 | 
     | datapath/ALU_ALU_GEN[3].slice_i_bitAdder/g77__2802 | A1 ^ -> ZN v | NAND2_X2  | 0.024 |   0.729 |    0.731 | 
     | datapath/ALU_ALU_GEN[4].slice_i_bitAdder/g79__6161 | A v -> ZN ^  | OAI21_X1  | 0.024 |   0.753 |    0.755 | 
     | datapath/ALU_ALU_GEN[4].slice_i_bitAdder/g77__7482 | A1 ^ -> ZN v | NAND2_X1  | 0.024 |   0.776 |    0.778 | 
     | datapath/ALU_ALU_GEN[5].slice_i_bitAdder/g2        | A v -> ZN ^  | OAI21_X1  | 0.022 |   0.799 |    0.801 | 
     | datapath/ALU_ALU_GEN[5].slice_i_bitAdder/g77__1666 | A1 ^ -> ZN v | NAND2_X1  | 0.024 |   0.822 |    0.824 | 
     | datapath/ALU_ALU_GEN[6].slice_i_bitAdder/g79__6783 | A v -> ZN ^  | OAI21_X1  | 0.023 |   0.845 |    0.847 | 
     | datapath/ALU_ALU_GEN[6].slice_i_bitAdder/g77__8428 | A1 ^ -> ZN v | NAND2_X1  | 0.023 |   0.868 |    0.870 | 
     | datapath/ALU_ALU_GEN[7].slice_i_bitAdder/g2        | A v -> ZN ^  | OAI21_X1  | 0.022 |   0.890 |    0.892 | 
     | datapath/ALU_ALU_GEN[7].slice_i_bitAdder/g77__5122 | A1 ^ -> ZN v | NAND2_X1  | 0.026 |   0.916 |    0.918 | 
     | datapath/ALU_ALU_GEN[8].slice_i_bitAdder/g2        | A v -> ZN ^  | OAI21_X1  | 0.023 |   0.939 |    0.942 | 
     | datapath/ALU_ALU_GEN[8].slice_i_bitAdder/g77__6161 | A1 ^ -> ZN v | NAND2_X1  | 0.026 |   0.966 |    0.968 | 
     | datapath/ALU_ALU_GEN[9].slice_i_bitAdder/g79__5107 | A v -> ZN ^  | OAI21_X1  | 0.023 |   0.989 |    0.991 | 
     | datapath/ALU_ALU_GEN[9].slice_i_bitAdder/g77__5477 | A1 ^ -> ZN v | NAND2_X1  | 0.024 |   1.013 |    1.015 | 
     | datapath/ALU_ALU_GEN[10].slice_i_bitAdder/g2       | A v -> ZN ^  | OAI21_X1  | 0.023 |   1.036 |    1.038 | 
     | datapath/ALU_ALU_GEN[10].slice_i_bitAdder/g77__678 | A1 ^ -> ZN v | NAND2_X1  | 0.026 |   1.061 |    1.063 | 
     | 3                                                  |              |           |       |         |          | 
     | datapath/ALU_ALU_GEN[11].slice_i_bitAdder/g2       | A v -> ZN ^  | OAI21_X1  | 0.027 |   1.088 |    1.091 | 
     | datapath/ALU_ALU_GEN[11].slice_i_bitAdder/g77__613 | A1 ^ -> ZN v | NAND2_X2  | 0.022 |   1.111 |    1.113 | 
     | 1                                                  |              |           |       |         |          | 
     | datapath/ALU_ALU_GEN[12].slice_i_bitAdder/g2       | A v -> CO v  | FA_X1     | 0.082 |   1.193 |    1.195 | 
     | datapath/ALU_ALU_GEN[13].slice_i_bitAdder/g2       | A v -> ZN ^  | OAI21_X1  | 0.025 |   1.218 |    1.220 | 
     | datapath/ALU_ALU_GEN[13].slice_i_bitAdder/g77__510 | A1 ^ -> ZN v | NAND2_X1  | 0.023 |   1.242 |    1.244 | 
     | 7                                                  |              |           |       |         |          | 
     | datapath/ALU_ALU_GEN[14].slice_i_bitAdder/g2       | A v -> ZN ^  | OAI21_X1  | 0.022 |   1.264 |    1.266 | 
     | datapath/ALU_ALU_GEN[14].slice_i_bitAdder/g77__280 | A1 ^ -> ZN v | NAND2_X1  | 0.023 |   1.287 |    1.289 | 
     | 2                                                  |              |           |       |         |          | 
     | datapath/ALU_ALU_GEN[15].slice_i_bitAdder/g79__616 | A v -> ZN ^  | OAI21_X1  | 0.022 |   1.309 |    1.311 | 
     | 1                                                  |              |           |       |         |          | 
     | datapath/ALU_ALU_GEN[15].slice_i_bitAdder/g77__748 | A1 ^ -> ZN v | NAND2_X1  | 0.025 |   1.334 |    1.336 | 
     | 2                                                  |              |           |       |         |          | 
     | datapath/ALU_ALU_GEN[16].slice_i_bitAdder/g2       | A v -> ZN ^  | OAI21_X1  | 0.023 |   1.357 |    1.359 | 
     | datapath/ALU_ALU_GEN[16].slice_i_bitAdder/g77__166 | A1 ^ -> ZN v | NAND2_X1  | 0.022 |   1.379 |    1.381 | 
     | 6                                                  |              |           |       |         |          | 
     | datapath/ALU_ALU_GEN[17].slice_i_bitAdder/g2       | A v -> CO v  | FA_X1     | 0.082 |   1.462 |    1.464 | 
     | datapath/ALU_ALU_GEN[18].slice_i_bitAdder/g2       | A v -> CO v  | FA_X1     | 0.085 |   1.547 |    1.549 | 
     | datapath/ALU_ALU_GEN[19].slice_i_bitAdder/g79__931 | A v -> ZN ^  | OAI21_X1  | 0.025 |   1.572 |    1.574 | 
     | 5                                                  |              |           |       |         |          | 
     | datapath/ALU_ALU_GEN[19].slice_i_bitAdder/g77__473 | A1 ^ -> ZN v | NAND2_X1  | 0.023 |   1.594 |    1.597 | 
     | 3                                                  |              |           |       |         |          | 
     | datapath/ALU_ALU_GEN[20].slice_i_bitAdder/g79__547 | A v -> ZN ^  | OAI21_X1  | 0.026 |   1.620 |    1.622 | 
     | 7                                                  |              |           |       |         |          | 
     | datapath/ALU_ALU_GEN[20].slice_i_bitAdder/g77__741 | A1 ^ -> ZN v | NAND2_X2  | 0.021 |   1.641 |    1.643 | 
     | 0                                                  |              |           |       |         |          | 
     | datapath/ALU_ALU_GEN[21].slice_i_bitAdder/g79__678 | A v -> ZN ^  | OAI21_X1  | 0.022 |   1.663 |    1.665 | 
     | 3                                                  |              |           |       |         |          | 
     | datapath/ALU_ALU_GEN[21].slice_i_bitAdder/g77__842 | A1 ^ -> ZN v | NAND2_X1  | 0.021 |   1.684 |    1.686 | 
     | 8                                                  |              |           |       |         |          | 
     | datapath/ALU_ALU_GEN[22].slice_i_bitAdder/g77__512 | CI v -> CO v | FA_X1     | 0.072 |   1.756 |    1.758 | 
     | 2                                                  |              |           |       |         |          | 
     | datapath/ALU_ALU_GEN[23].slice_i_bitAdder/g77__188 | CI v -> CO v | FA_X1     | 0.080 |   1.836 |    1.839 | 
     | 1                                                  |              |           |       |         |          | 
     | datapath/ALU_ALU_GEN[24].slice_i_bitAdder/g77__616 | CI v -> CO v | FA_X1     | 0.076 |   1.912 |    1.914 | 
     | 1                                                  |              |           |       |         |          | 
     | datapath/ALU_ALU_GEN[25].slice_i_bitAdder/g77__234 | CI v -> CO v | FA_X1     | 0.072 |   1.984 |    1.986 | 
     | 6                                                  |              |           |       |         |          | 
     | datapath/ALU_ALU_GEN[26].slice_i_bitAdder/g77__547 | CI v -> CO v | FA_X1     | 0.074 |   2.058 |    2.060 | 
     | 7                                                  |              |           |       |         |          | 
     | datapath/ALU_ALU_GEN[27].slice_i_bitAdder/g77__431 | CI v -> CO v | FA_X1     | 0.077 |   2.135 |    2.137 | 
     | 9                                                  |              |           |       |         |          | 
     | datapath/ALU_ALU_GEN[28].slice_i_bitAdder/g77__368 | CI v -> CO v | FA_X1     | 0.075 |   2.210 |    2.213 | 
     | 0                                                  |              |           |       |         |          | 
     | datapath/ALU_ALU_GEN[29].slice_i_bitAdder/g77__512 | CI v -> CO v | FA_X1     | 0.072 |   2.283 |    2.285 | 
     | 2                                                  |              |           |       |         |          | 
     | datapath/ALU_ALU_GEN[30].slice_i_bitAdder/g77__188 | CI v -> CO v | FA_X1     | 0.079 |   2.362 |    2.364 | 
     | 1                                                  |              |           |       |         |          | 
     | datapath/ALU_msb_bitAdder/g77__6161                | CI v -> S ^  | FA_X1     | 0.119 |   2.481 |    2.483 | 
     | datapath/g19651                                    | A ^ -> ZN ^  | XNOR2_X1  | 0.042 |   2.523 |    2.525 | 
     | datapath/g19649                                    | A ^ -> ZN v  | XNOR2_X1  | 0.021 |   2.544 |    2.546 | 
     | datapath/ALU_ALU_GEN[0].slice_i_resultMux/g154__93 | B v -> Z v   | MUX2_X1   | 0.059 |   2.603 |    2.605 | 
     | 15                                                 |              |           |       |         |          | 
     | datapath/ALU_ALU_GEN[0].slice_i_resultMux/g153__61 | B v -> Z v   | MUX2_X1   | 0.058 |   2.661 |    2.663 | 
     | 61                                                 |              |           |       |         |          | 
     | datapath/EXMEM_aluResult_reg[0]                    | D v          | DFFR_X1   | 0.000 |   2.661 |    2.663 | 
     +------------------------------------------------------------------------------------------------------------+ 
Path 2: MET Setup Check with Pin datapath/IF_pc_reg[31]/CK 
Endpoint:   datapath/IF_pc_reg[31]/D     (v) checked with  leading edge of 'clk'
Beginpoint: datapath/IFID_instr_reg[6]/Q (^) triggered by  leading edge of 'clk'
Path Groups: {reg2reg}
Analysis View: WC_VIEW
Other End Arrival Time         -0.010
- Setup                         0.071
+ Phase Shift                   2.800
+ CPPR Adjustment               0.000
- Uncertainty                   0.100
= Required Time                 2.619
- Arrival Time                  2.606
= Slack Time                    0.013
     Clock Rise Edge                 0.000
     + Clock Network Latency (Prop)  -0.008
     = Beginpoint Arrival Time       -0.008
     +-------------------------------------------------------------------------------------------------------+ 
     |                    Instance                    |     Arc      |   Cell   | Delay | Arrival | Required | 
     |                                                |              |          |       |  Time   |   Time   | 
     |------------------------------------------------+--------------+----------+-------+---------+----------| 
     | datapath/IFID_instr_reg[6]                     | CK ^         |          |       |  -0.008 |    0.005 | 
     | datapath/IFID_instr_reg[6]                     | CK ^ -> Q ^  | DFFR_X1  | 0.139 |   0.131 |    0.144 | 
     | datapath/FE_DBTC2_IFID_opcode_6                | A ^ -> ZN v  | INV_X1   | 0.019 |   0.149 |    0.162 | 
     | datapath/immediate_generation/g2108__4319      | A1 v -> ZN ^ | NAND2_X1 | 0.022 |   0.171 |    0.184 | 
     | datapath/immediate_generation/g2099__1666      | A1 ^ -> ZN v | NOR2_X1  | 0.016 |   0.187 |    0.200 | 
     | datapath/immediate_generation/g2               | B1 v -> ZN ^ | AOI21_X1 | 0.062 |   0.249 |    0.262 | 
     | datapath/immediate_generation/g2070__2398      | B1 ^ -> ZN v | OAI21_X1 | 0.033 |   0.282 |    0.295 | 
     | datapath/pc_plus_imm/FA_GEN[1].fa_i/g35__6783  | A v -> CO v  | HA_X1    | 0.037 |   0.319 |    0.332 | 
     | datapath/pc_plus_imm/FA_GEN[2].fa_i/g82        | CI v -> CO v | FA_X1    | 0.073 |   0.392 |    0.405 | 
     | datapath/pc_plus_imm/FA_GEN[3].fa_i/g83        | A v -> CO v  | FA_X1    | 0.087 |   0.479 |    0.492 | 
     | datapath/pc_plus_imm/FA_GEN[4].fa_i/g2         | A v -> CO v  | FA_X1    | 0.089 |   0.568 |    0.581 | 
     | datapath/pc_plus_imm/FA_GEN[5].fa_i/g2         | A v -> CO v  | FA_X1    | 0.084 |   0.652 |    0.665 | 
     | datapath/pc_plus_imm/FA_GEN[6].fa_i/g2         | A v -> CO v  | FA_X1    | 0.083 |   0.735 |    0.748 | 
     | datapath/pc_plus_imm/FA_GEN[7].fa_i/g2         | A v -> CO v  | FA_X1    | 0.082 |   0.818 |    0.831 | 
     | datapath/pc_plus_imm/FA_GEN[8].fa_i/g2         | A v -> CO v  | FA_X1    | 0.080 |   0.897 |    0.910 | 
     | datapath/pc_plus_imm/FA_GEN[9].fa_i/g77__2802  | CI v -> CO v | FA_X1    | 0.073 |   0.970 |    0.983 | 
     | datapath/pc_plus_imm/FA_GEN[10].fa_i/g77__1705 | CI v -> CO v | FA_X1    | 0.073 |   1.043 |    1.056 | 
     | datapath/pc_plus_imm/FA_GEN[11].fa_i/g77__5122 | CI v -> CO v | FA_X1    | 0.073 |   1.116 |    1.129 | 
     | datapath/pc_plus_imm/FA_GEN[12].fa_i/g77__8246 | CI v -> CO v | FA_X1    | 0.072 |   1.188 |    1.201 | 
     | datapath/pc_plus_imm/FA_GEN[13].fa_i/g77__7098 | CI v -> CO v | FA_X1    | 0.078 |   1.266 |    1.279 | 
     | datapath/pc_plus_imm/FA_GEN[14].fa_i/g77__6131 | CI v -> CO v | FA_X1    | 0.074 |   1.340 |    1.353 | 
     | datapath/pc_plus_imm/FA_GEN[15].fa_i/g77__1881 | CI v -> CO v | FA_X1    | 0.074 |   1.413 |    1.426 | 
     | datapath/pc_plus_imm/FA_GEN[16].fa_i/g77__5115 | CI v -> CO v | FA_X1    | 0.073 |   1.486 |    1.499 | 
     | datapath/pc_plus_imm/FA_GEN[17].fa_i/g77__7482 | CI v -> CO v | FA_X1    | 0.073 |   1.559 |    1.572 | 
     | datapath/pc_plus_imm/FA_GEN[18].fa_i/g77__4733 | CI v -> CO v | FA_X1    | 0.073 |   1.633 |    1.646 | 
     | datapath/pc_plus_imm/FA_GEN[19].fa_i/g77__6161 | CI v -> CO v | FA_X1    | 0.072 |   1.705 |    1.718 | 
     | datapath/pc_plus_imm/FA_GEN[20].fa_i/g77__9315 | CI v -> CO v | FA_X1    | 0.072 |   1.777 |    1.791 | 
     | datapath/pc_plus_imm/FA_GEN[21].fa_i/g77__9945 | CI v -> CO v | FA_X1    | 0.073 |   1.850 |    1.863 | 
     | datapath/pc_plus_imm/FA_GEN[22].fa_i/g77__2883 | CI v -> CO v | FA_X1    | 0.072 |   1.922 |    1.935 | 
     | datapath/pc_plus_imm/FA_GEN[23].fa_i/g77__2346 | CI v -> CO v | FA_X1    | 0.073 |   1.996 |    2.009 | 
     | datapath/pc_plus_imm/FA_GEN[24].fa_i/g77__1666 | CI v -> CO v | FA_X1    | 0.075 |   2.071 |    2.084 | 
     | datapath/pc_plus_imm/FA_GEN[25].fa_i/g77__7410 | CI v -> CO v | FA_X1    | 0.073 |   2.144 |    2.157 | 
     | datapath/pc_plus_imm/FA_GEN[26].fa_i/g77__6417 | CI v -> CO v | FA_X1    | 0.074 |   2.218 |    2.231 | 
     | datapath/pc_plus_imm/FA_GEN[27].fa_i/g77__5477 | CI v -> CO v | FA_X1    | 0.072 |   2.290 |    2.303 | 
     | datapath/pc_plus_imm/FA_GEN[28].fa_i/g77__2398 | CI v -> CO v | FA_X1    | 0.072 |   2.362 |    2.375 | 
     | datapath/pc_plus_imm/FA_GEN[29].fa_i/g77__5107 | CI v -> CO v | FA_X1    | 0.073 |   2.435 |    2.449 | 
     | datapath/pc_plus_imm/FA_GEN[30].fa_i/g77__6260 | CI v -> CO v | FA_X1    | 0.072 |   2.508 |    2.521 | 
     | datapath/pc_plus_imm/FA_GEN[31].fa_i/g36__4319 | A v -> ZN v  | XNOR2_X1 | 0.040 |   2.548 |    2.561 | 
     | datapath/branch_or_inc_4/g816__6260            | B v -> Z v   | MUX2_X1  | 0.058 |   2.606 |    2.619 | 
     | datapath/IF_pc_reg[31]                         | D v          | SDFFR_X1 | 0.000 |   2.606 |    2.619 | 
     +-------------------------------------------------------------------------------------------------------+ 
Path 3: MET Setup Check with Pin datapath/IF_pc_reg[30]/CK 
Endpoint:   datapath/IF_pc_reg[30]/D     (v) checked with  leading edge of 'clk'
Beginpoint: datapath/IFID_instr_reg[6]/Q (^) triggered by  leading edge of 'clk'
Path Groups: {reg2reg}
Analysis View: WC_VIEW
Other End Arrival Time         -0.010
- Setup                         0.071
+ Phase Shift                   2.800
+ CPPR Adjustment               0.000
- Uncertainty                   0.100
= Required Time                 2.619
- Arrival Time                  2.580
= Slack Time                    0.039
     Clock Rise Edge                 0.000
     + Clock Network Latency (Prop)  -0.008
     = Beginpoint Arrival Time       -0.008
     +-------------------------------------------------------------------------------------------------------+ 
     |                    Instance                    |     Arc      |   Cell   | Delay | Arrival | Required | 
     |                                                |              |          |       |  Time   |   Time   | 
     |------------------------------------------------+--------------+----------+-------+---------+----------| 
     | datapath/IFID_instr_reg[6]                     | CK ^         |          |       |  -0.008 |    0.030 | 
     | datapath/IFID_instr_reg[6]                     | CK ^ -> Q ^  | DFFR_X1  | 0.139 |   0.131 |    0.169 | 
     | datapath/FE_DBTC2_IFID_opcode_6                | A ^ -> ZN v  | INV_X1   | 0.019 |   0.149 |    0.188 | 
     | datapath/immediate_generation/g2108__4319      | A1 v -> ZN ^ | NAND2_X1 | 0.022 |   0.171 |    0.210 | 
     | datapath/immediate_generation/g2099__1666      | A1 ^ -> ZN v | NOR2_X1  | 0.016 |   0.187 |    0.225 | 
     | datapath/immediate_generation/g2               | B1 v -> ZN ^ | AOI21_X1 | 0.062 |   0.249 |    0.288 | 
     | datapath/immediate_generation/g2070__2398      | B1 ^ -> ZN v | OAI21_X1 | 0.033 |   0.282 |    0.321 | 
     | datapath/pc_plus_imm/FA_GEN[1].fa_i/g35__6783  | A v -> CO v  | HA_X1    | 0.037 |   0.319 |    0.357 | 
     | datapath/pc_plus_imm/FA_GEN[2].fa_i/g82        | CI v -> CO v | FA_X1    | 0.073 |   0.392 |    0.431 | 
     | datapath/pc_plus_imm/FA_GEN[3].fa_i/g83        | A v -> CO v  | FA_X1    | 0.087 |   0.479 |    0.518 | 
     | datapath/pc_plus_imm/FA_GEN[4].fa_i/g2         | A v -> CO v  | FA_X1    | 0.089 |   0.568 |    0.607 | 
     | datapath/pc_plus_imm/FA_GEN[5].fa_i/g2         | A v -> CO v  | FA_X1    | 0.084 |   0.652 |    0.691 | 
     | datapath/pc_plus_imm/FA_GEN[6].fa_i/g2         | A v -> CO v  | FA_X1    | 0.083 |   0.735 |    0.774 | 
     | datapath/pc_plus_imm/FA_GEN[7].fa_i/g2         | A v -> CO v  | FA_X1    | 0.082 |   0.818 |    0.856 | 
     | datapath/pc_plus_imm/FA_GEN[8].fa_i/g2         | A v -> CO v  | FA_X1    | 0.080 |   0.897 |    0.936 | 
     | datapath/pc_plus_imm/FA_GEN[9].fa_i/g77__2802  | CI v -> CO v | FA_X1    | 0.073 |   0.970 |    1.009 | 
     | datapath/pc_plus_imm/FA_GEN[10].fa_i/g77__1705 | CI v -> CO v | FA_X1    | 0.073 |   1.043 |    1.082 | 
     | datapath/pc_plus_imm/FA_GEN[11].fa_i/g77__5122 | CI v -> CO v | FA_X1    | 0.073 |   1.116 |    1.155 | 
     | datapath/pc_plus_imm/FA_GEN[12].fa_i/g77__8246 | CI v -> CO v | FA_X1    | 0.072 |   1.188 |    1.227 | 
     | datapath/pc_plus_imm/FA_GEN[13].fa_i/g77__7098 | CI v -> CO v | FA_X1    | 0.078 |   1.266 |    1.305 | 
     | datapath/pc_plus_imm/FA_GEN[14].fa_i/g77__6131 | CI v -> CO v | FA_X1    | 0.074 |   1.340 |    1.378 | 
     | datapath/pc_plus_imm/FA_GEN[15].fa_i/g77__1881 | CI v -> CO v | FA_X1    | 0.074 |   1.413 |    1.452 | 
     | datapath/pc_plus_imm/FA_GEN[16].fa_i/g77__5115 | CI v -> CO v | FA_X1    | 0.073 |   1.486 |    1.525 | 
     | datapath/pc_plus_imm/FA_GEN[17].fa_i/g77__7482 | CI v -> CO v | FA_X1    | 0.073 |   1.559 |    1.598 | 
     | datapath/pc_plus_imm/FA_GEN[18].fa_i/g77__4733 | CI v -> CO v | FA_X1    | 0.073 |   1.633 |    1.671 | 
     | datapath/pc_plus_imm/FA_GEN[19].fa_i/g77__6161 | CI v -> CO v | FA_X1    | 0.072 |   1.705 |    1.744 | 
     | datapath/pc_plus_imm/FA_GEN[20].fa_i/g77__9315 | CI v -> CO v | FA_X1    | 0.072 |   1.777 |    1.816 | 
     | datapath/pc_plus_imm/FA_GEN[21].fa_i/g77__9945 | CI v -> CO v | FA_X1    | 0.073 |   1.850 |    1.889 | 
     | datapath/pc_plus_imm/FA_GEN[22].fa_i/g77__2883 | CI v -> CO v | FA_X1    | 0.072 |   1.922 |    1.961 | 
     | datapath/pc_plus_imm/FA_GEN[23].fa_i/g77__2346 | CI v -> CO v | FA_X1    | 0.073 |   1.996 |    2.034 | 
     | datapath/pc_plus_imm/FA_GEN[24].fa_i/g77__1666 | CI v -> CO v | FA_X1    | 0.075 |   2.071 |    2.109 | 
     | datapath/pc_plus_imm/FA_GEN[25].fa_i/g77__7410 | CI v -> CO v | FA_X1    | 0.073 |   2.144 |    2.182 | 
     | datapath/pc_plus_imm/FA_GEN[26].fa_i/g77__6417 | CI v -> CO v | FA_X1    | 0.074 |   2.218 |    2.256 | 
     | datapath/pc_plus_imm/FA_GEN[27].fa_i/g77__5477 | CI v -> CO v | FA_X1    | 0.072 |   2.290 |    2.329 | 
     | datapath/pc_plus_imm/FA_GEN[28].fa_i/g77__2398 | CI v -> CO v | FA_X1    | 0.072 |   2.362 |    2.401 | 
     | datapath/pc_plus_imm/FA_GEN[29].fa_i/g77__5107 | CI v -> CO v | FA_X1    | 0.073 |   2.435 |    2.474 | 
     | datapath/pc_plus_imm/FA_GEN[30].fa_i/g77__6260 | CI v -> S v  | FA_X1    | 0.085 |   2.521 |    2.559 | 
     | datapath/branch_or_inc_4/g827__7098            | B v -> Z v   | MUX2_X1  | 0.059 |   2.580 |    2.619 | 
     | datapath/IF_pc_reg[30]                         | D v          | SDFFR_X1 | 0.000 |   2.580 |    2.619 | 
     +-------------------------------------------------------------------------------------------------------+ 
Path 4: MET Setup Check with Pin datapath/IFID_pc_reg[8]/CK 
Endpoint:   datapath/IFID_pc_reg[8]/D         (^) checked with  leading edge of 
'clk'
Beginpoint: datapath/registers_RF_reg[1][7]/Q (v) triggered by trailing edge of 
'clk'
Path Groups: {reg2reg}
Analysis View: WC_VIEW
Other End Arrival Time         -0.008
- Setup                         0.034
+ Phase Shift                   2.800
+ CPPR Adjustment               0.000
- Uncertainty                   0.100
= Required Time                 2.658
- Arrival Time                  2.609
= Slack Time                    0.049
     Clock Fall Edge                 1.400
     + Clock Network Latency (Prop)  0.010
     = Beginpoint Arrival Time       1.410
     +-----------------------------------------------------------------------------------------+ 
     |            Instance             |     Arc      |   Cell    | Delay | Arrival | Required | 
     |                                 |              |           |       |  Time   |   Time   | 
     |---------------------------------+--------------+-----------+-------+---------+----------| 
     | datapath/registers_RF_reg[1][7] | CK ^         |           |       |   1.410 |    1.459 | 
     | datapath/registers_RF_reg[1][7] | CK ^ -> Q v  | SDFF_X1   | 0.084 |   1.494 |    1.543 | 
     | datapath/g3556                  | C2 v -> ZN ^ | AOI222_X1 | 0.093 |   1.587 |    1.636 | 
     | datapath/g3434                  | A1 ^ -> ZN ^ | AND3_X1   | 0.065 |   1.652 |    1.701 | 
     | datapath/g38564                 | A4 ^ -> ZN ^ | AND4_X1   | 0.077 |   1.729 |    1.777 | 
     | datapath/g28137                 | B1 ^ -> ZN v | AOI21_X1  | 0.029 |   1.757 |    1.806 | 
     | datapath/LT_TC_OP_g2525         | A2 v -> ZN v | AND2_X1   | 0.043 |   1.801 |    1.849 | 
     | datapath/LT_TC_OP_g2487         | A v -> ZN ^  | AOI21_X1  | 0.064 |   1.864 |    1.913 | 
     | datapath/LT_TC_OP_g2466         | A ^ -> ZN v  | OAI21_X1  | 0.026 |   1.890 |    1.939 | 
     | datapath/LT_TC_OP_g2464         | A v -> ZN ^  | AOI21_X1  | 0.049 |   1.938 |    1.987 | 
     | datapath/LT_TC_OP_g2459         | A1 ^ -> ZN v | NOR2_X1   | 0.016 |   1.954 |    2.003 | 
     | datapath/LT_TC_OP_g2458         | A v -> ZN ^  | OAI21_X1  | 0.023 |   1.977 |    2.025 | 
     | datapath/LT_TC_OP_g2455         | B1 ^ -> ZN v | AOI21_X1  | 0.024 |   2.000 |    2.049 | 
     | datapath/LT_TC_OP_g2454         | A1 v -> ZN ^ | OAI222_X1 | 0.043 |   2.043 |    2.092 | 
     | datapath/LT_TC_OP_g2453         | A1 ^ -> ZN v | NAND4_X1  | 0.050 |   2.093 |    2.142 | 
     | datapath/LT_TC_OP_g2452         | C1 v -> ZN ^ | AOI211_X1 | 0.060 |   2.153 |    2.202 | 
     | datapath/LT_TC_OP_g2451         | A1 ^ -> ZN v | NOR2_X1   | 0.021 |   2.174 |    2.223 | 
     | datapath/g19652                 | A1 v -> ZN ^ | NAND2_X1  | 0.023 |   2.198 |    2.247 | 
     | datapath/g19650                 | A1 ^ -> ZN v | NAND2_X2  | 0.087 |   2.285 |    2.333 | 
     | g1513                           | A1 v -> ZN v | AND2_X2   | 0.103 |   2.388 |    2.437 | 
     | datapath/FE_OFC66_IFID_flush    | A v -> Z v   | CLKBUF_X1 | 0.159 |   2.547 |    2.596 | 
     | datapath/g37503                 | A1 v -> ZN ^ | NOR2_X1   | 0.062 |   2.609 |    2.658 | 
     | datapath/IFID_pc_reg[8]         | D ^          | DFFR_X1   | 0.000 |   2.609 |    2.658 | 
     +-----------------------------------------------------------------------------------------+ 
Path 5: MET Setup Check with Pin datapath/IFID_pc_reg[28]/CK 
Endpoint:   datapath/IFID_pc_reg[28]/D        (^) checked with  leading edge of 
'clk'
Beginpoint: datapath/registers_RF_reg[1][7]/Q (v) triggered by trailing edge of 
'clk'
Path Groups: {reg2reg}
Analysis View: WC_VIEW
Other End Arrival Time         -0.009
- Setup                         0.034
+ Phase Shift                   2.800
+ CPPR Adjustment               0.000
- Uncertainty                   0.100
= Required Time                 2.657
- Arrival Time                  2.608
= Slack Time                    0.049
     Clock Fall Edge                 1.400
     + Clock Network Latency (Prop)  0.010
     = Beginpoint Arrival Time       1.410
     +-----------------------------------------------------------------------------------------+ 
     |            Instance             |     Arc      |   Cell    | Delay | Arrival | Required | 
     |                                 |              |           |       |  Time   |   Time   | 
     |---------------------------------+--------------+-----------+-------+---------+----------| 
     | datapath/registers_RF_reg[1][7] | CK ^         |           |       |   1.410 |    1.459 | 
     | datapath/registers_RF_reg[1][7] | CK ^ -> Q v  | SDFF_X1   | 0.084 |   1.494 |    1.543 | 
     | datapath/g3556                  | C2 v -> ZN ^ | AOI222_X1 | 0.093 |   1.587 |    1.636 | 
     | datapath/g3434                  | A1 ^ -> ZN ^ | AND3_X1   | 0.065 |   1.652 |    1.701 | 
     | datapath/g38564                 | A4 ^ -> ZN ^ | AND4_X1   | 0.077 |   1.729 |    1.778 | 
     | datapath/g28137                 | B1 ^ -> ZN v | AOI21_X1  | 0.029 |   1.757 |    1.806 | 
     | datapath/LT_TC_OP_g2525         | A2 v -> ZN v | AND2_X1   | 0.043 |   1.801 |    1.850 | 
     | datapath/LT_TC_OP_g2487         | A v -> ZN ^  | AOI21_X1  | 0.064 |   1.864 |    1.913 | 
     | datapath/LT_TC_OP_g2466         | A ^ -> ZN v  | OAI21_X1  | 0.026 |   1.890 |    1.939 | 
     | datapath/LT_TC_OP_g2464         | A v -> ZN ^  | AOI21_X1  | 0.049 |   1.938 |    1.987 | 
     | datapath/LT_TC_OP_g2459         | A1 ^ -> ZN v | NOR2_X1   | 0.016 |   1.954 |    2.003 | 
     | datapath/LT_TC_OP_g2458         | A v -> ZN ^  | OAI21_X1  | 0.023 |   1.977 |    2.026 | 
     | datapath/LT_TC_OP_g2455         | B1 ^ -> ZN v | AOI21_X1  | 0.024 |   2.000 |    2.050 | 
     | datapath/LT_TC_OP_g2454         | A1 v -> ZN ^ | OAI222_X1 | 0.043 |   2.043 |    2.092 | 
     | datapath/LT_TC_OP_g2453         | A1 ^ -> ZN v | NAND4_X1  | 0.050 |   2.093 |    2.142 | 
     | datapath/LT_TC_OP_g2452         | C1 v -> ZN ^ | AOI211_X1 | 0.060 |   2.153 |    2.202 | 
     | datapath/LT_TC_OP_g2451         | A1 ^ -> ZN v | NOR2_X1   | 0.021 |   2.174 |    2.224 | 
     | datapath/g19652                 | A1 v -> ZN ^ | NAND2_X1  | 0.023 |   2.198 |    2.247 | 
     | datapath/g19650                 | A1 ^ -> ZN v | NAND2_X2  | 0.087 |   2.285 |    2.334 | 
     | g1513                           | A1 v -> ZN v | AND2_X2   | 0.103 |   2.388 |    2.437 | 
     | datapath/FE_OFC66_IFID_flush    | A v -> Z v   | CLKBUF_X1 | 0.159 |   2.547 |    2.596 | 
     | datapath/g37516                 | A1 v -> ZN ^ | NOR2_X1   | 0.061 |   2.608 |    2.657 | 
     | datapath/IFID_pc_reg[28]        | D ^          | DFFR_X1   | 0.000 |   2.608 |    2.657 | 
     +-----------------------------------------------------------------------------------------+ 
Path 6: MET Setup Check with Pin datapath/IFID_instr_reg[28]/CK 
Endpoint:   datapath/IFID_instr_reg[28]/D     (^) checked with  leading edge of 
'clk'
Beginpoint: datapath/registers_RF_reg[1][7]/Q (v) triggered by trailing edge of 
'clk'
Path Groups: {reg2reg}
Analysis View: WC_VIEW
Other End Arrival Time         -0.009
- Setup                         0.034
+ Phase Shift                   2.800
+ CPPR Adjustment               0.000
- Uncertainty                   0.100
= Required Time                 2.657
- Arrival Time                  2.608
= Slack Time                    0.050
     Clock Fall Edge                 1.400
     + Clock Network Latency (Prop)  0.010
     = Beginpoint Arrival Time       1.410
     +-----------------------------------------------------------------------------------------+ 
     |            Instance             |     Arc      |   Cell    | Delay | Arrival | Required | 
     |                                 |              |           |       |  Time   |   Time   | 
     |---------------------------------+--------------+-----------+-------+---------+----------| 
     | datapath/registers_RF_reg[1][7] | CK ^         |           |       |   1.410 |    1.460 | 
     | datapath/registers_RF_reg[1][7] | CK ^ -> Q v  | SDFF_X1   | 0.084 |   1.494 |    1.544 | 
     | datapath/g3556                  | C2 v -> ZN ^ | AOI222_X1 | 0.093 |   1.587 |    1.637 | 
     | datapath/g3434                  | A1 ^ -> ZN ^ | AND3_X1   | 0.065 |   1.652 |    1.702 | 
     | datapath/g38564                 | A4 ^ -> ZN ^ | AND4_X1   | 0.077 |   1.729 |    1.778 | 
     | datapath/g28137                 | B1 ^ -> ZN v | AOI21_X1  | 0.029 |   1.757 |    1.807 | 
     | datapath/LT_TC_OP_g2525         | A2 v -> ZN v | AND2_X1   | 0.043 |   1.801 |    1.850 | 
     | datapath/LT_TC_OP_g2487         | A v -> ZN ^  | AOI21_X1  | 0.064 |   1.864 |    1.914 | 
     | datapath/LT_TC_OP_g2466         | A ^ -> ZN v  | OAI21_X1  | 0.026 |   1.890 |    1.939 | 
     | datapath/LT_TC_OP_g2464         | A v -> ZN ^  | AOI21_X1  | 0.049 |   1.938 |    1.988 | 
     | datapath/LT_TC_OP_g2459         | A1 ^ -> ZN v | NOR2_X1   | 0.016 |   1.954 |    2.004 | 
     | datapath/LT_TC_OP_g2458         | A v -> ZN ^  | OAI21_X1  | 0.023 |   1.977 |    2.026 | 
     | datapath/LT_TC_OP_g2455         | B1 ^ -> ZN v | AOI21_X1  | 0.024 |   2.000 |    2.050 | 
     | datapath/LT_TC_OP_g2454         | A1 v -> ZN ^ | OAI222_X1 | 0.043 |   2.043 |    2.093 | 
     | datapath/LT_TC_OP_g2453         | A1 ^ -> ZN v | NAND4_X1  | 0.050 |   2.093 |    2.143 | 
     | datapath/LT_TC_OP_g2452         | C1 v -> ZN ^ | AOI211_X1 | 0.060 |   2.153 |    2.203 | 
     | datapath/LT_TC_OP_g2451         | A1 ^ -> ZN v | NOR2_X1   | 0.021 |   2.174 |    2.224 | 
     | datapath/g19652                 | A1 v -> ZN ^ | NAND2_X1  | 0.023 |   2.198 |    2.247 | 
     | datapath/g19650                 | A1 ^ -> ZN v | NAND2_X2  | 0.087 |   2.285 |    2.334 | 
     | g1513                           | A1 v -> ZN v | AND2_X2   | 0.103 |   2.388 |    2.438 | 
     | datapath/FE_OFC66_IFID_flush    | A v -> Z v   | CLKBUF_X1 | 0.159 |   2.547 |    2.596 | 
     | datapath/g37456                 | A1 v -> ZN ^ | NOR2_X1   | 0.061 |   2.608 |    2.657 | 
     | datapath/IFID_instr_reg[28]     | D ^          | DFFR_X1   | 0.000 |   2.608 |    2.657 | 
     +-----------------------------------------------------------------------------------------+ 
Path 7: MET Setup Check with Pin datapath/IFID_pc_reg[7]/CK 
Endpoint:   datapath/IFID_pc_reg[7]/D         (^) checked with  leading edge of 
'clk'
Beginpoint: datapath/registers_RF_reg[1][7]/Q (v) triggered by trailing edge of 
'clk'
Path Groups: {reg2reg}
Analysis View: WC_VIEW
Other End Arrival Time         -0.008
- Setup                         0.034
+ Phase Shift                   2.800
+ CPPR Adjustment               0.000
- Uncertainty                   0.100
= Required Time                 2.658
- Arrival Time                  2.608
= Slack Time                    0.050
     Clock Fall Edge                 1.400
     + Clock Network Latency (Prop)  0.010
     = Beginpoint Arrival Time       1.410
     +-----------------------------------------------------------------------------------------+ 
     |            Instance             |     Arc      |   Cell    | Delay | Arrival | Required | 
     |                                 |              |           |       |  Time   |   Time   | 
     |---------------------------------+--------------+-----------+-------+---------+----------| 
     | datapath/registers_RF_reg[1][7] | CK ^         |           |       |   1.410 |    1.460 | 
     | datapath/registers_RF_reg[1][7] | CK ^ -> Q v  | SDFF_X1   | 0.084 |   1.494 |    1.544 | 
     | datapath/g3556                  | C2 v -> ZN ^ | AOI222_X1 | 0.093 |   1.587 |    1.637 | 
     | datapath/g3434                  | A1 ^ -> ZN ^ | AND3_X1   | 0.065 |   1.652 |    1.702 | 
     | datapath/g38564                 | A4 ^ -> ZN ^ | AND4_X1   | 0.077 |   1.729 |    1.778 | 
     | datapath/g28137                 | B1 ^ -> ZN v | AOI21_X1  | 0.029 |   1.757 |    1.807 | 
     | datapath/LT_TC_OP_g2525         | A2 v -> ZN v | AND2_X1   | 0.043 |   1.801 |    1.850 | 
     | datapath/LT_TC_OP_g2487         | A v -> ZN ^  | AOI21_X1  | 0.064 |   1.864 |    1.914 | 
     | datapath/LT_TC_OP_g2466         | A ^ -> ZN v  | OAI21_X1  | 0.026 |   1.890 |    1.939 | 
     | datapath/LT_TC_OP_g2464         | A v -> ZN ^  | AOI21_X1  | 0.049 |   1.938 |    1.988 | 
     | datapath/LT_TC_OP_g2459         | A1 ^ -> ZN v | NOR2_X1   | 0.016 |   1.954 |    2.004 | 
     | datapath/LT_TC_OP_g2458         | A v -> ZN ^  | OAI21_X1  | 0.023 |   1.977 |    2.026 | 
     | datapath/LT_TC_OP_g2455         | B1 ^ -> ZN v | AOI21_X1  | 0.024 |   2.000 |    2.050 | 
     | datapath/LT_TC_OP_g2454         | A1 v -> ZN ^ | OAI222_X1 | 0.043 |   2.043 |    2.093 | 
     | datapath/LT_TC_OP_g2453         | A1 ^ -> ZN v | NAND4_X1  | 0.050 |   2.093 |    2.143 | 
     | datapath/LT_TC_OP_g2452         | C1 v -> ZN ^ | AOI211_X1 | 0.060 |   2.153 |    2.203 | 
     | datapath/LT_TC_OP_g2451         | A1 ^ -> ZN v | NOR2_X1   | 0.021 |   2.174 |    2.224 | 
     | datapath/g19652                 | A1 v -> ZN ^ | NAND2_X1  | 0.023 |   2.198 |    2.247 | 
     | datapath/g19650                 | A1 ^ -> ZN v | NAND2_X2  | 0.087 |   2.285 |    2.334 | 
     | g1513                           | A1 v -> ZN v | AND2_X2   | 0.103 |   2.388 |    2.438 | 
     | datapath/FE_OFC66_IFID_flush    | A v -> Z v   | CLKBUF_X1 | 0.159 |   2.547 |    2.597 | 
     | datapath/g37497                 | A1 v -> ZN ^ | NOR2_X1   | 0.061 |   2.608 |    2.658 | 
     | datapath/IFID_pc_reg[7]         | D ^          | DFFR_X1   | 0.000 |   2.608 |    2.658 | 
     +-----------------------------------------------------------------------------------------+ 
Path 8: MET Setup Check with Pin datapath/IFID_pc_reg[12]/CK 
Endpoint:   datapath/IFID_pc_reg[12]/D        (^) checked with  leading edge of 
'clk'
Beginpoint: datapath/registers_RF_reg[1][7]/Q (v) triggered by trailing edge of 
'clk'
Path Groups: {reg2reg}
Analysis View: WC_VIEW
Other End Arrival Time         -0.009
- Setup                         0.034
+ Phase Shift                   2.800
+ CPPR Adjustment               0.000
- Uncertainty                   0.100
= Required Time                 2.657
- Arrival Time                  2.607
= Slack Time                    0.050
     Clock Fall Edge                 1.400
     + Clock Network Latency (Prop)  0.010
     = Beginpoint Arrival Time       1.410
     +-----------------------------------------------------------------------------------------+ 
     |            Instance             |     Arc      |   Cell    | Delay | Arrival | Required | 
     |                                 |              |           |       |  Time   |   Time   | 
     |---------------------------------+--------------+-----------+-------+---------+----------| 
     | datapath/registers_RF_reg[1][7] | CK ^         |           |       |   1.410 |    1.460 | 
     | datapath/registers_RF_reg[1][7] | CK ^ -> Q v  | SDFF_X1   | 0.084 |   1.494 |    1.544 | 
     | datapath/g3556                  | C2 v -> ZN ^ | AOI222_X1 | 0.093 |   1.587 |    1.637 | 
     | datapath/g3434                  | A1 ^ -> ZN ^ | AND3_X1   | 0.065 |   1.652 |    1.702 | 
     | datapath/g38564                 | A4 ^ -> ZN ^ | AND4_X1   | 0.077 |   1.729 |    1.779 | 
     | datapath/g28137                 | B1 ^ -> ZN v | AOI21_X1  | 0.029 |   1.757 |    1.807 | 
     | datapath/LT_TC_OP_g2525         | A2 v -> ZN v | AND2_X1   | 0.043 |   1.801 |    1.851 | 
     | datapath/LT_TC_OP_g2487         | A v -> ZN ^  | AOI21_X1  | 0.064 |   1.864 |    1.914 | 
     | datapath/LT_TC_OP_g2466         | A ^ -> ZN v  | OAI21_X1  | 0.026 |   1.890 |    1.940 | 
     | datapath/LT_TC_OP_g2464         | A v -> ZN ^  | AOI21_X1  | 0.049 |   1.938 |    1.988 | 
     | datapath/LT_TC_OP_g2459         | A1 ^ -> ZN v | NOR2_X1   | 0.016 |   1.954 |    2.004 | 
     | datapath/LT_TC_OP_g2458         | A v -> ZN ^  | OAI21_X1  | 0.023 |   1.977 |    2.027 | 
     | datapath/LT_TC_OP_g2455         | B1 ^ -> ZN v | AOI21_X1  | 0.024 |   2.000 |    2.050 | 
     | datapath/LT_TC_OP_g2454         | A1 v -> ZN ^ | OAI222_X1 | 0.043 |   2.043 |    2.093 | 
     | datapath/LT_TC_OP_g2453         | A1 ^ -> ZN v | NAND4_X1  | 0.050 |   2.093 |    2.143 | 
     | datapath/LT_TC_OP_g2452         | C1 v -> ZN ^ | AOI211_X1 | 0.060 |   2.153 |    2.203 | 
     | datapath/LT_TC_OP_g2451         | A1 ^ -> ZN v | NOR2_X1   | 0.021 |   2.174 |    2.224 | 
     | datapath/g19652                 | A1 v -> ZN ^ | NAND2_X1  | 0.023 |   2.198 |    2.248 | 
     | datapath/g19650                 | A1 ^ -> ZN v | NAND2_X2  | 0.087 |   2.285 |    2.335 | 
     | g1513                           | A1 v -> ZN v | AND2_X2   | 0.103 |   2.388 |    2.438 | 
     | datapath/FE_OFC66_IFID_flush    | A v -> Z v   | CLKBUF_X1 | 0.159 |   2.547 |    2.597 | 
     | datapath/g37501                 | A1 v -> ZN ^ | NOR2_X1   | 0.060 |   2.607 |    2.657 | 
     | datapath/IFID_pc_reg[12]        | D ^          | DFFR_X1   | 0.000 |   2.607 |    2.657 | 
     +-----------------------------------------------------------------------------------------+ 
Path 9: MET Setup Check with Pin datapath/IFID_pc_reg[25]/CK 
Endpoint:   datapath/IFID_pc_reg[25]/D        (^) checked with  leading edge of 
'clk'
Beginpoint: datapath/registers_RF_reg[1][7]/Q (v) triggered by trailing edge of 
'clk'
Path Groups: {reg2reg}
Analysis View: WC_VIEW
Other End Arrival Time         -0.010
- Setup                         0.034
+ Phase Shift                   2.800
+ CPPR Adjustment               0.000
- Uncertainty                   0.100
= Required Time                 2.656
- Arrival Time                  2.604
= Slack Time                    0.052
     Clock Fall Edge                 1.400
     + Clock Network Latency (Prop)  0.010
     = Beginpoint Arrival Time       1.410
     +-----------------------------------------------------------------------------------------+ 
     |            Instance             |     Arc      |   Cell    | Delay | Arrival | Required | 
     |                                 |              |           |       |  Time   |   Time   | 
     |---------------------------------+--------------+-----------+-------+---------+----------| 
     | datapath/registers_RF_reg[1][7] | CK ^         |           |       |   1.410 |    1.462 | 
     | datapath/registers_RF_reg[1][7] | CK ^ -> Q v  | SDFF_X1   | 0.084 |   1.494 |    1.547 | 
     | datapath/g3556                  | C2 v -> ZN ^ | AOI222_X1 | 0.093 |   1.587 |    1.639 | 
     | datapath/g3434                  | A1 ^ -> ZN ^ | AND3_X1   | 0.065 |   1.652 |    1.704 | 
     | datapath/g38564                 | A4 ^ -> ZN ^ | AND4_X1   | 0.077 |   1.729 |    1.781 | 
     | datapath/g28137                 | B1 ^ -> ZN v | AOI21_X1  | 0.029 |   1.757 |    1.810 | 
     | datapath/LT_TC_OP_g2525         | A2 v -> ZN v | AND2_X1   | 0.043 |   1.801 |    1.853 | 
     | datapath/LT_TC_OP_g2487         | A v -> ZN ^  | AOI21_X1  | 0.064 |   1.864 |    1.916 | 
     | datapath/LT_TC_OP_g2466         | A ^ -> ZN v  | OAI21_X1  | 0.026 |   1.890 |    1.942 | 
     | datapath/LT_TC_OP_g2464         | A v -> ZN ^  | AOI21_X1  | 0.049 |   1.938 |    1.991 | 
     | datapath/LT_TC_OP_g2459         | A1 ^ -> ZN v | NOR2_X1   | 0.016 |   1.954 |    2.006 | 
     | datapath/LT_TC_OP_g2458         | A v -> ZN ^  | OAI21_X1  | 0.023 |   1.977 |    2.029 | 
     | datapath/LT_TC_OP_g2455         | B1 ^ -> ZN v | AOI21_X1  | 0.024 |   2.000 |    2.053 | 
     | datapath/LT_TC_OP_g2454         | A1 v -> ZN ^ | OAI222_X1 | 0.043 |   2.043 |    2.095 | 
     | datapath/LT_TC_OP_g2453         | A1 ^ -> ZN v | NAND4_X1  | 0.050 |   2.093 |    2.145 | 
     | datapath/LT_TC_OP_g2452         | C1 v -> ZN ^ | AOI211_X1 | 0.060 |   2.153 |    2.205 | 
     | datapath/LT_TC_OP_g2451         | A1 ^ -> ZN v | NOR2_X1   | 0.021 |   2.174 |    2.227 | 
     | datapath/g19652                 | A1 v -> ZN ^ | NAND2_X1  | 0.023 |   2.198 |    2.250 | 
     | datapath/g19650                 | A1 ^ -> ZN v | NAND2_X2  | 0.087 |   2.285 |    2.337 | 
     | g1513                           | A1 v -> ZN v | AND2_X2   | 0.103 |   2.388 |    2.440 | 
     | datapath/FE_OFC66_IFID_flush    | A v -> Z v   | CLKBUF_X1 | 0.159 |   2.547 |    2.599 | 
     | datapath/g37442                 | A1 v -> ZN ^ | NOR2_X1   | 0.057 |   2.604 |    2.656 | 
     | datapath/IFID_pc_reg[25]        | D ^          | DFFR_X1   | 0.000 |   2.604 |    2.656 | 
     +-----------------------------------------------------------------------------------------+ 
Path 10: MET Setup Check with Pin datapath/IFID_instr_reg[27]/CK 
Endpoint:   datapath/IFID_instr_reg[27]/D     (^) checked with  leading edge of 
'clk'
Beginpoint: datapath/registers_RF_reg[1][7]/Q (v) triggered by trailing edge of 
'clk'
Path Groups: {reg2reg}
Analysis View: WC_VIEW
Other End Arrival Time         -0.008
- Setup                         0.034
+ Phase Shift                   2.800
+ CPPR Adjustment               0.000
- Uncertainty                   0.100
= Required Time                 2.658
- Arrival Time                  2.606
= Slack Time                    0.052
     Clock Fall Edge                 1.400
     + Clock Network Latency (Prop)  0.010
     = Beginpoint Arrival Time       1.410
     +-----------------------------------------------------------------------------------------+ 
     |            Instance             |     Arc      |   Cell    | Delay | Arrival | Required | 
     |                                 |              |           |       |  Time   |   Time   | 
     |---------------------------------+--------------+-----------+-------+---------+----------| 
     | datapath/registers_RF_reg[1][7] | CK ^         |           |       |   1.410 |    1.462 | 
     | datapath/registers_RF_reg[1][7] | CK ^ -> Q v  | SDFF_X1   | 0.084 |   1.494 |    1.547 | 
     | datapath/g3556                  | C2 v -> ZN ^ | AOI222_X1 | 0.093 |   1.587 |    1.639 | 
     | datapath/g3434                  | A1 ^ -> ZN ^ | AND3_X1   | 0.065 |   1.652 |    1.704 | 
     | datapath/g38564                 | A4 ^ -> ZN ^ | AND4_X1   | 0.077 |   1.729 |    1.781 | 
     | datapath/g28137                 | B1 ^ -> ZN v | AOI21_X1  | 0.029 |   1.757 |    1.810 | 
     | datapath/LT_TC_OP_g2525         | A2 v -> ZN v | AND2_X1   | 0.043 |   1.801 |    1.853 | 
     | datapath/LT_TC_OP_g2487         | A v -> ZN ^  | AOI21_X1  | 0.064 |   1.864 |    1.916 | 
     | datapath/LT_TC_OP_g2466         | A ^ -> ZN v  | OAI21_X1  | 0.026 |   1.890 |    1.942 | 
     | datapath/LT_TC_OP_g2464         | A v -> ZN ^  | AOI21_X1  | 0.049 |   1.938 |    1.991 | 
     | datapath/LT_TC_OP_g2459         | A1 ^ -> ZN v | NOR2_X1   | 0.016 |   1.954 |    2.006 | 
     | datapath/LT_TC_OP_g2458         | A v -> ZN ^  | OAI21_X1  | 0.023 |   1.977 |    2.029 | 
     | datapath/LT_TC_OP_g2455         | B1 ^ -> ZN v | AOI21_X1  | 0.024 |   2.000 |    2.053 | 
     | datapath/LT_TC_OP_g2454         | A1 v -> ZN ^ | OAI222_X1 | 0.043 |   2.043 |    2.095 | 
     | datapath/LT_TC_OP_g2453         | A1 ^ -> ZN v | NAND4_X1  | 0.050 |   2.093 |    2.145 | 
     | datapath/LT_TC_OP_g2452         | C1 v -> ZN ^ | AOI211_X1 | 0.060 |   2.153 |    2.205 | 
     | datapath/LT_TC_OP_g2451         | A1 ^ -> ZN v | NOR2_X1   | 0.021 |   2.174 |    2.227 | 
     | datapath/g19652                 | A1 v -> ZN ^ | NAND2_X1  | 0.023 |   2.198 |    2.250 | 
     | datapath/g19650                 | A1 ^ -> ZN v | NAND2_X2  | 0.087 |   2.285 |    2.337 | 
     | g1513                           | A1 v -> ZN v | AND2_X2   | 0.103 |   2.388 |    2.440 | 
     | datapath/FE_OFC66_IFID_flush    | A v -> Z v   | CLKBUF_X1 | 0.159 |   2.547 |    2.599 | 
     | datapath/g37457                 | A1 v -> ZN ^ | NOR2_X1   | 0.059 |   2.606 |    2.658 | 
     | datapath/IFID_instr_reg[27]     | D ^          | DFFR_X1   | 0.000 |   2.606 |    2.658 | 
     +-----------------------------------------------------------------------------------------+ 

