###############################################################
#  Generated by:      Cadence Innovus 23.12-s091_1
#  OS:                Linux x86_64(Host ID nanohub-2907946-1)
#  Generated on:      Tue Aug 11 18:26:21 2026
#  Design:            pipelined_cpu_core
#  Command:           report_timing -early -view RPT_SLOW -max_paths 50 -nworst 1 > reports/41_hold_slow.rpt
###############################################################
Path 1: MET Hold Check with Pin datapath/IDEX_rd_reg[4]/CK 
Endpoint:   datapath/IDEX_rd_reg[4]/D      (v) checked with  leading edge of 
'clk'
Beginpoint: datapath/IFID_instr_reg[11]/QN (^) triggered by  leading edge of 
'clk'
Path Groups: {reg2reg}
Analysis View: RPT_SLOW
Other End Arrival Time          0.512
+ Hold                          0.024
+ Phase Shift                   0.000
- CPPR Adjustment               0.000
+ Uncertainty                   0.020
= Required Time                 0.556
  Arrival Time                  0.767
  Slack Time                    0.211
     Clock Rise Edge                 0.000
     + Clock Network Latency (Prop)  0.510
     = Beginpoint Arrival Time       0.510
     +-----------------------------------------------------------------------------------+ 
     |          Instance           |     Arc      |  Cell   | Delay | Arrival | Required | 
     |                             |              |         |       |  Time   |   Time   | 
     |-----------------------------+--------------+---------+-------+---------+----------| 
     | datapath/IFID_instr_reg[11] | CK ^         |         |       |   0.510 |    0.299 | 
     | datapath/IFID_instr_reg[11] | CK ^ -> QN ^ | DFFR_X1 | 0.228 |   0.739 |    0.527 | 
     | datapath/g35760             | A2 ^ -> ZN v | NOR2_X1 | 0.029 |   0.767 |    0.556 | 
     | datapath/IDEX_rd_reg[4]     | D v          | DFFR_X1 | 0.000 |   0.767 |    0.556 | 
     +-----------------------------------------------------------------------------------+ 
Path 2: MET Hold Check with Pin datapath/IDEX_rd_reg[3]/CK 
Endpoint:   datapath/IDEX_rd_reg[3]/D      (v) checked with  leading edge of 
'clk'
Beginpoint: datapath/IFID_instr_reg[10]/QN (^) triggered by  leading edge of 
'clk'
Path Groups: {reg2reg}
Analysis View: RPT_SLOW
Other End Arrival Time          0.512
+ Hold                          0.024
+ Phase Shift                   0.000
- CPPR Adjustment               0.000
+ Uncertainty                   0.020
= Required Time                 0.556
  Arrival Time                  0.768
  Slack Time                    0.212
     Clock Rise Edge                 0.000
     + Clock Network Latency (Prop)  0.510
     = Beginpoint Arrival Time       0.510
     +-----------------------------------------------------------------------------------+ 
     |          Instance           |     Arc      |  Cell   | Delay | Arrival | Required | 
     |                             |              |         |       |  Time   |   Time   | 
     |-----------------------------+--------------+---------+-------+---------+----------| 
     | datapath/IFID_instr_reg[10] | CK ^         |         |       |   0.510 |    0.299 | 
     | datapath/IFID_instr_reg[10] | CK ^ -> QN ^ | DFFR_X1 | 0.229 |   0.739 |    0.528 | 
     | datapath/g35761             | A2 ^ -> ZN v | NOR2_X1 | 0.028 |   0.768 |    0.556 | 
     | datapath/IDEX_rd_reg[3]     | D v          | DFFR_X1 | 0.000 |   0.768 |    0.556 | 
     +-----------------------------------------------------------------------------------+ 
Path 3: MET Hold Check with Pin datapath/IDEX_rd_reg[1]/CK 
Endpoint:   datapath/IDEX_rd_reg[1]/D     (v) checked with  leading edge of 
'clk'
Beginpoint: datapath/IFID_instr_reg[8]/QN (^) triggered by  leading edge of 
'clk'
Path Groups: {reg2reg}
Analysis View: RPT_SLOW
Other End Arrival Time          0.511
+ Hold                          0.024
+ Phase Shift                   0.000
- CPPR Adjustment               0.000
+ Uncertainty                   0.020
= Required Time                 0.555
  Arrival Time                  0.768
  Slack Time                    0.213
     Clock Rise Edge                 0.000
     + Clock Network Latency (Prop)  0.510
     = Beginpoint Arrival Time       0.510
     +----------------------------------------------------------------------------------+ 
     |          Instance          |     Arc      |  Cell   | Delay | Arrival | Required | 
     |                            |              |         |       |  Time   |   Time   | 
     |----------------------------+--------------+---------+-------+---------+----------| 
     | datapath/IFID_instr_reg[8] | CK ^         |         |       |   0.510 |    0.297 | 
     | datapath/IFID_instr_reg[8] | CK ^ -> QN ^ | DFFR_X1 | 0.229 |   0.739 |    0.526 | 
     | datapath/g35763            | A2 ^ -> ZN v | NOR2_X1 | 0.029 |   0.768 |    0.555 | 
     | datapath/IDEX_rd_reg[1]    | D v          | DFFR_X1 | 0.000 |   0.768 |    0.555 | 
     +----------------------------------------------------------------------------------+ 
Path 4: MET Hold Check with Pin datapath/IDEX_rd_reg[2]/CK 
Endpoint:   datapath/IDEX_rd_reg[2]/D     (v) checked with  leading edge of 
'clk'
Beginpoint: datapath/IFID_instr_reg[9]/QN (^) triggered by  leading edge of 
'clk'
Path Groups: {reg2reg}
Analysis View: RPT_SLOW
Other End Arrival Time          0.510
+ Hold                          0.023
+ Phase Shift                   0.000
- CPPR Adjustment               0.000
+ Uncertainty                   0.020
= Required Time                 0.553
  Arrival Time                  0.767
  Slack Time                    0.214
     Clock Rise Edge                 0.000
     + Clock Network Latency (Prop)  0.510
     = Beginpoint Arrival Time       0.510
     +----------------------------------------------------------------------------------+ 
     |          Instance          |     Arc      |  Cell   | Delay | Arrival | Required | 
     |                            |              |         |       |  Time   |   Time   | 
     |----------------------------+--------------+---------+-------+---------+----------| 
     | datapath/IFID_instr_reg[9] | CK ^         |         |       |   0.510 |    0.296 | 
     | datapath/IFID_instr_reg[9] | CK ^ -> QN ^ | DFFR_X1 | 0.229 |   0.739 |    0.525 | 
     | datapath/g35762            | A2 ^ -> ZN v | NOR2_X1 | 0.028 |   0.767 |    0.553 | 
     | datapath/IDEX_rd_reg[2]    | D v          | DFFR_X1 | 0.000 |   0.767 |    0.553 | 
     +----------------------------------------------------------------------------------+ 
Path 5: MET Hold Check with Pin datapath/IDEX_rd_reg[0]/CK 
Endpoint:   datapath/IDEX_rd_reg[0]/D     (v) checked with  leading edge of 
'clk'
Beginpoint: datapath/IFID_instr_reg[7]/QN (^) triggered by  leading edge of 
'clk'
Path Groups: {reg2reg}
Analysis View: RPT_SLOW
Other End Arrival Time          0.512
+ Hold                          0.024
+ Phase Shift                   0.000
- CPPR Adjustment               0.000
+ Uncertainty                   0.020
= Required Time                 0.556
  Arrival Time                  0.775
  Slack Time                    0.219
     Clock Rise Edge                 0.000
     + Clock Network Latency (Prop)  0.510
     = Beginpoint Arrival Time       0.510
     +----------------------------------------------------------------------------------+ 
     |          Instance          |     Arc      |  Cell   | Delay | Arrival | Required | 
     |                            |              |         |       |  Time   |   Time   | 
     |----------------------------+--------------+---------+-------+---------+----------| 
     | datapath/IFID_instr_reg[7] | CK ^         |         |       |   0.510 |    0.291 | 
     | datapath/IFID_instr_reg[7] | CK ^ -> QN ^ | DFFR_X1 | 0.235 |   0.745 |    0.526 | 
     | datapath/g35764            | A2 ^ -> ZN v | NOR2_X1 | 0.031 |   0.775 |    0.556 | 
     | datapath/IDEX_rd_reg[0]    | D v          | DFFR_X1 | 0.000 |   0.775 |    0.556 | 
     +----------------------------------------------------------------------------------+ 
Path 6: MET Hold Check with Pin datapath/EXMEM_storeData_reg[10]/CK 
Endpoint:   datapath/EXMEM_storeData_reg[10]/D (v) checked with  leading edge 
of 'clk'
Beginpoint: datapath/IDEX_readData2_reg[10]/QN (^) triggered by  leading edge 
of 'clk'
Path Groups: {reg2reg}
Analysis View: RPT_SLOW
Other End Arrival Time          0.522
+ Hold                          0.025
+ Phase Shift                   0.000
- CPPR Adjustment               0.000
+ Uncertainty                   0.020
= Required Time                 0.567
  Arrival Time                  0.804
  Slack Time                    0.237
     Clock Rise Edge                 0.000
     + Clock Network Latency (Prop)  0.518
     = Beginpoint Arrival Time       0.518
     +------------------------------------------------------------------------------------------+ 
     |             Instance             |     Arc      |   Cell    | Delay | Arrival | Required | 
     |                                  |              |           |       |  Time   |   Time   | 
     |----------------------------------+--------------+-----------+-------+---------+----------| 
     | datapath/IDEX_readData2_reg[10]  | CK ^         |           |       |   0.518 |    0.281 | 
     | datapath/IDEX_readData2_reg[10]  | CK ^ -> QN ^ | DFFR_X1   | 0.227 |   0.745 |    0.509 | 
     | datapath/g26459                  | A2 ^ -> ZN v | OAI222_X1 | 0.058 |   0.804 |    0.567 | 
     | datapath/EXMEM_storeData_reg[10] | D v          | DFFR_X1   | 0.000 |   0.804 |    0.567 | 
     +------------------------------------------------------------------------------------------+ 
Path 7: MET Hold Check with Pin datapath/EXMEM_storeData_reg[23]/CK 
Endpoint:   datapath/EXMEM_storeData_reg[23]/D (v) checked with  leading edge 
of 'clk'
Beginpoint: datapath/IDEX_readData2_reg[23]/QN (^) triggered by  leading edge 
of 'clk'
Path Groups: {reg2reg}
Analysis View: RPT_SLOW
Other End Arrival Time          0.521
+ Hold                          0.025
+ Phase Shift                   0.000
- CPPR Adjustment               0.000
+ Uncertainty                   0.020
= Required Time                 0.567
  Arrival Time                  0.804
  Slack Time                    0.237
     Clock Rise Edge                 0.000
     + Clock Network Latency (Prop)  0.518
     = Beginpoint Arrival Time       0.518
     +------------------------------------------------------------------------------------------+ 
     |             Instance             |     Arc      |   Cell    | Delay | Arrival | Required | 
     |                                  |              |           |       |  Time   |   Time   | 
     |----------------------------------+--------------+-----------+-------+---------+----------| 
     | datapath/IDEX_readData2_reg[23]  | CK ^         |           |       |   0.518 |    0.281 | 
     | datapath/IDEX_readData2_reg[23]  | CK ^ -> QN ^ | DFFR_X1   | 0.229 |   0.747 |    0.510 | 
     | datapath/g26454                  | A2 ^ -> ZN v | OAI222_X1 | 0.057 |   0.804 |    0.567 | 
     | datapath/EXMEM_storeData_reg[23] | D v          | DFFR_X1   | 0.000 |   0.804 |    0.567 | 
     +------------------------------------------------------------------------------------------+ 
Path 8: MET Hold Check with Pin datapath/EXMEM_storeData_reg[13]/CK 
Endpoint:   datapath/EXMEM_storeData_reg[13]/D (v) checked with  leading edge 
of 'clk'
Beginpoint: datapath/IDEX_readData2_reg[13]/QN (^) triggered by  leading edge 
of 'clk'
Path Groups: {reg2reg}
Analysis View: RPT_SLOW
Other End Arrival Time          0.521
+ Hold                          0.026
+ Phase Shift                   0.000
- CPPR Adjustment               0.000
+ Uncertainty                   0.020
= Required Time                 0.567
  Arrival Time                  0.806
  Slack Time                    0.239
     Clock Rise Edge                 0.000
     + Clock Network Latency (Prop)  0.518
     = Beginpoint Arrival Time       0.518
     +------------------------------------------------------------------------------------------+ 
     |             Instance             |     Arc      |   Cell    | Delay | Arrival | Required | 
     |                                  |              |           |       |  Time   |   Time   | 
     |----------------------------------+--------------+-----------+-------+---------+----------| 
     | datapath/IDEX_readData2_reg[13]  | CK ^         |           |       |   0.518 |    0.280 | 
     | datapath/IDEX_readData2_reg[13]  | CK ^ -> QN ^ | DFFR_X1   | 0.228 |   0.747 |    0.508 | 
     | datapath/g26462                  | A2 ^ -> ZN v | OAI222_X1 | 0.059 |   0.806 |    0.567 | 
     | datapath/EXMEM_storeData_reg[13] | D v          | DFFR_X1   | 0.000 |   0.806 |    0.567 | 
     +------------------------------------------------------------------------------------------+ 
Path 9: MET Hold Check with Pin datapath/EXMEM_storeData_reg[18]/CK 
Endpoint:   datapath/EXMEM_storeData_reg[18]/D (v) checked with  leading edge 
of 'clk'
Beginpoint: datapath/IDEX_readData2_reg[18]/QN (^) triggered by  leading edge 
of 'clk'
Path Groups: {reg2reg}
Analysis View: RPT_SLOW
Other End Arrival Time          0.518
+ Hold                          0.027
+ Phase Shift                   0.000
- CPPR Adjustment               0.000
+ Uncertainty                   0.020
= Required Time                 0.565
  Arrival Time                  0.804
  Slack Time                    0.240
     Clock Rise Edge                 0.000
     + Clock Network Latency (Prop)  0.517
     = Beginpoint Arrival Time       0.517
     +------------------------------------------------------------------------------------------+ 
     |             Instance             |     Arc      |   Cell    | Delay | Arrival | Required | 
     |                                  |              |           |       |  Time   |   Time   | 
     |----------------------------------+--------------+-----------+-------+---------+----------| 
     | datapath/IDEX_readData2_reg[18]  | CK ^         |           |       |   0.517 |    0.278 | 
     | datapath/IDEX_readData2_reg[18]  | CK ^ -> QN ^ | DFFR_X1   | 0.231 |   0.748 |    0.509 | 
     | datapath/g26527                  | A2 ^ -> ZN v | OAI222_X1 | 0.056 |   0.804 |    0.565 | 
     | datapath/EXMEM_storeData_reg[18] | D v          | DFFR_X1   | 0.000 |   0.804 |    0.565 | 
     +------------------------------------------------------------------------------------------+ 
Path 10: MET Hold Check with Pin datapath/EXMEM_storeData_reg[16]/CK 
Endpoint:   datapath/EXMEM_storeData_reg[16]/D (v) checked with  leading edge 
of 'clk'
Beginpoint: datapath/IDEX_readData2_reg[16]/QN (^) triggered by  leading edge 
of 'clk'
Path Groups: {reg2reg}
Analysis View: RPT_SLOW
Other End Arrival Time          0.518
+ Hold                          0.024
+ Phase Shift                   0.000
- CPPR Adjustment               0.000
+ Uncertainty                   0.020
= Required Time                 0.562
  Arrival Time                  0.802
  Slack Time                    0.240
     Clock Rise Edge                 0.000
     + Clock Network Latency (Prop)  0.517
     = Beginpoint Arrival Time       0.517
     +------------------------------------------------------------------------------------------+ 
     |             Instance             |     Arc      |   Cell    | Delay | Arrival | Required | 
     |                                  |              |           |       |  Time   |   Time   | 
     |----------------------------------+--------------+-----------+-------+---------+----------| 
     | datapath/IDEX_readData2_reg[16]  | CK ^         |           |       |   0.517 |    0.277 | 
     | datapath/IDEX_readData2_reg[16]  | CK ^ -> QN ^ | DFFR_X1   | 0.229 |   0.746 |    0.506 | 
     | datapath/g26450                  | A2 ^ -> ZN v | OAI222_X1 | 0.056 |   0.802 |    0.562 | 
     | datapath/EXMEM_storeData_reg[16] | D v          | DFFR_X1   | 0.000 |   0.802 |    0.562 | 
     +------------------------------------------------------------------------------------------+ 
Path 11: MET Hold Check with Pin datapath/EXMEM_storeData_reg[12]/CK 
Endpoint:   datapath/EXMEM_storeData_reg[12]/D (v) checked with  leading edge 
of 'clk'
Beginpoint: datapath/IDEX_readData2_reg[12]/QN (^) triggered by  leading edge 
of 'clk'
Path Groups: {reg2reg}
Analysis View: RPT_SLOW
Other End Arrival Time          0.522
+ Hold                          0.025
+ Phase Shift                   0.000
- CPPR Adjustment               0.000
+ Uncertainty                   0.020
= Required Time                 0.567
  Arrival Time                  0.809
  Slack Time                    0.242
     Clock Rise Edge                 0.000
     + Clock Network Latency (Prop)  0.518
     = Beginpoint Arrival Time       0.518
     +------------------------------------------------------------------------------------------+ 
     |             Instance             |     Arc      |   Cell    | Delay | Arrival | Required | 
     |                                  |              |           |       |  Time   |   Time   | 
     |----------------------------------+--------------+-----------+-------+---------+----------| 
     | datapath/IDEX_readData2_reg[12]  | CK ^         |           |       |   0.518 |    0.276 | 
     | datapath/IDEX_readData2_reg[12]  | CK ^ -> QN ^ | DFFR_X1   | 0.230 |   0.748 |    0.506 | 
     | datapath/g26461                  | A2 ^ -> ZN v | OAI222_X1 | 0.060 |   0.809 |    0.567 | 
     | datapath/EXMEM_storeData_reg[12] | D v          | DFFR_X1   | 0.000 |   0.809 |    0.567 | 
     +------------------------------------------------------------------------------------------+ 
Path 12: MET Hold Check with Pin datapath/EXMEM_memWrite_reg/CK 
Endpoint:   datapath/EXMEM_memWrite_reg/D (v) checked with  leading edge of 
'clk'
Beginpoint: datapath/IDEX_memWrite_reg/Q  (v) triggered by  leading edge of 
'clk'
Path Groups: {reg2reg}
Analysis View: RPT_SLOW
Other End Arrival Time          0.511
+ Hold                          0.024
+ Phase Shift                   0.000
- CPPR Adjustment               0.000
+ Uncertainty                   0.020
= Required Time                 0.555
  Arrival Time                  0.797
  Slack Time                    0.242
     Clock Rise Edge                 0.000
     + Clock Network Latency (Prop)  0.510
     = Beginpoint Arrival Time       0.510
     +----------------------------------------------------------------------------------+ 
     |          Instance           |     Arc     |  Cell   | Delay | Arrival | Required | 
     |                             |             |         |       |  Time   |   Time   | 
     |-----------------------------+-------------+---------+-------+---------+----------| 
     | datapath/IDEX_memWrite_reg  | CK ^        |         |       |   0.510 |    0.268 | 
     | datapath/IDEX_memWrite_reg  | CK ^ -> Q v | DFFR_X1 | 0.287 |   0.797 |    0.555 | 
     | datapath/EXMEM_memWrite_reg | D v         | DFFR_X1 | 0.000 |   0.797 |    0.555 | 
     +----------------------------------------------------------------------------------+ 
Path 13: MET Hold Check with Pin datapath/MEMWB_aluResult_reg[20]/CK 
Endpoint:   datapath/MEMWB_aluResult_reg[20]/D (v) checked with  leading edge 
of 'clk'
Beginpoint: datapath/EXMEM_aluResult_reg[20]/Q (v) triggered by  leading edge 
of 'clk'
Path Groups: {reg2reg}
Analysis View: RPT_SLOW
Other End Arrival Time          0.509
+ Hold                          0.023
+ Phase Shift                   0.000
- CPPR Adjustment               0.000
+ Uncertainty                   0.020
= Required Time                 0.553
  Arrival Time                  0.796
  Slack Time                    0.243
     Clock Rise Edge                 0.000
     + Clock Network Latency (Prop)  0.509
     = Beginpoint Arrival Time       0.509
     +---------------------------------------------------------------------------------------+ 
     |             Instance             |     Arc     |  Cell   | Delay | Arrival | Required | 
     |                                  |             |         |       |  Time   |   Time   | 
     |----------------------------------+-------------+---------+-------+---------+----------| 
     | datapath/EXMEM_aluResult_reg[20] | CK ^        |         |       |   0.509 |    0.266 | 
     | datapath/EXMEM_aluResult_reg[20] | CK ^ -> Q v | DFFR_X1 | 0.287 |   0.796 |    0.553 | 
     | datapath/MEMWB_aluResult_reg[20] | D v         | DFFR_X1 | 0.000 |   0.796 |    0.553 | 
     +---------------------------------------------------------------------------------------+ 
Path 14: MET Hold Check with Pin datapath/EXMEM_storeData_reg[15]/CK 
Endpoint:   datapath/EXMEM_storeData_reg[15]/D (v) checked with  leading edge 
of 'clk'
Beginpoint: datapath/IDEX_readData2_reg[15]/QN (^) triggered by  leading edge 
of 'clk'
Path Groups: {reg2reg}
Analysis View: RPT_SLOW
Other End Arrival Time          0.514
+ Hold                          0.026
+ Phase Shift                   0.000
- CPPR Adjustment               0.000
+ Uncertainty                   0.020
= Required Time                 0.561
  Arrival Time                  0.804
  Slack Time                    0.244
     Clock Rise Edge                 0.000
     + Clock Network Latency (Prop)  0.514
     = Beginpoint Arrival Time       0.514
     +------------------------------------------------------------------------------------------+ 
     |             Instance             |     Arc      |   Cell    | Delay | Arrival | Required | 
     |                                  |              |           |       |  Time   |   Time   | 
     |----------------------------------+--------------+-----------+-------+---------+----------| 
     | datapath/IDEX_readData2_reg[15]  | CK ^         |           |       |   0.514 |    0.270 | 
     | datapath/IDEX_readData2_reg[15]  | CK ^ -> QN ^ | DFFR_X1   | 0.232 |   0.746 |    0.502 | 
     | datapath/g26449                  | A2 ^ -> ZN v | OAI222_X1 | 0.058 |   0.804 |    0.561 | 
     | datapath/EXMEM_storeData_reg[15] | D v          | DFFR_X1   | 0.000 |   0.804 |    0.561 | 
     +------------------------------------------------------------------------------------------+ 
Path 15: MET Hold Check with Pin datapath/MEMWB_aluResult_reg[21]/CK 
Endpoint:   datapath/MEMWB_aluResult_reg[21]/D (v) checked with  leading edge 
of 'clk'
Beginpoint: datapath/EXMEM_aluResult_reg[21]/Q (v) triggered by  leading edge 
of 'clk'
Path Groups: {reg2reg}
Analysis View: RPT_SLOW
Other End Arrival Time          0.509
+ Hold                          0.023
+ Phase Shift                   0.000
- CPPR Adjustment               0.000
+ Uncertainty                   0.020
= Required Time                 0.553
  Arrival Time                  0.796
  Slack Time                    0.244
     Clock Rise Edge                 0.000
     + Clock Network Latency (Prop)  0.509
     = Beginpoint Arrival Time       0.509
     +---------------------------------------------------------------------------------------+ 
     |             Instance             |     Arc     |  Cell   | Delay | Arrival | Required | 
     |                                  |             |         |       |  Time   |   Time   | 
     |----------------------------------+-------------+---------+-------+---------+----------| 
     | datapath/EXMEM_aluResult_reg[21] | CK ^        |         |       |   0.509 |    0.266 | 
     | datapath/EXMEM_aluResult_reg[21] | CK ^ -> Q v | DFFR_X1 | 0.287 |   0.796 |    0.553 | 
     | datapath/MEMWB_aluResult_reg[21] | D v         | DFFR_X1 | 0.000 |   0.796 |    0.553 | 
     +---------------------------------------------------------------------------------------+ 
Path 16: MET Hold Check with Pin datapath/MEMWB_aluResult_reg[15]/CK 
Endpoint:   datapath/MEMWB_aluResult_reg[15]/D (v) checked with  leading edge 
of 'clk'
Beginpoint: datapath/EXMEM_aluResult_reg[15]/Q (v) triggered by  leading edge 
of 'clk'
Path Groups: {reg2reg}
Analysis View: RPT_SLOW
Other End Arrival Time          0.514
+ Hold                          0.024
+ Phase Shift                   0.000
- CPPR Adjustment               0.000
+ Uncertainty                   0.020
= Required Time                 0.558
  Arrival Time                  0.803
  Slack Time                    0.244
     Clock Rise Edge                 0.000
     + Clock Network Latency (Prop)  0.514
     = Beginpoint Arrival Time       0.514
     +---------------------------------------------------------------------------------------+ 
     |             Instance             |     Arc     |  Cell   | Delay | Arrival | Required | 
     |                                  |             |         |       |  Time   |   Time   | 
     |----------------------------------+-------------+---------+-------+---------+----------| 
     | datapath/EXMEM_aluResult_reg[15] | CK ^        |         |       |   0.514 |    0.270 | 
     | datapath/EXMEM_aluResult_reg[15] | CK ^ -> Q v | DFFR_X1 | 0.289 |   0.803 |    0.558 | 
     | datapath/MEMWB_aluResult_reg[15] | D v         | DFFR_X1 | 0.000 |   0.803 |    0.558 | 
     +---------------------------------------------------------------------------------------+ 
Path 17: MET Hold Check with Pin datapath/MEMWB_aluResult_reg[14]/CK 
Endpoint:   datapath/MEMWB_aluResult_reg[14]/D (v) checked with  leading edge 
of 'clk'
Beginpoint: datapath/EXMEM_aluResult_reg[14]/Q (v) triggered by  leading edge 
of 'clk'
Path Groups: {reg2reg}
Analysis View: RPT_SLOW
Other End Arrival Time          0.514
+ Hold                          0.024
+ Phase Shift                   0.000
- CPPR Adjustment               0.000
+ Uncertainty                   0.020
= Required Time                 0.559
  Arrival Time                  0.803
  Slack Time                    0.244
     Clock Rise Edge                 0.000
     + Clock Network Latency (Prop)  0.514
     = Beginpoint Arrival Time       0.514
     +---------------------------------------------------------------------------------------+ 
     |             Instance             |     Arc     |  Cell   | Delay | Arrival | Required | 
     |                                  |             |         |       |  Time   |   Time   | 
     |----------------------------------+-------------+---------+-------+---------+----------| 
     | datapath/EXMEM_aluResult_reg[14] | CK ^        |         |       |   0.514 |    0.270 | 
     | datapath/EXMEM_aluResult_reg[14] | CK ^ -> Q v | DFFR_X1 | 0.289 |   0.803 |    0.559 | 
     | datapath/MEMWB_aluResult_reg[14] | D v         | DFFR_X1 | 0.000 |   0.803 |    0.559 | 
     +---------------------------------------------------------------------------------------+ 
Path 18: MET Hold Check with Pin datapath/MEMWB_aluResult_reg[13]/CK 
Endpoint:   datapath/MEMWB_aluResult_reg[13]/D (v) checked with  leading edge 
of 'clk'
Beginpoint: datapath/EXMEM_aluResult_reg[13]/Q (v) triggered by  leading edge 
of 'clk'
Path Groups: {reg2reg}
Analysis View: RPT_SLOW
Other End Arrival Time          0.517
+ Hold                          0.024
+ Phase Shift                   0.000
- CPPR Adjustment               0.000
+ Uncertainty                   0.020
= Required Time                 0.561
  Arrival Time                  0.805
  Slack Time                    0.244
     Clock Rise Edge                 0.000
     + Clock Network Latency (Prop)  0.516
     = Beginpoint Arrival Time       0.516
     +---------------------------------------------------------------------------------------+ 
     |             Instance             |     Arc     |  Cell   | Delay | Arrival | Required | 
     |                                  |             |         |       |  Time   |   Time   | 
     |----------------------------------+-------------+---------+-------+---------+----------| 
     | datapath/EXMEM_aluResult_reg[13] | CK ^        |         |       |   0.516 |    0.272 | 
     | datapath/EXMEM_aluResult_reg[13] | CK ^ -> Q v | DFFR_X1 | 0.289 |   0.805 |    0.561 | 
     | datapath/MEMWB_aluResult_reg[13] | D v         | DFFR_X1 | 0.000 |   0.805 |    0.561 | 
     +---------------------------------------------------------------------------------------+ 
Path 19: MET Hold Check with Pin datapath/MEMWB_aluResult_reg[12]/CK 
Endpoint:   datapath/MEMWB_aluResult_reg[12]/D (v) checked with  leading edge 
of 'clk'
Beginpoint: datapath/EXMEM_aluResult_reg[12]/Q (v) triggered by  leading edge 
of 'clk'
Path Groups: {reg2reg}
Analysis View: RPT_SLOW
Other End Arrival Time          0.517
+ Hold                          0.024
+ Phase Shift                   0.000
- CPPR Adjustment               0.000
+ Uncertainty                   0.020
= Required Time                 0.561
  Arrival Time                  0.805
  Slack Time                    0.244
     Clock Rise Edge                 0.000
     + Clock Network Latency (Prop)  0.516
     = Beginpoint Arrival Time       0.516
     +---------------------------------------------------------------------------------------+ 
     |             Instance             |     Arc     |  Cell   | Delay | Arrival | Required | 
     |                                  |             |         |       |  Time   |   Time   | 
     |----------------------------------+-------------+---------+-------+---------+----------| 
     | datapath/EXMEM_aluResult_reg[12] | CK ^        |         |       |   0.516 |    0.272 | 
     | datapath/EXMEM_aluResult_reg[12] | CK ^ -> Q v | DFFR_X1 | 0.289 |   0.805 |    0.561 | 
     | datapath/MEMWB_aluResult_reg[12] | D v         | DFFR_X1 | 0.000 |   0.805 |    0.561 | 
     +---------------------------------------------------------------------------------------+ 
Path 20: MET Hold Check with Pin datapath/MEMWB_aluResult_reg[23]/CK 
Endpoint:   datapath/MEMWB_aluResult_reg[23]/D (v) checked with  leading edge 
of 'clk'
Beginpoint: datapath/EXMEM_aluResult_reg[23]/Q (v) triggered by  leading edge 
of 'clk'
Path Groups: {reg2reg}
Analysis View: RPT_SLOW
Other End Arrival Time          0.517
+ Hold                          0.024
+ Phase Shift                   0.000
- CPPR Adjustment               0.000
+ Uncertainty                   0.020
= Required Time                 0.561
  Arrival Time                  0.806
  Slack Time                    0.245
     Clock Rise Edge                 0.000
     + Clock Network Latency (Prop)  0.516
     = Beginpoint Arrival Time       0.516
     +---------------------------------------------------------------------------------------+ 
     |             Instance             |     Arc     |  Cell   | Delay | Arrival | Required | 
     |                                  |             |         |       |  Time   |   Time   | 
     |----------------------------------+-------------+---------+-------+---------+----------| 
     | datapath/EXMEM_aluResult_reg[23] | CK ^        |         |       |   0.516 |    0.272 | 
     | datapath/EXMEM_aluResult_reg[23] | CK ^ -> Q v | DFFR_X1 | 0.289 |   0.806 |    0.561 | 
     | datapath/MEMWB_aluResult_reg[23] | D v         | DFFR_X1 | 0.000 |   0.806 |    0.561 | 
     +---------------------------------------------------------------------------------------+ 
Path 21: MET Hold Check with Pin datapath/MEMWB_aluResult_reg[8]/CK 
Endpoint:   datapath/MEMWB_aluResult_reg[8]/D (v) checked with  leading edge of 
'clk'
Beginpoint: datapath/EXMEM_aluResult_reg[8]/Q (v) triggered by  leading edge of 
'clk'
Path Groups: {reg2reg}
Analysis View: RPT_SLOW
Other End Arrival Time          0.523
+ Hold                          0.027
+ Phase Shift                   0.000
- CPPR Adjustment               0.000
+ Uncertainty                   0.020
= Required Time                 0.570
  Arrival Time                  0.815
  Slack Time                    0.245
     Clock Rise Edge                 0.000
     + Clock Network Latency (Prop)  0.523
     = Beginpoint Arrival Time       0.523
     +--------------------------------------------------------------------------------------+ 
     |            Instance             |     Arc     |  Cell   | Delay | Arrival | Required | 
     |                                 |             |         |       |  Time   |   Time   | 
     |---------------------------------+-------------+---------+-------+---------+----------| 
     | datapath/EXMEM_aluResult_reg[8] | CK ^        |         |       |   0.523 |    0.278 | 
     | datapath/EXMEM_aluResult_reg[8] | CK ^ -> Q v | DFFR_X1 | 0.292 |   0.815 |    0.570 | 
     | datapath/MEMWB_aluResult_reg[8] | D v         | DFFR_X1 | 0.000 |   0.815 |    0.570 | 
     +--------------------------------------------------------------------------------------+ 
Path 22: MET Hold Check with Pin datapath/MEMWB_aluResult_reg[6]/CK 
Endpoint:   datapath/MEMWB_aluResult_reg[6]/D (v) checked with  leading edge of 
'clk'
Beginpoint: datapath/EXMEM_aluResult_reg[6]/Q (v) triggered by  leading edge of 
'clk'
Path Groups: {reg2reg}
Analysis View: RPT_SLOW
Other End Arrival Time          0.523
+ Hold                          0.027
+ Phase Shift                   0.000
- CPPR Adjustment               0.000
+ Uncertainty                   0.020
= Required Time                 0.570
  Arrival Time                  0.815
  Slack Time                    0.245
     Clock Rise Edge                 0.000
     + Clock Network Latency (Prop)  0.523
     = Beginpoint Arrival Time       0.523
     +--------------------------------------------------------------------------------------+ 
     |            Instance             |     Arc     |  Cell   | Delay | Arrival | Required | 
     |                                 |             |         |       |  Time   |   Time   | 
     |---------------------------------+-------------+---------+-------+---------+----------| 
     | datapath/EXMEM_aluResult_reg[6] | CK ^        |         |       |   0.523 |    0.278 | 
     | datapath/EXMEM_aluResult_reg[6] | CK ^ -> Q v | DFFR_X1 | 0.292 |   0.815 |    0.570 | 
     | datapath/MEMWB_aluResult_reg[6] | D v         | DFFR_X1 | 0.000 |   0.815 |    0.570 | 
     +--------------------------------------------------------------------------------------+ 
Path 23: MET Hold Check with Pin datapath/MEMWB_aluResult_reg[10]/CK 
Endpoint:   datapath/MEMWB_aluResult_reg[10]/D (v) checked with  leading edge 
of 'clk'
Beginpoint: datapath/EXMEM_aluResult_reg[10]/Q (v) triggered by  leading edge 
of 'clk'
Path Groups: {reg2reg}
Analysis View: RPT_SLOW
Other End Arrival Time          0.516
+ Hold                          0.024
+ Phase Shift                   0.000
- CPPR Adjustment               0.000
+ Uncertainty                   0.020
= Required Time                 0.561
  Arrival Time                  0.806
  Slack Time                    0.245
     Clock Rise Edge                 0.000
     + Clock Network Latency (Prop)  0.516
     = Beginpoint Arrival Time       0.516
     +---------------------------------------------------------------------------------------+ 
     |             Instance             |     Arc     |  Cell   | Delay | Arrival | Required | 
     |                                  |             |         |       |  Time   |   Time   | 
     |----------------------------------+-------------+---------+-------+---------+----------| 
     | datapath/EXMEM_aluResult_reg[10] | CK ^        |         |       |   0.516 |    0.271 | 
     | datapath/EXMEM_aluResult_reg[10] | CK ^ -> Q v | DFFR_X1 | 0.290 |   0.806 |    0.561 | 
     | datapath/MEMWB_aluResult_reg[10] | D v         | DFFR_X1 | 0.000 |   0.806 |    0.561 | 
     +---------------------------------------------------------------------------------------+ 
Path 24: MET Hold Check with Pin datapath/EXMEM_storeData_reg[21]/CK 
Endpoint:   datapath/EXMEM_storeData_reg[21]/D (v) checked with  leading edge 
of 'clk'
Beginpoint: datapath/IDEX_readData2_reg[21]/QN (^) triggered by  leading edge 
of 'clk'
Path Groups: {reg2reg}
Analysis View: RPT_SLOW
Other End Arrival Time          0.514
+ Hold                          0.026
+ Phase Shift                   0.000
- CPPR Adjustment               0.000
+ Uncertainty                   0.020
= Required Time                 0.560
  Arrival Time                  0.807
  Slack Time                    0.246
     Clock Rise Edge                 0.000
     + Clock Network Latency (Prop)  0.514
     = Beginpoint Arrival Time       0.514
     +------------------------------------------------------------------------------------------+ 
     |             Instance             |     Arc      |   Cell    | Delay | Arrival | Required | 
     |                                  |              |           |       |  Time   |   Time   | 
     |----------------------------------+--------------+-----------+-------+---------+----------| 
     | datapath/IDEX_readData2_reg[21]  | CK ^         |           |       |   0.514 |    0.267 | 
     | datapath/IDEX_readData2_reg[21]  | CK ^ -> QN ^ | DFFR_X1   | 0.234 |   0.748 |    0.502 | 
     | datapath/g26452                  | A2 ^ -> ZN v | OAI222_X1 | 0.059 |   0.807 |    0.560 | 
     | datapath/EXMEM_storeData_reg[21] | D v          | DFFR_X1   | 0.000 |   0.807 |    0.560 | 
     +------------------------------------------------------------------------------------------+ 
Path 25: MET Hold Check with Pin datapath/EXMEM_storeData_reg[17]/CK 
Endpoint:   datapath/EXMEM_storeData_reg[17]/D (v) checked with  leading edge 
of 'clk'
Beginpoint: datapath/IDEX_readData2_reg[17]/QN (^) triggered by  leading edge 
of 'clk'
Path Groups: {reg2reg}
Analysis View: RPT_SLOW
Other End Arrival Time          0.518
+ Hold                          0.024
+ Phase Shift                   0.000
- CPPR Adjustment               0.000
+ Uncertainty                   0.020
= Required Time                 0.562
  Arrival Time                  0.809
  Slack Time                    0.247
     Clock Rise Edge                 0.000
     + Clock Network Latency (Prop)  0.518
     = Beginpoint Arrival Time       0.518
     +------------------------------------------------------------------------------------------+ 
     |             Instance             |     Arc      |   Cell    | Delay | Arrival | Required | 
     |                                  |              |           |       |  Time   |   Time   | 
     |----------------------------------+--------------+-----------+-------+---------+----------| 
     | datapath/IDEX_readData2_reg[17]  | CK ^         |           |       |   0.518 |    0.272 | 
     | datapath/IDEX_readData2_reg[17]  | CK ^ -> QN ^ | DFFR_X1   | 0.231 |   0.750 |    0.503 | 
     | datapath/g26451                  | A2 ^ -> ZN v | OAI222_X1 | 0.059 |   0.809 |    0.562 | 
     | datapath/EXMEM_storeData_reg[17] | D v          | DFFR_X1   | 0.000 |   0.809 |    0.562 | 
     +------------------------------------------------------------------------------------------+ 
Path 26: MET Hold Check with Pin datapath/EXMEM_storeData_reg[22]/CK 
Endpoint:   datapath/EXMEM_storeData_reg[22]/D (v) checked with  leading edge 
of 'clk'
Beginpoint: datapath/IDEX_readData2_reg[22]/QN (^) triggered by  leading edge 
of 'clk'
Path Groups: {reg2reg}
Analysis View: RPT_SLOW
Other End Arrival Time          0.518
+ Hold                          0.027
+ Phase Shift                   0.000
- CPPR Adjustment               0.000
+ Uncertainty                   0.020
= Required Time                 0.565
  Arrival Time                  0.812
  Slack Time                    0.247
     Clock Rise Edge                 0.000
     + Clock Network Latency (Prop)  0.514
     = Beginpoint Arrival Time       0.514
     +------------------------------------------------------------------------------------------+ 
     |             Instance             |     Arc      |   Cell    | Delay | Arrival | Required | 
     |                                  |              |           |       |  Time   |   Time   | 
     |----------------------------------+--------------+-----------+-------+---------+----------| 
     | datapath/IDEX_readData2_reg[22]  | CK ^         |           |       |   0.514 |    0.267 | 
     | datapath/IDEX_readData2_reg[22]  | CK ^ -> QN ^ | DFFR_X1   | 0.237 |   0.751 |    0.504 | 
     | datapath/g26453                  | A2 ^ -> ZN v | OAI222_X1 | 0.061 |   0.812 |    0.565 | 
     | datapath/EXMEM_storeData_reg[22] | D v          | DFFR_X1   | 0.000 |   0.812 |    0.565 | 
     +------------------------------------------------------------------------------------------+ 
Path 27: MET Hold Check with Pin datapath/MEMWB_aluResult_reg[11]/CK 
Endpoint:   datapath/MEMWB_aluResult_reg[11]/D (v) checked with  leading edge 
of 'clk'
Beginpoint: datapath/EXMEM_aluResult_reg[11]/Q (v) triggered by  leading edge 
of 'clk'
Path Groups: {reg2reg}
Analysis View: RPT_SLOW
Other End Arrival Time          0.523
+ Hold                          0.027
+ Phase Shift                   0.000
- CPPR Adjustment               0.000
+ Uncertainty                   0.020
= Required Time                 0.570
  Arrival Time                  0.817
  Slack Time                    0.247
     Clock Rise Edge                 0.000
     + Clock Network Latency (Prop)  0.523
     = Beginpoint Arrival Time       0.523
     +---------------------------------------------------------------------------------------+ 
     |             Instance             |     Arc     |  Cell   | Delay | Arrival | Required | 
     |                                  |             |         |       |  Time   |   Time   | 
     |----------------------------------+-------------+---------+-------+---------+----------| 
     | datapath/EXMEM_aluResult_reg[11] | CK ^        |         |       |   0.523 |    0.276 | 
     | datapath/EXMEM_aluResult_reg[11] | CK ^ -> Q v | DFFR_X1 | 0.294 |   0.817 |    0.570 | 
     | datapath/MEMWB_aluResult_reg[11] | D v         | DFFR_X1 | 0.000 |   0.817 |    0.570 | 
     +---------------------------------------------------------------------------------------+ 
Path 28: MET Hold Check with Pin datapath/MEMWB_aluResult_reg[9]/CK 
Endpoint:   datapath/MEMWB_aluResult_reg[9]/D (v) checked with  leading edge of 
'clk'
Beginpoint: datapath/EXMEM_aluResult_reg[9]/Q (v) triggered by  leading edge of 
'clk'
Path Groups: {reg2reg}
Analysis View: RPT_SLOW
Other End Arrival Time          0.523
+ Hold                          0.027
+ Phase Shift                   0.000
- CPPR Adjustment               0.000
+ Uncertainty                   0.020
= Required Time                 0.570
  Arrival Time                  0.817
  Slack Time                    0.247
     Clock Rise Edge                 0.000
     + Clock Network Latency (Prop)  0.523
     = Beginpoint Arrival Time       0.523
     +--------------------------------------------------------------------------------------+ 
     |            Instance             |     Arc     |  Cell   | Delay | Arrival | Required | 
     |                                 |             |         |       |  Time   |   Time   | 
     |---------------------------------+-------------+---------+-------+---------+----------| 
     | datapath/EXMEM_aluResult_reg[9] | CK ^        |         |       |   0.523 |    0.276 | 
     | datapath/EXMEM_aluResult_reg[9] | CK ^ -> Q v | DFFR_X1 | 0.294 |   0.817 |    0.570 | 
     | datapath/MEMWB_aluResult_reg[9] | D v         | DFFR_X1 | 0.000 |   0.817 |    0.570 | 
     +--------------------------------------------------------------------------------------+ 
Path 29: MET Hold Check with Pin datapath/EXMEM_storeData_reg[20]/CK 
Endpoint:   datapath/EXMEM_storeData_reg[20]/D (v) checked with  leading edge 
of 'clk'
Beginpoint: datapath/IDEX_readData2_reg[20]/QN (^) triggered by  leading edge 
of 'clk'
Path Groups: {reg2reg}
Analysis View: RPT_SLOW
Other End Arrival Time          0.518
+ Hold                          0.027
+ Phase Shift                   0.000
- CPPR Adjustment               0.000
+ Uncertainty                   0.020
= Required Time                 0.565
  Arrival Time                  0.813
  Slack Time                    0.248
     Clock Rise Edge                 0.000
     + Clock Network Latency (Prop)  0.514
     = Beginpoint Arrival Time       0.514
     +------------------------------------------------------------------------------------------+ 
     |             Instance             |     Arc      |   Cell    | Delay | Arrival | Required | 
     |                                  |              |           |       |  Time   |   Time   | 
     |----------------------------------+--------------+-----------+-------+---------+----------| 
     | datapath/IDEX_readData2_reg[20]  | CK ^         |           |       |   0.514 |    0.266 | 
     | datapath/IDEX_readData2_reg[20]  | CK ^ -> QN ^ | DFFR_X1   | 0.238 |   0.752 |    0.504 | 
     | datapath/g26528                  | A2 ^ -> ZN v | OAI222_X1 | 0.061 |   0.813 |    0.565 | 
     | datapath/EXMEM_storeData_reg[20] | D v          | DFFR_X1   | 0.000 |   0.813 |    0.565 | 
     +------------------------------------------------------------------------------------------+ 
Path 30: MET Hold Check with Pin datapath/EXMEM_storeData_reg[19]/CK 
Endpoint:   datapath/EXMEM_storeData_reg[19]/D (v) checked with  leading edge 
of 'clk'
Beginpoint: datapath/IDEX_readData2_reg[19]/QN (^) triggered by  leading edge 
of 'clk'
Path Groups: {reg2reg}
Analysis View: RPT_SLOW
Other End Arrival Time          0.518
+ Hold                          0.027
+ Phase Shift                   0.000
- CPPR Adjustment               0.000
+ Uncertainty                   0.020
= Required Time                 0.565
  Arrival Time                  0.814
  Slack Time                    0.249
     Clock Rise Edge                 0.000
     + Clock Network Latency (Prop)  0.514
     = Beginpoint Arrival Time       0.514
     +------------------------------------------------------------------------------------------+ 
     |             Instance             |     Arc      |   Cell    | Delay | Arrival | Required | 
     |                                  |              |           |       |  Time   |   Time   | 
     |----------------------------------+--------------+-----------+-------+---------+----------| 
     | datapath/IDEX_readData2_reg[19]  | CK ^         |           |       |   0.514 |    0.265 | 
     | datapath/IDEX_readData2_reg[19]  | CK ^ -> QN ^ | DFFR_X1   | 0.239 |   0.753 |    0.504 | 
     | datapath/g26526                  | A2 ^ -> ZN v | OAI222_X1 | 0.061 |   0.814 |    0.565 | 
     | datapath/EXMEM_storeData_reg[19] | D v          | DFFR_X1   | 0.000 |   0.814 |    0.565 | 
     +------------------------------------------------------------------------------------------+ 
Path 31: MET Hold Check with Pin datapath/IF_pc_reg[1]/CK 
Endpoint:   datapath/IF_pc_reg[1]/SI (^) checked with  leading edge of 'clk'
Beginpoint: datapath/IF_pc_reg[1]/Q  (^) triggered by  leading edge of 'clk'
Path Groups: {reg2reg}
Analysis View: RPT_SLOW
Other End Arrival Time          0.511
+ Hold                         -0.007
+ Phase Shift                   0.000
- CPPR Adjustment               0.000
+ Uncertainty                   0.020
= Required Time                 0.524
  Arrival Time                  0.775
  Slack Time                    0.252
     Clock Rise Edge                 0.000
     + Clock Network Latency (Prop)  0.511
     = Beginpoint Arrival Time       0.511
     +-----------------------------------------------------------------------------+ 
     |       Instance        |     Arc     |   Cell   | Delay | Arrival | Required | 
     |                       |             |          |       |  Time   |   Time   | 
     |-----------------------+-------------+----------+-------+---------+----------| 
     | datapath/IF_pc_reg[1] | CK ^        |          |       |   0.511 |    0.259 | 
     | datapath/IF_pc_reg[1] | CK ^ -> Q ^ | SDFFR_X1 | 0.265 |   0.775 |    0.524 | 
     | datapath/IF_pc_reg[1] | SI ^        | SDFFR_X1 | 0.000 |   0.775 |    0.524 | 
     +-----------------------------------------------------------------------------+ 
Path 32: MET Hold Check with Pin datapath/MEMWB_aluResult_reg[5]/CK 
Endpoint:   datapath/MEMWB_aluResult_reg[5]/D (v) checked with  leading edge of 
'clk'
Beginpoint: datapath/EXMEM_aluResult_reg[5]/Q (v) triggered by  leading edge of 
'clk'
Path Groups: {reg2reg}
Analysis View: RPT_SLOW
Other End Arrival Time          0.523
+ Hold                          0.027
+ Phase Shift                   0.000
- CPPR Adjustment               0.000
+ Uncertainty                   0.020
= Required Time                 0.570
  Arrival Time                  0.823
  Slack Time                    0.253
     Clock Rise Edge                 0.000
     + Clock Network Latency (Prop)  0.523
     = Beginpoint Arrival Time       0.523
     +--------------------------------------------------------------------------------------+ 
     |            Instance             |     Arc     |  Cell   | Delay | Arrival | Required | 
     |                                 |             |         |       |  Time   |   Time   | 
     |---------------------------------+-------------+---------+-------+---------+----------| 
     | datapath/EXMEM_aluResult_reg[5] | CK ^        |         |       |   0.523 |    0.270 | 
     | datapath/EXMEM_aluResult_reg[5] | CK ^ -> Q v | DFFR_X1 | 0.300 |   0.823 |    0.570 | 
     | datapath/MEMWB_aluResult_reg[5] | D v         | DFFR_X1 | 0.000 |   0.823 |    0.570 | 
     +--------------------------------------------------------------------------------------+ 
Path 33: MET Hold Check with Pin datapath/EXMEM_memRead_reg/CK 
Endpoint:   datapath/EXMEM_memRead_reg/D (v) checked with  leading edge of 'clk'
Beginpoint: datapath/IDEX_memRead_reg/Q  (v) triggered by  leading edge of 'clk'
Path Groups: {reg2reg}
Analysis View: RPT_SLOW
Other End Arrival Time          0.511
+ Hold                          0.026
+ Phase Shift                   0.000
- CPPR Adjustment               0.000
+ Uncertainty                   0.020
= Required Time                 0.556
  Arrival Time                  0.809
  Slack Time                    0.253
     Clock Rise Edge                 0.000
     + Clock Network Latency (Prop)  0.511
     = Beginpoint Arrival Time       0.511
     +---------------------------------------------------------------------------------+ 
     |          Instance          |     Arc     |  Cell   | Delay | Arrival | Required | 
     |                            |             |         |       |  Time   |   Time   | 
     |----------------------------+-------------+---------+-------+---------+----------| 
     | datapath/IDEX_memRead_reg  | CK ^        |         |       |   0.511 |    0.258 | 
     | datapath/IDEX_memRead_reg  | CK ^ -> Q v | DFFR_X1 | 0.299 |   0.809 |    0.556 | 
     | datapath/EXMEM_memRead_reg | D v         | DFFR_X1 | 0.000 |   0.809 |    0.556 | 
     +---------------------------------------------------------------------------------+ 
Path 34: MET Hold Check with Pin datapath/registers_RF_reg[10][22]/CK 
Endpoint:   datapath/registers_RF_reg[10][22]/SI (^) checked with  leading edge 
of 'clk'
Beginpoint: datapath/registers_RF_reg[10][22]/Q  (^) triggered by  leading edge 
of 'clk'
Path Groups: {reg2reg}
Analysis View: RPT_SLOW
Other End Arrival Time          0.515
+ Hold                         -0.009
+ Phase Shift                   0.000
- CPPR Adjustment               0.000
+ Uncertainty                   0.020
= Required Time                 0.526
  Arrival Time                  0.780
  Slack Time                    0.253
     Clock Rise Edge                 0.000
     + Clock Network Latency (Prop)  0.515
     = Beginpoint Arrival Time       0.515
     +-----------------------------------------------------------------------------------------+ 
     |             Instance              |     Arc     |   Cell   | Delay | Arrival | Required | 
     |                                   |             |          |       |  Time   |   Time   | 
     |-----------------------------------+-------------+----------+-------+---------+----------| 
     | datapath/registers_RF_reg[10][22] | CK ^        |          |       |   0.515 |    0.262 | 
     | datapath/registers_RF_reg[10][22] | CK ^ -> Q ^ | SDFFR_X1 | 0.265 |   0.780 |    0.526 | 
     | datapath/registers_RF_reg[10][22] | SI ^        | SDFFR_X1 | 0.000 |   0.780 |    0.526 | 
     +-----------------------------------------------------------------------------------------+ 
Path 35: MET Hold Check with Pin datapath/MEMWB_memToReg_reg/CK 
Endpoint:   datapath/MEMWB_memToReg_reg/D (v) checked with  leading edge of 
'clk'
Beginpoint: datapath/EXMEM_memRead_reg/Q  (v) triggered by  leading edge of 
'clk'
Path Groups: {reg2reg}
Analysis View: RPT_SLOW
Other End Arrival Time          0.511
+ Hold                          0.026
+ Phase Shift                   0.000
- CPPR Adjustment               0.000
+ Uncertainty                   0.020
= Required Time                 0.556
  Arrival Time                  0.809
  Slack Time                    0.253
     Clock Rise Edge                 0.000
     + Clock Network Latency (Prop)  0.510
     = Beginpoint Arrival Time       0.510
     +----------------------------------------------------------------------------------+ 
     |          Instance           |     Arc     |  Cell   | Delay | Arrival | Required | 
     |                             |             |         |       |  Time   |   Time   | 
     |-----------------------------+-------------+---------+-------+---------+----------| 
     | datapath/EXMEM_memRead_reg  | CK ^        |         |       |   0.510 |    0.257 | 
     | datapath/EXMEM_memRead_reg  | CK ^ -> Q v | DFFR_X1 | 0.299 |   0.809 |    0.556 | 
     | datapath/MEMWB_memToReg_reg | D v         | DFFR_X1 | 0.000 |   0.809 |    0.556 | 
     +----------------------------------------------------------------------------------+ 
Path 36: MET Hold Check with Pin datapath/MEMWB_aluResult_reg[22]/CK 
Endpoint:   datapath/MEMWB_aluResult_reg[22]/D (v) checked with  leading edge 
of 'clk'
Beginpoint: datapath/EXMEM_aluResult_reg[22]/Q (v) triggered by  leading edge 
of 'clk'
Path Groups: {reg2reg}
Analysis View: RPT_SLOW
Other End Arrival Time          0.509
+ Hold                          0.023
+ Phase Shift                   0.000
- CPPR Adjustment               0.000
+ Uncertainty                   0.020
= Required Time                 0.553
  Arrival Time                  0.806
  Slack Time                    0.253
     Clock Rise Edge                 0.000
     + Clock Network Latency (Prop)  0.514
     = Beginpoint Arrival Time       0.514
     +---------------------------------------------------------------------------------------+ 
     |             Instance             |     Arc     |  Cell   | Delay | Arrival | Required | 
     |                                  |             |         |       |  Time   |   Time   | 
     |----------------------------------+-------------+---------+-------+---------+----------| 
     | datapath/EXMEM_aluResult_reg[22] | CK ^        |         |       |   0.514 |    0.261 | 
     | datapath/EXMEM_aluResult_reg[22] | CK ^ -> Q v | DFFR_X1 | 0.292 |   0.806 |    0.553 | 
     | datapath/MEMWB_aluResult_reg[22] | D v         | DFFR_X1 | 0.000 |   0.806 |    0.553 | 
     +---------------------------------------------------------------------------------------+ 
Path 37: MET Hold Check with Pin datapath/registers_RF_reg[16][18]/CK 
Endpoint:   datapath/registers_RF_reg[16][18]/SI (^) checked with  leading edge 
of 'clk'
Beginpoint: datapath/registers_RF_reg[16][18]/Q  (^) triggered by  leading edge 
of 'clk'
Path Groups: {reg2reg}
Analysis View: RPT_SLOW
Other End Arrival Time          0.493
+ Hold                         -0.007
+ Phase Shift                   0.000
- CPPR Adjustment               0.000
+ Uncertainty                   0.020
= Required Time                 0.506
  Arrival Time                  0.759
  Slack Time                    0.253
     Clock Rise Edge                 0.000
     + Clock Network Latency (Prop)  0.492
     = Beginpoint Arrival Time       0.492
     +-----------------------------------------------------------------------------------------+ 
     |             Instance              |     Arc     |   Cell   | Delay | Arrival | Required | 
     |                                   |             |          |       |  Time   |   Time   | 
     |-----------------------------------+-------------+----------+-------+---------+----------| 
     | datapath/registers_RF_reg[16][18] | CK ^        |          |       |   0.492 |    0.239 | 
     | datapath/registers_RF_reg[16][18] | CK ^ -> Q ^ | SDFFR_X1 | 0.267 |   0.759 |    0.506 | 
     | datapath/registers_RF_reg[16][18] | SI ^        | SDFFR_X1 | 0.000 |   0.759 |    0.506 | 
     +-----------------------------------------------------------------------------------------+ 
Path 38: MET Hold Check with Pin datapath/registers_RF_reg[16][19]/CK 
Endpoint:   datapath/registers_RF_reg[16][19]/SI (^) checked with  leading edge 
of 'clk'
Beginpoint: datapath/registers_RF_reg[16][19]/Q  (^) triggered by  leading edge 
of 'clk'
Path Groups: {reg2reg}
Analysis View: RPT_SLOW
Other End Arrival Time          0.493
+ Hold                         -0.007
+ Phase Shift                   0.000
- CPPR Adjustment               0.000
+ Uncertainty                   0.020
= Required Time                 0.505
  Arrival Time                  0.759
  Slack Time                    0.254
     Clock Rise Edge                 0.000
     + Clock Network Latency (Prop)  0.492
     = Beginpoint Arrival Time       0.492
     +-----------------------------------------------------------------------------------------+ 
     |             Instance              |     Arc     |   Cell   | Delay | Arrival | Required | 
     |                                   |             |          |       |  Time   |   Time   | 
     |-----------------------------------+-------------+----------+-------+---------+----------| 
     | datapath/registers_RF_reg[16][19] | CK ^        |          |       |   0.492 |    0.238 | 
     | datapath/registers_RF_reg[16][19] | CK ^ -> Q ^ | SDFFR_X1 | 0.267 |   0.759 |    0.505 | 
     | datapath/registers_RF_reg[16][19] | SI ^        | SDFFR_X1 | 0.000 |   0.759 |    0.505 | 
     +-----------------------------------------------------------------------------------------+ 
Path 39: MET Hold Check with Pin datapath/registers_RF_reg[16][23]/CK 
Endpoint:   datapath/registers_RF_reg[16][23]/SI (^) checked with  leading edge 
of 'clk'
Beginpoint: datapath/registers_RF_reg[16][23]/Q  (^) triggered by  leading edge 
of 'clk'
Path Groups: {reg2reg}
Analysis View: RPT_SLOW
Other End Arrival Time          0.505
+ Hold                         -0.007
+ Phase Shift                   0.000
- CPPR Adjustment               0.000
+ Uncertainty                   0.020
= Required Time                 0.518
  Arrival Time                  0.772
  Slack Time                    0.254
     Clock Rise Edge                 0.000
     + Clock Network Latency (Prop)  0.504
     = Beginpoint Arrival Time       0.504
     +-----------------------------------------------------------------------------------------+ 
     |             Instance              |     Arc     |   Cell   | Delay | Arrival | Required | 
     |                                   |             |          |       |  Time   |   Time   | 
     |-----------------------------------+-------------+----------+-------+---------+----------| 
     | datapath/registers_RF_reg[16][23] | CK ^        |          |       |   0.504 |    0.251 | 
     | datapath/registers_RF_reg[16][23] | CK ^ -> Q ^ | SDFFR_X1 | 0.267 |   0.772 |    0.518 | 
     | datapath/registers_RF_reg[16][23] | SI ^        | SDFFR_X1 | 0.000 |   0.772 |    0.518 | 
     +-----------------------------------------------------------------------------------------+ 
Path 40: MET Hold Check with Pin datapath/registers_RF_reg[4][0]/CK 
Endpoint:   datapath/registers_RF_reg[4][0]/SI (^) checked with  leading edge 
of 'clk'
Beginpoint: datapath/registers_RF_reg[4][0]/Q  (^) triggered by  leading edge 
of 'clk'
Path Groups: {reg2reg}
Analysis View: RPT_SLOW
Other End Arrival Time          0.495
+ Hold                         -0.007
+ Phase Shift                   0.000
- CPPR Adjustment               0.000
+ Uncertainty                   0.020
= Required Time                 0.508
  Arrival Time                  0.762
  Slack Time                    0.254
     Clock Rise Edge                 0.000
     + Clock Network Latency (Prop)  0.494
     = Beginpoint Arrival Time       0.494
     +---------------------------------------------------------------------------------------+ 
     |            Instance             |     Arc     |   Cell   | Delay | Arrival | Required | 
     |                                 |             |          |       |  Time   |   Time   | 
     |---------------------------------+-------------+----------+-------+---------+----------| 
     | datapath/registers_RF_reg[4][0] | CK ^        |          |       |   0.494 |    0.240 | 
     | datapath/registers_RF_reg[4][0] | CK ^ -> Q ^ | SDFFR_X1 | 0.268 |   0.762 |    0.508 | 
     | datapath/registers_RF_reg[4][0] | SI ^        | SDFFR_X1 | 0.000 |   0.762 |    0.508 | 
     +---------------------------------------------------------------------------------------+ 
Path 41: MET Hold Check with Pin datapath/registers_RF_reg[4][4]/CK 
Endpoint:   datapath/registers_RF_reg[4][4]/SI (^) checked with  leading edge 
of 'clk'
Beginpoint: datapath/registers_RF_reg[4][4]/Q  (^) triggered by  leading edge 
of 'clk'
Path Groups: {reg2reg}
Analysis View: RPT_SLOW
Other End Arrival Time          0.529
+ Hold                         -0.007
+ Phase Shift                   0.000
- CPPR Adjustment               0.000
+ Uncertainty                   0.020
= Required Time                 0.542
  Arrival Time                  0.796
  Slack Time                    0.254
     Clock Rise Edge                 0.000
     + Clock Network Latency (Prop)  0.529
     = Beginpoint Arrival Time       0.529
     +---------------------------------------------------------------------------------------+ 
     |            Instance             |     Arc     |   Cell   | Delay | Arrival | Required | 
     |                                 |             |          |       |  Time   |   Time   | 
     |---------------------------------+-------------+----------+-------+---------+----------| 
     | datapath/registers_RF_reg[4][4] | CK ^        |          |       |   0.529 |    0.275 | 
     | datapath/registers_RF_reg[4][4] | CK ^ -> Q ^ | SDFFR_X1 | 0.267 |   0.796 |    0.542 | 
     | datapath/registers_RF_reg[4][4] | SI ^        | SDFFR_X1 | 0.000 |   0.796 |    0.542 | 
     +---------------------------------------------------------------------------------------+ 
Path 42: MET Hold Check with Pin datapath/registers_RF_reg[16][11]/CK 
Endpoint:   datapath/registers_RF_reg[16][11]/SI (^) checked with  leading edge 
of 'clk'
Beginpoint: datapath/registers_RF_reg[16][11]/Q  (^) triggered by  leading edge 
of 'clk'
Path Groups: {reg2reg}
Analysis View: RPT_SLOW
Other End Arrival Time          0.504
+ Hold                         -0.008
+ Phase Shift                   0.000
- CPPR Adjustment               0.000
+ Uncertainty                   0.020
= Required Time                 0.516
  Arrival Time                  0.770
  Slack Time                    0.254
     Clock Rise Edge                 0.000
     + Clock Network Latency (Prop)  0.504
     = Beginpoint Arrival Time       0.504
     +-----------------------------------------------------------------------------------------+ 
     |             Instance              |     Arc     |   Cell   | Delay | Arrival | Required | 
     |                                   |             |          |       |  Time   |   Time   | 
     |-----------------------------------+-------------+----------+-------+---------+----------| 
     | datapath/registers_RF_reg[16][11] | CK ^        |          |       |   0.504 |    0.250 | 
     | datapath/registers_RF_reg[16][11] | CK ^ -> Q ^ | SDFFR_X1 | 0.266 |   0.770 |    0.516 | 
     | datapath/registers_RF_reg[16][11] | SI ^        | SDFFR_X1 | 0.000 |   0.770 |    0.516 | 
     +-----------------------------------------------------------------------------------------+ 
Path 43: MET Hold Check with Pin datapath/registers_RF_reg[8][12]/CK 
Endpoint:   datapath/registers_RF_reg[8][12]/SI (^) checked with  leading edge 
of 'clk'
Beginpoint: datapath/registers_RF_reg[8][12]/Q  (^) triggered by  leading edge 
of 'clk'
Path Groups: {reg2reg}
Analysis View: RPT_SLOW
Other End Arrival Time          0.528
+ Hold                         -0.007
+ Phase Shift                   0.000
- CPPR Adjustment               0.000
+ Uncertainty                   0.020
= Required Time                 0.541
  Arrival Time                  0.795
  Slack Time                    0.254
     Clock Rise Edge                 0.000
     + Clock Network Latency (Prop)  0.528
     = Beginpoint Arrival Time       0.528
     +----------------------------------------------------------------------------------------+ 
     |             Instance             |     Arc     |   Cell   | Delay | Arrival | Required | 
     |                                  |             |          |       |  Time   |   Time   | 
     |----------------------------------+-------------+----------+-------+---------+----------| 
     | datapath/registers_RF_reg[8][12] | CK ^        |          |       |   0.528 |    0.274 | 
     | datapath/registers_RF_reg[8][12] | CK ^ -> Q ^ | SDFFR_X1 | 0.267 |   0.795 |    0.541 | 
     | datapath/registers_RF_reg[8][12] | SI ^        | SDFFR_X1 | 0.000 |   0.795 |    0.541 | 
     +----------------------------------------------------------------------------------------+ 
Path 44: MET Hold Check with Pin datapath/registers_RF_reg[14][7]/CK 
Endpoint:   datapath/registers_RF_reg[14][7]/SI (^) checked with  leading edge 
of 'clk'
Beginpoint: datapath/registers_RF_reg[14][7]/Q  (^) triggered by  leading edge 
of 'clk'
Path Groups: {reg2reg}
Analysis View: RPT_SLOW
Other End Arrival Time          0.526
+ Hold                         -0.008
+ Phase Shift                   0.000
- CPPR Adjustment               0.000
+ Uncertainty                   0.020
= Required Time                 0.539
  Arrival Time                  0.793
  Slack Time                    0.254
     Clock Rise Edge                 0.000
     + Clock Network Latency (Prop)  0.526
     = Beginpoint Arrival Time       0.526
     +----------------------------------------------------------------------------------------+ 
     |             Instance             |     Arc     |   Cell   | Delay | Arrival | Required | 
     |                                  |             |          |       |  Time   |   Time   | 
     |----------------------------------+-------------+----------+-------+---------+----------| 
     | datapath/registers_RF_reg[14][7] | CK ^        |          |       |   0.526 |    0.272 | 
     | datapath/registers_RF_reg[14][7] | CK ^ -> Q ^ | SDFFR_X1 | 0.266 |   0.793 |    0.539 | 
     | datapath/registers_RF_reg[14][7] | SI ^        | SDFFR_X1 | 0.000 |   0.793 |    0.539 | 
     +----------------------------------------------------------------------------------------+ 
Path 45: MET Hold Check with Pin datapath/registers_RF_reg[12][31]/CK 
Endpoint:   datapath/registers_RF_reg[12][31]/SI (^) checked with  leading edge 
of 'clk'
Beginpoint: datapath/registers_RF_reg[12][31]/Q  (^) triggered by  leading edge 
of 'clk'
Path Groups: {reg2reg}
Analysis View: RPT_SLOW
Other End Arrival Time          0.528
+ Hold                         -0.008
+ Phase Shift                   0.000
- CPPR Adjustment               0.000
+ Uncertainty                   0.020
= Required Time                 0.540
  Arrival Time                  0.794
  Slack Time                    0.254
     Clock Rise Edge                 0.000
     + Clock Network Latency (Prop)  0.527
     = Beginpoint Arrival Time       0.527
     +-----------------------------------------------------------------------------------------+ 
     |             Instance              |     Arc     |   Cell   | Delay | Arrival | Required | 
     |                                   |             |          |       |  Time   |   Time   | 
     |-----------------------------------+-------------+----------+-------+---------+----------| 
     | datapath/registers_RF_reg[12][31] | CK ^        |          |       |   0.527 |    0.273 | 
     | datapath/registers_RF_reg[12][31] | CK ^ -> Q ^ | SDFFR_X1 | 0.267 |   0.794 |    0.540 | 
     | datapath/registers_RF_reg[12][31] | SI ^        | SDFFR_X1 | 0.000 |   0.794 |    0.540 | 
     +-----------------------------------------------------------------------------------------+ 
Path 46: MET Hold Check with Pin datapath/registers_RF_reg[8][31]/CK 
Endpoint:   datapath/registers_RF_reg[8][31]/SI (^) checked with  leading edge 
of 'clk'
Beginpoint: datapath/registers_RF_reg[8][31]/Q  (^) triggered by  leading edge 
of 'clk'
Path Groups: {reg2reg}
Analysis View: RPT_SLOW
Other End Arrival Time          0.528
+ Hold                         -0.008
+ Phase Shift                   0.000
- CPPR Adjustment               0.000
+ Uncertainty                   0.020
= Required Time                 0.540
  Arrival Time                  0.794
  Slack Time                    0.254
     Clock Rise Edge                 0.000
     + Clock Network Latency (Prop)  0.527
     = Beginpoint Arrival Time       0.527
     +----------------------------------------------------------------------------------------+ 
     |             Instance             |     Arc     |   Cell   | Delay | Arrival | Required | 
     |                                  |             |          |       |  Time   |   Time   | 
     |----------------------------------+-------------+----------+-------+---------+----------| 
     | datapath/registers_RF_reg[8][31] | CK ^        |          |       |   0.527 |    0.273 | 
     | datapath/registers_RF_reg[8][31] | CK ^ -> Q ^ | SDFFR_X1 | 0.267 |   0.794 |    0.540 | 
     | datapath/registers_RF_reg[8][31] | SI ^        | SDFFR_X1 | 0.000 |   0.794 |    0.540 | 
     +----------------------------------------------------------------------------------------+ 
Path 47: MET Hold Check with Pin datapath/registers_RF_reg[6][11]/CK 
Endpoint:   datapath/registers_RF_reg[6][11]/SI (^) checked with  leading edge 
of 'clk'
Beginpoint: datapath/registers_RF_reg[6][11]/Q  (^) triggered by  leading edge 
of 'clk'
Path Groups: {reg2reg}
Analysis View: RPT_SLOW
Other End Arrival Time          0.513
+ Hold                         -0.007
+ Phase Shift                   0.000
- CPPR Adjustment               0.000
+ Uncertainty                   0.020
= Required Time                 0.526
  Arrival Time                  0.781
  Slack Time                    0.254
     Clock Rise Edge                 0.000
     + Clock Network Latency (Prop)  0.513
     = Beginpoint Arrival Time       0.513
     +----------------------------------------------------------------------------------------+ 
     |             Instance             |     Arc     |   Cell   | Delay | Arrival | Required | 
     |                                  |             |          |       |  Time   |   Time   | 
     |----------------------------------+-------------+----------+-------+---------+----------| 
     | datapath/registers_RF_reg[6][11] | CK ^        |          |       |   0.513 |    0.259 | 
     | datapath/registers_RF_reg[6][11] | CK ^ -> Q ^ | SDFFR_X1 | 0.267 |   0.781 |    0.526 | 
     | datapath/registers_RF_reg[6][11] | SI ^        | SDFFR_X1 | 0.000 |   0.781 |    0.526 | 
     +----------------------------------------------------------------------------------------+ 
Path 48: MET Hold Check with Pin datapath/registers_RF_reg[24][9]/CK 
Endpoint:   datapath/registers_RF_reg[24][9]/SI (^) checked with  leading edge 
of 'clk'
Beginpoint: datapath/registers_RF_reg[24][9]/Q  (^) triggered by  leading edge 
of 'clk'
Path Groups: {reg2reg}
Analysis View: RPT_SLOW
Other End Arrival Time          0.495
+ Hold                         -0.009
+ Phase Shift                   0.000
- CPPR Adjustment               0.000
+ Uncertainty                   0.020
= Required Time                 0.506
  Arrival Time                  0.760
  Slack Time                    0.254
     Clock Rise Edge                 0.000
     + Clock Network Latency (Prop)  0.494
     = Beginpoint Arrival Time       0.494
     +----------------------------------------------------------------------------------------+ 
     |             Instance             |     Arc     |   Cell   | Delay | Arrival | Required | 
     |                                  |             |          |       |  Time   |   Time   | 
     |----------------------------------+-------------+----------+-------+---------+----------| 
     | datapath/registers_RF_reg[24][9] | CK ^        |          |       |   0.494 |    0.240 | 
     | datapath/registers_RF_reg[24][9] | CK ^ -> Q ^ | SDFFR_X1 | 0.266 |   0.760 |    0.506 | 
     | datapath/registers_RF_reg[24][9] | SI ^        | SDFFR_X1 | 0.000 |   0.760 |    0.506 | 
     +----------------------------------------------------------------------------------------+ 
Path 49: MET Hold Check with Pin datapath/registers_RF_reg[24][8]/CK 
Endpoint:   datapath/registers_RF_reg[24][8]/SI (^) checked with  leading edge 
of 'clk'
Beginpoint: datapath/registers_RF_reg[24][8]/Q  (^) triggered by  leading edge 
of 'clk'
Path Groups: {reg2reg}
Analysis View: RPT_SLOW
Other End Arrival Time          0.515
+ Hold                         -0.007
+ Phase Shift                   0.000
- CPPR Adjustment               0.000
+ Uncertainty                   0.020
= Required Time                 0.528
  Arrival Time                  0.782
  Slack Time                    0.254
     Clock Rise Edge                 0.000
     + Clock Network Latency (Prop)  0.515
     = Beginpoint Arrival Time       0.515
     +----------------------------------------------------------------------------------------+ 
     |             Instance             |     Arc     |   Cell   | Delay | Arrival | Required | 
     |                                  |             |          |       |  Time   |   Time   | 
     |----------------------------------+-------------+----------+-------+---------+----------| 
     | datapath/registers_RF_reg[24][8] | CK ^        |          |       |   0.515 |    0.261 | 
     | datapath/registers_RF_reg[24][8] | CK ^ -> Q ^ | SDFFR_X1 | 0.267 |   0.782 |    0.528 | 
     | datapath/registers_RF_reg[24][8] | SI ^        | SDFFR_X1 | 0.000 |   0.782 |    0.528 | 
     +----------------------------------------------------------------------------------------+ 
Path 50: MET Hold Check with Pin datapath/registers_RF_reg[10][7]/CK 
Endpoint:   datapath/registers_RF_reg[10][7]/SI (^) checked with  leading edge 
of 'clk'
Beginpoint: datapath/registers_RF_reg[10][7]/Q  (^) triggered by  leading edge 
of 'clk'
Path Groups: {reg2reg}
Analysis View: RPT_SLOW
Other End Arrival Time          0.529
+ Hold                         -0.007
+ Phase Shift                   0.000
- CPPR Adjustment               0.000
+ Uncertainty                   0.020
= Required Time                 0.542
  Arrival Time                  0.796
  Slack Time                    0.254
     Clock Rise Edge                 0.000
     + Clock Network Latency (Prop)  0.529
     = Beginpoint Arrival Time       0.529
     +----------------------------------------------------------------------------------------+ 
     |             Instance             |     Arc     |   Cell   | Delay | Arrival | Required | 
     |                                  |             |          |       |  Time   |   Time   | 
     |----------------------------------+-------------+----------+-------+---------+----------| 
     | datapath/registers_RF_reg[10][7] | CK ^        |          |       |   0.529 |    0.275 | 
     | datapath/registers_RF_reg[10][7] | CK ^ -> Q ^ | SDFFR_X1 | 0.267 |   0.796 |    0.542 | 
     | datapath/registers_RF_reg[10][7] | SI ^        | SDFFR_X1 | 0.000 |   0.796 |    0.542 | 
     +----------------------------------------------------------------------------------------+ 

