    Hinst Name                               Module Name              Inst Count           Total Area
--------------------------------------------------------------------------------------------------
pipelined_cpu_core                                                          5177            13444.970
  ALU_forward                                alu_fwd_unit                    104              120.764
  branch_forward                             branch_fwd_unit                  35               48.678
  datapath                                   pipelined_cpu_datapath         4959            13188.546
    datapath/ALU_ALU_GEN[0].slice_i_bitAdder full_adder_95_967                 8               11.172
    datapath/ALU_ALU_GEN[0].slice_i_resultMux mux_4x1_N1                        7                7.714
    datapath/ALU_ALU_GEN[10].slice_i_bitAdder full_adder_95_978                 6               10.640
    datapath/ALU_ALU_GEN[10].slice_i_resultMux mux_4x1_N1_31_485                 4                3.990
    datapath/ALU_ALU_GEN[11].slice_i_bitAdder full_adder_95_979                 6               10.640
    datapath/ALU_ALU_GEN[11].slice_i_resultMux mux_4x1_N1_31_486                 3                3.458
    datapath/ALU_ALU_GEN[12].slice_i_bitAdder full_adder_95_980                 6               10.640
    datapath/ALU_ALU_GEN[12].slice_i_resultMux mux_4x1_N1_31_487                 4                3.990
    datapath/ALU_ALU_GEN[13].slice_i_bitAdder full_adder_95_981                 6               10.640
    datapath/ALU_ALU_GEN[13].slice_i_resultMux mux_4x1_N1_31_488                 4                3.990
    datapath/ALU_ALU_GEN[14].slice_i_bitAdder full_adder_95_982                 6               10.640
    datapath/ALU_ALU_GEN[14].slice_i_resultMux mux_4x1_N1_31_489                 3                3.458
    datapath/ALU_ALU_GEN[15].slice_i_bitAdder full_adder_95_983                 6               10.640
    datapath/ALU_ALU_GEN[15].slice_i_resultMux mux_4x1_N1_31_490                 3                3.458
    datapath/ALU_ALU_GEN[16].slice_i_bitAdder full_adder_95_984                 6               10.640
    datapath/ALU_ALU_GEN[16].slice_i_resultMux mux_4x1_N1_31_491                 4                3.990
    datapath/ALU_ALU_GEN[17].slice_i_bitAdder full_adder_95_985                 6               10.640
    datapath/ALU_ALU_GEN[17].slice_i_resultMux mux_4x1_N1_31_492                 4                3.990
    datapath/ALU_ALU_GEN[18].slice_i_bitAdder full_adder_95_986                 6               10.640
    datapath/ALU_ALU_GEN[18].slice_i_resultMux mux_4x1_N1_31_493                 3                3.458
    datapath/ALU_ALU_GEN[19].slice_i_bitAdder full_adder_95_987                 6               10.640
    datapath/ALU_ALU_GEN[19].slice_i_resultMux mux_4x1_N1_31_494                 4                3.990
    datapath/ALU_ALU_GEN[1].slice_i_bitAdder full_adder_95_969                 5               10.374
    datapath/ALU_ALU_GEN[1].slice_i_resultMux mux_4x1_N1_31_476                 4                5.054
    datapath/ALU_ALU_GEN[20].slice_i_bitAdder full_adder_95_988                 6               10.640
    datapath/ALU_ALU_GEN[20].slice_i_resultMux mux_4x1_N1_31_495                 4                3.990
    datapath/ALU_ALU_GEN[21].slice_i_bitAdder full_adder_95_989                 6               10.640
    datapath/ALU_ALU_GEN[21].slice_i_resultMux mux_4x1_N1_31_496                 4                3.990
    datapath/ALU_ALU_GEN[22].slice_i_bitAdder full_adder_95_990                 6               10.640
    datapath/ALU_ALU_GEN[22].slice_i_resultMux mux_4x1_N1_31_497                 4                3.990
    datapath/ALU_ALU_GEN[23].slice_i_bitAdder full_adder_95_991                 6               10.640
    datapath/ALU_ALU_GEN[23].slice_i_resultMux mux_4x1_N1_31_498                 4                3.990
    datapath/ALU_ALU_GEN[24].slice_i_bitAdder full_adder_95_992                 6               10.640
    datapath/ALU_ALU_GEN[24].slice_i_resultMux mux_4x1_N1_31_499                 4                3.990
    datapath/ALU_ALU_GEN[25].slice_i_bitAdder full_adder_95_993                 6               10.640
    datapath/ALU_ALU_GEN[25].slice_i_resultMux mux_4x1_N1_31_500                 4                3.990
    datapath/ALU_ALU_GEN[26].slice_i_bitAdder full_adder_95_994                 6               10.640
    datapath/ALU_ALU_GEN[26].slice_i_resultMux mux_4x1_N1_31_501                 4                3.990
    datapath/ALU_ALU_GEN[27].slice_i_bitAdder full_adder_95_995                 6               10.640
    datapath/ALU_ALU_GEN[27].slice_i_resultMux mux_4x1_N1_31_502                 3                3.458
    datapath/ALU_ALU_GEN[28].slice_i_bitAdder full_adder_95_996                 6               10.640
    datapath/ALU_ALU_GEN[28].slice_i_resultMux mux_4x1_N1_31_503                 5                5.054
    datapath/ALU_ALU_GEN[29].slice_i_bitAdder full_adder_95_997                 6                9.576
    datapath/ALU_ALU_GEN[29].slice_i_resultMux mux_4x1_N1_31_504                 4                3.990
    datapath/ALU_ALU_GEN[2].slice_i_bitAdder full_adder_95_970                 8               12.768
    datapath/ALU_ALU_GEN[2].slice_i_resultMux mux_4x1_N1_31_477                 4                5.054
    datapath/ALU_ALU_GEN[30].slice_i_bitAdder full_adder_95_998                 5                8.512
    datapath/ALU_ALU_GEN[30].slice_i_resultMux mux_4x1_N1_31                     5                5.054
    datapath/ALU_ALU_GEN[3].slice_i_bitAdder full_adder_95_971                 8               11.438
    datapath/ALU_ALU_GEN[3].slice_i_resultMux mux_4x1_N1_31_478                 4                5.054
    datapath/ALU_ALU_GEN[4].slice_i_bitAdder full_adder_95_972                 6               11.172
    datapath/ALU_ALU_GEN[4].slice_i_resultMux mux_4x1_N1_31_479                 4                5.054
    datapath/ALU_ALU_GEN[5].slice_i_bitAdder full_adder_95_973                 7               11.438
    datapath/ALU_ALU_GEN[5].slice_i_resultMux mux_4x1_N1_31_480                 4                3.990
    datapath/ALU_ALU_GEN[6].slice_i_bitAdder full_adder_95_974                 6               11.172
    datapath/ALU_ALU_GEN[6].slice_i_resultMux mux_4x1_N1_31_481                 4                3.990
    datapath/ALU_ALU_GEN[7].slice_i_bitAdder full_adder_95_975                 6               11.172
    datapath/ALU_ALU_GEN[7].slice_i_resultMux mux_4x1_N1_31_482                 4                3.990
    datapath/ALU_ALU_GEN[8].slice_i_bitAdder full_adder_95_976                 8               11.970
    datapath/ALU_ALU_GEN[8].slice_i_resultMux mux_4x1_N1_31_483                 4                3.990
    datapath/ALU_ALU_GEN[9].slice_i_bitAdder full_adder_95_977                 8               11.438
    datapath/ALU_ALU_GEN[9].slice_i_resultMux mux_4x1_N1_31_484                 4                3.990
    datapath/ALU_msb_bitAdder                full_adder_95_968                 6               10.108
    datapath/ALU_msb_resultMux               mux_4x1_N1_1                      5                5.320
    datapath/branch_or_inc_4                 mux_2x1_N32                      42               60.914
    datapath/immediate_generation            imm_gen                         102               90.706
    datapath/pc_plus_4                       ripple_carry_adder_N32           29               76.076
      datapath/pc_plus_4/FA_GEN[10].fa_i     full_adder_31_946                 1                2.660
      datapath/pc_plus_4/FA_GEN[11].fa_i     full_adder_31_947                 1                2.660
      datapath/pc_plus_4/FA_GEN[12].fa_i     full_adder_31_948                 1                2.660
      datapath/pc_plus_4/FA_GEN[13].fa_i     full_adder_31_949                 1                2.660
      datapath/pc_plus_4/FA_GEN[14].fa_i     full_adder_31_950                 1                2.660
      datapath/pc_plus_4/FA_GEN[15].fa_i     full_adder_31_951                 1                2.660
      datapath/pc_plus_4/FA_GEN[16].fa_i     full_adder_31_952                 1                2.660
      datapath/pc_plus_4/FA_GEN[17].fa_i     full_adder_31_953                 1                2.660
      datapath/pc_plus_4/FA_GEN[18].fa_i     full_adder_31_954                 1                2.660
      datapath/pc_plus_4/FA_GEN[19].fa_i     full_adder_31_955                 1                2.660
      datapath/pc_plus_4/FA_GEN[20].fa_i     full_adder_31_956                 1                2.660
      datapath/pc_plus_4/FA_GEN[21].fa_i     full_adder_31_957                 1                2.660
      datapath/pc_plus_4/FA_GEN[22].fa_i     full_adder_31_958                 1                2.660
      datapath/pc_plus_4/FA_GEN[23].fa_i     full_adder_31_959                 1                2.660
      datapath/pc_plus_4/FA_GEN[24].fa_i     full_adder_31_960                 1                2.660
      datapath/pc_plus_4/FA_GEN[25].fa_i     full_adder_31_961                 1                2.660
      datapath/pc_plus_4/FA_GEN[26].fa_i     full_adder_31_962                 1                2.660
      datapath/pc_plus_4/FA_GEN[27].fa_i     full_adder_31_963                 1                2.660
      datapath/pc_plus_4/FA_GEN[28].fa_i     full_adder_31_964                 1                2.660
      datapath/pc_plus_4/FA_GEN[29].fa_i     full_adder_31_965                 1                2.660
      datapath/pc_plus_4/FA_GEN[30].fa_i     full_adder_31_966                 1                2.660
      datapath/pc_plus_4/FA_GEN[31].fa_i     full_adder_31                     1                1.596
      datapath/pc_plus_4/FA_GEN[3].fa_i      full_adder_31_939                 1                2.660
      datapath/pc_plus_4/FA_GEN[4].fa_i      full_adder_31_940                 1                2.660
      datapath/pc_plus_4/FA_GEN[5].fa_i      full_adder_31_941                 1                2.660
      datapath/pc_plus_4/FA_GEN[6].fa_i      full_adder_31_942                 1                2.660
      datapath/pc_plus_4/FA_GEN[7].fa_i      full_adder_31_943                 1                2.660
      datapath/pc_plus_4/FA_GEN[8].fa_i      full_adder_31_944                 1                2.660
      datapath/pc_plus_4/FA_GEN[9].fa_i      full_adder_31_945                 1                2.660
    datapath/pc_plus_imm                     ripple_carry_adder_N32_1        185              261.744
      datapath/pc_plus_imm/FA_GEN[10].fa_i   full_adder_95_1008                6                7.980
      datapath/pc_plus_imm/FA_GEN[11].fa_i   full_adder_95_1009                6                8.512
      datapath/pc_plus_imm/FA_GEN[12].fa_i   full_adder_95_1010                6                7.980
      datapath/pc_plus_imm/FA_GEN[13].fa_i   full_adder_95_1011                6                8.512
      datapath/pc_plus_imm/FA_GEN[14].fa_i   full_adder_95_1012                6                7.980
      datapath/pc_plus_imm/FA_GEN[15].fa_i   full_adder_95_1013                6                7.980
      datapath/pc_plus_imm/FA_GEN[16].fa_i   full_adder_95_1014                6                8.512
      datapath/pc_plus_imm/FA_GEN[17].fa_i   full_adder_95_1015                6                9.576
      datapath/pc_plus_imm/FA_GEN[18].fa_i   full_adder_95_1016                6                9.576
      datapath/pc_plus_imm/FA_GEN[19].fa_i   full_adder_95_1017                6               10.640
      datapath/pc_plus_imm/FA_GEN[1].fa_i    full_adder_95_999                 1                2.660
      datapath/pc_plus_imm/FA_GEN[20].fa_i   full_adder_95_1018                6               10.640
      datapath/pc_plus_imm/FA_GEN[21].fa_i   full_adder_95_1019                6               10.640
      datapath/pc_plus_imm/FA_GEN[22].fa_i   full_adder_95_1020                6               10.640
      datapath/pc_plus_imm/FA_GEN[23].fa_i   full_adder_95_1021                6               10.640
      datapath/pc_plus_imm/FA_GEN[24].fa_i   full_adder_95_1022                6                9.576
      datapath/pc_plus_imm/FA_GEN[25].fa_i   full_adder_95_1023                6                8.512
      datapath/pc_plus_imm/FA_GEN[26].fa_i   full_adder_95_1024                6                7.980
      datapath/pc_plus_imm/FA_GEN[27].fa_i   full_adder_95_1025                6                7.980
      datapath/pc_plus_imm/FA_GEN[28].fa_i   full_adder_95_1026                6                7.980
      datapath/pc_plus_imm/FA_GEN[29].fa_i   full_adder_95_1027                6                7.980
      datapath/pc_plus_imm/FA_GEN[2].fa_i    full_adder_95_1000                8                7.980
      datapath/pc_plus_imm/FA_GEN[30].fa_i   full_adder_95_1028                6                7.448
      datapath/pc_plus_imm/FA_GEN[31].fa_i   full_adder_95                     6                5.586
      datapath/pc_plus_imm/FA_GEN[3].fa_i    full_adder_95_1001                8                8.512
      datapath/pc_plus_imm/FA_GEN[4].fa_i    full_adder_95_1002                6                7.182
      datapath/pc_plus_imm/FA_GEN[5].fa_i    full_adder_95_1003                6                8.778
      datapath/pc_plus_imm/FA_GEN[6].fa_i    full_adder_95_1004                6                8.778
      datapath/pc_plus_imm/FA_GEN[7].fa_i    full_adder_95_1005                6                7.980
      datapath/pc_plus_imm/FA_GEN[8].fa_i    full_adder_95_1006                6                9.576
      datapath/pc_plus_imm/FA_GEN[9].fa_i    full_adder_95_1007                6                7.448
