###############################################################
#  Generated by:      Cadence Innovus 23.12-s091_1
#  OS:                Linux x86_64(Host ID nanohub-2907946-1)
#  Generated on:      Tue Aug 11 18:27:23 2026
#  Design:            pipelined_cpu_core
#  Command:           timeDesign -postRoute -hold -expandedViews -outDir cornerReports
###############################################################

------------------------------------------------------------------
          timeDesign Summary
------------------------------------------------------------------

+--------------------+---------+---------+---------+
|     Hold mode      |   all   | reg2reg | default |
+--------------------+---------+---------+---------+
|           WNS (ns):|  0.027  |  0.027  |  0.683  |
|           TNS (ns):|  0.000  |  0.000  |  0.000  |
|    Violating Paths:|    0    |    0    |    0    |
|          All Paths:|  3551   |  3353   |   230   |
+--------------------+---------+---------+---------+
|RPT_SLOW            |  0.211  |  0.211  |  0.683  |
|                    |  0.000  |  0.000  |  0.000  |
|                    |    0    |    0    |    0    |
|                    |  3551   |  3353   |   230   |
+--------------------+---------+---------+---------+
|RPT_TYP             |  0.057  |  0.057  |  1.012  |
|                    |  0.000  |  0.000  |  0.000  |
|                    |    0    |    0    |    0    |
|                    |  3551   |  3353   |   230   |
+--------------------+---------+---------+---------+
|RPT_FAST            |  0.027  |  0.027  |  1.082  |
|                    |  0.000  |  0.000  |  0.000  |
|                    |    0    |    0    |    0    |
|                    |  3551   |  3353   |   230   |
+--------------------+---------+---------+---------+

Density: 69.843%
       (99.996% with Fillers)
------------------------------------------------------------------
