###############################################################
#  Generated by:      Cadence Innovus 23.12-s091_1
#  OS:                Linux x86_64(Host ID nanohub-2907946-1)
#  Generated on:      Tue Aug 11 16:13:58 2026
#  Design:            pipelined_cpu_core
#  Command:           report_timing -late > reports/10_place_timing.rpt
###############################################################
Path 1: VIOLATED Setup Check with Pin datapath/EXMEM_aluResult_reg[0]/CK 
Endpoint:   datapath/EXMEM_aluResult_reg[0]/D (v) checked with  leading edge of 
'clk'
Beginpoint: datapath/MEMWB_memToReg_reg/Q     (^) triggered by  leading edge of 
'clk'
Path Groups: {clk}
Analysis View: WC_VIEW
Other End Arrival Time          0.000
- Setup                         0.130
+ Phase Shift                   4.100
+ CPPR Adjustment               0.000
- Uncertainty                   0.100
= Required Time                 3.870
- Arrival Time                  3.896
= Slack Time                   -0.026
     Clock Rise Edge                 0.000
     + Clock Network Latency (Ideal) -0.072
     = Beginpoint Arrival Time       -0.072
     +------------------------------------------------------------------------------------------------------------+ 
     |                      Instance                      |     Arc      |   Cell    | Delay | Arrival | Required | 
     |                                                    |              |           |       |  Time   |   Time   | 
     |----------------------------------------------------+--------------+-----------+-------+---------+----------| 
     | datapath/MEMWB_memToReg_reg                        | CK ^         |           |       |  -0.072 |   -0.098 | 
     | datapath/MEMWB_memToReg_reg                        | CK ^ -> Q ^  | DFFR_X1   | 0.415 |   0.343 |    0.318 | 
     | datapath/FE_OFC231_n_1340                          | A ^ -> ZN v  | INV_X4    | 0.070 |   0.414 |    0.388 | 
     | datapath/FE_RC_78_0                                | A1 v -> ZN v | OR2_X4    | 0.157 |   0.571 |    0.545 | 
     | datapath/FE_RC_77_0                                | A1 v -> ZN ^ | NAND2_X4  | 0.161 |   0.732 |    0.706 | 
     | datapath/g26772                                    | A ^ -> ZN v  | INV_X2    | 0.032 |   0.764 |    0.738 | 
     | datapath/g26339                                    | B2 v -> ZN ^ | OAI221_X1 | 0.204 |   0.968 |    0.942 | 
     | datapath/FE_OFC274_IDEX_forwardAOut_3              | A ^ -> ZN v  | INV_X1    | 0.071 |   1.039 |    1.013 | 
     | datapath/FE_OFC494_IDEX_forwardAOut_3              | A v -> ZN ^  | INV_X1    | 0.092 |   1.131 |    1.105 | 
     | datapath/ALU_ALU_GEN[3].slice_i_bitAdder/g158__431 | A2 ^ -> ZN v | NAND2_X1  | 0.073 |   1.204 |    1.178 | 
     | 9                                                  |              |           |       |         |          | 
     | datapath/ALU_ALU_GEN[3].slice_i_bitAdder/g153__641 | A2 v -> ZN ^ | NAND2_X4  | 0.069 |   1.273 |    1.247 | 
     | 7                                                  |              |           |       |         |          | 
     | datapath/ALU_ALU_GEN[4].slice_i_bitAdder/g155__280 | A1 ^ -> ZN v | NAND2_X4  | 0.038 |   1.311 |    1.285 | 
     | 2                                                  |              |           |       |         |          | 
     | datapath/ALU_ALU_GEN[4].slice_i_bitAdder/g153__368 | A1 v -> ZN ^ | NAND2_X4  | 0.044 |   1.355 |    1.329 | 
     | 0                                                  |              |           |       |         |          | 
     | datapath/ALU_ALU_GEN[5].slice_i_bitAdder/g155__473 | A1 ^ -> ZN v | NAND2_X4  | 0.036 |   1.391 |    1.365 | 
     | 3                                                  |              |           |       |         |          | 
     | datapath/ALU_ALU_GEN[5].slice_i_bitAdder/g153__511 | A1 v -> ZN ^ | NAND2_X4  | 0.044 |   1.434 |    1.408 | 
     | 5                                                  |              |           |       |         |          | 
     | datapath/ALU_ALU_GEN[6].slice_i_bitAdder/g155__547 | A1 ^ -> ZN v | NAND2_X4  | 0.036 |   1.470 |    1.444 | 
     | 7                                                  |              |           |       |         |          | 
     | datapath/ALU_ALU_GEN[6].slice_i_bitAdder/g153__741 | A1 v -> ZN ^ | NAND2_X4  | 0.043 |   1.513 |    1.487 | 
     | 0                                                  |              |           |       |         |          | 
     | datapath/ALU_ALU_GEN[7].slice_i_bitAdder/g155__161 | A1 ^ -> ZN v | NAND2_X4  | 0.036 |   1.549 |    1.524 | 
     | 7                                                  |              |           |       |         |          | 
     | datapath/ALU_ALU_GEN[7].slice_i_bitAdder/g153__678 | A1 v -> ZN ^ | NAND2_X4  | 0.049 |   1.598 |    1.572 | 
     | 3                                                  |              |           |       |         |          | 
     | datapath/ALU_ALU_GEN[8].slice_i_bitAdder/g155__511 | A1 ^ -> ZN v | NAND2_X4  | 0.038 |   1.636 |    1.610 | 
     | 5                                                  |              |           |       |         |          | 
     | datapath/ALU_ALU_GEN[8].slice_i_bitAdder/g153__613 | A1 v -> ZN ^ | NAND2_X4  | 0.044 |   1.681 |    1.655 | 
     | 1                                                  |              |           |       |         |          | 
     | datapath/ALU_ALU_GEN[9].slice_i_bitAdder/g137__166 | A1 ^ -> ZN v | NAND2_X4  | 0.035 |   1.716 |    1.690 | 
     | 6                                                  |              |           |       |         |          | 
     | datapath/ALU_ALU_GEN[9].slice_i_bitAdder/g135__288 | A1 v -> ZN ^ | NAND2_X4  | 0.046 |   1.762 |    1.736 | 
     | 3                                                  |              |           |       |         |          | 
     | datapath/ALU_ALU_GEN[10].slice_i_bitAdder/g146__84 | A1 ^ -> ZN v | NAND2_X4  | 0.036 |   1.797 |    1.771 | 
     | 28                                                 |              |           |       |         |          | 
     | datapath/ALU_ALU_GEN[10].slice_i_bitAdder/g144__62 | A1 v -> ZN ^ | NAND2_X4  | 0.051 |   1.848 |    1.822 | 
     | 60                                                 |              |           |       |         |          | 
     | datapath/ALU_ALU_GEN[11].slice_i_bitAdder/g155__82 | A1 ^ -> ZN v | NAND2_X4  | 0.038 |   1.887 |    1.861 | 
     | 46                                                 |              |           |       |         |          | 
     | datapath/ALU_ALU_GEN[11].slice_i_bitAdder/g153__17 | A1 v -> ZN ^ | NAND2_X4  | 0.044 |   1.931 |    1.905 | 
     | 05                                                 |              |           |       |         |          | 
     | datapath/ALU_ALU_GEN[12].slice_i_bitAdder/g155__93 | A1 ^ -> ZN v | NAND2_X4  | 0.035 |   1.967 |    1.941 | 
     | 15                                                 |              |           |       |         |          | 
     | datapath/ALU_ALU_GEN[12].slice_i_bitAdder/g153__47 | A1 v -> ZN ^ | NAND2_X4  | 0.048 |   2.014 |    1.988 | 
     | 33                                                 |              |           |       |         |          | 
     | datapath/ALU_ALU_GEN[13].slice_i_bitAdder/g155__23 | A1 ^ -> ZN v | NAND2_X4  | 0.037 |   2.051 |    2.025 | 
     | 98                                                 |              |           |       |         |          | 
     | datapath/ALU_ALU_GEN[13].slice_i_bitAdder/g153__64 | A1 v -> ZN ^ | NAND2_X4  | 0.045 |   2.095 |    2.069 | 
     | 17                                                 |              |           |       |         |          | 
     | datapath/ALU_ALU_GEN[14].slice_i_bitAdder/g155__16 | A1 ^ -> ZN v | NAND2_X4  | 0.035 |   2.131 |    2.105 | 
     | 17                                                 |              |           |       |         |          | 
     | datapath/ALU_ALU_GEN[14].slice_i_bitAdder/g153__67 | A1 v -> ZN ^ | NAND2_X4  | 0.048 |   2.179 |    2.153 | 
     | 83                                                 |              |           |       |         |          | 
     | datapath/ALU_ALU_GEN[15].slice_i_bitAdder/g155__51 | A1 ^ -> ZN v | NAND2_X4  | 0.037 |   2.216 |    2.190 | 
     | 15                                                 |              |           |       |         |          | 
     | datapath/ALU_ALU_GEN[15].slice_i_bitAdder/g153__61 | A1 v -> ZN ^ | NAND2_X4  | 0.052 |   2.267 |    2.241 | 
     | 31                                                 |              |           |       |         |          | 
     | datapath/ALU_ALU_GEN[16].slice_i_bitAdder/g158__16 | A1 ^ -> ZN v | NAND2_X4  | 0.039 |   2.306 |    2.280 | 
     | 66                                                 |              |           |       |         |          | 
     | datapath/ALU_ALU_GEN[16].slice_i_bitAdder/g156__28 | A1 v -> ZN ^ | NAND2_X4  | 0.045 |   2.352 |    2.326 | 
     | 83                                                 |              |           |       |         |          | 
     | datapath/ALU_ALU_GEN[17].slice_i_bitAdder/g155__84 | A1 ^ -> ZN v | NAND2_X4  | 0.035 |   2.387 |    2.361 | 
     | 28                                                 |              |           |       |         |          | 
     | datapath/ALU_ALU_GEN[17].slice_i_bitAdder/g153__62 | A1 v -> ZN ^ | NAND2_X4  | 0.045 |   2.432 |    2.406 | 
     | 60                                                 |              |           |       |         |          | 
     | datapath/ALU_ALU_GEN[18].slice_i_bitAdder/g158__82 | A1 ^ -> ZN v | NAND2_X4  | 0.035 |   2.467 |    2.441 | 
     | 46                                                 |              |           |       |         |          | 
     | datapath/ALU_ALU_GEN[18].slice_i_bitAdder/g156__17 | A1 v -> ZN ^ | NAND2_X4  | 0.045 |   2.512 |    2.487 | 
     | 05                                                 |              |           |       |         |          | 
     | datapath/ALU_ALU_GEN[19].slice_i_bitAdder/g158__93 | A1 ^ -> ZN v | NAND2_X4  | 0.036 |   2.548 |    2.522 | 
     | 15                                                 |              |           |       |         |          | 
     | datapath/ALU_ALU_GEN[19].slice_i_bitAdder/g156__47 | A1 v -> ZN ^ | NAND2_X4  | 0.046 |   2.595 |    2.569 | 
     | 33                                                 |              |           |       |         |          | 
     | datapath/ALU_ALU_GEN[20].slice_i_bitAdder/g158__23 | A1 ^ -> ZN v | NAND2_X4  | 0.036 |   2.631 |    2.605 | 
     | 98                                                 |              |           |       |         |          | 
     | datapath/ALU_ALU_GEN[20].slice_i_bitAdder/g156__64 | A1 v -> ZN ^ | NAND2_X4  | 0.048 |   2.679 |    2.653 | 
     | 17                                                 |              |           |       |         |          | 
     | datapath/ALU_ALU_GEN[21].slice_i_bitAdder/g158__36 | A1 ^ -> ZN v | NAND2_X4  | 0.037 |   2.716 |    2.690 | 
     | 80                                                 |              |           |       |         |          | 
     | datapath/ALU_ALU_GEN[21].slice_i_bitAdder/g156__67 | A1 v -> ZN ^ | NAND2_X4  | 0.045 |   2.761 |    2.735 | 
     | 83                                                 |              |           |       |         |          | 
     | datapath/ALU_ALU_GEN[22].slice_i_bitAdder/g158__51 | A1 ^ -> ZN v | NAND2_X4  | 0.035 |   2.796 |    2.770 | 
     | 15                                                 |              |           |       |         |          | 
     | datapath/ALU_ALU_GEN[22].slice_i_bitAdder/g156__18 | A1 v -> ZN ^ | NAND2_X4  | 0.045 |   2.841 |    2.815 | 
     | 81                                                 |              |           |       |         |          | 
     | datapath/ALU_ALU_GEN[23].slice_i_bitAdder/g158__74 | A1 ^ -> ZN v | NAND2_X4  | 0.035 |   2.876 |    2.850 | 
     | 10                                                 |              |           |       |         |          | 
     | datapath/ALU_ALU_GEN[23].slice_i_bitAdder/g156__16 | A1 v -> ZN ^ | NAND2_X4  | 0.048 |   2.924 |    2.898 | 
     | 66                                                 |              |           |       |         |          | 
     | datapath/ALU_ALU_GEN[24].slice_i_bitAdder/g158__67 | A1 ^ -> ZN v | NAND2_X4  | 0.037 |   2.961 |    2.935 | 
     | 83                                                 |              |           |       |         |          | 
     | datapath/ALU_ALU_GEN[24].slice_i_bitAdder/g156__55 | A1 v -> ZN ^ | NAND2_X4  | 0.047 |   3.008 |    2.982 | 
     | 26                                                 |              |           |       |         |          | 
     | datapath/ALU_ALU_GEN[25].slice_i_bitAdder/g158__18 | A1 ^ -> ZN v | NAND2_X4  | 0.036 |   3.044 |    3.018 | 
     | 81                                                 |              |           |       |         |          | 
     | datapath/ALU_ALU_GEN[25].slice_i_bitAdder/g156__61 | A1 v -> ZN ^ | NAND2_X4  | 0.044 |   3.088 |    3.063 | 
     | 31                                                 |              |           |       |         |          | 
     | datapath/ALU_ALU_GEN[26].slice_i_bitAdder/g158__16 | A1 ^ -> ZN v | NAND2_X4  | 0.035 |   3.124 |    3.098 | 
     | 66                                                 |              |           |       |         |          | 
     | datapath/ALU_ALU_GEN[26].slice_i_bitAdder/g156__23 | A1 v -> ZN ^ | NAND2_X4  | 0.048 |   3.172 |    3.146 | 
     | 46                                                 |              |           |       |         |          | 
     | datapath/ALU_ALU_GEN[27].slice_i_bitAdder/g158__55 | A1 ^ -> ZN v | NAND2_X4  | 0.037 |   3.209 |    3.183 | 
     | 26                                                 |              |           |       |         |          | 
     | datapath/ALU_ALU_GEN[27].slice_i_bitAdder/g156__84 | A1 v -> ZN ^ | NAND2_X4  | 0.048 |   3.257 |    3.231 | 
     | 28                                                 |              |           |       |         |          | 
     | datapath/ALU_ALU_GEN[28].slice_i_bitAdder/g158__51 | A1 ^ -> ZN v | NAND2_X4  | 0.037 |   3.293 |    3.267 | 
     | 15                                                 |              |           |       |         |          | 
     | datapath/ALU_ALU_GEN[28].slice_i_bitAdder/g156__61 | A1 v -> ZN ^ | NAND2_X4  | 0.049 |   3.342 |    3.317 | 
     | 31                                                 |              |           |       |         |          | 
     | datapath/ALU_ALU_GEN[29].slice_i_bitAdder/g158__16 | A1 ^ -> ZN v | NAND2_X4  | 0.037 |   3.380 |    3.354 | 
     | 66                                                 |              |           |       |         |          | 
     | datapath/ALU_ALU_GEN[29].slice_i_bitAdder/g156__28 | A1 v -> ZN ^ | NAND2_X4  | 0.048 |   3.428 |    3.402 | 
     | 83                                                 |              |           |       |         |          | 
     | datapath/ALU_ALU_GEN[30].slice_i_bitAdder/g158__55 | A1 ^ -> ZN v | NAND2_X4  | 0.037 |   3.464 |    3.438 | 
     | 26                                                 |              |           |       |         |          | 
     | datapath/ALU_ALU_GEN[30].slice_i_bitAdder/g156__43 | A1 v -> ZN ^ | NAND2_X4  | 0.046 |   3.511 |    3.485 | 
     | 19                                                 |              |           |       |         |          | 
     | datapath/ALU_msb_bitAdder/g119__1881               | A1 ^ -> ZN v | NAND2_X1  | 0.046 |   3.557 |    3.531 | 
     | datapath/ALU_msb_bitAdder/g117__7098               | A1 v -> ZN ^ | NAND2_X2  | 0.060 |   3.617 |    3.591 | 
     | datapath/FE_OFC485_ALU_msb_msbCout                 | A ^ -> ZN v  | INV_X2    | 0.034 |   3.650 |    3.625 | 
     | datapath/FE_RC_289_0                               | A1 v -> ZN ^ | NAND2_X4  | 0.041 |   3.692 |    3.666 | 
     | datapath/FE_RC_288_0                               | A1 ^ -> ZN v | NAND2_X2  | 0.043 |   3.734 |    3.709 | 
     | datapath/FE_RC_286_0                               | A1 v -> ZN ^ | NAND2_X4  | 0.044 |   3.779 |    3.753 | 
     | datapath/FE_RC_285_0                               | A1 ^ -> ZN v | NAND2_X4  | 0.040 |   3.818 |    3.792 | 
     | datapath/ALU_ALU_GEN[0].slice_i_resultMux/g187__55 | A1 v -> ZN ^ | NAND2_X4  | 0.045 |   3.863 |    3.837 | 
     | 26                                                 |              |           |       |         |          | 
     | datapath/ALU_ALU_GEN[0].slice_i_resultMux/g185__43 | A1 ^ -> ZN v | NAND2_X2  | 0.033 |   3.896 |    3.870 | 
     | 19                                                 |              |           |       |         |          | 
     | datapath/EXMEM_aluResult_reg[0]                    | D v          | DFFR_X1   | 0.000 |   3.896 |    3.870 | 
     +------------------------------------------------------------------------------------------------------------+ 

