###############################################################
#  Generated by:      Cadence Innovus 23.12-s091_1
#  OS:                Linux x86_64(Host ID nanohub-2907946-1)
#  Generated on:      Tue Aug 11 16:16:57 2026
#  Design:            pipelined_cpu_core
#  Command:           report_timing -late  > reports/20_cts_setup.rpt
###############################################################
Path 1: VIOLATED Setup Check with Pin datapath/EXMEM_aluResult_reg[0]/CK 
Endpoint:   datapath/EXMEM_aluResult_reg[0]/D (v) checked with  leading edge of 
'clk'
Beginpoint: datapath/MEMWB_rd_reg[0]/QN       (v) triggered by  leading edge of 
'clk'
Path Groups: {clk}
Analysis View: WC_VIEW
Other End Arrival Time         -0.021
- Setup                         0.133
+ Phase Shift                   4.100
+ CPPR Adjustment               0.000
- Uncertainty                   0.100
= Required Time                 3.846
- Arrival Time                  3.846
= Slack Time                   -0.000
     Clock Rise Edge                 0.000
     + Clock Network Latency (Prop)  -0.076
     = Beginpoint Arrival Time       -0.076
     +-----------------------------------------------------------------------------------------------------------+ 
     |                      Instance                      |     Arc      |   Cell   | Delay | Arrival | Required | 
     |                                                    |              |          |       |  Time   |   Time   | 
     |----------------------------------------------------+--------------+----------+-------+---------+----------| 
     | datapath/MEMWB_rd_reg[0]                           | CK ^         |          |       |  -0.076 |   -0.076 | 
     | datapath/MEMWB_rd_reg[0]                           | CK ^ -> QN v | DFFR_X1  | 0.284 |   0.208 |    0.208 | 
     | datapath/FE_OFC632_n_496                           | A v -> ZN ^  | INV_X4   | 0.074 |   0.282 |    0.282 | 
     | ALU_forward/FE_RC_133_0                            | A1 ^ -> ZN v | NAND2_X1 | 0.039 |   0.321 |    0.321 | 
     | ALU_forward/FE_RC_257_0                            | A1 v -> ZN ^ | NAND2_X1 | 0.045 |   0.366 |    0.366 | 
     | ALU_forward/FE_RC_462_0                            | A4 ^ -> ZN v | NAND4_X1 | 0.087 |   0.453 |    0.453 | 
     | ALU_forward/FE_RC_110_0                            | A v -> ZN ^  | INV_X1   | 0.068 |   0.521 |    0.521 | 
     | ALU_forward/FE_RC_446_0                            | A2 ^ -> ZN v | NAND3_X2 | 0.072 |   0.593 |    0.593 | 
     | ALU_forward/FE_RC_23_0                             | A v -> ZN ^  | INV_X4   | 0.069 |   0.663 |    0.663 | 
     | datapath/g27205                                    | A ^ -> ZN v  | INV_X4   | 0.032 |   0.694 |    0.694 | 
     | datapath/FE_RC_299_0                               | A1 v -> ZN ^ | NAND2_X2 | 0.060 |   0.755 |    0.754 | 
     | datapath/FE_RC_250_0                               | A3 ^ -> ZN v | NAND3_X4 | 0.067 |   0.822 |    0.821 | 
     | datapath/ALU_ALU_GEN[0].slice_i_bitAdder/fopt2     | A v -> ZN ^  | INV_X2   | 0.050 |   0.871 |    0.871 | 
     | datapath/ALU_ALU_GEN[0].slice_i_bitAdder/g221__510 | A1 ^ -> ZN v | NAND2_X2 | 0.034 |   0.905 |    0.905 | 
     | 7                                                  |              |          |       |         |          | 
     | datapath/ALU_ALU_GEN[0].slice_i_bitAdder/g219__547 | A1 v -> ZN ^ | NAND2_X2 | 0.056 |   0.961 |    0.961 | 
     | 7                                                  |              |          |       |         |          | 
     | datapath/ALU_ALU_GEN[0].slice_i_bitAdder/g217__741 | A1 ^ -> ZN v | NAND2_X4 | 0.042 |   1.003 |    1.003 | 
     | 0                                                  |              |          |       |         |          | 
     | datapath/ALU_ALU_GEN[1].slice_i_bitAdder/FE_RC_82_ | A v -> ZN ^  | OAI21_X4 | 0.063 |   1.067 |    1.066 | 
     | 0                                                  |              |          |       |         |          | 
     | datapath/ALU_ALU_GEN[1].slice_i_bitAdder/FE_RC_81_ | A1 ^ -> ZN v | NAND2_X4 | 0.049 |   1.116 |    1.116 | 
     | 0                                                  |              |          |       |         |          | 
     | datapath/ALU_ALU_GEN[2].slice_i_bitAdder/FE_RC_153 | A1 v -> ZN ^ | NAND2_X4 | 0.047 |   1.162 |    1.162 | 
     | _0                                                 |              |          |       |         |          | 
     | datapath/ALU_ALU_GEN[2].slice_i_bitAdder/g156__748 | A1 ^ -> ZN v | NAND2_X4 | 0.036 |   1.198 |    1.198 | 
     | 2                                                  |              |          |       |         |          | 
     | datapath/ALU_ALU_GEN[3].slice_i_bitAdder/g155__239 | A1 v -> ZN ^ | NAND2_X4 | 0.043 |   1.242 |    1.241 | 
     | 8                                                  |              |          |       |         |          | 
     | datapath/ALU_ALU_GEN[3].slice_i_bitAdder/g153__641 | A1 ^ -> ZN v | NAND2_X4 | 0.038 |   1.279 |    1.279 | 
     | 7                                                  |              |          |       |         |          | 
     | datapath/ALU_ALU_GEN[4].slice_i_bitAdder/g155__280 | A1 v -> ZN ^ | NAND2_X4 | 0.045 |   1.324 |    1.324 | 
     | 2                                                  |              |          |       |         |          | 
     | datapath/ALU_ALU_GEN[4].slice_i_bitAdder/g153__368 | A1 ^ -> ZN v | NAND2_X4 | 0.037 |   1.361 |    1.361 | 
     | 0                                                  |              |          |       |         |          | 
     | datapath/ALU_ALU_GEN[5].slice_i_bitAdder/g155__473 | A1 v -> ZN ^ | NAND2_X4 | 0.044 |   1.405 |    1.405 | 
     | 3                                                  |              |          |       |         |          | 
     | datapath/ALU_ALU_GEN[5].slice_i_bitAdder/g153__511 | A1 ^ -> ZN v | NAND2_X4 | 0.036 |   1.441 |    1.440 | 
     | 5                                                  |              |          |       |         |          | 
     | datapath/ALU_ALU_GEN[6].slice_i_bitAdder/g155__547 | A1 v -> ZN ^ | NAND2_X4 | 0.044 |   1.484 |    1.484 | 
     | 7                                                  |              |          |       |         |          | 
     | datapath/ALU_ALU_GEN[6].slice_i_bitAdder/g153__741 | A1 ^ -> ZN v | NAND2_X4 | 0.036 |   1.520 |    1.520 | 
     | 0                                                  |              |          |       |         |          | 
     | datapath/ALU_ALU_GEN[7].slice_i_bitAdder/g155__161 | A1 v -> ZN ^ | NAND2_X4 | 0.044 |   1.564 |    1.564 | 
     | 7                                                  |              |          |       |         |          | 
     | datapath/ALU_ALU_GEN[7].slice_i_bitAdder/g153__678 | A1 ^ -> ZN v | NAND2_X4 | 0.039 |   1.603 |    1.603 | 
     | 3                                                  |              |          |       |         |          | 
     | datapath/ALU_ALU_GEN[8].slice_i_bitAdder/g155__511 | A1 v -> ZN ^ | NAND2_X4 | 0.045 |   1.648 |    1.648 | 
     | 5                                                  |              |          |       |         |          | 
     | datapath/ALU_ALU_GEN[8].slice_i_bitAdder/g153__613 | A1 ^ -> ZN v | NAND2_X4 | 0.036 |   1.684 |    1.684 | 
     | 1                                                  |              |          |       |         |          | 
     | datapath/ALU_ALU_GEN[9].slice_i_bitAdder/g137__166 | A1 v -> ZN ^ | NAND2_X4 | 0.043 |   1.727 |    1.727 | 
     | 6                                                  |              |          |       |         |          | 
     | datapath/ALU_ALU_GEN[9].slice_i_bitAdder/g135__288 | A1 ^ -> ZN v | NAND2_X4 | 0.036 |   1.763 |    1.762 | 
     | 3                                                  |              |          |       |         |          | 
     | datapath/ALU_ALU_GEN[10].slice_i_bitAdder/g146__84 | A1 v -> ZN ^ | NAND2_X4 | 0.043 |   1.806 |    1.805 | 
     | 28                                                 |              |          |       |         |          | 
     | datapath/ALU_ALU_GEN[10].slice_i_bitAdder/g144__62 | A1 ^ -> ZN v | NAND2_X4 | 0.040 |   1.845 |    1.845 | 
     | 60                                                 |              |          |       |         |          | 
     | datapath/ALU_ALU_GEN[11].slice_i_bitAdder/g155__82 | A1 v -> ZN ^ | NAND2_X4 | 0.045 |   1.890 |    1.890 | 
     | 46                                                 |              |          |       |         |          | 
     | datapath/ALU_ALU_GEN[11].slice_i_bitAdder/g153__17 | A1 ^ -> ZN v | NAND2_X4 | 0.036 |   1.926 |    1.925 | 
     | 05                                                 |              |          |       |         |          | 
     | datapath/ALU_ALU_GEN[12].slice_i_bitAdder/g155__93 | A1 v -> ZN ^ | NAND2_X4 | 0.043 |   1.968 |    1.968 | 
     | 15                                                 |              |          |       |         |          | 
     | datapath/ALU_ALU_GEN[12].slice_i_bitAdder/g153__47 | A1 ^ -> ZN v | NAND2_X4 | 0.037 |   2.005 |    2.005 | 
     | 33                                                 |              |          |       |         |          | 
     | datapath/ALU_ALU_GEN[13].slice_i_bitAdder/g155__23 | A1 v -> ZN ^ | NAND2_X4 | 0.044 |   2.049 |    2.049 | 
     | 98                                                 |              |          |       |         |          | 
     | datapath/ALU_ALU_GEN[13].slice_i_bitAdder/g153__64 | A1 ^ -> ZN v | NAND2_X4 | 0.036 |   2.085 |    2.085 | 
     | 17                                                 |              |          |       |         |          | 
     | datapath/ALU_ALU_GEN[14].slice_i_bitAdder/g155__16 | A1 v -> ZN ^ | NAND2_X4 | 0.043 |   2.128 |    2.127 | 
     | 17                                                 |              |          |       |         |          | 
     | datapath/ALU_ALU_GEN[14].slice_i_bitAdder/g153__67 | A1 ^ -> ZN v | NAND2_X4 | 0.036 |   2.164 |    2.163 | 
     | 83                                                 |              |          |       |         |          | 
     | datapath/ALU_ALU_GEN[15].slice_i_bitAdder/g155__51 | A1 v -> ZN ^ | NAND2_X4 | 0.043 |   2.207 |    2.206 | 
     | 15                                                 |              |          |       |         |          | 
     | datapath/ALU_ALU_GEN[15].slice_i_bitAdder/g153__61 | A1 ^ -> ZN v | NAND2_X4 | 0.041 |   2.247 |    2.247 | 
     | 31                                                 |              |          |       |         |          | 
     | datapath/ALU_ALU_GEN[16].slice_i_bitAdder/g158__16 | A1 v -> ZN ^ | NAND2_X4 | 0.046 |   2.293 |    2.293 | 
     | 66                                                 |              |          |       |         |          | 
     | datapath/ALU_ALU_GEN[16].slice_i_bitAdder/g156__28 | A1 ^ -> ZN v | NAND2_X4 | 0.036 |   2.329 |    2.329 | 
     | 83                                                 |              |          |       |         |          | 
     | datapath/ALU_ALU_GEN[17].slice_i_bitAdder/g155__84 | A1 v -> ZN ^ | NAND2_X4 | 0.043 |   2.372 |    2.371 | 
     | 28                                                 |              |          |       |         |          | 
     | datapath/ALU_ALU_GEN[17].slice_i_bitAdder/g153__62 | A1 ^ -> ZN v | NAND2_X4 | 0.036 |   2.408 |    2.407 | 
     | 60                                                 |              |          |       |         |          | 
     | datapath/ALU_ALU_GEN[18].slice_i_bitAdder/g158__82 | A1 v -> ZN ^ | NAND2_X4 | 0.043 |   2.450 |    2.450 | 
     | 46                                                 |              |          |       |         |          | 
     | datapath/ALU_ALU_GEN[18].slice_i_bitAdder/g156__17 | A1 ^ -> ZN v | NAND2_X4 | 0.036 |   2.486 |    2.486 | 
     | 05                                                 |              |          |       |         |          | 
     | datapath/ALU_ALU_GEN[19].slice_i_bitAdder/g158__93 | A1 v -> ZN ^ | NAND2_X4 | 0.043 |   2.529 |    2.529 | 
     | 15                                                 |              |          |       |         |          | 
     | datapath/ALU_ALU_GEN[19].slice_i_bitAdder/g156__47 | A1 ^ -> ZN v | NAND2_X4 | 0.036 |   2.565 |    2.565 | 
     | 33                                                 |              |          |       |         |          | 
     | datapath/ALU_ALU_GEN[20].slice_i_bitAdder/g158__23 | A1 v -> ZN ^ | NAND2_X4 | 0.044 |   2.609 |    2.609 | 
     | 98                                                 |              |          |       |         |          | 
     | datapath/ALU_ALU_GEN[20].slice_i_bitAdder/g156__64 | A1 ^ -> ZN v | NAND2_X4 | 0.039 |   2.649 |    2.648 | 
     | 17                                                 |              |          |       |         |          | 
     | datapath/ALU_ALU_GEN[21].slice_i_bitAdder/g158__36 | A1 v -> ZN ^ | NAND2_X4 | 0.045 |   2.694 |    2.693 | 
     | 80                                                 |              |          |       |         |          | 
     | datapath/ALU_ALU_GEN[21].slice_i_bitAdder/g156__67 | A1 ^ -> ZN v | NAND2_X4 | 0.036 |   2.730 |    2.730 | 
     | 83                                                 |              |          |       |         |          | 
     | datapath/ALU_ALU_GEN[22].slice_i_bitAdder/g158__51 | A1 v -> ZN ^ | NAND2_X4 | 0.043 |   2.772 |    2.772 | 
     | 15                                                 |              |          |       |         |          | 
     | datapath/ALU_ALU_GEN[22].slice_i_bitAdder/g156__18 | A1 ^ -> ZN v | NAND2_X4 | 0.036 |   2.808 |    2.808 | 
     | 81                                                 |              |          |       |         |          | 
     | datapath/ALU_ALU_GEN[23].slice_i_bitAdder/g158__74 | A1 v -> ZN ^ | NAND2_X4 | 0.043 |   2.851 |    2.851 | 
     | 10                                                 |              |          |       |         |          | 
     | datapath/ALU_ALU_GEN[23].slice_i_bitAdder/g156__16 | A1 ^ -> ZN v | NAND2_X4 | 0.037 |   2.889 |    2.889 | 
     | 66                                                 |              |          |       |         |          | 
     | datapath/ALU_ALU_GEN[24].slice_i_bitAdder/g158__67 | A1 v -> ZN ^ | NAND2_X4 | 0.044 |   2.932 |    2.932 | 
     | 83                                                 |              |          |       |         |          | 
     | datapath/ALU_ALU_GEN[24].slice_i_bitAdder/g156__55 | A1 ^ -> ZN v | NAND2_X4 | 0.038 |   2.971 |    2.970 | 
     | 26                                                 |              |          |       |         |          | 
     | datapath/ALU_ALU_GEN[25].slice_i_bitAdder/g158__18 | A1 v -> ZN ^ | NAND2_X4 | 0.044 |   3.014 |    3.014 | 
     | 81                                                 |              |          |       |         |          | 
     | datapath/ALU_ALU_GEN[25].slice_i_bitAdder/g156__61 | A1 ^ -> ZN v | NAND2_X4 | 0.036 |   3.050 |    3.050 | 
     | 31                                                 |              |          |       |         |          | 
     | datapath/ALU_ALU_GEN[26].slice_i_bitAdder/g158__16 | A1 v -> ZN ^ | NAND2_X4 | 0.042 |   3.092 |    3.092 | 
     | 66                                                 |              |          |       |         |          | 
     | datapath/ALU_ALU_GEN[26].slice_i_bitAdder/g156__23 | A1 ^ -> ZN v | NAND2_X4 | 0.036 |   3.128 |    3.128 | 
     | 46                                                 |              |          |       |         |          | 
     | datapath/ALU_ALU_GEN[27].slice_i_bitAdder/g158__55 | A1 v -> ZN ^ | NAND2_X4 | 0.043 |   3.171 |    3.171 | 
     | 26                                                 |              |          |       |         |          | 
     | datapath/ALU_ALU_GEN[27].slice_i_bitAdder/g156__84 | A1 ^ -> ZN v | NAND2_X4 | 0.036 |   3.207 |    3.207 | 
     | 28                                                 |              |          |       |         |          | 
     | datapath/ALU_ALU_GEN[28].slice_i_bitAdder/g158__51 | A1 v -> ZN ^ | NAND2_X4 | 0.043 |   3.250 |    3.250 | 
     | 15                                                 |              |          |       |         |          | 
     | datapath/ALU_ALU_GEN[28].slice_i_bitAdder/g156__61 | A1 ^ -> ZN v | NAND2_X4 | 0.037 |   3.287 |    3.287 | 
     | 31                                                 |              |          |       |         |          | 
     | datapath/ALU_ALU_GEN[29].slice_i_bitAdder/g158__16 | A1 v -> ZN ^ | NAND2_X4 | 0.044 |   3.331 |    3.330 | 
     | 66                                                 |              |          |       |         |          | 
     | datapath/ALU_ALU_GEN[29].slice_i_bitAdder/g156__28 | A1 ^ -> ZN v | NAND2_X4 | 0.036 |   3.366 |    3.366 | 
     | 83                                                 |              |          |       |         |          | 
     | datapath/ALU_ALU_GEN[30].slice_i_bitAdder/g158__55 | A1 v -> ZN ^ | NAND2_X4 | 0.043 |   3.409 |    3.409 | 
     | 26                                                 |              |          |       |         |          | 
     | datapath/ALU_ALU_GEN[30].slice_i_bitAdder/g156__43 | A1 ^ -> ZN v | NAND2_X4 | 0.040 |   3.449 |    3.449 | 
     | 19                                                 |              |          |       |         |          | 
     | datapath/ALU_msb_bitAdder/g118__6131               | A v -> ZN v  | XNOR2_X2 | 0.109 |   3.559 |    3.558 | 
     | datapath/FE_RC_293_0                               | A v -> ZN ^  | INV_X1   | 0.072 |   3.631 |    3.631 | 
     | datapath/FE_OFC709_FE_RN_162_0                     | A ^ -> ZN v  | INV_X1   | 0.045 |   3.676 |    3.676 | 
     | datapath/FE_RC_286_0                               | A2 v -> ZN ^ | NAND2_X4 | 0.053 |   3.729 |    3.728 | 
     | datapath/FE_RC_285_0                               | A1 ^ -> ZN v | NAND2_X4 | 0.039 |   3.768 |    3.768 | 
     | datapath/ALU_ALU_GEN[0].slice_i_resultMux/g187__55 | A1 v -> ZN ^ | NAND2_X4 | 0.044 |   3.812 |    3.811 | 
     | 26                                                 |              |          |       |         |          | 
     | datapath/ALU_ALU_GEN[0].slice_i_resultMux/g185__43 | A1 ^ -> ZN v | NAND2_X2 | 0.034 |   3.846 |    3.846 | 
     | 19                                                 |              |          |       |         |          | 
     | datapath/EXMEM_aluResult_reg[0]                    | D v          | DFFR_X1  | 0.000 |   3.846 |    3.846 | 
     +-----------------------------------------------------------------------------------------------------------+ 

