###############################################################
#  Generated by:      Cadence Innovus 23.12-s091_1
#  OS:                Linux x86_64(Host ID nanohub-2907946-1)
#  Generated on:      Tue Aug 11 16:21:12 2026
#  Design:            pipelined_cpu_core
#  Command:           report_timing -early -view RPT_SLOW -max_paths 50 -nworst 1 > reports/41_hold_slow.rpt
###############################################################
Path 1: MET Hold Check with Pin datapath/MEMWB_rd_reg[0]/CK 
Endpoint:   datapath/MEMWB_rd_reg[0]/D  (v) checked with  leading edge of 'clk'
Beginpoint: datapath/EXMEM_rd_reg[0]/QN (^) triggered by  leading edge of 'clk'
Path Groups: {reg2reg}
Analysis View: RPT_SLOW
Other End Arrival Time          0.433
+ Hold                          0.026
+ Phase Shift                   0.000
- CPPR Adjustment               0.000
+ Uncertainty                   0.020
= Required Time                 0.479
  Arrival Time                  0.688
  Slack Time                    0.209
     Clock Rise Edge                 0.000
     + Clock Network Latency (Prop)  0.313
     = Beginpoint Arrival Time       0.313
     +--------------------------------------------------------------------------------+ 
     |         Instance         |     Arc      |  Cell   | Delay | Arrival | Required | 
     |                          |              |         |       |  Time   |   Time   | 
     |--------------------------+--------------+---------+-------+---------+----------| 
     | datapath/EXMEM_rd_reg[0] | CK ^         |         |       |   0.313 |    0.104 | 
     | datapath/EXMEM_rd_reg[0] | CK ^ -> QN ^ | DFFR_X1 | 0.306 |   0.619 |    0.410 | 
     | datapath/FE_OFC258_n_467 | A ^ -> ZN v  | INV_X1  | 0.069 |   0.688 |    0.479 | 
     | datapath/MEMWB_rd_reg[0] | D v          | DFFR_X1 | 0.000 |   0.688 |    0.479 | 
     +--------------------------------------------------------------------------------+ 
Path 2: MET Hold Check with Pin datapath/IDEX_rd_reg[3]/CK 
Endpoint:   datapath/IDEX_rd_reg[3]/D      (v) checked with  leading edge of 
'clk'
Beginpoint: datapath/IFID_instr_reg[10]/QN (^) triggered by  leading edge of 
'clk'
Path Groups: {reg2reg}
Analysis View: RPT_SLOW
Other End Arrival Time          0.409
+ Hold                          0.025
+ Phase Shift                   0.000
- CPPR Adjustment               0.000
+ Uncertainty                   0.020
= Required Time                 0.454
  Arrival Time                  0.668
  Slack Time                    0.215
     Clock Rise Edge                 0.000
     + Clock Network Latency (Prop)  0.409
     = Beginpoint Arrival Time       0.409
     +-----------------------------------------------------------------------------------+ 
     |          Instance           |     Arc      |  Cell   | Delay | Arrival | Required | 
     |                             |              |         |       |  Time   |   Time   | 
     |-----------------------------+--------------+---------+-------+---------+----------| 
     | datapath/IFID_instr_reg[10] | CK ^         |         |       |   0.409 |    0.194 | 
     | datapath/IFID_instr_reg[10] | CK ^ -> QN ^ | DFFR_X1 | 0.230 |   0.639 |    0.424 | 
     | datapath/g35705             | A2 ^ -> ZN v | NOR2_X1 | 0.029 |   0.668 |    0.454 | 
     | datapath/IDEX_rd_reg[3]     | D v          | DFFR_X1 | 0.000 |   0.668 |    0.454 | 
     +-----------------------------------------------------------------------------------+ 
Path 3: MET Hold Check with Pin datapath/IDEX_rd_reg[2]/CK 
Endpoint:   datapath/IDEX_rd_reg[2]/D     (v) checked with  leading edge of 
'clk'
Beginpoint: datapath/IFID_instr_reg[9]/QN (^) triggered by  leading edge of 
'clk'
Path Groups: {reg2reg}
Analysis View: RPT_SLOW
Other End Arrival Time          0.409
+ Hold                          0.025
+ Phase Shift                   0.000
- CPPR Adjustment               0.000
+ Uncertainty                   0.020
= Required Time                 0.454
  Arrival Time                  0.669
  Slack Time                    0.215
     Clock Rise Edge                 0.000
     + Clock Network Latency (Prop)  0.409
     = Beginpoint Arrival Time       0.409
     +----------------------------------------------------------------------------------+ 
     |          Instance          |     Arc      |  Cell   | Delay | Arrival | Required | 
     |                            |              |         |       |  Time   |   Time   | 
     |----------------------------+--------------+---------+-------+---------+----------| 
     | datapath/IFID_instr_reg[9] | CK ^         |         |       |   0.409 |    0.193 | 
     | datapath/IFID_instr_reg[9] | CK ^ -> QN ^ | DFFR_X1 | 0.231 |   0.640 |    0.425 | 
     | datapath/g35702            | A2 ^ -> ZN v | NOR2_X1 | 0.029 |   0.669 |    0.454 | 
     | datapath/IDEX_rd_reg[2]    | D v          | DFFR_X1 | 0.000 |   0.669 |    0.454 | 
     +----------------------------------------------------------------------------------+ 
Path 4: MET Hold Check with Pin datapath/IDEX_rd_reg[0]/CK 
Endpoint:   datapath/IDEX_rd_reg[0]/D     (v) checked with  leading edge of 
'clk'
Beginpoint: datapath/IFID_instr_reg[7]/QN (^) triggered by  leading edge of 
'clk'
Path Groups: {reg2reg}
Analysis View: RPT_SLOW
Other End Arrival Time          0.529
+ Hold                          0.024
+ Phase Shift                   0.000
- CPPR Adjustment               0.000
+ Uncertainty                   0.020
= Required Time                 0.573
  Arrival Time                  0.789
  Slack Time                    0.216
     Clock Rise Edge                 0.000
     + Clock Network Latency (Prop)  0.528
     = Beginpoint Arrival Time       0.528
     +----------------------------------------------------------------------------------+ 
     |          Instance          |     Arc      |  Cell   | Delay | Arrival | Required | 
     |                            |              |         |       |  Time   |   Time   | 
     |----------------------------+--------------+---------+-------+---------+----------| 
     | datapath/IFID_instr_reg[7] | CK ^         |         |       |   0.528 |    0.312 | 
     | datapath/IFID_instr_reg[7] | CK ^ -> QN ^ | DFFR_X1 | 0.233 |   0.761 |    0.545 | 
     | datapath/g35706            | A2 ^ -> ZN v | NOR2_X1 | 0.028 |   0.789 |    0.573 | 
     | datapath/IDEX_rd_reg[0]    | D v          | DFFR_X1 | 0.000 |   0.789 |    0.573 | 
     +----------------------------------------------------------------------------------+ 
Path 5: MET Hold Check with Pin datapath/EXMEM_storeData_reg[16]/CK 
Endpoint:   datapath/EXMEM_storeData_reg[16]/D (v) checked with  leading edge 
of 'clk'
Beginpoint: datapath/IDEX_readData2_reg[16]/QN (^) triggered by  leading edge 
of 'clk'
Path Groups: {reg2reg}
Analysis View: RPT_SLOW
Other End Arrival Time          0.525
+ Hold                          0.025
+ Phase Shift                   0.000
- CPPR Adjustment               0.000
+ Uncertainty                   0.020
= Required Time                 0.570
  Arrival Time                  0.792
  Slack Time                    0.222
     Clock Rise Edge                 0.000
     + Clock Network Latency (Prop)  0.504
     = Beginpoint Arrival Time       0.504
     +-----------------------------------------------------------------------------------------+ 
     |             Instance             |     Arc      |   Cell   | Delay | Arrival | Required | 
     |                                  |              |          |       |  Time   |   Time   | 
     |----------------------------------+--------------+----------+-------+---------+----------| 
     | datapath/IDEX_readData2_reg[16]  | CK ^         |          |       |   0.504 |    0.282 | 
     | datapath/IDEX_readData2_reg[16]  | CK ^ -> QN ^ | DFFR_X1  | 0.231 |   0.735 |    0.513 | 
     | datapath/g26320                  | B2 ^ -> ZN v | OAI21_X1 | 0.057 |   0.792 |    0.570 | 
     | datapath/EXMEM_storeData_reg[16] | D v          | DFFR_X1  | 0.000 |   0.792 |    0.570 | 
     +-----------------------------------------------------------------------------------------+ 
Path 6: MET Hold Check with Pin datapath/EXMEM_storeData_reg[20]/CK 
Endpoint:   datapath/EXMEM_storeData_reg[20]/D (v) checked with  leading edge 
of 'clk'
Beginpoint: datapath/IDEX_readData2_reg[20]/QN (^) triggered by  leading edge 
of 'clk'
Path Groups: {reg2reg}
Analysis View: RPT_SLOW
Other End Arrival Time          0.525
+ Hold                          0.027
+ Phase Shift                   0.000
- CPPR Adjustment               0.000
+ Uncertainty                   0.020
= Required Time                 0.572
  Arrival Time                  0.795
  Slack Time                    0.223
     Clock Rise Edge                 0.000
     + Clock Network Latency (Prop)  0.502
     = Beginpoint Arrival Time       0.502
     +------------------------------------------------------------------------------------------+ 
     |             Instance             |     Arc      |   Cell    | Delay | Arrival | Required | 
     |                                  |              |           |       |  Time   |   Time   | 
     |----------------------------------+--------------+-----------+-------+---------+----------| 
     | datapath/IDEX_readData2_reg[20]  | CK ^         |           |       |   0.502 |    0.279 | 
     | datapath/IDEX_readData2_reg[20]  | CK ^ -> QN ^ | DFFR_X1   | 0.231 |   0.733 |    0.511 | 
     | datapath/g26263                  | A2 ^ -> ZN v | OAI222_X1 | 0.061 |   0.795 |    0.572 | 
     | datapath/EXMEM_storeData_reg[20] | D v          | DFFR_X1   | 0.000 |   0.795 |    0.572 | 
     +------------------------------------------------------------------------------------------+ 
Path 7: MET Hold Check with Pin datapath/MEMWB_aluResult_reg[11]/CK 
Endpoint:   datapath/MEMWB_aluResult_reg[11]/D (v) checked with  leading edge 
of 'clk'
Beginpoint: datapath/EXMEM_aluResult_reg[11]/Q (v) triggered by  leading edge 
of 'clk'
Path Groups: {reg2reg}
Analysis View: RPT_SLOW
Other End Arrival Time          0.523
+ Hold                          0.023
+ Phase Shift                   0.000
- CPPR Adjustment               0.000
+ Uncertainty                   0.020
= Required Time                 0.566
  Arrival Time                  0.791
  Slack Time                    0.225
     Clock Rise Edge                 0.000
     + Clock Network Latency (Prop)  0.498
     = Beginpoint Arrival Time       0.498
     +---------------------------------------------------------------------------------------+ 
     |             Instance             |     Arc     |  Cell   | Delay | Arrival | Required | 
     |                                  |             |         |       |  Time   |   Time   | 
     |----------------------------------+-------------+---------+-------+---------+----------| 
     | datapath/EXMEM_aluResult_reg[11] | CK ^        |         |       |   0.498 |    0.274 | 
     | datapath/EXMEM_aluResult_reg[11] | CK ^ -> Q v | DFFR_X1 | 0.292 |   0.791 |    0.566 | 
     | datapath/MEMWB_aluResult_reg[11] | D v         | DFFR_X1 | 0.000 |   0.791 |    0.566 | 
     +---------------------------------------------------------------------------------------+ 
Path 8: MET Hold Check with Pin datapath/EXMEM_storeData_reg[18]/CK 
Endpoint:   datapath/EXMEM_storeData_reg[18]/D (v) checked with  leading edge 
of 'clk'
Beginpoint: datapath/IDEX_readData2_reg[18]/QN (^) triggered by  leading edge 
of 'clk'
Path Groups: {reg2reg}
Analysis View: RPT_SLOW
Other End Arrival Time          0.525
+ Hold                          0.026
+ Phase Shift                   0.000
- CPPR Adjustment               0.000
+ Uncertainty                   0.020
= Required Time                 0.572
  Arrival Time                  0.802
  Slack Time                    0.231
     Clock Rise Edge                 0.000
     + Clock Network Latency (Prop)  0.502
     = Beginpoint Arrival Time       0.502
     +------------------------------------------------------------------------------------------+ 
     |             Instance             |     Arc      |   Cell    | Delay | Arrival | Required | 
     |                                  |              |           |       |  Time   |   Time   | 
     |----------------------------------+--------------+-----------+-------+---------+----------| 
     | datapath/IDEX_readData2_reg[18]  | CK ^         |           |       |   0.502 |    0.272 | 
     | datapath/IDEX_readData2_reg[18]  | CK ^ -> QN ^ | DFFR_X1   | 0.236 |   0.739 |    0.508 | 
     | datapath/g26261                  | A2 ^ -> ZN v | OAI222_X1 | 0.064 |   0.802 |    0.572 | 
     | datapath/EXMEM_storeData_reg[18] | D v          | DFFR_X1   | 0.000 |   0.802 |    0.572 | 
     +------------------------------------------------------------------------------------------+ 
Path 9: MET Hold Check with Pin datapath/MEMWB_aluResult_reg[12]/CK 
Endpoint:   datapath/MEMWB_aluResult_reg[12]/D (v) checked with  leading edge 
of 'clk'
Beginpoint: datapath/EXMEM_aluResult_reg[12]/Q (v) triggered by  leading edge 
of 'clk'
Path Groups: {reg2reg}
Analysis View: RPT_SLOW
Other End Arrival Time          0.523
+ Hold                          0.024
+ Phase Shift                   0.000
- CPPR Adjustment               0.000
+ Uncertainty                   0.020
= Required Time                 0.567
  Arrival Time                  0.800
  Slack Time                    0.233
     Clock Rise Edge                 0.000
     + Clock Network Latency (Prop)  0.498
     = Beginpoint Arrival Time       0.498
     +---------------------------------------------------------------------------------------+ 
     |             Instance             |     Arc     |  Cell   | Delay | Arrival | Required | 
     |                                  |             |         |       |  Time   |   Time   | 
     |----------------------------------+-------------+---------+-------+---------+----------| 
     | datapath/EXMEM_aluResult_reg[12] | CK ^        |         |       |   0.498 |    0.265 | 
     | datapath/EXMEM_aluResult_reg[12] | CK ^ -> Q v | DFFR_X1 | 0.302 |   0.800 |    0.567 | 
     | datapath/MEMWB_aluResult_reg[12] | D v         | DFFR_X1 | 0.000 |   0.800 |    0.567 | 
     +---------------------------------------------------------------------------------------+ 
Path 10: MET Hold Check with Pin datapath/EXMEM_storeData_reg[8]/CK 
Endpoint:   datapath/EXMEM_storeData_reg[8]/D (v) checked with  leading edge of 
'clk'
Beginpoint: datapath/IDEX_readData2_reg[8]/QN (^) triggered by  leading edge of 
'clk'
Path Groups: {reg2reg}
Analysis View: RPT_SLOW
Other End Arrival Time          0.520
+ Hold                          0.024
+ Phase Shift                   0.000
- CPPR Adjustment               0.000
+ Uncertainty                   0.020
= Required Time                 0.564
  Arrival Time                  0.799
  Slack Time                    0.235
     Clock Rise Edge                 0.000
     + Clock Network Latency (Prop)  0.493
     = Beginpoint Arrival Time       0.493
     +-----------------------------------------------------------------------------------------+ 
     |            Instance             |     Arc      |   Cell    | Delay | Arrival | Required | 
     |                                 |              |           |       |  Time   |   Time   | 
     |---------------------------------+--------------+-----------+-------+---------+----------| 
     | datapath/IDEX_readData2_reg[8]  | CK ^         |           |       |   0.493 |    0.258 | 
     | datapath/IDEX_readData2_reg[8]  | CK ^ -> QN ^ | DFFR_X1   | 0.244 |   0.736 |    0.501 | 
     | datapath/FE_RC_551_0            | A2 ^ -> ZN v | OAI222_X2 | 0.062 |   0.799 |    0.564 | 
     | datapath/EXMEM_storeData_reg[8] | D v          | DFFR_X1   | 0.000 |   0.799 |    0.564 | 
     +-----------------------------------------------------------------------------------------+ 
Path 11: MET Hold Check with Pin datapath/EXMEM_storeData_reg[9]/CK 
Endpoint:   datapath/EXMEM_storeData_reg[9]/D (v) checked with  leading edge of 
'clk'
Beginpoint: datapath/IDEX_readData2_reg[9]/QN (^) triggered by  leading edge of 
'clk'
Path Groups: {reg2reg}
Analysis View: RPT_SLOW
Other End Arrival Time          0.520
+ Hold                          0.025
+ Phase Shift                   0.000
- CPPR Adjustment               0.000
+ Uncertainty                   0.020
= Required Time                 0.565
  Arrival Time                  0.803
  Slack Time                    0.238
     Clock Rise Edge                 0.000
     + Clock Network Latency (Prop)  0.493
     = Beginpoint Arrival Time       0.493
     +-----------------------------------------------------------------------------------------+ 
     |            Instance             |     Arc      |   Cell    | Delay | Arrival | Required | 
     |                                 |              |           |       |  Time   |   Time   | 
     |---------------------------------+--------------+-----------+-------+---------+----------| 
     | datapath/IDEX_readData2_reg[9]  | CK ^         |           |       |   0.493 |    0.255 | 
     | datapath/IDEX_readData2_reg[9]  | CK ^ -> QN ^ | DFFR_X1   | 0.241 |   0.733 |    0.496 | 
     | datapath/g26269                 | A2 ^ -> ZN v | OAI222_X1 | 0.069 |   0.802 |    0.565 | 
     | datapath/EXMEM_storeData_reg[9] | D v          | DFFR_X1   | 0.000 |   0.803 |    0.565 | 
     +-----------------------------------------------------------------------------------------+ 
Path 12: MET Hold Check with Pin datapath/EXMEM_storeData_reg[23]/CK 
Endpoint:   datapath/EXMEM_storeData_reg[23]/D (v) checked with  leading edge 
of 'clk'
Beginpoint: datapath/IDEX_readData2_reg[23]/QN (^) triggered by  leading edge 
of 'clk'
Path Groups: {reg2reg}
Analysis View: RPT_SLOW
Other End Arrival Time          0.529
+ Hold                          0.027
+ Phase Shift                   0.000
- CPPR Adjustment               0.000
+ Uncertainty                   0.020
= Required Time                 0.576
  Arrival Time                  0.815
  Slack Time                    0.238
     Clock Rise Edge                 0.000
     + Clock Network Latency (Prop)  0.523
     = Beginpoint Arrival Time       0.523
     +------------------------------------------------------------------------------------------+ 
     |             Instance             |     Arc      |   Cell    | Delay | Arrival | Required | 
     |                                  |              |           |       |  Time   |   Time   | 
     |----------------------------------+--------------+-----------+-------+---------+----------| 
     | datapath/IDEX_readData2_reg[23]  | CK ^         |           |       |   0.523 |    0.285 | 
     | datapath/IDEX_readData2_reg[23]  | CK ^ -> QN ^ | DFFR_X1   | 0.231 |   0.754 |    0.516 | 
     | datapath/g26265                  | A2 ^ -> ZN v | OAI222_X1 | 0.060 |   0.815 |    0.576 | 
     | datapath/EXMEM_storeData_reg[23] | D v          | DFFR_X1   | 0.000 |   0.815 |    0.576 | 
     +------------------------------------------------------------------------------------------+ 
Path 13: MET Hold Check with Pin datapath/MEMWB_aluResult_reg[17]/CK 
Endpoint:   datapath/MEMWB_aluResult_reg[17]/D (v) checked with  leading edge 
of 'clk'
Beginpoint: datapath/EXMEM_aluResult_reg[17]/Q (v) triggered by  leading edge 
of 'clk'
Path Groups: {reg2reg}
Analysis View: RPT_SLOW
Other End Arrival Time          0.513
+ Hold                          0.028
+ Phase Shift                   0.000
- CPPR Adjustment               0.000
+ Uncertainty                   0.020
= Required Time                 0.561
  Arrival Time                  0.802
  Slack Time                    0.241
     Clock Rise Edge                 0.000
     + Clock Network Latency (Prop)  0.504
     = Beginpoint Arrival Time       0.504
     +---------------------------------------------------------------------------------------+ 
     |             Instance             |     Arc     |  Cell   | Delay | Arrival | Required | 
     |                                  |             |         |       |  Time   |   Time   | 
     |----------------------------------+-------------+---------+-------+---------+----------| 
     | datapath/EXMEM_aluResult_reg[17] | CK ^        |         |       |   0.504 |    0.263 | 
     | datapath/EXMEM_aluResult_reg[17] | CK ^ -> Q v | DFFR_X1 | 0.298 |   0.802 |    0.561 | 
     | datapath/MEMWB_aluResult_reg[17] | D v         | DFFR_X1 | 0.000 |   0.802 |    0.561 | 
     +---------------------------------------------------------------------------------------+ 
Path 14: MET Hold Check with Pin datapath/MEMWB_aluResult_reg[25]/CK 
Endpoint:   datapath/MEMWB_aluResult_reg[25]/D (v) checked with  leading edge 
of 'clk'
Beginpoint: datapath/EXMEM_aluResult_reg[25]/Q (v) triggered by  leading edge 
of 'clk'
Path Groups: {reg2reg}
Analysis View: RPT_SLOW
Other End Arrival Time          0.529
+ Hold                          0.028
+ Phase Shift                   0.000
- CPPR Adjustment               0.000
+ Uncertainty                   0.020
= Required Time                 0.578
  Arrival Time                  0.819
  Slack Time                    0.242
     Clock Rise Edge                 0.000
     + Clock Network Latency (Prop)  0.501
     = Beginpoint Arrival Time       0.501
     +---------------------------------------------------------------------------------------+ 
     |             Instance             |     Arc     |  Cell   | Delay | Arrival | Required | 
     |                                  |             |         |       |  Time   |   Time   | 
     |----------------------------------+-------------+---------+-------+---------+----------| 
     | datapath/EXMEM_aluResult_reg[25] | CK ^        |         |       |   0.501 |    0.259 | 
     | datapath/EXMEM_aluResult_reg[25] | CK ^ -> Q v | DFFR_X1 | 0.319 |   0.819 |    0.578 | 
     | datapath/MEMWB_aluResult_reg[25] | D v         | DFFR_X1 | 0.000 |   0.819 |    0.578 | 
     +---------------------------------------------------------------------------------------+ 
Path 15: MET Hold Check with Pin datapath/MEMWB_aluResult_reg[29]/CK 
Endpoint:   datapath/MEMWB_aluResult_reg[29]/D (v) checked with  leading edge 
of 'clk'
Beginpoint: datapath/EXMEM_aluResult_reg[29]/Q (v) triggered by  leading edge 
of 'clk'
Path Groups: {reg2reg}
Analysis View: RPT_SLOW
Other End Arrival Time          0.529
+ Hold                          0.029
+ Phase Shift                   0.000
- CPPR Adjustment               0.000
+ Uncertainty                   0.020
= Required Time                 0.578
  Arrival Time                  0.819
  Slack Time                    0.242
     Clock Rise Edge                 0.000
     + Clock Network Latency (Prop)  0.500
     = Beginpoint Arrival Time       0.500
     +---------------------------------------------------------------------------------------+ 
     |             Instance             |     Arc     |  Cell   | Delay | Arrival | Required | 
     |                                  |             |         |       |  Time   |   Time   | 
     |----------------------------------+-------------+---------+-------+---------+----------| 
     | datapath/EXMEM_aluResult_reg[29] | CK ^        |         |       |   0.500 |    0.259 | 
     | datapath/EXMEM_aluResult_reg[29] | CK ^ -> Q v | DFFR_X1 | 0.319 |   0.819 |    0.578 | 
     | datapath/MEMWB_aluResult_reg[29] | D v         | DFFR_X1 | 0.000 |   0.819 |    0.578 | 
     +---------------------------------------------------------------------------------------+ 
Path 16: MET Hold Check with Pin datapath/EXMEM_storeData_reg[17]/CK 
Endpoint:   datapath/EXMEM_storeData_reg[17]/D (v) checked with  leading edge 
of 'clk'
Beginpoint: datapath/IDEX_readData2_reg[17]/QN (^) triggered by  leading edge 
of 'clk'
Path Groups: {reg2reg}
Analysis View: RPT_SLOW
Other End Arrival Time          0.520
+ Hold                          0.023
+ Phase Shift                   0.000
- CPPR Adjustment               0.000
+ Uncertainty                   0.020
= Required Time                 0.563
  Arrival Time                  0.806
  Slack Time                    0.243
     Clock Rise Edge                 0.000
     + Clock Network Latency (Prop)  0.513
     = Beginpoint Arrival Time       0.513
     +-----------------------------------------------------------------------------------------+ 
     |             Instance             |     Arc      |   Cell   | Delay | Arrival | Required | 
     |                                  |              |          |       |  Time   |   Time   | 
     |----------------------------------+--------------+----------+-------+---------+----------| 
     | datapath/IDEX_readData2_reg[17]  | CK ^         |          |       |   0.513 |    0.270 | 
     | datapath/IDEX_readData2_reg[17]  | CK ^ -> QN ^ | DFFR_X1  | 0.235 |   0.747 |    0.504 | 
     | datapath/g26319                  | B2 ^ -> ZN v | OAI21_X1 | 0.059 |   0.806 |    0.563 | 
     | datapath/EXMEM_storeData_reg[17] | D v          | DFFR_X1  | 0.000 |   0.806 |    0.563 | 
     +-----------------------------------------------------------------------------------------+ 
Path 17: MET Hold Check with Pin datapath/MEMWB_aluResult_reg[18]/CK 
Endpoint:   datapath/MEMWB_aluResult_reg[18]/D (v) checked with  leading edge 
of 'clk'
Beginpoint: datapath/EXMEM_aluResult_reg[18]/Q (v) triggered by  leading edge 
of 'clk'
Path Groups: {reg2reg}
Analysis View: RPT_SLOW
Other End Arrival Time          0.499
+ Hold                          0.024
+ Phase Shift                   0.000
- CPPR Adjustment               0.000
+ Uncertainty                   0.020
= Required Time                 0.543
  Arrival Time                  0.786
  Slack Time                    0.244
     Clock Rise Edge                 0.000
     + Clock Network Latency (Prop)  0.498
     = Beginpoint Arrival Time       0.498
     +---------------------------------------------------------------------------------------+ 
     |             Instance             |     Arc     |  Cell   | Delay | Arrival | Required | 
     |                                  |             |         |       |  Time   |   Time   | 
     |----------------------------------+-------------+---------+-------+---------+----------| 
     | datapath/EXMEM_aluResult_reg[18] | CK ^        |         |       |   0.498 |    0.255 | 
     | datapath/EXMEM_aluResult_reg[18] | CK ^ -> Q v | DFFR_X1 | 0.288 |   0.786 |    0.543 | 
     | datapath/MEMWB_aluResult_reg[18] | D v         | DFFR_X1 | 0.000 |   0.786 |    0.543 | 
     +---------------------------------------------------------------------------------------+ 
Path 18: MET Hold Check with Pin datapath/MEMWB_aluResult_reg[31]/CK 
Endpoint:   datapath/MEMWB_aluResult_reg[31]/D (v) checked with  leading edge 
of 'clk'
Beginpoint: datapath/EXMEM_aluResult_reg[31]/Q (v) triggered by  leading edge 
of 'clk'
Path Groups: {reg2reg}
Analysis View: RPT_SLOW
Other End Arrival Time          0.529
+ Hold                          0.029
+ Phase Shift                   0.000
- CPPR Adjustment               0.000
+ Uncertainty                   0.020
= Required Time                 0.578
  Arrival Time                  0.822
  Slack Time                    0.244
     Clock Rise Edge                 0.000
     + Clock Network Latency (Prop)  0.500
     = Beginpoint Arrival Time       0.500
     +---------------------------------------------------------------------------------------+ 
     |             Instance             |     Arc     |  Cell   | Delay | Arrival | Required | 
     |                                  |             |         |       |  Time   |   Time   | 
     |----------------------------------+-------------+---------+-------+---------+----------| 
     | datapath/EXMEM_aluResult_reg[31] | CK ^        |         |       |   0.500 |    0.256 | 
     | datapath/EXMEM_aluResult_reg[31] | CK ^ -> Q v | DFFR_X1 | 0.321 |   0.822 |    0.578 | 
     | datapath/MEMWB_aluResult_reg[31] | D v         | DFFR_X1 | 0.000 |   0.822 |    0.578 | 
     +---------------------------------------------------------------------------------------+ 
Path 19: MET Hold Check with Pin datapath/EXMEM_memWrite_reg/CK 
Endpoint:   datapath/EXMEM_memWrite_reg/D (v) checked with  leading edge of 
'clk'
Beginpoint: datapath/IDEX_memWrite_reg/Q  (v) triggered by  leading edge of 
'clk'
Path Groups: {reg2reg}
Analysis View: RPT_SLOW
Other End Arrival Time          0.529
+ Hold                          0.025
+ Phase Shift                   0.000
- CPPR Adjustment               0.000
+ Uncertainty                   0.020
= Required Time                 0.574
  Arrival Time                  0.818
  Slack Time                    0.244
     Clock Rise Edge                 0.000
     + Clock Network Latency (Prop)  0.528
     = Beginpoint Arrival Time       0.528
     +----------------------------------------------------------------------------------+ 
     |          Instance           |     Arc     |  Cell   | Delay | Arrival | Required | 
     |                             |             |         |       |  Time   |   Time   | 
     |-----------------------------+-------------+---------+-------+---------+----------| 
     | datapath/IDEX_memWrite_reg  | CK ^        |         |       |   0.528 |    0.284 | 
     | datapath/IDEX_memWrite_reg  | CK ^ -> Q v | DFFR_X1 | 0.290 |   0.818 |    0.574 | 
     | datapath/EXMEM_memWrite_reg | D v         | DFFR_X1 | 0.000 |   0.818 |    0.574 | 
     +----------------------------------------------------------------------------------+ 
Path 20: MET Hold Check with Pin datapath/MEMWB_aluResult_reg[21]/CK 
Endpoint:   datapath/MEMWB_aluResult_reg[21]/D (v) checked with  leading edge 
of 'clk'
Beginpoint: datapath/EXMEM_aluResult_reg[21]/Q (v) triggered by  leading edge 
of 'clk'
Path Groups: {reg2reg}
Analysis View: RPT_SLOW
Other End Arrival Time          0.499
+ Hold                          0.024
+ Phase Shift                   0.000
- CPPR Adjustment               0.000
+ Uncertainty                   0.020
= Required Time                 0.543
  Arrival Time                  0.788
  Slack Time                    0.245
     Clock Rise Edge                 0.000
     + Clock Network Latency (Prop)  0.498
     = Beginpoint Arrival Time       0.498
     +---------------------------------------------------------------------------------------+ 
     |             Instance             |     Arc     |  Cell   | Delay | Arrival | Required | 
     |                                  |             |         |       |  Time   |   Time   | 
     |----------------------------------+-------------+---------+-------+---------+----------| 
     | datapath/EXMEM_aluResult_reg[21] | CK ^        |         |       |   0.498 |    0.254 | 
     | datapath/EXMEM_aluResult_reg[21] | CK ^ -> Q v | DFFR_X1 | 0.289 |   0.788 |    0.543 | 
     | datapath/MEMWB_aluResult_reg[21] | D v         | DFFR_X1 | 0.000 |   0.788 |    0.543 | 
     +---------------------------------------------------------------------------------------+ 
Path 21: MET Hold Check with Pin datapath/EXMEM_storeData_reg[19]/CK 
Endpoint:   datapath/EXMEM_storeData_reg[19]/D (v) checked with  leading edge 
of 'clk'
Beginpoint: datapath/IDEX_readData2_reg[19]/QN (^) triggered by  leading edge 
of 'clk'
Path Groups: {reg2reg}
Analysis View: RPT_SLOW
Other End Arrival Time          0.520
+ Hold                          0.025
+ Phase Shift                   0.000
- CPPR Adjustment               0.000
+ Uncertainty                   0.020
= Required Time                 0.565
  Arrival Time                  0.810
  Slack Time                    0.245
     Clock Rise Edge                 0.000
     + Clock Network Latency (Prop)  0.513
     = Beginpoint Arrival Time       0.513
     +------------------------------------------------------------------------------------------+ 
     |             Instance             |     Arc      |   Cell    | Delay | Arrival | Required | 
     |                                  |              |           |       |  Time   |   Time   | 
     |----------------------------------+--------------+-----------+-------+---------+----------| 
     | datapath/IDEX_readData2_reg[19]  | CK ^         |           |       |   0.513 |    0.268 | 
     | datapath/IDEX_readData2_reg[19]  | CK ^ -> QN ^ | DFFR_X1   | 0.236 |   0.748 |    0.503 | 
     | datapath/g26262                  | A2 ^ -> ZN v | OAI222_X1 | 0.062 |   0.810 |    0.565 | 
     | datapath/EXMEM_storeData_reg[19] | D v          | DFFR_X1   | 0.000 |   0.810 |    0.565 | 
     +------------------------------------------------------------------------------------------+ 
Path 22: MET Hold Check with Pin datapath/MEMWB_aluResult_reg[8]/CK 
Endpoint:   datapath/MEMWB_aluResult_reg[8]/D (v) checked with  leading edge of 
'clk'
Beginpoint: datapath/EXMEM_aluResult_reg[8]/Q (v) triggered by  leading edge of 
'clk'
Path Groups: {reg2reg}
Analysis View: RPT_SLOW
Other End Arrival Time          0.513
+ Hold                          0.027
+ Phase Shift                   0.000
- CPPR Adjustment               0.000
+ Uncertainty                   0.020
= Required Time                 0.561
  Arrival Time                  0.806
  Slack Time                    0.246
     Clock Rise Edge                 0.000
     + Clock Network Latency (Prop)  0.513
     = Beginpoint Arrival Time       0.513
     +--------------------------------------------------------------------------------------+ 
     |            Instance             |     Arc     |  Cell   | Delay | Arrival | Required | 
     |                                 |             |         |       |  Time   |   Time   | 
     |---------------------------------+-------------+---------+-------+---------+----------| 
     | datapath/EXMEM_aluResult_reg[8] | CK ^        |         |       |   0.513 |    0.267 | 
     | datapath/EXMEM_aluResult_reg[8] | CK ^ -> Q v | DFFR_X1 | 0.293 |   0.806 |    0.561 | 
     | datapath/MEMWB_aluResult_reg[8] | D v         | DFFR_X1 | 0.000 |   0.806 |    0.561 | 
     +--------------------------------------------------------------------------------------+ 
Path 23: MET Hold Check with Pin datapath/MEMWB_aluResult_reg[10]/CK 
Endpoint:   datapath/MEMWB_aluResult_reg[10]/D (v) checked with  leading edge 
of 'clk'
Beginpoint: datapath/EXMEM_aluResult_reg[10]/Q (v) triggered by  leading edge 
of 'clk'
Path Groups: {reg2reg}
Analysis View: RPT_SLOW
Other End Arrival Time          0.513
+ Hold                          0.027
+ Phase Shift                   0.000
- CPPR Adjustment               0.000
+ Uncertainty                   0.020
= Required Time                 0.561
  Arrival Time                  0.807
  Slack Time                    0.247
     Clock Rise Edge                 0.000
     + Clock Network Latency (Prop)  0.513
     = Beginpoint Arrival Time       0.513
     +---------------------------------------------------------------------------------------+ 
     |             Instance             |     Arc     |  Cell   | Delay | Arrival | Required | 
     |                                  |             |         |       |  Time   |   Time   | 
     |----------------------------------+-------------+---------+-------+---------+----------| 
     | datapath/EXMEM_aluResult_reg[10] | CK ^        |         |       |   0.513 |    0.266 | 
     | datapath/EXMEM_aluResult_reg[10] | CK ^ -> Q v | DFFR_X1 | 0.294 |   0.807 |    0.561 | 
     | datapath/MEMWB_aluResult_reg[10] | D v         | DFFR_X1 | 0.000 |   0.807 |    0.561 | 
     +---------------------------------------------------------------------------------------+ 
Path 24: MET Hold Check with Pin datapath/IF_pc_reg[1]/CK 
Endpoint:   datapath/IF_pc_reg[1]/SI (^) checked with  leading edge of 'clk'
Beginpoint: datapath/IF_pc_reg[1]/Q  (^) triggered by  leading edge of 'clk'
Path Groups: {reg2reg}
Analysis View: RPT_SLOW
Other End Arrival Time          0.524
+ Hold                         -0.007
+ Phase Shift                   0.000
- CPPR Adjustment               0.000
+ Uncertainty                   0.020
= Required Time                 0.537
  Arrival Time                  0.785
  Slack Time                    0.248
     Clock Rise Edge                 0.000
     + Clock Network Latency (Prop)  0.524
     = Beginpoint Arrival Time       0.524
     +-----------------------------------------------------------------------------+ 
     |       Instance        |     Arc     |   Cell   | Delay | Arrival | Required | 
     |                       |             |          |       |  Time   |   Time   | 
     |-----------------------+-------------+----------+-------+---------+----------| 
     | datapath/IF_pc_reg[1] | CK ^        |          |       |   0.524 |    0.276 | 
     | datapath/IF_pc_reg[1] | CK ^ -> Q ^ | SDFFR_X1 | 0.261 |   0.785 |    0.537 | 
     | datapath/IF_pc_reg[1] | SI ^        | SDFFR_X1 | 0.000 |   0.785 |    0.537 | 
     +-----------------------------------------------------------------------------+ 
Path 25: MET Hold Check with Pin datapath/EXMEM_regWrite_reg/CK 
Endpoint:   datapath/EXMEM_regWrite_reg/D (v) checked with  leading edge of 
'clk'
Beginpoint: datapath/IDEX_regWrite_reg/Q  (v) triggered by  leading edge of 
'clk'
Path Groups: {reg2reg}
Analysis View: RPT_SLOW
Other End Arrival Time          0.411
+ Hold                          0.028
+ Phase Shift                   0.000
- CPPR Adjustment               0.000
+ Uncertainty                   0.020
= Required Time                 0.459
  Arrival Time                  0.708
  Slack Time                    0.249
     Clock Rise Edge                 0.000
     + Clock Network Latency (Prop)  0.408
     = Beginpoint Arrival Time       0.408
     +-----------------------------------------------------------------------------------+ 
     |          Instance           |     Arc     |   Cell   | Delay | Arrival | Required | 
     |                             |             |          |       |  Time   |   Time   | 
     |-----------------------------+-------------+----------+-------+---------+----------| 
     | datapath/IDEX_regWrite_reg  | CK ^        |          |       |   0.408 |    0.159 | 
     | datapath/IDEX_regWrite_reg  | CK ^ -> Q v | DFFR_X1  | 0.300 |   0.708 |    0.459 | 
     | datapath/EXMEM_regWrite_reg | D v         | DFFRS_X1 | 0.000 |   0.708 |    0.459 | 
     +-----------------------------------------------------------------------------------+ 
Path 26: MET Hold Check with Pin datapath/MEMWB_aluResult_reg[22]/CK 
Endpoint:   datapath/MEMWB_aluResult_reg[22]/D (v) checked with  leading edge 
of 'clk'
Beginpoint: datapath/EXMEM_aluResult_reg[22]/Q (v) triggered by  leading edge 
of 'clk'
Path Groups: {reg2reg}
Analysis View: RPT_SLOW
Other End Arrival Time          0.529
+ Hold                          0.027
+ Phase Shift                   0.000
- CPPR Adjustment               0.000
+ Uncertainty                   0.020
= Required Time                 0.576
  Arrival Time                  0.826
  Slack Time                    0.250
     Clock Rise Edge                 0.000
     + Clock Network Latency (Prop)  0.527
     = Beginpoint Arrival Time       0.527
     +---------------------------------------------------------------------------------------+ 
     |             Instance             |     Arc     |  Cell   | Delay | Arrival | Required | 
     |                                  |             |         |       |  Time   |   Time   | 
     |----------------------------------+-------------+---------+-------+---------+----------| 
     | datapath/EXMEM_aluResult_reg[22] | CK ^        |         |       |   0.527 |    0.277 | 
     | datapath/EXMEM_aluResult_reg[22] | CK ^ -> Q v | DFFR_X1 | 0.299 |   0.826 |    0.576 | 
     | datapath/MEMWB_aluResult_reg[22] | D v         | DFFR_X1 | 0.000 |   0.826 |    0.576 | 
     +---------------------------------------------------------------------------------------+ 
Path 27: MET Hold Check with Pin datapath/MEMWB_aluResult_reg[23]/CK 
Endpoint:   datapath/MEMWB_aluResult_reg[23]/D (v) checked with  leading edge 
of 'clk'
Beginpoint: datapath/EXMEM_aluResult_reg[23]/Q (v) triggered by  leading edge 
of 'clk'
Path Groups: {reg2reg}
Analysis View: RPT_SLOW
Other End Arrival Time          0.528
+ Hold                          0.025
+ Phase Shift                   0.000
- CPPR Adjustment               0.000
+ Uncertainty                   0.020
= Required Time                 0.573
  Arrival Time                  0.824
  Slack Time                    0.250
     Clock Rise Edge                 0.000
     + Clock Network Latency (Prop)  0.523
     = Beginpoint Arrival Time       0.523
     +---------------------------------------------------------------------------------------+ 
     |             Instance             |     Arc     |  Cell   | Delay | Arrival | Required | 
     |                                  |             |         |       |  Time   |   Time   | 
     |----------------------------------+-------------+---------+-------+---------+----------| 
     | datapath/EXMEM_aluResult_reg[23] | CK ^        |         |       |   0.523 |    0.272 | 
     | datapath/EXMEM_aluResult_reg[23] | CK ^ -> Q v | DFFR_X1 | 0.301 |   0.824 |    0.573 | 
     | datapath/MEMWB_aluResult_reg[23] | D v         | DFFR_X1 | 0.000 |   0.824 |    0.573 | 
     +---------------------------------------------------------------------------------------+ 
Path 28: MET Hold Check with Pin datapath/MEMWB_aluResult_reg[7]/CK 
Endpoint:   datapath/MEMWB_aluResult_reg[7]/D (v) checked with  leading edge of 
'clk'
Beginpoint: datapath/EXMEM_aluResult_reg[7]/Q (v) triggered by  leading edge of 
'clk'
Path Groups: {reg2reg}
Analysis View: RPT_SLOW
Other End Arrival Time          0.523
+ Hold                          0.024
+ Phase Shift                   0.000
- CPPR Adjustment               0.000
+ Uncertainty                   0.020
= Required Time                 0.567
  Arrival Time                  0.818
  Slack Time                    0.252
     Clock Rise Edge                 0.000
     + Clock Network Latency (Prop)  0.523
     = Beginpoint Arrival Time       0.523
     +--------------------------------------------------------------------------------------+ 
     |            Instance             |     Arc     |  Cell   | Delay | Arrival | Required | 
     |                                 |             |         |       |  Time   |   Time   | 
     |---------------------------------+-------------+---------+-------+---------+----------| 
     | datapath/EXMEM_aluResult_reg[7] | CK ^        |         |       |   0.523 |    0.271 | 
     | datapath/EXMEM_aluResult_reg[7] | CK ^ -> Q v | DFFR_X1 | 0.296 |   0.818 |    0.567 | 
     | datapath/MEMWB_aluResult_reg[7] | D v         | DFFR_X1 | 0.000 |   0.818 |    0.567 | 
     +--------------------------------------------------------------------------------------+ 
Path 29: MET Hold Check with Pin datapath/MEMWB_aluResult_reg[24]/CK 
Endpoint:   datapath/MEMWB_aluResult_reg[24]/D (v) checked with  leading edge 
of 'clk'
Beginpoint: datapath/EXMEM_aluResult_reg[24]/Q (v) triggered by  leading edge 
of 'clk'
Path Groups: {reg2reg}
Analysis View: RPT_SLOW
Other End Arrival Time          0.529
+ Hold                          0.027
+ Phase Shift                   0.000
- CPPR Adjustment               0.000
+ Uncertainty                   0.020
= Required Time                 0.576
  Arrival Time                  0.828
  Slack Time                    0.253
     Clock Rise Edge                 0.000
     + Clock Network Latency (Prop)  0.529
     = Beginpoint Arrival Time       0.529
     +---------------------------------------------------------------------------------------+ 
     |             Instance             |     Arc     |  Cell   | Delay | Arrival | Required | 
     |                                  |             |         |       |  Time   |   Time   | 
     |----------------------------------+-------------+---------+-------+---------+----------| 
     | datapath/EXMEM_aluResult_reg[24] | CK ^        |         |       |   0.529 |    0.276 | 
     | datapath/EXMEM_aluResult_reg[24] | CK ^ -> Q v | DFFR_X1 | 0.299 |   0.828 |    0.576 | 
     | datapath/MEMWB_aluResult_reg[24] | D v         | DFFR_X1 | 0.000 |   0.828 |    0.576 | 
     +---------------------------------------------------------------------------------------+ 
Path 30: MET Hold Check with Pin datapath/registers_RF_reg[8][22]/CK 
Endpoint:   datapath/registers_RF_reg[8][22]/SI (^) checked with  leading edge 
of 'clk'
Beginpoint: datapath/registers_RF_reg[8][22]/Q  (^) triggered by  leading edge 
of 'clk'
Path Groups: {reg2reg}
Analysis View: RPT_SLOW
Other End Arrival Time          0.515
+ Hold                         -0.008
+ Phase Shift                   0.000
- CPPR Adjustment               0.000
+ Uncertainty                   0.020
= Required Time                 0.527
  Arrival Time                  0.780
  Slack Time                    0.253
     Clock Rise Edge                 0.000
     + Clock Network Latency (Prop)  0.515
     = Beginpoint Arrival Time       0.515
     +----------------------------------------------------------------------------------------+ 
     |             Instance             |     Arc     |   Cell   | Delay | Arrival | Required | 
     |                                  |             |          |       |  Time   |   Time   | 
     |----------------------------------+-------------+----------+-------+---------+----------| 
     | datapath/registers_RF_reg[8][22] | CK ^        |          |       |   0.515 |    0.262 | 
     | datapath/registers_RF_reg[8][22] | CK ^ -> Q ^ | SDFFR_X1 | 0.265 |   0.780 |    0.527 | 
     | datapath/registers_RF_reg[8][22] | SI ^        | SDFFR_X1 | 0.000 |   0.780 |    0.527 | 
     +----------------------------------------------------------------------------------------+ 
Path 31: MET Hold Check with Pin datapath/registers_RF_reg[14][16]/CK 
Endpoint:   datapath/registers_RF_reg[14][16]/SI (^) checked with  leading edge 
of 'clk'
Beginpoint: datapath/registers_RF_reg[14][16]/Q  (^) triggered by  leading edge 
of 'clk'
Path Groups: {reg2reg}
Analysis View: RPT_SLOW
Other End Arrival Time          0.518
+ Hold                         -0.008
+ Phase Shift                   0.000
- CPPR Adjustment               0.000
+ Uncertainty                   0.020
= Required Time                 0.530
  Arrival Time                  0.783
  Slack Time                    0.253
     Clock Rise Edge                 0.000
     + Clock Network Latency (Prop)  0.518
     = Beginpoint Arrival Time       0.518
     +-----------------------------------------------------------------------------------------+ 
     |             Instance              |     Arc     |   Cell   | Delay | Arrival | Required | 
     |                                   |             |          |       |  Time   |   Time   | 
     |-----------------------------------+-------------+----------+-------+---------+----------| 
     | datapath/registers_RF_reg[14][16] | CK ^        |          |       |   0.518 |    0.265 | 
     | datapath/registers_RF_reg[14][16] | CK ^ -> Q ^ | SDFFR_X1 | 0.265 |   0.783 |    0.530 | 
     | datapath/registers_RF_reg[14][16] | SI ^        | SDFFR_X1 | 0.000 |   0.783 |    0.530 | 
     +-----------------------------------------------------------------------------------------+ 
Path 32: MET Hold Check with Pin datapath/EXMEM_memRead_reg/CK 
Endpoint:   datapath/EXMEM_memRead_reg/D (v) checked with  leading edge of 'clk'
Beginpoint: datapath/IDEX_memRead_reg/Q  (v) triggered by  leading edge of 'clk'
Path Groups: {reg2reg}
Analysis View: RPT_SLOW
Other End Arrival Time          0.411
+ Hold                          0.027
+ Phase Shift                   0.000
- CPPR Adjustment               0.000
+ Uncertainty                   0.020
= Required Time                 0.458
  Arrival Time                  0.711
  Slack Time                    0.253
     Clock Rise Edge                 0.000
     + Clock Network Latency (Prop)  0.411
     = Beginpoint Arrival Time       0.411
     +---------------------------------------------------------------------------------+ 
     |          Instance          |     Arc     |  Cell   | Delay | Arrival | Required | 
     |                            |             |         |       |  Time   |   Time   | 
     |----------------------------+-------------+---------+-------+---------+----------| 
     | datapath/IDEX_memRead_reg  | CK ^        |         |       |   0.411 |    0.158 | 
     | datapath/IDEX_memRead_reg  | CK ^ -> Q v | DFFR_X1 | 0.300 |   0.711 |    0.458 | 
     | datapath/EXMEM_memRead_reg | D v         | DFFR_X1 | 0.000 |   0.711 |    0.458 | 
     +---------------------------------------------------------------------------------+ 
Path 33: MET Hold Check with Pin datapath/registers_RF_reg[12][12]/CK 
Endpoint:   datapath/registers_RF_reg[12][12]/SI (^) checked with  leading edge 
of 'clk'
Beginpoint: datapath/registers_RF_reg[12][12]/Q  (^) triggered by  leading edge 
of 'clk'
Path Groups: {reg2reg}
Analysis View: RPT_SLOW
Other End Arrival Time          0.500
+ Hold                         -0.008
+ Phase Shift                   0.000
- CPPR Adjustment               0.000
+ Uncertainty                   0.020
= Required Time                 0.512
  Arrival Time                  0.765
  Slack Time                    0.253
     Clock Rise Edge                 0.000
     + Clock Network Latency (Prop)  0.500
     = Beginpoint Arrival Time       0.500
     +-----------------------------------------------------------------------------------------+ 
     |             Instance              |     Arc     |   Cell   | Delay | Arrival | Required | 
     |                                   |             |          |       |  Time   |   Time   | 
     |-----------------------------------+-------------+----------+-------+---------+----------| 
     | datapath/registers_RF_reg[12][12] | CK ^        |          |       |   0.500 |    0.246 | 
     | datapath/registers_RF_reg[12][12] | CK ^ -> Q ^ | SDFFR_X1 | 0.265 |   0.765 |    0.512 | 
     | datapath/registers_RF_reg[12][12] | SI ^        | SDFFR_X1 | 0.000 |   0.765 |    0.512 | 
     +-----------------------------------------------------------------------------------------+ 
Path 34: MET Hold Check with Pin datapath/registers_RF_reg[24][0]/CK 
Endpoint:   datapath/registers_RF_reg[24][0]/SI (^) checked with  leading edge 
of 'clk'
Beginpoint: datapath/registers_RF_reg[24][0]/Q  (^) triggered by  leading edge 
of 'clk'
Path Groups: {reg2reg}
Analysis View: RPT_SLOW
Other End Arrival Time          0.485
+ Hold                         -0.008
+ Phase Shift                   0.000
- CPPR Adjustment               0.000
+ Uncertainty                   0.020
= Required Time                 0.497
  Arrival Time                  0.750
  Slack Time                    0.253
     Clock Rise Edge                 0.000
     + Clock Network Latency (Prop)  0.484
     = Beginpoint Arrival Time       0.484
     +----------------------------------------------------------------------------------------+ 
     |             Instance             |     Arc     |   Cell   | Delay | Arrival | Required | 
     |                                  |             |          |       |  Time   |   Time   | 
     |----------------------------------+-------------+----------+-------+---------+----------| 
     | datapath/registers_RF_reg[24][0] | CK ^        |          |       |   0.484 |    0.231 | 
     | datapath/registers_RF_reg[24][0] | CK ^ -> Q ^ | SDFFR_X1 | 0.266 |   0.750 |    0.497 | 
     | datapath/registers_RF_reg[24][0] | SI ^        | SDFFR_X1 | 0.000 |   0.750 |    0.497 | 
     +----------------------------------------------------------------------------------------+ 
Path 35: MET Hold Check with Pin datapath/registers_RF_reg[14][5]/CK 
Endpoint:   datapath/registers_RF_reg[14][5]/SI (^) checked with  leading edge 
of 'clk'
Beginpoint: datapath/registers_RF_reg[14][5]/Q  (^) triggered by  leading edge 
of 'clk'
Path Groups: {reg2reg}
Analysis View: RPT_SLOW
Other End Arrival Time          0.500
+ Hold                         -0.008
+ Phase Shift                   0.000
- CPPR Adjustment               0.000
+ Uncertainty                   0.020
= Required Time                 0.512
  Arrival Time                  0.765
  Slack Time                    0.253
     Clock Rise Edge                 0.000
     + Clock Network Latency (Prop)  0.500
     = Beginpoint Arrival Time       0.500
     +----------------------------------------------------------------------------------------+ 
     |             Instance             |     Arc     |   Cell   | Delay | Arrival | Required | 
     |                                  |             |          |       |  Time   |   Time   | 
     |----------------------------------+-------------+----------+-------+---------+----------| 
     | datapath/registers_RF_reg[14][5] | CK ^        |          |       |   0.500 |    0.246 | 
     | datapath/registers_RF_reg[14][5] | CK ^ -> Q ^ | SDFFR_X1 | 0.265 |   0.765 |    0.512 | 
     | datapath/registers_RF_reg[14][5] | SI ^        | SDFFR_X1 | 0.000 |   0.765 |    0.512 | 
     +----------------------------------------------------------------------------------------+ 
Path 36: MET Hold Check with Pin datapath/registers_RF_reg[10][5]/CK 
Endpoint:   datapath/registers_RF_reg[10][5]/SI (^) checked with  leading edge 
of 'clk'
Beginpoint: datapath/registers_RF_reg[10][5]/Q  (^) triggered by  leading edge 
of 'clk'
Path Groups: {reg2reg}
Analysis View: RPT_SLOW
Other End Arrival Time          0.500
+ Hold                         -0.009
+ Phase Shift                   0.000
- CPPR Adjustment               0.000
+ Uncertainty                   0.020
= Required Time                 0.511
  Arrival Time                  0.764
  Slack Time                    0.253
     Clock Rise Edge                 0.000
     + Clock Network Latency (Prop)  0.499
     = Beginpoint Arrival Time       0.499
     +----------------------------------------------------------------------------------------+ 
     |             Instance             |     Arc     |   Cell   | Delay | Arrival | Required | 
     |                                  |             |          |       |  Time   |   Time   | 
     |----------------------------------+-------------+----------+-------+---------+----------| 
     | datapath/registers_RF_reg[10][5] | CK ^        |          |       |   0.499 |    0.246 | 
     | datapath/registers_RF_reg[10][5] | CK ^ -> Q ^ | SDFFR_X1 | 0.265 |   0.764 |    0.511 | 
     | datapath/registers_RF_reg[10][5] | SI ^        | SDFFR_X1 | 0.000 |   0.764 |    0.511 | 
     +----------------------------------------------------------------------------------------+ 
Path 37: MET Hold Check with Pin datapath/registers_RF_reg[4][6]/CK 
Endpoint:   datapath/registers_RF_reg[4][6]/SI (^) checked with  leading edge 
of 'clk'
Beginpoint: datapath/registers_RF_reg[4][6]/Q  (^) triggered by  leading edge 
of 'clk'
Path Groups: {reg2reg}
Analysis View: RPT_SLOW
Other End Arrival Time          0.524
+ Hold                         -0.006
+ Phase Shift                   0.000
- CPPR Adjustment               0.000
+ Uncertainty                   0.020
= Required Time                 0.539
  Arrival Time                  0.792
  Slack Time                    0.253
     Clock Rise Edge                 0.000
     + Clock Network Latency (Prop)  0.524
     = Beginpoint Arrival Time       0.524
     +---------------------------------------------------------------------------------------+ 
     |            Instance             |     Arc     |   Cell   | Delay | Arrival | Required | 
     |                                 |             |          |       |  Time   |   Time   | 
     |---------------------------------+-------------+----------+-------+---------+----------| 
     | datapath/registers_RF_reg[4][6] | CK ^        |          |       |   0.524 |    0.270 | 
     | datapath/registers_RF_reg[4][6] | CK ^ -> Q ^ | SDFFR_X1 | 0.268 |   0.792 |    0.539 | 
     | datapath/registers_RF_reg[4][6] | SI ^        | SDFFR_X1 | 0.000 |   0.792 |    0.539 | 
     +---------------------------------------------------------------------------------------+ 
Path 38: MET Hold Check with Pin datapath/registers_RF_reg[10][31]/CK 
Endpoint:   datapath/registers_RF_reg[10][31]/SI (^) checked with  leading edge 
of 'clk'
Beginpoint: datapath/registers_RF_reg[10][31]/Q  (^) triggered by  leading edge 
of 'clk'
Path Groups: {reg2reg}
Analysis View: RPT_SLOW
Other End Arrival Time          0.521
+ Hold                         -0.006
+ Phase Shift                   0.000
- CPPR Adjustment               0.000
+ Uncertainty                   0.020
= Required Time                 0.535
  Arrival Time                  0.788
  Slack Time                    0.253
     Clock Rise Edge                 0.000
     + Clock Network Latency (Prop)  0.521
     = Beginpoint Arrival Time       0.521
     +-----------------------------------------------------------------------------------------+ 
     |             Instance              |     Arc     |   Cell   | Delay | Arrival | Required | 
     |                                   |             |          |       |  Time   |   Time   | 
     |-----------------------------------+-------------+----------+-------+---------+----------| 
     | datapath/registers_RF_reg[10][31] | CK ^        |          |       |   0.521 |    0.267 | 
     | datapath/registers_RF_reg[10][31] | CK ^ -> Q ^ | SDFFR_X1 | 0.267 |   0.788 |    0.535 | 
     | datapath/registers_RF_reg[10][31] | SI ^        | SDFFR_X1 | 0.000 |   0.788 |    0.535 | 
     +-----------------------------------------------------------------------------------------+ 
Path 39: MET Hold Check with Pin datapath/registers_RF_reg[24][18]/CK 
Endpoint:   datapath/registers_RF_reg[24][18]/SI (^) checked with  leading edge 
of 'clk'
Beginpoint: datapath/registers_RF_reg[24][18]/Q  (^) triggered by  leading edge 
of 'clk'
Path Groups: {reg2reg}
Analysis View: RPT_SLOW
Other End Arrival Time          0.506
+ Hold                         -0.008
+ Phase Shift                   0.000
- CPPR Adjustment               0.000
+ Uncertainty                   0.020
= Required Time                 0.518
  Arrival Time                  0.772
  Slack Time                    0.254
     Clock Rise Edge                 0.000
     + Clock Network Latency (Prop)  0.506
     = Beginpoint Arrival Time       0.506
     +-----------------------------------------------------------------------------------------+ 
     |             Instance              |     Arc     |   Cell   | Delay | Arrival | Required | 
     |                                   |             |          |       |  Time   |   Time   | 
     |-----------------------------------+-------------+----------+-------+---------+----------| 
     | datapath/registers_RF_reg[24][18] | CK ^        |          |       |   0.506 |    0.252 | 
     | datapath/registers_RF_reg[24][18] | CK ^ -> Q ^ | SDFFR_X1 | 0.266 |   0.772 |    0.518 | 
     | datapath/registers_RF_reg[24][18] | SI ^        | SDFFR_X1 | 0.000 |   0.772 |    0.518 | 
     +-----------------------------------------------------------------------------------------+ 
Path 40: MET Hold Check with Pin datapath/registers_RF_reg[14][7]/CK 
Endpoint:   datapath/registers_RF_reg[14][7]/SI (^) checked with  leading edge 
of 'clk'
Beginpoint: datapath/registers_RF_reg[14][7]/Q  (^) triggered by  leading edge 
of 'clk'
Path Groups: {reg2reg}
Analysis View: RPT_SLOW
Other End Arrival Time          0.515
+ Hold                         -0.008
+ Phase Shift                   0.000
- CPPR Adjustment               0.000
+ Uncertainty                   0.020
= Required Time                 0.527
  Arrival Time                  0.781
  Slack Time                    0.254
     Clock Rise Edge                 0.000
     + Clock Network Latency (Prop)  0.515
     = Beginpoint Arrival Time       0.515
     +----------------------------------------------------------------------------------------+ 
     |             Instance             |     Arc     |   Cell   | Delay | Arrival | Required | 
     |                                  |             |          |       |  Time   |   Time   | 
     |----------------------------------+-------------+----------+-------+---------+----------| 
     | datapath/registers_RF_reg[14][7] | CK ^        |          |       |   0.515 |    0.261 | 
     | datapath/registers_RF_reg[14][7] | CK ^ -> Q ^ | SDFFR_X1 | 0.266 |   0.781 |    0.527 | 
     | datapath/registers_RF_reg[14][7] | SI ^        | SDFFR_X1 | 0.000 |   0.781 |    0.527 | 
     +----------------------------------------------------------------------------------------+ 
Path 41: MET Hold Check with Pin datapath/MEMWB_aluResult_reg[28]/CK 
Endpoint:   datapath/MEMWB_aluResult_reg[28]/D (v) checked with  leading edge 
of 'clk'
Beginpoint: datapath/EXMEM_aluResult_reg[28]/Q (v) triggered by  leading edge 
of 'clk'
Path Groups: {reg2reg}
Analysis View: RPT_SLOW
Other End Arrival Time          0.529
+ Hold                          0.029
+ Phase Shift                   0.000
- CPPR Adjustment               0.000
+ Uncertainty                   0.020
= Required Time                 0.578
  Arrival Time                  0.832
  Slack Time                    0.254
     Clock Rise Edge                 0.000
     + Clock Network Latency (Prop)  0.507
     = Beginpoint Arrival Time       0.507
     +---------------------------------------------------------------------------------------+ 
     |             Instance             |     Arc     |  Cell   | Delay | Arrival | Required | 
     |                                  |             |         |       |  Time   |   Time   | 
     |----------------------------------+-------------+---------+-------+---------+----------| 
     | datapath/EXMEM_aluResult_reg[28] | CK ^        |         |       |   0.507 |    0.254 | 
     | datapath/EXMEM_aluResult_reg[28] | CK ^ -> Q v | DFFR_X1 | 0.324 |   0.831 |    0.577 | 
     | datapath/MEMWB_aluResult_reg[28] | D v         | DFFR_X1 | 0.001 |   0.832 |    0.578 | 
     +---------------------------------------------------------------------------------------+ 
Path 42: MET Hold Check with Pin datapath/MEMWB_aluResult_reg[16]/CK 
Endpoint:   datapath/MEMWB_aluResult_reg[16]/D (v) checked with  leading edge 
of 'clk'
Beginpoint: datapath/EXMEM_aluResult_reg[16]/Q (v) triggered by  leading edge 
of 'clk'
Path Groups: {reg2reg}
Analysis View: RPT_SLOW
Other End Arrival Time          0.505
+ Hold                          0.025
+ Phase Shift                   0.000
- CPPR Adjustment               0.000
+ Uncertainty                   0.020
= Required Time                 0.550
  Arrival Time                  0.804
  Slack Time                    0.254
     Clock Rise Edge                 0.000
     + Clock Network Latency (Prop)  0.504
     = Beginpoint Arrival Time       0.504
     +---------------------------------------------------------------------------------------+ 
     |             Instance             |     Arc     |  Cell   | Delay | Arrival | Required | 
     |                                  |             |         |       |  Time   |   Time   | 
     |----------------------------------+-------------+---------+-------+---------+----------| 
     | datapath/EXMEM_aluResult_reg[16] | CK ^        |         |       |   0.504 |    0.250 | 
     | datapath/EXMEM_aluResult_reg[16] | CK ^ -> Q v | DFFR_X1 | 0.299 |   0.804 |    0.550 | 
     | datapath/MEMWB_aluResult_reg[16] | D v         | DFFR_X1 | 0.000 |   0.804 |    0.550 | 
     +---------------------------------------------------------------------------------------+ 
Path 43: MET Hold Check with Pin datapath/registers_RF_reg[10][6]/CK 
Endpoint:   datapath/registers_RF_reg[10][6]/SI (^) checked with  leading edge 
of 'clk'
Beginpoint: datapath/registers_RF_reg[10][6]/Q  (^) triggered by  leading edge 
of 'clk'
Path Groups: {reg2reg}
Analysis View: RPT_SLOW
Other End Arrival Time          0.518
+ Hold                         -0.008
+ Phase Shift                   0.000
- CPPR Adjustment               0.000
+ Uncertainty                   0.020
= Required Time                 0.530
  Arrival Time                  0.784
  Slack Time                    0.254
     Clock Rise Edge                 0.000
     + Clock Network Latency (Prop)  0.518
     = Beginpoint Arrival Time       0.518
     +----------------------------------------------------------------------------------------+ 
     |             Instance             |     Arc     |   Cell   | Delay | Arrival | Required | 
     |                                  |             |          |       |  Time   |   Time   | 
     |----------------------------------+-------------+----------+-------+---------+----------| 
     | datapath/registers_RF_reg[10][6] | CK ^        |          |       |   0.518 |    0.264 | 
     | datapath/registers_RF_reg[10][6] | CK ^ -> Q ^ | SDFFR_X1 | 0.266 |   0.784 |    0.530 | 
     | datapath/registers_RF_reg[10][6] | SI ^        | SDFFR_X1 | 0.000 |   0.784 |    0.530 | 
     +----------------------------------------------------------------------------------------+ 
Path 44: MET Hold Check with Pin datapath/registers_RF_reg[8][15]/CK 
Endpoint:   datapath/registers_RF_reg[8][15]/SI (^) checked with  leading edge 
of 'clk'
Beginpoint: datapath/registers_RF_reg[8][15]/Q  (^) triggered by  leading edge 
of 'clk'
Path Groups: {reg2reg}
Analysis View: RPT_SLOW
Other End Arrival Time          0.523
+ Hold                         -0.006
+ Phase Shift                   0.000
- CPPR Adjustment               0.000
+ Uncertainty                   0.020
= Required Time                 0.537
  Arrival Time                  0.791
  Slack Time                    0.254
     Clock Rise Edge                 0.000
     + Clock Network Latency (Prop)  0.523
     = Beginpoint Arrival Time       0.523
     +----------------------------------------------------------------------------------------+ 
     |             Instance             |     Arc     |   Cell   | Delay | Arrival | Required | 
     |                                  |             |          |       |  Time   |   Time   | 
     |----------------------------------+-------------+----------+-------+---------+----------| 
     | datapath/registers_RF_reg[8][15] | CK ^        |          |       |   0.523 |    0.269 | 
     | datapath/registers_RF_reg[8][15] | CK ^ -> Q ^ | SDFFR_X1 | 0.269 |   0.791 |    0.537 | 
     | datapath/registers_RF_reg[8][15] | SI ^        | SDFFR_X1 | 0.000 |   0.791 |    0.537 | 
     +----------------------------------------------------------------------------------------+ 
Path 45: MET Hold Check with Pin datapath/registers_RF_reg[6][31]/CK 
Endpoint:   datapath/registers_RF_reg[6][31]/SI (^) checked with  leading edge 
of 'clk'
Beginpoint: datapath/registers_RF_reg[6][31]/Q  (^) triggered by  leading edge 
of 'clk'
Path Groups: {reg2reg}
Analysis View: RPT_SLOW
Other End Arrival Time          0.517
+ Hold                         -0.006
+ Phase Shift                   0.000
- CPPR Adjustment               0.000
+ Uncertainty                   0.020
= Required Time                 0.530
  Arrival Time                  0.784
  Slack Time                    0.254
     Clock Rise Edge                 0.000
     + Clock Network Latency (Prop)  0.517
     = Beginpoint Arrival Time       0.517
     +----------------------------------------------------------------------------------------+ 
     |             Instance             |     Arc     |   Cell   | Delay | Arrival | Required | 
     |                                  |             |          |       |  Time   |   Time   | 
     |----------------------------------+-------------+----------+-------+---------+----------| 
     | datapath/registers_RF_reg[6][31] | CK ^        |          |       |   0.517 |    0.263 | 
     | datapath/registers_RF_reg[6][31] | CK ^ -> Q ^ | SDFFR_X1 | 0.268 |   0.784 |    0.530 | 
     | datapath/registers_RF_reg[6][31] | SI ^        | SDFFR_X1 | 0.000 |   0.784 |    0.530 | 
     +----------------------------------------------------------------------------------------+ 
Path 46: MET Hold Check with Pin datapath/registers_RF_reg[1][21]/CK 
Endpoint:   datapath/registers_RF_reg[1][21]/SI (^) checked with  leading edge 
of 'clk'
Beginpoint: datapath/registers_RF_reg[1][21]/Q  (^) triggered by  leading edge 
of 'clk'
Path Groups: {reg2reg}
Analysis View: RPT_SLOW
Other End Arrival Time          0.519
+ Hold                         -0.006
+ Phase Shift                   0.000
- CPPR Adjustment               0.000
+ Uncertainty                   0.020
= Required Time                 0.532
  Arrival Time                  0.786
  Slack Time                    0.254
     Clock Rise Edge                 0.000
     + Clock Network Latency (Prop)  0.518
     = Beginpoint Arrival Time       0.518
     +----------------------------------------------------------------------------------------+ 
     |             Instance             |     Arc     |   Cell   | Delay | Arrival | Required | 
     |                                  |             |          |       |  Time   |   Time   | 
     |----------------------------------+-------------+----------+-------+---------+----------| 
     | datapath/registers_RF_reg[1][21] | CK ^        |          |       |   0.518 |    0.264 | 
     | datapath/registers_RF_reg[1][21] | CK ^ -> Q ^ | SDFFR_X1 | 0.268 |   0.786 |    0.532 | 
     | datapath/registers_RF_reg[1][21] | SI ^        | SDFFR_X1 | 0.000 |   0.786 |    0.532 | 
     +----------------------------------------------------------------------------------------+ 
Path 47: MET Hold Check with Pin datapath/registers_RF_reg[8][29]/CK 
Endpoint:   datapath/registers_RF_reg[8][29]/SI (^) checked with  leading edge 
of 'clk'
Beginpoint: datapath/registers_RF_reg[8][29]/Q  (^) triggered by  leading edge 
of 'clk'
Path Groups: {reg2reg}
Analysis View: RPT_SLOW
Other End Arrival Time          0.506
+ Hold                         -0.007
+ Phase Shift                   0.000
- CPPR Adjustment               0.000
+ Uncertainty                   0.020
= Required Time                 0.519
  Arrival Time                  0.773
  Slack Time                    0.254
     Clock Rise Edge                 0.000
     + Clock Network Latency (Prop)  0.505
     = Beginpoint Arrival Time       0.505
     +----------------------------------------------------------------------------------------+ 
     |             Instance             |     Arc     |   Cell   | Delay | Arrival | Required | 
     |                                  |             |          |       |  Time   |   Time   | 
     |----------------------------------+-------------+----------+-------+---------+----------| 
     | datapath/registers_RF_reg[8][29] | CK ^        |          |       |   0.505 |    0.251 | 
     | datapath/registers_RF_reg[8][29] | CK ^ -> Q ^ | SDFFR_X1 | 0.268 |   0.773 |    0.519 | 
     | datapath/registers_RF_reg[8][29] | SI ^        | SDFFR_X1 | 0.000 |   0.773 |    0.519 | 
     +----------------------------------------------------------------------------------------+ 
Path 48: MET Hold Check with Pin datapath/registers_RF_reg[4][1]/CK 
Endpoint:   datapath/registers_RF_reg[4][1]/SI (^) checked with  leading edge 
of 'clk'
Beginpoint: datapath/registers_RF_reg[4][1]/Q  (^) triggered by  leading edge 
of 'clk'
Path Groups: {reg2reg}
Analysis View: RPT_SLOW
Other End Arrival Time          0.525
+ Hold                         -0.006
+ Phase Shift                   0.000
- CPPR Adjustment               0.000
+ Uncertainty                   0.020
= Required Time                 0.539
  Arrival Time                  0.793
  Slack Time                    0.254
     Clock Rise Edge                 0.000
     + Clock Network Latency (Prop)  0.525
     = Beginpoint Arrival Time       0.525
     +---------------------------------------------------------------------------------------+ 
     |            Instance             |     Arc     |   Cell   | Delay | Arrival | Required | 
     |                                 |             |          |       |  Time   |   Time   | 
     |---------------------------------+-------------+----------+-------+---------+----------| 
     | datapath/registers_RF_reg[4][1] | CK ^        |          |       |   0.525 |    0.271 | 
     | datapath/registers_RF_reg[4][1] | CK ^ -> Q ^ | SDFFR_X1 | 0.268 |   0.793 |    0.539 | 
     | datapath/registers_RF_reg[4][1] | SI ^        | SDFFR_X1 | 0.000 |   0.793 |    0.539 | 
     +---------------------------------------------------------------------------------------+ 
Path 49: MET Hold Check with Pin datapath/registers_RF_reg[1][30]/CK 
Endpoint:   datapath/registers_RF_reg[1][30]/SI (^) checked with  leading edge 
of 'clk'
Beginpoint: datapath/registers_RF_reg[1][30]/Q  (^) triggered by  leading edge 
of 'clk'
Path Groups: {reg2reg}
Analysis View: RPT_SLOW
Other End Arrival Time          0.521
+ Hold                         -0.005
+ Phase Shift                   0.000
- CPPR Adjustment               0.000
+ Uncertainty                   0.020
= Required Time                 0.536
  Arrival Time                  0.790
  Slack Time                    0.254
     Clock Rise Edge                 0.000
     + Clock Network Latency (Prop)  0.521
     = Beginpoint Arrival Time       0.521
     +----------------------------------------------------------------------------------------+ 
     |             Instance             |     Arc     |   Cell   | Delay | Arrival | Required | 
     |                                  |             |          |       |  Time   |   Time   | 
     |----------------------------------+-------------+----------+-------+---------+----------| 
     | datapath/registers_RF_reg[1][30] | CK ^        |          |       |   0.521 |    0.267 | 
     | datapath/registers_RF_reg[1][30] | CK ^ -> Q ^ | SDFFR_X1 | 0.269 |   0.790 |    0.536 | 
     | datapath/registers_RF_reg[1][30] | SI ^        | SDFFR_X1 | 0.000 |   0.790 |    0.536 | 
     +----------------------------------------------------------------------------------------+ 
Path 50: MET Hold Check with Pin datapath/registers_RF_reg[12][17]/CK 
Endpoint:   datapath/registers_RF_reg[12][17]/SI (^) checked with  leading edge 
of 'clk'
Beginpoint: datapath/registers_RF_reg[12][17]/Q  (^) triggered by  leading edge 
of 'clk'
Path Groups: {reg2reg}
Analysis View: RPT_SLOW
Other End Arrival Time          0.518
+ Hold                         -0.008
+ Phase Shift                   0.000
- CPPR Adjustment               0.000
+ Uncertainty                   0.020
= Required Time                 0.530
  Arrival Time                  0.784
  Slack Time                    0.254
     Clock Rise Edge                 0.000
     + Clock Network Latency (Prop)  0.518
     = Beginpoint Arrival Time       0.518
     +-----------------------------------------------------------------------------------------+ 
     |             Instance              |     Arc     |   Cell   | Delay | Arrival | Required | 
     |                                   |             |          |       |  Time   |   Time   | 
     |-----------------------------------+-------------+----------+-------+---------+----------| 
     | datapath/registers_RF_reg[12][17] | CK ^        |          |       |   0.518 |    0.264 | 
     | datapath/registers_RF_reg[12][17] | CK ^ -> Q ^ | SDFFR_X1 | 0.266 |   0.784 |    0.530 | 
     | datapath/registers_RF_reg[12][17] | SI ^        | SDFFR_X1 | 0.000 |   0.784 |    0.530 | 
     +-----------------------------------------------------------------------------------------+ 

