
Power Net Detected:
        Voltage	    Name
             0V	    VSS
          0.95V	    VDD
Using Power View: WC_VIEW.
AAE_INFO: opIsDesignInPostRouteState() is 1
AAE_INFO: resetNetProps viewIdx 0 
Starting SI iteration 1 using Infinite Timing Windows
#################################################################################
# Design Stage: PostRoute
# Design Name: pipelined_cpu_core
# Design Mode: 45nm
# Analysis Mode: MMMC OCV 
# Parasitics Mode: SPEF/RCDB 
# Signoff Settings: SI On 
#################################################################################
AAE_INFO: 1 threads acquired from CTE.
Start delay calculation (fullDC) (1 T). (MEM=1815.08)
Total number of fetched objects 6704
AAE_INFO: Total number of nets for which stage creation was skipped for all views 0
AAE_INFO-618: Total number of nets in the design is 6944,  97.5 percent of the nets selected for SI analysis
End delay calculation. (MEM=1833.81 CPU=0:00:01.9 REAL=0:00:02.0)
End delay calculation (fullDC). (MEM=1833.81 CPU=0:00:02.0 REAL=0:00:02.0)
Save waveform /home/nanohub/estaresinic05/Silicon-From-Scratch/pipelined-cpu-physical-design/runs/util8-clk4p1/innovus_temp_31123_99fb0a27-1d78-4aec-8164-927018710119_nanohub-2907946-1_estaresinic05_sAdrW7/.AAE_Y1L9gT/.AAE_31123_99fb0a27-1d78-4aec-8164-927018710119/waveform.data...
Loading CTE timing window with TwFlowType 0...(CPU = 0:00:00.0, REAL = 0:00:00.0, MEM = 3661.7M)
Add other clocks and setupCteToAAEClockMapping during iter 1
Loading CTE timing window is completed (CPU = 0:00:00.1, REAL = 0:00:00.0, MEM = 3661.7M)
Starting SI iteration 2
Start delay calculation (fullDC) (1 T). (MEM=1825.13)
Glitch Analysis: View WC_VIEW -- Total Number of Nets Skipped = 0. 
Glitch Analysis: View WC_VIEW -- Total Number of Nets Analyzed = 6704. 
Total number of fetched objects 6704
AAE_INFO: Total number of nets for which stage creation was skipped for all views 0
AAE_INFO-618: Total number of nets in the design is 6944,  4.2 percent of the nets selected for SI analysis
End delay calculation. (MEM=1833.86 CPU=0:00:00.2 REAL=0:00:00.0)
End delay calculation (fullDC). (MEM=1833.86 CPU=0:00:00.2 REAL=0:00:00.0)
Load RC corner of view WC_VIEW

Begin Power Analysis

             0V	    VSS
          0.95V	    VDD

Begin Processing Timing Library for Power Calculation

Ended Processing Timing Library for Power Calculation: (cpu=0:00:00, real=0:00:00, mem(process/total/peak)=1828.04MB/5285.99MB/1958.71MB)



Begin Processing Power Net/Grid for Power Calculation

Ended Processing Power Net/Grid for Power Calculation: (cpu=0:00:00, real=0:00:00, mem(process/total/peak)=1828.09MB/5285.99MB/1958.71MB)

Begin Processing Timing Window Data for Power Calculation

clk(243.902MHz) CK: assigning clock clk to net clk
Ended Processing Timing Window Data for Power Calculation: (cpu=0:00:00, real=0:00:00, mem(process/total/peak)=1828.43MB/5285.99MB/1958.71MB)

Begin Processing User Attributes

Ended Processing User Attributes: (cpu=0:00:00, real=0:00:00, mem(process/total/peak)=1828.49MB/5285.99MB/1958.71MB)

Begin Processing Signal Activity


Starting Levelizing
2026-Aug-11 16:20:46 (2026-Aug-11 16:20:46 GMT)
2026-Aug-11 16:20:46 (2026-Aug-11 16:20:46 GMT): 10%
2026-Aug-11 16:20:46 (2026-Aug-11 16:20:46 GMT): 20%
2026-Aug-11 16:20:46 (2026-Aug-11 16:20:46 GMT): 30%
2026-Aug-11 16:20:46 (2026-Aug-11 16:20:46 GMT): 40%
2026-Aug-11 16:20:46 (2026-Aug-11 16:20:46 GMT): 50%
2026-Aug-11 16:20:46 (2026-Aug-11 16:20:46 GMT): 60%
2026-Aug-11 16:20:46 (2026-Aug-11 16:20:46 GMT): 70%
2026-Aug-11 16:20:46 (2026-Aug-11 16:20:46 GMT): 80%
2026-Aug-11 16:20:46 (2026-Aug-11 16:20:46 GMT): 90%

Finished Levelizing
2026-Aug-11 16:20:46 (2026-Aug-11 16:20:46 GMT)

Starting Activity Propagation
2026-Aug-11 16:20:46 (2026-Aug-11 16:20:46 GMT)
** INFO:  (VOLTUS_POWR-1356): No default input activity has been set. Defaulting to 0.2.
Use 'set_default_switching_activity -input_activity' command to change the default activity value.

2026-Aug-11 16:20:46 (2026-Aug-11 16:20:46 GMT): 10%
2026-Aug-11 16:20:46 (2026-Aug-11 16:20:46 GMT): 20%

Finished Activity Propagation
2026-Aug-11 16:20:46 (2026-Aug-11 16:20:46 GMT)
Ended Processing Signal Activity: (cpu=0:00:00, real=0:00:00, mem(process/total/peak)=1828.88MB/5285.99MB/1958.71MB)

Begin Power Computation

      ----------------------------------------------------------
      # of cell(s) missing both power/leakage table: 0
      # of cell(s) missing power table: 0
      # of cell(s) missing leakage table: 0
      ----------------------------------------------------------



Starting Calculating power
2026-Aug-11 16:20:46 (2026-Aug-11 16:20:46 GMT)
 ... Calculating switching power
2026-Aug-11 16:20:46 (2026-Aug-11 16:20:46 GMT): 10%
2026-Aug-11 16:20:46 (2026-Aug-11 16:20:46 GMT): 20%
2026-Aug-11 16:20:46 (2026-Aug-11 16:20:46 GMT): 30%
2026-Aug-11 16:20:46 (2026-Aug-11 16:20:46 GMT): 40%
2026-Aug-11 16:20:46 (2026-Aug-11 16:20:46 GMT): 50%
 ... Calculating internal and leakage power
2026-Aug-11 16:20:46 (2026-Aug-11 16:20:46 GMT): 60%
2026-Aug-11 16:20:46 (2026-Aug-11 16:20:46 GMT): 70%
2026-Aug-11 16:20:47 (2026-Aug-11 16:20:47 GMT): 80%
2026-Aug-11 16:20:47 (2026-Aug-11 16:20:47 GMT): 90%

Finished Calculating power
2026-Aug-11 16:20:47 (2026-Aug-11 16:20:47 GMT)
      # of MSMV cell(s) missing power_level: 0
Ended Power Computation: (cpu=0:00:01, real=0:00:01, mem(process/total/peak)=1830.67MB/5285.99MB/1958.71MB)

Begin Processing User Attributes

Begin Processing set_power
Ended Processing set_power: (cpu=0:00:00, real=0:00:00,
mem(process/total/peak)=1830.67MB/5285.99MB/1958.71MB)
Ended Processing User Attributes: (cpu=0:00:00, real=0:00:00, mem(process/total/peak)=1830.76MB/5285.99MB/1958.71MB)

Ended Power Analysis: (cpu=0:00:01, real=0:00:01, mem(process/total/peak)=1830.82MB/5285.99MB/1958.71MB)

Begin Boundary Leakage Calculation
Ended Boundary Leakage Calculation: (cpu=0:00:00, real=0:00:00,
mem(process/total/peak)=1831.86MB/5285.99MB/1958.71MB)
Begin Static Power Report Generation
*----------------------------------------------------------------------------------------
*	Innovus 23.12-s091_1 (64bit) 07/30/2024 16:11 (Linux 3.10.0-693.el7.x86_64)
*	
*
* 	Date & Time:	2026-Aug-11 16:20:48 (2026-Aug-11 16:20:48 GMT)
*
*----------------------------------------------------------------------------------------
*
*	Design: pipelined_cpu_core
*
*	Liberty Libraries used:
*	        WC_VIEW: /home/nanohub/estaresinic05/MacroPlacement/Enablements/NanGate45/lib/NangateOpenCellLibrary_slow.lib
*
*	Parasitic Files used:
*
*       Power View : WC_VIEW
*
*       User-Defined Activity : N.A.
*
*       Activity File: N.A.
*
*       Hierarchical Global Activity: N.A.
*
*       Global Activity: N.A.
*
*       Sequential Element Activity: 0.200000
*
*       Primary Input Activity: 0.200000
*
*       Default icg ratio: N.A.
*
*       Global Comb ClockGate Ratio: N.A.
*
*	Power Units = 1mW
*
*	Time Units = 1e-09 secs
*
*       report_power
*
-----------------------------------------------------------------------------------------
*



Total Power
-----------------------------------------------------------------------------------------
Total Internal Power:        1.87295210 	   60.7529%
Total Switching Power:       1.04399520 	   33.8640%
Total Leakage Power:         0.16595648 	    5.3831%
Total Power:                 3.08290377
-----------------------------------------------------------------------------------------


Group                           Internal   Switching     Leakage       Total  Percentage 
                                Power      Power         Power         Power  (%)        
-----------------------------------------------------------------------------------------
Sequential                          1.31      0.1541     0.08823       1.552       50.35
Macro                                  0           0           0           0           0
IO                                     0           0           0           0           0
Combinational                     0.3145      0.4322     0.07467      0.8214       26.64
Clock (Combinational)             0.2487      0.4576     0.00305      0.7094       23.01
Clock (Sequential)                     0           0           0           0           0
-----------------------------------------------------------------------------------------
Total                              1.873       1.044       0.166       3.083         100
-----------------------------------------------------------------------------------------


Rail                  Voltage   Internal   Switching     Leakage       Total  Percentage 
                                Power      Power         Power         Power  (%)        
-----------------------------------------------------------------------------------------
VDD                      0.95      1.873       1.044       0.166       3.083         100


Clock                           Internal   Switching     Leakage       Total  Percentage 
                                Power      Power         Power         Power  (%)        
-----------------------------------------------------------------------------------------
clk                               0.2487      0.4576     0.00305      0.7094       23.01
-----------------------------------------------------------------------------------------
Total                             0.2487      0.4576     0.00305      0.7094       23.01
-----------------------------------------------------------------------------------------
Clock: clk
Clock Period: 0.004100 usec 
Clock Toggle Rate:   487.8049 Mhz 
Clock Static Probability:  0.5000
  
 
 
-----------------------------------------------------------------------------------------
*	Power Distribution Summary: 
*              Highest Average Power: datapath/CTS_ccl_a_buf_00061 (CLKBUF_X3):         0.006199
*              Highest Leakage Power:      datapath/FE_RC_272_0 (NAND4_X4):        0.0001026
*                Total Cap:      3.51475e-11 F
*                Total instances in design:  5217
*                Total instances in design with no power:     0
*                Total instances in design with no activty:     0

*                Total Fillers and Decap:     0
-----------------------------------------------------------------------------------------
 
** INFO:  (VOLTUS_POWR-3465): There are 0 decaps and 0 fillers in the design

Ended Static Power Report Generation: (cpu=0:00:00, real=0:00:00,
mem(process/total/peak)=1833.91MB/5285.99MB/1958.71MB)

