###############################################################
#  Generated by:      Cadence Innovus 23.12-s091_1
#  OS:                Linux x86_64(Host ID nanohub-2907946-1)
#  Generated on:      Tue Aug 11 16:22:15 2026
#  Design:            pipelined_cpu_core
#  Command:           timeDesign -postRoute -hold -expandedViews -outDir cornerReports
###############################################################

------------------------------------------------------------------
          timeDesign Summary
------------------------------------------------------------------

+--------------------+---------+---------+---------+
|     Hold mode      |   all   | reg2reg | default |
+--------------------+---------+---------+---------+
|           WNS (ns):|  0.018  |  0.018  |  0.647  |
|           TNS (ns):|  0.000  |  0.000  |  0.000  |
|    Violating Paths:|    0    |    0    |    0    |
|          All Paths:|  3551   |  3353   |   230   |
+--------------------+---------+---------+---------+
|RPT_SLOW            |  0.209  |  0.209  |  0.647  |
|                    |  0.000  |  0.000  |  0.000  |
|                    |    0    |    0    |    0    |
|                    |  3551   |  3353   |   230   |
+--------------------+---------+---------+---------+
|RPT_TYP             |  0.046  |  0.046  |  0.981  |
|                    |  0.000  |  0.000  |  0.000  |
|                    |    0    |    0    |    0    |
|                    |  3551   |  3353   |   230   |
+--------------------+---------+---------+---------+
|RPT_FAST            |  0.018  |  0.018  |  1.053  |
|                    |  0.000  |  0.000  |  0.000  |
|                    |    0    |    0    |    0    |
|                    |  3551   |  3353   |   230   |
+--------------------+---------+---------+---------+

Density: 81.896%
       (99.998% with Fillers)
------------------------------------------------------------------
