============================================================
  Generated by:           Genus(TM) Synthesis Solution 23.12-s086_1
  Generated on:           Aug 09 2026  05:41:10 pm
  Module:                 pipelined_cpu_core
  Technology library:     NangateOpenCellLibrary revision 1.0
  Operating conditions:   typical 
  Interconnect mode:      global
  Area mode:              physical library
============================================================

                                
   Gate    Instances    Area             Library          
----------------------------------------------------------
AND2_X1          136    144.704    NangateOpenCellLibrary 
AND3_X1            5      6.650    NangateOpenCellLibrary 
AND4_X1            5      7.980    NangateOpenCellLibrary 
AOI211_X1         24     31.920    NangateOpenCellLibrary 
AOI21_X1          97    103.208    NangateOpenCellLibrary 
AOI221_X1          2      3.192    NangateOpenCellLibrary 
AOI222_X1         96    204.288    NangateOpenCellLibrary 
AOI22_X1         979   1302.070    NangateOpenCellLibrary 
BUF_X1            50     39.900    NangateOpenCellLibrary 
DFFR_X1          323   1718.360    NangateOpenCellLibrary 
DFFS_X1            1      5.320    NangateOpenCellLibrary 
FA_X1             49    208.544    NangateOpenCellLibrary 
HA_X1             41    109.060    NangateOpenCellLibrary 
INV_X1           527    280.364    NangateOpenCellLibrary 
MUX2_X1          127    236.474    NangateOpenCellLibrary 
NAND2_X1         111     88.578    NangateOpenCellLibrary 
NAND3_X1          69     73.416    NangateOpenCellLibrary 
NAND4_X1         205    272.650    NangateOpenCellLibrary 
NOR2_X1          183    146.034    NangateOpenCellLibrary 
NOR2_X2           31     41.230    NangateOpenCellLibrary 
NOR3_X1           15     15.960    NangateOpenCellLibrary 
NOR4_X1           62     82.460    NangateOpenCellLibrary 
OAI211_X1          9     11.970    NangateOpenCellLibrary 
OAI21_X1          40     42.560    NangateOpenCellLibrary 
OAI221_X1        112    178.752    NangateOpenCellLibrary 
OAI222_X1          7     14.896    NangateOpenCellLibrary 
OAI22_X1          59     78.470    NangateOpenCellLibrary 
OAI33_X1           1      1.862    NangateOpenCellLibrary 
OR2_X1            50     53.200    NangateOpenCellLibrary 
OR3_X1             2      2.660    NangateOpenCellLibrary 
OR4_X1            11     17.556    NangateOpenCellLibrary 
SDFFR_X1          31    206.150    NangateOpenCellLibrary 
SDFF_X1          992   6069.056    NangateOpenCellLibrary 
XNOR2_X1          58     92.568    NangateOpenCellLibrary 
XOR2_X1           38     60.648    NangateOpenCellLibrary 
----------------------------------------------------------
total           4548  11952.710                           


                                          
     Type      Instances    Area   Area % 
------------------------------------------
sequential          1347  7998.886   66.9 
inverter             527   280.364    2.3 
buffer                50    39.900    0.3 
logic               2624  3633.560   30.4 
physical_cells         0     0.000    0.0 
------------------------------------------
total               4548 11952.710  100.0 

