###############################################################
#  Generated by:      Cadence Innovus 23.12-s091_1
#  OS:                Linux x86_64(Host ID nanohub-2907355-4)
#  Generated on:      Sun Aug  9 17:49:26 2026
#  Design:            pipelined_cpu_core
#  Command:           report_timing -late  -max_paths 10 > reports/40_final_setup.rpt
###############################################################
Path 1: MET Setup Check with Pin datapath/EXMEM_aluResult_reg[0]/CK 
Endpoint:   datapath/EXMEM_aluResult_reg[0]/D (v) checked with  leading edge of 
'clk'
Beginpoint: datapath/MEMWB_rd_reg[3]/Q        (^) triggered by  leading edge of 
'clk'
Path Groups: {reg2reg}
Analysis View: WC_VIEW
Other End Arrival Time         -0.009
- Setup                         0.028
+ Phase Shift                   3.000
+ CPPR Adjustment               0.000
- Uncertainty                   0.100
= Required Time                 2.863
- Arrival Time                  2.854
= Slack Time                    0.009
     Clock Rise Edge                 0.000
     + Clock Network Latency (Prop)  -0.009
     = Beginpoint Arrival Time       -0.009
     +------------------------------------------------------------------------------------------------------------+ 
     |                      Instance                      |     Arc      |   Cell    | Delay | Arrival | Required | 
     |                                                    |              |           |       |  Time   |   Time   | 
     |----------------------------------------------------+--------------+-----------+-------+---------+----------| 
     | datapath/MEMWB_rd_reg[3]                           | CK ^         |           |       |  -0.009 |    0.000 | 
     | datapath/MEMWB_rd_reg[3]                           | CK ^ -> Q ^  | DFFR_X1   | 0.157 |   0.148 |    0.157 | 
     | ALU_forward/g1340__6783                            | A1 ^ -> ZN ^ | OR2_X1    | 0.031 |   0.179 |    0.188 | 
     | ALU_forward/g1318__8246                            | A1 ^ -> ZN ^ | OR4_X1    | 0.022 |   0.201 |    0.210 | 
     | ALU_forward/g1314__1617                            | A1 ^ -> ZN ^ | AND2_X1   | 0.035 |   0.236 |    0.245 | 
     | ALU_forward/g1310__8428                            | A3 ^ -> ZN ^ | AND3_X1   | 0.045 |   0.281 |    0.290 | 
     | ALU_forward/g1308__6260                            | A1 ^ -> ZN v | NAND4_X1  | 0.026 |   0.307 |    0.316 | 
     | ALU_forward/g1306__2398                            | A2 v -> ZN ^ | NOR2_X1   | 0.064 |   0.372 |    0.381 | 
     | datapath/g28854                                    | A1 ^ -> ZN ^ | AND2_X1   | 0.146 |   0.518 |    0.527 | 
     | datapath/g28154                                    | A ^ -> ZN v  | AOI211_X1 | 0.041 |   0.559 |    0.568 | 
     | datapath/ALU_ALU_GEN[0].slice_i_bitAdder/g2        | CI v -> CO v | FA_X1     | 0.085 |   0.644 |    0.653 | 
     | datapath/ALU_ALU_GEN[1].slice_i_bitAdder/g2        | A v -> ZN ^  | OAI21_X1  | 0.025 |   0.669 |    0.678 | 
     | datapath/ALU_ALU_GEN[1].slice_i_bitAdder/g77__2883 | A1 ^ -> ZN v | NAND2_X1  | 0.025 |   0.693 |    0.703 | 
     | datapath/ALU_ALU_GEN[2].slice_i_bitAdder/g2        | A v -> CO v  | FA_X1     | 0.085 |   0.778 |    0.787 | 
     | datapath/ALU_ALU_GEN[3].slice_i_bitAdder/g2        | A v -> ZN ^  | OAI21_X1  | 0.026 |   0.805 |    0.814 | 
     | datapath/ALU_ALU_GEN[3].slice_i_bitAdder/g77__2802 | A1 ^ -> ZN v | NAND2_X1  | 0.023 |   0.828 |    0.837 | 
     | datapath/ALU_ALU_GEN[4].slice_i_bitAdder/g79__6161 | A v -> ZN ^  | OAI21_X1  | 0.023 |   0.851 |    0.860 | 
     | datapath/ALU_ALU_GEN[4].slice_i_bitAdder/g77__7482 | A1 ^ -> ZN v | NAND2_X1  | 0.023 |   0.874 |    0.883 | 
     | datapath/ALU_ALU_GEN[5].slice_i_bitAdder/g2        | A v -> ZN ^  | OAI21_X1  | 0.023 |   0.896 |    0.905 | 
     | datapath/ALU_ALU_GEN[5].slice_i_bitAdder/g77__1666 | A1 ^ -> ZN v | NAND2_X1  | 0.024 |   0.920 |    0.929 | 
     | datapath/ALU_ALU_GEN[6].slice_i_bitAdder/g79__6783 | A v -> ZN ^  | OAI21_X1  | 0.022 |   0.942 |    0.951 | 
     | datapath/ALU_ALU_GEN[6].slice_i_bitAdder/g77__8428 | A1 ^ -> ZN v | NAND2_X1  | 0.023 |   0.965 |    0.974 | 
     | datapath/ALU_ALU_GEN[7].slice_i_bitAdder/g2        | A v -> ZN ^  | OAI21_X1  | 0.022 |   0.987 |    0.996 | 
     | datapath/ALU_ALU_GEN[7].slice_i_bitAdder/g77__5122 | A1 ^ -> ZN v | NAND2_X1  | 0.023 |   1.010 |    1.019 | 
     | datapath/ALU_ALU_GEN[8].slice_i_bitAdder/g2        | A v -> CO v  | FA_X1     | 0.081 |   1.091 |    1.100 | 
     | datapath/ALU_ALU_GEN[9].slice_i_bitAdder/g2        | A v -> ZN ^  | OAI21_X1  | 0.024 |   1.115 |    1.124 | 
     | datapath/ALU_ALU_GEN[9].slice_i_bitAdder/g77__6417 | A1 ^ -> ZN v | NAND2_X1  | 0.024 |   1.139 |    1.148 | 
     | datapath/ALU_ALU_GEN[10].slice_i_bitAdder/g2       | A v -> ZN ^  | OAI21_X1  | 0.022 |   1.162 |    1.171 | 
     | datapath/ALU_ALU_GEN[10].slice_i_bitAdder/g77__678 | A1 ^ -> ZN v | NAND2_X1  | 0.028 |   1.189 |    1.198 | 
     | 3                                                  |              |           |       |         |          | 
     | datapath/ALU_ALU_GEN[11].slice_i_bitAdder/g79__511 | A v -> ZN ^  | OAI21_X1  | 0.024 |   1.213 |    1.222 | 
     | 5                                                  |              |           |       |         |          | 
     | datapath/ALU_ALU_GEN[11].slice_i_bitAdder/g77__613 | A1 ^ -> ZN v | NAND2_X1  | 0.026 |   1.239 |    1.248 | 
     | 1                                                  |              |           |       |         |          | 
     | datapath/ALU_ALU_GEN[12].slice_i_bitAdder/g2       | A v -> ZN ^  | OAI21_X1  | 0.023 |   1.262 |    1.271 | 
     | datapath/ALU_ALU_GEN[12].slice_i_bitAdder/g77__994 | A1 ^ -> ZN v | NAND2_X1  | 0.024 |   1.285 |    1.295 | 
     | 5                                                  |              |           |       |         |          | 
     | datapath/ALU_ALU_GEN[13].slice_i_bitAdder/g79__431 | A v -> ZN ^  | OAI21_X1  | 0.023 |   1.308 |    1.317 | 
     | 9                                                  |              |           |       |         |          | 
     | datapath/ALU_ALU_GEN[13].slice_i_bitAdder/g77__510 | A1 ^ -> ZN v | NAND2_X1  | 0.022 |   1.330 |    1.339 | 
     | 7                                                  |              |           |       |         |          | 
     | datapath/ALU_ALU_GEN[14].slice_i_bitAdder/g2       | A v -> CO v  | FA_X1     | 0.080 |   1.410 |    1.420 | 
     | datapath/ALU_ALU_GEN[15].slice_i_bitAdder/g79__748 | A v -> ZN ^  | OAI21_X1  | 0.024 |   1.434 |    1.444 | 
     | 2                                                  |              |           |       |         |          | 
     | datapath/ALU_ALU_GEN[15].slice_i_bitAdder/g77__188 | A1 ^ -> ZN v | NAND2_X1  | 0.019 |   1.454 |    1.463 | 
     | 1                                                  |              |           |       |         |          | 
     | datapath/ALU_ALU_GEN[16].slice_i_bitAdder/g77__288 | CI v -> CO v | FA_X1     | 0.071 |   1.524 |    1.533 | 
     | 3                                                  |              |           |       |         |          | 
     | datapath/ALU_ALU_GEN[17].slice_i_bitAdder/g77__641 | CI v -> CO v | FA_X1     | 0.073 |   1.597 |    1.606 | 
     | 7                                                  |              |           |       |         |          | 
     | datapath/ALU_ALU_GEN[18].slice_i_bitAdder/g77__626 | CI v -> CO v | FA_X1     | 0.074 |   1.671 |    1.680 | 
     | 0                                                  |              |           |       |         |          | 
     | datapath/ALU_ALU_GEN[19].slice_i_bitAdder/g77__678 | CI v -> CO v | FA_X1     | 0.074 |   1.745 |    1.754 | 
     | 3                                                  |              |           |       |         |          | 
     | datapath/ALU_ALU_GEN[20].slice_i_bitAdder/g77__170 | CI v -> CO v | FA_X1     | 0.074 |   1.819 |    1.828 | 
     | 5                                                  |              |           |       |         |          | 
     | datapath/ALU_ALU_GEN[21].slice_i_bitAdder/g77__613 | CI v -> CO v | FA_X1     | 0.074 |   1.893 |    1.902 | 
     | 1                                                  |              |           |       |         |          | 
     | datapath/ALU_ALU_GEN[22].slice_i_bitAdder/g77__473 | CI v -> CO v | FA_X1     | 0.073 |   1.966 |    1.975 | 
     | 3                                                  |              |           |       |         |          | 
     | datapath/ALU_ALU_GEN[23].slice_i_bitAdder/g77__288 | CI v -> CO v | FA_X1     | 0.077 |   2.043 |    2.052 | 
     | 3                                                  |              |           |       |         |          | 
     | datapath/ALU_ALU_GEN[24].slice_i_bitAdder/g77__641 | CI v -> CO v | FA_X1     | 0.074 |   2.117 |    2.126 | 
     | 7                                                  |              |           |       |         |          | 
     | datapath/ALU_ALU_GEN[25].slice_i_bitAdder/g77__626 | CI v -> CO v | FA_X1     | 0.073 |   2.190 |    2.199 | 
     | 0                                                  |              |           |       |         |          | 
     | datapath/ALU_ALU_GEN[26].slice_i_bitAdder/g77__678 | CI v -> CO v | FA_X1     | 0.072 |   2.262 |    2.272 | 
     | 3                                                  |              |           |       |         |          | 
     | datapath/ALU_ALU_GEN[27].slice_i_bitAdder/g77__170 | CI v -> CO v | FA_X1     | 0.074 |   2.336 |    2.345 | 
     | 5                                                  |              |           |       |         |          | 
     | datapath/ALU_ALU_GEN[28].slice_i_bitAdder/g77__613 | CI v -> CO v | FA_X1     | 0.075 |   2.412 |    2.421 | 
     | 1                                                  |              |           |       |         |          | 
     | datapath/ALU_ALU_GEN[29].slice_i_bitAdder/g77__473 | CI v -> CO v | FA_X1     | 0.073 |   2.485 |    2.494 | 
     | 3                                                  |              |           |       |         |          | 
     | datapath/ALU_ALU_GEN[30].slice_i_bitAdder/g77__288 | CI v -> CO v | FA_X1     | 0.078 |   2.563 |    2.572 | 
     | 3                                                  |              |           |       |         |          | 
     | datapath/ALU_msb_bitAdder/g77__6417                | CI v -> S ^  | FA_X1     | 0.118 |   2.682 |    2.691 | 
     | datapath/g19682                                    | A ^ -> ZN ^  | XNOR2_X1  | 0.041 |   2.723 |    2.732 | 
     | datapath/g19679                                    | A ^ -> ZN v  | XNOR2_X1  | 0.017 |   2.740 |    2.749 | 
     | datapath/ALU_ALU_GEN[0].slice_i_resultMux/g154__93 | B v -> Z v   | MUX2_X1   | 0.059 |   2.799 |    2.808 | 
     | 15                                                 |              |           |       |         |          | 
     | datapath/ALU_ALU_GEN[0].slice_i_resultMux/g153__61 | B v -> Z v   | MUX2_X2   | 0.055 |   2.854 |    2.863 | 
     | 61                                                 |              |           |       |         |          | 
     | datapath/EXMEM_aluResult_reg[0]                    | D v          | DFFR_X1   | 0.000 |   2.854 |    2.863 | 
     +------------------------------------------------------------------------------------------------------------+ 
Path 2: MET Setup Check with Pin datapath/IFID_pc_reg[7]/CK 
Endpoint:   datapath/IFID_pc_reg[7]/D         (v) checked with  leading edge of 
'clk'
Beginpoint: datapath/registers_RF_reg[1][1]/Q (v) triggered by trailing edge of 
'clk'
Path Groups: {reg2reg}
Analysis View: WC_VIEW
Other End Arrival Time         -0.013
- Setup                         0.032
+ Phase Shift                   3.000
+ CPPR Adjustment               0.000
- Uncertainty                   0.100
= Required Time                 2.855
- Arrival Time                  2.804
= Slack Time                    0.050
     Clock Fall Edge                 1.500
     + Clock Network Latency (Prop)  0.008
     = Beginpoint Arrival Time       1.508
     +-----------------------------------------------------------------------------------------+ 
     |            Instance             |     Arc      |   Cell    | Delay | Arrival | Required | 
     |                                 |              |           |       |  Time   |   Time   | 
     |---------------------------------+--------------+-----------+-------+---------+----------| 
     | datapath/registers_RF_reg[1][1] | CK ^         |           |       |   1.508 |    1.559 | 
     | datapath/registers_RF_reg[1][1] | CK ^ -> Q v  | SDFF_X1   | 0.085 |   1.593 |    1.644 | 
     | datapath/g3584__1666            | C2 v -> ZN ^ | AOI222_X1 | 0.106 |   1.699 |    1.749 | 
     | datapath/g3440__9315            | A1 ^ -> ZN v | NAND3_X1  | 0.030 |   1.729 |    1.780 | 
     | datapath/g38629                 | A4 v -> ZN ^ | NOR4_X1   | 0.107 |   1.836 |    1.887 | 
     | datapath/FE_OFC44_n_2507        | A ^ -> Z ^   | CLKBUF_X1 | 0.063 |   1.899 |    1.950 | 
     | datapath/g28218                 | B2 ^ -> ZN v | AOI21_X1  | 0.028 |   1.927 |    1.978 | 
     | datapath/LT_TC_OP_g2521         | A v -> ZN ^  | INV_X1    | 0.030 |   1.957 |    2.008 | 
     | datapath/LT_TC_OP_g2461         | C2 ^ -> ZN v | OAI211_X1 | 0.025 |   1.982 |    2.033 | 
     | datapath/LT_TC_OP_g2428         | A2 v -> ZN ^ | AOI222_X1 | 0.090 |   2.073 |    2.123 | 
     | datapath/LT_TC_OP_g2423         | B2 ^ -> ZN v | OAI221_X1 | 0.041 |   2.114 |    2.164 | 
     | datapath/LT_TC_OP_g2420         | C1 v -> ZN ^ | AOI221_X1 | 0.123 |   2.237 |    2.287 | 
     | datapath/LT_TC_OP_g2419         | A1 ^ -> ZN v | OAI222_X1 | 0.047 |   2.284 |    2.334 | 
     | datapath/LT_TC_OP_g2418         | A1 v -> ZN ^ | NAND4_X1  | 0.030 |   2.314 |    2.365 | 
     | datapath/LT_TC_OP_g2417         | C1 ^ -> ZN v | AOI211_X1 | 0.018 |   2.332 |    2.383 | 
     | datapath/LT_TC_OP_g2416         | A1 v -> ZN ^ | NOR2_X1   | 0.048 |   2.380 |    2.431 | 
     | datapath/g19681                 | B1 ^ -> ZN v | AOI21_X1  | 0.027 |   2.407 |    2.457 | 
     | datapath/g19680                 | A v -> ZN ^  | INV_X2    | 0.098 |   2.505 |    2.555 | 
     | g1513                           | A1 ^ -> ZN ^ | AND2_X2   | 0.151 |   2.656 |    2.706 | 
     | datapath/FE_OFC134_IFID_flush   | A ^ -> Z ^   | BUF_X1    | 0.134 |   2.790 |    2.840 | 
     | datapath/g37614                 | A1 ^ -> ZN v | NOR2_X1   | 0.014 |   2.804 |    2.855 | 
     | datapath/IFID_pc_reg[7]         | D v          | DFFR_X1   | 0.000 |   2.804 |    2.855 | 
     +-----------------------------------------------------------------------------------------+ 
Path 3: MET Setup Check with Pin datapath/IFID_pc_reg[28]/CK 
Endpoint:   datapath/IFID_pc_reg[28]/D        (v) checked with  leading edge of 
'clk'
Beginpoint: datapath/registers_RF_reg[1][1]/Q (v) triggered by trailing edge of 
'clk'
Path Groups: {reg2reg}
Analysis View: WC_VIEW
Other End Arrival Time         -0.013
- Setup                         0.032
+ Phase Shift                   3.000
+ CPPR Adjustment               0.000
- Uncertainty                   0.100
= Required Time                 2.855
- Arrival Time                  2.804
= Slack Time                    0.051
     Clock Fall Edge                 1.500
     + Clock Network Latency (Prop)  0.008
     = Beginpoint Arrival Time       1.508
     +-----------------------------------------------------------------------------------------+ 
     |            Instance             |     Arc      |   Cell    | Delay | Arrival | Required | 
     |                                 |              |           |       |  Time   |   Time   | 
     |---------------------------------+--------------+-----------+-------+---------+----------| 
     | datapath/registers_RF_reg[1][1] | CK ^         |           |       |   1.508 |    1.559 | 
     | datapath/registers_RF_reg[1][1] | CK ^ -> Q v  | SDFF_X1   | 0.085 |   1.593 |    1.645 | 
     | datapath/g3584__1666            | C2 v -> ZN ^ | AOI222_X1 | 0.106 |   1.699 |    1.750 | 
     | datapath/g3440__9315            | A1 ^ -> ZN v | NAND3_X1  | 0.030 |   1.729 |    1.780 | 
     | datapath/g38629                 | A4 v -> ZN ^ | NOR4_X1   | 0.107 |   1.836 |    1.888 | 
     | datapath/FE_OFC44_n_2507        | A ^ -> Z ^   | CLKBUF_X1 | 0.063 |   1.899 |    1.951 | 
     | datapath/g28218                 | B2 ^ -> ZN v | AOI21_X1  | 0.028 |   1.927 |    1.979 | 
     | datapath/LT_TC_OP_g2521         | A v -> ZN ^  | INV_X1    | 0.030 |   1.957 |    2.009 | 
     | datapath/LT_TC_OP_g2461         | C2 ^ -> ZN v | OAI211_X1 | 0.025 |   1.982 |    2.034 | 
     | datapath/LT_TC_OP_g2428         | A2 v -> ZN ^ | AOI222_X1 | 0.090 |   2.073 |    2.124 | 
     | datapath/LT_TC_OP_g2423         | B2 ^ -> ZN v | OAI221_X1 | 0.041 |   2.114 |    2.165 | 
     | datapath/LT_TC_OP_g2420         | C1 v -> ZN ^ | AOI221_X1 | 0.123 |   2.237 |    2.288 | 
     | datapath/LT_TC_OP_g2419         | A1 ^ -> ZN v | OAI222_X1 | 0.047 |   2.284 |    2.335 | 
     | datapath/LT_TC_OP_g2418         | A1 v -> ZN ^ | NAND4_X1  | 0.030 |   2.314 |    2.366 | 
     | datapath/LT_TC_OP_g2417         | C1 ^ -> ZN v | AOI211_X1 | 0.018 |   2.332 |    2.383 | 
     | datapath/LT_TC_OP_g2416         | A1 v -> ZN ^ | NOR2_X1   | 0.048 |   2.380 |    2.431 | 
     | datapath/g19681                 | B1 ^ -> ZN v | AOI21_X1  | 0.027 |   2.407 |    2.458 | 
     | datapath/g19680                 | A v -> ZN ^  | INV_X2    | 0.098 |   2.505 |    2.556 | 
     | g1513                           | A1 ^ -> ZN ^ | AND2_X2   | 0.151 |   2.656 |    2.707 | 
     | datapath/FE_OFC134_IFID_flush   | A ^ -> Z ^   | BUF_X1    | 0.134 |   2.790 |    2.841 | 
     | datapath/g37606                 | A1 ^ -> ZN v | NOR2_X1   | 0.014 |   2.804 |    2.855 | 
     | datapath/IFID_pc_reg[28]        | D v          | DFFR_X1   | 0.000 |   2.804 |    2.855 | 
     +-----------------------------------------------------------------------------------------+ 
Path 4: MET Setup Check with Pin datapath/IFID_pc_reg[9]/CK 
Endpoint:   datapath/IFID_pc_reg[9]/D         (v) checked with  leading edge of 
'clk'
Beginpoint: datapath/registers_RF_reg[1][1]/Q (v) triggered by trailing edge of 
'clk'
Path Groups: {reg2reg}
Analysis View: WC_VIEW
Other End Arrival Time         -0.012
- Setup                         0.032
+ Phase Shift                   3.000
+ CPPR Adjustment               0.000
- Uncertainty                   0.100
= Required Time                 2.856
- Arrival Time                  2.804
= Slack Time                    0.052
     Clock Fall Edge                 1.500
     + Clock Network Latency (Prop)  0.008
     = Beginpoint Arrival Time       1.508
     +-----------------------------------------------------------------------------------------+ 
     |            Instance             |     Arc      |   Cell    | Delay | Arrival | Required | 
     |                                 |              |           |       |  Time   |   Time   | 
     |---------------------------------+--------------+-----------+-------+---------+----------| 
     | datapath/registers_RF_reg[1][1] | CK ^         |           |       |   1.508 |    1.560 | 
     | datapath/registers_RF_reg[1][1] | CK ^ -> Q v  | SDFF_X1   | 0.085 |   1.593 |    1.646 | 
     | datapath/g3584__1666            | C2 v -> ZN ^ | AOI222_X1 | 0.106 |   1.699 |    1.751 | 
     | datapath/g3440__9315            | A1 ^ -> ZN v | NAND3_X1  | 0.030 |   1.729 |    1.781 | 
     | datapath/g38629                 | A4 v -> ZN ^ | NOR4_X1   | 0.107 |   1.836 |    1.889 | 
     | datapath/FE_OFC44_n_2507        | A ^ -> Z ^   | CLKBUF_X1 | 0.063 |   1.899 |    1.952 | 
     | datapath/g28218                 | B2 ^ -> ZN v | AOI21_X1  | 0.028 |   1.927 |    1.980 | 
     | datapath/LT_TC_OP_g2521         | A v -> ZN ^  | INV_X1    | 0.030 |   1.957 |    2.010 | 
     | datapath/LT_TC_OP_g2461         | C2 ^ -> ZN v | OAI211_X1 | 0.025 |   1.982 |    2.035 | 
     | datapath/LT_TC_OP_g2428         | A2 v -> ZN ^ | AOI222_X1 | 0.090 |   2.073 |    2.125 | 
     | datapath/LT_TC_OP_g2423         | B2 ^ -> ZN v | OAI221_X1 | 0.041 |   2.114 |    2.166 | 
     | datapath/LT_TC_OP_g2420         | C1 v -> ZN ^ | AOI221_X1 | 0.123 |   2.237 |    2.289 | 
     | datapath/LT_TC_OP_g2419         | A1 ^ -> ZN v | OAI222_X1 | 0.047 |   2.284 |    2.336 | 
     | datapath/LT_TC_OP_g2418         | A1 v -> ZN ^ | NAND4_X1  | 0.030 |   2.314 |    2.367 | 
     | datapath/LT_TC_OP_g2417         | C1 ^ -> ZN v | AOI211_X1 | 0.018 |   2.332 |    2.384 | 
     | datapath/LT_TC_OP_g2416         | A1 v -> ZN ^ | NOR2_X1   | 0.048 |   2.380 |    2.432 | 
     | datapath/g19681                 | B1 ^ -> ZN v | AOI21_X1  | 0.027 |   2.407 |    2.459 | 
     | datapath/g19680                 | A v -> ZN ^  | INV_X2    | 0.098 |   2.505 |    2.557 | 
     | g1513                           | A1 ^ -> ZN ^ | AND2_X2   | 0.151 |   2.656 |    2.708 | 
     | datapath/FE_OFC134_IFID_flush   | A ^ -> Z ^   | BUF_X1    | 0.134 |   2.790 |    2.842 | 
     | datapath/g37585                 | A1 ^ -> ZN v | NOR2_X1   | 0.014 |   2.804 |    2.856 | 
     | datapath/IFID_pc_reg[9]         | D v          | DFFR_X1   | 0.000 |   2.804 |    2.856 | 
     +-----------------------------------------------------------------------------------------+ 
Path 5: MET Setup Check with Pin datapath/IFID_pc_reg[30]/CK 
Endpoint:   datapath/IFID_pc_reg[30]/D        (v) checked with  leading edge of 
'clk'
Beginpoint: datapath/registers_RF_reg[1][1]/Q (v) triggered by trailing edge of 
'clk'
Path Groups: {reg2reg}
Analysis View: WC_VIEW
Other End Arrival Time         -0.014
- Setup                         0.032
+ Phase Shift                   3.000
+ CPPR Adjustment               0.000
- Uncertainty                   0.100
= Required Time                 2.855
- Arrival Time                  2.802
= Slack Time                    0.053
     Clock Fall Edge                 1.500
     + Clock Network Latency (Prop)  0.008
     = Beginpoint Arrival Time       1.508
     +-----------------------------------------------------------------------------------------+ 
     |            Instance             |     Arc      |   Cell    | Delay | Arrival | Required | 
     |                                 |              |           |       |  Time   |   Time   | 
     |---------------------------------+--------------+-----------+-------+---------+----------| 
     | datapath/registers_RF_reg[1][1] | CK ^         |           |       |   1.508 |    1.561 | 
     | datapath/registers_RF_reg[1][1] | CK ^ -> Q v  | SDFF_X1   | 0.085 |   1.593 |    1.646 | 
     | datapath/g3584__1666            | C2 v -> ZN ^ | AOI222_X1 | 0.106 |   1.699 |    1.752 | 
     | datapath/g3440__9315            | A1 ^ -> ZN v | NAND3_X1  | 0.030 |   1.729 |    1.782 | 
     | datapath/g38629                 | A4 v -> ZN ^ | NOR4_X1   | 0.107 |   1.836 |    1.889 | 
     | datapath/FE_OFC44_n_2507        | A ^ -> Z ^   | CLKBUF_X1 | 0.063 |   1.899 |    1.952 | 
     | datapath/g28218                 | B2 ^ -> ZN v | AOI21_X1  | 0.028 |   1.927 |    1.980 | 
     | datapath/LT_TC_OP_g2521         | A v -> ZN ^  | INV_X1    | 0.030 |   1.957 |    2.010 | 
     | datapath/LT_TC_OP_g2461         | C2 ^ -> ZN v | OAI211_X1 | 0.025 |   1.982 |    2.035 | 
     | datapath/LT_TC_OP_g2428         | A2 v -> ZN ^ | AOI222_X1 | 0.090 |   2.073 |    2.125 | 
     | datapath/LT_TC_OP_g2423         | B2 ^ -> ZN v | OAI221_X1 | 0.041 |   2.114 |    2.166 | 
     | datapath/LT_TC_OP_g2420         | C1 v -> ZN ^ | AOI221_X1 | 0.123 |   2.237 |    2.289 | 
     | datapath/LT_TC_OP_g2419         | A1 ^ -> ZN v | OAI222_X1 | 0.047 |   2.284 |    2.337 | 
     | datapath/LT_TC_OP_g2418         | A1 v -> ZN ^ | NAND4_X1  | 0.030 |   2.314 |    2.367 | 
     | datapath/LT_TC_OP_g2417         | C1 ^ -> ZN v | AOI211_X1 | 0.018 |   2.332 |    2.385 | 
     | datapath/LT_TC_OP_g2416         | A1 v -> ZN ^ | NOR2_X1   | 0.048 |   2.380 |    2.433 | 
     | datapath/g19681                 | B1 ^ -> ZN v | AOI21_X1  | 0.027 |   2.407 |    2.459 | 
     | datapath/g19680                 | A v -> ZN ^  | INV_X2    | 0.098 |   2.505 |    2.557 | 
     | g1513                           | A1 ^ -> ZN ^ | AND2_X2   | 0.151 |   2.656 |    2.708 | 
     | datapath/FE_OFC134_IFID_flush   | A ^ -> Z ^   | BUF_X1    | 0.134 |   2.790 |    2.842 | 
     | datapath/g37608                 | A1 ^ -> ZN v | NOR2_X1   | 0.013 |   2.802 |    2.855 | 
     | datapath/IFID_pc_reg[30]        | D v          | DFFR_X1   | 0.000 |   2.802 |    2.855 | 
     +-----------------------------------------------------------------------------------------+ 
Path 6: MET Setup Check with Pin datapath/IFID_instr_reg[27]/CK 
Endpoint:   datapath/IFID_instr_reg[27]/D     (v) checked with  leading edge of 
'clk'
Beginpoint: datapath/registers_RF_reg[1][1]/Q (v) triggered by trailing edge of 
'clk'
Path Groups: {reg2reg}
Analysis View: WC_VIEW
Other End Arrival Time         -0.014
- Setup                         0.031
+ Phase Shift                   3.000
+ CPPR Adjustment               0.000
- Uncertainty                   0.100
= Required Time                 2.855
- Arrival Time                  2.801
= Slack Time                    0.054
     Clock Fall Edge                 1.500
     + Clock Network Latency (Prop)  0.008
     = Beginpoint Arrival Time       1.508
     +-----------------------------------------------------------------------------------------+ 
     |            Instance             |     Arc      |   Cell    | Delay | Arrival | Required | 
     |                                 |              |           |       |  Time   |   Time   | 
     |---------------------------------+--------------+-----------+-------+---------+----------| 
     | datapath/registers_RF_reg[1][1] | CK ^         |           |       |   1.508 |    1.562 | 
     | datapath/registers_RF_reg[1][1] | CK ^ -> Q v  | SDFF_X1   | 0.085 |   1.593 |    1.647 | 
     | datapath/g3584__1666            | C2 v -> ZN ^ | AOI222_X1 | 0.106 |   1.699 |    1.753 | 
     | datapath/g3440__9315            | A1 ^ -> ZN v | NAND3_X1  | 0.030 |   1.729 |    1.783 | 
     | datapath/g38629                 | A4 v -> ZN ^ | NOR4_X1   | 0.107 |   1.836 |    1.890 | 
     | datapath/FE_OFC44_n_2507        | A ^ -> Z ^   | CLKBUF_X1 | 0.063 |   1.899 |    1.953 | 
     | datapath/g28218                 | B2 ^ -> ZN v | AOI21_X1  | 0.028 |   1.927 |    1.981 | 
     | datapath/LT_TC_OP_g2521         | A v -> ZN ^  | INV_X1    | 0.030 |   1.957 |    2.011 | 
     | datapath/LT_TC_OP_g2461         | C2 ^ -> ZN v | OAI211_X1 | 0.025 |   1.982 |    2.036 | 
     | datapath/LT_TC_OP_g2428         | A2 v -> ZN ^ | AOI222_X1 | 0.090 |   2.073 |    2.126 | 
     | datapath/LT_TC_OP_g2423         | B2 ^ -> ZN v | OAI221_X1 | 0.041 |   2.114 |    2.168 | 
     | datapath/LT_TC_OP_g2420         | C1 v -> ZN ^ | AOI221_X1 | 0.123 |   2.237 |    2.290 | 
     | datapath/LT_TC_OP_g2419         | A1 ^ -> ZN v | OAI222_X1 | 0.047 |   2.284 |    2.338 | 
     | datapath/LT_TC_OP_g2418         | A1 v -> ZN ^ | NAND4_X1  | 0.030 |   2.314 |    2.368 | 
     | datapath/LT_TC_OP_g2417         | C1 ^ -> ZN v | AOI211_X1 | 0.018 |   2.332 |    2.386 | 
     | datapath/LT_TC_OP_g2416         | A1 v -> ZN ^ | NOR2_X1   | 0.048 |   2.380 |    2.434 | 
     | datapath/g19681                 | B1 ^ -> ZN v | AOI21_X1  | 0.027 |   2.407 |    2.461 | 
     | datapath/g19680                 | A v -> ZN ^  | INV_X2    | 0.098 |   2.505 |    2.559 | 
     | g1513                           | A1 ^ -> ZN ^ | AND2_X2   | 0.151 |   2.656 |    2.710 | 
     | datapath/FE_OFC134_IFID_flush   | A ^ -> Z ^   | BUF_X1    | 0.134 |   2.790 |    2.844 | 
     | datapath/g37543                 | A1 ^ -> ZN v | NOR2_X1   | 0.011 |   2.801 |    2.855 | 
     | datapath/IFID_instr_reg[27]     | D v          | DFFR_X1   | 0.000 |   2.801 |    2.855 | 
     +-----------------------------------------------------------------------------------------+ 
Path 7: MET Setup Check with Pin datapath/IFID_pc_reg[26]/CK 
Endpoint:   datapath/IFID_pc_reg[26]/D        (v) checked with  leading edge of 
'clk'
Beginpoint: datapath/registers_RF_reg[1][1]/Q (v) triggered by trailing edge of 
'clk'
Path Groups: {reg2reg}
Analysis View: WC_VIEW
Other End Arrival Time         -0.013
- Setup                         0.032
+ Phase Shift                   3.000
+ CPPR Adjustment               0.000
- Uncertainty                   0.100
= Required Time                 2.855
- Arrival Time                  2.801
= Slack Time                    0.054
     Clock Fall Edge                 1.500
     + Clock Network Latency (Prop)  0.008
     = Beginpoint Arrival Time       1.508
     +-----------------------------------------------------------------------------------------+ 
     |            Instance             |     Arc      |   Cell    | Delay | Arrival | Required | 
     |                                 |              |           |       |  Time   |   Time   | 
     |---------------------------------+--------------+-----------+-------+---------+----------| 
     | datapath/registers_RF_reg[1][1] | CK ^         |           |       |   1.508 |    1.562 | 
     | datapath/registers_RF_reg[1][1] | CK ^ -> Q v  | SDFF_X1   | 0.085 |   1.593 |    1.647 | 
     | datapath/g3584__1666            | C2 v -> ZN ^ | AOI222_X1 | 0.106 |   1.699 |    1.753 | 
     | datapath/g3440__9315            | A1 ^ -> ZN v | NAND3_X1  | 0.030 |   1.729 |    1.783 | 
     | datapath/g38629                 | A4 v -> ZN ^ | NOR4_X1   | 0.107 |   1.836 |    1.890 | 
     | datapath/FE_OFC44_n_2507        | A ^ -> Z ^   | CLKBUF_X1 | 0.063 |   1.899 |    1.953 | 
     | datapath/g28218                 | B2 ^ -> ZN v | AOI21_X1  | 0.028 |   1.927 |    1.981 | 
     | datapath/LT_TC_OP_g2521         | A v -> ZN ^  | INV_X1    | 0.030 |   1.957 |    2.011 | 
     | datapath/LT_TC_OP_g2461         | C2 ^ -> ZN v | OAI211_X1 | 0.025 |   1.982 |    2.036 | 
     | datapath/LT_TC_OP_g2428         | A2 v -> ZN ^ | AOI222_X1 | 0.090 |   2.073 |    2.126 | 
     | datapath/LT_TC_OP_g2423         | B2 ^ -> ZN v | OAI221_X1 | 0.041 |   2.114 |    2.168 | 
     | datapath/LT_TC_OP_g2420         | C1 v -> ZN ^ | AOI221_X1 | 0.123 |   2.237 |    2.290 | 
     | datapath/LT_TC_OP_g2419         | A1 ^ -> ZN v | OAI222_X1 | 0.047 |   2.284 |    2.338 | 
     | datapath/LT_TC_OP_g2418         | A1 v -> ZN ^ | NAND4_X1  | 0.030 |   2.314 |    2.368 | 
     | datapath/LT_TC_OP_g2417         | C1 ^ -> ZN v | AOI211_X1 | 0.018 |   2.332 |    2.386 | 
     | datapath/LT_TC_OP_g2416         | A1 v -> ZN ^ | NOR2_X1   | 0.048 |   2.380 |    2.434 | 
     | datapath/g19681                 | B1 ^ -> ZN v | AOI21_X1  | 0.027 |   2.407 |    2.461 | 
     | datapath/g19680                 | A v -> ZN ^  | INV_X2    | 0.098 |   2.505 |    2.559 | 
     | g1513                           | A1 ^ -> ZN ^ | AND2_X2   | 0.151 |   2.656 |    2.710 | 
     | datapath/FE_OFC134_IFID_flush   | A ^ -> Z ^   | BUF_X1    | 0.134 |   2.790 |    2.844 | 
     | datapath/g37532                 | A1 ^ -> ZN v | NOR2_X1   | 0.012 |   2.801 |    2.855 | 
     | datapath/IFID_pc_reg[26]        | D v          | DFFR_X1   | 0.000 |   2.801 |    2.855 | 
     +-----------------------------------------------------------------------------------------+ 
Path 8: MET Setup Check with Pin datapath/IFID_instr_reg[28]/CK 
Endpoint:   datapath/IFID_instr_reg[28]/D     (v) checked with  leading edge of 
'clk'
Beginpoint: datapath/registers_RF_reg[1][1]/Q (v) triggered by trailing edge of 
'clk'
Path Groups: {reg2reg}
Analysis View: WC_VIEW
Other End Arrival Time         -0.013
- Setup                         0.031
+ Phase Shift                   3.000
+ CPPR Adjustment               0.000
- Uncertainty                   0.100
= Required Time                 2.855
- Arrival Time                  2.801
= Slack Time                    0.054
     Clock Fall Edge                 1.500
     + Clock Network Latency (Prop)  0.008
     = Beginpoint Arrival Time       1.508
     +-----------------------------------------------------------------------------------------+ 
     |            Instance             |     Arc      |   Cell    | Delay | Arrival | Required | 
     |                                 |              |           |       |  Time   |   Time   | 
     |---------------------------------+--------------+-----------+-------+---------+----------| 
     | datapath/registers_RF_reg[1][1] | CK ^         |           |       |   1.508 |    1.562 | 
     | datapath/registers_RF_reg[1][1] | CK ^ -> Q v  | SDFF_X1   | 0.085 |   1.593 |    1.648 | 
     | datapath/g3584__1666            | C2 v -> ZN ^ | AOI222_X1 | 0.106 |   1.699 |    1.753 | 
     | datapath/g3440__9315            | A1 ^ -> ZN v | NAND3_X1  | 0.030 |   1.729 |    1.783 | 
     | datapath/g38629                 | A4 v -> ZN ^ | NOR4_X1   | 0.107 |   1.836 |    1.891 | 
     | datapath/FE_OFC44_n_2507        | A ^ -> Z ^   | CLKBUF_X1 | 0.063 |   1.899 |    1.953 | 
     | datapath/g28218                 | B2 ^ -> ZN v | AOI21_X1  | 0.028 |   1.927 |    1.981 | 
     | datapath/LT_TC_OP_g2521         | A v -> ZN ^  | INV_X1    | 0.030 |   1.957 |    2.012 | 
     | datapath/LT_TC_OP_g2461         | C2 ^ -> ZN v | OAI211_X1 | 0.025 |   1.982 |    2.036 | 
     | datapath/LT_TC_OP_g2428         | A2 v -> ZN ^ | AOI222_X1 | 0.090 |   2.073 |    2.127 | 
     | datapath/LT_TC_OP_g2423         | B2 ^ -> ZN v | OAI221_X1 | 0.041 |   2.114 |    2.168 | 
     | datapath/LT_TC_OP_g2420         | C1 v -> ZN ^ | AOI221_X1 | 0.123 |   2.237 |    2.291 | 
     | datapath/LT_TC_OP_g2419         | A1 ^ -> ZN v | OAI222_X1 | 0.047 |   2.284 |    2.338 | 
     | datapath/LT_TC_OP_g2418         | A1 v -> ZN ^ | NAND4_X1  | 0.030 |   2.314 |    2.369 | 
     | datapath/LT_TC_OP_g2417         | C1 ^ -> ZN v | AOI211_X1 | 0.018 |   2.332 |    2.386 | 
     | datapath/LT_TC_OP_g2416         | A1 v -> ZN ^ | NOR2_X1   | 0.048 |   2.380 |    2.434 | 
     | datapath/g19681                 | B1 ^ -> ZN v | AOI21_X1  | 0.027 |   2.407 |    2.461 | 
     | datapath/g19680                 | A v -> ZN ^  | INV_X2    | 0.098 |   2.505 |    2.559 | 
     | g1513                           | A1 ^ -> ZN ^ | AND2_X2   | 0.151 |   2.656 |    2.710 | 
     | datapath/FE_OFC134_IFID_flush   | A ^ -> Z ^   | BUF_X1    | 0.134 |   2.790 |    2.844 | 
     | datapath/g37544                 | A1 ^ -> ZN v | NOR2_X1   | 0.011 |   2.801 |    2.855 | 
     | datapath/IFID_instr_reg[28]     | D v          | DFFR_X1   | 0.000 |   2.801 |    2.855 | 
     +-----------------------------------------------------------------------------------------+ 
Path 9: MET Setup Check with Pin datapath/IFID_pc_reg[6]/CK 
Endpoint:   datapath/IFID_pc_reg[6]/D         (v) checked with  leading edge of 
'clk'
Beginpoint: datapath/registers_RF_reg[1][1]/Q (v) triggered by trailing edge of 
'clk'
Path Groups: {reg2reg}
Analysis View: WC_VIEW
Other End Arrival Time         -0.013
- Setup                         0.031
+ Phase Shift                   3.000
+ CPPR Adjustment               0.000
- Uncertainty                   0.100
= Required Time                 2.855
- Arrival Time                  2.801
= Slack Time                    0.054
     Clock Fall Edge                 1.500
     + Clock Network Latency (Prop)  0.008
     = Beginpoint Arrival Time       1.508
     +-----------------------------------------------------------------------------------------+ 
     |            Instance             |     Arc      |   Cell    | Delay | Arrival | Required | 
     |                                 |              |           |       |  Time   |   Time   | 
     |---------------------------------+--------------+-----------+-------+---------+----------| 
     | datapath/registers_RF_reg[1][1] | CK ^         |           |       |   1.508 |    1.562 | 
     | datapath/registers_RF_reg[1][1] | CK ^ -> Q v  | SDFF_X1   | 0.085 |   1.593 |    1.648 | 
     | datapath/g3584__1666            | C2 v -> ZN ^ | AOI222_X1 | 0.106 |   1.699 |    1.753 | 
     | datapath/g3440__9315            | A1 ^ -> ZN v | NAND3_X1  | 0.030 |   1.729 |    1.783 | 
     | datapath/g38629                 | A4 v -> ZN ^ | NOR4_X1   | 0.107 |   1.836 |    1.891 | 
     | datapath/FE_OFC44_n_2507        | A ^ -> Z ^   | CLKBUF_X1 | 0.063 |   1.899 |    1.954 | 
     | datapath/g28218                 | B2 ^ -> ZN v | AOI21_X1  | 0.028 |   1.927 |    1.982 | 
     | datapath/LT_TC_OP_g2521         | A v -> ZN ^  | INV_X1    | 0.030 |   1.957 |    2.012 | 
     | datapath/LT_TC_OP_g2461         | C2 ^ -> ZN v | OAI211_X1 | 0.025 |   1.982 |    2.037 | 
     | datapath/LT_TC_OP_g2428         | A2 v -> ZN ^ | AOI222_X1 | 0.090 |   2.073 |    2.127 | 
     | datapath/LT_TC_OP_g2423         | B2 ^ -> ZN v | OAI221_X1 | 0.041 |   2.114 |    2.168 | 
     | datapath/LT_TC_OP_g2420         | C1 v -> ZN ^ | AOI221_X1 | 0.123 |   2.237 |    2.291 | 
     | datapath/LT_TC_OP_g2419         | A1 ^ -> ZN v | OAI222_X1 | 0.047 |   2.284 |    2.338 | 
     | datapath/LT_TC_OP_g2418         | A1 v -> ZN ^ | NAND4_X1  | 0.030 |   2.314 |    2.369 | 
     | datapath/LT_TC_OP_g2417         | C1 ^ -> ZN v | AOI211_X1 | 0.018 |   2.332 |    2.386 | 
     | datapath/LT_TC_OP_g2416         | A1 v -> ZN ^ | NOR2_X1   | 0.048 |   2.380 |    2.434 | 
     | datapath/g19681                 | B1 ^ -> ZN v | AOI21_X1  | 0.027 |   2.407 |    2.461 | 
     | datapath/g19680                 | A v -> ZN ^  | INV_X2    | 0.098 |   2.505 |    2.559 | 
     | g1513                           | A1 ^ -> ZN ^ | AND2_X2   | 0.151 |   2.656 |    2.710 | 
     | datapath/FE_OFC134_IFID_flush   | A ^ -> Z ^   | BUF_X1    | 0.134 |   2.790 |    2.844 | 
     | datapath/g37551                 | A1 ^ -> ZN v | NOR2_X1   | 0.011 |   2.801 |    2.855 | 
     | datapath/IFID_pc_reg[6]         | D v          | DFFR_X1   | 0.000 |   2.801 |    2.855 | 
     +-----------------------------------------------------------------------------------------+ 
Path 10: MET Setup Check with Pin datapath/IFID_pc_reg[31]/CK 
Endpoint:   datapath/IFID_pc_reg[31]/D        (v) checked with  leading edge of 
'clk'
Beginpoint: datapath/registers_RF_reg[1][1]/Q (v) triggered by trailing edge of 
'clk'
Path Groups: {reg2reg}
Analysis View: WC_VIEW
Other End Arrival Time         -0.014
- Setup                         0.031
+ Phase Shift                   3.000
+ CPPR Adjustment               0.000
- Uncertainty                   0.100
= Required Time                 2.855
- Arrival Time                  2.801
= Slack Time                    0.055
     Clock Fall Edge                 1.500
     + Clock Network Latency (Prop)  0.008
     = Beginpoint Arrival Time       1.508
     +-----------------------------------------------------------------------------------------+ 
     |            Instance             |     Arc      |   Cell    | Delay | Arrival | Required | 
     |                                 |              |           |       |  Time   |   Time   | 
     |---------------------------------+--------------+-----------+-------+---------+----------| 
     | datapath/registers_RF_reg[1][1] | CK ^         |           |       |   1.508 |    1.563 | 
     | datapath/registers_RF_reg[1][1] | CK ^ -> Q v  | SDFF_X1   | 0.085 |   1.593 |    1.648 | 
     | datapath/g3584__1666            | C2 v -> ZN ^ | AOI222_X1 | 0.106 |   1.699 |    1.754 | 
     | datapath/g3440__9315            | A1 ^ -> ZN v | NAND3_X1  | 0.030 |   1.729 |    1.784 | 
     | datapath/g38629                 | A4 v -> ZN ^ | NOR4_X1   | 0.107 |   1.836 |    1.891 | 
     | datapath/FE_OFC44_n_2507        | A ^ -> Z ^   | CLKBUF_X1 | 0.063 |   1.899 |    1.954 | 
     | datapath/g28218                 | B2 ^ -> ZN v | AOI21_X1  | 0.028 |   1.927 |    1.982 | 
     | datapath/LT_TC_OP_g2521         | A v -> ZN ^  | INV_X1    | 0.030 |   1.957 |    2.012 | 
     | datapath/LT_TC_OP_g2461         | C2 ^ -> ZN v | OAI211_X1 | 0.025 |   1.982 |    2.037 | 
     | datapath/LT_TC_OP_g2428         | A2 v -> ZN ^ | AOI222_X1 | 0.090 |   2.073 |    2.127 | 
     | datapath/LT_TC_OP_g2423         | B2 ^ -> ZN v | OAI221_X1 | 0.041 |   2.114 |    2.169 | 
     | datapath/LT_TC_OP_g2420         | C1 v -> ZN ^ | AOI221_X1 | 0.123 |   2.237 |    2.291 | 
     | datapath/LT_TC_OP_g2419         | A1 ^ -> ZN v | OAI222_X1 | 0.047 |   2.284 |    2.339 | 
     | datapath/LT_TC_OP_g2418         | A1 v -> ZN ^ | NAND4_X1  | 0.030 |   2.314 |    2.369 | 
     | datapath/LT_TC_OP_g2417         | C1 ^ -> ZN v | AOI211_X1 | 0.018 |   2.332 |    2.387 | 
     | datapath/LT_TC_OP_g2416         | A1 v -> ZN ^ | NOR2_X1   | 0.048 |   2.380 |    2.435 | 
     | datapath/g19681                 | B1 ^ -> ZN v | AOI21_X1  | 0.027 |   2.407 |    2.462 | 
     | datapath/g19680                 | A v -> ZN ^  | INV_X2    | 0.098 |   2.505 |    2.559 | 
     | g1513                           | A1 ^ -> ZN ^ | AND2_X2   | 0.151 |   2.656 |    2.710 | 
     | datapath/FE_OFC134_IFID_flush   | A ^ -> Z ^   | BUF_X1    | 0.134 |   2.790 |    2.844 | 
     | datapath/g37609                 | A1 ^ -> ZN v | NOR2_X1   | 0.011 |   2.801 |    2.855 | 
     | datapath/IFID_pc_reg[31]        | D v          | DFFR_X1   | 0.000 |   2.801 |    2.855 | 
     +-----------------------------------------------------------------------------------------+ 

