###############################################################
#  Generated by:      Cadence Innovus 23.12-s091_1
#  OS:                Linux x86_64(Host ID nanohub-2907355-4)
#  Generated on:      Sun Aug  9 17:49:27 2026
#  Design:            pipelined_cpu_core
#  Command:           report_timing -early -max_paths 10 > reports/41_final_hold.rpt
###############################################################
Path 1: MET Hold Check with Pin datapath/EXMEM_memWrite_reg/CK 
Endpoint:   datapath/EXMEM_memWrite_reg/D (v) checked with  leading edge of 
'clk'
Beginpoint: datapath/IDEX_memWrite_reg/Q  (v) triggered by  leading edge of 
'clk'
Path Groups: {reg2reg}
Analysis View: WC_VIEW
Other End Arrival Time         -0.009
+ Hold                          0.012
+ Phase Shift                   0.000
- CPPR Adjustment               0.000
+ Uncertainty                   0.020
= Required Time                 0.023
  Arrival Time                  0.088
  Slack Time                    0.066
     Clock Rise Edge                 0.000
     + Clock Network Latency (Prop)  -0.009
     = Beginpoint Arrival Time       -0.009
     +----------------------------------------------------------------------------------+ 
     |          Instance           |     Arc     |  Cell   | Delay | Arrival | Required | 
     |                             |             |         |       |  Time   |   Time   | 
     |-----------------------------+-------------+---------+-------+---------+----------| 
     | datapath/IDEX_memWrite_reg  | CK ^        |         |       |  -0.009 |   -0.075 | 
     | datapath/IDEX_memWrite_reg  | CK ^ -> Q v | DFFR_X1 | 0.098 |   0.088 |    0.023 | 
     | datapath/EXMEM_memWrite_reg | D v         | DFFR_X1 | 0.000 |   0.088 |    0.023 | 
     +----------------------------------------------------------------------------------+ 
Path 2: MET Hold Check with Pin datapath/registers_RF_reg[30][22]/CK 
Endpoint:   datapath/registers_RF_reg[30][22]/SI (^) checked with trailing edge 
of 'clk'
Beginpoint: datapath/registers_RF_reg[30][22]/Q  (^) triggered by trailing edge 
of 'clk'
Path Groups: {reg2reg}
Analysis View: WC_VIEW
Other End Arrival Time          1.506
+ Hold                         -0.007
+ Phase Shift                   0.000
- CPPR Adjustment               0.000
+ Uncertainty                   0.020
= Required Time                 1.519
  Arrival Time                  1.588
  Slack Time                    0.069
     Clock Fall Edge                 1.500
     + Clock Network Latency (Prop)  0.006
     = Beginpoint Arrival Time       1.506
     +----------------------------------------------------------------------------------------+ 
     |             Instance              |     Arc     |  Cell   | Delay | Arrival | Required | 
     |                                   |             |         |       |  Time   |   Time   | 
     |-----------------------------------+-------------+---------+-------+---------+----------| 
     | datapath/registers_RF_reg[30][22] | CK ^        |         |       |   1.506 |    1.437 | 
     | datapath/registers_RF_reg[30][22] | CK ^ -> Q ^ | SDFF_X1 | 0.082 |   1.588 |    1.519 | 
     | datapath/registers_RF_reg[30][22] | SI ^        | SDFF_X1 | 0.000 |   1.588 |    1.519 | 
     +----------------------------------------------------------------------------------------+ 
Path 3: MET Hold Check with Pin datapath/EXMEM_regWrite_reg/CK 
Endpoint:   datapath/EXMEM_regWrite_reg/D (v) checked with  leading edge of 
'clk'
Beginpoint: datapath/IDEX_regWrite_reg/Q  (v) triggered by  leading edge of 
'clk'
Path Groups: {reg2reg}
Analysis View: WC_VIEW
Other End Arrival Time         -0.010
+ Hold                          0.012
+ Phase Shift                   0.000
- CPPR Adjustment               0.000
+ Uncertainty                   0.020
= Required Time                 0.022
  Arrival Time                  0.091
  Slack Time                    0.069
     Clock Rise Edge                 0.000
     + Clock Network Latency (Prop)  -0.010
     = Beginpoint Arrival Time       -0.010
     +----------------------------------------------------------------------------------+ 
     |          Instance           |     Arc     |  Cell   | Delay | Arrival | Required | 
     |                             |             |         |       |  Time   |   Time   | 
     |-----------------------------+-------------+---------+-------+---------+----------| 
     | datapath/IDEX_regWrite_reg  | CK ^        |         |       |  -0.010 |   -0.078 | 
     | datapath/IDEX_regWrite_reg  | CK ^ -> Q v | DFFR_X1 | 0.100 |   0.091 |    0.022 | 
     | datapath/EXMEM_regWrite_reg | D v         | DFFR_X1 | 0.000 |   0.091 |    0.022 | 
     +----------------------------------------------------------------------------------+ 
Path 4: MET Hold Check with Pin datapath/registers_RF_reg[10][30]/CK 
Endpoint:   datapath/registers_RF_reg[10][30]/SI (^) checked with trailing edge 
of 'clk'
Beginpoint: datapath/registers_RF_reg[10][30]/Q  (^) triggered by trailing edge 
of 'clk'
Path Groups: {reg2reg}
Analysis View: WC_VIEW
Other End Arrival Time          1.508
+ Hold                         -0.007
+ Phase Shift                   0.000
- CPPR Adjustment               0.000
+ Uncertainty                   0.020
= Required Time                 1.521
  Arrival Time                  1.590
  Slack Time                    0.069
     Clock Fall Edge                 1.500
     + Clock Network Latency (Prop)  0.007
     = Beginpoint Arrival Time       1.507
     +----------------------------------------------------------------------------------------+ 
     |             Instance              |     Arc     |  Cell   | Delay | Arrival | Required | 
     |                                   |             |         |       |  Time   |   Time   | 
     |-----------------------------------+-------------+---------+-------+---------+----------| 
     | datapath/registers_RF_reg[10][30] | CK ^        |         |       |   1.507 |    1.438 | 
     | datapath/registers_RF_reg[10][30] | CK ^ -> Q ^ | SDFF_X1 | 0.082 |   1.590 |    1.521 | 
     | datapath/registers_RF_reg[10][30] | SI ^        | SDFF_X1 | 0.000 |   1.590 |    1.521 | 
     +----------------------------------------------------------------------------------------+ 
Path 5: MET Hold Check with Pin datapath/registers_RF_reg[6][17]/CK 
Endpoint:   datapath/registers_RF_reg[6][17]/SI (^) checked with trailing edge 
of 'clk'
Beginpoint: datapath/registers_RF_reg[6][17]/Q  (^) triggered by trailing edge 
of 'clk'
Path Groups: {reg2reg}
Analysis View: WC_VIEW
Other End Arrival Time          1.504
+ Hold                         -0.007
+ Phase Shift                   0.000
- CPPR Adjustment               0.000
+ Uncertainty                   0.020
= Required Time                 1.517
  Arrival Time                  1.586
  Slack Time                    0.069
     Clock Fall Edge                 1.500
     + Clock Network Latency (Prop)  0.004
     = Beginpoint Arrival Time       1.504
     +---------------------------------------------------------------------------------------+ 
     |             Instance             |     Arc     |  Cell   | Delay | Arrival | Required | 
     |                                  |             |         |       |  Time   |   Time   | 
     |----------------------------------+-------------+---------+-------+---------+----------| 
     | datapath/registers_RF_reg[6][17] | CK ^        |         |       |   1.504 |    1.435 | 
     | datapath/registers_RF_reg[6][17] | CK ^ -> Q ^ | SDFF_X1 | 0.082 |   1.586 |    1.517 | 
     | datapath/registers_RF_reg[6][17] | SI ^        | SDFF_X1 | 0.000 |   1.586 |    1.517 | 
     +---------------------------------------------------------------------------------------+ 
Path 6: MET Hold Check with Pin datapath/registers_RF_reg[8][29]/CK 
Endpoint:   datapath/registers_RF_reg[8][29]/SI (^) checked with trailing edge 
of 'clk'
Beginpoint: datapath/registers_RF_reg[8][29]/Q  (^) triggered by trailing edge 
of 'clk'
Path Groups: {reg2reg}
Analysis View: WC_VIEW
Other End Arrival Time          1.507
+ Hold                         -0.007
+ Phase Shift                   0.000
- CPPR Adjustment               0.000
+ Uncertainty                   0.020
= Required Time                 1.520
  Arrival Time                  1.589
  Slack Time                    0.069
     Clock Fall Edge                 1.500
     + Clock Network Latency (Prop)  0.007
     = Beginpoint Arrival Time       1.507
     +---------------------------------------------------------------------------------------+ 
     |             Instance             |     Arc     |  Cell   | Delay | Arrival | Required | 
     |                                  |             |         |       |  Time   |   Time   | 
     |----------------------------------+-------------+---------+-------+---------+----------| 
     | datapath/registers_RF_reg[8][29] | CK ^        |         |       |   1.507 |    1.438 | 
     | datapath/registers_RF_reg[8][29] | CK ^ -> Q ^ | SDFF_X1 | 0.082 |   1.589 |    1.520 | 
     | datapath/registers_RF_reg[8][29] | SI ^        | SDFF_X1 | 0.000 |   1.589 |    1.520 | 
     +---------------------------------------------------------------------------------------+ 
Path 7: MET Hold Check with Pin datapath/registers_RF_reg[18][10]/CK 
Endpoint:   datapath/registers_RF_reg[18][10]/SI (^) checked with trailing edge 
of 'clk'
Beginpoint: datapath/registers_RF_reg[18][10]/Q  (^) triggered by trailing edge 
of 'clk'
Path Groups: {reg2reg}
Analysis View: WC_VIEW
Other End Arrival Time          1.499
+ Hold                         -0.008
+ Phase Shift                   0.000
- CPPR Adjustment               0.000
+ Uncertainty                   0.020
= Required Time                 1.512
  Arrival Time                  1.581
  Slack Time                    0.069
     Clock Fall Edge                 1.500
     + Clock Network Latency (Prop)  -0.001
     = Beginpoint Arrival Time       1.499
     +----------------------------------------------------------------------------------------+ 
     |             Instance              |     Arc     |  Cell   | Delay | Arrival | Required | 
     |                                   |             |         |       |  Time   |   Time   | 
     |-----------------------------------+-------------+---------+-------+---------+----------| 
     | datapath/registers_RF_reg[18][10] | CK ^        |         |       |   1.499 |    1.430 | 
     | datapath/registers_RF_reg[18][10] | CK ^ -> Q ^ | SDFF_X1 | 0.082 |   1.581 |    1.512 | 
     | datapath/registers_RF_reg[18][10] | SI ^        | SDFF_X1 | 0.000 |   1.581 |    1.512 | 
     +----------------------------------------------------------------------------------------+ 
Path 8: MET Hold Check with Pin datapath/registers_RF_reg[10][29]/CK 
Endpoint:   datapath/registers_RF_reg[10][29]/SI (^) checked with trailing edge 
of 'clk'
Beginpoint: datapath/registers_RF_reg[10][29]/Q  (^) triggered by trailing edge 
of 'clk'
Path Groups: {reg2reg}
Analysis View: WC_VIEW
Other End Arrival Time          1.507
+ Hold                         -0.007
+ Phase Shift                   0.000
- CPPR Adjustment               0.000
+ Uncertainty                   0.020
= Required Time                 1.520
  Arrival Time                  1.589
  Slack Time                    0.069
     Clock Fall Edge                 1.500
     + Clock Network Latency (Prop)  0.007
     = Beginpoint Arrival Time       1.507
     +----------------------------------------------------------------------------------------+ 
     |             Instance              |     Arc     |  Cell   | Delay | Arrival | Required | 
     |                                   |             |         |       |  Time   |   Time   | 
     |-----------------------------------+-------------+---------+-------+---------+----------| 
     | datapath/registers_RF_reg[10][29] | CK ^        |         |       |   1.507 |    1.437 | 
     | datapath/registers_RF_reg[10][29] | CK ^ -> Q ^ | SDFF_X1 | 0.082 |   1.589 |    1.520 | 
     | datapath/registers_RF_reg[10][29] | SI ^        | SDFF_X1 | 0.000 |   1.589 |    1.520 | 
     +----------------------------------------------------------------------------------------+ 
Path 9: MET Hold Check with Pin datapath/registers_RF_reg[3][21]/CK 
Endpoint:   datapath/registers_RF_reg[3][21]/D (^) checked with trailing edge 
of 'clk'
Beginpoint: datapath/registers_RF_reg[3][21]/Q (^) triggered by trailing edge 
of 'clk'
Path Groups: {reg2reg}
Analysis View: WC_VIEW
Other End Arrival Time          1.508
+ Hold                         -0.007
+ Phase Shift                   0.000
- CPPR Adjustment               0.000
+ Uncertainty                   0.020
= Required Time                 1.521
  Arrival Time                  1.591
  Slack Time                    0.069
     Clock Fall Edge                 1.500
     + Clock Network Latency (Prop)  0.008
     = Beginpoint Arrival Time       1.508
     +---------------------------------------------------------------------------------------+ 
     |             Instance             |     Arc     |  Cell   | Delay | Arrival | Required | 
     |                                  |             |         |       |  Time   |   Time   | 
     |----------------------------------+-------------+---------+-------+---------+----------| 
     | datapath/registers_RF_reg[3][21] | CK ^        |         |       |   1.508 |    1.439 | 
     | datapath/registers_RF_reg[3][21] | CK ^ -> Q ^ | SDFF_X1 | 0.083 |   1.591 |    1.521 | 
     | datapath/registers_RF_reg[3][21] | D ^         | SDFF_X1 | 0.000 |   1.591 |    1.521 | 
     +---------------------------------------------------------------------------------------+ 
Path 10: MET Hold Check with Pin datapath/registers_RF_reg[28][23]/CK 
Endpoint:   datapath/registers_RF_reg[28][23]/SI (^) checked with trailing edge 
of 'clk'
Beginpoint: datapath/registers_RF_reg[28][23]/Q  (^) triggered by trailing edge 
of 'clk'
Path Groups: {reg2reg}
Analysis View: WC_VIEW
Other End Arrival Time          1.509
+ Hold                         -0.007
+ Phase Shift                   0.000
- CPPR Adjustment               0.000
+ Uncertainty                   0.020
= Required Time                 1.522
  Arrival Time                  1.591
  Slack Time                    0.069
     Clock Fall Edge                 1.500
     + Clock Network Latency (Prop)  0.008
     = Beginpoint Arrival Time       1.508
     +----------------------------------------------------------------------------------------+ 
     |             Instance              |     Arc     |  Cell   | Delay | Arrival | Required | 
     |                                   |             |         |       |  Time   |   Time   | 
     |-----------------------------------+-------------+---------+-------+---------+----------| 
     | datapath/registers_RF_reg[28][23] | CK ^        |         |       |   1.508 |    1.439 | 
     | datapath/registers_RF_reg[28][23] | CK ^ -> Q ^ | SDFF_X1 | 0.082 |   1.591 |    1.522 | 
     | datapath/registers_RF_reg[28][23] | SI ^        | SDFF_X1 | 0.000 |   1.591 |    1.522 | 
     +----------------------------------------------------------------------------------------+ 

