============================================================
  Generated by:           Genus(TM) Synthesis Solution 23.12-s086_1
  Generated on:           Aug 11 2026  08:14:31 pm
  Module:                 pipelined_cpu_core
  Technology libraries:   NangateOpenCellLibrary_slow revision 1.0
                          physical_cells 
  Operating conditions:   slow 
  Interconnect mode:      global
  Area mode:              physical library
============================================================

               Instance                        Module           Cell-Count  Cell-Area  Net-Area   Total-Area 
-------------------------------------------------------------------------------------------------------------
pipelined_cpu_core                    NA                              5165  13234.032  7792.200    21026.232 
  ALU_forward                         alu_fwd_unit                     111    124.222   105.200      229.422 
  branch_forward                      branch_fwd_unit                   38     52.934    28.325       81.259 
  datapath                            pipelined_cpu_datapath          4934  12970.692  7004.673    19975.365 
    ALU_ALU_GEN[0].slice_i_bitAdder   full_adder_95_967                  8     11.172     4.859       16.031 
    ALU_ALU_GEN[0].slice_i_resultMux  mux_4x1_N1                         7      7.182     5.254       12.436 
    ALU_ALU_GEN[10].slice_i_bitAdder  full_adder_95_978                  6     10.640     4.049       14.689 
    ALU_ALU_GEN[10].slice_i_resultMux mux_4x1_N1_31_485                  4      3.990     2.824        6.814 
    ALU_ALU_GEN[11].slice_i_bitAdder  full_adder_95_979                  6     10.640     4.049       14.689 
    ALU_ALU_GEN[11].slice_i_resultMux mux_4x1_N1_31_486                  4      3.990     2.824        6.814 
    ALU_ALU_GEN[12].slice_i_bitAdder  full_adder_95_980                  6     10.640     4.049       14.689 
    ALU_ALU_GEN[12].slice_i_resultMux mux_4x1_N1_31_487                  4      3.990     2.824        6.814 
    ALU_ALU_GEN[13].slice_i_bitAdder  full_adder_95_981                  6     10.640     4.049       14.689 
    ALU_ALU_GEN[13].slice_i_resultMux mux_4x1_N1_31_488                  4      3.990     2.824        6.814 
    ALU_ALU_GEN[14].slice_i_bitAdder  full_adder_95_982                  6     10.640     4.049       14.689 
    ALU_ALU_GEN[14].slice_i_resultMux mux_4x1_N1_31_489                  4      3.990     2.824        6.814 
    ALU_ALU_GEN[15].slice_i_bitAdder  full_adder_95_983                  6     10.640     4.049       14.689 
    ALU_ALU_GEN[15].slice_i_resultMux mux_4x1_N1_31_490                  4      3.990     2.824        6.814 
    ALU_ALU_GEN[16].slice_i_bitAdder  full_adder_95_984                  6     10.640     4.049       14.689 
    ALU_ALU_GEN[16].slice_i_resultMux mux_4x1_N1_31_491                  4      3.990     2.824        6.814 
    ALU_ALU_GEN[17].slice_i_bitAdder  full_adder_95_985                  6     10.640     4.049       14.689 
    ALU_ALU_GEN[17].slice_i_resultMux mux_4x1_N1_31_492                  4      3.990     2.824        6.814 
    ALU_ALU_GEN[18].slice_i_bitAdder  full_adder_95_986                  6     10.640     4.049       14.689 
    ALU_ALU_GEN[18].slice_i_resultMux mux_4x1_N1_31_493                  4      3.990     2.824        6.814 
    ALU_ALU_GEN[19].slice_i_bitAdder  full_adder_95_987                  6     10.640     4.049       14.689 
    ALU_ALU_GEN[19].slice_i_resultMux mux_4x1_N1_31_494                  4      5.054     2.824        7.878 
    ALU_ALU_GEN[1].slice_i_bitAdder   full_adder_95_969                  5     10.374     2.430       12.804 
    ALU_ALU_GEN[1].slice_i_resultMux  mux_4x1_N1_31_476                  4      3.990     2.824        6.814 
    ALU_ALU_GEN[20].slice_i_bitAdder  full_adder_95_988                  6     10.640     4.049       14.689 
    ALU_ALU_GEN[20].slice_i_resultMux mux_4x1_N1_31_495                  5      5.586     3.634        9.220 
    ALU_ALU_GEN[21].slice_i_bitAdder  full_adder_95_989                  6     10.640     4.049       14.689 
    ALU_ALU_GEN[21].slice_i_resultMux mux_4x1_N1_31_496                  5      4.522     3.634        8.156 
    ALU_ALU_GEN[22].slice_i_bitAdder  full_adder_95_990                  6     10.640     4.049       14.689 
    ALU_ALU_GEN[22].slice_i_resultMux mux_4x1_N1_31_497                  5      4.522     3.634        8.156 
    ALU_ALU_GEN[23].slice_i_bitAdder  full_adder_95_991                  6     10.640     4.049       14.689 
    ALU_ALU_GEN[23].slice_i_resultMux mux_4x1_N1_31_498                  5      4.522     3.634        8.156 
    ALU_ALU_GEN[24].slice_i_bitAdder  full_adder_95_992                  8     11.970     5.669       17.639 
    ALU_ALU_GEN[24].slice_i_resultMux mux_4x1_N1_31_499                  5      4.522     3.634        8.156 
    ALU_ALU_GEN[25].slice_i_bitAdder  full_adder_95_993                  6     10.640     4.049       14.689 
    ALU_ALU_GEN[25].slice_i_resultMux mux_4x1_N1_31_500                  5      4.522     3.634        8.156 
    ALU_ALU_GEN[26].slice_i_bitAdder  full_adder_95_994                  7     11.172     4.859       16.031 
    ALU_ALU_GEN[26].slice_i_resultMux mux_4x1_N1_31_501                  5      4.522     3.634        8.156 
    ALU_ALU_GEN[27].slice_i_bitAdder  full_adder_95_995                  7     11.172     4.859       16.031 
    ALU_ALU_GEN[27].slice_i_resultMux mux_4x1_N1_31_502                  6      5.586     4.444       10.030 
    ALU_ALU_GEN[28].slice_i_bitAdder  full_adder_95_996                  7     11.172     4.859       16.031 
    ALU_ALU_GEN[28].slice_i_resultMux mux_4x1_N1_31_503                  6      5.586     4.444       10.030 
    ALU_ALU_GEN[29].slice_i_bitAdder  full_adder_95_997                  7     11.172     4.859       16.031 
    ALU_ALU_GEN[29].slice_i_resultMux mux_4x1_N1_31_504                  6      5.586     4.444       10.030 
    ALU_ALU_GEN[2].slice_i_bitAdder   full_adder_95_970                  8     11.438     5.254       16.692 
    ALU_ALU_GEN[2].slice_i_resultMux  mux_4x1_N1_31_477                  4      3.990     2.824        6.814 
    ALU_ALU_GEN[30].slice_i_bitAdder  full_adder_95_998                  7     11.172     4.859       16.031 
    ALU_ALU_GEN[30].slice_i_resultMux mux_4x1_N1_31                      6      5.586     4.444       10.030 
    ALU_ALU_GEN[3].slice_i_bitAdder   full_adder_95_971                  6     10.108     3.239       13.347 
    ALU_ALU_GEN[3].slice_i_resultMux  mux_4x1_N1_31_478                  4      3.990     2.824        6.814 
    ALU_ALU_GEN[4].slice_i_bitAdder   full_adder_95_972                  6      9.842     3.239       13.081 
    ALU_ALU_GEN[4].slice_i_resultMux  mux_4x1_N1_31_479                  4      3.990     2.824        6.814 
    ALU_ALU_GEN[5].slice_i_bitAdder   full_adder_95_973                  8     11.970     5.254       17.224 
    ALU_ALU_GEN[5].slice_i_resultMux  mux_4x1_N1_31_480                  4      3.990     2.824        6.814 
    ALU_ALU_GEN[6].slice_i_bitAdder   full_adder_95_974                  6      9.842     3.239       13.081 
    ALU_ALU_GEN[6].slice_i_resultMux  mux_4x1_N1_31_481                  4      3.990     2.824        6.814 
    ALU_ALU_GEN[7].slice_i_bitAdder   full_adder_95_975                  6     10.640     4.049       14.689 
    ALU_ALU_GEN[7].slice_i_resultMux  mux_4x1_N1_31_482                  4      3.990     2.824        6.814 
    ALU_ALU_GEN[8].slice_i_bitAdder   full_adder_95_976                  6     10.640     4.049       14.689 
    ALU_ALU_GEN[8].slice_i_resultMux  mux_4x1_N1_31_483                  4      3.990     2.824        6.814 
    ALU_ALU_GEN[9].slice_i_bitAdder   full_adder_95_977                  6     10.640     4.049       14.689 
    ALU_ALU_GEN[9].slice_i_resultMux  mux_4x1_N1_31_484                  4      3.990     2.824        6.814 
    ALU_msb_bitAdder                  full_adder_95_968                  7     11.172     4.859       16.031 
    ALU_msb_resultMux                 mux_4x1_N1_1                       6      5.586     4.049        9.635 
    branch_or_inc_4                   mux_2x1_N32                       60     69.958    39.663      109.621 
    immediate_generation              imm_gen                          109    106.400    97.870      204.270 
    pc_plus_4                         ripple_carry_adder_N32            30     76.342    22.676       99.018 
      FA_GEN[10].fa_i                 full_adder_31_946                  1      2.660     0.000        2.660 
      FA_GEN[11].fa_i                 full_adder_31_947                  1      2.660     0.000        2.660 
      FA_GEN[12].fa_i                 full_adder_31_948                  1      2.660     0.000        2.660 
      FA_GEN[13].fa_i                 full_adder_31_949                  1      2.660     0.000        2.660 
      FA_GEN[14].fa_i                 full_adder_31_950                  1      2.660     0.000        2.660 
      FA_GEN[15].fa_i                 full_adder_31_951                  1      2.660     0.000        2.660 
      FA_GEN[16].fa_i                 full_adder_31_952                  1      2.660     0.000        2.660 
      FA_GEN[17].fa_i                 full_adder_31_953                  1      2.660     0.000        2.660 
      FA_GEN[18].fa_i                 full_adder_31_954                  1      2.660     0.000        2.660 
      FA_GEN[19].fa_i                 full_adder_31_955                  1      2.660     0.000        2.660 
      FA_GEN[20].fa_i                 full_adder_31_956                  1      2.660     0.000        2.660 
      FA_GEN[21].fa_i                 full_adder_31_957                  1      2.660     0.000        2.660 
      FA_GEN[22].fa_i                 full_adder_31_958                  1      2.660     0.000        2.660 
      FA_GEN[23].fa_i                 full_adder_31_959                  1      2.660     0.000        2.660 
      FA_GEN[24].fa_i                 full_adder_31_960                  1      2.660     0.000        2.660 
      FA_GEN[25].fa_i                 full_adder_31_961                  1      2.660     0.000        2.660 
      FA_GEN[26].fa_i                 full_adder_31_962                  1      2.660     0.000        2.660 
      FA_GEN[27].fa_i                 full_adder_31_963                  1      2.660     0.000        2.660 
      FA_GEN[28].fa_i                 full_adder_31_964                  1      2.660     0.000        2.660 
      FA_GEN[29].fa_i                 full_adder_31_965                  1      2.660     0.000        2.660 
      FA_GEN[30].fa_i                 full_adder_31_966                  1      2.660     0.000        2.660 
      FA_GEN[31].fa_i                 full_adder_31                      1      1.596     0.000        1.596 
      FA_GEN[3].fa_i                  full_adder_31_939                  2      2.926     0.000        2.926 
      FA_GEN[4].fa_i                  full_adder_31_940                  1      2.660     0.000        2.660 
      FA_GEN[5].fa_i                  full_adder_31_941                  1      2.660     0.000        2.660 
      FA_GEN[6].fa_i                  full_adder_31_942                  1      2.660     0.000        2.660 
      FA_GEN[7].fa_i                  full_adder_31_943                  1      2.660     0.000        2.660 
      FA_GEN[8].fa_i                  full_adder_31_944                  1      2.660     0.000        2.660 
      FA_GEN[9].fa_i                  full_adder_31_945                  1      2.660     0.000        2.660 
    pc_plus_imm                       ripple_carry_adder_N32_1         182    260.414   152.359      412.773 
      FA_GEN[10].fa_i                 full_adder_95_1008                 6      9.576     4.049       13.625 
      FA_GEN[11].fa_i                 full_adder_95_1009                 6      8.512     4.049       12.561 
      FA_GEN[12].fa_i                 full_adder_95_1010                 6      8.512     4.049       12.561 
      FA_GEN[13].fa_i                 full_adder_95_1011                 6      8.512     4.049       12.561 
      FA_GEN[14].fa_i                 full_adder_95_1012                 6      9.576     4.049       13.625 
      FA_GEN[15].fa_i                 full_adder_95_1013                 6      8.512     4.049       12.561 
      FA_GEN[16].fa_i                 full_adder_95_1014                 6      9.576     4.049       13.625 
      FA_GEN[17].fa_i                 full_adder_95_1015                 6      8.512     4.049       12.561 
      FA_GEN[18].fa_i                 full_adder_95_1016                 6      9.576     4.049       13.625 
      FA_GEN[19].fa_i                 full_adder_95_1017                 6     10.640     4.049       14.689 
      FA_GEN[1].fa_i                  full_adder_95_999                  2      3.990     0.000        3.990 
      FA_GEN[20].fa_i                 full_adder_95_1018                 6      8.512     4.049       12.561 
      FA_GEN[21].fa_i                 full_adder_95_1019                 6      8.512     4.049       12.561 
      FA_GEN[22].fa_i                 full_adder_95_1020                 6      8.512     4.049       12.561 
      FA_GEN[23].fa_i                 full_adder_95_1021                 6      8.512     4.049       12.561 
      FA_GEN[24].fa_i                 full_adder_95_1022                 6      8.512     4.049       12.561 
      FA_GEN[25].fa_i                 full_adder_95_1023                 6      7.980     4.049       12.029 
      FA_GEN[26].fa_i                 full_adder_95_1024                 6      8.512     4.049       12.561 
      FA_GEN[27].fa_i                 full_adder_95_1025                 6      7.980     4.049       12.029 
      FA_GEN[28].fa_i                 full_adder_95_1026                 6      7.980     4.049       12.029 
      FA_GEN[29].fa_i                 full_adder_95_1027                 6      7.980     4.049       12.029 
      FA_GEN[2].fa_i                  full_adder_95_1000                 8     10.108     4.859       14.967 
      FA_GEN[30].fa_i                 full_adder_95_1028                 6      7.448     4.049       11.497 
      FA_GEN[31].fa_i                 full_adder_95                      2      3.192     0.810        4.002 
      FA_GEN[3].fa_i                  full_adder_95_1001                 8      9.044     4.859       13.903 
      FA_GEN[4].fa_i                  full_adder_95_1002                 6      7.714     3.239       10.953 
      FA_GEN[5].fa_i                  full_adder_95_1003                 6      7.714     3.239       10.953 
      FA_GEN[6].fa_i                  full_adder_95_1004                 6      8.778     3.239       12.017 
      FA_GEN[7].fa_i                  full_adder_95_1005                 6      8.778     3.239       12.017 
      FA_GEN[8].fa_i                  full_adder_95_1006                 6     10.640     4.049       14.689 
      FA_GEN[9].fa_i                  full_adder_95_1007                 6      8.512     4.049       12.561 
