###############################################################
#  Generated by:      Cadence Innovus 23.12-s091_1
#  OS:                Linux x86_64(Host ID nanohub-2907946-1)
#  Generated on:      Tue Aug 11 20:41:03 2026
#  Design:            pipelined_cpu_core
#  Command:           report_timing -late > reports/10_place_timing.rpt
###############################################################
Path 1: VIOLATED Setup Check with Pin datapath/EXMEM_aluResult_reg[0]/CK 
Endpoint:   datapath/EXMEM_aluResult_reg[0]/D (v) checked with  leading edge of 
'clk'
Beginpoint: datapath/MEMWB_rd_reg[3]/Q        (^) triggered by  leading edge of 
'clk'
Path Groups: {clk}
Analysis View: WC_VIEW
Other End Arrival Time          0.000
- Setup                         0.130
+ Phase Shift                   3.800
+ CPPR Adjustment               0.000
- Uncertainty                   0.100
= Required Time                 3.570
- Arrival Time                  3.775
= Slack Time                   -0.204
     Clock Rise Edge                 0.000
     + Clock Network Latency (Ideal) -0.300
     = Beginpoint Arrival Time       -0.300
     +-----------------------------------------------------------------------------------------------------------+ 
     |                      Instance                      |     Arc      |   Cell   | Delay | Arrival | Required | 
     |                                                    |              |          |       |  Time   |   Time   | 
     |----------------------------------------------------+--------------+----------+-------+---------+----------| 
     | datapath/MEMWB_rd_reg[3]                           | CK ^         |          |       |  -0.300 |   -0.504 | 
     | datapath/MEMWB_rd_reg[3]                           | CK ^ -> Q ^  | DFFRS_X2 | 0.441 |   0.141 |   -0.064 | 
     | ALU_forward/g3150                                  | A ^ -> ZN v  | INV_X2   | 0.052 |   0.192 |   -0.012 | 
     | ALU_forward/g3079__7098                            | A1 v -> ZN ^ | NAND2_X2 | 0.054 |   0.247 |    0.042 | 
     | ALU_forward/FE_RC_4_0                              | A1 ^ -> ZN v | NAND3_X2 | 0.062 |   0.308 |    0.104 | 
     | ALU_forward/g3043__1705                            | A1 v -> ZN ^ | NOR2_X4  | 0.076 |   0.384 |    0.179 | 
     | ALU_forward/FE_RC_217_0                            | A1 ^ -> ZN v | NAND2_X2 | 0.052 |   0.436 |    0.231 | 
     | ALU_forward/FE_RC_218_0                            | A v -> ZN ^  | INV_X4   | 0.042 |   0.478 |    0.273 | 
     | ALU_forward/g3033__6260                            | A1 ^ -> ZN v | NAND2_X4 | 0.038 |   0.516 |    0.312 | 
     | ALU_forward/fopt3154                               | A v -> ZN ^  | INV_X8   | 0.063 |   0.579 |    0.374 | 
     | datapath/FE_DBTC16_IDEX_forwardB_0                 | A ^ -> ZN v  | INV_X8   | 0.036 |   0.615 |    0.410 | 
     | datapath/FE_RC_261_0                               | A1 v -> ZN ^ | NAND3_X4 | 0.047 |   0.662 |    0.457 | 
     | datapath/FE_RC_39_0                                | A1 ^ -> ZN v | NAND2_X4 | 0.041 |   0.703 |    0.498 | 
     | datapath/g26078                                    | A1 v -> ZN ^ | NAND2_X4 | 0.045 |   0.748 |    0.543 | 
     | datapath/FE_RC_392_0                               | A1 ^ -> ZN v | NAND3_X4 | 0.064 |   0.812 |    0.607 | 
     | datapath/ALU_ALU_GEN[0].slice_i_bitAdder/FE_RC_111 | B2 v -> ZN ^ | OAI21_X4 | 0.120 |   0.932 |    0.728 | 
     | _0                                                 |              |          |       |         |          | 
     | datapath/ALU_ALU_GEN[0].slice_i_bitAdder/FE_RC_110 | A1 ^ -> ZN v | NAND2_X4 | 0.050 |   0.982 |    0.778 | 
     | _0                                                 |              |          |       |         |          | 
     | datapath/ALU_ALU_GEN[1].slice_i_bitAdder/g217__709 | A1 v -> ZN ^ | NAND2_X4 | 0.046 |   1.028 |    0.824 | 
     | 8                                                  |              |          |       |         |          | 
     | datapath/ALU_ALU_GEN[1].slice_i_bitAdder/g215__512 | A1 ^ -> ZN v | NAND2_X4 | 0.036 |   1.065 |    0.860 | 
     | 2                                                  |              |          |       |         |          | 
     | datapath/ALU_ALU_GEN[2].slice_i_bitAdder/FE_RC_203 | A1 v -> ZN ^ | NAND2_X4 | 0.043 |   1.108 |    0.904 | 
     | _0                                                 |              |          |       |         |          | 
     | datapath/ALU_ALU_GEN[2].slice_i_bitAdder/FE_RC_101 | A1 ^ -> ZN v | NAND2_X4 | 0.036 |   1.144 |    0.940 | 
     | _0                                                 |              |          |       |         |          | 
     | datapath/ALU_ALU_GEN[3].slice_i_bitAdder/FE_RC_281 | A1 v -> ZN ^ | NAND2_X4 | 0.043 |   1.188 |    0.983 | 
     | _0                                                 |              |          |       |         |          | 
     | datapath/ALU_ALU_GEN[3].slice_i_bitAdder/FE_RC_280 | A1 ^ -> ZN v | NAND2_X4 | 0.036 |   1.223 |    1.019 | 
     | _0                                                 |              |          |       |         |          | 
     | datapath/ALU_ALU_GEN[4].slice_i_bitAdder/FE_RC_267 | A1 v -> ZN ^ | NAND2_X4 | 0.042 |   1.265 |    1.061 | 
     | _0                                                 |              |          |       |         |          | 
     | datapath/ALU_ALU_GEN[4].slice_i_bitAdder/FE_RC_266 | A1 ^ -> ZN v | NAND2_X4 | 0.037 |   1.302 |    1.097 | 
     | _0                                                 |              |          |       |         |          | 
     | datapath/ALU_ALU_GEN[5].slice_i_bitAdder/FE_RC_77_ | A1 v -> ZN ^ | NAND2_X4 | 0.042 |   1.344 |    1.139 | 
     | 0                                                  |              |          |       |         |          | 
     | datapath/ALU_ALU_GEN[5].slice_i_bitAdder/FE_RC_76_ | A1 ^ -> ZN v | NAND2_X4 | 0.036 |   1.379 |    1.175 | 
     | 0                                                  |              |          |       |         |          | 
     | datapath/ALU_ALU_GEN[6].slice_i_bitAdder/FE_RC_220 | A1 v -> ZN ^ | NAND2_X4 | 0.041 |   1.421 |    1.216 | 
     | _0                                                 |              |          |       |         |          | 
     | datapath/ALU_ALU_GEN[6].slice_i_bitAdder/FE_RC_219 | A1 ^ -> ZN v | NAND2_X4 | 0.038 |   1.458 |    1.254 | 
     | _0                                                 |              |          |       |         |          | 
     | datapath/ALU_ALU_GEN[7].slice_i_bitAdder/FE_RC_207 | A1 v -> ZN ^ | NAND2_X4 | 0.042 |   1.501 |    1.296 | 
     | _0                                                 |              |          |       |         |          | 
     | datapath/ALU_ALU_GEN[7].slice_i_bitAdder/FE_RC_206 | A1 ^ -> ZN v | NAND2_X4 | 0.040 |   1.541 |    1.336 | 
     | _0                                                 |              |          |       |         |          | 
     | datapath/ALU_ALU_GEN[8].slice_i_bitAdder/g158__616 | A1 v -> ZN ^ | NAND2_X4 | 0.043 |   1.584 |    1.380 | 
     | 1                                                  |              |          |       |         |          | 
     | datapath/ALU_ALU_GEN[8].slice_i_bitAdder/g156__748 | A1 ^ -> ZN v | NAND2_X4 | 0.036 |   1.620 |    1.415 | 
     | 2                                                  |              |          |       |         |          | 
     | datapath/ALU_ALU_GEN[9].slice_i_bitAdder/FE_RC_256 | A1 v -> ZN ^ | NAND2_X4 | 0.042 |   1.662 |    1.458 | 
     | _0                                                 |              |          |       |         |          | 
     | datapath/ALU_ALU_GEN[9].slice_i_bitAdder/FE_RC_255 | A1 ^ -> ZN v | NAND2_X4 | 0.043 |   1.705 |    1.500 | 
     | _0                                                 |              |          |       |         |          | 
     | datapath/ALU_ALU_GEN[10].slice_i_bitAdder/g149__36 | A1 v -> ZN ^ | NAND2_X4 | 0.045 |   1.750 |    1.545 | 
     | 80                                                 |              |          |       |         |          | 
     | datapath/ALU_ALU_GEN[10].slice_i_bitAdder/g147__55 | A1 ^ -> ZN v | NAND2_X4 | 0.036 |   1.785 |    1.581 | 
     | 26                                                 |              |          |       |         |          | 
     | datapath/ALU_ALU_GEN[11].slice_i_bitAdder/g158__18 | A1 v -> ZN ^ | NAND2_X4 | 0.042 |   1.827 |    1.623 | 
     | 81                                                 |              |          |       |         |          | 
     | datapath/ALU_ALU_GEN[11].slice_i_bitAdder/g156__70 | A1 ^ -> ZN v | NAND2_X4 | 0.036 |   1.863 |    1.659 | 
     | 98                                                 |              |          |       |         |          | 
     | datapath/ALU_ALU_GEN[12].slice_i_bitAdder/g158__23 | A1 v -> ZN ^ | NAND2_X4 | 0.042 |   1.905 |    1.701 | 
     | 46                                                 |              |          |       |         |          | 
     | datapath/ALU_ALU_GEN[12].slice_i_bitAdder/g156__99 | A1 ^ -> ZN v | NAND2_X4 | 0.036 |   1.941 |    1.737 | 
     | 45                                                 |              |          |       |         |          | 
     | datapath/ALU_ALU_GEN[13].slice_i_bitAdder/g158__43 | A1 v -> ZN ^ | NAND2_X4 | 0.043 |   1.984 |    1.780 | 
     | 19                                                 |              |          |       |         |          | 
     | datapath/ALU_ALU_GEN[13].slice_i_bitAdder/g156__51 | A1 ^ -> ZN v | NAND2_X4 | 0.044 |   2.028 |    1.823 | 
     | 07                                                 |              |          |       |         |          | 
     | datapath/ALU_ALU_GEN[14].slice_i_bitAdder/FE_RC_26 | A1 v -> ZN ^ | NAND2_X4 | 0.046 |   2.074 |    1.869 | 
     | 3_0                                                |              |          |       |         |          | 
     | datapath/ALU_ALU_GEN[14].slice_i_bitAdder/FE_RC_26 | A1 ^ -> ZN v | NAND2_X4 | 0.036 |   2.110 |    1.905 | 
     | 2_0                                                |              |          |       |         |          | 
     | datapath/ALU_ALU_GEN[15].slice_i_bitAdder/g158__61 | A1 v -> ZN ^ | NAND2_X4 | 0.042 |   2.152 |    1.947 | 
     | 61                                                 |              |          |       |         |          | 
     | datapath/ALU_ALU_GEN[15].slice_i_bitAdder/g156__74 | A1 ^ -> ZN v | NAND2_X4 | 0.036 |   2.188 |    1.983 | 
     | 82                                                 |              |          |       |         |          | 
     | datapath/ALU_ALU_GEN[16].slice_i_bitAdder/g158__54 | A1 v -> ZN ^ | NAND2_X4 | 0.042 |   2.230 |    2.025 | 
     | 77                                                 |              |          |       |         |          | 
     | datapath/ALU_ALU_GEN[16].slice_i_bitAdder/g156__74 | A1 ^ -> ZN v | NAND2_X4 | 0.037 |   2.266 |    2.062 | 
     | 10                                                 |              |          |       |         |          | 
     | datapath/ALU_ALU_GEN[17].slice_i_bitAdder/g158__36 | A1 v -> ZN ^ | NAND2_X4 | 0.042 |   2.309 |    2.104 | 
     | 80                                                 |              |          |       |         |          | 
     | datapath/ALU_ALU_GEN[17].slice_i_bitAdder/g156__55 | A1 ^ -> ZN v | NAND2_X4 | 0.036 |   2.345 |    2.140 | 
     | 26                                                 |              |          |       |         |          | 
     | datapath/ALU_ALU_GEN[18].slice_i_bitAdder/FE_RC_82 | A1 v -> ZN ^ | NAND2_X4 | 0.043 |   2.387 |    2.183 | 
     | _0                                                 |              |          |       |         |          | 
     | datapath/ALU_ALU_GEN[18].slice_i_bitAdder/g156__70 | A1 ^ -> ZN v | NAND2_X4 | 0.036 |   2.424 |    2.219 | 
     | 98                                                 |              |          |       |         |          | 
     | datapath/ALU_ALU_GEN[19].slice_i_bitAdder/g158__28 | A1 v -> ZN ^ | NAND2_X4 | 0.042 |   2.466 |    2.262 | 
     | 83                                                 |              |          |       |         |          | 
     | datapath/ALU_ALU_GEN[19].slice_i_bitAdder/g156__99 | A1 ^ -> ZN v | NAND2_X4 | 0.036 |   2.502 |    2.298 | 
     | 45                                                 |              |          |       |         |          | 
     | datapath/ALU_ALU_GEN[20].slice_i_bitAdder/g158__43 | A1 v -> ZN ^ | NAND2_X4 | 0.042 |   2.544 |    2.340 | 
     | 19                                                 |              |          |       |         |          | 
     | datapath/ALU_ALU_GEN[20].slice_i_bitAdder/g156__62 | A1 ^ -> ZN v | NAND2_X4 | 0.036 |   2.581 |    2.376 | 
     | 60                                                 |              |          |       |         |          | 
     | datapath/ALU_ALU_GEN[21].slice_i_bitAdder/g158__82 | A1 v -> ZN ^ | NAND2_X4 | 0.042 |   2.623 |    2.419 | 
     | 46                                                 |              |          |       |         |          | 
     | datapath/ALU_ALU_GEN[21].slice_i_bitAdder/g156__51 | A1 ^ -> ZN v | NAND2_X4 | 0.036 |   2.659 |    2.455 | 
     | 22                                                 |              |          |       |         |          | 
     | datapath/ALU_ALU_GEN[22].slice_i_bitAdder/g158__99 | A1 v -> ZN ^ | NAND2_X4 | 0.042 |   2.701 |    2.497 | 
     | 45                                                 |              |          |       |         |          | 
     | datapath/ALU_ALU_GEN[22].slice_i_bitAdder/g156__93 | A1 ^ -> ZN v | NAND2_X4 | 0.037 |   2.738 |    2.534 | 
     | 15                                                 |              |          |       |         |          | 
     | datapath/ALU_ALU_GEN[23].slice_i_bitAdder/g158__62 | A1 v -> ZN ^ | NAND2_X4 | 0.043 |   2.781 |    2.577 | 
     | 60                                                 |              |          |       |         |          | 
     | datapath/ALU_ALU_GEN[23].slice_i_bitAdder/g156__51 | A1 ^ -> ZN v | NAND2_X4 | 0.037 |   2.818 |    2.614 | 
     | 07                                                 |              |          |       |         |          | 
     | datapath/ALU_ALU_GEN[24].slice_i_bitAdder/g158__51 | A1 v -> ZN ^ | NAND2_X4 | 0.043 |   2.861 |    2.657 | 
     | 22                                                 |              |          |       |         |          | 
     | datapath/ALU_ALU_GEN[24].slice_i_bitAdder/g156__17 | A1 ^ -> ZN v | NAND2_X4 | 0.042 |   2.903 |    2.699 | 
     | 05                                                 |              |          |       |         |          | 
     | datapath/ALU_ALU_GEN[25].slice_i_bitAdder/g158__61 | A1 v -> ZN ^ | NAND2_X4 | 0.045 |   2.948 |    2.744 | 
     | 61                                                 |              |          |       |         |          | 
     | datapath/ALU_ALU_GEN[25].slice_i_bitAdder/g156__47 | A1 ^ -> ZN v | NAND2_X4 | 0.036 |   2.984 |    2.780 | 
     | 33                                                 |              |          |       |         |          | 
     | datapath/ALU_ALU_GEN[26].slice_i_bitAdder/g158__23 | A1 v -> ZN ^ | NAND2_X4 | 0.042 |   3.026 |    2.822 | 
     | 98                                                 |              |          |       |         |          | 
     | datapath/ALU_ALU_GEN[26].slice_i_bitAdder/g156__64 | A1 ^ -> ZN v | NAND2_X4 | 0.038 |   3.064 |    2.860 | 
     | 17                                                 |              |          |       |         |          | 
     | datapath/ALU_ALU_GEN[27].slice_i_bitAdder/g158__17 | A1 v -> ZN ^ | NAND2_X4 | 0.043 |   3.107 |    2.903 | 
     | 05                                                 |              |          |       |         |          | 
     | datapath/ALU_ALU_GEN[27].slice_i_bitAdder/g156__16 | A1 ^ -> ZN v | NAND2_X4 | 0.037 |   3.144 |    2.939 | 
     | 17                                                 |              |          |       |         |          | 
     | datapath/ALU_ALU_GEN[28].slice_i_bitAdder/g158__93 | A1 v -> ZN ^ | NAND2_X4 | 0.042 |   3.186 |    2.982 | 
     | 15                                                 |              |          |       |         |          | 
     | datapath/ALU_ALU_GEN[28].slice_i_bitAdder/g156__47 | A1 ^ -> ZN v | NAND2_X4 | 0.036 |   3.222 |    3.018 | 
     | 33                                                 |              |          |       |         |          | 
     | datapath/ALU_ALU_GEN[29].slice_i_bitAdder/g158__62 | A1 v -> ZN ^ | NAND2_X4 | 0.042 |   3.264 |    3.060 | 
     | 60                                                 |              |          |       |         |          | 
     | datapath/ALU_ALU_GEN[29].slice_i_bitAdder/g156__23 | A1 ^ -> ZN v | NAND2_X4 | 0.036 |   3.300 |    3.096 | 
     | 98                                                 |              |          |       |         |          | 
     | datapath/ALU_ALU_GEN[30].slice_i_bitAdder/g158__82 | A1 v -> ZN ^ | NAND2_X4 | 0.043 |   3.343 |    3.138 | 
     | 46                                                 |              |          |       |         |          | 
     | datapath/ALU_ALU_GEN[30].slice_i_bitAdder/g156__17 | A1 ^ -> ZN v | NAND2_X4 | 0.044 |   3.387 |    3.183 | 
     | 05                                                 |              |          |       |         |          | 
     | datapath/ALU_msb_bitAdder/g119__2883               | A1 v -> ZN ^ | NAND2_X4 | 0.046 |   3.433 |    3.228 | 
     | datapath/ALU_msb_bitAdder/g117__9315               | A1 ^ -> ZN v | NAND2_X4 | 0.032 |   3.465 |    3.260 | 
     | datapath/g16071                                    | A v -> ZN v  | XNOR2_X2 | 0.109 |   3.574 |    3.370 | 
     | datapath/g16069                                    | A v -> ZN v  | XNOR2_X2 | 0.113 |   3.687 |    3.483 | 
     | datapath/ALU_ALU_GEN[0].slice_i_resultMux/g187__36 | A1 v -> ZN ^ | NAND2_X2 | 0.056 |   3.743 |    3.539 | 
     | 80                                                 |              |          |       |         |          | 
     | datapath/ALU_ALU_GEN[0].slice_i_resultMux/g185__55 | A1 ^ -> ZN v | NAND2_X1 | 0.032 |   3.775 |    3.570 | 
     | 26                                                 |              |          |       |         |          | 
     | datapath/EXMEM_aluResult_reg[0]                    | D v          | DFFR_X1  | 0.000 |   3.775 |    3.570 | 
     +-----------------------------------------------------------------------------------------------------------+ 

