###############################################################
#  Generated by:      Cadence Innovus 23.12-s091_1
#  OS:                Linux x86_64(Host ID nanohub-2907946-1)
#  Generated on:      Tue Aug 11 20:49:34 2026
#  Design:            pipelined_cpu_core
#  Command:           timeDesign -postRoute -hold -expandedViews -outDir cornerReports
###############################################################

------------------------------------------------------------------
          timeDesign Summary
------------------------------------------------------------------

+--------------------+---------+---------+---------+
|     Hold mode      |   all   | reg2reg | default |
+--------------------+---------+---------+---------+
|           WNS (ns):| -0.015  | -0.015  |  0.303  |
|           TNS (ns):| -0.044  | -0.044  |  0.000  |
|    Violating Paths:|    5    |    5    |    0    |
|          All Paths:|  3545   |  3347   |   230   |
+--------------------+---------+---------+---------+
|RPT_SLOW            | -0.004  | -0.004  |  0.303  |
|                    | -0.004  | -0.004  |  0.000  |
|                    |    1    |    1    |    0    |
|                    |  3545   |  3347   |   230   |
+--------------------+---------+---------+---------+
|RPT_TYP             | -0.011  | -0.011  |  0.814  |
|                    | -0.012  | -0.012  |  0.000  |
|                    |    2    |    2    |    0    |
|                    |  3545   |  3347   |   230   |
+--------------------+---------+---------+---------+
|RPT_FAST            | -0.015  | -0.015  |  0.916  |
|                    | -0.044  | -0.044  |  0.000  |
|                    |    5    |    5    |    0    |
|                    |  3545   |  3347   |   230   |
+--------------------+---------+---------+---------+

Density: 72.514%
       (100.001% with Fillers)
------------------------------------------------------------------
